Welcome to the CBC MILP Solver 
Version: 2.10.3 
Build Date: Dec 15 2019 

command line - E:\dachuang\.venv\Lib\site-packages\pulp\apis\../solverdir/cbc/win/i64/cbc.exe model.mps -primalTolerance 1e-9 -integerTolerance 1e-9 -ratioGap 0 -allowableGap 0 -threads 0 -branch -printingOptions all -solution solution.txt -saveSolution solution.bin -quit (default strategy 1)
At line 2 NAME          MODEL
At line 3 ROWS
At line 317 COLUMNS
At line 1133 RHS
At line 1446 BOUNDS
At line 1521 ENDATA
Problem MODEL has 312 rows, 241 columns and 647 elements
Coin0008I MODEL read with 0 errors
primalTolerance was changed from 1e-07 to 1e-09
integerTolerance was changed from 1e-07 to 1e-09
ratioGap was changed from 0 to 0
allowableGap was changed from 1e-10 to 0
Continuous objective value is 2.807e+06 - 0.00 seconds
Cgl0004I processed model has 112 rows, 155 columns (24 integer (24 of which binary)) and 327 elements
Cbc0038I Initial state - 5 integers unsatisfied sum - 1.63686
Cbc0038I Pass   1: suminf.    0.00000 (0) obj. 2.80729e+06 iterations 9
Cbc0038I Solution found of 2.80729e+06
Cbc0038I Relaxing continuous gives 2.80729e+06
Cbc0038I Before mini branch and bound, 19 integers at bound fixed and 85 continuous
Cbc0038I Full problem 112 rows 155 columns, reduced to 6 rows 6 columns
Cbc0038I Mini branch and bound did not improve solution (0.01 seconds)
Cbc0038I Round again with cutoff of 2.80726e+06
Cbc0038I Pass   2: suminf.    0.12484 (1) obj. 2.80726e+06 iterations 2
Cbc0038I Pass   3: suminf.    0.02224 (1) obj. 2.80726e+06 iterations 6
Cbc0038I Pass   4: suminf.    0.50224 (2) obj. 2.80726e+06 iterations 8
Cbc0038I Pass   5: suminf.    0.02224 (1) obj. 2.80726e+06 iterations 1
Cbc0038I Pass   6: suminf.    0.12484 (1) obj. 2.80726e+06 iterations 1
Cbc0038I Pass   7: suminf.    0.60484 (2) obj. 2.80726e+06 iterations 7
Cbc0038I Pass   8: suminf.    0.12484 (1) obj. 2.80726e+06 iterations 1
Cbc0038I Pass   9: suminf.    0.15624 (1) obj. 2.80726e+06 iterations 7
Cbc0038I Pass  10: suminf.    0.50224 (2) obj. 2.80726e+06 iterations 14
Cbc0038I Pass  11: suminf.    0.02224 (1) obj. 2.80726e+06 iterations 1
Cbc0038I Pass  12: suminf.    0.12484 (1) obj. 2.80726e+06 iterations 1
Cbc0038I Pass  13: suminf.    0.02574 (2) obj. 2.80726e+06 iterations 12
Cbc0038I Pass  14: suminf.    0.02224 (1) obj. 2.80726e+06 iterations 4
Cbc0038I Pass  15: suminf.    0.12484 (1) obj. 2.80726e+06 iterations 1
Cbc0038I Pass  16: suminf.    0.51334 (2) obj. 2.80726e+06 iterations 13
Cbc0038I Pass  17: suminf.    0.12484 (1) obj. 2.80726e+06 iterations 1
Cbc0038I Pass  18: suminf.    0.02224 (1) obj. 2.80726e+06 iterations 5
Cbc0038I Pass  19: suminf.    0.37624 (2) obj. 2.80726e+06 iterations 15
Cbc0038I Pass  20: suminf.    0.37624 (2) obj. 2.80726e+06 iterations 1
Cbc0038I Pass  21: suminf.    0.37274 (1) obj. 2.80726e+06 iterations 2
Cbc0038I Pass  22: suminf.    0.12484 (1) obj. 2.80726e+06 iterations 2
Cbc0038I Pass  23: suminf.    0.78871 (3) obj. 2.80726e+06 iterations 11
Cbc0038I Pass  24: suminf.    0.30871 (2) obj. 2.80726e+06 iterations 1
Cbc0038I Pass  25: suminf.    0.02224 (1) obj. 2.80726e+06 iterations 5
Cbc0038I Pass  26: suminf.    0.12484 (1) obj. 2.80726e+06 iterations 1
Cbc0038I Pass  27: suminf.    0.50574 (3) obj. 2.80726e+06 iterations 6
Cbc0038I Pass  28: suminf.    0.02574 (2) obj. 2.80726e+06 iterations 1
Cbc0038I Pass  29: suminf.    0.02224 (1) obj. 2.80726e+06 iterations 2
Cbc0038I Pass  30: suminf.    0.12484 (1) obj. 2.80726e+06 iterations 1
Cbc0038I Pass  31: suminf.    0.30871 (2) obj. 2.80726e+06 iterations 7
Cbc0038I No solution found this major pass
Cbc0038I Before mini branch and bound, 1 integers at bound fixed and 66 continuous
Cbc0038I Full problem 112 rows 155 columns, reduced to 19 rows 26 columns
Cbc0038I Mini branch and bound improved solution from 2.80729e+06 to 2.80727e+06 (0.02 seconds)
Cbc0038I Round again with cutoff of 2.80721e+06
Cbc0038I Pass  31: suminf.    0.34954 (1) obj. 2.80721e+06 iterations 0
Cbc0038I Pass  32: suminf.    0.27122 (1) obj. 2.80721e+06 iterations 6
Cbc0038I Pass  33: suminf.    0.27122 (1) obj. 2.80721e+06 iterations 3
Cbc0038I Pass  34: suminf.    0.34954 (1) obj. 2.80721e+06 iterations 1
Cbc0038I Pass  35: suminf.    0.27122 (1) obj. 2.80721e+06 iterations 5
Cbc0038I Pass  36: suminf.    0.75472 (3) obj. 2.80721e+06 iterations 9
Cbc0038I Pass  37: suminf.    0.27472 (2) obj. 2.80721e+06 iterations 2
Cbc0038I Pass  38: suminf.    0.37828 (2) obj. 2.80721e+06 iterations 6
Cbc0038I Pass  39: suminf.    0.40872 (3) obj. 2.80721e+06 iterations 8
Cbc0038I Pass  40: suminf.    0.40872 (3) obj. 2.80721e+06 iterations 0
Cbc0038I Pass  41: suminf.    0.37828 (2) obj. 2.80721e+06 iterations 8
Cbc0038I Pass  42: suminf.    0.27472 (2) obj. 2.80721e+06 iterations 3
Cbc0038I Pass  43: suminf.    0.40872 (3) obj. 2.80721e+06 iterations 5
Cbc0038I Pass  44: suminf.    1.24678 (4) obj. 2.80721e+06 iterations 18
Cbc0038I Pass  45: suminf.    0.27472 (2) obj. 2.80721e+06 iterations 4
Cbc0038I Pass  46: suminf.    0.37828 (2) obj. 2.80721e+06 iterations 6
Cbc0038I Pass  47: suminf.    0.85828 (3) obj. 2.80721e+06 iterations 8
Cbc0038I Pass  48: suminf.    0.27472 (2) obj. 2.80721e+06 iterations 3
Cbc0038I Pass  49: suminf.    0.37828 (2) obj. 2.80721e+06 iterations 6
Cbc0038I Pass  50: suminf.    0.34954 (1) obj. 2.80721e+06 iterations 7
Cbc0038I Pass  51: suminf.    0.34954 (1) obj. 2.80721e+06 iterations 1
Cbc0038I Pass  52: suminf.    0.37828 (1) obj. 2.80721e+06 iterations 3
Cbc0038I Pass  53: suminf.    0.34954 (1) obj. 2.80721e+06 iterations 8
Cbc0038I Pass  54: suminf.    0.34954 (1) obj. 2.80721e+06 iterations 1
Cbc0038I Pass  55: suminf.    0.37828 (1) obj. 2.80721e+06 iterations 3
Cbc0038I Pass  56: suminf.    0.37828 (2) obj. 2.80721e+06 iterations 7
Cbc0038I Pass  57: suminf.    0.34954 (1) obj. 2.80721e+06 iterations 5
Cbc0038I Pass  58: suminf.    0.37828 (1) obj. 2.80721e+06 iterations 1
Cbc0038I Pass  59: suminf.    0.37828 (1) obj. 2.80721e+06 iterations 0
Cbc0038I Pass  60: suminf.    0.37828 (2) obj. 2.80721e+06 iterations 6
Cbc0038I No solution found this major pass
Cbc0038I Before mini branch and bound, 3 integers at bound fixed and 66 continuous
Cbc0038I Full problem 112 rows 155 columns, reduced to 19 rows 26 columns
Cbc0038I Mini branch and bound did not improve solution (0.04 seconds)
Cbc0038I After 0.04 seconds - Feasibility pump exiting with objective of 2.80727e+06 - took 0.03 seconds
Cbc0012I Integer solution of 2807267.1 found by feasibility pump after 0 iterations and 0 nodes (0.04 seconds)
Cbc0038I Full problem 112 rows 155 columns, reduced to 60 rows 99 columns
Cbc0031I 8 added rows had average density of 26.25
Cbc0013I At root node, 8 cuts changed objective from 2807001.7 to 2807248.9 in 100 passes
Cbc0014I Cut generator 0 (Probing) - 0 row cuts average 0.0 elements, 4 column cuts (4 active)  in 0.011 seconds - new frequency is 1
Cbc0014I Cut generator 1 (Gomory) - 254 row cuts average 32.8 elements, 0 column cuts (0 active)  in 0.011 seconds - new frequency is 1
Cbc0014I Cut generator 2 (Knapsack) - 0 row cuts average 0.0 elements, 0 column cuts (0 active)  in 0.012 seconds - new frequency is -100
Cbc0014I Cut generator 3 (Clique) - 0 row cuts average 0.0 elements, 0 column cuts (0 active)  in 0.000 seconds - new frequency is -100
Cbc0014I Cut generator 4 (MixedIntegerRounding2) - 0 row cuts average 0.0 elements, 0 column cuts (0 active)  in 0.003 seconds - new frequency is -100
Cbc0014I Cut generator 5 (FlowCover) - 0 row cuts average 0.0 elements, 0 column cuts (0 active)  in 0.014 seconds - new frequency is -100
Cbc0014I Cut generator 6 (TwoMirCuts) - 14 row cuts average 21.1 elements, 0 column cuts (0 active)  in 0.008 seconds - new frequency is -100
Cbc0010I After 0 nodes, 1 on tree, 2807267.1 best solution, best possible 2807249 (0.15 seconds)
Cbc0001I Search completed - best objective 2807267.122999788, took 589 iterations and 2 nodes (0.16 seconds)
Cbc0032I Strong branching done 4 times (9 iterations), fathomed 1 nodes and fixed 0 variables
Cbc0035I Maximum depth 0, 0 variables fixed on reduced cost
Cuts at root node changed objective from 2.807e+06 to 2.80725e+06
Probing was tried 103 times and created 4 cuts of which 0 were active after adding rounds of cuts (0.011 seconds)
Gomory was tried 103 times and created 256 cuts of which 0 were active after adding rounds of cuts (0.011 seconds)
Knapsack was tried 100 times and created 0 cuts of which 0 were active after adding rounds of cuts (0.012 seconds)
Clique was tried 100 times and created 0 cuts of which 0 were active after adding rounds of cuts (0.000 seconds)
MixedIntegerRounding2 was tried 100 times and created 0 cuts of which 0 were active after adding rounds of cuts (0.003 seconds)
FlowCover was tried 100 times and created 0 cuts of which 0 were active after adding rounds of cuts (0.014 seconds)
TwoMirCuts was tried 100 times and created 14 cuts of which 0 were active after adding rounds of cuts (0.008 seconds)
ZeroHalf was tried 1 times and created 0 cuts of which 0 were active after adding rounds of cuts (0.000 seconds)

Result - Optimal solution found

Objective value:                2807267.12299979
Enumerated nodes:               2
Total iterations:               589
Time (CPU seconds):             0.16
Time (Wallclock seconds):       0.16

Option for printingOptions changed from normal to all
Total time (CPU seconds):       0.19   (Wallclock seconds):       0.19

