Welcome to the CBC MILP Solver 
Version: 2.10.3 
Build Date: Dec 15 2019 

command line - E:\dachuang\.venv\Lib\site-packages\pulp\apis\../solverdir/cbc/win/i64/cbc.exe model.mps -primalTolerance 1e-9 -integerTolerance 1e-9 -ratioGap 0 -allowableGap 0 -threads 0 -branch -printingOptions all -solution solution.txt -saveSolution solution.bin -quit (default strategy 1)
At line 2 NAME          MODEL
At line 3 ROWS
At line 317 COLUMNS
At line 1133 RHS
At line 1446 BOUNDS
At line 1521 ENDATA
Problem MODEL has 312 rows, 241 columns and 647 elements
Coin0008I MODEL read with 0 errors
primalTolerance was changed from 1e-07 to 1e-09
integerTolerance was changed from 1e-07 to 1e-09
ratioGap was changed from 0 to 0
allowableGap was changed from 1e-10 to 0
Continuous objective value is 2.31491e+06 - 0.00 seconds
Cgl0004I processed model has 112 rows, 155 columns (24 integer (24 of which binary)) and 327 elements
Cbc0038I Initial state - 9 integers unsatisfied sum - 2.99216
Cbc0038I Pass   1: suminf.    0.00000 (0) obj. 2.51475e+06 iterations 20
Cbc0038I Solution found of 2.51475e+06
Cbc0038I Relaxing continuous gives 2.50409e+06
Cbc0038I Before mini branch and bound, 15 integers at bound fixed and 76 continuous
Cbc0038I Full problem 112 rows 155 columns, reduced to 2 rows 2 columns
Cbc0038I Mini branch and bound improved solution from 2.50409e+06 to 2.31526e+06 (0.01 seconds)
Cbc0038I Round again with cutoff of 2.31522e+06
Cbc0038I Pass   2: suminf.    1.23711 (5) obj. 2.31522e+06 iterations 12
Cbc0038I Pass   3: suminf.    0.00000 (0) obj. 2.31522e+06 iterations 9
Cbc0038I Solution found of 2.31522e+06
Cbc0038I Relaxing continuous gives 2.31518e+06
Cbc0038I Before mini branch and bound, 15 integers at bound fixed and 80 continuous
Cbc0038I Full problem 112 rows 155 columns, reduced to 11 rows 14 columns
Cbc0038I Mini branch and bound improved solution from 2.31518e+06 to 2.31518e+06 (0.01 seconds)
Cbc0038I Round again with cutoff of 2.31513e+06
Cbc0038I Pass   4: suminf.    1.52895 (5) obj. 2.31513e+06 iterations 1
Cbc0038I Pass   5: suminf.    1.31838 (5) obj. 2.31513e+06 iterations 5
Cbc0038I Pass   6: suminf.    0.37797 (1) obj. 2.31513e+06 iterations 9
Cbc0038I Pass   7: suminf.    0.00000 (0) obj. 2.31513e+06 iterations 3
Cbc0038I Solution found of 2.31513e+06
Cbc0038I Relaxing continuous gives 2.31505e+06
Cbc0038I Before mini branch and bound, 14 integers at bound fixed and 79 continuous
Cbc0038I Full problem 112 rows 155 columns, reduced to 13 rows 16 columns
Cbc0038I Mini branch and bound improved solution from 2.31505e+06 to 2.31505e+06 (0.02 seconds)
Cbc0038I Round again with cutoff of 2.31501e+06
Cbc0038I Pass   8: suminf.    1.87964 (7) obj. 2.31501e+06 iterations 4
Cbc0038I Pass   9: suminf.    1.87964 (7) obj. 2.31501e+06 iterations 2
Cbc0038I Pass  10: suminf.    0.59399 (2) obj. 2.31501e+06 iterations 14
Cbc0038I Pass  11: suminf.    0.19093 (2) obj. 2.31501e+06 iterations 4
Cbc0038I Pass  12: suminf.    0.19093 (2) obj. 2.31501e+06 iterations 1
Cbc0038I Pass  13: suminf.    1.16393 (3) obj. 2.31501e+06 iterations 11
Cbc0038I Pass  14: suminf.    0.59399 (2) obj. 2.31501e+06 iterations 1
Cbc0038I Pass  15: suminf.    0.59399 (2) obj. 2.31501e+06 iterations 1
Cbc0038I Pass  16: suminf.    0.19093 (2) obj. 2.31501e+06 iterations 4
Cbc0038I Pass  17: suminf.    0.19093 (2) obj. 2.31501e+06 iterations 1
Cbc0038I Pass  18: suminf.    1.16393 (3) obj. 2.31501e+06 iterations 11
Cbc0038I Pass  19: suminf.    0.59399 (2) obj. 2.31501e+06 iterations 1
Cbc0038I Pass  20: suminf.    0.59399 (2) obj. 2.31501e+06 iterations 1
Cbc0038I Pass  21: suminf.    0.19093 (2) obj. 2.31501e+06 iterations 4
Cbc0038I Pass  22: suminf.    0.19093 (2) obj. 2.31501e+06 iterations 1
Cbc0038I Pass  23: suminf.    1.16393 (3) obj. 2.31501e+06 iterations 11
Cbc0038I Pass  24: suminf.    0.59399 (2) obj. 2.31501e+06 iterations 1
Cbc0038I Pass  25: suminf.    0.59399 (2) obj. 2.31501e+06 iterations 1
Cbc0038I Pass  26: suminf.    0.19093 (2) obj. 2.31501e+06 iterations 4
Cbc0038I Pass  27: suminf.    0.19093 (2) obj. 2.31501e+06 iterations 1
Cbc0038I Pass  28: suminf.    1.16393 (3) obj. 2.31501e+06 iterations 11
Cbc0038I Pass  29: suminf.    0.59399 (2) obj. 2.31501e+06 iterations 1
Cbc0038I Pass  30: suminf.    0.59399 (2) obj. 2.31501e+06 iterations 1
Cbc0038I Pass  31: suminf.    0.19093 (2) obj. 2.31501e+06 iterations 4
Cbc0038I Pass  32: suminf.    0.19093 (2) obj. 2.31501e+06 iterations 1
Cbc0038I Pass  33: suminf.    1.16393 (3) obj. 2.31501e+06 iterations 11
Cbc0038I Pass  34: suminf.    0.59399 (2) obj. 2.31501e+06 iterations 1
Cbc0038I Pass  35: suminf.    0.59399 (2) obj. 2.31501e+06 iterations 1
Cbc0038I Pass  36: suminf.    0.19093 (2) obj. 2.31501e+06 iterations 4
Cbc0038I Pass  37: suminf.    0.19093 (2) obj. 2.31501e+06 iterations 1
Cbc0038I No solution found this major pass
Cbc0038I Before mini branch and bound, 14 integers at bound fixed and 79 continuous
Cbc0038I Full problem 112 rows 155 columns, reduced to 13 rows 16 columns
Cbc0038I Mini branch and bound did not improve solution (0.03 seconds)
Cbc0038I After 0.03 seconds - Feasibility pump exiting with objective of 2.31505e+06 - took 0.03 seconds
Cbc0012I Integer solution of 2315047.9 found by feasibility pump after 0 iterations and 0 nodes (0.04 seconds)
Cbc0038I Full problem 112 rows 155 columns, reduced to 76 rows 116 columns
Cbc0031I 9 added rows had average density of 12.666667
Cbc0013I At root node, 9 cuts changed objective from 2314914.5 to 2315040.5 in 27 passes
Cbc0014I Cut generator 0 (Probing) - 2 row cuts average 2.0 elements, 3 column cuts (3 active)  in 0.001 seconds - new frequency is 1
Cbc0014I Cut generator 1 (Gomory) - 62 row cuts average 25.1 elements, 0 column cuts (0 active)  in 0.001 seconds - new frequency is 1
Cbc0014I Cut generator 2 (Knapsack) - 0 row cuts average 0.0 elements, 0 column cuts (0 active)  in 0.000 seconds - new frequency is -100
Cbc0014I Cut generator 3 (Clique) - 0 row cuts average 0.0 elements, 0 column cuts (0 active)  in 0.000 seconds - new frequency is -100
Cbc0014I Cut generator 4 (MixedIntegerRounding2) - 6 row cuts average 4.0 elements, 0 column cuts (0 active)  in 0.003 seconds - new frequency is 1
Cbc0014I Cut generator 5 (FlowCover) - 0 row cuts average 0.0 elements, 0 column cuts (0 active)  in 0.003 seconds - new frequency is -100
Cbc0014I Cut generator 6 (TwoMirCuts) - 19 row cuts average 10.3 elements, 0 column cuts (0 active)  in 0.003 seconds - new frequency is -100
Cbc0010I After 0 nodes, 1 on tree, 2315047.9 best solution, best possible 2315040.5 (0.07 seconds)
Cbc0001I Search completed - best objective 2315047.852499726, took 139 iterations and 2 nodes (0.07 seconds)
Cbc0032I Strong branching done 8 times (24 iterations), fathomed 1 nodes and fixed 2 variables
Cbc0035I Maximum depth 0, 0 variables fixed on reduced cost
Cuts at root node changed objective from 2.31491e+06 to 2.31504e+06
Probing was tried 28 times and created 5 cuts of which 0 were active after adding rounds of cuts (0.001 seconds)
Gomory was tried 28 times and created 62 cuts of which 0 were active after adding rounds of cuts (0.001 seconds)
Knapsack was tried 27 times and created 0 cuts of which 0 were active after adding rounds of cuts (0.000 seconds)
Clique was tried 27 times and created 0 cuts of which 0 were active after adding rounds of cuts (0.000 seconds)
MixedIntegerRounding2 was tried 28 times and created 6 cuts of which 0 were active after adding rounds of cuts (0.003 seconds)
FlowCover was tried 27 times and created 0 cuts of which 0 were active after adding rounds of cuts (0.003 seconds)
TwoMirCuts was tried 27 times and created 19 cuts of which 0 were active after adding rounds of cuts (0.003 seconds)
ZeroHalf was tried 1 times and created 0 cuts of which 0 were active after adding rounds of cuts (0.000 seconds)

Result - Optimal solution found

Objective value:                2315047.85249973
Enumerated nodes:               2
Total iterations:               139
Time (CPU seconds):             0.08
Time (Wallclock seconds):       0.08

Option for printingOptions changed from normal to all
Total time (CPU seconds):       0.11   (Wallclock seconds):       0.11

