Welcome to the CBC MILP Solver 
Version: 2.10.3 
Build Date: Dec 15 2019 

command line - E:\dachuang\.venv\Lib\site-packages\pulp\apis\../solverdir/cbc/win/i64/cbc.exe model.mps -primalTolerance 1e-9 -integerTolerance 1e-9 -ratioGap 0 -allowableGap 0 -threads 0 -branch -printingOptions all -solution solution.txt -saveSolution solution.bin -quit (default strategy 1)
At line 2 NAME          MODEL
At line 3 ROWS
At line 317 COLUMNS
At line 1133 RHS
At line 1446 BOUNDS
At line 1521 ENDATA
Problem MODEL has 312 rows, 241 columns and 647 elements
Coin0008I MODEL read with 0 errors
primalTolerance was changed from 1e-07 to 1e-09
integerTolerance was changed from 1e-07 to 1e-09
ratioGap was changed from 0 to 0
allowableGap was changed from 1e-10 to 0
Continuous objective value is 3.98411e+06 - 0.00 seconds
Cgl0004I processed model has 109 rows, 143 columns (24 integer (24 of which binary)) and 306 elements
Cbc0038I Initial state - 6 integers unsatisfied sum - 1.44636
Cbc0038I Pass   1: suminf.    0.00000 (0) obj. 4.00519e+06 iterations 12
Cbc0038I Solution found of 4.00519e+06
Cbc0038I Relaxing continuous gives 4.00519e+06
Cbc0038I Before mini branch and bound, 18 integers at bound fixed and 74 continuous
Cbc0038I Full problem 109 rows 143 columns, reduced to 4 rows 4 columns
Cbc0038I Mini branch and bound improved solution from 4.00519e+06 to 3.9844e+06 (0.01 seconds)
Cbc0038I Freeing continuous variables gives a solution of 3.9844e+06
Cbc0038I Round again with cutoff of 3.98437e+06
Cbc0038I Pass   2: suminf.    0.24484 (2) obj. 3.98437e+06 iterations 4
Cbc0038I Pass   3: suminf.    0.00000 (0) obj. 3.98437e+06 iterations 5
Cbc0038I Solution found of 3.98437e+06
Cbc0038I Relaxing continuous gives 3.98427e+06
Cbc0038I Before mini branch and bound, 17 integers at bound fixed and 70 continuous
Cbc0038I Full problem 109 rows 143 columns, reduced to 13 rows 17 columns
Cbc0038I Mini branch and bound improved solution from 3.98427e+06 to 3.98417e+06 (0.02 seconds)
Cbc0038I Round again with cutoff of 3.98416e+06
Cbc0038I Pass   4: suminf.    0.62734 (4) obj. 3.98416e+06 iterations 4
Cbc0038I Pass   5: suminf.    0.61904 (4) obj. 3.98416e+06 iterations 3
Cbc0038I Pass   6: suminf.    0.89983 (3) obj. 3.98416e+06 iterations 16
Cbc0038I Pass   7: suminf.    1.05229 (4) obj. 3.98416e+06 iterations 6
Cbc0038I Pass   8: suminf.    0.89983 (3) obj. 3.98416e+06 iterations 13
Cbc0038I Pass   9: suminf.    0.49567 (2) obj. 3.98416e+06 iterations 6
Cbc0038I Pass  10: suminf.    0.26886 (2) obj. 3.98416e+06 iterations 3
Cbc0038I Pass  11: suminf.    0.33367 (1) obj. 3.98416e+06 iterations 3
Cbc0038I Pass  12: suminf.    0.33417 (2) obj. 3.98416e+06 iterations 9
Cbc0038I Pass  13: suminf.    0.26886 (2) obj. 3.98416e+06 iterations 5
Cbc0038I Pass  14: suminf.    0.33367 (1) obj. 3.98416e+06 iterations 3
Cbc0038I Pass  15: suminf.    0.26886 (2) obj. 3.98416e+06 iterations 15
Cbc0038I Pass  16: suminf.    0.26886 (2) obj. 3.98416e+06 iterations 2
Cbc0038I Pass  17: suminf.    0.33367 (1) obj. 3.98416e+06 iterations 3
Cbc0038I Pass  18: suminf.    0.33367 (1) obj. 3.98416e+06 iterations 3
Cbc0038I Pass  19: suminf.    0.26886 (2) obj. 3.98416e+06 iterations 4
Cbc0038I Pass  20: suminf.    0.33367 (1) obj. 3.98416e+06 iterations 3
Cbc0038I Pass  21: suminf.    0.14033 (4) obj. 3.98416e+06 iterations 15
Cbc0038I Pass  22: suminf.    0.06183 (2) obj. 3.98416e+06 iterations 2
Cbc0038I Pass  23: suminf.    1.05229 (4) obj. 3.98416e+06 iterations 8
Cbc0038I Pass  24: suminf.    0.89983 (3) obj. 3.98416e+06 iterations 13
Cbc0038I Pass  25: suminf.    0.89983 (3) obj. 3.98416e+06 iterations 0
Cbc0038I Pass  26: suminf.    1.49983 (5) obj. 3.98416e+06 iterations 12
Cbc0038I Pass  27: suminf.    1.01983 (4) obj. 3.98416e+06 iterations 1
Cbc0038I Pass  28: suminf.    1.05229 (4) obj. 3.98416e+06 iterations 7
Cbc0038I Pass  29: suminf.    0.89983 (3) obj. 3.98416e+06 iterations 13
Cbc0038I Pass  30: suminf.    0.89983 (3) obj. 3.98416e+06 iterations 0
Cbc0038I Pass  31: suminf.    1.05367 (5) obj. 3.98416e+06 iterations 11
Cbc0038I Pass  32: suminf.    0.26886 (2) obj. 3.98416e+06 iterations 5
Cbc0038I Pass  33: suminf.    0.33367 (1) obj. 3.98416e+06 iterations 3
Cbc0038I No solution found this major pass
Cbc0038I Before mini branch and bound, 2 integers at bound fixed and 60 continuous
Cbc0038I Full problem 109 rows 143 columns, reduced to 17 rows 22 columns
Cbc0038I Mini branch and bound did not improve solution (0.03 seconds)
Cbc0038I After 0.03 seconds - Feasibility pump exiting with objective of 3.98417e+06 - took 0.02 seconds
Cbc0012I Integer solution of 3984170.9 found by feasibility pump after 0 iterations and 0 nodes (0.03 seconds)
Cbc0038I Full problem 109 rows 143 columns, reduced to 59 rows 86 columns
Cbc0031I 5 added rows had average density of 9.2
Cbc0013I At root node, 5 cuts changed objective from 3984106.1 to 3984167.5 in 10 passes
Cbc0014I Cut generator 0 (Probing) - 2 row cuts average 16.0 elements, 5 column cuts (5 active)  in 0.001 seconds - new frequency is 1
Cbc0014I Cut generator 1 (Gomory) - 12 row cuts average 11.4 elements, 0 column cuts (0 active)  in 0.001 seconds - new frequency is 1
Cbc0014I Cut generator 2 (Knapsack) - 0 row cuts average 0.0 elements, 0 column cuts (0 active)  in 0.001 seconds - new frequency is -100
Cbc0014I Cut generator 3 (Clique) - 0 row cuts average 0.0 elements, 0 column cuts (0 active)  in 0.000 seconds - new frequency is -100
Cbc0014I Cut generator 4 (MixedIntegerRounding2) - 0 row cuts average 0.0 elements, 0 column cuts (0 active)  in 0.001 seconds - new frequency is -100
Cbc0014I Cut generator 5 (FlowCover) - 0 row cuts average 0.0 elements, 0 column cuts (0 active)  in 0.001 seconds - new frequency is -100
Cbc0014I Cut generator 6 (TwoMirCuts) - 12 row cuts average 8.8 elements, 0 column cuts (0 active)  in 0.003 seconds - new frequency is -100
Cbc0001I Search completed - best objective 3984170.877249825, took 35 iterations and 0 nodes (0.05 seconds)
Cbc0032I Strong branching done 4 times (18 iterations), fathomed 1 nodes and fixed 0 variables
Cbc0035I Maximum depth 0, 0 variables fixed on reduced cost
Cuts at root node changed objective from 3.98411e+06 to 3.98417e+06
Probing was tried 10 times and created 7 cuts of which 0 were active after adding rounds of cuts (0.001 seconds)
Gomory was tried 10 times and created 12 cuts of which 0 were active after adding rounds of cuts (0.001 seconds)
Knapsack was tried 10 times and created 0 cuts of which 0 were active after adding rounds of cuts (0.001 seconds)
Clique was tried 10 times and created 0 cuts of which 0 were active after adding rounds of cuts (0.000 seconds)
MixedIntegerRounding2 was tried 10 times and created 0 cuts of which 0 were active after adding rounds of cuts (0.001 seconds)
FlowCover was tried 10 times and created 0 cuts of which 0 were active after adding rounds of cuts (0.001 seconds)
TwoMirCuts was tried 10 times and created 12 cuts of which 0 were active after adding rounds of cuts (0.003 seconds)
ZeroHalf was tried 1 times and created 0 cuts of which 0 were active after adding rounds of cuts (0.000 seconds)

Result - Optimal solution found

Objective value:                3984170.87724982
Enumerated nodes:               0
Total iterations:               35
Time (CPU seconds):             0.06
Time (Wallclock seconds):       0.06

Option for printingOptions changed from normal to all
Total time (CPU seconds):       0.08   (Wallclock seconds):       0.08

