Welcome to the CBC MILP Solver 
Version: 2.10.3 
Build Date: Dec 15 2019 

command line - E:\dachuang\.venv\Lib\site-packages\pulp\apis\../solverdir/cbc/win/i64/cbc.exe model.mps -primalTolerance 1e-9 -integerTolerance 1e-9 -ratioGap 0 -allowableGap 0 -threads 0 -branch -printingOptions all -solution solution.txt -saveSolution solution.bin -quit (default strategy 1)
At line 2 NAME          MODEL
At line 3 ROWS
At line 317 COLUMNS
At line 1133 RHS
At line 1446 BOUNDS
At line 1521 ENDATA
Problem MODEL has 312 rows, 241 columns and 647 elements
Coin0008I MODEL read with 0 errors
primalTolerance was changed from 1e-07 to 1e-09
integerTolerance was changed from 1e-07 to 1e-09
ratioGap was changed from 0 to 0
allowableGap was changed from 1e-10 to 0
Continuous objective value is 1.7309e+06 - 0.00 seconds
Cgl0004I processed model has 113 rows, 157 columns (24 integer (24 of which binary)) and 332 elements
Cbc0038I Initial state - 8 integers unsatisfied sum - 2.39882
Cbc0038I Pass   1: suminf.    0.00000 (0) obj. 1.75126e+06 iterations 17
Cbc0038I Solution found of 1.75126e+06
Cbc0038I Relaxing continuous gives 1.75007e+06
Cbc0038I Before mini branch and bound, 16 integers at bound fixed and 86 continuous
Cbc0038I Full problem 113 rows 157 columns, reduced to 6 rows 8 columns
Cbc0038I Mini branch and bound improved solution from 1.75007e+06 to 1.73135e+06 (0.01 seconds)
Cbc0038I Freeing continuous variables gives a solution of 1.73135e+06
Cbc0038I Round again with cutoff of 1.73131e+06
Cbc0038I Pass   2: suminf.    0.30304 (3) obj. 1.73131e+06 iterations 6
Cbc0038I Pass   3: suminf.    0.00000 (0) obj. 1.73131e+06 iterations 12
Cbc0038I Solution found of 1.73131e+06
Cbc0038I Relaxing continuous gives 1.73112e+06
Cbc0038I Before mini branch and bound, 15 integers at bound fixed and 82 continuous
Cbc0038I Full problem 113 rows 157 columns, reduced to 18 rows 24 columns
Cbc0038I Mini branch and bound improved solution from 1.73112e+06 to 1.7311e+06 (0.02 seconds)
Cbc0038I Freeing continuous variables gives a solution of 1.7311e+06
Cbc0038I Round again with cutoff of 1.73106e+06
Cbc0038I Pass   4: suminf.    0.36490 (3) obj. 1.73106e+06 iterations 2
Cbc0038I Pass   5: suminf.    0.36490 (3) obj. 1.73106e+06 iterations 0
Cbc0038I Pass   6: suminf.    0.41711 (1) obj. 1.73106e+06 iterations 13
Cbc0038I Pass   7: suminf.    0.19211 (1) obj. 1.73106e+06 iterations 2
Cbc0038I Pass   8: suminf.    0.98818 (4) obj. 1.73106e+06 iterations 9
Cbc0038I Pass   9: suminf.    0.28161 (2) obj. 1.73106e+06 iterations 4
Cbc0038I Pass  10: suminf.    0.41711 (1) obj. 1.73106e+06 iterations 2
Cbc0038I Pass  11: suminf.    0.19211 (1) obj. 1.73106e+06 iterations 2
Cbc0038I Pass  12: suminf.    0.19211 (1) obj. 1.73106e+06 iterations 9
Cbc0038I Pass  13: suminf.    0.41711 (1) obj. 1.73106e+06 iterations 1
Cbc0038I Pass  14: suminf.    0.19211 (1) obj. 1.73106e+06 iterations 2
Cbc0038I Pass  15: suminf.    1.00669 (4) obj. 1.73106e+06 iterations 14
Cbc0038I Pass  16: suminf.    0.96508 (3) obj. 1.73106e+06 iterations 4
Cbc0038I Pass  17: suminf.    0.58289 (2) obj. 1.73106e+06 iterations 10
Cbc0038I Pass  18: suminf.    0.46644 (1) obj. 1.73106e+06 iterations 3
Cbc0038I Pass  19: suminf.    0.41711 (1) obj. 1.73106e+06 iterations 1
Cbc0038I Pass  20: suminf.    1.62544 (7) obj. 1.73106e+06 iterations 11
Cbc0038I Pass  21: suminf.    1.13208 (5) obj. 1.73106e+06 iterations 2
Cbc0038I Pass  22: suminf.    1.13208 (5) obj. 1.73106e+06 iterations 0
Cbc0038I Pass  23: suminf.    0.38400 (3) obj. 1.73106e+06 iterations 11
Cbc0038I Pass  24: suminf.    0.36032 (2) obj. 1.73106e+06 iterations 2
Cbc0038I Pass  25: suminf.    0.53611 (2) obj. 1.73106e+06 iterations 5
Cbc0038I Pass  26: suminf.    0.25783 (2) obj. 1.73106e+06 iterations 2
Cbc0038I Pass  27: suminf.    0.03800 (1) obj. 1.73106e+06 iterations 18
Cbc0038I Solution found of 1.73106e+06
Cbc0038I Relaxing continuous gives 1.73101e+06
Cbc0038I Before mini branch and bound, 1 integers at bound fixed and 64 continuous
Cbc0038I Full problem 113 rows 157 columns, reduced to 28 rows 37 columns
Cbc0038I Mini branch and bound improved solution from 1.73101e+06 to 1.73101e+06 (0.03 seconds)
Cbc0038I Freeing continuous variables gives a solution of 1.73101e+06
Cbc0038I Round again with cutoff of 1.73098e+06
Cbc0038I Pass  28: suminf.    0.72913 (4) obj. 1.73098e+06 iterations 2
Cbc0038I Pass  29: suminf.    0.72913 (4) obj. 1.73098e+06 iterations 0
Cbc0038I Pass  30: suminf.    0.93969 (3) obj. 1.73098e+06 iterations 15
Cbc0038I Pass  31: suminf.    0.93969 (3) obj. 1.73098e+06 iterations 0
Cbc0038I Pass  32: suminf.    0.62113 (2) obj. 1.73098e+06 iterations 5
Cbc0038I Pass  33: suminf.    0.61266 (3) obj. 1.73098e+06 iterations 18
Cbc0038I Pass  34: suminf.    0.62113 (2) obj. 1.73098e+06 iterations 6
Cbc0038I Pass  35: suminf.    1.01094 (3) obj. 1.73098e+06 iterations 13
Cbc0038I Pass  36: suminf.    0.66140 (3) obj. 1.73098e+06 iterations 3
Cbc0038I Pass  37: suminf.    0.82069 (2) obj. 1.73098e+06 iterations 9
Cbc0038I Pass  38: suminf.    0.82069 (2) obj. 1.73098e+06 iterations 6
Cbc0038I Pass  39: suminf.    0.64573 (2) obj. 1.73098e+06 iterations 2
Cbc0038I Pass  40: suminf.    0.62113 (2) obj. 1.73098e+06 iterations 2
Cbc0038I Pass  41: suminf.    1.01094 (3) obj. 1.73098e+06 iterations 10
Cbc0038I Pass  42: suminf.    0.66140 (3) obj. 1.73098e+06 iterations 1
Cbc0038I Pass  43: suminf.    0.82069 (2) obj. 1.73098e+06 iterations 5
Cbc0038I Pass  44: suminf.    0.82069 (2) obj. 1.73098e+06 iterations 0
Cbc0038I Pass  45: suminf.    0.64573 (2) obj. 1.73098e+06 iterations 2
Cbc0038I Pass  46: suminf.    0.62113 (2) obj. 1.73098e+06 iterations 2
Cbc0038I Pass  47: suminf.    1.01094 (3) obj. 1.73098e+06 iterations 10
Cbc0038I Pass  48: suminf.    0.66140 (3) obj. 1.73098e+06 iterations 1
Cbc0038I Pass  49: suminf.    0.82069 (2) obj. 1.73098e+06 iterations 5
Cbc0038I Pass  50: suminf.    0.82069 (2) obj. 1.73098e+06 iterations 0
Cbc0038I Pass  51: suminf.    0.64573 (2) obj. 1.73098e+06 iterations 2
Cbc0038I Pass  52: suminf.    0.62113 (2) obj. 1.73098e+06 iterations 2
Cbc0038I Pass  53: suminf.    1.01094 (3) obj. 1.73098e+06 iterations 10
Cbc0038I Pass  54: suminf.    0.66140 (3) obj. 1.73098e+06 iterations 1
Cbc0038I Pass  55: suminf.    0.82069 (2) obj. 1.73098e+06 iterations 5
Cbc0038I Pass  56: suminf.    0.82069 (2) obj. 1.73098e+06 iterations 0
Cbc0038I Pass  57: suminf.    0.64573 (2) obj. 1.73098e+06 iterations 2
Cbc0038I No solution found this major pass
Cbc0038I Before mini branch and bound, 9 integers at bound fixed and 70 continuous
Cbc0038I Full problem 113 rows 157 columns, reduced to 26 rows 34 columns
Cbc0038I Mini branch and bound did not improve solution (0.04 seconds)
Cbc0038I After 0.04 seconds - Feasibility pump exiting with objective of 1.73101e+06 - took 0.04 seconds
Cbc0012I Integer solution of 1731011.2 found by feasibility pump after 0 iterations and 0 nodes (0.04 seconds)
Cbc0038I Full problem 113 rows 157 columns, reduced to 76 rows 117 columns
Cbc0031I 5 added rows had average density of 11
Cbc0013I At root node, 5 cuts changed objective from 1730902 to 1730974.3 in 19 passes
Cbc0014I Cut generator 0 (Probing) - 2 row cuts average 2.0 elements, 2 column cuts (2 active)  in 0.006 seconds - new frequency is 1
Cbc0014I Cut generator 1 (Gomory) - 42 row cuts average 25.1 elements, 0 column cuts (0 active)  in 0.001 seconds - new frequency is 1
Cbc0014I Cut generator 2 (Knapsack) - 0 row cuts average 0.0 elements, 0 column cuts (0 active)  in 0.000 seconds - new frequency is -100
Cbc0014I Cut generator 3 (Clique) - 0 row cuts average 0.0 elements, 0 column cuts (0 active)  in 0.000 seconds - new frequency is -100
Cbc0014I Cut generator 4 (MixedIntegerRounding2) - 6 row cuts average 4.3 elements, 0 column cuts (0 active)  in 0.001 seconds - new frequency is 1
Cbc0014I Cut generator 5 (FlowCover) - 0 row cuts average 0.0 elements, 0 column cuts (0 active)  in 0.002 seconds - new frequency is -100
Cbc0014I Cut generator 6 (TwoMirCuts) - 22 row cuts average 12.1 elements, 0 column cuts (0 active)  in 0.001 seconds - new frequency is -100
Cbc0010I After 0 nodes, 1 on tree, 1731011.2 best solution, best possible 1730974.3 (0.07 seconds)
Cbc0001I Search completed - best objective 1731011.226686766, took 167 iterations and 10 nodes (0.10 seconds)
Cbc0032I Strong branching done 34 times (100 iterations), fathomed 5 nodes and fixed 3 variables
Cbc0035I Maximum depth 3, 0 variables fixed on reduced cost
Cuts at root node changed objective from 1.7309e+06 to 1.73097e+06
Probing was tried 41 times and created 6 cuts of which 0 were active after adding rounds of cuts (0.007 seconds)
Gomory was tried 41 times and created 64 cuts of which 0 were active after adding rounds of cuts (0.004 seconds)
Knapsack was tried 19 times and created 0 cuts of which 0 were active after adding rounds of cuts (0.000 seconds)
Clique was tried 19 times and created 0 cuts of which 0 were active after adding rounds of cuts (0.000 seconds)
MixedIntegerRounding2 was tried 41 times and created 8 cuts of which 0 were active after adding rounds of cuts (0.002 seconds)
FlowCover was tried 19 times and created 0 cuts of which 0 were active after adding rounds of cuts (0.002 seconds)
TwoMirCuts was tried 19 times and created 22 cuts of which 0 were active after adding rounds of cuts (0.001 seconds)
ZeroHalf was tried 1 times and created 0 cuts of which 0 were active after adding rounds of cuts (0.000 seconds)

Result - Optimal solution found

Objective value:                1731011.22668677
Enumerated nodes:               10
Total iterations:               167
Time (CPU seconds):             0.10
Time (Wallclock seconds):       0.10

Option for printingOptions changed from normal to all
Total time (CPU seconds):       0.12   (Wallclock seconds):       0.12

