Welcome to the CBC MILP Solver 
Version: 2.10.3 
Build Date: Dec 15 2019 

command line - E:\dachuang\.venv\Lib\site-packages\pulp\apis\../solverdir/cbc/win/i64/cbc.exe model.mps -primalTolerance 1e-9 -integerTolerance 1e-9 -ratioGap 0 -allowableGap 0 -threads 0 -branch -printingOptions all -solution solution.txt -saveSolution solution.bin -quit (default strategy 1)
At line 2 NAME          MODEL
At line 3 ROWS
At line 317 COLUMNS
At line 1133 RHS
At line 1446 BOUNDS
At line 1521 ENDATA
Problem MODEL has 312 rows, 241 columns and 647 elements
Coin0008I MODEL read with 0 errors
primalTolerance was changed from 1e-07 to 1e-09
integerTolerance was changed from 1e-07 to 1e-09
ratioGap was changed from 0 to 0
allowableGap was changed from 1e-10 to 0
Continuous objective value is 856869 - 0.00 seconds
Cgl0004I processed model has 116 rows, 163 columns (24 integer (24 of which binary)) and 347 elements
Cbc0038I Initial state - 8 integers unsatisfied sum - 2.417
Cbc0038I Pass   1: suminf.    0.00000 (0) obj. 881963 iterations 19
Cbc0038I Solution found of 881963
Cbc0038I Relaxing continuous gives 861374
Cbc0038I Before mini branch and bound, 16 integers at bound fixed and 84 continuous
Cbc0038I Full problem 116 rows 163 columns, reduced to 9 rows 13 columns
Cbc0038I Mini branch and bound improved solution from 861374 to 857212 (0.01 seconds)
Cbc0038I Round again with cutoff of 857178
Cbc0038I Pass   2: suminf.    0.65516 (3) obj. 857178 iterations 14
Cbc0038I Pass   3: suminf.    0.20166 (2) obj. 857178 iterations 1
Cbc0038I Pass   4: suminf.    0.00000 (0) obj. 857178 iterations 7
Cbc0038I Solution found of 857178
Cbc0038I Relaxing continuous gives 857150
Cbc0038I Before mini branch and bound, 14 integers at bound fixed and 81 continuous
Cbc0038I Full problem 116 rows 163 columns, reduced to 15 rows 21 columns
Cbc0038I Mini branch and bound improved solution from 857150 to 857018 (0.02 seconds)
Cbc0038I Round again with cutoff of 856988
Cbc0038I Pass   5: suminf.    1.24875 (5) obj. 856988 iterations 2
Cbc0038I Pass   6: suminf.    0.79525 (4) obj. 856988 iterations 4
Cbc0038I Pass   7: suminf.    0.48348 (1) obj. 856988 iterations 9
Cbc0038I Pass   8: suminf.    0.14199 (1) obj. 856988 iterations 2
Cbc0038I Pass   9: suminf.    0.43599 (1) obj. 856988 iterations 12
Cbc0038I Pass  10: suminf.    0.48348 (1) obj. 856988 iterations 2
Cbc0038I Pass  11: suminf.    0.43599 (1) obj. 856988 iterations 1
Cbc0038I Pass  12: suminf.    1.47745 (4) obj. 856988 iterations 14
Cbc0038I Pass  13: suminf.    0.98395 (3) obj. 856988 iterations 1
Cbc0038I Pass  14: suminf.    0.56401 (2) obj. 856988 iterations 6
Cbc0038I Pass  15: suminf.    0.48348 (1) obj. 856988 iterations 2
Cbc0038I Pass  16: suminf.    0.43599 (1) obj. 856988 iterations 1
Cbc0038I Pass  17: suminf.    0.98395 (3) obj. 856988 iterations 4
Cbc0038I Pass  18: suminf.    0.56401 (2) obj. 856988 iterations 6
Cbc0038I Pass  19: suminf.    0.48348 (1) obj. 856988 iterations 2
Cbc0038I Pass  20: suminf.    0.43599 (1) obj. 856988 iterations 1
Cbc0038I Pass  21: suminf.    1.45277 (4) obj. 856988 iterations 17
Cbc0038I Pass  22: suminf.    0.97298 (3) obj. 856988 iterations 2
Cbc0038I Pass  23: suminf.    0.23660 (2) obj. 856988 iterations 5
Cbc0038I Pass  24: suminf.    0.14199 (1) obj. 856988 iterations 4
Cbc0038I Pass  25: suminf.    0.48348 (1) obj. 856988 iterations 2
Cbc0038I Pass  26: suminf.    0.99749 (4) obj. 856988 iterations 14
Cbc0038I Pass  27: suminf.    0.96949 (3) obj. 856988 iterations 4
Cbc0038I Pass  28: suminf.    0.14199 (1) obj. 856988 iterations 3
Cbc0038I Pass  29: suminf.    0.48348 (1) obj. 856988 iterations 1
Cbc0038I Pass  30: suminf.    0.64610 (4) obj. 856988 iterations 15
Cbc0038I Pass  31: suminf.    0.64610 (4) obj. 856988 iterations 1
Cbc0038I Pass  32: suminf.    0.14199 (1) obj. 856988 iterations 6
Cbc0038I Pass  33: suminf.    0.48348 (1) obj. 856988 iterations 2
Cbc0038I Pass  34: suminf.    1.02548 (3) obj. 856988 iterations 9
Cbc0038I No solution found this major pass
Cbc0038I Before mini branch and bound, 2 integers at bound fixed and 69 continuous
Cbc0038I Full problem 116 rows 163 columns, reduced to 27 rows 36 columns
Cbc0038I Mini branch and bound did not improve solution (0.03 seconds)
Cbc0038I After 0.03 seconds - Feasibility pump exiting with objective of 857018 - took 0.03 seconds
Cbc0012I Integer solution of 857018.16 found by feasibility pump after 0 iterations and 0 nodes (0.03 seconds)
Cbc0038I Full problem 116 rows 163 columns, reduced to 77 rows 123 columns
Cbc0031I 9 added rows had average density of 12.666667
Cbc0013I At root node, 9 cuts changed objective from 856869.43 to 856947.17 in 14 passes
Cbc0014I Cut generator 0 (Probing) - 4 row cuts average 2.0 elements, 0 column cuts (0 active)  in 0.001 seconds - new frequency is 1
Cbc0014I Cut generator 1 (Gomory) - 31 row cuts average 21.4 elements, 0 column cuts (0 active)  in 0.001 seconds - new frequency is 1
Cbc0014I Cut generator 2 (Knapsack) - 0 row cuts average 0.0 elements, 0 column cuts (0 active)  in 0.002 seconds - new frequency is -100
Cbc0014I Cut generator 3 (Clique) - 0 row cuts average 0.0 elements, 0 column cuts (0 active)  in 0.000 seconds - new frequency is -100
Cbc0014I Cut generator 4 (MixedIntegerRounding2) - 5 row cuts average 4.8 elements, 0 column cuts (0 active)  in 0.000 seconds - new frequency is 1
Cbc0014I Cut generator 5 (FlowCover) - 0 row cuts average 0.0 elements, 0 column cuts (0 active)  in 0.005 seconds - new frequency is -100
Cbc0014I Cut generator 6 (TwoMirCuts) - 20 row cuts average 13.5 elements, 0 column cuts (0 active)  in 0.002 seconds - new frequency is -100
Cbc0010I After 0 nodes, 1 on tree, 857018.16 best solution, best possible 856947.17 (0.06 seconds)
Cbc0001I Search completed - best objective 857018.1588003433, took 175 iterations and 6 nodes (0.08 seconds)
Cbc0032I Strong branching done 28 times (90 iterations), fathomed 4 nodes and fixed 2 variables
Cbc0035I Maximum depth 2, 0 variables fixed on reduced cost
Cuts at root node changed objective from 856869 to 856947
Probing was tried 37 times and created 4 cuts of which 0 were active after adding rounds of cuts (0.002 seconds)
Gomory was tried 37 times and created 63 cuts of which 0 were active after adding rounds of cuts (0.002 seconds)
Knapsack was tried 14 times and created 0 cuts of which 0 were active after adding rounds of cuts (0.002 seconds)
Clique was tried 14 times and created 0 cuts of which 0 were active after adding rounds of cuts (0.000 seconds)
MixedIntegerRounding2 was tried 37 times and created 6 cuts of which 0 were active after adding rounds of cuts (0.002 seconds)
FlowCover was tried 14 times and created 0 cuts of which 0 were active after adding rounds of cuts (0.005 seconds)
TwoMirCuts was tried 14 times and created 20 cuts of which 0 were active after adding rounds of cuts (0.002 seconds)
ZeroHalf was tried 1 times and created 0 cuts of which 0 were active after adding rounds of cuts (0.000 seconds)

Result - Optimal solution found

Objective value:                857018.15880034
Enumerated nodes:               6
Total iterations:               175
Time (CPU seconds):             0.08
Time (Wallclock seconds):       0.08

Option for printingOptions changed from normal to all
Total time (CPU seconds):       0.11   (Wallclock seconds):       0.11

