Welcome to the CBC MILP Solver 
Version: 2.10.3 
Build Date: Dec 15 2019 

command line - E:\dachuang\.venv\Lib\site-packages\pulp\apis\../solverdir/cbc/win/i64/cbc.exe model.mps -primalTolerance 1e-9 -integerTolerance 1e-9 -ratioGap 0 -allowableGap 0 -threads 0 -branch -printingOptions all -solution solution.txt -saveSolution solution.bin -quit (default strategy 1)
At line 2 NAME          MODEL
At line 3 ROWS
At line 317 COLUMNS
At line 1133 RHS
At line 1446 BOUNDS
At line 1521 ENDATA
Problem MODEL has 312 rows, 241 columns and 647 elements
Coin0008I MODEL read with 0 errors
primalTolerance was changed from 1e-07 to 1e-09
integerTolerance was changed from 1e-07 to 1e-09
ratioGap was changed from 0 to 0
allowableGap was changed from 1e-10 to 0
Continuous objective value is 2.02181e+06 - 0.00 seconds
Cgl0004I processed model has 113 rows, 148 columns (24 integer (24 of which binary)) and 323 elements
Cbc0038I Initial state - 7 integers unsatisfied sum - 1.63086
Cbc0038I Pass   1: suminf.    0.00000 (0) obj. 2.03293e+06 iterations 11
Cbc0038I Solution found of 2.03293e+06
Cbc0038I Relaxing continuous gives 2.03293e+06
Cbc0038I Before mini branch and bound, 17 integers at bound fixed and 74 continuous
Cbc0038I Full problem 113 rows 148 columns, reduced to 0 rows 0 columns
Cbc0038I Mini branch and bound improved solution from 2.03293e+06 to 2.0221e+06 (0.01 seconds)
Cbc0038I Round again with cutoff of 2.02207e+06
Cbc0038I Pass   2: suminf.    0.18734 (2) obj. 2.02207e+06 iterations 3
Cbc0038I Pass   3: suminf.    0.17624 (1) obj. 2.02207e+06 iterations 4
Cbc0038I Pass   4: suminf.    0.12484 (1) obj. 2.02207e+06 iterations 1
Cbc0038I Pass   5: suminf.    0.56874 (4) obj. 2.02207e+06 iterations 10
Cbc0038I Pass   6: suminf.    0.24476 (1) obj. 2.02207e+06 iterations 8
Cbc0038I Solution found of 2.02207e+06
Cbc0038I Relaxing continuous gives 2.02207e+06
Cbc0038I Before mini branch and bound, 16 integers at bound fixed and 73 continuous
Cbc0038I Full problem 113 rows 148 columns, reduced to 11 rows 13 columns
Cbc0038I Mini branch and bound improved solution from 2.02207e+06 to 2.02207e+06 (0.02 seconds)
Cbc0038I Round again with cutoff of 2.02201e+06
Cbc0038I Pass   7: suminf.    0.43786 (2) obj. 2.02201e+06 iterations 0
Cbc0038I Pass   8: suminf.    0.45383 (1) obj. 2.02201e+06 iterations 4
Cbc0038I Pass   9: suminf.    0.37536 (1) obj. 2.02201e+06 iterations 1
Cbc0038I Pass  10: suminf.    0.24183 (2) obj. 2.02201e+06 iterations 12
Cbc0038I Pass  11: suminf.    0.24183 (2) obj. 2.02201e+06 iterations 1
Cbc0038I Pass  12: suminf.    0.45383 (1) obj. 2.02201e+06 iterations 3
Cbc0038I Pass  13: suminf.    0.37536 (1) obj. 2.02201e+06 iterations 1
Cbc0038I Pass  14: suminf.    1.23786 (6) obj. 2.02201e+06 iterations 21
Cbc0038I Pass  15: suminf.    0.43786 (3) obj. 2.02201e+06 iterations 3
Cbc0038I Pass  16: suminf.    0.39917 (2) obj. 2.02201e+06 iterations 5
Cbc0038I Pass  17: suminf.    0.37536 (2) obj. 2.02201e+06 iterations 2
Cbc0038I Pass  18: suminf.    1.17196 (4) obj. 2.02201e+06 iterations 7
Cbc0038I Pass  19: suminf.    0.85196 (3) obj. 2.02201e+06 iterations 1
Cbc0038I Pass  20: suminf.    0.39917 (2) obj. 2.02201e+06 iterations 5
Cbc0038I Pass  21: suminf.    0.37536 (2) obj. 2.02201e+06 iterations 2
Cbc0038I Pass  22: suminf.    0.75786 (4) obj. 2.02201e+06 iterations 10
Cbc0038I Pass  23: suminf.    0.43786 (3) obj. 2.02201e+06 iterations 1
Cbc0038I Pass  24: suminf.    0.39917 (2) obj. 2.02201e+06 iterations 6
Cbc0038I Pass  25: suminf.    0.37536 (2) obj. 2.02201e+06 iterations 2
Cbc0038I Pass  26: suminf.    2.32672 (9) obj. 2.02201e+06 iterations 19
Cbc0038I Pass  27: suminf.    0.98243 (6) obj. 2.02201e+06 iterations 4
Cbc0038I Pass  28: suminf.    0.59583 (2) obj. 2.02201e+06 iterations 12
Cbc0038I Pass  29: suminf.    0.59583 (2) obj. 2.02201e+06 iterations 0
Cbc0038I Pass  30: suminf.    0.37536 (2) obj. 2.02201e+06 iterations 2
Cbc0038I Pass  31: suminf.    0.37536 (2) obj. 2.02201e+06 iterations 0
Cbc0038I Pass  32: suminf.    0.84633 (4) obj. 2.02201e+06 iterations 11
Cbc0038I Pass  33: suminf.    0.84633 (4) obj. 2.02201e+06 iterations 0
Cbc0038I Pass  34: suminf.    0.24183 (2) obj. 2.02201e+06 iterations 8
Cbc0038I Pass  35: suminf.    0.24183 (2) obj. 2.02201e+06 iterations 0
Cbc0038I Pass  36: suminf.    0.45383 (1) obj. 2.02201e+06 iterations 3
Cbc0038I No solution found this major pass
Cbc0038I Before mini branch and bound, 3 integers at bound fixed and 60 continuous
Cbc0038I Full problem 113 rows 148 columns, reduced to 19 rows 24 columns
Cbc0038I Mini branch and bound did not improve solution (0.03 seconds)
Cbc0038I After 0.03 seconds - Feasibility pump exiting with objective of 2.02207e+06 - took 0.02 seconds
Cbc0012I Integer solution of 2022065.1 found by feasibility pump after 0 iterations and 0 nodes (0.03 seconds)
Cbc0038I Full problem 113 rows 148 columns, reduced to 68 rows 100 columns
Cbc0031I 11 added rows had average density of 16.636364
Cbc0013I At root node, 11 cuts changed objective from 2021811.8 to 2022065.1 in 30 passes
Cbc0014I Cut generator 0 (Probing) - 3 row cuts average 2.0 elements, 5 column cuts (5 active)  in 0.001 seconds - new frequency is 1
Cbc0014I Cut generator 1 (Gomory) - 63 row cuts average 27.2 elements, 0 column cuts (0 active)  in 0.003 seconds - new frequency is 1
Cbc0014I Cut generator 2 (Knapsack) - 0 row cuts average 0.0 elements, 0 column cuts (0 active)  in 0.003 seconds - new frequency is -100
Cbc0014I Cut generator 3 (Clique) - 0 row cuts average 0.0 elements, 0 column cuts (0 active)  in 0.000 seconds - new frequency is -100
Cbc0014I Cut generator 4 (MixedIntegerRounding2) - 3 row cuts average 5.0 elements, 0 column cuts (0 active)  in 0.002 seconds - new frequency is -100
Cbc0014I Cut generator 5 (FlowCover) - 0 row cuts average 0.0 elements, 0 column cuts (0 active)  in 0.006 seconds - new frequency is -100
Cbc0014I Cut generator 6 (TwoMirCuts) - 19 row cuts average 16.8 elements, 0 column cuts (0 active)  in 0.002 seconds - new frequency is -100
Cbc0001I Search completed - best objective 2022065.11749978, took 131 iterations and 0 nodes (0.07 seconds)
Cbc0032I Strong branching done 2 times (8 iterations), fathomed 1 nodes and fixed 0 variables
Cbc0035I Maximum depth 0, 0 variables fixed on reduced cost
Cuts at root node changed objective from 2.02181e+06 to 2.02207e+06
Probing was tried 30 times and created 8 cuts of which 0 were active after adding rounds of cuts (0.001 seconds)
Gomory was tried 30 times and created 63 cuts of which 0 were active after adding rounds of cuts (0.003 seconds)
Knapsack was tried 30 times and created 0 cuts of which 0 were active after adding rounds of cuts (0.003 seconds)
Clique was tried 30 times and created 0 cuts of which 0 were active after adding rounds of cuts (0.000 seconds)
MixedIntegerRounding2 was tried 30 times and created 3 cuts of which 0 were active after adding rounds of cuts (0.002 seconds)
FlowCover was tried 30 times and created 0 cuts of which 0 were active after adding rounds of cuts (0.006 seconds)
TwoMirCuts was tried 30 times and created 19 cuts of which 0 were active after adding rounds of cuts (0.002 seconds)
ZeroHalf was tried 1 times and created 0 cuts of which 0 were active after adding rounds of cuts (0.000 seconds)

Result - Optimal solution found

Objective value:                2022065.11749978
Enumerated nodes:               0
Total iterations:               131
Time (CPU seconds):             0.08
Time (Wallclock seconds):       0.08

Option for printingOptions changed from normal to all
Total time (CPU seconds):       0.10   (Wallclock seconds):       0.10

