Welcome to the CBC MILP Solver 
Version: 2.10.3 
Build Date: Dec 15 2019 

command line - E:\dachuang\.venv\Lib\site-packages\pulp\apis\../solverdir/cbc/win/i64/cbc.exe model.mps -primalTolerance 1e-9 -integerTolerance 1e-9 -ratioGap 0 -allowableGap 0 -threads 0 -branch -printingOptions all -solution solution.txt -saveSolution solution.bin -quit (default strategy 1)
At line 2 NAME          MODEL
At line 3 ROWS
At line 317 COLUMNS
At line 1133 RHS
At line 1446 BOUNDS
At line 1521 ENDATA
Problem MODEL has 312 rows, 241 columns and 647 elements
Coin0008I MODEL read with 0 errors
primalTolerance was changed from 1e-07 to 1e-09
integerTolerance was changed from 1e-07 to 1e-09
ratioGap was changed from 0 to 0
allowableGap was changed from 1e-10 to 0
Continuous objective value is 2.66425e+06 - 0.00 seconds
Cgl0004I processed model has 112 rows, 153 columns (24 integer (24 of which binary)) and 325 elements
Cbc0038I Initial state - 7 integers unsatisfied sum - 1.73554
Cbc0038I Pass   1: suminf.    0.00000 (0) obj. 2.73654e+06 iterations 14
Cbc0038I Solution found of 2.73654e+06
Cbc0038I Relaxing continuous gives 2.73388e+06
Cbc0038I Before mini branch and bound, 17 integers at bound fixed and 79 continuous
Cbc0038I Full problem 112 rows 153 columns, reduced to 10 rows 12 columns
Cbc0038I Mini branch and bound improved solution from 2.73388e+06 to 2.66455e+06 (0.01 seconds)
Cbc0038I Round again with cutoff of 2.66452e+06
Cbc0038I Pass   2: suminf.    0.55795 (2) obj. 2.66452e+06 iterations 9
Cbc0038I Pass   3: suminf.    0.00000 (0) obj. 2.66452e+06 iterations 10
Cbc0038I Solution found of 2.66452e+06
Cbc0038I Relaxing continuous gives 2.66446e+06
Cbc0038I Before mini branch and bound, 17 integers at bound fixed and 77 continuous
Cbc0038I Full problem 112 rows 153 columns, reduced to 12 rows 16 columns
Cbc0038I Mini branch and bound improved solution from 2.66446e+06 to 2.66445e+06 (0.01 seconds)
Cbc0038I Round again with cutoff of 2.66441e+06
Cbc0038I Pass   4: suminf.    0.77859 (2) obj. 2.66441e+06 iterations 1
Cbc0038I Pass   5: suminf.    0.62070 (4) obj. 2.66441e+06 iterations 8
Cbc0038I Pass   6: suminf.    0.62991 (4) obj. 2.66441e+06 iterations 12
Cbc0038I Pass   7: suminf.    0.61946 (3) obj. 2.66441e+06 iterations 2
Cbc0038I Pass   8: suminf.    0.61946 (4) obj. 2.66441e+06 iterations 4
Cbc0038I Pass   9: suminf.    0.97032 (4) obj. 2.66441e+06 iterations 5
Cbc0038I Pass  10: suminf.    0.65618 (4) obj. 2.66441e+06 iterations 3
Cbc0038I Pass  11: suminf.    0.94405 (4) obj. 2.66441e+06 iterations 7
Cbc0038I Pass  12: suminf.    0.61946 (3) obj. 2.66441e+06 iterations 4
Cbc0038I Pass  13: suminf.    0.61946 (4) obj. 2.66441e+06 iterations 4
Cbc0038I Pass  14: suminf.    0.97032 (4) obj. 2.66441e+06 iterations 5
Cbc0038I Pass  15: suminf.    0.65618 (4) obj. 2.66441e+06 iterations 3
Cbc0038I Pass  16: suminf.    0.94405 (4) obj. 2.66441e+06 iterations 5
Cbc0038I Pass  17: suminf.    0.61946 (3) obj. 2.66441e+06 iterations 4
Cbc0038I Pass  18: suminf.    0.61946 (4) obj. 2.66441e+06 iterations 4
Cbc0038I Pass  19: suminf.    0.97032 (4) obj. 2.66441e+06 iterations 5
Cbc0038I Pass  20: suminf.    0.65618 (4) obj. 2.66441e+06 iterations 3
Cbc0038I Pass  21: suminf.    0.94405 (4) obj. 2.66441e+06 iterations 7
Cbc0038I Pass  22: suminf.    0.61946 (3) obj. 2.66441e+06 iterations 4
Cbc0038I Pass  23: suminf.    0.61946 (4) obj. 2.66441e+06 iterations 4
Cbc0038I Pass  24: suminf.    0.97032 (4) obj. 2.66441e+06 iterations 5
Cbc0038I Pass  25: suminf.    0.65618 (4) obj. 2.66441e+06 iterations 3
Cbc0038I Pass  26: suminf.    0.94405 (4) obj. 2.66441e+06 iterations 7
Cbc0038I Pass  27: suminf.    0.61946 (3) obj. 2.66441e+06 iterations 4
Cbc0038I Pass  28: suminf.    0.61946 (4) obj. 2.66441e+06 iterations 4
Cbc0038I Pass  29: suminf.    0.97032 (4) obj. 2.66441e+06 iterations 5
Cbc0038I Pass  30: suminf.    0.65618 (4) obj. 2.66441e+06 iterations 3
Cbc0038I Pass  31: suminf.    0.94405 (4) obj. 2.66441e+06 iterations 7
Cbc0038I Pass  32: suminf.    0.61946 (3) obj. 2.66441e+06 iterations 4
Cbc0038I Pass  33: suminf.    0.61946 (4) obj. 2.66441e+06 iterations 4
Cbc0038I No solution found this major pass
Cbc0038I Before mini branch and bound, 17 integers at bound fixed and 77 continuous
Cbc0038I Full problem 112 rows 153 columns, reduced to 17 rows 22 columns
Cbc0038I Mini branch and bound improved solution from 2.66445e+06 to 2.66445e+06 (0.03 seconds)
Cbc0038I Round again with cutoff of 2.66436e+06
Cbc0038I Pass  33: suminf.    0.87430 (5) obj. 2.66436e+06 iterations 3
Cbc0038I Pass  34: suminf.    0.84673 (5) obj. 2.66436e+06 iterations 2
Cbc0038I Pass  35: suminf.    0.84160 (4) obj. 2.66436e+06 iterations 14
Cbc0038I Pass  36: suminf.    0.83948 (4) obj. 2.66436e+06 iterations 2
Cbc0038I Pass  37: suminf.    1.19698 (4) obj. 2.66436e+06 iterations 9
Cbc0038I Pass  38: suminf.    1.59698 (5) obj. 2.66436e+06 iterations 11
Cbc0038I Pass  39: suminf.    1.23948 (5) obj. 2.66436e+06 iterations 1
Cbc0038I Pass  40: suminf.    1.19698 (4) obj. 2.66436e+06 iterations 11
Cbc0038I Pass  41: suminf.    0.83948 (4) obj. 2.66436e+06 iterations 7
Cbc0038I Pass  42: suminf.    0.88284 (5) obj. 2.66436e+06 iterations 15
Cbc0038I Pass  43: suminf.    0.43002 (5) obj. 2.66436e+06 iterations 4
Cbc0038I Pass  44: suminf.    1.19698 (5) obj. 2.66436e+06 iterations 6
Cbc0038I Pass  45: suminf.    1.19698 (5) obj. 2.66436e+06 iterations 11
Cbc0038I Pass  46: suminf.    0.43002 (5) obj. 2.66436e+06 iterations 2
Cbc0038I Pass  47: suminf.    1.19698 (5) obj. 2.66436e+06 iterations 6
Cbc0038I Pass  48: suminf.    1.19698 (5) obj. 2.66436e+06 iterations 8
Cbc0038I Pass  49: suminf.    0.43002 (5) obj. 2.66436e+06 iterations 4
Cbc0038I Pass  50: suminf.    1.19698 (5) obj. 2.66436e+06 iterations 6
Cbc0038I Pass  51: suminf.    1.19698 (5) obj. 2.66436e+06 iterations 9
Cbc0038I Pass  52: suminf.    0.43002 (5) obj. 2.66436e+06 iterations 3
Cbc0038I Pass  53: suminf.    1.19698 (5) obj. 2.66436e+06 iterations 6
Cbc0038I Pass  54: suminf.    1.59698 (6) obj. 2.66436e+06 iterations 9
Cbc0038I Pass  55: suminf.    0.83002 (6) obj. 2.66436e+06 iterations 3
Cbc0038I Pass  56: suminf.    1.19698 (5) obj. 2.66436e+06 iterations 7
Cbc0038I Pass  57: suminf.    0.43002 (5) obj. 2.66436e+06 iterations 2
Cbc0038I Pass  58: suminf.    0.43002 (5) obj. 2.66436e+06 iterations 4
Cbc0038I Pass  59: suminf.    1.19698 (5) obj. 2.66436e+06 iterations 6
Cbc0038I Pass  60: suminf.    0.43002 (5) obj. 2.66436e+06 iterations 2
Cbc0038I Pass  61: suminf.    0.43002 (5) obj. 2.66436e+06 iterations 5
Cbc0038I Pass  62: suminf.    1.19698 (5) obj. 2.66436e+06 iterations 6
Cbc0038I No solution found this major pass
Cbc0038I Before mini branch and bound, 3 integers at bound fixed and 63 continuous
Cbc0038I Full problem 112 rows 153 columns, reduced to 22 rows 30 columns
Cbc0038I Mini branch and bound did not improve solution (0.04 seconds)
Cbc0038I After 0.04 seconds - Feasibility pump exiting with objective of 2.66445e+06 - took 0.04 seconds
Cbc0012I Integer solution of 2664450.4 found by feasibility pump after 0 iterations and 0 nodes (0.05 seconds)
Cbc0038I Full problem 112 rows 153 columns, reduced to 65 rows 102 columns
Cbc0031I 9 added rows had average density of 24.666667
Cbc0013I At root node, 9 cuts changed objective from 2664247 to 2664444.2 in 100 passes
Cbc0014I Cut generator 0 (Probing) - 2 row cuts average 2.0 elements, 5 column cuts (5 active)  in 0.006 seconds - new frequency is 1
Cbc0014I Cut generator 1 (Gomory) - 301 row cuts average 38.7 elements, 0 column cuts (0 active)  in 0.010 seconds - new frequency is 1
Cbc0014I Cut generator 2 (Knapsack) - 0 row cuts average 0.0 elements, 0 column cuts (0 active)  in 0.015 seconds - new frequency is -100
Cbc0014I Cut generator 3 (Clique) - 0 row cuts average 0.0 elements, 0 column cuts (0 active)  in 0.001 seconds - new frequency is -100
Cbc0014I Cut generator 4 (MixedIntegerRounding2) - 1 row cuts average 5.0 elements, 0 column cuts (0 active)  in 0.003 seconds - new frequency is -100
Cbc0014I Cut generator 5 (FlowCover) - 0 row cuts average 0.0 elements, 0 column cuts (0 active)  in 0.021 seconds - new frequency is -100
Cbc0014I Cut generator 6 (TwoMirCuts) - 17 row cuts average 16.6 elements, 0 column cuts (0 active)  in 0.003 seconds - new frequency is -100
Cbc0001I Search completed - best objective 2664450.353999808, took 868 iterations and 0 nodes (0.17 seconds)
Cbc0032I Strong branching done 8 times (40 iterations), fathomed 1 nodes and fixed 0 variables
Cbc0035I Maximum depth 0, 0 variables fixed on reduced cost
Cuts at root node changed objective from 2.66425e+06 to 2.66446e+06
Probing was tried 100 times and created 7 cuts of which 0 were active after adding rounds of cuts (0.006 seconds)
Gomory was tried 100 times and created 301 cuts of which 0 were active after adding rounds of cuts (0.010 seconds)
Knapsack was tried 100 times and created 0 cuts of which 0 were active after adding rounds of cuts (0.015 seconds)
Clique was tried 100 times and created 0 cuts of which 0 were active after adding rounds of cuts (0.001 seconds)
MixedIntegerRounding2 was tried 100 times and created 1 cuts of which 0 were active after adding rounds of cuts (0.003 seconds)
FlowCover was tried 100 times and created 0 cuts of which 0 were active after adding rounds of cuts (0.021 seconds)
TwoMirCuts was tried 100 times and created 17 cuts of which 0 were active after adding rounds of cuts (0.003 seconds)
ZeroHalf was tried 1 times and created 0 cuts of which 0 were active after adding rounds of cuts (0.000 seconds)

Result - Optimal solution found

Objective value:                2664450.35399981
Enumerated nodes:               0
Total iterations:               868
Time (CPU seconds):             0.18
Time (Wallclock seconds):       0.18

Option for printingOptions changed from normal to all
Total time (CPU seconds):       0.20   (Wallclock seconds):       0.20

