Welcome to the CBC MILP Solver 
Version: 2.10.3 
Build Date: Dec 15 2019 

command line - E:\dachuang\.venv\Lib\site-packages\pulp\apis\../solverdir/cbc/win/i64/cbc.exe model.mps -primalTolerance 1e-9 -integerTolerance 1e-9 -ratioGap 0 -allowableGap 0 -threads 0 -branch -printingOptions all -solution solution.txt -saveSolution solution.bin -quit (default strategy 1)
At line 2 NAME          MODEL
At line 3 ROWS
At line 317 COLUMNS
At line 1133 RHS
At line 1446 BOUNDS
At line 1521 ENDATA
Problem MODEL has 312 rows, 241 columns and 647 elements
Coin0008I MODEL read with 0 errors
primalTolerance was changed from 1e-07 to 1e-09
integerTolerance was changed from 1e-07 to 1e-09
ratioGap was changed from 0 to 0
allowableGap was changed from 1e-10 to 0
Continuous objective value is 1.0891e+06 - 0.00 seconds
Cgl0004I processed model has 114 rows, 159 columns (24 integer (24 of which binary)) and 337 elements
Cbc0038I Initial state - 7 integers unsatisfied sum - 1.74255
Cbc0038I Pass   1: suminf.    0.00000 (0) obj. 1.08992e+06 iterations 14
Cbc0038I Solution found of 1.08992e+06
Cbc0038I Relaxing continuous gives 1.08992e+06
Cbc0038I Before mini branch and bound, 17 integers at bound fixed and 84 continuous
Cbc0038I Full problem 114 rows 159 columns, reduced to 8 rows 9 columns
Cbc0038I Mini branch and bound improved solution from 1.08992e+06 to 1.08939e+06 (0.01 seconds)
Cbc0038I Round again with cutoff of 1.08936e+06
Cbc0038I Pass   2: suminf.    0.25338 (2) obj. 1.08936e+06 iterations 7
Cbc0038I Pass   3: suminf.    0.12470 (1) obj. 1.08936e+06 iterations 10
Cbc0038I Pass   4: suminf.    0.49341 (1) obj. 1.08936e+06 iterations 4
Cbc0038I Solution found of 1.08936e+06
Cbc0038I Relaxing continuous gives 1.08926e+06
Cbc0038I Before mini branch and bound, 15 integers at bound fixed and 79 continuous
Cbc0038I Full problem 114 rows 159 columns, reduced to 16 rows 21 columns
Cbc0038I Mini branch and bound improved solution from 1.08926e+06 to 1.08926e+06 (0.01 seconds)
Cbc0038I Freeing continuous variables gives a solution of 1.08926e+06
Cbc0038I Round again with cutoff of 1.08923e+06
Cbc0038I Pass   5: suminf.    0.83408 (3) obj. 1.08923e+06 iterations 2
Cbc0038I Pass   6: suminf.    0.15002 (1) obj. 1.08923e+06 iterations 6
Cbc0038I Pass   7: suminf.    0.15002 (1) obj. 1.08923e+06 iterations 0
Cbc0038I Pass   8: suminf.    0.70540 (2) obj. 1.08923e+06 iterations 2
Cbc0038I Pass   9: suminf.    0.90708 (4) obj. 1.08923e+06 iterations 7
Cbc0038I Pass  10: suminf.    0.83408 (3) obj. 1.08923e+06 iterations 2
Cbc0038I Pass  11: suminf.    0.15002 (1) obj. 1.08923e+06 iterations 5
Cbc0038I Pass  12: suminf.    0.15002 (1) obj. 1.08923e+06 iterations 0
Cbc0038I Pass  13: suminf.    0.70540 (2) obj. 1.08923e+06 iterations 2
Cbc0038I Pass  14: suminf.    1.26168 (5) obj. 1.08923e+06 iterations 7
Cbc0038I Pass  15: suminf.    0.70540 (2) obj. 1.08923e+06 iterations 3
Cbc0038I Pass  16: suminf.    0.15002 (1) obj. 1.08923e+06 iterations 3
Cbc0038I Pass  17: suminf.    0.15002 (1) obj. 1.08923e+06 iterations 0
Cbc0038I Pass  18: suminf.    0.87238 (3) obj. 1.08923e+06 iterations 14
Cbc0038I Pass  19: suminf.    0.72273 (3) obj. 1.08923e+06 iterations 4
Cbc0038I Pass  20: suminf.    0.24463 (2) obj. 1.08923e+06 iterations 11
Cbc0038I Pass  21: suminf.    0.15002 (1) obj. 1.08923e+06 iterations 4
Cbc0038I Pass  22: suminf.    0.22540 (1) obj. 1.08923e+06 iterations 4
Cbc0038I Pass  23: suminf.    1.27763 (4) obj. 1.08923e+06 iterations 14
Cbc0038I Pass  24: suminf.    0.47252 (2) obj. 1.08923e+06 iterations 5
Cbc0038I Pass  25: suminf.    0.12352 (1) obj. 1.08923e+06 iterations 8
Cbc0038I Pass  26: suminf.    0.15002 (1) obj. 1.08923e+06 iterations 1
Cbc0038I Pass  27: suminf.    0.78631 (4) obj. 1.08923e+06 iterations 11
Cbc0038I Pass  28: suminf.    0.70752 (3) obj. 1.08923e+06 iterations 1
Cbc0038I Pass  29: suminf.    0.12352 (1) obj. 1.08923e+06 iterations 7
Cbc0038I Pass  30: suminf.    0.15002 (1) obj. 1.08923e+06 iterations 1
Cbc0038I Pass  31: suminf.    0.89984 (4) obj. 1.08923e+06 iterations 10
Cbc0038I Pass  32: suminf.    0.47252 (2) obj. 1.08923e+06 iterations 7
Cbc0038I Pass  33: suminf.    0.12352 (1) obj. 1.08923e+06 iterations 6
Cbc0038I Pass  34: suminf.    0.15002 (1) obj. 1.08923e+06 iterations 1
Cbc0038I No solution found this major pass
Cbc0038I Before mini branch and bound, 5 integers at bound fixed and 70 continuous
Cbc0038I Full problem 114 rows 159 columns, reduced to 20 rows 27 columns
Cbc0038I Mini branch and bound improved solution from 1.08926e+06 to 1.08926e+06 (0.03 seconds)
Cbc0038I Freeing continuous variables gives a solution of 1.08926e+06
Cbc0038I Round again with cutoff of 1.08919e+06
Cbc0038I Pass  34: suminf.    1.00670 (4) obj. 1.08919e+06 iterations 2
Cbc0038I Pass  35: suminf.    0.52716 (2) obj. 1.08919e+06 iterations 12
Cbc0038I Pass  36: suminf.    0.33005 (2) obj. 1.08919e+06 iterations 7
Cbc0038I Pass  37: suminf.    0.56088 (2) obj. 1.08919e+06 iterations 6
Cbc0038I Pass  38: suminf.    0.38787 (1) obj. 1.08919e+06 iterations 2
Cbc0038I Pass  39: suminf.    0.38234 (2) obj. 1.08919e+06 iterations 14
Cbc0038I Pass  40: suminf.    0.30355 (1) obj. 1.08919e+06 iterations 1
Cbc0038I Pass  41: suminf.    0.38787 (1) obj. 1.08919e+06 iterations 2
Cbc0038I Pass  42: suminf.    0.39816 (2) obj. 1.08919e+06 iterations 2
Cbc0038I Pass  43: suminf.    0.61934 (3) obj. 1.08919e+06 iterations 11
Cbc0038I Pass  44: suminf.    0.30355 (2) obj. 1.08919e+06 iterations 1
Cbc0038I Pass  45: suminf.    0.38787 (1) obj. 1.08919e+06 iterations 6
Cbc0038I Pass  46: suminf.    0.42466 (2) obj. 1.08919e+06 iterations 4
Cbc0038I Pass  47: suminf.    0.33005 (1) obj. 1.08919e+06 iterations 7
Cbc0038I Pass  48: suminf.    0.33005 (1) obj. 1.08919e+06 iterations 2
Cbc0038I Pass  49: suminf.    0.33005 (1) obj. 1.08919e+06 iterations 0
Cbc0038I Pass  50: suminf.    1.41955 (4) obj. 1.08919e+06 iterations 6
Cbc0038I Pass  51: suminf.    1.11855 (3) obj. 1.08919e+06 iterations 1
Cbc0038I Pass  52: suminf.    0.38787 (1) obj. 1.08919e+06 iterations 6
Cbc0038I Pass  53: suminf.    0.42466 (2) obj. 1.08919e+06 iterations 3
Cbc0038I Pass  54: suminf.    0.33005 (1) obj. 1.08919e+06 iterations 3
Cbc0038I Pass  55: suminf.    0.63105 (2) obj. 1.08919e+06 iterations 10
Cbc0038I Pass  56: suminf.    0.33005 (1) obj. 1.08919e+06 iterations 3
Cbc0038I Pass  57: suminf.    0.38787 (1) obj. 1.08919e+06 iterations 4
Cbc0038I Pass  58: suminf.    0.42466 (2) obj. 1.08919e+06 iterations 3
Cbc0038I Pass  59: suminf.    0.33005 (1) obj. 1.08919e+06 iterations 3
Cbc0038I Pass  60: suminf.    0.30355 (1) obj. 1.08919e+06 iterations 4
Cbc0038I Pass  61: suminf.    0.38787 (1) obj. 1.08919e+06 iterations 3
Cbc0038I Pass  62: suminf.    0.39816 (2) obj. 1.08919e+06 iterations 3
Cbc0038I Pass  63: suminf.    0.30355 (1) obj. 1.08919e+06 iterations 3
Cbc0038I No solution found this major pass
Cbc0038I Before mini branch and bound, 5 integers at bound fixed and 70 continuous
Cbc0038I Full problem 114 rows 159 columns, reduced to 21 rows 27 columns
Cbc0038I Mini branch and bound did not improve solution (0.04 seconds)
Cbc0038I After 0.04 seconds - Feasibility pump exiting with objective of 1.08926e+06 - took 0.04 seconds
Cbc0012I Integer solution of 1089255.9 found by feasibility pump after 0 iterations and 0 nodes (0.04 seconds)
Cbc0038I Full problem 114 rows 159 columns, reduced to 73 rows 116 columns
Cbc0031I 7 added rows had average density of 11.571429
Cbc0013I At root node, 7 cuts changed objective from 1089104.3 to 1089160.2 in 48 passes
Cbc0014I Cut generator 0 (Probing) - 2 row cuts average 2.0 elements, 3 column cuts (3 active)  in 0.007 seconds - new frequency is 1
Cbc0014I Cut generator 1 (Gomory) - 109 row cuts average 24.3 elements, 0 column cuts (0 active)  in 0.003 seconds - new frequency is 1
Cbc0014I Cut generator 2 (Knapsack) - 0 row cuts average 0.0 elements, 0 column cuts (0 active)  in 0.008 seconds - new frequency is -100
Cbc0014I Cut generator 3 (Clique) - 0 row cuts average 0.0 elements, 0 column cuts (0 active)  in 0.000 seconds - new frequency is -100
Cbc0014I Cut generator 4 (MixedIntegerRounding2) - 9 row cuts average 7.4 elements, 0 column cuts (0 active)  in 0.003 seconds - new frequency is 1
Cbc0014I Cut generator 5 (FlowCover) - 0 row cuts average 0.0 elements, 0 column cuts (0 active)  in 0.005 seconds - new frequency is -100
Cbc0014I Cut generator 6 (TwoMirCuts) - 17 row cuts average 12.5 elements, 0 column cuts (0 active)  in 0.001 seconds - new frequency is -100
Cbc0010I After 0 nodes, 1 on tree, 1089255.9 best solution, best possible 1089160.2 (0.11 seconds)
Cbc0001I Search completed - best objective 1089255.911407684, took 347 iterations and 6 nodes (0.12 seconds)
Cbc0032I Strong branching done 34 times (113 iterations), fathomed 4 nodes and fixed 0 variables
Cbc0035I Maximum depth 2, 0 variables fixed on reduced cost
Cuts at root node changed objective from 1.0891e+06 to 1.08916e+06
Probing was tried 58 times and created 5 cuts of which 0 were active after adding rounds of cuts (0.008 seconds)
Gomory was tried 58 times and created 118 cuts of which 0 were active after adding rounds of cuts (0.003 seconds)
Knapsack was tried 48 times and created 0 cuts of which 0 were active after adding rounds of cuts (0.008 seconds)
Clique was tried 48 times and created 0 cuts of which 0 were active after adding rounds of cuts (0.000 seconds)
MixedIntegerRounding2 was tried 58 times and created 10 cuts of which 0 were active after adding rounds of cuts (0.003 seconds)
FlowCover was tried 48 times and created 0 cuts of which 0 were active after adding rounds of cuts (0.005 seconds)
TwoMirCuts was tried 48 times and created 17 cuts of which 0 were active after adding rounds of cuts (0.001 seconds)
ZeroHalf was tried 1 times and created 0 cuts of which 0 were active after adding rounds of cuts (0.000 seconds)

Result - Optimal solution found

Objective value:                1089255.91140768
Enumerated nodes:               6
Total iterations:               347
Time (CPU seconds):             0.12
Time (Wallclock seconds):       0.12

Option for printingOptions changed from normal to all
Total time (CPU seconds):       0.15   (Wallclock seconds):       0.15

