Welcome to the CBC MILP Solver 
Version: 2.10.3 
Build Date: Dec 15 2019 

command line - E:\dachuang\.venv\Lib\site-packages\pulp\apis\../solverdir/cbc/win/i64/cbc.exe model.mps -primalTolerance 1e-9 -integerTolerance 1e-9 -ratioGap 0 -allowableGap 0 -threads 0 -branch -printingOptions all -solution solution.txt -saveSolution solution.bin -quit (default strategy 1)
At line 2 NAME          MODEL
At line 3 ROWS
At line 317 COLUMNS
At line 1133 RHS
At line 1446 BOUNDS
At line 1521 ENDATA
Problem MODEL has 312 rows, 241 columns and 647 elements
Coin0008I MODEL read with 0 errors
primalTolerance was changed from 1e-07 to 1e-09
integerTolerance was changed from 1e-07 to 1e-09
ratioGap was changed from 0 to 0
allowableGap was changed from 1e-10 to 0
Continuous objective value is 3.31582e+06 - 0.00 seconds
Cgl0004I processed model has 111 rows, 152 columns (24 integer (24 of which binary)) and 321 elements
Cbc0038I Initial state - 5 integers unsatisfied sum - 1.56415
Cbc0038I Pass   1: suminf.    0.00000 (0) obj. 3.31611e+06 iterations 11
Cbc0038I Solution found of 3.31611e+06
Cbc0038I Relaxing continuous gives 3.31611e+06
Cbc0038I Before mini branch and bound, 19 integers at bound fixed and 89 continuous
Cbc0038I Full problem 111 rows 152 columns, reduced to 7 rows 8 columns
Cbc0038I Mini branch and bound did not improve solution (0.01 seconds)
Cbc0038I Freeing continuous variables gives a solution of 3.31611e+06
Cbc0038I Round again with cutoff of 3.31608e+06
Cbc0038I Pass   2: suminf.    0.12484 (1) obj. 3.31608e+06 iterations 1
Cbc0038I Pass   3: suminf.    0.00000 (0) obj. 3.31608e+06 iterations 8
Cbc0038I Solution found of 3.31608e+06
Cbc0038I Relaxing continuous gives 3.31595e+06
Cbc0038I Before mini branch and bound, 19 integers at bound fixed and 86 continuous
Cbc0038I Full problem 111 rows 152 columns, reduced to 12 rows 17 columns
Cbc0038I Mini branch and bound did not improve solution (0.01 seconds)
Cbc0038I Freeing continuous variables gives a solution of 3.31595e+06
Cbc0038I Round again with cutoff of 3.31592e+06
Cbc0038I Pass   4: suminf.    0.18861 (1) obj. 3.31592e+06 iterations 2
Cbc0038I Pass   5: suminf.    0.10924 (2) obj. 3.31592e+06 iterations 11
Cbc0038I Pass   6: suminf.    0.48947 (3) obj. 3.31592e+06 iterations 13
Cbc0038I Pass   7: suminf.    0.48947 (3) obj. 3.31592e+06 iterations 1
Cbc0038I Pass   8: suminf.    0.81543 (4) obj. 3.31592e+06 iterations 7
Cbc0038I Pass   9: suminf.    0.81543 (4) obj. 3.31592e+06 iterations 1
Cbc0038I Pass  10: suminf.    0.48947 (3) obj. 3.31592e+06 iterations 14
Cbc0038I Pass  11: suminf.    0.48947 (3) obj. 3.31592e+06 iterations 0
Cbc0038I Pass  12: suminf.    0.81543 (4) obj. 3.31592e+06 iterations 6
Cbc0038I Pass  13: suminf.    1.13122 (5) obj. 3.31592e+06 iterations 3
Cbc0038I Pass  14: suminf.    0.81543 (4) obj. 3.31592e+06 iterations 2
Cbc0038I Pass  15: suminf.    0.48947 (3) obj. 3.31592e+06 iterations 10
Cbc0038I Pass  16: suminf.    0.48947 (3) obj. 3.31592e+06 iterations 0
Cbc0038I Pass  17: suminf.    1.21253 (4) obj. 3.31592e+06 iterations 11
Cbc0038I Pass  18: suminf.    0.45818 (3) obj. 3.31592e+06 iterations 4
Cbc0038I Pass  19: suminf.    0.73253 (2) obj. 3.31592e+06 iterations 6
Cbc0038I Pass  20: suminf.    0.45818 (3) obj. 3.31592e+06 iterations 13
Cbc0038I Pass  21: suminf.    0.73253 (2) obj. 3.31592e+06 iterations 12
Cbc0038I Pass  22: suminf.    0.45818 (3) obj. 3.31592e+06 iterations 3
Cbc0038I Pass  23: suminf.    0.45818 (3) obj. 3.31592e+06 iterations 10
Cbc0038I Pass  24: suminf.    0.45818 (3) obj. 3.31592e+06 iterations 1
Cbc0038I Pass  25: suminf.    0.73253 (2) obj. 3.31592e+06 iterations 14
Cbc0038I Pass  26: suminf.    1.21253 (3) obj. 3.31592e+06 iterations 12
Cbc0038I Pass  27: suminf.    0.45818 (3) obj. 3.31592e+06 iterations 5
Cbc0038I Pass  28: suminf.    0.73253 (2) obj. 3.31592e+06 iterations 12
Cbc0038I Pass  29: suminf.    0.48947 (3) obj. 3.31592e+06 iterations 17
Cbc0038I Pass  30: suminf.    0.81543 (4) obj. 3.31592e+06 iterations 6
Cbc0038I Pass  31: suminf.    0.48947 (3) obj. 3.31592e+06 iterations 9
Cbc0038I Pass  32: suminf.    0.48947 (3) obj. 3.31592e+06 iterations 0
Cbc0038I Pass  33: suminf.    0.96947 (4) obj. 3.31592e+06 iterations 4
Cbc0038I No solution found this major pass
Cbc0038I Before mini branch and bound, 3 integers at bound fixed and 68 continuous
Cbc0038I Full problem 111 rows 152 columns, reduced to 18 rows 24 columns
Cbc0038I Mini branch and bound improved solution from 3.31595e+06 to 3.31594e+06 (0.03 seconds)
Cbc0038I Freeing continuous variables gives a solution of 3.31594e+06
Cbc0038I Round again with cutoff of 3.31589e+06
Cbc0038I Pass  33: suminf.    0.26424 (3) obj. 3.31589e+06 iterations 2
Cbc0038I Pass  34: suminf.    0.24033 (2) obj. 3.31589e+06 iterations 3
Cbc0038I Pass  35: suminf.    0.63472 (3) obj. 3.31589e+06 iterations 13
Cbc0038I Pass  36: suminf.    0.63472 (3) obj. 3.31589e+06 iterations 0
Cbc0038I Pass  37: suminf.    0.96068 (4) obj. 3.31589e+06 iterations 6
Cbc0038I Pass  38: suminf.    0.99100 (2) obj. 3.31589e+06 iterations 13
Cbc0038I Pass  39: suminf.    0.96068 (4) obj. 3.31589e+06 iterations 3
Cbc0038I Pass  40: suminf.    0.63472 (3) obj. 3.31589e+06 iterations 8
Cbc0038I Pass  41: suminf.    0.63472 (3) obj. 3.31589e+06 iterations 0
Cbc0038I Pass  42: suminf.    0.63472 (3) obj. 3.31589e+06 iterations 5
Cbc0038I Pass  43: suminf.    0.63472 (3) obj. 3.31589e+06 iterations 1
Cbc0038I Pass  44: suminf.    0.96068 (4) obj. 3.31589e+06 iterations 5
Cbc0038I Pass  45: suminf.    0.63472 (3) obj. 3.31589e+06 iterations 8
Cbc0038I Pass  46: suminf.    0.63472 (3) obj. 3.31589e+06 iterations 11
Cbc0038I Pass  47: suminf.    0.96068 (4) obj. 3.31589e+06 iterations 6
Cbc0038I Pass  48: suminf.    0.63472 (3) obj. 3.31589e+06 iterations 8
Cbc0038I Pass  49: suminf.    0.63472 (3) obj. 3.31589e+06 iterations 0
Cbc0038I Pass  50: suminf.    0.63472 (3) obj. 3.31589e+06 iterations 5
Cbc0038I Pass  51: suminf.    0.96068 (4) obj. 3.31589e+06 iterations 5
Cbc0038I Pass  52: suminf.    0.63472 (3) obj. 3.31589e+06 iterations 8
Cbc0038I Pass  53: suminf.    0.63472 (3) obj. 3.31589e+06 iterations 0
Cbc0038I Pass  54: suminf.    0.63472 (3) obj. 3.31589e+06 iterations 3
Cbc0038I Pass  55: suminf.    0.96068 (4) obj. 3.31589e+06 iterations 5
Cbc0038I Pass  56: suminf.    0.63472 (3) obj. 3.31589e+06 iterations 8
Cbc0038I Pass  57: suminf.    0.63472 (3) obj. 3.31589e+06 iterations 0
Cbc0038I Pass  58: suminf.    0.61143 (5) obj. 3.31589e+06 iterations 8
Cbc0038I Pass  59: suminf.    0.60343 (4) obj. 3.31589e+06 iterations 2
Cbc0038I Pass  60: suminf.    0.96068 (3) obj. 3.31589e+06 iterations 10
Cbc0038I Pass  61: suminf.    0.63472 (3) obj. 3.31589e+06 iterations 1
Cbc0038I Pass  62: suminf.    0.63472 (3) obj. 3.31589e+06 iterations 0
Cbc0038I No solution found this major pass
Cbc0038I Before mini branch and bound, 5 integers at bound fixed and 65 continuous
Cbc0038I Full problem 111 rows 152 columns, reduced to 18 rows 24 columns
Cbc0038I Mini branch and bound did not improve solution (0.04 seconds)
Cbc0038I After 0.04 seconds - Feasibility pump exiting with objective of 3.31594e+06 - took 0.03 seconds
Cbc0012I Integer solution of 3315940.7 found by feasibility pump after 0 iterations and 0 nodes (0.04 seconds)
Cbc0038I Full problem 111 rows 152 columns, reduced to 62 rows 98 columns
Cbc0031I 4 added rows had average density of 16.25
Cbc0013I At root node, 4 cuts changed objective from 3315822.3 to 3315940.1 in 21 passes
Cbc0014I Cut generator 0 (Probing) - 0 row cuts average 0.0 elements, 5 column cuts (5 active)  in 0.004 seconds - new frequency is 1
Cbc0014I Cut generator 1 (Gomory) - 33 row cuts average 23.5 elements, 0 column cuts (0 active)  in 0.002 seconds - new frequency is 1
Cbc0014I Cut generator 2 (Knapsack) - 0 row cuts average 0.0 elements, 0 column cuts (0 active)  in 0.009 seconds - new frequency is -100
Cbc0014I Cut generator 3 (Clique) - 0 row cuts average 0.0 elements, 0 column cuts (0 active)  in 0.000 seconds - new frequency is -100
Cbc0014I Cut generator 4 (MixedIntegerRounding2) - 0 row cuts average 0.0 elements, 0 column cuts (0 active)  in 0.002 seconds - new frequency is -100
Cbc0014I Cut generator 5 (FlowCover) - 0 row cuts average 0.0 elements, 0 column cuts (0 active)  in 0.000 seconds - new frequency is -100
Cbc0014I Cut generator 6 (TwoMirCuts) - 13 row cuts average 11.8 elements, 0 column cuts (0 active)  in 0.000 seconds - new frequency is -100
Cbc0001I Search completed - best objective 3315940.717723468, took 93 iterations and 0 nodes (0.07 seconds)
Cbc0032I Strong branching done 2 times (4 iterations), fathomed 1 nodes and fixed 0 variables
Cbc0035I Maximum depth 0, 0 variables fixed on reduced cost
Cuts at root node changed objective from 3.31582e+06 to 3.316e+06
Probing was tried 21 times and created 5 cuts of which 0 were active after adding rounds of cuts (0.004 seconds)
Gomory was tried 21 times and created 33 cuts of which 0 were active after adding rounds of cuts (0.002 seconds)
Knapsack was tried 21 times and created 0 cuts of which 0 were active after adding rounds of cuts (0.009 seconds)
Clique was tried 21 times and created 0 cuts of which 0 were active after adding rounds of cuts (0.000 seconds)
MixedIntegerRounding2 was tried 21 times and created 0 cuts of which 0 were active after adding rounds of cuts (0.002 seconds)
FlowCover was tried 21 times and created 0 cuts of which 0 were active after adding rounds of cuts (0.000 seconds)
TwoMirCuts was tried 21 times and created 13 cuts of which 0 were active after adding rounds of cuts (0.000 seconds)
ZeroHalf was tried 1 times and created 0 cuts of which 0 were active after adding rounds of cuts (0.000 seconds)

Result - Optimal solution found

Objective value:                3315940.71772347
Enumerated nodes:               0
Total iterations:               93
Time (CPU seconds):             0.07
Time (Wallclock seconds):       0.07

Option for printingOptions changed from normal to all
Total time (CPU seconds):       0.10   (Wallclock seconds):       0.10

