Welcome to the CBC MILP Solver 
Version: 2.10.3 
Build Date: Dec 15 2019 

command line - E:\dachuang\.venv\Lib\site-packages\pulp\apis\../solverdir/cbc/win/i64/cbc.exe model.mps -primalTolerance 1e-9 -integerTolerance 1e-9 -ratioGap 0 -allowableGap 0 -threads 0 -branch -printingOptions all -solution solution.txt -saveSolution solution.bin -quit (default strategy 1)
At line 2 NAME          MODEL
At line 3 ROWS
At line 317 COLUMNS
At line 1133 RHS
At line 1446 BOUNDS
At line 1521 ENDATA
Problem MODEL has 312 rows, 241 columns and 647 elements
Coin0008I MODEL read with 0 errors
primalTolerance was changed from 1e-07 to 1e-09
integerTolerance was changed from 1e-07 to 1e-09
ratioGap was changed from 0 to 0
allowableGap was changed from 1e-10 to 0
Continuous objective value is 796250 - 0.00 seconds
Cgl0004I processed model has 117 rows, 162 columns (24 integer (24 of which binary)) and 349 elements
Cbc0038I Initial state - 9 integers unsatisfied sum - 2.29108
Cbc0038I Pass   1: suminf.    0.00000 (0) obj. 853882 iterations 19
Cbc0038I Solution found of 853882
Cbc0038I Relaxing continuous gives 803265
Cbc0038I Before mini branch and bound, 15 integers at bound fixed and 81 continuous
Cbc0038I Full problem 117 rows 162 columns, reduced to 5 rows 9 columns
Cbc0038I Mini branch and bound improved solution from 803265 to 796483 (0.01 seconds)
Cbc0038I Round again with cutoff of 796460
Cbc0038I Pass   2: suminf.    0.50107 (4) obj. 796460 iterations 13
Cbc0038I Pass   3: suminf.    0.10017 (1) obj. 796460 iterations 11
Cbc0038I Pass   4: suminf.    0.47941 (1) obj. 796460 iterations 4
Cbc0038I Pass   5: suminf.    0.36891 (1) obj. 796460 iterations 2
Cbc0038I Pass   6: suminf.    0.84983 (3) obj. 796460 iterations 9
Cbc0038I Pass   7: suminf.    0.07665 (1) obj. 796460 iterations 3
Cbc0038I Solution found of 796460
Cbc0038I Relaxing continuous gives 796394
Cbc0038I Before mini branch and bound, 10 integers at bound fixed and 75 continuous
Cbc0038I Full problem 117 rows 162 columns, reduced to 21 rows 29 columns
Cbc0038I Mini branch and bound improved solution from 796394 to 796356 (0.02 seconds)
Cbc0038I Round again with cutoff of 796335
Cbc0038I Pass   8: suminf.    1.03829 (5) obj. 796335 iterations 3
Cbc0038I Pass   9: suminf.    0.92534 (2) obj. 796335 iterations 10
Cbc0038I Pass  10: suminf.    0.15738 (1) obj. 796335 iterations 3
Cbc0038I Pass  11: suminf.    0.10091 (1) obj. 796335 iterations 2
Cbc0038I Pass  12: suminf.    1.72674 (7) obj. 796335 iterations 17
Cbc0038I Pass  13: suminf.    0.62548 (4) obj. 796335 iterations 4
Cbc0038I Pass  14: suminf.    0.10091 (1) obj. 796335 iterations 6
Cbc0038I Pass  15: suminf.    0.27857 (1) obj. 796335 iterations 4
Cbc0038I Pass  16: suminf.    1.18534 (4) obj. 796335 iterations 6
Cbc0038I Pass  17: suminf.    0.53857 (2) obj. 796335 iterations 5
Cbc0038I Pass  18: suminf.    0.29802 (3) obj. 796335 iterations 5
Cbc0038I Pass  19: suminf.    0.77948 (2) obj. 796335 iterations 6
Cbc0038I Pass  20: suminf.    0.10091 (1) obj. 796335 iterations 3
Cbc0038I Pass  21: suminf.    0.27857 (1) obj. 796335 iterations 4
Cbc0038I Pass  22: suminf.    1.73310 (7) obj. 796335 iterations 15
Cbc0038I Pass  23: suminf.    0.97383 (4) obj. 796335 iterations 4
Cbc0038I Pass  24: suminf.    0.10091 (1) obj. 796335 iterations 5
Cbc0038I Pass  25: suminf.    0.27857 (1) obj. 796335 iterations 4
Cbc0038I Pass  26: suminf.    3.05914 (11) obj. 796335 iterations 16
Cbc0038I Pass  27: suminf.    0.62698 (4) obj. 796335 iterations 10
Cbc0038I Pass  28: suminf.    2.47874 (10) obj. 796335 iterations 11
Cbc0038I Pass  29: suminf.    1.71948 (7) obj. 796335 iterations 6
Cbc0038I Pass  30: suminf.    0.10091 (1) obj. 796335 iterations 8
Cbc0038I Pass  31: suminf.    0.27857 (1) obj. 796335 iterations 2
Cbc0038I Pass  32: suminf.    1.66439 (8) obj. 796335 iterations 15
Cbc0038I Pass  33: suminf.    0.89643 (6) obj. 796335 iterations 3
Cbc0038I Pass  34: suminf.    0.10091 (1) obj. 796335 iterations 8
Cbc0038I Pass  35: suminf.    0.15738 (1) obj. 796335 iterations 4
Cbc0038I Pass  36: suminf.    0.17813 (2) obj. 796335 iterations 3
Cbc0038I Pass  37: suminf.    0.15738 (1) obj. 796335 iterations 1
Cbc0038I No solution found this major pass
Cbc0038I Before mini branch and bound, 1 integers at bound fixed and 70 continuous
Cbc0038I Full problem 117 rows 162 columns, reduced to 24 rows 33 columns
Cbc0038I Mini branch and bound did not improve solution (0.04 seconds)
Cbc0038I After 0.04 seconds - Feasibility pump exiting with objective of 796356 - took 0.03 seconds
Cbc0012I Integer solution of 796356.02 found by feasibility pump after 0 iterations and 0 nodes (0.04 seconds)
Cbc0038I Full problem 117 rows 162 columns, reduced to 84 rows 128 columns
Cbc0031I 9 added rows had average density of 10.666667
Cbc0013I At root node, 9 cuts changed objective from 796250.31 to 796255.12 in 51 passes
Cbc0014I Cut generator 0 (Probing) - 4 row cuts average 2.0 elements, 7 column cuts (7 active)  in 0.005 seconds - new frequency is 1
Cbc0014I Cut generator 1 (Gomory) - 127 row cuts average 43.4 elements, 0 column cuts (0 active)  in 0.007 seconds - new frequency is 1
Cbc0014I Cut generator 2 (Knapsack) - 0 row cuts average 0.0 elements, 0 column cuts (0 active)  in 0.006 seconds - new frequency is -100
Cbc0014I Cut generator 3 (Clique) - 0 row cuts average 0.0 elements, 0 column cuts (0 active)  in 0.000 seconds - new frequency is -100
Cbc0014I Cut generator 4 (MixedIntegerRounding2) - 8 row cuts average 4.5 elements, 0 column cuts (0 active)  in 0.004 seconds - new frequency is -100
Cbc0014I Cut generator 5 (FlowCover) - 0 row cuts average 0.0 elements, 0 column cuts (0 active)  in 0.008 seconds - new frequency is -100
Cbc0014I Cut generator 6 (TwoMirCuts) - 23 row cuts average 14.7 elements, 0 column cuts (0 active)  in 0.003 seconds - new frequency is -100
Cbc0010I After 0 nodes, 1 on tree, 796356.02 best solution, best possible 796255.12 (0.11 seconds)
Cbc0001I Search completed - best objective 796356.0172420228, took 389 iterations and 16 nodes (0.13 seconds)
Cbc0032I Strong branching done 44 times (98 iterations), fathomed 7 nodes and fixed 2 variables
Cbc0035I Maximum depth 4, 2 variables fixed on reduced cost
Cuts at root node changed objective from 796250 to 796255
Probing was tried 77 times and created 13 cuts of which 0 were active after adding rounds of cuts (0.007 seconds)
Gomory was tried 77 times and created 142 cuts of which 0 were active after adding rounds of cuts (0.009 seconds)
Knapsack was tried 51 times and created 0 cuts of which 0 were active after adding rounds of cuts (0.006 seconds)
Clique was tried 51 times and created 0 cuts of which 0 were active after adding rounds of cuts (0.000 seconds)
MixedIntegerRounding2 was tried 51 times and created 8 cuts of which 0 were active after adding rounds of cuts (0.004 seconds)
FlowCover was tried 51 times and created 0 cuts of which 0 were active after adding rounds of cuts (0.008 seconds)
TwoMirCuts was tried 51 times and created 23 cuts of which 0 were active after adding rounds of cuts (0.003 seconds)
ZeroHalf was tried 1 times and created 0 cuts of which 0 were active after adding rounds of cuts (0.000 seconds)

Result - Optimal solution found

Objective value:                796356.01724202
Enumerated nodes:               16
Total iterations:               389
Time (CPU seconds):             0.13
Time (Wallclock seconds):       0.13

Option for printingOptions changed from normal to all
Total time (CPU seconds):       0.16   (Wallclock seconds):       0.16

