Welcome to the CBC MILP Solver 
Version: 2.10.3 
Build Date: Dec 15 2019 

command line - E:\dachuang\.venv\Lib\site-packages\pulp\apis\../solverdir/cbc/win/i64/cbc.exe model.mps -primalTolerance 1e-9 -integerTolerance 1e-9 -ratioGap 0 -allowableGap 0 -threads 0 -branch -printingOptions all -solution solution.txt -saveSolution solution.bin -quit (default strategy 1)
At line 2 NAME          MODEL
At line 3 ROWS
At line 317 COLUMNS
At line 1133 RHS
At line 1446 BOUNDS
At line 1521 ENDATA
Problem MODEL has 312 rows, 241 columns and 647 elements
Coin0008I MODEL read with 0 errors
primalTolerance was changed from 1e-07 to 1e-09
integerTolerance was changed from 1e-07 to 1e-09
ratioGap was changed from 0 to 0
allowableGap was changed from 1e-10 to 0
Continuous objective value is 1.2351e+06 - 0.00 seconds
Cgl0004I processed model has 114 rows, 159 columns (24 integer (24 of which binary)) and 337 elements
Cbc0038I Initial state - 10 integers unsatisfied sum - 2.08944
Cbc0038I Pass   1: suminf.    0.00000 (0) obj. 1.37978e+06 iterations 23
Cbc0038I Solution found of 1.37978e+06
Cbc0038I Relaxing continuous gives 1.31414e+06
Cbc0038I Before mini branch and bound, 14 integers at bound fixed and 79 continuous
Cbc0038I Full problem 114 rows 159 columns, reduced to 4 rows 8 columns
Cbc0038I Mini branch and bound improved solution from 1.31414e+06 to 1.23526e+06 (0.01 seconds)
Cbc0038I Round again with cutoff of 1.23524e+06
Cbc0038I Pass   2: suminf.    1.12232 (6) obj. 1.23524e+06 iterations 21
Cbc0038I Pass   3: suminf.    0.44357 (3) obj. 1.23524e+06 iterations 16
Cbc0038I Pass   4: suminf.    0.44357 (3) obj. 1.23524e+06 iterations 0
Cbc0038I Pass   5: suminf.    0.92678 (4) obj. 1.23524e+06 iterations 7
Cbc0038I Pass   6: suminf.    0.92678 (4) obj. 1.23524e+06 iterations 0
Cbc0038I Pass   7: suminf.    0.44357 (3) obj. 1.23524e+06 iterations 12
Cbc0038I Pass   8: suminf.    0.75807 (3) obj. 1.23524e+06 iterations 11
Cbc0038I Pass   9: suminf.    0.38563 (1) obj. 1.23524e+06 iterations 4
Cbc0038I Pass  10: suminf.    0.38563 (1) obj. 1.23524e+06 iterations 1
Cbc0038I Pass  11: suminf.    0.44357 (2) obj. 1.23524e+06 iterations 4
Cbc0038I Pass  12: suminf.    1.29117 (4) obj. 1.23524e+06 iterations 8
Cbc0038I Pass  13: suminf.    0.89467 (3) obj. 1.23524e+06 iterations 1
Cbc0038I Pass  14: suminf.    0.38563 (1) obj. 1.23524e+06 iterations 3
Cbc0038I Pass  15: suminf.    0.38563 (1) obj. 1.23524e+06 iterations 1
Cbc0038I Pass  16: suminf.    0.44357 (2) obj. 1.23524e+06 iterations 4
Cbc0038I Pass  17: suminf.    1.33667 (5) obj. 1.23524e+06 iterations 8
Cbc0038I Pass  18: suminf.    1.33667 (5) obj. 1.23524e+06 iterations 3
Cbc0038I Pass  19: suminf.    0.38563 (1) obj. 1.23524e+06 iterations 7
Cbc0038I Pass  20: suminf.    0.38563 (1) obj. 1.23524e+06 iterations 1
Cbc0038I Pass  21: suminf.    0.44357 (2) obj. 1.23524e+06 iterations 4
Cbc0038I Pass  22: suminf.    1.17617 (6) obj. 1.23524e+06 iterations 10
Cbc0038I Pass  23: suminf.    1.17617 (6) obj. 1.23524e+06 iterations 1
Cbc0038I Pass  24: suminf.    0.92678 (4) obj. 1.23524e+06 iterations 10
Cbc0038I Pass  25: suminf.    0.92678 (4) obj. 1.23524e+06 iterations 0
Cbc0038I Pass  26: suminf.    0.44357 (3) obj. 1.23524e+06 iterations 9
Cbc0038I Pass  27: suminf.    0.44357 (3) obj. 1.23524e+06 iterations 3
Cbc0038I Pass  28: suminf.    0.84606 (7) obj. 1.23524e+06 iterations 13
Cbc0038I Pass  29: suminf.    0.70567 (6) obj. 1.23524e+06 iterations 4
Cbc0038I Pass  30: suminf.    0.92678 (4) obj. 1.23524e+06 iterations 11
Cbc0038I Pass  31: suminf.    0.92678 (4) obj. 1.23524e+06 iterations 0
Cbc0038I No solution found this major pass
Cbc0038I Before mini branch and bound, 3 integers at bound fixed and 71 continuous
Cbc0038I Full problem 114 rows 159 columns, reduced to 19 rows 26 columns
Cbc0038I Mini branch and bound improved solution from 1.23526e+06 to 1.23522e+06 (0.02 seconds)
Cbc0038I Round again with cutoff of 1.2352e+06
Cbc0038I Pass  31: suminf.    1.32371 (6) obj. 1.2352e+06 iterations 0
Cbc0038I Pass  32: suminf.    0.66671 (3) obj. 1.2352e+06 iterations 13
Cbc0038I Pass  33: suminf.    0.66671 (3) obj. 1.2352e+06 iterations 0
Cbc0038I Pass  34: suminf.    1.08229 (4) obj. 1.2352e+06 iterations 6
Cbc0038I Pass  35: suminf.    0.26921 (2) obj. 1.2352e+06 iterations 7
Cbc0038I Pass  36: suminf.    1.35309 (7) obj. 1.2352e+06 iterations 8
Cbc0038I Pass  37: suminf.    0.96221 (5) obj. 1.2352e+06 iterations 5
Cbc0038I Pass  38: suminf.    0.66671 (3) obj. 1.2352e+06 iterations 11
Cbc0038I Pass  39: suminf.    0.66671 (3) obj. 1.2352e+06 iterations 0
Cbc0038I Pass  40: suminf.    1.08229 (4) obj. 1.2352e+06 iterations 6
Cbc0038I Pass  41: suminf.    0.26921 (2) obj. 1.2352e+06 iterations 7
Cbc0038I Pass  42: suminf.    1.16929 (5) obj. 1.2352e+06 iterations 9
Cbc0038I Pass  43: suminf.    0.91880 (4) obj. 1.2352e+06 iterations 5
Cbc0038I Pass  44: suminf.    0.66671 (3) obj. 1.2352e+06 iterations 10
Cbc0038I Pass  45: suminf.    0.66671 (3) obj. 1.2352e+06 iterations 0
Cbc0038I Pass  46: suminf.    1.08229 (4) obj. 1.2352e+06 iterations 6
Cbc0038I Pass  47: suminf.    0.26921 (2) obj. 1.2352e+06 iterations 7
Cbc0038I Pass  48: suminf.    1.25771 (5) obj. 1.2352e+06 iterations 8
Cbc0038I Pass  49: suminf.    1.25771 (5) obj. 1.2352e+06 iterations 1
Cbc0038I Pass  50: suminf.    0.66671 (3) obj. 1.2352e+06 iterations 9
Cbc0038I Pass  51: suminf.    0.66671 (3) obj. 1.2352e+06 iterations 0
Cbc0038I Pass  52: suminf.    1.08229 (4) obj. 1.2352e+06 iterations 6
Cbc0038I Pass  53: suminf.    0.26921 (2) obj. 1.2352e+06 iterations 5
Cbc0038I Pass  54: suminf.    0.71321 (3) obj. 1.2352e+06 iterations 1
Cbc0038I Pass  55: suminf.    1.43919 (6) obj. 1.2352e+06 iterations 8
Cbc0038I Pass  56: suminf.    1.18871 (5) obj. 1.2352e+06 iterations 4
Cbc0038I Pass  57: suminf.    0.66671 (3) obj. 1.2352e+06 iterations 9
Cbc0038I Pass  58: suminf.    0.66671 (3) obj. 1.2352e+06 iterations 0
Cbc0038I Pass  59: suminf.    1.08229 (4) obj. 1.2352e+06 iterations 5
Cbc0038I Pass  60: suminf.    0.26921 (2) obj. 1.2352e+06 iterations 5
Cbc0038I No solution found this major pass
Cbc0038I Before mini branch and bound, 6 integers at bound fixed and 74 continuous
Cbc0038I Full problem 114 rows 159 columns, reduced to 19 rows 26 columns
Cbc0038I Mini branch and bound did not improve solution (0.04 seconds)
Cbc0038I After 0.04 seconds - Feasibility pump exiting with objective of 1.23522e+06 - took 0.03 seconds
Cbc0012I Integer solution of 1235218.8 found by feasibility pump after 0 iterations and 0 nodes (0.04 seconds)
Cbc0038I Full problem 114 rows 159 columns, reduced to 79 rows 122 columns
Cbc0031I 12 added rows had average density of 18.75
Cbc0013I At root node, 12 cuts changed objective from 1235100.2 to 1235175.6 in 38 passes
Cbc0014I Cut generator 0 (Probing) - 4 row cuts average 2.0 elements, 5 column cuts (5 active)  in 0.003 seconds - new frequency is 1
Cbc0014I Cut generator 1 (Gomory) - 85 row cuts average 52.7 elements, 0 column cuts (0 active)  in 0.003 seconds - new frequency is 1
Cbc0014I Cut generator 2 (Knapsack) - 0 row cuts average 0.0 elements, 0 column cuts (0 active)  in 0.006 seconds - new frequency is -100
Cbc0014I Cut generator 3 (Clique) - 0 row cuts average 0.0 elements, 0 column cuts (0 active)  in 0.000 seconds - new frequency is -100
Cbc0014I Cut generator 4 (MixedIntegerRounding2) - 12 row cuts average 6.1 elements, 0 column cuts (0 active)  in 0.002 seconds - new frequency is 1
Cbc0014I Cut generator 5 (FlowCover) - 0 row cuts average 0.0 elements, 0 column cuts (0 active)  in 0.007 seconds - new frequency is -100
Cbc0014I Cut generator 6 (TwoMirCuts) - 23 row cuts average 20.8 elements, 0 column cuts (0 active)  in 0.002 seconds - new frequency is -100
Cbc0010I After 0 nodes, 1 on tree, 1235218.8 best solution, best possible 1235175.6 (0.10 seconds)
Cbc0001I Search completed - best objective 1235218.846068684, took 318 iterations and 6 nodes (0.11 seconds)
Cbc0032I Strong branching done 28 times (92 iterations), fathomed 3 nodes and fixed 2 variables
Cbc0035I Maximum depth 2, 0 variables fixed on reduced cost
Cuts at root node changed objective from 1.2351e+06 to 1.23518e+06
Probing was tried 45 times and created 9 cuts of which 0 were active after adding rounds of cuts (0.003 seconds)
Gomory was tried 45 times and created 86 cuts of which 0 were active after adding rounds of cuts (0.007 seconds)
Knapsack was tried 38 times and created 0 cuts of which 0 were active after adding rounds of cuts (0.006 seconds)
Clique was tried 38 times and created 0 cuts of which 0 were active after adding rounds of cuts (0.000 seconds)
MixedIntegerRounding2 was tried 45 times and created 12 cuts of which 0 were active after adding rounds of cuts (0.002 seconds)
FlowCover was tried 38 times and created 0 cuts of which 0 were active after adding rounds of cuts (0.007 seconds)
TwoMirCuts was tried 38 times and created 23 cuts of which 0 were active after adding rounds of cuts (0.002 seconds)
ZeroHalf was tried 1 times and created 0 cuts of which 0 were active after adding rounds of cuts (0.000 seconds)

Result - Optimal solution found

Objective value:                1235218.84606868
Enumerated nodes:               6
Total iterations:               318
Time (CPU seconds):             0.12
Time (Wallclock seconds):       0.12

Option for printingOptions changed from normal to all
Total time (CPU seconds):       0.14   (Wallclock seconds):       0.14

