Welcome to the CBC MILP Solver 
Version: 2.10.3 
Build Date: Dec 15 2019 

command line - E:\dachuang\.venv\Lib\site-packages\pulp\apis\../solverdir/cbc/win/i64/cbc.exe model.mps -primalTolerance 1e-9 -integerTolerance 1e-9 -ratioGap 0 -allowableGap 0 -threads 0 -branch -printingOptions all -solution solution.txt -saveSolution solution.bin -quit (default strategy 1)
At line 2 NAME          MODEL
At line 3 ROWS
At line 317 COLUMNS
At line 1133 RHS
At line 1446 BOUNDS
At line 1521 ENDATA
Problem MODEL has 312 rows, 241 columns and 647 elements
Coin0008I MODEL read with 0 errors
primalTolerance was changed from 1e-07 to 1e-09
integerTolerance was changed from 1e-07 to 1e-09
ratioGap was changed from 0 to 0
allowableGap was changed from 1e-10 to 0
Continuous objective value is 3.3334e+06 - 0.00 seconds
Cgl0004I processed model has 112 rows, 155 columns (24 integer (24 of which binary)) and 327 elements
Cbc0038I Initial state - 6 integers unsatisfied sum - 2.38928
Cbc0038I Pass   1: suminf.    0.00000 (0) obj. 3.41941e+06 iterations 18
Cbc0038I Solution found of 3.41941e+06
Cbc0038I Relaxing continuous gives 3.41555e+06
Cbc0038I Before mini branch and bound, 18 integers at bound fixed and 78 continuous
Cbc0038I Full problem 112 rows 155 columns, reduced to 4 rows 4 columns
Cbc0038I Mini branch and bound improved solution from 3.41555e+06 to 3.33383e+06 (0.01 seconds)
Cbc0038I Freeing continuous variables gives a solution of 3.33383e+06
Cbc0038I Round again with cutoff of 3.33378e+06
Cbc0038I Pass   2: suminf.    0.65675 (2) obj. 3.33378e+06 iterations 5
Cbc0038I Pass   3: suminf.    0.00000 (0) obj. 3.33378e+06 iterations 6
Cbc0038I Solution found of 3.33378e+06
Cbc0038I Relaxing continuous gives 3.33362e+06
Cbc0038I Before mini branch and bound, 17 integers at bound fixed and 76 continuous
Cbc0038I Full problem 112 rows 155 columns, reduced to 15 rows 20 columns
Cbc0038I Mini branch and bound improved solution from 3.33362e+06 to 3.33362e+06 (0.01 seconds)
Cbc0038I Round again with cutoff of 3.33357e+06
Cbc0038I Pass   4: suminf.    0.68341 (3) obj. 3.33357e+06 iterations 5
Cbc0038I Pass   5: suminf.    0.68341 (3) obj. 3.33357e+06 iterations 7
Cbc0038I Pass   6: suminf.    0.32041 (2) obj. 3.33357e+06 iterations 9
Cbc0038I Pass   7: suminf.    0.32041 (2) obj. 3.33357e+06 iterations 5
Cbc0038I Pass   8: suminf.    0.21191 (2) obj. 3.33357e+06 iterations 3
Cbc0038I Pass   9: suminf.    0.21191 (2) obj. 3.33357e+06 iterations 4
Cbc0038I Pass  10: suminf.    1.62560 (4) obj. 3.33357e+06 iterations 10
Cbc0038I Pass  11: suminf.    1.59288 (4) obj. 3.33357e+06 iterations 3
Cbc0038I Pass  12: suminf.    1.17262 (3) obj. 3.33357e+06 iterations 11
Cbc0038I Pass  13: suminf.    1.17262 (3) obj. 3.33357e+06 iterations 1
Cbc0038I Pass  14: suminf.    0.31809 (1) obj. 3.33357e+06 iterations 6
Cbc0038I Pass  15: suminf.    0.28293 (1) obj. 3.33357e+06 iterations 3
Cbc0038I Pass  16: suminf.    0.28293 (1) obj. 3.33357e+06 iterations 6
Cbc0038I Pass  17: suminf.    0.28293 (1) obj. 3.33357e+06 iterations 1
Cbc0038I Pass  18: suminf.    0.32041 (1) obj. 3.33357e+06 iterations 2
Cbc0038I Pass  19: suminf.    1.15410 (3) obj. 3.33357e+06 iterations 12
Cbc0038I Pass  20: suminf.    1.12138 (3) obj. 3.33357e+06 iterations 3
Cbc0038I Pass  21: suminf.    1.17262 (3) obj. 3.33357e+06 iterations 4
Cbc0038I Pass  22: suminf.    1.17262 (3) obj. 3.33357e+06 iterations 0
Cbc0038I Pass  23: suminf.    0.31809 (1) obj. 3.33357e+06 iterations 3
Cbc0038I Pass  24: suminf.    0.28293 (1) obj. 3.33357e+06 iterations 3
Cbc0038I Pass  25: suminf.    1.15410 (3) obj. 3.33357e+06 iterations 12
Cbc0038I Pass  26: suminf.    1.12138 (3) obj. 3.33357e+06 iterations 3
Cbc0038I Pass  27: suminf.    1.17262 (3) obj. 3.33357e+06 iterations 4
Cbc0038I Pass  28: suminf.    1.17262 (3) obj. 3.33357e+06 iterations 0
Cbc0038I Pass  29: suminf.    0.31809 (1) obj. 3.33357e+06 iterations 3
Cbc0038I Pass  30: suminf.    0.28293 (1) obj. 3.33357e+06 iterations 3
Cbc0038I Pass  31: suminf.    0.29457 (1) obj. 3.33357e+06 iterations 19
Cbc0038I Pass  32: suminf.    0.21191 (1) obj. 3.33357e+06 iterations 2
Cbc0038I Pass  33: suminf.    0.29457 (1) obj. 3.33357e+06 iterations 1
Cbc0038I No solution found this major pass
Cbc0038I Before mini branch and bound, 6 integers at bound fixed and 66 continuous
Cbc0038I Full problem 112 rows 155 columns, reduced to 22 rows 29 columns
Cbc0038I Mini branch and bound improved solution from 3.33362e+06 to 3.33362e+06 (0.03 seconds)
Cbc0038I Round again with cutoff of 3.33352e+06
Cbc0038I Pass  33: suminf.    0.93771 (4) obj. 3.33352e+06 iterations 1
Cbc0038I Pass  34: suminf.    0.93771 (3) obj. 3.33352e+06 iterations 7
Cbc0038I Pass  35: suminf.    0.57471 (3) obj. 3.33352e+06 iterations 7
Cbc0038I Pass  36: suminf.    0.53435 (2) obj. 3.33352e+06 iterations 5
Cbc0038I Pass  37: suminf.    0.46621 (2) obj. 3.33352e+06 iterations 1
Cbc0038I Pass  38: suminf.    0.72057 (4) obj. 3.33352e+06 iterations 16
Cbc0038I Pass  39: suminf.    0.72057 (4) obj. 3.33352e+06 iterations 3
Cbc0038I Pass  40: suminf.    0.41493 (1) obj. 3.33352e+06 iterations 8
Cbc0038I Pass  41: suminf.    0.42529 (1) obj. 3.33352e+06 iterations 1
Cbc0038I Pass  42: suminf.    0.93621 (2) obj. 3.33352e+06 iterations 14
Cbc0038I Pass  43: suminf.    0.93621 (2) obj. 3.33352e+06 iterations 3
Cbc0038I Pass  44: suminf.    0.82771 (2) obj. 3.33352e+06 iterations 6
Cbc0038I Pass  45: suminf.    0.82771 (2) obj. 3.33352e+06 iterations 0
Cbc0038I Pass  46: suminf.    0.53542 (2) obj. 3.33352e+06 iterations 4
Cbc0038I Pass  47: suminf.    1.00692 (4) obj. 3.33352e+06 iterations 6
Cbc0038I Pass  48: suminf.    1.00692 (4) obj. 3.33352e+06 iterations 2
Cbc0038I Pass  49: suminf.    0.82771 (2) obj. 3.33352e+06 iterations 5
Cbc0038I Pass  50: suminf.    0.82771 (2) obj. 3.33352e+06 iterations 1
Cbc0038I Pass  51: suminf.    0.43292 (2) obj. 3.33352e+06 iterations 6
Cbc0038I Pass  52: suminf.    0.43292 (2) obj. 3.33352e+06 iterations 0
Cbc0038I Pass  53: suminf.    0.43292 (2) obj. 3.33352e+06 iterations 7
Cbc0038I Pass  54: suminf.    0.43292 (2) obj. 3.33352e+06 iterations 1
Cbc0038I Pass  55: suminf.    0.82771 (2) obj. 3.33352e+06 iterations 4
Cbc0038I Pass  56: suminf.    0.93771 (3) obj. 3.33352e+06 iterations 13
Cbc0038I Pass  57: suminf.    0.93771 (3) obj. 3.33352e+06 iterations 1
Cbc0038I Pass  58: suminf.    0.51243 (2) obj. 3.33352e+06 iterations 5
Cbc0038I Pass  59: suminf.    0.53542 (2) obj. 3.33352e+06 iterations 3
Cbc0038I Pass  60: suminf.    0.53542 (2) obj. 3.33352e+06 iterations 1
Cbc0038I Pass  61: suminf.    0.82771 (2) obj. 3.33352e+06 iterations 3
Cbc0038I Pass  62: suminf.    0.82771 (2) obj. 3.33352e+06 iterations 2
Cbc0038I No solution found this major pass
Cbc0038I Before mini branch and bound, 7 integers at bound fixed and 66 continuous
Cbc0038I Full problem 112 rows 155 columns, reduced to 25 rows 32 columns
Cbc0038I Mini branch and bound did not improve solution (0.04 seconds)
Cbc0038I After 0.04 seconds - Feasibility pump exiting with objective of 3.33362e+06 - took 0.04 seconds
Cbc0012I Integer solution of 3333617 found by feasibility pump after 0 iterations and 0 nodes (0.04 seconds)
Cbc0038I Full problem 112 rows 155 columns, reduced to 62 rows 101 columns
Cbc0031I 8 added rows had average density of 17
Cbc0013I At root node, 8 cuts changed objective from 3333396.4 to 3333520.9 in 100 passes
Cbc0014I Cut generator 0 (Probing) - 2 row cuts average 2.0 elements, 3 column cuts (3 active)  in 0.005 seconds - new frequency is 1
Cbc0014I Cut generator 1 (Gomory) - 179 row cuts average 32.6 elements, 0 column cuts (0 active)  in 0.008 seconds - new frequency is 1
Cbc0014I Cut generator 2 (Knapsack) - 0 row cuts average 0.0 elements, 0 column cuts (0 active)  in 0.026 seconds - new frequency is -100
Cbc0014I Cut generator 3 (Clique) - 0 row cuts average 0.0 elements, 0 column cuts (0 active)  in 0.000 seconds - new frequency is -100
Cbc0014I Cut generator 4 (MixedIntegerRounding2) - 2 row cuts average 9.0 elements, 0 column cuts (0 active)  in 0.005 seconds - new frequency is -100
Cbc0014I Cut generator 5 (FlowCover) - 0 row cuts average 0.0 elements, 0 column cuts (0 active)  in 0.017 seconds - new frequency is -100
Cbc0014I Cut generator 6 (TwoMirCuts) - 20 row cuts average 17.0 elements, 0 column cuts (0 active)  in 0.002 seconds - new frequency is -100
Cbc0010I After 0 nodes, 1 on tree, 3333617 best solution, best possible 3333520.9 (0.16 seconds)
Cbc0001I Search completed - best objective 3333617.03857529, took 877 iterations and 14 nodes (0.21 seconds)
Cbc0032I Strong branching done 66 times (207 iterations), fathomed 6 nodes and fixed 0 variables
Cbc0035I Maximum depth 4, 1 variables fixed on reduced cost
Cuts at root node changed objective from 3.3334e+06 to 3.33352e+06
Probing was tried 184 times and created 5 cuts of which 0 were active after adding rounds of cuts (0.007 seconds)
Gomory was tried 184 times and created 292 cuts of which 0 were active after adding rounds of cuts (0.015 seconds)
Knapsack was tried 100 times and created 0 cuts of which 0 were active after adding rounds of cuts (0.026 seconds)
Clique was tried 100 times and created 0 cuts of which 0 were active after adding rounds of cuts (0.000 seconds)
MixedIntegerRounding2 was tried 100 times and created 2 cuts of which 0 were active after adding rounds of cuts (0.005 seconds)
FlowCover was tried 100 times and created 0 cuts of which 0 were active after adding rounds of cuts (0.017 seconds)
TwoMirCuts was tried 100 times and created 20 cuts of which 0 were active after adding rounds of cuts (0.002 seconds)
ZeroHalf was tried 1 times and created 0 cuts of which 0 were active after adding rounds of cuts (0.000 seconds)

Result - Optimal solution found

Objective value:                3333617.03857529
Enumerated nodes:               14
Total iterations:               877
Time (CPU seconds):             0.21
Time (Wallclock seconds):       0.21

Option for printingOptions changed from normal to all
Total time (CPU seconds):       0.24   (Wallclock seconds):       0.24

