Welcome to the CBC MILP Solver 
Version: 2.10.3 
Build Date: Dec 15 2019 

command line - E:\dachuang\.venv\Lib\site-packages\pulp\apis\../solverdir/cbc/win/i64/cbc.exe model.mps -primalTolerance 1e-9 -integerTolerance 1e-9 -ratioGap 0 -allowableGap 0 -threads 0 -branch -printingOptions all -solution solution.txt -saveSolution solution.bin -quit (default strategy 1)
At line 2 NAME          MODEL
At line 3 ROWS
At line 317 COLUMNS
At line 1133 RHS
At line 1446 BOUNDS
At line 1521 ENDATA
Problem MODEL has 312 rows, 241 columns and 647 elements
Coin0008I MODEL read with 0 errors
primalTolerance was changed from 1e-07 to 1e-09
integerTolerance was changed from 1e-07 to 1e-09
ratioGap was changed from 0 to 0
allowableGap was changed from 1e-10 to 0
Continuous objective value is 668547 - 0.00 seconds
Cgl0004I processed model has 117 rows, 165 columns (24 integer (24 of which binary)) and 352 elements
Cbc0038I Initial state - 3 integers unsatisfied sum - 1.24231
Cbc0038I Pass   1: suminf.    0.00000 (0) obj. 676515 iterations 11
Cbc0038I Solution found of 676515
Cbc0038I Relaxing continuous gives 671780
Cbc0038I Before mini branch and bound, 21 integers at bound fixed and 90 continuous
Cbc0038I Full problem 117 rows 165 columns, reduced to 2 rows 3 columns
Cbc0038I Mini branch and bound improved solution from 671780 to 668647 (0.01 seconds)
Cbc0038I Round again with cutoff of 668637
Cbc0038I Pass   2: suminf.    0.36582 (3) obj. 668637 iterations 14
Cbc0038I Pass   3: suminf.    0.08882 (2) obj. 668637 iterations 1
Cbc0038I Pass   4: suminf.    0.30783 (1) obj. 668637 iterations 5
Cbc0038I Pass   5: suminf.    0.04783 (1) obj. 668637 iterations 1
Cbc0038I Pass   6: suminf.    0.11283 (2) obj. 668637 iterations 8
Cbc0038I Pass   7: suminf.    0.04783 (1) obj. 668637 iterations 1
Cbc0038I Pass   8: suminf.    0.30783 (1) obj. 668637 iterations 3
Cbc0038I Pass   9: suminf.    0.69217 (2) obj. 668637 iterations 8
Cbc0038I Pass  10: suminf.    0.04783 (1) obj. 668637 iterations 2
Cbc0038I Pass  11: suminf.    0.30783 (1) obj. 668637 iterations 3
Cbc0038I Pass  12: suminf.    0.58417 (3) obj. 668637 iterations 9
Cbc0038I Pass  13: suminf.    0.37967 (2) obj. 668637 iterations 1
Cbc0038I Pass  14: suminf.    0.14244 (2) obj. 668637 iterations 5
Cbc0038I Pass  15: suminf.    0.04783 (1) obj. 668637 iterations 6
Cbc0038I Pass  16: suminf.    0.30783 (1) obj. 668637 iterations 2
Cbc0038I Pass  17: suminf.    0.76167 (3) obj. 668637 iterations 13
Cbc0038I Pass  18: suminf.    0.11733 (2) obj. 668637 iterations 2
Cbc0038I Pass  19: suminf.    0.30783 (1) obj. 668637 iterations 3
Cbc0038I Pass  20: suminf.    0.04783 (1) obj. 668637 iterations 1
Cbc0038I Pass  21: suminf.    0.70517 (4) obj. 668637 iterations 13
Cbc0038I Pass  22: suminf.    0.64017 (3) obj. 668637 iterations 1
Cbc0038I Pass  23: suminf.    0.24494 (2) obj. 668637 iterations 5
Cbc0038I Pass  24: suminf.    0.04783 (1) obj. 668637 iterations 3
Cbc0038I Pass  25: suminf.    0.30783 (1) obj. 668637 iterations 2
Cbc0038I Pass  26: suminf.    1.18017 (5) obj. 668637 iterations 15
Cbc0038I Pass  27: suminf.    0.39367 (2) obj. 668637 iterations 4
Cbc0038I Pass  28: suminf.    0.24494 (2) obj. 668637 iterations 3
Cbc0038I Pass  29: suminf.    0.04783 (1) obj. 668637 iterations 3
Cbc0038I Pass  30: suminf.    0.30783 (1) obj. 668637 iterations 2
Cbc0038I Pass  31: suminf.    0.76167 (3) obj. 668637 iterations 9
Cbc0038I No solution found this major pass
Cbc0038I Before mini branch and bound, 1 integers at bound fixed and 74 continuous
Cbc0038I Full problem 117 rows 165 columns, reduced to 21 rows 30 columns
Cbc0038I Mini branch and bound did not improve solution (0.02 seconds)
Cbc0038I After 0.02 seconds - Feasibility pump exiting with objective of 668647 - took 0.02 seconds
Cbc0012I Integer solution of 668646.82 found by feasibility pump after 0 iterations and 0 nodes (0.02 seconds)
Cbc0038I Full problem 117 rows 165 columns, reduced to 59 rows 106 columns
Cbc0031I 6 added rows had average density of 19.833333
Cbc0013I At root node, 6 cuts changed objective from 668546.61 to 668547.41 in 100 passes
Cbc0014I Cut generator 0 (Probing) - 4 row cuts average 2.5 elements, 3 column cuts (3 active)  in 0.013 seconds - new frequency is 1
Cbc0014I Cut generator 1 (Gomory) - 213 row cuts average 27.7 elements, 0 column cuts (0 active)  in 0.012 seconds - new frequency is 1
Cbc0014I Cut generator 2 (Knapsack) - 0 row cuts average 0.0 elements, 0 column cuts (0 active)  in 0.018 seconds - new frequency is -100
Cbc0014I Cut generator 3 (Clique) - 0 row cuts average 0.0 elements, 0 column cuts (0 active)  in 0.001 seconds - new frequency is -100
Cbc0014I Cut generator 4 (MixedIntegerRounding2) - 24 row cuts average 7.3 elements, 0 column cuts (0 active)  in 0.003 seconds - new frequency is 1
Cbc0014I Cut generator 5 (FlowCover) - 0 row cuts average 0.0 elements, 0 column cuts (0 active)  in 0.011 seconds - new frequency is -100
Cbc0014I Cut generator 6 (TwoMirCuts) - 15 row cuts average 15.4 elements, 0 column cuts (0 active)  in 0.004 seconds - new frequency is -100
Cbc0010I After 0 nodes, 1 on tree, 668646.82 best solution, best possible 668548.12 (0.15 seconds)
Cbc0001I Search completed - best objective 668646.8224376702, took 747 iterations and 6 nodes (0.17 seconds)
Cbc0032I Strong branching done 18 times (50 iterations), fathomed 3 nodes and fixed 1 variables
Cbc0035I Maximum depth 2, 0 variables fixed on reduced cost
Cuts at root node changed objective from 668547 to 668548
Probing was tried 118 times and created 7 cuts of which 0 were active after adding rounds of cuts (0.014 seconds)
Gomory was tried 118 times and created 231 cuts of which 0 were active after adding rounds of cuts (0.015 seconds)
Knapsack was tried 100 times and created 0 cuts of which 0 were active after adding rounds of cuts (0.018 seconds)
Clique was tried 100 times and created 0 cuts of which 0 were active after adding rounds of cuts (0.001 seconds)
MixedIntegerRounding2 was tried 118 times and created 26 cuts of which 0 were active after adding rounds of cuts (0.003 seconds)
FlowCover was tried 100 times and created 0 cuts of which 0 were active after adding rounds of cuts (0.011 seconds)
TwoMirCuts was tried 100 times and created 15 cuts of which 0 were active after adding rounds of cuts (0.004 seconds)
ZeroHalf was tried 1 times and created 0 cuts of which 0 were active after adding rounds of cuts (0.000 seconds)

Result - Optimal solution found

Objective value:                668646.82243767
Enumerated nodes:               6
Total iterations:               747
Time (CPU seconds):             0.17
Time (Wallclock seconds):       0.17

Option for printingOptions changed from normal to all
Total time (CPU seconds):       0.20   (Wallclock seconds):       0.20

