Welcome to the CBC MILP Solver 
Version: 2.10.3 
Build Date: Dec 15 2019 

command line - E:\dachuang\.venv\Lib\site-packages\pulp\apis\../solverdir/cbc/win/i64/cbc.exe model.mps -primalTolerance 1e-9 -integerTolerance 1e-9 -ratioGap 0 -allowableGap 0 -threads 0 -branch -printingOptions all -solution solution.txt -saveSolution solution.bin -quit (default strategy 1)
At line 2 NAME          MODEL
At line 3 ROWS
At line 317 COLUMNS
At line 1133 RHS
At line 1446 BOUNDS
At line 1521 ENDATA
Problem MODEL has 312 rows, 241 columns and 647 elements
Coin0008I MODEL read with 0 errors
primalTolerance was changed from 1e-07 to 1e-09
integerTolerance was changed from 1e-07 to 1e-09
ratioGap was changed from 0 to 0
allowableGap was changed from 1e-10 to 0
Continuous objective value is 739187 - 0.00 seconds
Cgl0004I processed model has 117 rows, 165 columns (24 integer (24 of which binary)) and 352 elements
Cbc0038I Initial state - 7 integers unsatisfied sum - 2.57956
Cbc0038I Pass   1: suminf.    0.00000 (0) obj. 745687 iterations 14
Cbc0038I Solution found of 745687
Cbc0038I Relaxing continuous gives 740996
Cbc0038I Before mini branch and bound, 17 integers at bound fixed and 87 continuous
Cbc0038I Full problem 117 rows 165 columns, reduced to 7 rows 9 columns
Cbc0038I Mini branch and bound improved solution from 740996 to 739419 (0.01 seconds)
Cbc0038I Round again with cutoff of 739396
Cbc0038I Pass   2: suminf.    0.48466 (2) obj. 739396 iterations 8
Cbc0038I Pass   3: suminf.    0.10017 (1) obj. 739396 iterations 10
Cbc0038I Pass   4: suminf.    0.47941 (1) obj. 739396 iterations 3
Cbc0038I Pass   5: suminf.    0.47391 (1) obj. 739396 iterations 2
Cbc0038I Pass   6: suminf.    1.39541 (4) obj. 739396 iterations 3
Cbc0038I Pass   7: suminf.    2.01181 (7) obj. 739396 iterations 3
Cbc0038I Pass   8: suminf.    1.70541 (5) obj. 739396 iterations 2
Cbc0038I Pass   9: suminf.    2.82079 (10) obj. 739396 iterations 19
Cbc0038I Pass  10: suminf.    2.77411 (9) obj. 739396 iterations 2
Cbc0038I Pass  11: suminf.    0.47941 (1) obj. 739396 iterations 12
Cbc0038I Pass  12: suminf.    0.47391 (1) obj. 739396 iterations 2
Cbc0038I Pass  13: suminf.    1.26809 (5) obj. 739396 iterations 14
Cbc0038I Pass  14: suminf.    1.22141 (4) obj. 739396 iterations 4
Cbc0038I Pass  15: suminf.    0.47941 (1) obj. 739396 iterations 4
Cbc0038I Pass  16: suminf.    0.47391 (1) obj. 739396 iterations 2
Cbc0038I Pass  17: suminf.    1.22296 (5) obj. 739396 iterations 20
Cbc0038I Pass  18: suminf.    1.17629 (4) obj. 739396 iterations 4
Cbc0038I Pass  19: suminf.    0.47941 (1) obj. 739396 iterations 4
Cbc0038I Pass  20: suminf.    0.47391 (1) obj. 739396 iterations 2
Cbc0038I Pass  21: suminf.    1.10471 (4) obj. 739396 iterations 15
Cbc0038I Pass  22: suminf.    0.82166 (3) obj. 739396 iterations 2
Cbc0038I Solution found of 739396
Cbc0038I Relaxing continuous gives 739330
Cbc0038I Before mini branch and bound, 4 integers at bound fixed and 75 continuous
Cbc0038I Full problem 117 rows 165 columns, reduced to 24 rows 33 columns
Cbc0038I Mini branch and bound improved solution from 739330 to 739287 (0.02 seconds)
Cbc0038I Round again with cutoff of 739267
Cbc0038I Pass  23: suminf.    1.04082 (3) obj. 739267 iterations 2
Cbc0038I Pass  24: suminf.    0.90434 (2) obj. 739267 iterations 12
Cbc0038I Pass  25: suminf.    0.17634 (1) obj. 739267 iterations 2
Cbc0038I Pass  26: suminf.    0.09566 (1) obj. 739267 iterations 2
Cbc0038I Pass  27: suminf.    1.63984 (5) obj. 739267 iterations 15
Cbc0038I Pass  28: suminf.    0.70734 (2) obj. 739267 iterations 7
Cbc0038I Pass  29: suminf.    0.09566 (1) obj. 739267 iterations 3
Cbc0038I Pass  30: suminf.    0.27384 (1) obj. 739267 iterations 2
Cbc0038I Pass  31: suminf.    0.27384 (1) obj. 739267 iterations 5
Cbc0038I Pass  32: suminf.    0.27384 (1) obj. 739267 iterations 0
Cbc0038I Pass  33: suminf.    0.29277 (2) obj. 739267 iterations 3
Cbc0038I Pass  34: suminf.    0.09566 (1) obj. 739267 iterations 3
Cbc0038I Pass  35: suminf.    0.27384 (1) obj. 739267 iterations 4
Cbc0038I Pass  36: suminf.    0.58384 (2) obj. 739267 iterations 6
Cbc0038I Pass  37: suminf.    0.09566 (1) obj. 739267 iterations 3
Cbc0038I Pass  38: suminf.    0.27384 (1) obj. 739267 iterations 2
Cbc0038I Pass  39: suminf.    0.17634 (1) obj. 739267 iterations 12
Cbc0038I Pass  40: suminf.    0.17634 (1) obj. 739267 iterations 0
Cbc0038I Pass  41: suminf.    0.19028 (2) obj. 739267 iterations 3
Cbc0038I Pass  42: suminf.    0.09566 (1) obj. 739267 iterations 3
Cbc0038I Pass  43: suminf.    0.17634 (1) obj. 739267 iterations 3
Cbc0038I Pass  44: suminf.    0.75427 (4) obj. 739267 iterations 11
Cbc0038I Pass  45: suminf.    0.75427 (4) obj. 739267 iterations 0
Cbc0038I Pass  46: suminf.    0.09566 (1) obj. 739267 iterations 5
Cbc0038I Pass  47: suminf.    0.17634 (1) obj. 739267 iterations 6
Cbc0038I Pass  48: suminf.    0.90434 (2) obj. 739267 iterations 7
Cbc0038I Pass  49: suminf.    0.27384 (1) obj. 739267 iterations 2
Cbc0038I Pass  50: suminf.    0.09566 (1) obj. 739267 iterations 2
Cbc0038I Pass  51: suminf.    0.84954 (5) obj. 739267 iterations 9
Cbc0038I Pass  52: suminf.    0.77404 (4) obj. 739267 iterations 1
Cbc0038I No solution found this major pass
Cbc0038I Before mini branch and bound, 3 integers at bound fixed and 76 continuous
Cbc0038I Full problem 117 rows 165 columns, reduced to 23 rows 30 columns
Cbc0038I Mini branch and bound did not improve solution (0.04 seconds)
Cbc0038I After 0.04 seconds - Feasibility pump exiting with objective of 739287 - took 0.03 seconds
Cbc0012I Integer solution of 739286.79 found by feasibility pump after 0 iterations and 0 nodes (0.04 seconds)
Cbc0038I Full problem 117 rows 165 columns, reduced to 81 rows 128 columns
Cbc0031I 8 added rows had average density of 9.5
Cbc0013I At root node, 8 cuts changed objective from 739186.58 to 739187.65 in 23 passes
Cbc0014I Cut generator 0 (Probing) - 2 row cuts average 2.0 elements, 4 column cuts (4 active)  in 0.006 seconds - new frequency is 1
Cbc0014I Cut generator 1 (Gomory) - 60 row cuts average 22.0 elements, 0 column cuts (0 active)  in 0.002 seconds - new frequency is 1
Cbc0014I Cut generator 2 (Knapsack) - 0 row cuts average 0.0 elements, 0 column cuts (0 active)  in 0.002 seconds - new frequency is -100
Cbc0014I Cut generator 3 (Clique) - 0 row cuts average 0.0 elements, 0 column cuts (0 active)  in 0.000 seconds - new frequency is -100
Cbc0014I Cut generator 4 (MixedIntegerRounding2) - 8 row cuts average 6.8 elements, 0 column cuts (0 active)  in 0.001 seconds - new frequency is 1
Cbc0014I Cut generator 5 (FlowCover) - 0 row cuts average 0.0 elements, 0 column cuts (0 active)  in 0.004 seconds - new frequency is -100
Cbc0014I Cut generator 6 (TwoMirCuts) - 24 row cuts average 11.8 elements, 0 column cuts (0 active)  in 0.003 seconds - new frequency is -100
Cbc0010I After 0 nodes, 1 on tree, 739286.79 best solution, best possible 739187.65 (0.07 seconds)
Cbc0001I Search completed - best objective 739286.7864265867, took 241 iterations and 8 nodes (0.09 seconds)
Cbc0032I Strong branching done 26 times (61 iterations), fathomed 5 nodes and fixed 0 variables
Cbc0035I Maximum depth 3, 0 variables fixed on reduced cost
Cuts at root node changed objective from 739187 to 739188
Probing was tried 47 times and created 10 cuts of which 0 were active after adding rounds of cuts (0.006 seconds)
Gomory was tried 47 times and created 86 cuts of which 0 were active after adding rounds of cuts (0.004 seconds)
Knapsack was tried 23 times and created 0 cuts of which 0 were active after adding rounds of cuts (0.002 seconds)
Clique was tried 23 times and created 0 cuts of which 0 were active after adding rounds of cuts (0.000 seconds)
MixedIntegerRounding2 was tried 47 times and created 11 cuts of which 0 were active after adding rounds of cuts (0.001 seconds)
FlowCover was tried 23 times and created 0 cuts of which 0 were active after adding rounds of cuts (0.004 seconds)
TwoMirCuts was tried 23 times and created 24 cuts of which 0 were active after adding rounds of cuts (0.003 seconds)
ZeroHalf was tried 1 times and created 0 cuts of which 0 were active after adding rounds of cuts (0.000 seconds)

Result - Optimal solution found

Objective value:                739286.78642659
Enumerated nodes:               8
Total iterations:               241
Time (CPU seconds):             0.10
Time (Wallclock seconds):       0.10

Option for printingOptions changed from normal to all
Total time (CPU seconds):       0.12   (Wallclock seconds):       0.12

