Welcome to the CBC MILP Solver 
Version: 2.10.3 
Build Date: Dec 15 2019 

command line - E:\dachuang\.venv\Lib\site-packages\pulp\apis\../solverdir/cbc/win/i64/cbc.exe model.mps -primalTolerance 1e-9 -integerTolerance 1e-9 -ratioGap 0 -allowableGap 0 -threads 0 -branch -printingOptions all -solution solution.txt -saveSolution solution.bin -quit (default strategy 1)
At line 2 NAME          MODEL
At line 3 ROWS
At line 317 COLUMNS
At line 1133 RHS
At line 1446 BOUNDS
At line 1521 ENDATA
Problem MODEL has 312 rows, 241 columns and 647 elements
Coin0008I MODEL read with 0 errors
primalTolerance was changed from 1e-07 to 1e-09
integerTolerance was changed from 1e-07 to 1e-09
ratioGap was changed from 0 to 0
allowableGap was changed from 1e-10 to 0
Continuous objective value is 1.49124e+06 - 0.00 seconds
Cgl0004I processed model has 113 rows, 157 columns (24 integer (24 of which binary)) and 332 elements
Cbc0038I Initial state - 11 integers unsatisfied sum - 3.08095
Cbc0038I Pass   1: suminf.    0.00000 (0) obj. 1.60457e+06 iterations 19
Cbc0038I Solution found of 1.60457e+06
Cbc0038I Relaxing continuous gives 1.59582e+06
Cbc0038I Before mini branch and bound, 13 integers at bound fixed and 79 continuous
Cbc0038I Full problem 113 rows 157 columns, reduced to 10 rows 13 columns
Cbc0038I Mini branch and bound improved solution from 1.59582e+06 to 1.49158e+06 (0.01 seconds)
Cbc0038I Freeing continuous variables gives a solution of 1.49158e+06
Cbc0038I Round again with cutoff of 1.49154e+06
Cbc0038I Pass   2: suminf.    0.94311 (4) obj. 1.49154e+06 iterations 14
Cbc0038I Pass   3: suminf.    0.00000 (0) obj. 1.49154e+06 iterations 11
Cbc0038I Solution found of 1.49154e+06
Cbc0038I Relaxing continuous gives 1.49147e+06
Cbc0038I Before mini branch and bound, 13 integers at bound fixed and 82 continuous
Cbc0038I Full problem 113 rows 157 columns, reduced to 13 rows 17 columns
Cbc0038I Mini branch and bound improved solution from 1.49147e+06 to 1.49136e+06 (0.02 seconds)
Cbc0038I Round again with cutoff of 1.49133e+06
Cbc0038I Pass   4: suminf.    1.41175 (6) obj. 1.49133e+06 iterations 2
Cbc0038I Pass   5: suminf.    1.41175 (6) obj. 1.49133e+06 iterations 4
Cbc0038I Pass   6: suminf.    0.42547 (1) obj. 1.49133e+06 iterations 14
Cbc0038I Pass   7: suminf.    0.05453 (2) obj. 1.49133e+06 iterations 4
Cbc0038I Pass   8: suminf.    0.53688 (3) obj. 1.49133e+06 iterations 11
Cbc0038I Pass   9: suminf.    0.53688 (3) obj. 1.49133e+06 iterations 1
Cbc0038I Pass  10: suminf.    0.63719 (3) obj. 1.49133e+06 iterations 6
Cbc0038I Pass  11: suminf.    0.61625 (3) obj. 1.49133e+06 iterations 2
Cbc0038I Pass  12: suminf.    0.42547 (1) obj. 1.49133e+06 iterations 7
Cbc0038I Pass  13: suminf.    0.05453 (2) obj. 1.49133e+06 iterations 4
Cbc0038I Pass  14: suminf.    0.53688 (3) obj. 1.49133e+06 iterations 11
Cbc0038I Pass  15: suminf.    0.53688 (3) obj. 1.49133e+06 iterations 1
Cbc0038I Pass  16: suminf.    0.63719 (3) obj. 1.49133e+06 iterations 6
Cbc0038I Pass  17: suminf.    0.61625 (3) obj. 1.49133e+06 iterations 2
Cbc0038I Pass  18: suminf.    0.42547 (1) obj. 1.49133e+06 iterations 7
Cbc0038I Pass  19: suminf.    0.05453 (2) obj. 1.49133e+06 iterations 4
Cbc0038I Pass  20: suminf.    0.53688 (3) obj. 1.49133e+06 iterations 11
Cbc0038I Pass  21: suminf.    0.53688 (3) obj. 1.49133e+06 iterations 1
Cbc0038I Pass  22: suminf.    0.63719 (3) obj. 1.49133e+06 iterations 6
Cbc0038I Pass  23: suminf.    0.61625 (3) obj. 1.49133e+06 iterations 2
Cbc0038I Pass  24: suminf.    0.42547 (1) obj. 1.49133e+06 iterations 7
Cbc0038I Pass  25: suminf.    0.05453 (2) obj. 1.49133e+06 iterations 4
Cbc0038I Pass  26: suminf.    0.53688 (3) obj. 1.49133e+06 iterations 11
Cbc0038I Pass  27: suminf.    0.53688 (3) obj. 1.49133e+06 iterations 1
Cbc0038I Pass  28: suminf.    0.63719 (3) obj. 1.49133e+06 iterations 6
Cbc0038I Pass  29: suminf.    0.61625 (3) obj. 1.49133e+06 iterations 2
Cbc0038I Pass  30: suminf.    0.42547 (1) obj. 1.49133e+06 iterations 7
Cbc0038I Pass  31: suminf.    0.05453 (2) obj. 1.49133e+06 iterations 4
Cbc0038I Pass  32: suminf.    0.53688 (3) obj. 1.49133e+06 iterations 11
Cbc0038I Pass  33: suminf.    0.53688 (3) obj. 1.49133e+06 iterations 1
Cbc0038I No solution found this major pass
Cbc0038I Before mini branch and bound, 11 integers at bound fixed and 76 continuous
Cbc0038I Full problem 113 rows 157 columns, reduced to 20 rows 27 columns
Cbc0038I Mini branch and bound improved solution from 1.49136e+06 to 1.49134e+06 (0.03 seconds)
Cbc0038I Round again with cutoff of 1.4913e+06
Cbc0038I Pass  33: suminf.    1.55187 (6) obj. 1.4913e+06 iterations 0
Cbc0038I Pass  34: suminf.    1.55187 (6) obj. 1.4913e+06 iterations 4
Cbc0038I Pass  35: suminf.    0.29901 (1) obj. 1.4913e+06 iterations 10
Cbc0038I Pass  36: suminf.    0.18099 (2) obj. 1.4913e+06 iterations 3
Cbc0038I Pass  37: suminf.    0.67700 (3) obj. 1.4913e+06 iterations 11
Cbc0038I Pass  38: suminf.    0.67700 (3) obj. 1.4913e+06 iterations 1
Cbc0038I Pass  39: suminf.    0.76364 (3) obj. 1.4913e+06 iterations 7
Cbc0038I Pass  40: suminf.    0.75637 (3) obj. 1.4913e+06 iterations 2
Cbc0038I Pass  41: suminf.    0.29901 (1) obj. 1.4913e+06 iterations 4
Cbc0038I Pass  42: suminf.    0.18099 (2) obj. 1.4913e+06 iterations 3
Cbc0038I Pass  43: suminf.    0.67700 (3) obj. 1.4913e+06 iterations 11
Cbc0038I Pass  44: suminf.    0.67700 (3) obj. 1.4913e+06 iterations 1
Cbc0038I Pass  45: suminf.    0.76364 (3) obj. 1.4913e+06 iterations 7
Cbc0038I Pass  46: suminf.    0.75637 (3) obj. 1.4913e+06 iterations 2
Cbc0038I Pass  47: suminf.    0.29901 (1) obj. 1.4913e+06 iterations 4
Cbc0038I Pass  48: suminf.    0.18099 (2) obj. 1.4913e+06 iterations 3
Cbc0038I Pass  49: suminf.    0.67700 (3) obj. 1.4913e+06 iterations 11
Cbc0038I Pass  50: suminf.    0.67700 (3) obj. 1.4913e+06 iterations 1
Cbc0038I Pass  51: suminf.    0.76364 (3) obj. 1.4913e+06 iterations 7
Cbc0038I Pass  52: suminf.    0.75637 (3) obj. 1.4913e+06 iterations 2
Cbc0038I Pass  53: suminf.    0.29901 (1) obj. 1.4913e+06 iterations 4
Cbc0038I Pass  54: suminf.    0.18099 (2) obj. 1.4913e+06 iterations 3
Cbc0038I Pass  55: suminf.    0.67700 (3) obj. 1.4913e+06 iterations 11
Cbc0038I Pass  56: suminf.    0.67700 (3) obj. 1.4913e+06 iterations 1
Cbc0038I Pass  57: suminf.    0.76364 (3) obj. 1.4913e+06 iterations 7
Cbc0038I Pass  58: suminf.    0.75637 (3) obj. 1.4913e+06 iterations 2
Cbc0038I Pass  59: suminf.    0.29901 (1) obj. 1.4913e+06 iterations 4
Cbc0038I Pass  60: suminf.    0.18099 (2) obj. 1.4913e+06 iterations 3
Cbc0038I Pass  61: suminf.    0.67700 (3) obj. 1.4913e+06 iterations 11
Cbc0038I Pass  62: suminf.    0.67700 (3) obj. 1.4913e+06 iterations 1
Cbc0038I No solution found this major pass
Cbc0038I Before mini branch and bound, 11 integers at bound fixed and 76 continuous
Cbc0038I Full problem 113 rows 157 columns, reduced to 20 rows 27 columns
Cbc0038I Mini branch and bound did not improve solution (0.04 seconds)
Cbc0038I After 0.04 seconds - Feasibility pump exiting with objective of 1.49134e+06 - took 0.04 seconds
Cbc0012I Integer solution of 1491337.2 found by feasibility pump after 0 iterations and 0 nodes (0.05 seconds)
Cbc0038I Full problem 113 rows 157 columns, reduced to 81 rows 122 columns
Cbc0031I 10 added rows had average density of 22.7
Cbc0013I At root node, 10 cuts changed objective from 1491235.8 to 1491288.7 in 100 passes
Cbc0014I Cut generator 0 (Probing) - 3 row cuts average 4.3 elements, 4 column cuts (4 active)  in 0.010 seconds - new frequency is 1
Cbc0014I Cut generator 1 (Gomory) - 151 row cuts average 51.9 elements, 0 column cuts (0 active)  in 0.012 seconds - new frequency is 1
Cbc0014I Cut generator 2 (Knapsack) - 0 row cuts average 0.0 elements, 0 column cuts (0 active)  in 0.013 seconds - new frequency is -100
Cbc0014I Cut generator 3 (Clique) - 0 row cuts average 0.0 elements, 0 column cuts (0 active)  in 0.002 seconds - new frequency is -100
Cbc0014I Cut generator 4 (MixedIntegerRounding2) - 13 row cuts average 8.2 elements, 0 column cuts (0 active)  in 0.009 seconds - new frequency is 1
Cbc0014I Cut generator 5 (FlowCover) - 0 row cuts average 0.0 elements, 0 column cuts (0 active)  in 0.015 seconds - new frequency is -100
Cbc0014I Cut generator 6 (TwoMirCuts) - 25 row cuts average 17.1 elements, 0 column cuts (0 active)  in 0.003 seconds - new frequency is -100
Cbc0010I After 0 nodes, 1 on tree, 1491337.2 best solution, best possible 1491288.8 (0.17 seconds)
Cbc0001I Search completed - best objective 1491337.180513365, took 522 iterations and 6 nodes (0.18 seconds)
Cbc0032I Strong branching done 26 times (73 iterations), fathomed 3 nodes and fixed 3 variables
Cbc0035I Maximum depth 2, 0 variables fixed on reduced cost
Cuts at root node changed objective from 1.49124e+06 to 1.49129e+06
Probing was tried 107 times and created 8 cuts of which 0 were active after adding rounds of cuts (0.010 seconds)
Gomory was tried 107 times and created 154 cuts of which 0 were active after adding rounds of cuts (0.014 seconds)
Knapsack was tried 100 times and created 0 cuts of which 0 were active after adding rounds of cuts (0.013 seconds)
Clique was tried 100 times and created 0 cuts of which 0 were active after adding rounds of cuts (0.002 seconds)
MixedIntegerRounding2 was tried 107 times and created 14 cuts of which 0 were active after adding rounds of cuts (0.009 seconds)
FlowCover was tried 100 times and created 0 cuts of which 0 were active after adding rounds of cuts (0.015 seconds)
TwoMirCuts was tried 100 times and created 25 cuts of which 0 were active after adding rounds of cuts (0.003 seconds)
ZeroHalf was tried 1 times and created 0 cuts of which 0 were active after adding rounds of cuts (0.000 seconds)

Result - Optimal solution found

Objective value:                1491337.18051336
Enumerated nodes:               6
Total iterations:               522
Time (CPU seconds):             0.18
Time (Wallclock seconds):       0.19

Option for printingOptions changed from normal to all
Total time (CPU seconds):       0.21   (Wallclock seconds):       0.21

