Welcome to the CBC MILP Solver 
Version: 2.10.3 
Build Date: Dec 15 2019 

command line - E:\dachuang\.venv\Lib\site-packages\pulp\apis\../solverdir/cbc/win/i64/cbc.exe model.mps -primalTolerance 1e-9 -integerTolerance 1e-9 -ratioGap 0 -allowableGap 0 -threads 0 -branch -printingOptions all -solution solution.txt -saveSolution solution.bin -quit (default strategy 1)
At line 2 NAME          MODEL
At line 3 ROWS
At line 317 COLUMNS
At line 1133 RHS
At line 1446 BOUNDS
At line 1521 ENDATA
Problem MODEL has 312 rows, 241 columns and 647 elements
Coin0008I MODEL read with 0 errors
primalTolerance was changed from 1e-07 to 1e-09
integerTolerance was changed from 1e-07 to 1e-09
ratioGap was changed from 0 to 0
allowableGap was changed from 1e-10 to 0
Continuous objective value is 694089 - 0.00 seconds
Cgl0004I processed model has 117 rows, 165 columns (24 integer (24 of which binary)) and 352 elements
Cbc0038I Initial state - 6 integers unsatisfied sum - 1.49463
Cbc0038I Pass   1: suminf.    0.00000 (0) obj. 695367 iterations 14
Cbc0038I Solution found of 695367
Cbc0038I Relaxing continuous gives 695367
Cbc0038I Before mini branch and bound, 18 integers at bound fixed and 87 continuous
Cbc0038I Full problem 117 rows 165 columns, reduced to 7 rows 8 columns
Cbc0038I Mini branch and bound improved solution from 695367 to 694322 (0.01 seconds)
Cbc0038I Round again with cutoff of 694299
Cbc0038I Pass   2: suminf.    0.28484 (3) obj. 694299 iterations 11
Cbc0038I Pass   3: suminf.    0.10017 (1) obj. 694299 iterations 9
Cbc0038I Pass   4: suminf.    0.47941 (2) obj. 694299 iterations 5
Cbc0038I Pass   5: suminf.    0.12859 (1) obj. 694299 iterations 4
Cbc0038I Solution found of 694299
Cbc0038I Relaxing continuous gives 694190
Cbc0038I Before mini branch and bound, 15 integers at bound fixed and 81 continuous
Cbc0038I Full problem 117 rows 165 columns, reduced to 19 rows 27 columns
Cbc0038I Mini branch and bound did not improve solution (0.02 seconds)
Cbc0038I Round again with cutoff of 694169
Cbc0038I Pass   6: suminf.    0.84101 (4) obj. 694169 iterations 2
Cbc0038I Pass   7: suminf.    0.76584 (2) obj. 694169 iterations 11
Cbc0038I Pass   8: suminf.    0.09566 (1) obj. 694169 iterations 2
Cbc0038I Pass   9: suminf.    0.23416 (1) obj. 694169 iterations 3
Cbc0038I Pass  10: suminf.    0.68094 (2) obj. 694169 iterations 17
Cbc0038I Pass  11: suminf.    0.65634 (2) obj. 694169 iterations 5
Cbc0038I Pass  12: suminf.    0.76584 (2) obj. 694169 iterations 7
Cbc0038I Pass  13: suminf.    0.09566 (1) obj. 694169 iterations 2
Cbc0038I Pass  14: suminf.    0.23416 (1) obj. 694169 iterations 3
Cbc0038I Pass  15: suminf.    1.01916 (4) obj. 694169 iterations 9
Cbc0038I Pass  16: suminf.    0.82366 (3) obj. 694169 iterations 1
Cbc0038I Pass  17: suminf.    0.09566 (1) obj. 694169 iterations 3
Cbc0038I Pass  18: suminf.    0.23416 (1) obj. 694169 iterations 4
Cbc0038I Pass  19: suminf.    0.56713 (2) obj. 694169 iterations 6
Cbc0038I Pass  20: suminf.    0.23416 (1) obj. 694169 iterations 1
Cbc0038I Pass  21: suminf.    0.09566 (1) obj. 694169 iterations 1
Cbc0038I Pass  22: suminf.    1.21166 (6) obj. 694169 iterations 14
Cbc0038I Pass  23: suminf.    1.01616 (4) obj. 694169 iterations 7
Cbc0038I Pass  24: suminf.    0.17634 (1) obj. 694169 iterations 4
Cbc0038I Pass  25: suminf.    0.17634 (1) obj. 694169 iterations 0
Cbc0038I Pass  26: suminf.    0.36566 (2) obj. 694169 iterations 5
Cbc0038I Pass  27: suminf.    1.34237 (6) obj. 694169 iterations 15
Cbc0038I Pass  28: suminf.    0.87920 (4) obj. 694169 iterations 3
Cbc0038I Pass  29: suminf.    0.49584 (1) obj. 694169 iterations 5
Cbc0038I Pass  30: suminf.    0.36566 (1) obj. 694169 iterations 1
Cbc0038I Pass  31: suminf.    0.76584 (3) obj. 694169 iterations 10
Cbc0038I Pass  32: suminf.    0.36566 (1) obj. 694169 iterations 3
Cbc0038I Pass  33: suminf.    0.49584 (1) obj. 694169 iterations 2
Cbc0038I Pass  34: suminf.    0.36566 (3) obj. 694169 iterations 16
Cbc0038I Pass  35: suminf.    0.36566 (2) obj. 694169 iterations 4
Cbc0038I No solution found this major pass
Cbc0038I Before mini branch and bound, 1 integers at bound fixed and 76 continuous
Cbc0038I Full problem 117 rows 165 columns, reduced to 22 rows 31 columns
Cbc0038I Mini branch and bound did not improve solution (0.03 seconds)
Cbc0038I After 0.03 seconds - Feasibility pump exiting with objective of 694190 - took 0.02 seconds
Cbc0012I Integer solution of 694189.52 found by feasibility pump after 0 iterations and 0 nodes (0.03 seconds)
Cbc0012I Integer solution of 694189.52 found by DiveCoefficient after 0 iterations and 0 nodes (0.03 seconds)
Cbc0038I Full problem 117 rows 165 columns, reduced to 73 rows 121 columns
Cbc0031I 10 added rows had average density of 12.2
Cbc0013I At root node, 10 cuts changed objective from 694089.32 to 694122.43 in 100 passes
Cbc0014I Cut generator 0 (Probing) - 14 row cuts average 2.5 elements, 4 column cuts (4 active)  in 0.006 seconds - new frequency is 1
Cbc0014I Cut generator 1 (Gomory) - 264 row cuts average 29.0 elements, 0 column cuts (0 active)  in 0.005 seconds - new frequency is 1
Cbc0014I Cut generator 2 (Knapsack) - 0 row cuts average 0.0 elements, 0 column cuts (0 active)  in 0.022 seconds - new frequency is -100
Cbc0014I Cut generator 3 (Clique) - 0 row cuts average 0.0 elements, 0 column cuts (0 active)  in 0.000 seconds - new frequency is -100
Cbc0014I Cut generator 4 (MixedIntegerRounding2) - 20 row cuts average 6.5 elements, 0 column cuts (0 active)  in 0.006 seconds - new frequency is -100
Cbc0014I Cut generator 5 (FlowCover) - 0 row cuts average 0.0 elements, 0 column cuts (0 active)  in 0.025 seconds - new frequency is -100
Cbc0014I Cut generator 6 (TwoMirCuts) - 23 row cuts average 10.1 elements, 0 column cuts (0 active)  in 0.009 seconds - new frequency is -100
Cbc0010I After 0 nodes, 1 on tree, 694189.52 best solution, best possible 694122.43 (0.16 seconds)
Cbc0001I Search completed - best objective 694189.523822711, took 983 iterations and 8 nodes (0.18 seconds)
Cbc0032I Strong branching done 24 times (88 iterations), fathomed 4 nodes and fixed 1 variables
Cbc0035I Maximum depth 2, 1 variables fixed on reduced cost
Cuts at root node changed objective from 694089 to 694122
Probing was tried 120 times and created 21 cuts of which 0 were active after adding rounds of cuts (0.007 seconds)
Gomory was tried 120 times and created 281 cuts of which 0 were active after adding rounds of cuts (0.007 seconds)
Knapsack was tried 100 times and created 0 cuts of which 0 were active after adding rounds of cuts (0.022 seconds)
Clique was tried 100 times and created 0 cuts of which 0 were active after adding rounds of cuts (0.000 seconds)
MixedIntegerRounding2 was tried 100 times and created 20 cuts of which 0 were active after adding rounds of cuts (0.006 seconds)
FlowCover was tried 100 times and created 0 cuts of which 0 were active after adding rounds of cuts (0.025 seconds)
TwoMirCuts was tried 100 times and created 23 cuts of which 0 were active after adding rounds of cuts (0.009 seconds)
ZeroHalf was tried 1 times and created 0 cuts of which 0 were active after adding rounds of cuts (0.000 seconds)

Result - Optimal solution found

Objective value:                694189.52382271
Enumerated nodes:               8
Total iterations:               983
Time (CPU seconds):             0.19
Time (Wallclock seconds):       0.19

Option for printingOptions changed from normal to all
Total time (CPU seconds):       0.21   (Wallclock seconds):       0.21

