Welcome to the CBC MILP Solver 
Version: 2.10.3 
Build Date: Dec 15 2019 

command line - E:\dachuang\.venv\Lib\site-packages\pulp\apis\../solverdir/cbc/win/i64/cbc.exe model.mps -primalTolerance 1e-9 -integerTolerance 1e-9 -ratioGap 0 -allowableGap 0 -threads 0 -branch -printingOptions all -solution solution.txt -saveSolution solution.bin -quit (default strategy 1)
At line 2 NAME          MODEL
At line 3 ROWS
At line 317 COLUMNS
At line 1133 RHS
At line 1446 BOUNDS
At line 1521 ENDATA
Problem MODEL has 312 rows, 241 columns and 647 elements
Coin0008I MODEL read with 0 errors
primalTolerance was changed from 1e-07 to 1e-09
integerTolerance was changed from 1e-07 to 1e-09
ratioGap was changed from 0 to 0
allowableGap was changed from 1e-10 to 0
Continuous objective value is 1.34003e+06 - 0.00 seconds
Cgl0004I processed model has 114 rows, 159 columns (24 integer (24 of which binary)) and 337 elements
Cbc0038I Initial state - 5 integers unsatisfied sum - 1.83522
Cbc0038I Pass   1: suminf.    0.00000 (0) obj. 1.42123e+06 iterations 18
Cbc0038I Solution found of 1.42123e+06
Cbc0038I Relaxing continuous gives 1.41774e+06
Cbc0038I Before mini branch and bound, 19 integers at bound fixed and 85 continuous
Cbc0038I Full problem 114 rows 159 columns, reduced to 6 rows 8 columns
Cbc0038I Mini branch and bound improved solution from 1.41774e+06 to 1.34026e+06 (0.01 seconds)
Cbc0038I Freeing continuous variables gives a solution of 1.34017e+06
Cbc0038I Round again with cutoff of 1.34015e+06
Cbc0038I Pass   2: suminf.    1.31902 (3) obj. 1.34015e+06 iterations 11
Cbc0038I Pass   3: suminf.    0.00000 (0) obj. 1.34015e+06 iterations 7
Cbc0038I Solution found of 1.34015e+06
Cbc0038I Relaxing continuous gives 1.34006e+06
Cbc0038I Before mini branch and bound, 17 integers at bound fixed and 81 continuous
Cbc0038I Full problem 114 rows 159 columns, reduced to 13 rows 18 columns
Cbc0038I Mini branch and bound improved solution from 1.34006e+06 to 1.34003e+06 (0.02 seconds)
Cbc0038I Freeing continuous variables gives a solution of 1.34003e+06
Cbc0038I Round again with cutoff of 1.34003e+06
Cbc0038I Pass   4: suminf.    0.93487 (4) obj. 1.34003e+06 iterations 2
Cbc0038I Pass   5: suminf.    0.93456 (4) obj. 1.34003e+06 iterations 2
Cbc0038I Pass   6: suminf.    0.00079 (1) obj. 1.34003e+06 iterations 9
Cbc0038I Pass   7: suminf.    0.00079 (1) obj. 1.34003e+06 iterations 0
Cbc0038I Pass   8: suminf.    0.35594 (2) obj. 1.34003e+06 iterations 11
Cbc0038I Pass   9: suminf.    0.00079 (1) obj. 1.34003e+06 iterations 1
Cbc0038I Pass  10: suminf.    0.00079 (1) obj. 1.34003e+06 iterations 0
Cbc0038I Pass  11: suminf.    0.41713 (3) obj. 1.34003e+06 iterations 6
Cbc0038I Pass  12: suminf.    0.32763 (2) obj. 1.34003e+06 iterations 3
Cbc0038I Pass  13: suminf.    0.00079 (1) obj. 1.34003e+06 iterations 1
Cbc0038I Pass  14: suminf.    0.00079 (1) obj. 1.34003e+06 iterations 0
Cbc0038I Pass  15: suminf.    0.19790 (2) obj. 1.34003e+06 iterations 13
Cbc0038I Pass  16: suminf.    0.19790 (2) obj. 1.34003e+06 iterations 1
Cbc0038I Pass  17: suminf.    0.49750 (2) obj. 1.34003e+06 iterations 6
Cbc0038I Pass  18: suminf.    0.85335 (2) obj. 1.34003e+06 iterations 6
Cbc0038I Pass  19: suminf.    1.45621 (5) obj. 1.34003e+06 iterations 10
Cbc0038I Pass  20: suminf.    0.85231 (3) obj. 1.34003e+06 iterations 9
Cbc0038I Pass  21: suminf.    0.85200 (3) obj. 1.34003e+06 iterations 1
Cbc0038I Pass  22: suminf.    0.85335 (2) obj. 1.34003e+06 iterations 4
Cbc0038I Pass  23: suminf.    0.49750 (2) obj. 1.34003e+06 iterations 3
Cbc0038I Pass  24: suminf.    0.71674 (4) obj. 1.34003e+06 iterations 15
Cbc0038I Pass  25: suminf.    0.62724 (3) obj. 1.34003e+06 iterations 3
Cbc0038I Pass  26: suminf.    0.00079 (1) obj. 1.34003e+06 iterations 3
Cbc0038I Pass  27: suminf.    0.00079 (1) obj. 1.34003e+06 iterations 0
Cbc0038I Pass  28: suminf.    1.20724 (5) obj. 1.34003e+06 iterations 15
Cbc0038I Pass  29: suminf.    1.11774 (4) obj. 1.34003e+06 iterations 5
Cbc0038I Pass  30: suminf.    0.60000 (2) obj. 1.34003e+06 iterations 5
Cbc0038I Pass  31: suminf.    0.30039 (2) obj. 1.34003e+06 iterations 7
Cbc0038I Pass  32: suminf.    0.42224 (3) obj. 1.34003e+06 iterations 14
Cbc0038I Pass  33: suminf.    0.42224 (3) obj. 1.34003e+06 iterations 1
Cbc0038I No solution found this major pass
Cbc0038I Before mini branch and bound, 3 integers at bound fixed and 68 continuous
Cbc0038I Full problem 114 rows 159 columns, reduced to 25 rows 33 columns
Cbc0038I Mini branch and bound did not improve solution (0.03 seconds)
Cbc0038I After 0.03 seconds - Feasibility pump exiting with objective of 1.34003e+06 - took 0.03 seconds
Cbc0012I Integer solution of 1340034.4 found by feasibility pump after 0 iterations and 0 nodes (0.03 seconds)
Cbc0038I Full problem 114 rows 159 columns, reduced to 67 rows 108 columns
Cbc0031I 4 added rows had average density of 9.25
Cbc0013I At root node, 4 cuts changed objective from 1340033.5 to 1340033.5 in 5 passes
Cbc0014I Cut generator 0 (Probing) - 1 row cuts average 2.0 elements, 2 column cuts (2 active)  in 0.000 seconds - new frequency is 1
Cbc0014I Cut generator 1 (Gomory) - 12 row cuts average 14.9 elements, 0 column cuts (0 active)  in 0.000 seconds - new frequency is 1
Cbc0014I Cut generator 2 (Knapsack) - 0 row cuts average 0.0 elements, 0 column cuts (0 active)  in 0.002 seconds - new frequency is -100
Cbc0014I Cut generator 3 (Clique) - 0 row cuts average 0.0 elements, 0 column cuts (0 active)  in 0.000 seconds - new frequency is -100
Cbc0014I Cut generator 4 (MixedIntegerRounding2) - 1 row cuts average 4.0 elements, 0 column cuts (0 active)  in 0.001 seconds - new frequency is -100
Cbc0014I Cut generator 5 (FlowCover) - 1 row cuts average 2.0 elements, 0 column cuts (0 active)  in 0.000 seconds - new frequency is -100
Cbc0014I Cut generator 6 (TwoMirCuts) - 12 row cuts average 11.2 elements, 0 column cuts (0 active)  in 0.002 seconds - new frequency is -100
Cbc0010I After 0 nodes, 1 on tree, 1340034.4 best solution, best possible 1340033.5 (0.04 seconds)
Cbc0001I Search completed - best objective 1340034.353098834, took 82 iterations and 10 nodes (0.06 seconds)
Cbc0032I Strong branching done 24 times (44 iterations), fathomed 4 nodes and fixed 3 variables
Cbc0035I Maximum depth 2, 0 variables fixed on reduced cost
Cuts at root node changed objective from 1.34003e+06 to 1.34003e+06
Probing was tried 17 times and created 4 cuts of which 0 were active after adding rounds of cuts (0.001 seconds)
Gomory was tried 17 times and created 21 cuts of which 0 were active after adding rounds of cuts (0.002 seconds)
Knapsack was tried 5 times and created 0 cuts of which 0 were active after adding rounds of cuts (0.002 seconds)
Clique was tried 5 times and created 0 cuts of which 0 were active after adding rounds of cuts (0.000 seconds)
MixedIntegerRounding2 was tried 5 times and created 1 cuts of which 0 were active after adding rounds of cuts (0.001 seconds)
FlowCover was tried 5 times and created 1 cuts of which 0 were active after adding rounds of cuts (0.000 seconds)
TwoMirCuts was tried 5 times and created 12 cuts of which 0 were active after adding rounds of cuts (0.002 seconds)
ZeroHalf was tried 1 times and created 0 cuts of which 0 were active after adding rounds of cuts (0.000 seconds)

Result - Optimal solution found

Objective value:                1340034.35309883
Enumerated nodes:               10
Total iterations:               82
Time (CPU seconds):             0.06
Time (Wallclock seconds):       0.06

Option for printingOptions changed from normal to all
Total time (CPU seconds):       0.09   (Wallclock seconds):       0.09

