Welcome to the CBC MILP Solver 
Version: 2.10.3 
Build Date: Dec 15 2019 

command line - E:\dachuang\.venv\Lib\site-packages\pulp\apis\../solverdir/cbc/win/i64/cbc.exe model.mps -primalTolerance 1e-9 -integerTolerance 1e-9 -ratioGap 0 -allowableGap 0 -threads 0 -branch -printingOptions all -solution solution.txt -saveSolution solution.bin -quit (default strategy 1)
At line 2 NAME          MODEL
At line 3 ROWS
At line 317 COLUMNS
At line 1133 RHS
At line 1446 BOUNDS
At line 1521 ENDATA
Problem MODEL has 312 rows, 241 columns and 647 elements
Coin0008I MODEL read with 0 errors
primalTolerance was changed from 1e-07 to 1e-09
integerTolerance was changed from 1e-07 to 1e-09
ratioGap was changed from 0 to 0
allowableGap was changed from 1e-10 to 0
Continuous objective value is 1.37709e+06 - 0.00 seconds
Cgl0004I processed model has 114 rows, 159 columns (24 integer (24 of which binary)) and 337 elements
Cbc0038I Initial state - 10 integers unsatisfied sum - 2.52432
Cbc0038I Pass   1: suminf.    0.00000 (0) obj. 1.41989e+06 iterations 23
Cbc0038I Solution found of 1.41989e+06
Cbc0038I Relaxing continuous gives 1.41801e+06
Cbc0038I Before mini branch and bound, 14 integers at bound fixed and 82 continuous
Cbc0038I Full problem 114 rows 159 columns, reduced to 9 rows 14 columns
Cbc0038I Mini branch and bound improved solution from 1.41801e+06 to 1.37754e+06 (0.01 seconds)
Cbc0038I Freeing continuous variables gives a solution of 1.37754e+06
Cbc0038I Round again with cutoff of 1.37749e+06
Cbc0038I Pass   2: suminf.    0.42854 (4) obj. 1.37749e+06 iterations 10
Cbc0038I Pass   3: suminf.    0.00000 (0) obj. 1.37749e+06 iterations 12
Cbc0038I Solution found of 1.37749e+06
Cbc0038I Relaxing continuous gives 1.37748e+06
Cbc0038I Before mini branch and bound, 13 integers at bound fixed and 80 continuous
Cbc0038I Full problem 114 rows 159 columns, reduced to 17 rows 21 columns
Cbc0038I Mini branch and bound improved solution from 1.37748e+06 to 1.37735e+06 (0.02 seconds)
Cbc0038I Round again with cutoff of 1.3773e+06
Cbc0038I Pass   4: suminf.    1.08212 (6) obj. 1.3773e+06 iterations 4
Cbc0038I Pass   5: suminf.    1.08212 (6) obj. 1.3773e+06 iterations 4
Cbc0038I Pass   6: suminf.    0.42995 (1) obj. 1.3773e+06 iterations 13
Cbc0038I Pass   7: suminf.    0.24941 (1) obj. 1.3773e+06 iterations 1
Cbc0038I Pass   8: suminf.    0.53351 (4) obj. 1.3773e+06 iterations 9
Cbc0038I Pass   9: suminf.    0.52426 (4) obj. 1.3773e+06 iterations 1
Cbc0038I Pass  10: suminf.    0.24941 (1) obj. 1.3773e+06 iterations 6
Cbc0038I Pass  11: suminf.    0.42995 (1) obj. 1.3773e+06 iterations 3
Cbc0038I Pass  12: suminf.    0.48570 (2) obj. 1.3773e+06 iterations 10
Cbc0038I Pass  13: suminf.    0.32441 (1) obj. 1.3773e+06 iterations 1
Cbc0038I Pass  14: suminf.    0.42995 (1) obj. 1.3773e+06 iterations 3
Cbc0038I Pass  15: suminf.    0.62402 (2) obj. 1.3773e+06 iterations 13
Cbc0038I Pass  16: suminf.    0.32441 (1) obj. 1.3773e+06 iterations 7
Cbc0038I Pass  17: suminf.    0.42995 (1) obj. 1.3773e+06 iterations 3
Cbc0038I Pass  18: suminf.    0.69018 (3) obj. 1.3773e+06 iterations 12
Cbc0038I Pass  19: suminf.    0.60426 (4) obj. 1.3773e+06 iterations 5
Cbc0038I Pass  20: suminf.    0.24941 (1) obj. 1.3773e+06 iterations 6
Cbc0038I Pass  21: suminf.    0.42995 (1) obj. 1.3773e+06 iterations 2
Cbc0038I Pass  22: suminf.    1.25894 (6) obj. 1.3773e+06 iterations 26
Cbc0038I Pass  23: suminf.    0.94315 (5) obj. 1.3773e+06 iterations 1
Cbc0038I Pass  24: suminf.    0.24941 (1) obj. 1.3773e+06 iterations 5
Cbc0038I Pass  25: suminf.    0.42995 (1) obj. 1.3773e+06 iterations 4
Cbc0038I Pass  26: suminf.    1.07825 (5) obj. 1.3773e+06 iterations 14
Cbc0038I Pass  27: suminf.    0.50965 (3) obj. 1.3773e+06 iterations 9
Cbc0038I Pass  28: suminf.    0.42995 (1) obj. 1.3773e+06 iterations 3
Cbc0038I Pass  29: suminf.    0.24941 (1) obj. 1.3773e+06 iterations 1
Cbc0038I Pass  30: suminf.    0.78024 (3) obj. 1.3773e+06 iterations 17
Cbc0038I Pass  31: suminf.    0.45353 (3) obj. 1.3773e+06 iterations 5
Cbc0038I Pass  32: suminf.    0.32441 (1) obj. 1.3773e+06 iterations 5
Cbc0038I Pass  33: suminf.    0.42222 (1) obj. 1.3773e+06 iterations 2
Cbc0038I No solution found this major pass
Cbc0038I Before mini branch and bound, 2 integers at bound fixed and 67 continuous
Cbc0038I Full problem 114 rows 159 columns, reduced to 29 rows 38 columns
Cbc0038I Mini branch and bound did not improve solution (0.04 seconds)
Cbc0038I After 0.04 seconds - Feasibility pump exiting with objective of 1.37735e+06 - took 0.03 seconds
Cbc0012I Integer solution of 1377347.7 found by feasibility pump after 0 iterations and 0 nodes (0.04 seconds)
Cbc0038I Full problem 114 rows 159 columns, reduced to 76 rows 118 columns
Cbc0031I 8 added rows had average density of 11.875
Cbc0013I At root node, 8 cuts changed objective from 1377086.4 to 1377275.6 in 15 passes
Cbc0014I Cut generator 0 (Probing) - 2 row cuts average 2.0 elements, 3 column cuts (3 active)  in 0.003 seconds - new frequency is 1
Cbc0014I Cut generator 1 (Gomory) - 41 row cuts average 28.3 elements, 0 column cuts (0 active)  in 0.003 seconds - new frequency is 1
Cbc0014I Cut generator 2 (Knapsack) - 0 row cuts average 0.0 elements, 0 column cuts (0 active)  in 0.001 seconds - new frequency is -100
Cbc0014I Cut generator 3 (Clique) - 0 row cuts average 0.0 elements, 0 column cuts (0 active)  in 0.000 seconds - new frequency is -100
Cbc0014I Cut generator 4 (MixedIntegerRounding2) - 3 row cuts average 4.3 elements, 0 column cuts (0 active)  in 0.002 seconds - new frequency is -100
Cbc0014I Cut generator 5 (FlowCover) - 0 row cuts average 0.0 elements, 0 column cuts (0 active)  in 0.003 seconds - new frequency is -100
Cbc0014I Cut generator 6 (TwoMirCuts) - 25 row cuts average 19.4 elements, 0 column cuts (0 active)  in 0.002 seconds - new frequency is -100
Cbc0010I After 0 nodes, 1 on tree, 1377347.7 best solution, best possible 1377275.6 (0.07 seconds)
Cbc0001I Search completed - best objective 1377347.686683986, took 243 iterations and 16 nodes (0.12 seconds)
Cbc0032I Strong branching done 64 times (173 iterations), fathomed 9 nodes and fixed 1 variables
Cbc0035I Maximum depth 3, 0 variables fixed on reduced cost
Cuts at root node changed objective from 1.37709e+06 to 1.37728e+06
Probing was tried 59 times and created 7 cuts of which 0 were active after adding rounds of cuts (0.004 seconds)
Gomory was tried 59 times and created 89 cuts of which 0 were active after adding rounds of cuts (0.007 seconds)
Knapsack was tried 15 times and created 0 cuts of which 0 were active after adding rounds of cuts (0.001 seconds)
Clique was tried 15 times and created 0 cuts of which 0 were active after adding rounds of cuts (0.000 seconds)
MixedIntegerRounding2 was tried 15 times and created 3 cuts of which 0 were active after adding rounds of cuts (0.002 seconds)
FlowCover was tried 15 times and created 0 cuts of which 0 were active after adding rounds of cuts (0.003 seconds)
TwoMirCuts was tried 15 times and created 25 cuts of which 0 were active after adding rounds of cuts (0.002 seconds)
ZeroHalf was tried 1 times and created 0 cuts of which 0 were active after adding rounds of cuts (0.000 seconds)

Result - Optimal solution found

Objective value:                1377347.68668399
Enumerated nodes:               16
Total iterations:               243
Time (CPU seconds):             0.12
Time (Wallclock seconds):       0.12

Option for printingOptions changed from normal to all
Total time (CPU seconds):       0.14   (Wallclock seconds):       0.14

