Welcome to the CBC MILP Solver 
Version: 2.10.3 
Build Date: Dec 15 2019 

command line - E:\dachuang\.venv\Lib\site-packages\pulp\apis\../solverdir/cbc/win/i64/cbc.exe model.mps -primalTolerance 1e-9 -integerTolerance 1e-9 -ratioGap 0 -allowableGap 0 -threads 0 -branch -printingOptions all -solution solution.txt -saveSolution solution.bin -quit (default strategy 1)
At line 2 NAME          MODEL
At line 3 ROWS
At line 317 COLUMNS
At line 1133 RHS
At line 1446 BOUNDS
At line 1521 ENDATA
Problem MODEL has 312 rows, 241 columns and 647 elements
Coin0008I MODEL read with 0 errors
primalTolerance was changed from 1e-07 to 1e-09
integerTolerance was changed from 1e-07 to 1e-09
ratioGap was changed from 0 to 0
allowableGap was changed from 1e-10 to 0
Continuous objective value is 1.68151e+06 - 0.00 seconds
Cgl0004I processed model has 113 rows, 157 columns (24 integer (24 of which binary)) and 332 elements
Cbc0038I Initial state - 9 integers unsatisfied sum - 2.44294
Cbc0038I Pass   1: suminf.    0.00000 (0) obj. 1.71584e+06 iterations 20
Cbc0038I Solution found of 1.71584e+06
Cbc0038I Relaxing continuous gives 1.7042e+06
Cbc0038I Before mini branch and bound, 15 integers at bound fixed and 81 continuous
Cbc0038I Full problem 113 rows 157 columns, reduced to 3 rows 6 columns
Cbc0038I Mini branch and bound improved solution from 1.7042e+06 to 1.68171e+06 (0.01 seconds)
Cbc0038I Round again with cutoff of 1.68169e+06
Cbc0038I Pass   2: suminf.    0.84908 (4) obj. 1.68169e+06 iterations 11
Cbc0038I Pass   3: suminf.    0.46657 (3) obj. 1.68169e+06 iterations 14
Cbc0038I Pass   4: suminf.    0.46657 (3) obj. 1.68169e+06 iterations 0
Cbc0038I Pass   5: suminf.    0.71978 (4) obj. 1.68169e+06 iterations 7
Cbc0038I Pass   6: suminf.    0.71978 (4) obj. 1.68169e+06 iterations 0
Cbc0038I Pass   7: suminf.    0.46657 (3) obj. 1.68169e+06 iterations 12
Cbc0038I Pass   8: suminf.    0.78236 (4) obj. 1.68169e+06 iterations 5
Cbc0038I Pass   9: suminf.    0.46657 (3) obj. 1.68169e+06 iterations 2
Cbc0038I Pass  10: suminf.    0.71978 (4) obj. 1.68169e+06 iterations 7
Cbc0038I Pass  11: suminf.    0.71978 (4) obj. 1.68169e+06 iterations 0
Cbc0038I Pass  12: suminf.    0.46657 (3) obj. 1.68169e+06 iterations 12
Cbc0038I Pass  13: suminf.    1.27057 (6) obj. 1.68169e+06 iterations 8
Cbc0038I Pass  14: suminf.    1.27057 (6) obj. 1.68169e+06 iterations 0
Cbc0038I Pass  15: suminf.    0.71978 (4) obj. 1.68169e+06 iterations 10
Cbc0038I Pass  16: suminf.    0.71978 (4) obj. 1.68169e+06 iterations 0
Cbc0038I Pass  17: suminf.    0.46657 (3) obj. 1.68169e+06 iterations 12
Cbc0038I Pass  18: suminf.    0.46657 (3) obj. 1.68169e+06 iterations 0
Cbc0038I Pass  19: suminf.    1.05035 (5) obj. 1.68169e+06 iterations 4
Cbc0038I Pass  20: suminf.    1.05035 (5) obj. 1.68169e+06 iterations 0
Cbc0038I Pass  21: suminf.    0.71978 (4) obj. 1.68169e+06 iterations 9
Cbc0038I Pass  22: suminf.    0.71978 (4) obj. 1.68169e+06 iterations 0
Cbc0038I Pass  23: suminf.    0.46657 (3) obj. 1.68169e+06 iterations 8
Cbc0038I Pass  24: suminf.    0.46657 (3) obj. 1.68169e+06 iterations 3
Cbc0038I Pass  25: suminf.    1.52972 (6) obj. 1.68169e+06 iterations 5
Cbc0038I Pass  26: suminf.    1.30507 (5) obj. 1.68169e+06 iterations 4
Cbc0038I Pass  27: suminf.    0.71978 (4) obj. 1.68169e+06 iterations 10
Cbc0038I Pass  28: suminf.    0.71978 (4) obj. 1.68169e+06 iterations 0
Cbc0038I Pass  29: suminf.    0.46657 (3) obj. 1.68169e+06 iterations 12
Cbc0038I Pass  30: suminf.    0.46657 (3) obj. 1.68169e+06 iterations 3
Cbc0038I Pass  31: suminf.    1.66886 (7) obj. 1.68169e+06 iterations 13
Cbc0038I No solution found this major pass
Cbc0038I Before mini branch and bound, 4 integers at bound fixed and 72 continuous
Cbc0038I Full problem 113 rows 157 columns, reduced to 14 rows 20 columns
Cbc0038I Mini branch and bound improved solution from 1.68171e+06 to 1.68169e+06 (0.03 seconds)
Cbc0038I Round again with cutoff of 1.68165e+06
Cbc0038I Pass  31: suminf.    1.02921 (4) obj. 1.68165e+06 iterations 0
Cbc0038I Pass  32: suminf.    0.66617 (3) obj. 1.68165e+06 iterations 11
Cbc0038I Pass  33: suminf.    0.66617 (3) obj. 1.68165e+06 iterations 0
Cbc0038I Pass  34: suminf.    0.91938 (4) obj. 1.68165e+06 iterations 7
Cbc0038I Pass  35: suminf.    0.91938 (4) obj. 1.68165e+06 iterations 0
Cbc0038I Pass  36: suminf.    0.66617 (3) obj. 1.68165e+06 iterations 9
Cbc0038I Pass  37: suminf.    0.94906 (3) obj. 1.68165e+06 iterations 17
Cbc0038I Pass  38: suminf.    0.53044 (2) obj. 1.68165e+06 iterations 2
Cbc0038I Pass  39: suminf.    0.17206 (1) obj. 1.68165e+06 iterations 3
Cbc0038I Pass  40: suminf.    0.17094 (1) obj. 1.68165e+06 iterations 1
Cbc0038I Pass  41: suminf.    1.59573 (5) obj. 1.68165e+06 iterations 16
Cbc0038I Pass  42: suminf.    1.17823 (4) obj. 1.68165e+06 iterations 1
Cbc0038I Pass  43: suminf.    0.32017 (2) obj. 1.68165e+06 iterations 9
Cbc0038I Pass  44: suminf.    0.32017 (2) obj. 1.68165e+06 iterations 0
Cbc0038I Pass  45: suminf.    0.47645 (2) obj. 1.68165e+06 iterations 3
Cbc0038I Pass  46: suminf.    0.47645 (2) obj. 1.68165e+06 iterations 1
Cbc0038I Pass  47: suminf.    0.98195 (4) obj. 1.68165e+06 iterations 12
Cbc0038I Pass  48: suminf.    0.66617 (3) obj. 1.68165e+06 iterations 2
Cbc0038I Pass  49: suminf.    0.91938 (3) obj. 1.68165e+06 iterations 4
Cbc0038I Pass  50: suminf.    0.91938 (3) obj. 1.68165e+06 iterations 0
Cbc0038I Pass  51: suminf.    0.66617 (3) obj. 1.68165e+06 iterations 8
Cbc0038I Pass  52: suminf.    0.61492 (3) obj. 1.68165e+06 iterations 4
Cbc0038I Pass  53: suminf.    0.37895 (2) obj. 1.68165e+06 iterations 1
Cbc0038I Pass  54: suminf.    0.91938 (3) obj. 1.68165e+06 iterations 7
Cbc0038I Pass  55: suminf.    0.91938 (3) obj. 1.68165e+06 iterations 0
Cbc0038I Pass  56: suminf.    0.66617 (3) obj. 1.68165e+06 iterations 4
Cbc0038I Pass  57: suminf.    0.61492 (3) obj. 1.68165e+06 iterations 1
Cbc0038I Pass  58: suminf.    0.37895 (2) obj. 1.68165e+06 iterations 1
Cbc0038I Pass  59: suminf.    0.91938 (3) obj. 1.68165e+06 iterations 7
Cbc0038I Pass  60: suminf.    0.91938 (3) obj. 1.68165e+06 iterations 0
Cbc0038I No solution found this major pass
Cbc0038I Before mini branch and bound, 8 integers at bound fixed and 73 continuous
Cbc0038I Full problem 113 rows 157 columns, reduced to 22 rows 30 columns
Cbc0038I Mini branch and bound improved solution from 1.68169e+06 to 1.68162e+06 (0.04 seconds)
Cbc0038I Round again with cutoff of 1.68158e+06
Cbc0038I Pass  60: suminf.    1.34041 (6) obj. 1.68158e+06 iterations 4
Cbc0038I Pass  61: suminf.    0.70830 (3) obj. 1.68158e+06 iterations 10
Cbc0038I Pass  62: suminf.    0.57991 (4) obj. 1.68158e+06 iterations 3
Cbc0038I Pass  63: suminf.    1.29670 (6) obj. 1.68158e+06 iterations 8
Cbc0038I Pass  64: suminf.    0.98091 (5) obj. 1.68158e+06 iterations 1
Cbc0038I Pass  65: suminf.    0.70830 (3) obj. 1.68158e+06 iterations 7
Cbc0038I Pass  66: suminf.    0.57991 (4) obj. 1.68158e+06 iterations 3
Cbc0038I Pass  67: suminf.    1.64898 (6) obj. 1.68158e+06 iterations 20
Cbc0038I Pass  68: suminf.    1.64898 (7) obj. 1.68158e+06 iterations 2
Cbc0038I Pass  69: suminf.    1.13948 (4) obj. 1.68158e+06 iterations 10
Cbc0038I Pass  70: suminf.    1.13447 (3) obj. 1.68158e+06 iterations 1
Cbc0038I Pass  71: suminf.    0.48548 (3) obj. 1.68158e+06 iterations 3
Cbc0038I Pass  72: suminf.    0.88648 (4) obj. 1.68158e+06 iterations 7
Cbc0038I Pass  73: suminf.    0.88648 (4) obj. 1.68158e+06 iterations 3
Cbc0038I Pass  74: suminf.    1.13948 (4) obj. 1.68158e+06 iterations 5
Cbc0038I Pass  75: suminf.    1.13447 (3) obj. 1.68158e+06 iterations 4
Cbc0038I Pass  76: suminf.    0.48548 (3) obj. 1.68158e+06 iterations 3
Cbc0038I Pass  77: suminf.    1.24598 (5) obj. 1.68158e+06 iterations 2
Cbc0038I Pass  78: suminf.    1.52876 (6) obj. 1.68158e+06 iterations 6
Cbc0038I Pass  79: suminf.    1.52876 (6) obj. 1.68158e+06 iterations 6
Cbc0038I Pass  80: suminf.    0.48582 (3) obj. 1.68158e+06 iterations 11
Cbc0038I Pass  81: suminf.    0.14282 (2) obj. 1.68158e+06 iterations 1
Cbc0038I Pass  82: suminf.    0.63470 (4) obj. 1.68158e+06 iterations 8
Cbc0038I Pass  83: suminf.    0.63470 (4) obj. 1.68158e+06 iterations 0
Cbc0038I Pass  84: suminf.    0.48548 (3) obj. 1.68158e+06 iterations 10
Cbc0038I Pass  85: suminf.    0.48548 (3) obj. 1.68158e+06 iterations 2
Cbc0038I Pass  86: suminf.    0.48582 (3) obj. 1.68158e+06 iterations 7
Cbc0038I Pass  87: suminf.    0.14282 (2) obj. 1.68158e+06 iterations 1
Cbc0038I Pass  88: suminf.    0.63470 (4) obj. 1.68158e+06 iterations 8
Cbc0038I Pass  89: suminf.    0.63470 (4) obj. 1.68158e+06 iterations 0
Cbc0038I No solution found this major pass
Cbc0038I Before mini branch and bound, 5 integers at bound fixed and 69 continuous
Cbc0038I Full problem 113 rows 157 columns, reduced to 23 rows 31 columns
Cbc0038I Mini branch and bound did not improve solution (0.06 seconds)
Cbc0038I After 0.06 seconds - Feasibility pump exiting with objective of 1.68162e+06 - took 0.05 seconds
Cbc0012I Integer solution of 1681616.6 found by feasibility pump after 0 iterations and 0 nodes (0.06 seconds)
Cbc0038I Full problem 113 rows 157 columns, reduced to 75 rows 116 columns
Cbc0031I 10 added rows had average density of 12.7
Cbc0013I At root node, 10 cuts changed objective from 1681506.1 to 1681599.8 in 31 passes
Cbc0014I Cut generator 0 (Probing) - 3 row cuts average 2.0 elements, 4 column cuts (4 active)  in 0.004 seconds - new frequency is 1
Cbc0014I Cut generator 1 (Gomory) - 57 row cuts average 39.9 elements, 0 column cuts (0 active)  in 0.003 seconds - new frequency is 1
Cbc0014I Cut generator 2 (Knapsack) - 0 row cuts average 0.0 elements, 0 column cuts (0 active)  in 0.004 seconds - new frequency is -100
Cbc0014I Cut generator 3 (Clique) - 0 row cuts average 0.0 elements, 0 column cuts (0 active)  in 0.000 seconds - new frequency is -100
Cbc0014I Cut generator 4 (MixedIntegerRounding2) - 11 row cuts average 4.2 elements, 0 column cuts (0 active)  in 0.002 seconds - new frequency is 1
Cbc0014I Cut generator 5 (FlowCover) - 0 row cuts average 0.0 elements, 0 column cuts (0 active)  in 0.007 seconds - new frequency is -100
Cbc0014I Cut generator 6 (TwoMirCuts) - 23 row cuts average 18.7 elements, 0 column cuts (0 active)  in 0.001 seconds - new frequency is -100
Cbc0010I After 0 nodes, 1 on tree, 1681616.6 best solution, best possible 1681599.8 (0.10 seconds)
Cbc0001I Search completed - best objective 1681616.599259481, took 203 iterations and 4 nodes (0.11 seconds)
Cbc0032I Strong branching done 16 times (59 iterations), fathomed 3 nodes and fixed 0 variables
Cbc0035I Maximum depth 1, 0 variables fixed on reduced cost
Cuts at root node changed objective from 1.68151e+06 to 1.6816e+06
Probing was tried 36 times and created 7 cuts of which 0 were active after adding rounds of cuts (0.005 seconds)
Gomory was tried 36 times and created 57 cuts of which 0 were active after adding rounds of cuts (0.003 seconds)
Knapsack was tried 31 times and created 0 cuts of which 0 were active after adding rounds of cuts (0.004 seconds)
Clique was tried 31 times and created 0 cuts of which 0 were active after adding rounds of cuts (0.000 seconds)
MixedIntegerRounding2 was tried 36 times and created 11 cuts of which 0 were active after adding rounds of cuts (0.002 seconds)
FlowCover was tried 31 times and created 0 cuts of which 0 were active after adding rounds of cuts (0.007 seconds)
TwoMirCuts was tried 31 times and created 23 cuts of which 0 were active after adding rounds of cuts (0.001 seconds)
ZeroHalf was tried 1 times and created 0 cuts of which 0 were active after adding rounds of cuts (0.000 seconds)

Result - Optimal solution found

Objective value:                1681616.59925948
Enumerated nodes:               4
Total iterations:               203
Time (CPU seconds):             0.12
Time (Wallclock seconds):       0.12

Option for printingOptions changed from normal to all
Total time (CPU seconds):       0.14   (Wallclock seconds):       0.14

