Welcome to the CBC MILP Solver 
Version: 2.10.3 
Build Date: Dec 15 2019 

command line - E:\dachuang\.venv\Lib\site-packages\pulp\apis\../solverdir/cbc/win/i64/cbc.exe model.mps -primalTolerance 1e-9 -integerTolerance 1e-9 -ratioGap 0 -allowableGap 0 -threads 0 -branch -printingOptions all -solution solution.txt -saveSolution solution.bin -quit (default strategy 1)
At line 2 NAME          MODEL
At line 3 ROWS
At line 317 COLUMNS
At line 1133 RHS
At line 1446 BOUNDS
At line 1521 ENDATA
Problem MODEL has 312 rows, 241 columns and 647 elements
Coin0008I MODEL read with 0 errors
primalTolerance was changed from 1e-07 to 1e-09
integerTolerance was changed from 1e-07 to 1e-09
ratioGap was changed from 0 to 0
allowableGap was changed from 1e-10 to 0
Continuous objective value is 1.25716e+06 - 0.00 seconds
Cgl0004I processed model has 114 rows, 159 columns (24 integer (24 of which binary)) and 337 elements
Cbc0038I Initial state - 12 integers unsatisfied sum - 3.49982
Cbc0038I Pass   1: suminf.    0.00000 (0) obj. 1.45093e+06 iterations 24
Cbc0038I Solution found of 1.45093e+06
Cbc0038I Relaxing continuous gives 1.43832e+06
Cbc0038I Before mini branch and bound, 12 integers at bound fixed and 76 continuous
Cbc0038I Full problem 114 rows 159 columns, reduced to 12 rows 15 columns
Cbc0038I Mini branch and bound improved solution from 1.43832e+06 to 1.25761e+06 (0.01 seconds)
Cbc0038I Round again with cutoff of 1.25757e+06
Cbc0038I Pass   2: suminf.    1.40404 (5) obj. 1.25757e+06 iterations 19
Cbc0038I Pass   3: suminf.    0.00000 (0) obj. 1.25757e+06 iterations 13
Cbc0038I Solution found of 1.25757e+06
Cbc0038I Relaxing continuous gives 1.2574e+06
Cbc0038I Before mini branch and bound, 11 integers at bound fixed and 78 continuous
Cbc0038I Full problem 114 rows 159 columns, reduced to 20 rows 25 columns
Cbc0038I Mini branch and bound improved solution from 1.2574e+06 to 1.25727e+06 (0.02 seconds)
Cbc0038I Round again with cutoff of 1.25725e+06
Cbc0038I Pass   4: suminf.    1.90487 (8) obj. 1.25725e+06 iterations 6
Cbc0038I Pass   5: suminf.    1.90487 (10) obj. 1.25725e+06 iterations 5
Cbc0038I Pass   6: suminf.    1.10303 (4) obj. 1.25725e+06 iterations 22
Cbc0038I Pass   7: suminf.    0.39115 (4) obj. 1.25725e+06 iterations 1
Cbc0038I Pass   8: suminf.    0.39115 (4) obj. 1.25725e+06 iterations 3
Cbc0038I Pass   9: suminf.    1.01354 (5) obj. 1.25725e+06 iterations 12
Cbc0038I Pass  10: suminf.    0.39115 (5) obj. 1.25725e+06 iterations 11
Cbc0038I Pass  11: suminf.    0.64027 (6) obj. 1.25725e+06 iterations 11
Cbc0038I Pass  12: suminf.    1.01354 (5) obj. 1.25725e+06 iterations 13
Cbc0038I Pass  13: suminf.    0.39115 (5) obj. 1.25725e+06 iterations 11
Cbc0038I Pass  14: suminf.    0.39115 (4) obj. 1.25725e+06 iterations 4
Cbc0038I Pass  15: suminf.    2.48344 (9) obj. 1.25725e+06 iterations 10
Cbc0038I Pass  16: suminf.    1.35265 (7) obj. 1.25725e+06 iterations 3
Cbc0038I Pass  17: suminf.    1.01354 (5) obj. 1.25725e+06 iterations 15
Cbc0038I Pass  18: suminf.    1.39854 (6) obj. 1.25725e+06 iterations 6
Cbc0038I Pass  19: suminf.    1.02154 (5) obj. 1.25725e+06 iterations 1
Cbc0038I Pass  20: suminf.    0.89519 (5) obj. 1.25725e+06 iterations 11
Cbc0038I Pass  21: suminf.    0.28865 (5) obj. 1.25725e+06 iterations 3
Cbc0038I Pass  22: suminf.    1.31390 (5) obj. 1.25725e+06 iterations 9
Cbc0038I Pass  23: suminf.    1.05690 (5) obj. 1.25725e+06 iterations 4
Cbc0038I Pass  24: suminf.    0.89519 (5) obj. 1.25725e+06 iterations 18
Cbc0038I Pass  25: suminf.    0.20204 (4) obj. 1.25725e+06 iterations 2
Cbc0038I Pass  26: suminf.    1.31390 (5) obj. 1.25725e+06 iterations 5
Cbc0038I Pass  27: suminf.    1.89239 (8) obj. 1.25725e+06 iterations 17
Cbc0038I Pass  28: suminf.    1.09260 (5) obj. 1.25725e+06 iterations 4
Cbc0038I Pass  29: suminf.    1.05967 (5) obj. 1.25725e+06 iterations 16
Cbc0038I Pass  30: suminf.    0.60763 (5) obj. 1.25725e+06 iterations 5
Cbc0038I Pass  31: suminf.    1.15940 (5) obj. 1.25725e+06 iterations 8
Cbc0038I Pass  32: suminf.    1.15940 (5) obj. 1.25725e+06 iterations 0
Cbc0038I Pass  33: suminf.    0.60763 (5) obj. 1.25725e+06 iterations 16
Cbc0038I No solution found this major pass
Cbc0038I Before mini branch and bound, 3 integers at bound fixed and 67 continuous
Cbc0038I Full problem 114 rows 159 columns, reduced to 27 rows 35 columns
Cbc0038I Mini branch and bound did not improve solution (0.03 seconds)
Cbc0038I After 0.03 seconds - Feasibility pump exiting with objective of 1.25727e+06 - took 0.03 seconds
Cbc0012I Integer solution of 1257271.3 found by feasibility pump after 0 iterations and 0 nodes (0.03 seconds)
Cbc0038I Full problem 114 rows 159 columns, reduced to 82 rows 125 columns
Cbc0031I 9 added rows had average density of 13.555556
Cbc0013I At root node, 9 cuts changed objective from 1257161.7 to 1257271.1 in 5 passes
Cbc0014I Cut generator 0 (Probing) - 2 row cuts average 3.0 elements, 8 column cuts (8 active)  in 0.002 seconds - new frequency is 1
Cbc0014I Cut generator 1 (Gomory) - 20 row cuts average 23.3 elements, 0 column cuts (0 active)  in 0.000 seconds - new frequency is 1
Cbc0014I Cut generator 2 (Knapsack) - 0 row cuts average 0.0 elements, 0 column cuts (0 active)  in 0.002 seconds - new frequency is -100
Cbc0014I Cut generator 3 (Clique) - 0 row cuts average 0.0 elements, 0 column cuts (0 active)  in 0.000 seconds - new frequency is -100
Cbc0014I Cut generator 4 (MixedIntegerRounding2) - 5 row cuts average 4.2 elements, 0 column cuts (0 active)  in 0.000 seconds - new frequency is 1
Cbc0014I Cut generator 5 (FlowCover) - 0 row cuts average 0.0 elements, 0 column cuts (0 active)  in 0.001 seconds - new frequency is -100
Cbc0014I Cut generator 6 (TwoMirCuts) - 20 row cuts average 16.6 elements, 0 column cuts (0 active)  in 0.001 seconds - new frequency is -100
Cbc0010I After 0 nodes, 1 on tree, 1257271.3 best solution, best possible 1257271.1 (0.05 seconds)
Cbc0001I Search completed - best objective 1257271.335261491, took 59 iterations and 4 nodes (0.05 seconds)
Cbc0032I Strong branching done 12 times (31 iterations), fathomed 1 nodes and fixed 2 variables
Cbc0035I Maximum depth 1, 0 variables fixed on reduced cost
Cuts at root node changed objective from 1.25716e+06 to 1.25727e+06
Probing was tried 8 times and created 10 cuts of which 0 were active after adding rounds of cuts (0.002 seconds)
Gomory was tried 8 times and created 22 cuts of which 0 were active after adding rounds of cuts (0.000 seconds)
Knapsack was tried 5 times and created 0 cuts of which 0 were active after adding rounds of cuts (0.002 seconds)
Clique was tried 5 times and created 0 cuts of which 0 were active after adding rounds of cuts (0.000 seconds)
MixedIntegerRounding2 was tried 8 times and created 5 cuts of which 0 were active after adding rounds of cuts (0.000 seconds)
FlowCover was tried 5 times and created 0 cuts of which 0 were active after adding rounds of cuts (0.001 seconds)
TwoMirCuts was tried 5 times and created 20 cuts of which 0 were active after adding rounds of cuts (0.001 seconds)
ZeroHalf was tried 1 times and created 0 cuts of which 0 were active after adding rounds of cuts (0.000 seconds)

Result - Optimal solution found

Objective value:                1257271.33526149
Enumerated nodes:               4
Total iterations:               59
Time (CPU seconds):             0.05
Time (Wallclock seconds):       0.06

Option for printingOptions changed from normal to all
Total time (CPU seconds):       0.08   (Wallclock seconds):       0.08

