Welcome to the CBC MILP Solver 
Version: 2.10.3 
Build Date: Dec 15 2019 

command line - E:\dachuang\.venv\Lib\site-packages\pulp\apis\../solverdir/cbc/win/i64/cbc.exe model.mps -primalTolerance 1e-9 -integerTolerance 1e-9 -ratioGap 0 -allowableGap 0 -threads 0 -branch -printingOptions all -solution solution.txt -saveSolution solution.bin -quit (default strategy 1)
At line 2 NAME          MODEL
At line 3 ROWS
At line 317 COLUMNS
At line 1133 RHS
At line 1446 BOUNDS
At line 1521 ENDATA
Problem MODEL has 312 rows, 241 columns and 647 elements
Coin0008I MODEL read with 0 errors
primalTolerance was changed from 1e-07 to 1e-09
integerTolerance was changed from 1e-07 to 1e-09
ratioGap was changed from 0 to 0
allowableGap was changed from 1e-10 to 0
Continuous objective value is 762187 - 0.00 seconds
Cgl0004I processed model has 117 rows, 165 columns (24 integer (24 of which binary)) and 352 elements
Cbc0038I Initial state - 10 integers unsatisfied sum - 2.46242
Cbc0038I Pass   1: suminf.    0.00000 (0) obj. 768944 iterations 22
Cbc0038I Solution found of 768944
Cbc0038I Relaxing continuous gives 765876
Cbc0038I Before mini branch and bound, 14 integers at bound fixed and 80 continuous
Cbc0038I Full problem 117 rows 165 columns, reduced to 13 rows 17 columns
Cbc0038I Mini branch and bound did not improve solution (0.01 seconds)
Cbc0038I Round again with cutoff of 765507
Cbc0038I Pass   2: suminf.    0.01677 (1) obj. 765507 iterations 5
Cbc0038I Solution found of 765507
Cbc0038I Relaxing continuous gives 763180
Cbc0038I Before mini branch and bound, 14 integers at bound fixed and 80 continuous
Cbc0038I Full problem 117 rows 165 columns, reduced to 13 rows 17 columns
Cbc0038I Mini branch and bound improved solution from 763180 to 762530 (0.02 seconds)
Cbc0038I Round again with cutoff of 762461
Cbc0038I Pass   3: suminf.    0.63657 (4) obj. 762461 iterations 8
Cbc0038I Pass   4: suminf.    0.00000 (0) obj. 762461 iterations 10
Cbc0038I Solution found of 762461
Cbc0038I Relaxing continuous gives 762322
Cbc0038I Before mini branch and bound, 13 integers at bound fixed and 81 continuous
Cbc0038I Full problem 117 rows 165 columns, reduced to 19 rows 26 columns
Cbc0038I Mini branch and bound improved solution from 762322 to 762190 (0.02 seconds)
Cbc0038I Round again with cutoff of 762189
Cbc0038I Pass   5: suminf.    0.94513 (7) obj. 762189 iterations 5
Cbc0038I Pass   6: suminf.    0.94513 (6) obj. 762189 iterations 2
Cbc0038I Pass   7: suminf.    0.49104 (2) obj. 762189 iterations 13
Cbc0038I Pass   8: suminf.    0.49001 (3) obj. 762189 iterations 2
Cbc0038I Pass   9: suminf.    1.00671 (3) obj. 762189 iterations 7
Cbc0038I Pass  10: suminf.    1.35106 (4) obj. 762189 iterations 9
Cbc0038I Pass  11: suminf.    0.59250 (3) obj. 762189 iterations 6
Cbc0038I Pass  12: suminf.    1.00671 (3) obj. 762189 iterations 6
Cbc0038I Pass  13: suminf.    0.59354 (2) obj. 762189 iterations 3
Cbc0038I Pass  14: suminf.    2.31962 (7) obj. 762189 iterations 14
Cbc0038I Pass  15: suminf.    1.25378 (6) obj. 762189 iterations 6
Cbc0038I Pass  16: suminf.    1.00671 (3) obj. 762189 iterations 16
Cbc0038I Pass  17: suminf.    0.59354 (2) obj. 762189 iterations 3
Cbc0038I Pass  18: suminf.    0.59250 (3) obj. 762189 iterations 3
Cbc0038I Pass  19: suminf.    1.02900 (4) obj. 762189 iterations 5
Cbc0038I Pass  20: suminf.    1.00671 (3) obj. 762189 iterations 14
Cbc0038I Pass  21: suminf.    0.59354 (2) obj. 762189 iterations 3
Cbc0038I Pass  22: suminf.    0.59250 (3) obj. 762189 iterations 3
Cbc0038I Pass  23: suminf.    2.76415 (8) obj. 762189 iterations 16
Cbc0038I Pass  24: suminf.    2.36225 (7) obj. 762189 iterations 6
Cbc0038I Pass  25: suminf.    2.36121 (8) obj. 762189 iterations 2
Cbc0038I Pass  26: suminf.    1.00671 (3) obj. 762189 iterations 13
Cbc0038I Pass  27: suminf.    0.59354 (2) obj. 762189 iterations 3
Cbc0038I Pass  28: suminf.    0.59250 (3) obj. 762189 iterations 2
Cbc0038I Pass  29: suminf.    1.64265 (9) obj. 762189 iterations 11
Cbc0038I Pass  30: suminf.    1.00671 (3) obj. 762189 iterations 13
Cbc0038I Pass  31: suminf.    0.59354 (2) obj. 762189 iterations 3
Cbc0038I Pass  32: suminf.    0.59250 (3) obj. 762189 iterations 2
Cbc0038I Pass  33: suminf.    1.20754 (6) obj. 762189 iterations 13
Cbc0038I Pass  34: suminf.    1.20708 (6) obj. 762189 iterations 2
Cbc0038I No solution found this major pass
Cbc0038I Before mini branch and bound, 1 integers at bound fixed and 76 continuous
Cbc0038I Full problem 117 rows 165 columns, reduced to 25 rows 33 columns
Cbc0038I Mini branch and bound did not improve solution (0.04 seconds)
Cbc0038I After 0.04 seconds - Feasibility pump exiting with objective of 762190 - took 0.03 seconds
Cbc0012I Integer solution of 762190.12 found by feasibility pump after 0 iterations and 0 nodes (0.04 seconds)
Cbc0038I Full problem 117 rows 165 columns, reduced to 79 rows 126 columns
Cbc0031I 7 added rows had average density of 18.714286
Cbc0013I At root node, 7 cuts changed objective from 762186.93 to 762188.17 in 8 passes
Cbc0014I Cut generator 0 (Probing) - 2 row cuts average 2.0 elements, 8 column cuts (8 active)  in 0.001 seconds - new frequency is 1
Cbc0014I Cut generator 1 (Gomory) - 20 row cuts average 26.6 elements, 0 column cuts (0 active)  in 0.002 seconds - new frequency is 1
Cbc0014I Cut generator 2 (Knapsack) - 0 row cuts average 0.0 elements, 0 column cuts (0 active)  in 0.001 seconds - new frequency is -100
Cbc0014I Cut generator 3 (Clique) - 0 row cuts average 0.0 elements, 0 column cuts (0 active)  in 0.000 seconds - new frequency is -100
Cbc0014I Cut generator 4 (MixedIntegerRounding2) - 4 row cuts average 4.5 elements, 0 column cuts (0 active)  in 0.001 seconds - new frequency is 1
Cbc0014I Cut generator 5 (FlowCover) - 0 row cuts average 0.0 elements, 0 column cuts (0 active)  in 0.001 seconds - new frequency is -100
Cbc0014I Cut generator 6 (TwoMirCuts) - 21 row cuts average 21.1 elements, 0 column cuts (0 active)  in 0.001 seconds - new frequency is -100
Cbc0010I After 0 nodes, 1 on tree, 762190.12 best solution, best possible 762188.17 (0.06 seconds)
Cbc0001I Search completed - best objective 762190.1165288888, took 77 iterations and 6 nodes (0.07 seconds)
Cbc0032I Strong branching done 18 times (46 iterations), fathomed 4 nodes and fixed 1 variables
Cbc0035I Maximum depth 1, 0 variables fixed on reduced cost
Cuts at root node changed objective from 762187 to 762188
Probing was tried 17 times and created 12 cuts of which 0 were active after adding rounds of cuts (0.001 seconds)
Gomory was tried 17 times and created 25 cuts of which 0 were active after adding rounds of cuts (0.002 seconds)
Knapsack was tried 8 times and created 0 cuts of which 0 were active after adding rounds of cuts (0.001 seconds)
Clique was tried 8 times and created 0 cuts of which 0 were active after adding rounds of cuts (0.000 seconds)
MixedIntegerRounding2 was tried 17 times and created 6 cuts of which 0 were active after adding rounds of cuts (0.001 seconds)
FlowCover was tried 8 times and created 0 cuts of which 0 were active after adding rounds of cuts (0.001 seconds)
TwoMirCuts was tried 8 times and created 21 cuts of which 0 were active after adding rounds of cuts (0.001 seconds)
ZeroHalf was tried 1 times and created 0 cuts of which 0 were active after adding rounds of cuts (0.000 seconds)

Result - Optimal solution found

Objective value:                762190.11652889
Enumerated nodes:               6
Total iterations:               77
Time (CPU seconds):             0.08
Time (Wallclock seconds):       0.08

Option for printingOptions changed from normal to all
Total time (CPU seconds):       0.10   (Wallclock seconds):       0.10

