Welcome to the CBC MILP Solver 
Version: 2.10.3 
Build Date: Dec 15 2019 

command line - E:\dachuang\.venv\Lib\site-packages\pulp\apis\../solverdir/cbc/win/i64/cbc.exe model.mps -primalTolerance 1e-9 -integerTolerance 1e-9 -ratioGap 0 -allowableGap 0 -threads 0 -branch -printingOptions all -solution solution.txt -saveSolution solution.bin -quit (default strategy 1)
At line 2 NAME          MODEL
At line 3 ROWS
At line 317 COLUMNS
At line 1133 RHS
At line 1446 BOUNDS
At line 1521 ENDATA
Problem MODEL has 312 rows, 241 columns and 647 elements
Coin0008I MODEL read with 0 errors
primalTolerance was changed from 1e-07 to 1e-09
integerTolerance was changed from 1e-07 to 1e-09
ratioGap was changed from 0 to 0
allowableGap was changed from 1e-10 to 0
Continuous objective value is 1.70661e+06 - 0.00 seconds
Cgl0004I processed model has 113 rows, 152 columns (24 integer (24 of which binary)) and 327 elements
Cbc0038I Initial state - 9 integers unsatisfied sum - 1.38906
Cbc0038I Pass   1: suminf.    0.00000 (0) obj. 1.72098e+06 iterations 15
Cbc0038I Solution found of 1.72098e+06
Cbc0038I Relaxing continuous gives 1.71781e+06
Cbc0038I Before mini branch and bound, 15 integers at bound fixed and 78 continuous
Cbc0038I Full problem 113 rows 152 columns, reduced to 5 rows 7 columns
Cbc0038I Mini branch and bound improved solution from 1.71781e+06 to 1.70684e+06 (0.01 seconds)
Cbc0038I Round again with cutoff of 1.70682e+06
Cbc0038I Pass   2: suminf.    0.17962 (3) obj. 1.70682e+06 iterations 7
Cbc0038I Pass   3: suminf.    0.10502 (2) obj. 1.70682e+06 iterations 10
Cbc0038I Pass   4: suminf.    0.10502 (2) obj. 1.70682e+06 iterations 2
Cbc0038I Pass   5: suminf.    0.84927 (3) obj. 1.70682e+06 iterations 12
Cbc0038I Pass   6: suminf.    0.11002 (1) obj. 1.70682e+06 iterations 3
Cbc0038I Pass   7: suminf.    0.43852 (1) obj. 1.70682e+06 iterations 2
Cbc0038I Pass   8: suminf.    0.43852 (1) obj. 1.70682e+06 iterations 9
Cbc0038I Pass   9: suminf.    0.11002 (1) obj. 1.70682e+06 iterations 1
Cbc0038I Pass  10: suminf.    0.43852 (1) obj. 1.70682e+06 iterations 2
Cbc0038I Pass  11: suminf.    0.99857 (5) obj. 1.70682e+06 iterations 28
Cbc0038I Pass  12: suminf.    0.49338 (3) obj. 1.70682e+06 iterations 2
Cbc0038I Pass  13: suminf.    0.46052 (5) obj. 1.70682e+06 iterations 5
Cbc0038I Pass  14: suminf.    0.79052 (3) obj. 1.70682e+06 iterations 12
Cbc0038I Pass  15: suminf.    0.79052 (3) obj. 1.70682e+06 iterations 0
Cbc0038I Pass  16: suminf.    0.78552 (2) obj. 1.70682e+06 iterations 2
Cbc0038I Pass  17: suminf.    0.78552 (2) obj. 1.70682e+06 iterations 0
Cbc0038I Pass  18: suminf.    0.32451 (1) obj. 1.70682e+06 iterations 5
Cbc0038I Solution found of 1.70682e+06
Cbc0038I Relaxing continuous gives 1.70678e+06
Cbc0038I Before mini branch and bound, 6 integers at bound fixed and 62 continuous
Cbc0038I Full problem 113 rows 152 columns, reduced to 25 rows 33 columns
Cbc0038I Mini branch and bound did not improve solution (0.02 seconds)
Cbc0038I Round again with cutoff of 1.70674e+06
Cbc0038I Pass  19: suminf.    0.50959 (3) obj. 1.70674e+06 iterations 0
Cbc0038I Pass  20: suminf.    0.47064 (2) obj. 1.70674e+06 iterations 10
Cbc0038I Pass  21: suminf.    0.43237 (1) obj. 1.70674e+06 iterations 2
Cbc0038I Pass  22: suminf.    0.43237 (1) obj. 1.70674e+06 iterations 1
Cbc0038I Pass  23: suminf.    0.49487 (4) obj. 1.70674e+06 iterations 16
Cbc0038I Pass  24: suminf.    0.44536 (4) obj. 1.70674e+06 iterations 11
Cbc0038I Pass  25: suminf.    0.44536 (4) obj. 1.70674e+06 iterations 0
Cbc0038I Pass  26: suminf.    0.98822 (4) obj. 1.70674e+06 iterations 4
Cbc0038I Pass  27: suminf.    0.97857 (4) obj. 1.70674e+06 iterations 3
Cbc0038I Pass  28: suminf.    0.44536 (4) obj. 1.70674e+06 iterations 11
Cbc0038I Pass  29: suminf.    1.14606 (7) obj. 1.70674e+06 iterations 22
Cbc0038I Pass  30: suminf.    0.83027 (6) obj. 1.70674e+06 iterations 3
Cbc0038I Pass  31: suminf.    0.64286 (4) obj. 1.70674e+06 iterations 6
Cbc0038I Pass  32: suminf.    0.64286 (4) obj. 1.70674e+06 iterations 0
Cbc0038I Pass  33: suminf.    0.44536 (4) obj. 1.70674e+06 iterations 6
Cbc0038I Pass  34: suminf.    0.44536 (4) obj. 1.70674e+06 iterations 0
Cbc0038I Pass  35: suminf.    0.87898 (5) obj. 1.70674e+06 iterations 19
Cbc0038I Pass  36: suminf.    0.59619 (4) obj. 1.70674e+06 iterations 1
Cbc0038I Pass  37: suminf.    0.38436 (3) obj. 1.70674e+06 iterations 8
Cbc0038I Pass  38: suminf.    0.38436 (3) obj. 1.70674e+06 iterations 0
Cbc0038I Pass  39: suminf.    0.62064 (3) obj. 1.70674e+06 iterations 5
Cbc0038I Pass  40: suminf.    0.53439 (2) obj. 1.70674e+06 iterations 4
Cbc0038I Pass  41: suminf.    0.38436 (3) obj. 1.70674e+06 iterations 6
Cbc0038I Pass  42: suminf.    0.97526 (5) obj. 1.70674e+06 iterations 17
Cbc0038I Pass  43: suminf.    0.67205 (3) obj. 1.70674e+06 iterations 3
Cbc0038I Pass  44: suminf.    0.45436 (1) obj. 1.70674e+06 iterations 4
Cbc0038I Pass  45: suminf.    0.21714 (1) obj. 1.70674e+06 iterations 1
Cbc0038I Pass  46: suminf.    0.54622 (3) obj. 1.70674e+06 iterations 3
Cbc0038I Pass  47: suminf.    0.23043 (2) obj. 1.70674e+06 iterations 1
Cbc0038I Pass  48: suminf.    0.54836 (5) obj. 1.70674e+06 iterations 8
Cbc0038I No solution found this major pass
Cbc0038I Before mini branch and bound, 2 integers at bound fixed and 60 continuous
Cbc0038I Full problem 113 rows 152 columns, reduced to 25 rows 33 columns
Cbc0038I Mini branch and bound did not improve solution (0.04 seconds)
Cbc0038I After 0.04 seconds - Feasibility pump exiting with objective of 1.70678e+06 - took 0.03 seconds
Cbc0012I Integer solution of 1706776.3 found by feasibility pump after 0 iterations and 0 nodes (0.04 seconds)
Cbc0038I Full problem 113 rows 152 columns, reduced to 93 rows 131 columns - 4 fixed gives 84, 122 - ok now
Cbc0038I Full problem 113 rows 152 columns, reduced to 83 rows 121 columns
Cbc0031I 11 added rows had average density of 20
Cbc0013I At root node, 11 cuts changed objective from 1706612.8 to 1706720.4 in 22 passes
Cbc0014I Cut generator 0 (Probing) - 5 row cuts average 2.0 elements, 3 column cuts (3 active)  in 0.003 seconds - new frequency is 1
Cbc0014I Cut generator 1 (Gomory) - 58 row cuts average 38.6 elements, 0 column cuts (0 active)  in 0.002 seconds - new frequency is 1
Cbc0014I Cut generator 2 (Knapsack) - 0 row cuts average 0.0 elements, 0 column cuts (0 active)  in 0.004 seconds - new frequency is -100
Cbc0014I Cut generator 3 (Clique) - 0 row cuts average 0.0 elements, 0 column cuts (0 active)  in 0.000 seconds - new frequency is -100
Cbc0014I Cut generator 4 (MixedIntegerRounding2) - 12 row cuts average 4.4 elements, 0 column cuts (0 active)  in 0.001 seconds - new frequency is 1
Cbc0014I Cut generator 5 (FlowCover) - 0 row cuts average 0.0 elements, 0 column cuts (0 active)  in 0.005 seconds - new frequency is -100
Cbc0014I Cut generator 6 (TwoMirCuts) - 17 row cuts average 19.1 elements, 0 column cuts (0 active)  in 0.000 seconds - new frequency is -100
Cbc0010I After 0 nodes, 1 on tree, 1706776.3 best solution, best possible 1706720.4 (0.07 seconds)
Cbc0001I Search completed - best objective 1706776.334302262, took 158 iterations and 4 nodes (0.09 seconds)
Cbc0032I Strong branching done 22 times (72 iterations), fathomed 3 nodes and fixed 3 variables
Cbc0035I Maximum depth 1, 0 variables fixed on reduced cost
Cuts at root node changed objective from 1.70661e+06 to 1.70672e+06
Probing was tried 30 times and created 9 cuts of which 0 were active after adding rounds of cuts (0.004 seconds)
Gomory was tried 30 times and created 68 cuts of which 0 were active after adding rounds of cuts (0.003 seconds)
Knapsack was tried 22 times and created 0 cuts of which 0 were active after adding rounds of cuts (0.004 seconds)
Clique was tried 22 times and created 0 cuts of which 0 were active after adding rounds of cuts (0.000 seconds)
MixedIntegerRounding2 was tried 30 times and created 13 cuts of which 0 were active after adding rounds of cuts (0.001 seconds)
FlowCover was tried 22 times and created 0 cuts of which 0 were active after adding rounds of cuts (0.005 seconds)
TwoMirCuts was tried 22 times and created 17 cuts of which 0 were active after adding rounds of cuts (0.000 seconds)
ZeroHalf was tried 1 times and created 0 cuts of which 0 were active after adding rounds of cuts (0.000 seconds)

Result - Optimal solution found

Objective value:                1706776.33430226
Enumerated nodes:               4
Total iterations:               158
Time (CPU seconds):             0.09
Time (Wallclock seconds):       0.09

Option for printingOptions changed from normal to all
Total time (CPU seconds):       0.12   (Wallclock seconds):       0.12

