Welcome to the CBC MILP Solver 
Version: 2.10.3 
Build Date: Dec 15 2019 

command line - E:\dachuang\.venv\Lib\site-packages\pulp\apis\../solverdir/cbc/win/i64/cbc.exe model.mps -primalTolerance 1e-9 -integerTolerance 1e-9 -ratioGap 0 -allowableGap 0 -threads 0 -branch -printingOptions all -solution solution.txt -saveSolution solution.bin -quit (default strategy 1)
At line 2 NAME          MODEL
At line 3 ROWS
At line 317 COLUMNS
At line 1133 RHS
At line 1446 BOUNDS
At line 1521 ENDATA
Problem MODEL has 312 rows, 241 columns and 647 elements
Coin0008I MODEL read with 0 errors
primalTolerance was changed from 1e-07 to 1e-09
integerTolerance was changed from 1e-07 to 1e-09
ratioGap was changed from 0 to 0
allowableGap was changed from 1e-10 to 0
Continuous objective value is 1.80198e+06 - 0.00 seconds
Cgl0004I processed model has 113 rows, 157 columns (24 integer (24 of which binary)) and 332 elements
Cbc0038I Initial state - 11 integers unsatisfied sum - 2.37973
Cbc0038I Pass   1: suminf.    0.00000 (0) obj. 1.82915e+06 iterations 16
Cbc0038I Solution found of 1.82915e+06
Cbc0038I Relaxing continuous gives 1.8282e+06
Cbc0038I Before mini branch and bound, 13 integers at bound fixed and 84 continuous
Cbc0038I Full problem 113 rows 157 columns, reduced to 5 rows 6 columns
Cbc0038I Mini branch and bound improved solution from 1.8282e+06 to 1.80238e+06 (0.01 seconds)
Cbc0038I Freeing continuous variables gives a solution of 1.80238e+06
Cbc0038I Round again with cutoff of 1.80234e+06
Cbc0038I Pass   2: suminf.    0.34049 (4) obj. 1.80234e+06 iterations 11
Cbc0038I Pass   3: suminf.    0.20599 (2) obj. 1.80234e+06 iterations 10
Cbc0038I Pass   4: suminf.    0.20599 (2) obj. 1.80234e+06 iterations 0
Cbc0038I Pass   5: suminf.    0.19149 (2) obj. 1.80234e+06 iterations 1
Cbc0038I Pass   6: suminf.    0.19149 (2) obj. 1.80234e+06 iterations 0
Cbc0038I Pass   7: suminf.    0.48028 (3) obj. 1.80234e+06 iterations 14
Cbc0038I Pass   8: suminf.    0.38099 (2) obj. 1.80234e+06 iterations 1
Cbc0038I Pass   9: suminf.    0.39549 (2) obj. 1.80234e+06 iterations 7
Cbc0038I Pass  10: suminf.    0.39549 (2) obj. 1.80234e+06 iterations 0
Cbc0038I Pass  11: suminf.    0.38099 (2) obj. 1.80234e+06 iterations 1
Cbc0038I Pass  12: suminf.    0.71128 (3) obj. 1.80234e+06 iterations 20
Cbc0038I Pass  13: suminf.    0.39549 (2) obj. 1.80234e+06 iterations 1
Cbc0038I Pass  14: suminf.    0.38099 (2) obj. 1.80234e+06 iterations 1
Cbc0038I Pass  15: suminf.    0.38099 (2) obj. 1.80234e+06 iterations 0
Cbc0038I Pass  16: suminf.    0.39549 (2) obj. 1.80234e+06 iterations 7
Cbc0038I Pass  17: suminf.    0.69678 (3) obj. 1.80234e+06 iterations 9
Cbc0038I Pass  18: suminf.    0.38099 (2) obj. 1.80234e+06 iterations 1
Cbc0038I Pass  19: suminf.    0.39549 (2) obj. 1.80234e+06 iterations 7
Cbc0038I Pass  20: suminf.    0.39549 (2) obj. 1.80234e+06 iterations 0
Cbc0038I Pass  21: suminf.    0.38099 (2) obj. 1.80234e+06 iterations 1
Cbc0038I Pass  22: suminf.    0.62349 (5) obj. 1.80234e+06 iterations 15
Cbc0038I Pass  23: suminf.    0.62349 (5) obj. 1.80234e+06 iterations 0
Cbc0038I Pass  24: suminf.    1.04801 (3) obj. 1.80234e+06 iterations 9
Cbc0038I Pass  25: suminf.    0.38099 (2) obj. 1.80234e+06 iterations 2
Cbc0038I Pass  26: suminf.    0.39549 (2) obj. 1.80234e+06 iterations 4
Cbc0038I Pass  27: suminf.    0.39549 (2) obj. 1.80234e+06 iterations 0
Cbc0038I Pass  28: suminf.    0.38099 (2) obj. 1.80234e+06 iterations 1
Cbc0038I Pass  29: suminf.    2.39631 (10) obj. 1.80234e+06 iterations 21
Cbc0038I Pass  30: suminf.    1.50199 (7) obj. 1.80234e+06 iterations 3
Cbc0038I Pass  31: suminf.    1.08049 (4) obj. 1.80234e+06 iterations 7
Cbc0038I No solution found this major pass
Cbc0038I Before mini branch and bound, 2 integers at bound fixed and 67 continuous
Cbc0038I Full problem 113 rows 157 columns, reduced to 26 rows 32 columns
Cbc0038I Mini branch and bound improved solution from 1.80238e+06 to 1.80236e+06 (0.03 seconds)
Cbc0038I Round again with cutoff of 1.80227e+06
Cbc0038I Pass  31: suminf.    0.68518 (4) obj. 1.80227e+06 iterations 0
Cbc0038I Pass  32: suminf.    0.55068 (2) obj. 1.80227e+06 iterations 10
Cbc0038I Pass  33: suminf.    0.55068 (2) obj. 1.80227e+06 iterations 0
Cbc0038I Pass  34: suminf.    0.53618 (2) obj. 1.80227e+06 iterations 1
Cbc0038I Pass  35: suminf.    0.53618 (2) obj. 1.80227e+06 iterations 0
Cbc0038I Pass  36: suminf.    1.56368 (7) obj. 1.80227e+06 iterations 14
Cbc0038I Pass  37: suminf.    0.81432 (4) obj. 1.80227e+06 iterations 8
Cbc0038I Pass  38: suminf.    0.72568 (4) obj. 1.80227e+06 iterations 2
Cbc0038I Pass  39: suminf.    0.56368 (3) obj. 1.80227e+06 iterations 14
Cbc0038I Pass  40: suminf.    0.55068 (2) obj. 1.80227e+06 iterations 9
Cbc0038I Pass  41: suminf.    0.55068 (2) obj. 1.80227e+06 iterations 0
Cbc0038I Pass  42: suminf.    0.53618 (2) obj. 1.80227e+06 iterations 1
Cbc0038I Pass  43: suminf.    0.53618 (2) obj. 1.80227e+06 iterations 0
Cbc0038I Pass  44: suminf.    0.72568 (4) obj. 1.80227e+06 iterations 9
Cbc0038I Pass  45: suminf.    0.81432 (4) obj. 1.80227e+06 iterations 2
Cbc0038I Pass  46: suminf.    0.72568 (4) obj. 1.80227e+06 iterations 1
Cbc0038I Pass  47: suminf.    0.53618 (2) obj. 1.80227e+06 iterations 4
Cbc0038I Pass  48: suminf.    0.55068 (2) obj. 1.80227e+06 iterations 4
Cbc0038I Pass  49: suminf.    0.55068 (2) obj. 1.80227e+06 iterations 0
Cbc0038I Pass  50: suminf.    0.53618 (2) obj. 1.80227e+06 iterations 1
Cbc0038I Pass  51: suminf.    0.53618 (2) obj. 1.80227e+06 iterations 0
Cbc0038I Pass  52: suminf.    0.53618 (2) obj. 1.80227e+06 iterations 3
Cbc0038I Pass  53: suminf.    0.55068 (2) obj. 1.80227e+06 iterations 4
Cbc0038I Pass  54: suminf.    0.55068 (2) obj. 1.80227e+06 iterations 0
Cbc0038I Pass  55: suminf.    0.53618 (2) obj. 1.80227e+06 iterations 1
Cbc0038I Pass  56: suminf.    0.53618 (2) obj. 1.80227e+06 iterations 0
Cbc0038I Pass  57: suminf.    1.53618 (6) obj. 1.80227e+06 iterations 13
Cbc0038I Pass  58: suminf.    1.53618 (6) obj. 1.80227e+06 iterations 0
Cbc0038I Pass  59: suminf.    0.81432 (4) obj. 1.80227e+06 iterations 6
Cbc0038I Pass  60: suminf.    0.72568 (4) obj. 1.80227e+06 iterations 2
Cbc0038I No solution found this major pass
Cbc0038I Before mini branch and bound, 3 integers at bound fixed and 70 continuous
Cbc0038I Full problem 113 rows 157 columns, reduced to 19 rows 24 columns
Cbc0038I Mini branch and bound did not improve solution (0.04 seconds)
Cbc0038I After 0.04 seconds - Feasibility pump exiting with objective of 1.80236e+06 - took 0.03 seconds
Cbc0012I Integer solution of 1802355.5 found by feasibility pump after 0 iterations and 0 nodes (0.04 seconds)
Cbc0038I Full problem 113 rows 157 columns, reduced to 77 rows 118 columns
Cbc0031I 10 added rows had average density of 18.9
Cbc0013I At root node, 10 cuts changed objective from 1801977.5 to 1802305.9 in 59 passes
Cbc0014I Cut generator 0 (Probing) - 3 row cuts average 2.0 elements, 3 column cuts (3 active)  in 0.006 seconds - new frequency is 1
Cbc0014I Cut generator 1 (Gomory) - 173 row cuts average 42.1 elements, 0 column cuts (0 active)  in 0.008 seconds - new frequency is 1
Cbc0014I Cut generator 2 (Knapsack) - 0 row cuts average 0.0 elements, 0 column cuts (0 active)  in 0.004 seconds - new frequency is -100
Cbc0014I Cut generator 3 (Clique) - 0 row cuts average 0.0 elements, 0 column cuts (0 active)  in 0.000 seconds - new frequency is -100
Cbc0014I Cut generator 4 (MixedIntegerRounding2) - 13 row cuts average 4.2 elements, 0 column cuts (0 active)  in 0.005 seconds - new frequency is -100
Cbc0014I Cut generator 5 (FlowCover) - 0 row cuts average 0.0 elements, 0 column cuts (0 active)  in 0.011 seconds - new frequency is -100
Cbc0014I Cut generator 6 (TwoMirCuts) - 19 row cuts average 14.8 elements, 0 column cuts (0 active)  in 0.004 seconds - new frequency is -100
Cbc0010I After 0 nodes, 1 on tree, 1802355.5 best solution, best possible 1802306 (0.12 seconds)
Cbc0001I Search completed - best objective 1802355.468183989, took 464 iterations and 4 nodes (0.13 seconds)
Cbc0032I Strong branching done 14 times (54 iterations), fathomed 1 nodes and fixed 1 variables
Cbc0035I Maximum depth 1, 1 variables fixed on reduced cost
Cuts at root node changed objective from 1.80198e+06 to 1.80231e+06
Probing was tried 67 times and created 6 cuts of which 0 were active after adding rounds of cuts (0.006 seconds)
Gomory was tried 67 times and created 180 cuts of which 0 were active after adding rounds of cuts (0.009 seconds)
Knapsack was tried 59 times and created 0 cuts of which 0 were active after adding rounds of cuts (0.004 seconds)
Clique was tried 59 times and created 0 cuts of which 0 were active after adding rounds of cuts (0.000 seconds)
MixedIntegerRounding2 was tried 59 times and created 13 cuts of which 0 were active after adding rounds of cuts (0.005 seconds)
FlowCover was tried 59 times and created 0 cuts of which 0 were active after adding rounds of cuts (0.011 seconds)
TwoMirCuts was tried 59 times and created 19 cuts of which 0 were active after adding rounds of cuts (0.004 seconds)
ZeroHalf was tried 1 times and created 0 cuts of which 0 were active after adding rounds of cuts (0.000 seconds)

Result - Optimal solution found

Objective value:                1802355.46818399
Enumerated nodes:               4
Total iterations:               464
Time (CPU seconds):             0.14
Time (Wallclock seconds):       0.14

Option for printingOptions changed from normal to all
Total time (CPU seconds):       0.17   (Wallclock seconds):       0.17

