Welcome to the CBC MILP Solver 
Version: 2.10.3 
Build Date: Dec 15 2019 

command line - E:\dachuang\.venv\Lib\site-packages\pulp\apis\../solverdir/cbc/win/i64/cbc.exe model.mps -primalTolerance 1e-9 -integerTolerance 1e-9 -ratioGap 0 -allowableGap 0 -threads 0 -branch -printingOptions all -solution solution.txt -saveSolution solution.bin -quit (default strategy 1)
At line 2 NAME          MODEL
At line 3 ROWS
At line 317 COLUMNS
At line 1133 RHS
At line 1446 BOUNDS
At line 1521 ENDATA
Problem MODEL has 312 rows, 241 columns and 647 elements
Coin0008I MODEL read with 0 errors
primalTolerance was changed from 1e-07 to 1e-09
integerTolerance was changed from 1e-07 to 1e-09
ratioGap was changed from 0 to 0
allowableGap was changed from 1e-10 to 0
Continuous objective value is 721539 - 0.00 seconds
Cgl0004I processed model has 117 rows, 165 columns (24 integer (24 of which binary)) and 352 elements
Cbc0038I Initial state - 8 integers unsatisfied sum - 1.8554
Cbc0038I Pass   1: suminf.    0.00000 (0) obj. 797137 iterations 14
Cbc0038I Solution found of 797137
Cbc0038I Relaxing continuous gives 794510
Cbc0038I Before mini branch and bound, 16 integers at bound fixed and 83 continuous
Cbc0038I Full problem 117 rows 165 columns, reduced to 12 rows 17 columns
Cbc0038I Mini branch and bound improved solution from 794510 to 721699 (0.01 seconds)
Cbc0038I Round again with cutoff of 721683
Cbc0038I Pass   2: suminf.    0.85771 (5) obj. 721683 iterations 12
Cbc0038I Pass   3: suminf.    0.05617 (1) obj. 721683 iterations 13
Cbc0038I Pass   4: suminf.    0.42862 (1) obj. 721683 iterations 1
Cbc0038I Pass   5: suminf.    1.11862 (3) obj. 721683 iterations 6
Cbc0038I Pass   6: suminf.    0.90762 (2) obj. 721683 iterations 1
Cbc0038I Pass   7: suminf.    0.05617 (1) obj. 721683 iterations 3
Cbc0038I Pass   8: suminf.    0.42862 (1) obj. 721683 iterations 1
Cbc0038I Pass   9: suminf.    1.27057 (3) obj. 721683 iterations 13
Cbc0038I Pass  10: suminf.    0.05980 (1) obj. 721683 iterations 5
Cbc0038I Pass  11: suminf.    0.43189 (1) obj. 721683 iterations 1
Cbc0038I Pass  12: suminf.    0.47788 (6) obj. 721683 iterations 10
Cbc0038I Pass  13: suminf.    0.40738 (5) obj. 721683 iterations 2
Cbc0038I Pass  14: suminf.    0.73283 (3) obj. 721683 iterations 8
Cbc0038I Pass  15: suminf.    0.39317 (3) obj. 721683 iterations 2
Cbc0038I Pass  16: suminf.    0.47828 (6) obj. 721683 iterations 5
Cbc0038I Pass  17: suminf.    0.40738 (5) obj. 721683 iterations 1
Cbc0038I Pass  18: suminf.    0.73283 (3) obj. 721683 iterations 8
Cbc0038I Pass  19: suminf.    0.39317 (3) obj. 721683 iterations 2
Cbc0038I Pass  20: suminf.    1.81165 (7) obj. 721683 iterations 13
Cbc0038I Pass  21: suminf.    1.53015 (5) obj. 721683 iterations 3
Cbc0038I Pass  22: suminf.    0.05617 (1) obj. 721683 iterations 5
Cbc0038I Pass  23: suminf.    0.42862 (1) obj. 721683 iterations 1
Cbc0038I Pass  24: suminf.    0.83177 (8) obj. 721683 iterations 16
Cbc0038I Pass  25: suminf.    0.69037 (6) obj. 721683 iterations 2
Cbc0038I Pass  26: suminf.    0.73283 (3) obj. 721683 iterations 9
Cbc0038I Pass  27: suminf.    0.39317 (3) obj. 721683 iterations 2
Cbc0038I Pass  28: suminf.    0.74557 (6) obj. 721683 iterations 6
Cbc0038I Pass  29: suminf.    0.39317 (3) obj. 721683 iterations 3
Cbc0038I Pass  30: suminf.    0.73283 (3) obj. 721683 iterations 6
Cbc0038I Pass  31: suminf.    0.07617 (1) obj. 721683 iterations 7
Cbc0038I No solution found this major pass
Cbc0038I Before mini branch and bound, 3 integers at bound fixed and 79 continuous
Cbc0038I Full problem 117 rows 165 columns, reduced to 21 rows 27 columns
Cbc0038I Mini branch and bound improved solution from 721699 to 721695 (0.02 seconds)
Cbc0038I Round again with cutoff of 721654
Cbc0038I Pass  31: suminf.    0.87673 (5) obj. 721654 iterations 0
Cbc0038I Pass  32: suminf.    0.62236 (5) obj. 721654 iterations 3
Cbc0038I Pass  33: suminf.    0.44764 (1) obj. 721654 iterations 6
Cbc0038I Pass  34: suminf.    0.19327 (1) obj. 721654 iterations 2
Cbc0038I Pass  35: suminf.    0.57444 (4) obj. 721654 iterations 10
Cbc0038I Pass  36: suminf.    0.53027 (3) obj. 721654 iterations 1
Cbc0038I Pass  37: suminf.    0.59573 (3) obj. 721654 iterations 3
Cbc0038I Pass  38: suminf.    0.53390 (3) obj. 721654 iterations 12
Cbc0038I Pass  39: suminf.    0.59210 (3) obj. 721654 iterations 5
Cbc0038I Pass  40: suminf.    0.53390 (3) obj. 721654 iterations 1
Cbc0038I Pass  41: suminf.    0.65357 (5) obj. 721654 iterations 7
Cbc0038I Pass  42: suminf.    0.58307 (4) obj. 721654 iterations 1
Cbc0038I Pass  43: suminf.    0.59210 (3) obj. 721654 iterations 4
Cbc0038I Pass  44: suminf.    0.53390 (3) obj. 721654 iterations 1
Cbc0038I Pass  45: suminf.    1.02348 (6) obj. 721654 iterations 5
Cbc0038I Pass  46: suminf.    1.02348 (6) obj. 721654 iterations 1
Cbc0038I Pass  47: suminf.    0.59573 (3) obj. 721654 iterations 6
Cbc0038I Pass  48: suminf.    0.53027 (3) obj. 721654 iterations 1
Cbc0038I Pass  49: suminf.    0.53027 (3) obj. 721654 iterations 5
Cbc0038I Pass  50: suminf.    0.59573 (3) obj. 721654 iterations 3
Cbc0038I Pass  51: suminf.    0.53027 (3) obj. 721654 iterations 1
Cbc0038I Pass  52: suminf.    0.82062 (5) obj. 721654 iterations 6
Cbc0038I Pass  53: suminf.    0.82062 (5) obj. 721654 iterations 0
Cbc0038I Pass  54: suminf.    0.59573 (3) obj. 721654 iterations 5
Cbc0038I Pass  55: suminf.    0.53027 (3) obj. 721654 iterations 1
Cbc0038I Pass  56: suminf.    0.60440 (4) obj. 721654 iterations 5
Cbc0038I Pass  57: suminf.    0.53390 (3) obj. 721654 iterations 1
Cbc0038I Pass  58: suminf.    0.59210 (3) obj. 721654 iterations 3
Cbc0038I Pass  59: suminf.    1.22390 (5) obj. 721654 iterations 3
Cbc0038I Pass  60: suminf.    1.01290 (4) obj. 721654 iterations 1
Cbc0038I No solution found this major pass
Cbc0038I Before mini branch and bound, 2 integers at bound fixed and 81 continuous
Cbc0038I Full problem 117 rows 165 columns, reduced to 13 rows 17 columns
Cbc0038I Mini branch and bound did not improve solution (0.04 seconds)
Cbc0038I After 0.04 seconds - Feasibility pump exiting with objective of 721695 - took 0.03 seconds
Cbc0012I Integer solution of 721694.52 found by feasibility pump after 0 iterations and 0 nodes (0.04 seconds)
Cbc0038I Full problem 117 rows 165 columns, reduced to 84 rows 132 columns
Cbc0031I 10 added rows had average density of 14.7
Cbc0013I At root node, 10 cuts changed objective from 721539.14 to 721694.52 in 25 passes
Cbc0014I Cut generator 0 (Probing) - 3 row cuts average 2.0 elements, 7 column cuts (7 active)  in 0.003 seconds - new frequency is 1
Cbc0014I Cut generator 1 (Gomory) - 49 row cuts average 21.3 elements, 0 column cuts (0 active)  in 0.003 seconds - new frequency is 1
Cbc0014I Cut generator 2 (Knapsack) - 0 row cuts average 0.0 elements, 0 column cuts (0 active)  in 0.006 seconds - new frequency is -100
Cbc0014I Cut generator 3 (Clique) - 0 row cuts average 0.0 elements, 0 column cuts (0 active)  in 0.000 seconds - new frequency is -100
Cbc0014I Cut generator 4 (MixedIntegerRounding2) - 4 row cuts average 4.8 elements, 0 column cuts (0 active)  in 0.002 seconds - new frequency is -100
Cbc0014I Cut generator 5 (FlowCover) - 0 row cuts average 0.0 elements, 0 column cuts (0 active)  in 0.002 seconds - new frequency is -100
Cbc0014I Cut generator 6 (TwoMirCuts) - 20 row cuts average 13.9 elements, 0 column cuts (0 active)  in 0.002 seconds - new frequency is -100
Cbc0001I Search completed - best objective 721694.5226206013, took 111 iterations and 0 nodes (0.07 seconds)
Cbc0032I Strong branching done 2 times (11 iterations), fathomed 1 nodes and fixed 0 variables
Cbc0035I Maximum depth 0, 0 variables fixed on reduced cost
Cuts at root node changed objective from 721539 to 721698
Probing was tried 25 times and created 10 cuts of which 0 were active after adding rounds of cuts (0.003 seconds)
Gomory was tried 25 times and created 49 cuts of which 0 were active after adding rounds of cuts (0.003 seconds)
Knapsack was tried 25 times and created 0 cuts of which 0 were active after adding rounds of cuts (0.006 seconds)
Clique was tried 25 times and created 0 cuts of which 0 were active after adding rounds of cuts (0.000 seconds)
MixedIntegerRounding2 was tried 25 times and created 4 cuts of which 0 were active after adding rounds of cuts (0.002 seconds)
FlowCover was tried 25 times and created 0 cuts of which 0 were active after adding rounds of cuts (0.002 seconds)
TwoMirCuts was tried 25 times and created 20 cuts of which 0 were active after adding rounds of cuts (0.002 seconds)
ZeroHalf was tried 1 times and created 0 cuts of which 0 were active after adding rounds of cuts (0.000 seconds)

Result - Optimal solution found

Objective value:                721694.52262060
Enumerated nodes:               0
Total iterations:               111
Time (CPU seconds):             0.07
Time (Wallclock seconds):       0.08

Option for printingOptions changed from normal to all
Total time (CPU seconds):       0.10   (Wallclock seconds):       0.10

