Welcome to the CBC MILP Solver 
Version: 2.10.3 
Build Date: Dec 15 2019 

command line - E:\dachuang\.venv\Lib\site-packages\pulp\apis\../solverdir/cbc/win/i64/cbc.exe model.mps -primalTolerance 1e-9 -integerTolerance 1e-9 -ratioGap 0 -allowableGap 0 -threads 0 -branch -printingOptions all -solution solution.txt -saveSolution solution.bin -quit (default strategy 1)
At line 2 NAME          MODEL
At line 3 ROWS
At line 317 COLUMNS
At line 1133 RHS
At line 1446 BOUNDS
At line 1521 ENDATA
Problem MODEL has 312 rows, 241 columns and 647 elements
Coin0008I MODEL read with 0 errors
primalTolerance was changed from 1e-07 to 1e-09
integerTolerance was changed from 1e-07 to 1e-09
ratioGap was changed from 0 to 0
allowableGap was changed from 1e-10 to 0
Continuous objective value is 2.38257e+06 - 0.00 seconds
Cgl0004I processed model has 112 rows, 154 columns (24 integer (24 of which binary)) and 326 elements
Cbc0038I Initial state - 8 integers unsatisfied sum - 2.29082
Cbc0038I Pass   1: suminf.    0.00000 (0) obj. 2.38303e+06 iterations 16
Cbc0038I Solution found of 2.38303e+06
Cbc0038I Relaxing continuous gives 2.38303e+06
Cbc0038I Before mini branch and bound, 16 integers at bound fixed and 85 continuous
Cbc0038I Full problem 112 rows 154 columns, reduced to 8 rows 8 columns
Cbc0038I Mini branch and bound did not improve solution (0.01 seconds)
Cbc0038I Freeing continuous variables gives a solution of 2.38303e+06
Cbc0038I Round again with cutoff of 2.38298e+06
Cbc0038I Pass   2: suminf.    0.19504 (1) obj. 2.38298e+06 iterations 2
Cbc0038I Pass   3: suminf.    0.00000 (0) obj. 2.38298e+06 iterations 10
Cbc0038I Solution found of 2.38298e+06
Cbc0038I Relaxing continuous gives 2.38279e+06
Cbc0038I Before mini branch and bound, 15 integers at bound fixed and 80 continuous
Cbc0038I Full problem 112 rows 154 columns, reduced to 16 rows 20 columns
Cbc0038I Mini branch and bound improved solution from 2.38279e+06 to 2.38268e+06 (0.02 seconds)
Cbc0038I Freeing continuous variables gives a solution of 2.38268e+06
Cbc0038I Round again with cutoff of 2.38266e+06
Cbc0038I Pass   4: suminf.    0.57409 (3) obj. 2.38266e+06 iterations 4
Cbc0038I Pass   5: suminf.    0.57409 (3) obj. 2.38266e+06 iterations 0
Cbc0038I Pass   6: suminf.    1.10468 (4) obj. 2.38266e+06 iterations 14
Cbc0038I Pass   7: suminf.    0.60928 (4) obj. 2.38266e+06 iterations 5
Cbc0038I Pass   8: suminf.    0.60928 (4) obj. 2.38266e+06 iterations 0
Cbc0038I Pass   9: suminf.    0.89443 (3) obj. 2.38266e+06 iterations 18
Cbc0038I Pass  10: suminf.    0.85106 (2) obj. 2.38266e+06 iterations 2
Cbc0038I Pass  11: suminf.    0.85106 (2) obj. 2.38266e+06 iterations 6
Cbc0038I Pass  12: suminf.    0.59869 (3) obj. 2.38266e+06 iterations 4
Cbc0038I Pass  13: suminf.    0.57409 (3) obj. 2.38266e+06 iterations 3
Cbc0038I Pass  14: suminf.    1.10468 (4) obj. 2.38266e+06 iterations 16
Cbc0038I Pass  15: suminf.    0.60928 (4) obj. 2.38266e+06 iterations 4
Cbc0038I Pass  16: suminf.    0.60928 (4) obj. 2.38266e+06 iterations 0
Cbc0038I Pass  17: suminf.    0.89443 (3) obj. 2.38266e+06 iterations 14
Cbc0038I Pass  18: suminf.    0.85106 (2) obj. 2.38266e+06 iterations 2
Cbc0038I Pass  19: suminf.    0.85106 (2) obj. 2.38266e+06 iterations 1
Cbc0038I Pass  20: suminf.    0.59869 (3) obj. 2.38266e+06 iterations 4
Cbc0038I Pass  21: suminf.    0.57409 (3) obj. 2.38266e+06 iterations 3
Cbc0038I Pass  22: suminf.    1.10468 (4) obj. 2.38266e+06 iterations 16
Cbc0038I Pass  23: suminf.    0.60928 (4) obj. 2.38266e+06 iterations 4
Cbc0038I Pass  24: suminf.    0.60928 (4) obj. 2.38266e+06 iterations 0
Cbc0038I Pass  25: suminf.    0.89443 (3) obj. 2.38266e+06 iterations 14
Cbc0038I Pass  26: suminf.    0.85106 (2) obj. 2.38266e+06 iterations 2
Cbc0038I Pass  27: suminf.    0.85106 (2) obj. 2.38266e+06 iterations 3
Cbc0038I Pass  28: suminf.    0.59869 (3) obj. 2.38266e+06 iterations 4
Cbc0038I Pass  29: suminf.    0.57409 (3) obj. 2.38266e+06 iterations 3
Cbc0038I Pass  30: suminf.    1.10468 (4) obj. 2.38266e+06 iterations 16
Cbc0038I Pass  31: suminf.    0.60928 (4) obj. 2.38266e+06 iterations 4
Cbc0038I Pass  32: suminf.    0.60928 (4) obj. 2.38266e+06 iterations 0
Cbc0038I Pass  33: suminf.    0.89443 (3) obj. 2.38266e+06 iterations 14
Cbc0038I No solution found this major pass
Cbc0038I Before mini branch and bound, 15 integers at bound fixed and 78 continuous
Cbc0038I Full problem 112 rows 154 columns, reduced to 23 rows 30 columns
Cbc0038I Mini branch and bound did not improve solution (0.03 seconds)
Cbc0038I After 0.03 seconds - Feasibility pump exiting with objective of 2.38268e+06 - took 0.03 seconds
Cbc0012I Integer solution of 2382682.2 found by feasibility pump after 0 iterations and 0 nodes (0.03 seconds)
Cbc0038I Full problem 112 rows 154 columns, reduced to 70 rows 107 columns
Cbc0031I 4 added rows had average density of 14.75
Cbc0013I At root node, 4 cuts changed objective from 2382573 to 2382665.9 in 23 passes
Cbc0014I Cut generator 0 (Probing) - 4 row cuts average 2.0 elements, 2 column cuts (2 active)  in 0.002 seconds - new frequency is 1
Cbc0014I Cut generator 1 (Gomory) - 54 row cuts average 25.8 elements, 0 column cuts (0 active)  in 0.003 seconds - new frequency is 1
Cbc0014I Cut generator 2 (Knapsack) - 0 row cuts average 0.0 elements, 0 column cuts (0 active)  in 0.003 seconds - new frequency is -100
Cbc0014I Cut generator 3 (Clique) - 0 row cuts average 0.0 elements, 0 column cuts (0 active)  in 0.000 seconds - new frequency is -100
Cbc0014I Cut generator 4 (MixedIntegerRounding2) - 7 row cuts average 5.6 elements, 0 column cuts (0 active)  in 0.000 seconds - new frequency is 1
Cbc0014I Cut generator 5 (FlowCover) - 1 row cuts average 2.0 elements, 0 column cuts (0 active)  in 0.002 seconds - new frequency is -100
Cbc0014I Cut generator 6 (TwoMirCuts) - 21 row cuts average 15.7 elements, 0 column cuts (0 active)  in 0.001 seconds - new frequency is -100
Cbc0010I After 0 nodes, 1 on tree, 2382682.2 best solution, best possible 2382665.9 (0.06 seconds)
Cbc0001I Search completed - best objective 2382682.232686773, took 369 iterations and 24 nodes (0.12 seconds)
Cbc0032I Strong branching done 94 times (235 iterations), fathomed 13 nodes and fixed 3 variables
Cbc0035I Maximum depth 3, 3 variables fixed on reduced cost
Cuts at root node changed objective from 2.38257e+06 to 2.38267e+06
Probing was tried 73 times and created 16 cuts of which 0 were active after adding rounds of cuts (0.004 seconds)
Gomory was tried 73 times and created 104 cuts of which 0 were active after adding rounds of cuts (0.006 seconds)
Knapsack was tried 23 times and created 0 cuts of which 0 were active after adding rounds of cuts (0.003 seconds)
Clique was tried 23 times and created 0 cuts of which 0 were active after adding rounds of cuts (0.000 seconds)
MixedIntegerRounding2 was tried 73 times and created 13 cuts of which 0 were active after adding rounds of cuts (0.004 seconds)
FlowCover was tried 23 times and created 1 cuts of which 0 were active after adding rounds of cuts (0.002 seconds)
TwoMirCuts was tried 23 times and created 21 cuts of which 0 were active after adding rounds of cuts (0.001 seconds)
ZeroHalf was tried 1 times and created 0 cuts of which 0 were active after adding rounds of cuts (0.000 seconds)

Result - Optimal solution found

Objective value:                2382682.23268677
Enumerated nodes:               24
Total iterations:               369
Time (CPU seconds):             0.13
Time (Wallclock seconds):       0.13

Option for printingOptions changed from normal to all
Total time (CPU seconds):       0.15   (Wallclock seconds):       0.15

