Welcome to the CBC MILP Solver 
Version: 2.10.3 
Build Date: Dec 15 2019 

command line - E:\dachuang\.venv\Lib\site-packages\pulp\apis\../solverdir/cbc/win/i64/cbc.exe model.mps -primalTolerance 1e-9 -integerTolerance 1e-9 -ratioGap 0 -allowableGap 0 -threads 0 -branch -printingOptions all -solution solution.txt -saveSolution solution.bin -quit (default strategy 1)
At line 2 NAME          MODEL
At line 3 ROWS
At line 317 COLUMNS
At line 1133 RHS
At line 1446 BOUNDS
At line 1521 ENDATA
Problem MODEL has 312 rows, 241 columns and 647 elements
Coin0008I MODEL read with 0 errors
primalTolerance was changed from 1e-07 to 1e-09
integerTolerance was changed from 1e-07 to 1e-09
ratioGap was changed from 0 to 0
allowableGap was changed from 1e-10 to 0
Continuous objective value is 1.52179e+06 - 0.00 seconds
Cgl0004I processed model has 113 rows, 156 columns (24 integer (24 of which binary)) and 331 elements
Cbc0038I Initial state - 9 integers unsatisfied sum - 2.95782
Cbc0038I Pass   1: suminf.    0.00000 (0) obj. 1.63741e+06 iterations 22
Cbc0038I Solution found of 1.63741e+06
Cbc0038I Relaxing continuous gives 1.63076e+06
Cbc0038I Before mini branch and bound, 15 integers at bound fixed and 75 continuous
Cbc0038I Full problem 113 rows 156 columns, reduced to 12 rows 16 columns
Cbc0038I Mini branch and bound improved solution from 1.63076e+06 to 1.52225e+06 (0.01 seconds)
Cbc0038I Round again with cutoff of 1.5222e+06
Cbc0038I Reduced cost fixing fixed 1 variables on major pass 2
Cbc0038I Pass   2: suminf.    0.86204 (4) obj. 1.5222e+06 iterations 13
Cbc0038I Pass   3: suminf.    0.00000 (0) obj. 1.5222e+06 iterations 11
Cbc0038I Solution found of 1.5222e+06
Cbc0038I Relaxing continuous gives 1.52201e+06
Cbc0038I Before mini branch and bound, 14 integers at bound fixed and 76 continuous
Cbc0038I Full problem 113 rows 156 columns, reduced to 19 rows 25 columns
Cbc0038I Mini branch and bound improved solution from 1.52201e+06 to 1.5219e+06 (0.02 seconds)
Cbc0038I Round again with cutoff of 1.52188e+06
Cbc0038I Reduced cost fixing fixed 1 variables on major pass 3
Cbc0038I Pass   4: suminf.    1.24109 (5) obj. 1.52188e+06 iterations 3
Cbc0038I Pass   5: suminf.    1.24109 (5) obj. 1.52188e+06 iterations 0
Cbc0038I Pass   6: suminf.    1.00106 (3) obj. 1.52188e+06 iterations 17
Cbc0038I Pass   7: suminf.    1.00106 (3) obj. 1.52188e+06 iterations 0
Cbc0038I Pass   8: suminf.    0.57409 (2) obj. 1.52188e+06 iterations 6
Cbc0038I Pass   9: suminf.    1.14932 (4) obj. 1.52188e+06 iterations 15
Cbc0038I Pass  10: suminf.    0.83353 (3) obj. 1.52188e+06 iterations 1
Cbc0038I Pass  11: suminf.    0.67159 (2) obj. 1.52188e+06 iterations 6
Cbc0038I Pass  12: suminf.    1.00106 (3) obj. 1.52188e+06 iterations 13
Cbc0038I Pass  13: suminf.    1.00106 (3) obj. 1.52188e+06 iterations 0
Cbc0038I Pass  14: suminf.    1.38203 (6) obj. 1.52188e+06 iterations 9
Cbc0038I Pass  15: suminf.    1.38203 (6) obj. 1.52188e+06 iterations 1
Cbc0038I Pass  16: suminf.    0.67159 (2) obj. 1.52188e+06 iterations 8
Cbc0038I Pass  17: suminf.    1.00106 (3) obj. 1.52188e+06 iterations 9
Cbc0038I Pass  18: suminf.    1.00106 (3) obj. 1.52188e+06 iterations 0
Cbc0038I Pass  19: suminf.    0.96729 (5) obj. 1.52188e+06 iterations 8
Cbc0038I Pass  20: suminf.    0.22353 (4) obj. 1.52188e+06 iterations 4
Cbc0038I Pass  21: suminf.    0.09409 (1) obj. 1.52188e+06 iterations 6
Cbc0038I Pass  22: suminf.    0.09409 (1) obj. 1.52188e+06 iterations 1
Cbc0038I Pass  23: suminf.    0.74803 (2) obj. 1.52188e+06 iterations 3
Cbc0038I Pass  24: suminf.    1.52606 (5) obj. 1.52188e+06 iterations 14
Cbc0038I Pass  25: suminf.    1.52606 (5) obj. 1.52188e+06 iterations 4
Cbc0038I Pass  26: suminf.    0.67159 (2) obj. 1.52188e+06 iterations 9
Cbc0038I Pass  27: suminf.    1.00106 (3) obj. 1.52188e+06 iterations 9
Cbc0038I Pass  28: suminf.    1.00106 (3) obj. 1.52188e+06 iterations 0
Cbc0038I Pass  29: suminf.    1.92043 (8) obj. 1.52188e+06 iterations 19
Cbc0038I Pass  30: suminf.    0.31814 (5) obj. 1.52188e+06 iterations 4
Cbc0038I Pass  31: suminf.    0.31814 (5) obj. 1.52188e+06 iterations 0
Cbc0038I Pass  32: suminf.    0.09409 (1) obj. 1.52188e+06 iterations 10
Cbc0038I Pass  33: suminf.    0.74803 (2) obj. 1.52188e+06 iterations 3
Cbc0038I No solution found this major pass
Cbc0038I Before mini branch and bound, 3 integers at bound fixed and 66 continuous
Cbc0038I Full problem 113 rows 156 columns, reduced to 29 rows 37 columns
Cbc0038I Mini branch and bound did not improve solution (0.03 seconds)
Cbc0038I After 0.03 seconds - Feasibility pump exiting with objective of 1.5219e+06 - took 0.03 seconds
Cbc0012I Integer solution of 1521902.4 found by feasibility pump after 0 iterations and 0 nodes (0.03 seconds)
Cbc0038I Full problem 113 rows 156 columns, reduced to 77 rows 116 columns
Cbc0031I 5 added rows had average density of 17.4
Cbc0013I At root node, 5 cuts changed objective from 1521793.2 to 1521863.2 in 16 passes
Cbc0014I Cut generator 0 (Probing) - 1 row cuts average 2.0 elements, 4 column cuts (4 active)  in 0.002 seconds - new frequency is 1
Cbc0014I Cut generator 1 (Gomory) - 34 row cuts average 34.8 elements, 0 column cuts (0 active)  in 0.001 seconds - new frequency is 1
Cbc0014I Cut generator 2 (Knapsack) - 0 row cuts average 0.0 elements, 0 column cuts (0 active)  in 0.003 seconds - new frequency is -100
Cbc0014I Cut generator 3 (Clique) - 0 row cuts average 0.0 elements, 0 column cuts (0 active)  in 0.000 seconds - new frequency is -100
Cbc0014I Cut generator 4 (MixedIntegerRounding2) - 4 row cuts average 6.3 elements, 0 column cuts (0 active)  in 0.002 seconds - new frequency is 1
Cbc0014I Cut generator 5 (FlowCover) - 0 row cuts average 0.0 elements, 0 column cuts (0 active)  in 0.002 seconds - new frequency is -100
Cbc0014I Cut generator 6 (TwoMirCuts) - 17 row cuts average 23.4 elements, 0 column cuts (0 active)  in 0.002 seconds - new frequency is -100
Cbc0010I After 0 nodes, 1 on tree, 1521902.4 best solution, best possible 1521863.2 (0.06 seconds)
Cbc0001I Search completed - best objective 1521902.384476239, took 156 iterations and 14 nodes (0.09 seconds)
Cbc0032I Strong branching done 40 times (100 iterations), fathomed 7 nodes and fixed 4 variables
Cbc0035I Maximum depth 3, 2 variables fixed on reduced cost
Cuts at root node changed objective from 1.52179e+06 to 1.52186e+06
Probing was tried 40 times and created 8 cuts of which 0 were active after adding rounds of cuts (0.002 seconds)
Gomory was tried 40 times and created 54 cuts of which 0 were active after adding rounds of cuts (0.004 seconds)
Knapsack was tried 16 times and created 0 cuts of which 0 were active after adding rounds of cuts (0.003 seconds)
Clique was tried 16 times and created 0 cuts of which 0 were active after adding rounds of cuts (0.000 seconds)
MixedIntegerRounding2 was tried 40 times and created 7 cuts of which 0 were active after adding rounds of cuts (0.003 seconds)
FlowCover was tried 16 times and created 0 cuts of which 0 were active after adding rounds of cuts (0.002 seconds)
TwoMirCuts was tried 16 times and created 17 cuts of which 0 were active after adding rounds of cuts (0.002 seconds)
ZeroHalf was tried 1 times and created 0 cuts of which 0 were active after adding rounds of cuts (0.000 seconds)

Result - Optimal solution found

Objective value:                1521902.38447624
Enumerated nodes:               14
Total iterations:               156
Time (CPU seconds):             0.09
Time (Wallclock seconds):       0.09

Option for printingOptions changed from normal to all
Total time (CPU seconds):       0.12   (Wallclock seconds):       0.12

