Welcome to the CBC MILP Solver 
Version: 2.10.3 
Build Date: Dec 15 2019 

command line - E:\dachuang\.venv\Lib\site-packages\pulp\apis\../solverdir/cbc/win/i64/cbc.exe model.mps -primalTolerance 1e-9 -integerTolerance 1e-9 -ratioGap 0 -allowableGap 0 -threads 0 -branch -printingOptions all -solution solution.txt -saveSolution solution.bin -quit (default strategy 1)
At line 2 NAME          MODEL
At line 3 ROWS
At line 317 COLUMNS
At line 1133 RHS
At line 1446 BOUNDS
At line 1521 ENDATA
Problem MODEL has 312 rows, 241 columns and 647 elements
Coin0008I MODEL read with 0 errors
primalTolerance was changed from 1e-07 to 1e-09
integerTolerance was changed from 1e-07 to 1e-09
ratioGap was changed from 0 to 0
allowableGap was changed from 1e-10 to 0
Continuous objective value is 1.70806e+06 - 0.00 seconds
Cgl0004I processed model has 113 rows, 155 columns (24 integer (24 of which binary)) and 330 elements
Cbc0038I Initial state - 8 integers unsatisfied sum - 2.48782
Cbc0038I Pass   1: suminf.    0.00000 (0) obj. 1.74413e+06 iterations 19
Cbc0038I Solution found of 1.74413e+06
Cbc0038I Relaxing continuous gives 1.74265e+06
Cbc0038I Before mini branch and bound, 16 integers at bound fixed and 80 continuous
Cbc0038I Full problem 113 rows 155 columns, reduced to 8 rows 10 columns
Cbc0038I Mini branch and bound improved solution from 1.74265e+06 to 1.70851e+06 (0.01 seconds)
Cbc0038I Round again with cutoff of 1.70846e+06
Cbc0038I Pass   2: suminf.    0.39204 (3) obj. 1.70846e+06 iterations 5
Cbc0038I Pass   3: suminf.    0.00000 (0) obj. 1.70846e+06 iterations 11
Cbc0038I Solution found of 1.70846e+06
Cbc0038I Relaxing continuous gives 1.70828e+06
Cbc0038I Before mini branch and bound, 15 integers at bound fixed and 77 continuous
Cbc0038I Full problem 113 rows 155 columns, reduced to 17 rows 24 columns
Cbc0038I Mini branch and bound improved solution from 1.70828e+06 to 1.70817e+06 (0.02 seconds)
Cbc0038I Round again with cutoff of 1.70814e+06
Cbc0038I Pass   4: suminf.    0.77109 (4) obj. 1.70814e+06 iterations 3
Cbc0038I Pass   5: suminf.    0.77109 (4) obj. 1.70814e+06 iterations 0
Cbc0038I Pass   6: suminf.    0.80006 (3) obj. 1.70814e+06 iterations 16
Cbc0038I Pass   7: suminf.    0.80006 (3) obj. 1.70814e+06 iterations 0
Cbc0038I Pass   8: suminf.    0.57409 (2) obj. 1.70814e+06 iterations 5
Cbc0038I Pass   9: suminf.    0.88988 (3) obj. 1.70814e+06 iterations 5
Cbc0038I Pass  10: suminf.    0.57409 (2) obj. 1.70814e+06 iterations 2
Cbc0038I Pass  11: suminf.    0.80006 (3) obj. 1.70814e+06 iterations 18
Cbc0038I Pass  12: suminf.    0.80006 (3) obj. 1.70814e+06 iterations 0
Cbc0038I Pass  13: suminf.    0.57409 (2) obj. 1.70814e+06 iterations 5
Cbc0038I Pass  14: suminf.    0.76838 (3) obj. 1.70814e+06 iterations 9
Cbc0038I Pass  15: suminf.    0.80006 (3) obj. 1.70814e+06 iterations 17
Cbc0038I Pass  16: suminf.    0.80006 (3) obj. 1.70814e+06 iterations 0
Cbc0038I Pass  17: suminf.    0.57409 (2) obj. 1.70814e+06 iterations 5
Cbc0038I Pass  18: suminf.    1.64602 (5) obj. 1.70814e+06 iterations 18
Cbc0038I Pass  19: suminf.    0.87898 (3) obj. 1.70814e+06 iterations 7
Cbc0038I Pass  20: suminf.    0.84938 (3) obj. 1.70814e+06 iterations 2
Cbc0038I Pass  21: suminf.    0.80006 (3) obj. 1.70814e+06 iterations 11
Cbc0038I Pass  22: suminf.    0.80006 (3) obj. 1.70814e+06 iterations 0
Cbc0038I Pass  23: suminf.    0.67159 (2) obj. 1.70814e+06 iterations 4
Cbc0038I Pass  24: suminf.    0.95093 (4) obj. 1.70814e+06 iterations 12
Cbc0038I Pass  25: suminf.    0.53506 (2) obj. 1.70814e+06 iterations 7
Cbc0038I Pass  26: suminf.    0.53506 (2) obj. 1.70814e+06 iterations 0
Cbc0038I Pass  27: suminf.    0.09409 (1) obj. 1.70814e+06 iterations 3
Cbc0038I Pass  28: suminf.    0.77648 (3) obj. 1.70814e+06 iterations 21
Cbc0038I Pass  29: suminf.    0.75188 (3) obj. 1.70814e+06 iterations 3
Cbc0038I Pass  30: suminf.    0.80006 (3) obj. 1.70814e+06 iterations 13
Cbc0038I Pass  31: suminf.    0.80006 (3) obj. 1.70814e+06 iterations 0
Cbc0038I Pass  32: suminf.    0.57409 (2) obj. 1.70814e+06 iterations 5
Cbc0038I Pass  33: suminf.    1.78302 (6) obj. 1.70814e+06 iterations 14
Cbc0038I No solution found this major pass
Cbc0038I Before mini branch and bound, 4 integers at bound fixed and 67 continuous
Cbc0038I Full problem 113 rows 155 columns, reduced to 25 rows 33 columns
Cbc0038I Mini branch and bound did not improve solution (0.03 seconds)
Cbc0038I After 0.03 seconds - Feasibility pump exiting with objective of 1.70817e+06 - took 0.02 seconds
Cbc0012I Integer solution of 1708165.8 found by feasibility pump after 0 iterations and 0 nodes (0.03 seconds)
Cbc0038I Full problem 113 rows 155 columns, reduced to 73 rows 111 columns
Cbc0031I 4 added rows had average density of 12.5
Cbc0013I At root node, 4 cuts changed objective from 1708056.6 to 1708137.5 in 10 passes
Cbc0014I Cut generator 0 (Probing) - 3 row cuts average 4.3 elements, 3 column cuts (3 active)  in 0.001 seconds - new frequency is 1
Cbc0014I Cut generator 1 (Gomory) - 27 row cuts average 20.5 elements, 0 column cuts (0 active)  in 0.001 seconds - new frequency is 1
Cbc0014I Cut generator 2 (Knapsack) - 0 row cuts average 0.0 elements, 0 column cuts (0 active)  in 0.000 seconds - new frequency is -100
Cbc0014I Cut generator 3 (Clique) - 0 row cuts average 0.0 elements, 0 column cuts (0 active)  in 0.000 seconds - new frequency is -100
Cbc0014I Cut generator 4 (MixedIntegerRounding2) - 3 row cuts average 4.7 elements, 0 column cuts (0 active)  in 0.001 seconds - new frequency is -100
Cbc0014I Cut generator 5 (FlowCover) - 0 row cuts average 0.0 elements, 0 column cuts (0 active)  in 0.001 seconds - new frequency is -100
Cbc0014I Cut generator 6 (TwoMirCuts) - 22 row cuts average 13.4 elements, 0 column cuts (0 active)  in 0.002 seconds - new frequency is -100
Cbc0010I After 0 nodes, 1 on tree, 1708165.8 best solution, best possible 1708137.5 (0.05 seconds)
Cbc0001I Search completed - best objective 1708165.791186761, took 175 iterations and 16 nodes (0.08 seconds)
Cbc0032I Strong branching done 52 times (130 iterations), fathomed 6 nodes and fixed 2 variables
Cbc0035I Maximum depth 3, 2 variables fixed on reduced cost
Cuts at root node changed objective from 1.70806e+06 to 1.70814e+06
Probing was tried 40 times and created 13 cuts of which 0 were active after adding rounds of cuts (0.003 seconds)
Gomory was tried 39 times and created 63 cuts of which 0 were active after adding rounds of cuts (0.005 seconds)
Knapsack was tried 10 times and created 0 cuts of which 0 were active after adding rounds of cuts (0.000 seconds)
Clique was tried 10 times and created 0 cuts of which 0 were active after adding rounds of cuts (0.000 seconds)
MixedIntegerRounding2 was tried 10 times and created 3 cuts of which 0 were active after adding rounds of cuts (0.001 seconds)
FlowCover was tried 10 times and created 0 cuts of which 0 were active after adding rounds of cuts (0.001 seconds)
TwoMirCuts was tried 10 times and created 22 cuts of which 0 were active after adding rounds of cuts (0.002 seconds)
ZeroHalf was tried 1 times and created 0 cuts of which 0 were active after adding rounds of cuts (0.000 seconds)

Result - Optimal solution found

Objective value:                1708165.79118676
Enumerated nodes:               16
Total iterations:               175
Time (CPU seconds):             0.09
Time (Wallclock seconds):       0.09

Option for printingOptions changed from normal to all
Total time (CPU seconds):       0.11   (Wallclock seconds):       0.11

