Welcome to the CBC MILP Solver 
Version: 2.10.3 
Build Date: Dec 15 2019 

command line - E:\dachuang\.venv\Lib\site-packages\pulp\apis\../solverdir/cbc/win/i64/cbc.exe model.mps -primalTolerance 1e-9 -integerTolerance 1e-9 -ratioGap 0 -allowableGap 0 -threads 0 -branch -printingOptions all -solution solution.txt -saveSolution solution.bin -quit (default strategy 1)
At line 2 NAME          MODEL
At line 3 ROWS
At line 317 COLUMNS
At line 1133 RHS
At line 1446 BOUNDS
At line 1521 ENDATA
Problem MODEL has 312 rows, 241 columns and 647 elements
Coin0008I MODEL read with 0 errors
primalTolerance was changed from 1e-07 to 1e-09
integerTolerance was changed from 1e-07 to 1e-09
ratioGap was changed from 0 to 0
allowableGap was changed from 1e-10 to 0
Continuous objective value is 3.35178e+06 - 0.00 seconds
Cgl0004I processed model has 112 rows, 152 columns (24 integer (24 of which binary)) and 324 elements
Cbc0038I Initial state - 5 integers unsatisfied sum - 1.97503
Cbc0038I Pass   1: suminf.    0.00000 (0) obj. 3.35223e+06 iterations 16
Cbc0038I Solution found of 3.35223e+06
Cbc0038I Relaxing continuous gives 3.35223e+06
Cbc0038I Before mini branch and bound, 19 integers at bound fixed and 80 continuous
Cbc0038I Full problem 112 rows 152 columns, reduced to 8 rows 10 columns
Cbc0038I Mini branch and bound improved solution from 3.35223e+06 to 3.35223e+06 (0.01 seconds)
Cbc0038I Round again with cutoff of 3.35218e+06
Cbc0038I Pass   2: suminf.    0.20242 (1) obj. 3.35218e+06 iterations 3
Cbc0038I Pass   3: suminf.    0.00000 (0) obj. 3.35218e+06 iterations 7
Cbc0038I Solution found of 3.35218e+06
Cbc0038I Relaxing continuous gives 3.352e+06
Cbc0038I Before mini branch and bound, 18 integers at bound fixed and 74 continuous
Cbc0038I Full problem 112 rows 152 columns, reduced to 18 rows 25 columns
Cbc0038I Mini branch and bound improved solution from 3.352e+06 to 3.35189e+06 (0.01 seconds)
Cbc0038I Round again with cutoff of 3.35186e+06
Cbc0038I Pass   4: suminf.    0.57409 (2) obj. 3.35186e+06 iterations 3
Cbc0038I Pass   5: suminf.    0.57409 (2) obj. 3.35186e+06 iterations 0
Cbc0038I Pass   6: suminf.    0.60928 (4) obj. 3.35186e+06 iterations 12
Cbc0038I Pass   7: suminf.    0.60928 (4) obj. 3.35186e+06 iterations 3
Cbc0038I Pass   8: suminf.    0.09409 (1) obj. 3.35186e+06 iterations 17
Cbc0038I Pass   9: suminf.    0.09409 (1) obj. 3.35186e+06 iterations 1
Cbc0038I Pass  10: suminf.    0.58993 (3) obj. 3.35186e+06 iterations 7
Cbc0038I Pass  11: suminf.    0.57409 (2) obj. 3.35186e+06 iterations 2
Cbc0038I Pass  12: suminf.    0.60928 (4) obj. 3.35186e+06 iterations 10
Cbc0038I Pass  13: suminf.    0.60928 (4) obj. 3.35186e+06 iterations 0
Cbc0038I Pass  14: suminf.    0.09409 (1) obj. 3.35186e+06 iterations 8
Cbc0038I Pass  15: suminf.    0.09409 (1) obj. 3.35186e+06 iterations 1
Cbc0038I Pass  16: suminf.    0.58993 (3) obj. 3.35186e+06 iterations 7
Cbc0038I Pass  17: suminf.    0.57409 (2) obj. 3.35186e+06 iterations 2
Cbc0038I Pass  18: suminf.    0.60928 (4) obj. 3.35186e+06 iterations 10
Cbc0038I Pass  19: suminf.    0.60928 (4) obj. 3.35186e+06 iterations 0
Cbc0038I Pass  20: suminf.    0.09409 (1) obj. 3.35186e+06 iterations 8
Cbc0038I Pass  21: suminf.    0.09409 (1) obj. 3.35186e+06 iterations 1
Cbc0038I Pass  22: suminf.    0.58993 (3) obj. 3.35186e+06 iterations 7
Cbc0038I Pass  23: suminf.    0.57409 (2) obj. 3.35186e+06 iterations 2
Cbc0038I Pass  24: suminf.    0.60928 (4) obj. 3.35186e+06 iterations 10
Cbc0038I Pass  25: suminf.    0.60928 (4) obj. 3.35186e+06 iterations 0
Cbc0038I Pass  26: suminf.    0.09409 (1) obj. 3.35186e+06 iterations 8
Cbc0038I Pass  27: suminf.    0.09409 (1) obj. 3.35186e+06 iterations 1
Cbc0038I Pass  28: suminf.    0.58993 (3) obj. 3.35186e+06 iterations 7
Cbc0038I Pass  29: suminf.    0.57409 (2) obj. 3.35186e+06 iterations 2
Cbc0038I Pass  30: suminf.    0.60928 (4) obj. 3.35186e+06 iterations 10
Cbc0038I Pass  31: suminf.    0.60928 (4) obj. 3.35186e+06 iterations 0
Cbc0038I Pass  32: suminf.    0.09409 (1) obj. 3.35186e+06 iterations 8
Cbc0038I Pass  33: suminf.    0.09409 (1) obj. 3.35186e+06 iterations 1
Cbc0038I No solution found this major pass
Cbc0038I Before mini branch and bound, 16 integers at bound fixed and 71 continuous
Cbc0038I Full problem 112 rows 152 columns, reduced to 23 rows 31 columns
Cbc0038I Mini branch and bound did not improve solution (0.03 seconds)
Cbc0038I After 0.03 seconds - Feasibility pump exiting with objective of 3.35189e+06 - took 0.02 seconds
Cbc0012I Integer solution of 3351886.4 found by feasibility pump after 0 iterations and 0 nodes (0.03 seconds)
Cbc0038I Full problem 112 rows 152 columns, reduced to 63 rows 99 columns
Cbc0031I 6 added rows had average density of 10.5
Cbc0013I At root node, 6 cuts changed objective from 3351777.2 to 3351875.2 in 12 passes
Cbc0014I Cut generator 0 (Probing) - 3 row cuts average 2.7 elements, 2 column cuts (2 active)  in 0.000 seconds - new frequency is 1
Cbc0014I Cut generator 1 (Gomory) - 28 row cuts average 21.8 elements, 0 column cuts (0 active)  in 0.002 seconds - new frequency is 1
Cbc0014I Cut generator 2 (Knapsack) - 0 row cuts average 0.0 elements, 0 column cuts (0 active)  in 0.002 seconds - new frequency is -100
Cbc0014I Cut generator 3 (Clique) - 0 row cuts average 0.0 elements, 0 column cuts (0 active)  in 0.000 seconds - new frequency is -100
Cbc0014I Cut generator 4 (MixedIntegerRounding2) - 3 row cuts average 4.7 elements, 0 column cuts (0 active)  in 0.001 seconds - new frequency is -100
Cbc0014I Cut generator 5 (FlowCover) - 0 row cuts average 0.0 elements, 0 column cuts (0 active)  in 0.001 seconds - new frequency is -100
Cbc0014I Cut generator 6 (TwoMirCuts) - 21 row cuts average 13.1 elements, 0 column cuts (0 active)  in 0.001 seconds - new frequency is -100
Cbc0010I After 0 nodes, 1 on tree, 3351886.4 best solution, best possible 3351875.2 (0.05 seconds)
Cbc0001I Search completed - best objective 3351886.438502572, took 190 iterations and 14 nodes (0.08 seconds)
Cbc0032I Strong branching done 36 times (87 iterations), fathomed 6 nodes and fixed 0 variables
Cbc0035I Maximum depth 2, 0 variables fixed on reduced cost
Cuts at root node changed objective from 3.35178e+06 to 3.35188e+06
Probing was tried 29 times and created 5 cuts of which 0 were active after adding rounds of cuts (0.000 seconds)
Gomory was tried 29 times and created 38 cuts of which 0 were active after adding rounds of cuts (0.003 seconds)
Knapsack was tried 12 times and created 0 cuts of which 0 were active after adding rounds of cuts (0.002 seconds)
Clique was tried 12 times and created 0 cuts of which 0 were active after adding rounds of cuts (0.000 seconds)
MixedIntegerRounding2 was tried 12 times and created 3 cuts of which 0 were active after adding rounds of cuts (0.001 seconds)
FlowCover was tried 12 times and created 0 cuts of which 0 were active after adding rounds of cuts (0.001 seconds)
TwoMirCuts was tried 12 times and created 21 cuts of which 0 were active after adding rounds of cuts (0.001 seconds)
ZeroHalf was tried 1 times and created 0 cuts of which 0 were active after adding rounds of cuts (0.000 seconds)

Result - Optimal solution found

Objective value:                3351886.43850257
Enumerated nodes:               14
Total iterations:               190
Time (CPU seconds):             0.08
Time (Wallclock seconds):       0.08

Option for printingOptions changed from normal to all
Total time (CPU seconds):       0.13   (Wallclock seconds):       0.13

