Welcome to the CBC MILP Solver 
Version: 2.10.3 
Build Date: Dec 15 2019 

command line - E:\dachuang\.venv\Lib\site-packages\pulp\apis\../solverdir/cbc/win/i64/cbc.exe model.mps -primalTolerance 1e-9 -integerTolerance 1e-9 -ratioGap 0 -allowableGap 0 -threads 0 -branch -printingOptions all -solution solution.txt -saveSolution solution.bin -quit (default strategy 1)
At line 2 NAME          MODEL
At line 3 ROWS
At line 317 COLUMNS
At line 1133 RHS
At line 1446 BOUNDS
At line 1521 ENDATA
Problem MODEL has 312 rows, 241 columns and 647 elements
Coin0008I MODEL read with 0 errors
primalTolerance was changed from 1e-07 to 1e-09
integerTolerance was changed from 1e-07 to 1e-09
ratioGap was changed from 0 to 0
allowableGap was changed from 1e-10 to 0
Continuous objective value is 1.43421e+06 - 0.00 seconds
Cgl0004I processed model has 113 rows, 156 columns (24 integer (24 of which binary)) and 331 elements
Cbc0038I Initial state - 7 integers unsatisfied sum - 1.48068
Cbc0038I Pass   1: suminf.    0.00000 (0) obj. 1.51115e+06 iterations 19
Cbc0038I Solution found of 1.51115e+06
Cbc0038I Relaxing continuous gives 1.44208e+06
Cbc0038I Before mini branch and bound, 17 integers at bound fixed and 81 continuous
Cbc0038I Full problem 113 rows 156 columns, reduced to 3 rows 7 columns
Cbc0038I Mini branch and bound improved solution from 1.44208e+06 to 1.43433e+06 (0.01 seconds)
Cbc0038I Freeing continuous variables gives a solution of 1.43433e+06
Cbc0038I Round again with cutoff of 1.43432e+06
Cbc0038I Pass   2: suminf.    0.69538 (4) obj. 1.43432e+06 iterations 15
Cbc0038I Pass   3: suminf.    0.05269 (2) obj. 1.43432e+06 iterations 13
Cbc0038I Pass   4: suminf.    0.32158 (1) obj. 1.43432e+06 iterations 6
Cbc0038I Pass   5: suminf.    0.41358 (1) obj. 1.43432e+06 iterations 2
Cbc0038I Pass   6: suminf.    0.41358 (1) obj. 1.43432e+06 iterations 5
Cbc0038I Pass   7: suminf.    0.32158 (1) obj. 1.43432e+06 iterations 1
Cbc0038I Pass   8: suminf.    0.41358 (1) obj. 1.43432e+06 iterations 2
Cbc0038I Pass   9: suminf.    0.55073 (2) obj. 1.43432e+06 iterations 3
Cbc0038I Pass  10: suminf.    0.41358 (1) obj. 1.43432e+06 iterations 1
Cbc0038I Pass  11: suminf.    0.32158 (1) obj. 1.43432e+06 iterations 1
Cbc0038I Pass  12: suminf.    1.86413 (8) obj. 1.43432e+06 iterations 13
Cbc0038I Pass  13: suminf.    1.23579 (6) obj. 1.43432e+06 iterations 3
Cbc0038I Pass  14: suminf.    0.41358 (1) obj. 1.43432e+06 iterations 9
Cbc0038I Pass  15: suminf.    0.32158 (1) obj. 1.43432e+06 iterations 1
Cbc0038I Pass  16: suminf.    0.63737 (2) obj. 1.43432e+06 iterations 11
Cbc0038I Pass  17: suminf.    0.32158 (1) obj. 1.43432e+06 iterations 1
Cbc0038I Pass  18: suminf.    0.41358 (1) obj. 1.43432e+06 iterations 2
Cbc0038I Pass  19: suminf.    1.53042 (5) obj. 1.43432e+06 iterations 12
Cbc0038I Pass  20: suminf.    0.90208 (4) obj. 1.43432e+06 iterations 2
Cbc0038I Pass  21: suminf.    0.41358 (1) obj. 1.43432e+06 iterations 5
Cbc0038I Pass  22: suminf.    0.32158 (1) obj. 1.43432e+06 iterations 1
Cbc0038I Pass  23: suminf.    1.55506 (5) obj. 1.43432e+06 iterations 21
Cbc0038I Pass  24: suminf.    0.78958 (2) obj. 1.43432e+06 iterations 3
Cbc0038I Pass  25: suminf.    0.42477 (1) obj. 1.43432e+06 iterations 3
Cbc0038I Pass  26: suminf.    0.32158 (1) obj. 1.43432e+06 iterations 1
Cbc0038I Pass  27: suminf.    1.08706 (4) obj. 1.43432e+06 iterations 13
Cbc0038I Pass  28: suminf.    0.32158 (1) obj. 1.43432e+06 iterations 4
Cbc0038I Pass  29: suminf.    0.41358 (1) obj. 1.43432e+06 iterations 2
Cbc0038I Pass  30: suminf.    0.41358 (1) obj. 1.43432e+06 iterations 5
Cbc0038I Pass  31: suminf.    0.32158 (1) obj. 1.43432e+06 iterations 1
Cbc0038I No solution found this major pass
Cbc0038I Before mini branch and bound, 1 integers at bound fixed and 67 continuous
Cbc0038I Full problem 113 rows 156 columns, reduced to 18 rows 24 columns
Cbc0038I Mini branch and bound did not improve solution (0.02 seconds)
Cbc0038I After 0.02 seconds - Feasibility pump exiting with objective of 1.43433e+06 - took 0.02 seconds
Cbc0012I Integer solution of 1434334.5 found by feasibility pump after 0 iterations and 0 nodes (0.02 seconds)
Cbc0038I Full problem 113 rows 156 columns, reduced to 67 rows 106 columns
Cbc0031I 7 added rows had average density of 8.2857143
Cbc0013I At root node, 7 cuts changed objective from 1434213.4 to 1434253.5 in 24 passes
Cbc0014I Cut generator 0 (Probing) - 3 row cuts average 3.0 elements, 3 column cuts (3 active)  in 0.008 seconds - new frequency is 1
Cbc0014I Cut generator 1 (Gomory) - 45 row cuts average 21.4 elements, 0 column cuts (0 active)  in 0.006 seconds - new frequency is 1
Cbc0014I Cut generator 2 (Knapsack) - 0 row cuts average 0.0 elements, 0 column cuts (0 active)  in 0.002 seconds - new frequency is -100
Cbc0014I Cut generator 3 (Clique) - 0 row cuts average 0.0 elements, 0 column cuts (0 active)  in 0.000 seconds - new frequency is -100
Cbc0014I Cut generator 4 (MixedIntegerRounding2) - 13 row cuts average 10.3 elements, 0 column cuts (0 active)  in 0.000 seconds - new frequency is 1
Cbc0014I Cut generator 5 (FlowCover) - 0 row cuts average 0.0 elements, 0 column cuts (0 active)  in 0.003 seconds - new frequency is -100
Cbc0014I Cut generator 6 (TwoMirCuts) - 19 row cuts average 11.8 elements, 0 column cuts (0 active)  in 0.002 seconds - new frequency is -100
Cbc0010I After 0 nodes, 1 on tree, 1434334.5 best solution, best possible 1434254 (0.06 seconds)
Cbc0001I Search completed - best objective 1434334.45872555, took 187 iterations and 8 nodes (0.08 seconds)
Cbc0032I Strong branching done 24 times (56 iterations), fathomed 3 nodes and fixed 1 variables
Cbc0035I Maximum depth 3, 0 variables fixed on reduced cost
Cuts at root node changed objective from 1.43421e+06 to 1.43425e+06
Probing was tried 36 times and created 7 cuts of which 0 were active after adding rounds of cuts (0.009 seconds)
Gomory was tried 36 times and created 55 cuts of which 0 were active after adding rounds of cuts (0.006 seconds)
Knapsack was tried 24 times and created 0 cuts of which 0 were active after adding rounds of cuts (0.002 seconds)
Clique was tried 24 times and created 0 cuts of which 0 were active after adding rounds of cuts (0.000 seconds)
MixedIntegerRounding2 was tried 36 times and created 14 cuts of which 0 were active after adding rounds of cuts (0.001 seconds)
FlowCover was tried 24 times and created 0 cuts of which 0 were active after adding rounds of cuts (0.003 seconds)
TwoMirCuts was tried 24 times and created 19 cuts of which 0 were active after adding rounds of cuts (0.002 seconds)
ZeroHalf was tried 1 times and created 0 cuts of which 0 were active after adding rounds of cuts (0.000 seconds)

Result - Optimal solution found

Objective value:                1434334.45872555
Enumerated nodes:               8
Total iterations:               187
Time (CPU seconds):             0.08
Time (Wallclock seconds):       0.08

Option for printingOptions changed from normal to all
Total time (CPU seconds):       0.11   (Wallclock seconds):       0.11

