Welcome to the CBC MILP Solver 
Version: 2.10.3 
Build Date: Dec 15 2019 

command line - E:\dachuang\.venv\Lib\site-packages\pulp\apis\../solverdir/cbc/win/i64/cbc.exe model.mps -primalTolerance 1e-9 -integerTolerance 1e-9 -ratioGap 0 -allowableGap 0 -threads 0 -branch -printingOptions all -solution solution.txt -saveSolution solution.bin -quit (default strategy 1)
At line 2 NAME          MODEL
At line 3 ROWS
At line 317 COLUMNS
At line 1133 RHS
At line 1446 BOUNDS
At line 1521 ENDATA
Problem MODEL has 312 rows, 241 columns and 647 elements
Coin0008I MODEL read with 0 errors
primalTolerance was changed from 1e-07 to 1e-09
integerTolerance was changed from 1e-07 to 1e-09
ratioGap was changed from 0 to 0
allowableGap was changed from 1e-10 to 0
Continuous objective value is 1.10854e+06 - 0.00 seconds
Cgl0004I processed model has 115 rows, 161 columns (24 integer (24 of which binary)) and 342 elements
Cbc0038I Initial state - 11 integers unsatisfied sum - 3.31295
Cbc0038I Pass   1: suminf.    0.00000 (0) obj. 1.16975e+06 iterations 16
Cbc0038I Solution found of 1.16975e+06
Cbc0038I Relaxing continuous gives 1.11951e+06
Cbc0038I Before mini branch and bound, 13 integers at bound fixed and 82 continuous
Cbc0038I Full problem 115 rows 161 columns, reduced to 11 rows 14 columns
Cbc0038I Mini branch and bound improved solution from 1.11951e+06 to 1.10888e+06 (0.01 seconds)
Cbc0038I Round again with cutoff of 1.10885e+06
Cbc0038I Pass   2: suminf.    0.70711 (3) obj. 1.10885e+06 iterations 11
Cbc0038I Pass   3: suminf.    0.00000 (0) obj. 1.10885e+06 iterations 10
Cbc0038I Solution found of 1.10885e+06
Cbc0038I Relaxing continuous gives 1.10878e+06
Cbc0038I Before mini branch and bound, 13 integers at bound fixed and 83 continuous
Cbc0038I Full problem 115 rows 161 columns, reduced to 15 rows 19 columns
Cbc0038I Mini branch and bound improved solution from 1.10878e+06 to 1.1087e+06 (0.01 seconds)
Cbc0038I Round again with cutoff of 1.10867e+06
Cbc0038I Pass   4: suminf.    1.06707 (4) obj. 1.10867e+06 iterations 2
Cbc0038I Pass   5: suminf.    1.05745 (4) obj. 1.10867e+06 iterations 2
Cbc0038I Pass   6: suminf.    0.15582 (2) obj. 1.10867e+06 iterations 7
Cbc0038I Pass   7: suminf.    0.49795 (2) obj. 1.10867e+06 iterations 3
Cbc0038I Pass   8: suminf.    1.02145 (4) obj. 1.10867e+06 iterations 6
Cbc0038I Pass   9: suminf.    0.49795 (2) obj. 1.10867e+06 iterations 2
Cbc0038I Pass  10: suminf.    0.15582 (2) obj. 1.10867e+06 iterations 2
Cbc0038I Pass  11: suminf.    1.88453 (8) obj. 1.10867e+06 iterations 14
Cbc0038I Pass  12: suminf.    1.11074 (5) obj. 1.10867e+06 iterations 4
Cbc0038I Pass  13: suminf.    1.27616 (3) obj. 1.10867e+06 iterations 6
Cbc0038I Pass  14: suminf.    0.53324 (3) obj. 1.10867e+06 iterations 2
Cbc0038I Pass  15: suminf.    0.53324 (3) obj. 1.10867e+06 iterations 0
Cbc0038I Pass  16: suminf.    0.92862 (3) obj. 1.10867e+06 iterations 3
Cbc0038I Pass  17: suminf.    0.92862 (3) obj. 1.10867e+06 iterations 0
Cbc0038I Pass  18: suminf.    0.94024 (4) obj. 1.10867e+06 iterations 6
Cbc0038I Pass  19: suminf.    0.94024 (4) obj. 1.10867e+06 iterations 1
Cbc0038I Pass  20: suminf.    1.27616 (3) obj. 1.10867e+06 iterations 6
Cbc0038I Pass  21: suminf.    0.53324 (3) obj. 1.10867e+06 iterations 5
Cbc0038I Pass  22: suminf.    0.53324 (3) obj. 1.10867e+06 iterations 0
Cbc0038I Pass  23: suminf.    0.92862 (3) obj. 1.10867e+06 iterations 3
Cbc0038I Pass  24: suminf.    0.92862 (3) obj. 1.10867e+06 iterations 0
Cbc0038I Pass  25: suminf.    1.85861 (5) obj. 1.10867e+06 iterations 17
Cbc0038I Pass  26: suminf.    1.05132 (3) obj. 1.10867e+06 iterations 4
Cbc0038I Pass  27: suminf.    0.89874 (2) obj. 1.10867e+06 iterations 2
Cbc0038I Pass  28: suminf.    0.79424 (3) obj. 1.10867e+06 iterations 3
Cbc0038I Pass  29: suminf.    0.79424 (2) obj. 1.10867e+06 iterations 1
Cbc0038I Pass  30: suminf.    0.89874 (3) obj. 1.10867e+06 iterations 2
Cbc0038I Pass  31: suminf.    3.33870 (9) obj. 1.10867e+06 iterations 20
Cbc0038I Pass  32: suminf.    1.72674 (7) obj. 1.10867e+06 iterations 4
Cbc0038I Pass  33: suminf.    0.92862 (3) obj. 1.10867e+06 iterations 8
Cbc0038I No solution found this major pass
Cbc0038I Before mini branch and bound, 3 integers at bound fixed and 72 continuous
Cbc0038I Full problem 115 rows 161 columns, reduced to 25 rows 33 columns
Cbc0038I Mini branch and bound did not improve solution (0.03 seconds)
Cbc0038I After 0.03 seconds - Feasibility pump exiting with objective of 1.1087e+06 - took 0.02 seconds
Cbc0012I Integer solution of 1108703.3 found by feasibility pump after 0 iterations and 0 nodes (0.03 seconds)
Cbc0038I Full problem 115 rows 161 columns, reduced to 81 rows 126 columns
Cbc0031I 15 added rows had average density of 17.8
Cbc0013I At root node, 15 cuts changed objective from 1108540.1 to 1108680 in 10 passes
Cbc0014I Cut generator 0 (Probing) - 4 row cuts average 2.0 elements, 4 column cuts (4 active)  in 0.003 seconds - new frequency is 1
Cbc0014I Cut generator 1 (Gomory) - 28 row cuts average 34.4 elements, 0 column cuts (0 active)  in 0.001 seconds - new frequency is 1
Cbc0014I Cut generator 2 (Knapsack) - 0 row cuts average 0.0 elements, 0 column cuts (0 active)  in 0.001 seconds - new frequency is -100
Cbc0014I Cut generator 3 (Clique) - 0 row cuts average 0.0 elements, 0 column cuts (0 active)  in 0.000 seconds - new frequency is -100
Cbc0014I Cut generator 4 (MixedIntegerRounding2) - 9 row cuts average 4.3 elements, 0 column cuts (0 active)  in 0.002 seconds - new frequency is 1
Cbc0014I Cut generator 5 (FlowCover) - 0 row cuts average 0.0 elements, 0 column cuts (0 active)  in 0.001 seconds - new frequency is -100
Cbc0014I Cut generator 6 (TwoMirCuts) - 23 row cuts average 20.5 elements, 0 column cuts (0 active)  in 0.001 seconds - new frequency is -100
Cbc0010I After 0 nodes, 1 on tree, 1108703.3 best solution, best possible 1108680.6 (0.05 seconds)
Cbc0001I Search completed - best objective 1108703.330227734, took 84 iterations and 2 nodes (0.05 seconds)
Cbc0032I Strong branching done 12 times (47 iterations), fathomed 1 nodes and fixed 2 variables
Cbc0035I Maximum depth 0, 0 variables fixed on reduced cost
Cuts at root node changed objective from 1.10854e+06 to 1.10868e+06
Probing was tried 11 times and created 8 cuts of which 0 were active after adding rounds of cuts (0.003 seconds)
Gomory was tried 11 times and created 28 cuts of which 0 were active after adding rounds of cuts (0.001 seconds)
Knapsack was tried 10 times and created 0 cuts of which 0 were active after adding rounds of cuts (0.001 seconds)
Clique was tried 10 times and created 0 cuts of which 0 were active after adding rounds of cuts (0.000 seconds)
MixedIntegerRounding2 was tried 11 times and created 9 cuts of which 0 were active after adding rounds of cuts (0.002 seconds)
FlowCover was tried 10 times and created 0 cuts of which 0 were active after adding rounds of cuts (0.001 seconds)
TwoMirCuts was tried 10 times and created 23 cuts of which 0 were active after adding rounds of cuts (0.001 seconds)
ZeroHalf was tried 1 times and created 0 cuts of which 0 were active after adding rounds of cuts (0.000 seconds)

Result - Optimal solution found

Objective value:                1108703.33022773
Enumerated nodes:               2
Total iterations:               84
Time (CPU seconds):             0.06
Time (Wallclock seconds):       0.06

Option for printingOptions changed from normal to all
Total time (CPU seconds):       0.08   (Wallclock seconds):       0.08

