Welcome to the CBC MILP Solver 
Version: 2.10.3 
Build Date: Dec 15 2019 

command line - E:\dachuang\.venv\Lib\site-packages\pulp\apis\../solverdir/cbc/win/i64/cbc.exe model.mps -primalTolerance 1e-9 -integerTolerance 1e-9 -ratioGap 0 -allowableGap 0 -threads 0 -branch -printingOptions all -solution solution.txt -saveSolution solution.bin -quit (default strategy 1)
At line 2 NAME          MODEL
At line 3 ROWS
At line 317 COLUMNS
At line 1133 RHS
At line 1446 BOUNDS
At line 1521 ENDATA
Problem MODEL has 312 rows, 241 columns and 647 elements
Coin0008I MODEL read with 0 errors
primalTolerance was changed from 1e-07 to 1e-09
integerTolerance was changed from 1e-07 to 1e-09
ratioGap was changed from 0 to 0
allowableGap was changed from 1e-10 to 0
Continuous objective value is 1.52025e+06 - 0.00 seconds
Cgl0004I processed model has 113 rows, 157 columns (24 integer (24 of which binary)) and 332 elements
Cbc0038I Initial state - 9 integers unsatisfied sum - 2.7143
Cbc0038I Pass   1: suminf.    0.00000 (0) obj. 1.5288e+06 iterations 17
Cbc0038I Solution found of 1.5288e+06
Cbc0038I Relaxing continuous gives 1.52275e+06
Cbc0038I Before mini branch and bound, 15 integers at bound fixed and 82 continuous
Cbc0038I Full problem 113 rows 157 columns, reduced to 7 rows 8 columns
Cbc0038I Mini branch and bound improved solution from 1.52275e+06 to 1.52049e+06 (0.01 seconds)
Cbc0038I Freeing continuous variables gives a solution of 1.52049e+06
Cbc0038I Round again with cutoff of 1.52046e+06
Cbc0038I Pass   2: suminf.    0.65489 (3) obj. 1.52046e+06 iterations 6
Cbc0038I Pass   3: suminf.    0.10439 (1) obj. 1.52046e+06 iterations 9
Cbc0038I Pass   4: suminf.    0.48408 (1) obj. 1.52046e+06 iterations 4
Cbc0038I Pass   5: suminf.    0.41708 (1) obj. 1.52046e+06 iterations 2
Cbc0038I Pass   6: suminf.    0.00000 (0) obj. 1.52046e+06 iterations 9
Cbc0038I Solution found of 1.52046e+06
Cbc0038I Relaxing continuous gives 1.52038e+06
Cbc0038I Before mini branch and bound, 13 integers at bound fixed and 75 continuous
Cbc0038I Full problem 113 rows 157 columns, reduced to 17 rows 23 columns
Cbc0038I Mini branch and bound improved solution from 1.52038e+06 to 1.52036e+06 (0.02 seconds)
Cbc0038I Freeing continuous variables gives a solution of 1.52036e+06
Cbc0038I Round again with cutoff of 1.52033e+06
Cbc0038I Pass   7: suminf.    1.21527 (4) obj. 1.52033e+06 iterations 2
Cbc0038I Pass   8: suminf.    0.89499 (2) obj. 1.52033e+06 iterations 11
Cbc0038I Pass   9: suminf.    0.18477 (1) obj. 1.52033e+06 iterations 4
Cbc0038I Pass  10: suminf.    0.10501 (1) obj. 1.52033e+06 iterations 2
Cbc0038I Pass  11: suminf.    0.89280 (4) obj. 1.52033e+06 iterations 6
Cbc0038I Pass  12: suminf.    0.57701 (3) obj. 1.52033e+06 iterations 1
Cbc0038I Pass  13: suminf.    0.18477 (1) obj. 1.52033e+06 iterations 6
Cbc0038I Pass  14: suminf.    0.10501 (1) obj. 1.52033e+06 iterations 2
Cbc0038I Pass  15: suminf.    0.31795 (2) obj. 1.52033e+06 iterations 13
Cbc0038I Pass  16: suminf.    0.31795 (2) obj. 1.52033e+06 iterations 1
Cbc0038I Pass  17: suminf.    0.18477 (1) obj. 1.52033e+06 iterations 4
Cbc0038I Pass  18: suminf.    0.10045 (1) obj. 1.52033e+06 iterations 2
Cbc0038I Pass  19: suminf.    2.45649 (7) obj. 1.52033e+06 iterations 9
Cbc0038I Pass  20: suminf.    1.74171 (6) obj. 1.52033e+06 iterations 3
Cbc0038I Pass  21: suminf.    0.10045 (1) obj. 1.52033e+06 iterations 7
Cbc0038I Pass  22: suminf.    0.18477 (1) obj. 1.52033e+06 iterations 4
Cbc0038I Pass  23: suminf.    1.74778 (5) obj. 1.52033e+06 iterations 18
Cbc0038I Pass  24: suminf.    0.49977 (2) obj. 1.52033e+06 iterations 9
Cbc0038I Pass  25: suminf.    0.10501 (1) obj. 1.52033e+06 iterations 2
Cbc0038I Pass  26: suminf.    0.28227 (1) obj. 1.52033e+06 iterations 5
Cbc0038I Pass  27: suminf.    1.30419 (4) obj. 1.52033e+06 iterations 15
Cbc0038I Pass  28: suminf.    0.65095 (3) obj. 1.52033e+06 iterations 2
Cbc0038I Pass  29: suminf.    0.27816 (1) obj. 1.52033e+06 iterations 5
Cbc0038I Pass  30: suminf.    0.10045 (1) obj. 1.52033e+06 iterations 2
Cbc0038I Pass  31: suminf.    2.27892 (6) obj. 1.52033e+06 iterations 9
Cbc0038I Pass  32: suminf.    0.46040 (2) obj. 1.52033e+06 iterations 5
Cbc0038I Pass  33: suminf.    0.27816 (1) obj. 1.52033e+06 iterations 7
Cbc0038I Pass  34: suminf.    0.10045 (1) obj. 1.52033e+06 iterations 2
Cbc0038I Pass  35: suminf.    1.07319 (3) obj. 1.52033e+06 iterations 2
Cbc0038I Pass  36: suminf.    0.10045 (1) obj. 1.52033e+06 iterations 2
Cbc0038I No solution found this major pass
Cbc0038I Before mini branch and bound, 3 integers at bound fixed and 69 continuous
Cbc0038I Full problem 113 rows 157 columns, reduced to 25 rows 33 columns
Cbc0038I Mini branch and bound improved solution from 1.52036e+06 to 1.52036e+06 (0.03 seconds)
Cbc0038I Freeing continuous variables gives a solution of 1.52036e+06
Cbc0038I Round again with cutoff of 1.52031e+06
Cbc0038I Pass  36: suminf.    1.32948 (5) obj. 1.52031e+06 iterations 2
Cbc0038I Pass  37: suminf.    0.76898 (2) obj. 1.52031e+06 iterations 12
Cbc0038I Pass  38: suminf.    0.29849 (1) obj. 1.52031e+06 iterations 4
Cbc0038I Pass  39: suminf.    0.23102 (1) obj. 1.52031e+06 iterations 2
Cbc0038I Pass  40: suminf.    1.00298 (3) obj. 1.52031e+06 iterations 12
Cbc0038I Pass  41: suminf.    0.72749 (2) obj. 1.52031e+06 iterations 3
Cbc0038I Pass  42: suminf.    0.23102 (1) obj. 1.52031e+06 iterations 2
Cbc0038I Pass  43: suminf.    0.49349 (1) obj. 1.52031e+06 iterations 2
Cbc0038I Pass  44: suminf.    0.94488 (2) obj. 1.52031e+06 iterations 9
Cbc0038I Pass  45: suminf.    0.48938 (1) obj. 1.52031e+06 iterations 1
Cbc0038I Pass  46: suminf.    0.22646 (1) obj. 1.52031e+06 iterations 1
Cbc0038I Pass  47: suminf.    2.17268 (7) obj. 1.52031e+06 iterations 7
Cbc0038I Pass  48: suminf.    1.87396 (6) obj. 1.52031e+06 iterations 1
Cbc0038I Pass  49: suminf.    0.48938 (1) obj. 1.52031e+06 iterations 8
Cbc0038I Pass  50: suminf.    0.22646 (1) obj. 1.52031e+06 iterations 1
Cbc0038I Pass  51: suminf.    1.70448 (5) obj. 1.52031e+06 iterations 10
Cbc0038I Pass  52: suminf.    1.22944 (4) obj. 1.52031e+06 iterations 2
Cbc0038I Pass  53: suminf.    0.22646 (1) obj. 1.52031e+06 iterations 5
Cbc0038I Pass  54: suminf.    0.29849 (1) obj. 1.52031e+06 iterations 6
Cbc0038I Pass  55: suminf.    1.24028 (4) obj. 1.52031e+06 iterations 3
Cbc0038I Pass  56: suminf.    0.92449 (3) obj. 1.52031e+06 iterations 1
Cbc0038I Pass  57: suminf.    1.71533 (5) obj. 1.52031e+06 iterations 6
Cbc0038I Pass  58: suminf.    0.92449 (3) obj. 1.52031e+06 iterations 5
Cbc0038I Pass  59: suminf.    2.20454 (7) obj. 1.52031e+06 iterations 9
Cbc0038I Pass  60: suminf.    1.72949 (6) obj. 1.52031e+06 iterations 4
Cbc0038I Pass  61: suminf.    0.22646 (1) obj. 1.52031e+06 iterations 7
Cbc0038I Pass  62: suminf.    0.29849 (1) obj. 1.52031e+06 iterations 3
Cbc0038I Pass  63: suminf.    1.37498 (4) obj. 1.52031e+06 iterations 8
Cbc0038I Pass  64: suminf.    0.90449 (3) obj. 1.52031e+06 iterations 4
Cbc0038I Pass  65: suminf.    0.23102 (1) obj. 1.52031e+06 iterations 4
Cbc0038I No solution found this major pass
Cbc0038I Before mini branch and bound, 3 integers at bound fixed and 68 continuous
Cbc0038I Full problem 113 rows 157 columns, reduced to 25 rows 33 columns
Cbc0038I Mini branch and bound did not improve solution (0.05 seconds)
Cbc0038I After 0.05 seconds - Feasibility pump exiting with objective of 1.52036e+06 - took 0.04 seconds
Cbc0012I Integer solution of 1520355.2 found by feasibility pump after 0 iterations and 0 nodes (0.05 seconds)
Cbc0038I Full problem 113 rows 157 columns, reduced to 74 rows 114 columns
Cbc0031I 9 added rows had average density of 26.444444
Cbc0013I At root node, 9 cuts changed objective from 1520246.2 to 1520256.8 in 65 passes
Cbc0014I Cut generator 0 (Probing) - 3 row cuts average 2.0 elements, 5 column cuts (5 active)  in 0.009 seconds - new frequency is 1
Cbc0014I Cut generator 1 (Gomory) - 136 row cuts average 56.8 elements, 0 column cuts (0 active)  in 0.008 seconds - new frequency is 1
Cbc0014I Cut generator 2 (Knapsack) - 0 row cuts average 0.0 elements, 0 column cuts (0 active)  in 0.008 seconds - new frequency is -100
Cbc0014I Cut generator 3 (Clique) - 0 row cuts average 0.0 elements, 0 column cuts (0 active)  in 0.000 seconds - new frequency is -100
Cbc0014I Cut generator 4 (MixedIntegerRounding2) - 8 row cuts average 5.6 elements, 0 column cuts (0 active)  in 0.004 seconds - new frequency is -100
Cbc0014I Cut generator 5 (FlowCover) - 0 row cuts average 0.0 elements, 0 column cuts (0 active)  in 0.013 seconds - new frequency is -100
Cbc0014I Cut generator 6 (TwoMirCuts) - 21 row cuts average 18.6 elements, 0 column cuts (0 active)  in 0.004 seconds - new frequency is -100
Cbc0010I After 0 nodes, 1 on tree, 1520355.2 best solution, best possible 1520256.8 (0.14 seconds)
Cbc0001I Search completed - best objective 1520355.203445032, took 471 iterations and 16 nodes (0.16 seconds)
Cbc0032I Strong branching done 42 times (115 iterations), fathomed 6 nodes and fixed 1 variables
Cbc0035I Maximum depth 3, 0 variables fixed on reduced cost
Cuts at root node changed objective from 1.52025e+06 to 1.52026e+06
Probing was tried 97 times and created 9 cuts of which 0 were active after adding rounds of cuts (0.011 seconds)
Gomory was tried 97 times and created 159 cuts of which 0 were active after adding rounds of cuts (0.014 seconds)
Knapsack was tried 65 times and created 0 cuts of which 0 were active after adding rounds of cuts (0.008 seconds)
Clique was tried 65 times and created 0 cuts of which 0 were active after adding rounds of cuts (0.000 seconds)
MixedIntegerRounding2 was tried 65 times and created 8 cuts of which 0 were active after adding rounds of cuts (0.004 seconds)
FlowCover was tried 65 times and created 0 cuts of which 0 were active after adding rounds of cuts (0.013 seconds)
TwoMirCuts was tried 65 times and created 21 cuts of which 0 were active after adding rounds of cuts (0.004 seconds)
ZeroHalf was tried 1 times and created 0 cuts of which 0 were active after adding rounds of cuts (0.000 seconds)

Result - Optimal solution found

Objective value:                1520355.20344503
Enumerated nodes:               16
Total iterations:               471
Time (CPU seconds):             0.17
Time (Wallclock seconds):       0.17

Option for printingOptions changed from normal to all
Total time (CPU seconds):       0.20   (Wallclock seconds):       0.20

