Welcome to the CBC MILP Solver 
Version: 2.10.3 
Build Date: Dec 15 2019 

command line - E:\dachuang\.venv\Lib\site-packages\pulp\apis\../solverdir/cbc/win/i64/cbc.exe model.mps -primalTolerance 1e-9 -integerTolerance 1e-9 -ratioGap 0 -allowableGap 0 -threads 0 -branch -printingOptions all -solution solution.txt -saveSolution solution.bin -quit (default strategy 1)
At line 2 NAME          MODEL
At line 3 ROWS
At line 317 COLUMNS
At line 1133 RHS
At line 1446 BOUNDS
At line 1521 ENDATA
Problem MODEL has 312 rows, 241 columns and 647 elements
Coin0008I MODEL read with 0 errors
primalTolerance was changed from 1e-07 to 1e-09
integerTolerance was changed from 1e-07 to 1e-09
ratioGap was changed from 0 to 0
allowableGap was changed from 1e-10 to 0
Continuous objective value is 3.88053e+06 - 0.00 seconds
Cgl0004I processed model has 109 rows, 148 columns (24 integer (24 of which binary)) and 311 elements
Cbc0038I Initial state - 6 integers unsatisfied sum - 1.20041
Cbc0038I Pass   1: suminf.    0.00000 (0) obj. 3.90599e+06 iterations 12
Cbc0038I Solution found of 3.90599e+06
Cbc0038I Relaxing continuous gives 3.90573e+06
Cbc0038I Before mini branch and bound, 18 integers at bound fixed and 77 continuous
Cbc0038I Full problem 109 rows 148 columns, reduced to 3 rows 4 columns
Cbc0038I Mini branch and bound improved solution from 3.90573e+06 to 3.88077e+06 (0.01 seconds)
Cbc0038I Round again with cutoff of 3.88075e+06
Cbc0038I Pass   2: suminf.    0.24689 (2) obj. 3.88075e+06 iterations 4
Cbc0038I Pass   3: suminf.    0.00000 (0) obj. 3.88075e+06 iterations 6
Cbc0038I Solution found of 3.88075e+06
Cbc0038I Relaxing continuous gives 3.88074e+06
Cbc0038I Before mini branch and bound, 17 integers at bound fixed and 74 continuous
Cbc0038I Full problem 109 rows 148 columns, reduced to 12 rows 15 columns
Cbc0038I Mini branch and bound did not improve solution (0.02 seconds)
Cbc0038I Round again with cutoff of 3.8807e+06
Cbc0038I Pass   4: suminf.    0.43828 (2) obj. 3.8807e+06 iterations 0
Cbc0038I Pass   5: suminf.    0.20349 (1) obj. 3.8807e+06 iterations 5
Cbc0038I Pass   6: suminf.    0.29428 (1) obj. 3.8807e+06 iterations 3
Cbc0038I Pass   7: suminf.    0.20349 (1) obj. 3.8807e+06 iterations 6
Cbc0038I Pass   8: suminf.    0.20349 (1) obj. 3.8807e+06 iterations 1
Cbc0038I Pass   9: suminf.    0.29428 (1) obj. 3.8807e+06 iterations 3
Cbc0038I Pass  10: suminf.    0.20349 (1) obj. 3.8807e+06 iterations 3
Cbc0038I Pass  11: suminf.    0.31887 (3) obj. 3.8807e+06 iterations 11
Cbc0038I Pass  12: suminf.    0.29428 (2) obj. 3.8807e+06 iterations 2
Cbc0038I Pass  13: suminf.    0.69449 (2) obj. 3.8807e+06 iterations 13
Cbc0038I Pass  14: suminf.    0.69449 (2) obj. 3.8807e+06 iterations 0
Cbc0038I Pass  15: suminf.    0.78920 (3) obj. 3.8807e+06 iterations 6
Cbc0038I Pass  16: suminf.    0.00340 (1) obj. 3.8807e+06 iterations 25
Cbc0038I Solution found of 3.8807e+06
Cbc0038I Relaxing continuous gives 3.88066e+06
Cbc0038I Before mini branch and bound, 10 integers at bound fixed and 68 continuous
Cbc0038I Full problem 109 rows 148 columns, reduced to 19 rows 25 columns
Cbc0038I Mini branch and bound improved solution from 3.88066e+06 to 3.88064e+06 (0.02 seconds)
Cbc0038I Round again with cutoff of 3.88061e+06
Cbc0038I Pass  17: suminf.    0.79220 (3) obj. 3.88061e+06 iterations 1
Cbc0038I Pass  18: suminf.    0.79220 (3) obj. 3.88061e+06 iterations 1
Cbc0038I Pass  19: suminf.    1.14370 (3) obj. 3.88061e+06 iterations 6
Cbc0038I Pass  20: suminf.    0.79125 (2) obj. 3.88061e+06 iterations 2
Cbc0038I Pass  21: suminf.    0.64820 (2) obj. 3.88061e+06 iterations 2
Cbc0038I Pass  22: suminf.    0.79220 (3) obj. 3.88061e+06 iterations 9
Cbc0038I Pass  23: suminf.    0.79220 (3) obj. 3.88061e+06 iterations 1
Cbc0038I Pass  24: suminf.    1.14370 (3) obj. 3.88061e+06 iterations 6
Cbc0038I Pass  25: suminf.    0.79125 (2) obj. 3.88061e+06 iterations 2
Cbc0038I Pass  26: suminf.    0.64820 (2) obj. 3.88061e+06 iterations 2
Cbc0038I Pass  27: suminf.    0.73841 (3) obj. 3.88061e+06 iterations 18
Cbc0038I Pass  28: suminf.    0.73841 (3) obj. 3.88061e+06 iterations 2
Cbc0038I Pass  29: suminf.    0.79125 (2) obj. 3.88061e+06 iterations 7
Cbc0038I Pass  30: suminf.    0.64820 (2) obj. 3.88061e+06 iterations 2
Cbc0038I Pass  31: suminf.    1.14370 (3) obj. 3.88061e+06 iterations 8
Cbc0038I Pass  32: suminf.    0.64820 (2) obj. 3.88061e+06 iterations 16
Cbc0038I Pass  33: suminf.    0.14370 (2) obj. 3.88061e+06 iterations 9
Cbc0038I Pass  34: suminf.    0.78056 (4) obj. 3.88061e+06 iterations 9
Cbc0038I Pass  35: suminf.    0.14370 (2) obj. 3.88061e+06 iterations 8
Cbc0038I Pass  36: suminf.    0.67806 (3) obj. 3.88061e+06 iterations 6
Cbc0038I Pass  37: suminf.    0.15750 (2) obj. 3.88061e+06 iterations 7
Cbc0038I Pass  38: suminf.    0.63470 (3) obj. 3.88061e+06 iterations 12
Cbc0038I Pass  39: suminf.    0.63470 (3) obj. 3.88061e+06 iterations 1
Cbc0038I Pass  40: suminf.    0.64820 (3) obj. 3.88061e+06 iterations 6
Cbc0038I Pass  41: suminf.    0.64820 (2) obj. 3.88061e+06 iterations 1
Cbc0038I Pass  42: suminf.    0.14370 (2) obj. 3.88061e+06 iterations 12
Cbc0038I Pass  43: suminf.    0.67806 (3) obj. 3.88061e+06 iterations 7
Cbc0038I Pass  44: suminf.    0.15750 (2) obj. 3.88061e+06 iterations 7
Cbc0038I Pass  45: suminf.    0.74291 (3) obj. 3.88061e+06 iterations 6
Cbc0038I Pass  46: suminf.    0.74291 (3) obj. 3.88061e+06 iterations 1
Cbc0038I No solution found this major pass
Cbc0038I Before mini branch and bound, 4 integers at bound fixed and 65 continuous
Cbc0038I Full problem 109 rows 148 columns, reduced to 22 rows 28 columns
Cbc0038I Mini branch and bound did not improve solution (0.04 seconds)
Cbc0038I After 0.04 seconds - Feasibility pump exiting with objective of 3.88064e+06 - took 0.03 seconds
Cbc0012I Integer solution of 3880642.2 found by feasibility pump after 0 iterations and 0 nodes (0.04 seconds)
Cbc0038I Full problem 109 rows 148 columns, reduced to 59 rows 91 columns
Cbc0031I 10 added rows had average density of 14.8
Cbc0013I At root node, 10 cuts changed objective from 3880531.7 to 3880640.6 in 45 passes
Cbc0014I Cut generator 0 (Probing) - 2 row cuts average 2.0 elements, 3 column cuts (3 active)  in 0.005 seconds - new frequency is 1
Cbc0014I Cut generator 1 (Gomory) - 57 row cuts average 22.7 elements, 0 column cuts (0 active)  in 0.008 seconds - new frequency is 1
Cbc0014I Cut generator 2 (Knapsack) - 0 row cuts average 0.0 elements, 0 column cuts (0 active)  in 0.007 seconds - new frequency is -100
Cbc0014I Cut generator 3 (Clique) - 0 row cuts average 0.0 elements, 0 column cuts (0 active)  in 0.000 seconds - new frequency is -100
Cbc0014I Cut generator 4 (MixedIntegerRounding2) - 1 row cuts average 5.0 elements, 0 column cuts (0 active)  in 0.002 seconds - new frequency is -100
Cbc0014I Cut generator 5 (FlowCover) - 0 row cuts average 0.0 elements, 0 column cuts (0 active)  in 0.005 seconds - new frequency is -100
Cbc0014I Cut generator 6 (TwoMirCuts) - 17 row cuts average 9.5 elements, 0 column cuts (0 active)  in 0.002 seconds - new frequency is -100
Cbc0010I After 0 nodes, 1 on tree, 3880642.2 best solution, best possible 3880640.7 (0.09 seconds)
Cbc0001I Search completed - best objective 3880642.174825311, took 153 iterations and 4 nodes (0.09 seconds)
Cbc0032I Strong branching done 16 times (52 iterations), fathomed 2 nodes and fixed 2 variables
Cbc0035I Maximum depth 1, 0 variables fixed on reduced cost
Cuts at root node changed objective from 3.88053e+06 to 3.88064e+06
Probing was tried 49 times and created 5 cuts of which 0 were active after adding rounds of cuts (0.006 seconds)
Gomory was tried 49 times and created 57 cuts of which 0 were active after adding rounds of cuts (0.008 seconds)
Knapsack was tried 45 times and created 0 cuts of which 0 were active after adding rounds of cuts (0.007 seconds)
Clique was tried 45 times and created 0 cuts of which 0 were active after adding rounds of cuts (0.000 seconds)
MixedIntegerRounding2 was tried 45 times and created 1 cuts of which 0 were active after adding rounds of cuts (0.002 seconds)
FlowCover was tried 45 times and created 0 cuts of which 0 were active after adding rounds of cuts (0.005 seconds)
TwoMirCuts was tried 45 times and created 17 cuts of which 0 were active after adding rounds of cuts (0.002 seconds)
ZeroHalf was tried 1 times and created 0 cuts of which 0 were active after adding rounds of cuts (0.000 seconds)

Result - Optimal solution found

Objective value:                3880642.17482531
Enumerated nodes:               4
Total iterations:               153
Time (CPU seconds):             0.10
Time (Wallclock seconds):       0.10

Option for printingOptions changed from normal to all
Total time (CPU seconds):       0.13   (Wallclock seconds):       0.13

