Welcome to the CBC MILP Solver 
Version: 2.10.3 
Build Date: Dec 15 2019 

command line - E:\dachuang\.venv\Lib\site-packages\pulp\apis\../solverdir/cbc/win/i64/cbc.exe model.mps -primalTolerance 1e-9 -integerTolerance 1e-9 -ratioGap 0 -allowableGap 0 -threads 0 -branch -printingOptions all -solution solution.txt -saveSolution solution.bin -quit (default strategy 1)
At line 2 NAME          MODEL
At line 3 ROWS
At line 317 COLUMNS
At line 1133 RHS
At line 1446 BOUNDS
At line 1521 ENDATA
Problem MODEL has 312 rows, 241 columns and 647 elements
Coin0008I MODEL read with 0 errors
primalTolerance was changed from 1e-07 to 1e-09
integerTolerance was changed from 1e-07 to 1e-09
ratioGap was changed from 0 to 0
allowableGap was changed from 1e-10 to 0
Continuous objective value is 1.33794e+06 - 0.00 seconds
Cgl0004I processed model has 114 rows, 157 columns (24 integer (24 of which binary)) and 335 elements
Cbc0038I Initial state - 9 integers unsatisfied sum - 3.22816
Cbc0038I Pass   1: suminf.    0.00000 (0) obj. 1.51708e+06 iterations 16
Cbc0038I Solution found of 1.51708e+06
Cbc0038I Relaxing continuous gives 1.50641e+06
Cbc0038I Before mini branch and bound, 15 integers at bound fixed and 81 continuous
Cbc0038I Full problem 114 rows 157 columns, reduced to 6 rows 9 columns
Cbc0038I Mini branch and bound improved solution from 1.50641e+06 to 1.33829e+06 (0.01 seconds)
Cbc0038I Round again with cutoff of 1.33825e+06
Cbc0038I Pass   2: suminf.    1.11761 (4) obj. 1.33825e+06 iterations 11
Cbc0038I Pass   3: suminf.    0.00000 (0) obj. 1.33825e+06 iterations 10
Cbc0038I Solution found of 1.33825e+06
Cbc0038I Relaxing continuous gives 1.33815e+06
Cbc0038I Before mini branch and bound, 14 integers at bound fixed and 79 continuous
Cbc0038I Full problem 114 rows 157 columns, reduced to 17 rows 22 columns
Cbc0038I Mini branch and bound improved solution from 1.33815e+06 to 1.33808e+06 (0.02 seconds)
Cbc0038I Round again with cutoff of 1.33805e+06
Cbc0038I Pass   4: suminf.    1.43743 (5) obj. 1.33805e+06 iterations 3
Cbc0038I Pass   5: suminf.    1.43124 (5) obj. 1.33805e+06 iterations 4
Cbc0038I Pass   6: suminf.    0.70597 (2) obj. 1.33805e+06 iterations 9
Cbc0038I Pass   7: suminf.    0.01721 (1) obj. 1.33805e+06 iterations 3
Cbc0038I Pass   8: suminf.    0.70597 (2) obj. 1.33805e+06 iterations 6
Cbc0038I Pass   9: suminf.    1.29953 (4) obj. 1.33805e+06 iterations 10
Cbc0038I Pass  10: suminf.    0.86203 (3) obj. 1.33805e+06 iterations 1
Cbc0038I Pass  11: suminf.    0.46279 (1) obj. 1.33805e+06 iterations 7
Cbc0038I Pass  12: suminf.    0.19053 (2) obj. 1.33805e+06 iterations 3
Cbc0038I Pass  13: suminf.    0.81624 (4) obj. 1.33805e+06 iterations 8
Cbc0038I Pass  14: suminf.    0.19053 (2) obj. 1.33805e+06 iterations 2
Cbc0038I Pass  15: suminf.    0.46279 (1) obj. 1.33805e+06 iterations 2
Cbc0038I Pass  16: suminf.    0.88437 (3) obj. 1.33805e+06 iterations 11
Cbc0038I Pass  17: suminf.    0.29211 (3) obj. 1.33805e+06 iterations 7
Cbc0038I Pass  18: suminf.    0.46279 (1) obj. 1.33805e+06 iterations 3
Cbc0038I Pass  19: suminf.    0.19053 (2) obj. 1.33805e+06 iterations 7
Cbc0038I Pass  20: suminf.    1.34159 (6) obj. 1.33805e+06 iterations 10
Cbc0038I Pass  21: suminf.    0.82031 (4) obj. 1.33805e+06 iterations 3
Cbc0038I Pass  22: suminf.    0.37747 (1) obj. 1.33805e+06 iterations 5
Cbc0038I Pass  23: suminf.    0.19053 (1) obj. 1.33805e+06 iterations 1
Cbc0038I Pass  24: suminf.    1.99226 (6) obj. 1.33805e+06 iterations 17
Cbc0038I Pass  25: suminf.    0.71931 (3) obj. 1.33805e+06 iterations 6
Cbc0038I Pass  26: suminf.    0.37747 (1) obj. 1.33805e+06 iterations 4
Cbc0038I Pass  27: suminf.    0.19053 (1) obj. 1.33805e+06 iterations 1
Cbc0038I Pass  28: suminf.    1.77561 (6) obj. 1.33805e+06 iterations 17
Cbc0038I Pass  29: suminf.    1.45561 (5) obj. 1.33805e+06 iterations 2
Cbc0038I Pass  30: suminf.    0.46279 (1) obj. 1.33805e+06 iterations 9
Cbc0038I Pass  31: suminf.    0.19053 (2) obj. 1.33805e+06 iterations 4
Cbc0038I Pass  32: suminf.    0.99597 (4) obj. 1.33805e+06 iterations 12
Cbc0038I Pass  33: suminf.    0.48903 (2) obj. 1.33805e+06 iterations 2
Cbc0038I No solution found this major pass
Cbc0038I Before mini branch and bound, 3 integers at bound fixed and 67 continuous
Cbc0038I Full problem 114 rows 157 columns, reduced to 23 rows 31 columns
Cbc0038I Mini branch and bound improved solution from 1.33808e+06 to 1.33805e+06 (0.04 seconds)
Cbc0038I Round again with cutoff of 1.33802e+06
Cbc0038I Pass  33: suminf.    1.58376 (6) obj. 1.33802e+06 iterations 1
Cbc0038I Pass  34: suminf.    1.58376 (6) obj. 1.33802e+06 iterations 4
Cbc0038I Pass  35: suminf.    0.32513 (1) obj. 1.33802e+06 iterations 14
Cbc0038I Pass  36: suminf.    0.15487 (2) obj. 1.33802e+06 iterations 4
Cbc0038I Pass  37: suminf.    0.64805 (3) obj. 1.33802e+06 iterations 11
Cbc0038I Pass  38: suminf.    0.64805 (3) obj. 1.33802e+06 iterations 1
Cbc0038I Pass  39: suminf.    0.62968 (3) obj. 1.33802e+06 iterations 6
Cbc0038I Pass  40: suminf.    0.61376 (3) obj. 1.33802e+06 iterations 2
Cbc0038I Pass  41: suminf.    0.32513 (1) obj. 1.33802e+06 iterations 7
Cbc0038I Pass  42: suminf.    0.15487 (2) obj. 1.33802e+06 iterations 4
Cbc0038I Pass  43: suminf.    0.64805 (3) obj. 1.33802e+06 iterations 11
Cbc0038I Pass  44: suminf.    0.64805 (3) obj. 1.33802e+06 iterations 1
Cbc0038I Pass  45: suminf.    0.62968 (3) obj. 1.33802e+06 iterations 6
Cbc0038I Pass  46: suminf.    0.61376 (3) obj. 1.33802e+06 iterations 2
Cbc0038I Pass  47: suminf.    0.32513 (1) obj. 1.33802e+06 iterations 7
Cbc0038I Pass  48: suminf.    0.15487 (2) obj. 1.33802e+06 iterations 4
Cbc0038I Pass  49: suminf.    0.64805 (3) obj. 1.33802e+06 iterations 11
Cbc0038I Pass  50: suminf.    0.64805 (3) obj. 1.33802e+06 iterations 1
Cbc0038I Pass  51: suminf.    0.62968 (3) obj. 1.33802e+06 iterations 6
Cbc0038I Pass  52: suminf.    0.61376 (3) obj. 1.33802e+06 iterations 2
Cbc0038I Pass  53: suminf.    0.32513 (1) obj. 1.33802e+06 iterations 7
Cbc0038I Pass  54: suminf.    0.15487 (2) obj. 1.33802e+06 iterations 4
Cbc0038I Pass  55: suminf.    0.64805 (3) obj. 1.33802e+06 iterations 11
Cbc0038I Pass  56: suminf.    0.64805 (3) obj. 1.33802e+06 iterations 1
Cbc0038I Pass  57: suminf.    0.62968 (3) obj. 1.33802e+06 iterations 6
Cbc0038I Pass  58: suminf.    0.61376 (3) obj. 1.33802e+06 iterations 2
Cbc0038I Pass  59: suminf.    0.32513 (1) obj. 1.33802e+06 iterations 7
Cbc0038I Pass  60: suminf.    0.15487 (2) obj. 1.33802e+06 iterations 4
Cbc0038I Pass  61: suminf.    0.64805 (3) obj. 1.33802e+06 iterations 11
Cbc0038I Pass  62: suminf.    0.64805 (3) obj. 1.33802e+06 iterations 1
Cbc0038I No solution found this major pass
Cbc0038I Before mini branch and bound, 12 integers at bound fixed and 74 continuous
Cbc0038I Full problem 114 rows 157 columns, reduced to 20 rows 28 columns
Cbc0038I Mini branch and bound did not improve solution (0.05 seconds)
Cbc0038I After 0.05 seconds - Feasibility pump exiting with objective of 1.33805e+06 - took 0.04 seconds
Cbc0012I Integer solution of 1338053.3 found by feasibility pump after 0 iterations and 0 nodes (0.05 seconds)
Cbc0038I Full problem 114 rows 157 columns, reduced to 78 rows 119 columns
Cbc0031I 15 added rows had average density of 24.6
Cbc0013I At root node, 15 cuts changed objective from 1337942.8 to 1338022.1 in 100 passes
Cbc0014I Cut generator 0 (Probing) - 9 row cuts average 3.0 elements, 3 column cuts (3 active)  in 0.010 seconds - new frequency is 1
Cbc0014I Cut generator 1 (Gomory) - 308 row cuts average 39.3 elements, 0 column cuts (0 active)  in 0.012 seconds - new frequency is 1
Cbc0014I Cut generator 2 (Knapsack) - 0 row cuts average 0.0 elements, 0 column cuts (0 active)  in 0.019 seconds - new frequency is -100
Cbc0014I Cut generator 3 (Clique) - 0 row cuts average 0.0 elements, 0 column cuts (0 active)  in 0.001 seconds - new frequency is -100
Cbc0014I Cut generator 4 (MixedIntegerRounding2) - 7 row cuts average 4.4 elements, 0 column cuts (0 active)  in 0.011 seconds - new frequency is -100
Cbc0014I Cut generator 5 (FlowCover) - 0 row cuts average 0.0 elements, 0 column cuts (0 active)  in 0.018 seconds - new frequency is -100
Cbc0014I Cut generator 6 (TwoMirCuts) - 25 row cuts average 10.5 elements, 0 column cuts (0 active)  in 0.004 seconds - new frequency is -100
Cbc0010I After 0 nodes, 1 on tree, 1338053.3 best solution, best possible 1338022.1 (0.20 seconds)
Cbc0001I Search completed - best objective 1338053.289075178, took 1025 iterations and 8 nodes (0.22 seconds)
Cbc0032I Strong branching done 36 times (135 iterations), fathomed 4 nodes and fixed 2 variables
Cbc0035I Maximum depth 2, 0 variables fixed on reduced cost
Cuts at root node changed objective from 1.33794e+06 to 1.33802e+06
Probing was tried 127 times and created 15 cuts of which 0 were active after adding rounds of cuts (0.012 seconds)
Gomory was tried 127 times and created 339 cuts of which 0 were active after adding rounds of cuts (0.014 seconds)
Knapsack was tried 100 times and created 0 cuts of which 0 were active after adding rounds of cuts (0.019 seconds)
Clique was tried 100 times and created 0 cuts of which 0 were active after adding rounds of cuts (0.001 seconds)
MixedIntegerRounding2 was tried 100 times and created 7 cuts of which 0 were active after adding rounds of cuts (0.011 seconds)
FlowCover was tried 100 times and created 0 cuts of which 0 were active after adding rounds of cuts (0.018 seconds)
TwoMirCuts was tried 100 times and created 25 cuts of which 0 were active after adding rounds of cuts (0.004 seconds)
ZeroHalf was tried 1 times and created 0 cuts of which 0 were active after adding rounds of cuts (0.000 seconds)

Result - Optimal solution found

Objective value:                1338053.28907518
Enumerated nodes:               8
Total iterations:               1025
Time (CPU seconds):             0.23
Time (Wallclock seconds):       0.23

Option for printingOptions changed from normal to all
Total time (CPU seconds):       0.25   (Wallclock seconds):       0.25

