Welcome to the CBC MILP Solver 
Version: 2.10.3 
Build Date: Dec 15 2019 

command line - E:\dachuang\.venv\Lib\site-packages\pulp\apis\../solverdir/cbc/win/i64/cbc.exe model.mps -primalTolerance 1e-9 -integerTolerance 1e-9 -ratioGap 0 -allowableGap 0 -threads 0 -branch -printingOptions all -solution solution.txt -saveSolution solution.bin -quit (default strategy 1)
At line 2 NAME          MODEL
At line 3 ROWS
At line 317 COLUMNS
At line 1133 RHS
At line 1446 BOUNDS
At line 1521 ENDATA
Problem MODEL has 312 rows, 241 columns and 647 elements
Coin0008I MODEL read with 0 errors
primalTolerance was changed from 1e-07 to 1e-09
integerTolerance was changed from 1e-07 to 1e-09
ratioGap was changed from 0 to 0
allowableGap was changed from 1e-10 to 0
Continuous objective value is 1.70399e+06 - 0.00 seconds
Cgl0004I processed model has 113 rows, 157 columns (24 integer (24 of which binary)) and 332 elements
Cbc0038I Initial state - 7 integers unsatisfied sum - 1.99415
Cbc0038I Pass   1: suminf.    0.00000 (0) obj. 1.74062e+06 iterations 17
Cbc0038I Solution found of 1.74062e+06
Cbc0038I Relaxing continuous gives 1.70958e+06
Cbc0038I Before mini branch and bound, 17 integers at bound fixed and 84 continuous
Cbc0038I Full problem 113 rows 157 columns, reduced to 6 rows 10 columns
Cbc0038I Mini branch and bound improved solution from 1.70958e+06 to 1.70423e+06 (0.01 seconds)
Cbc0038I Freeing continuous variables gives a solution of 1.70423e+06
Cbc0038I Round again with cutoff of 1.7042e+06
Cbc0038I Pass   2: suminf.    0.47709 (3) obj. 1.7042e+06 iterations 14
Cbc0038I Pass   3: suminf.    0.10017 (1) obj. 1.7042e+06 iterations 2
Cbc0038I Pass   4: suminf.    0.10017 (1) obj. 1.7042e+06 iterations 6
Cbc0038I Pass   5: suminf.    0.47941 (2) obj. 1.7042e+06 iterations 9
Cbc0038I Pass   6: suminf.    0.42553 (1) obj. 1.7042e+06 iterations 4
Cbc0038I Solution found of 1.7042e+06
Cbc0038I Relaxing continuous gives 1.70419e+06
Cbc0038I Before mini branch and bound, 14 integers at bound fixed and 78 continuous
Cbc0038I Full problem 113 rows 157 columns, reduced to 17 rows 23 columns
Cbc0038I Mini branch and bound improved solution from 1.70419e+06 to 1.70412e+06 (0.02 seconds)
Cbc0038I Freeing continuous variables gives a solution of 1.70412e+06
Cbc0038I Round again with cutoff of 1.70409e+06
Cbc0038I Pass   7: suminf.    0.96126 (4) obj. 1.70409e+06 iterations 2
Cbc0038I Pass   8: suminf.    0.58434 (2) obj. 1.70409e+06 iterations 2
Cbc0038I Pass   9: suminf.    0.48239 (3) obj. 1.70409e+06 iterations 7
Cbc0038I Pass  10: suminf.    0.48239 (3) obj. 1.70409e+06 iterations 0
Cbc0038I Pass  11: suminf.    0.61510 (3) obj. 1.70409e+06 iterations 7
Cbc0038I Pass  12: suminf.    0.61510 (3) obj. 1.70409e+06 iterations 0
Cbc0038I Pass  13: suminf.    0.48239 (3) obj. 1.70409e+06 iterations 6
Cbc0038I Pass  14: suminf.    0.51489 (4) obj. 1.70409e+06 iterations 6
Cbc0038I Pass  15: suminf.    0.48239 (3) obj. 1.70409e+06 iterations 1
Cbc0038I Pass  16: suminf.    0.61510 (3) obj. 1.70409e+06 iterations 4
Cbc0038I Pass  17: suminf.    0.61510 (3) obj. 1.70409e+06 iterations 0
Cbc0038I Pass  18: suminf.    0.48239 (3) obj. 1.70409e+06 iterations 3
Cbc0038I Pass  19: suminf.    0.92367 (6) obj. 1.70409e+06 iterations 16
Cbc0038I Pass  20: suminf.    0.48239 (3) obj. 1.70409e+06 iterations 4
Cbc0038I Pass  21: suminf.    0.11050 (2) obj. 1.70409e+06 iterations 8
Cbc0038I Pass  22: suminf.    0.11050 (2) obj. 1.70409e+06 iterations 1
Cbc0038I Pass  23: suminf.    0.48239 (3) obj. 1.70409e+06 iterations 5
Cbc0038I Pass  24: suminf.    0.10434 (1) obj. 1.70409e+06 iterations 7
Cbc0038I Pass  25: suminf.    0.21299 (2) obj. 1.70409e+06 iterations 3
Cbc0038I Pass  26: suminf.    0.48239 (3) obj. 1.70409e+06 iterations 7
Cbc0038I Pass  27: suminf.    0.61510 (3) obj. 1.70409e+06 iterations 6
Cbc0038I Pass  28: suminf.    0.61510 (3) obj. 1.70409e+06 iterations 0
Cbc0038I Pass  29: suminf.    0.48239 (3) obj. 1.70409e+06 iterations 3
Cbc0038I Pass  30: suminf.    0.90128 (6) obj. 1.70409e+06 iterations 21
Cbc0038I Pass  31: suminf.    0.58549 (4) obj. 1.70409e+06 iterations 4
Cbc0038I Pass  32: suminf.    0.48239 (3) obj. 1.70409e+06 iterations 10
Cbc0038I Pass  33: suminf.    0.61510 (3) obj. 1.70409e+06 iterations 6
Cbc0038I Pass  34: suminf.    0.61510 (3) obj. 1.70409e+06 iterations 0
Cbc0038I Pass  35: suminf.    0.48239 (3) obj. 1.70409e+06 iterations 3
Cbc0038I Pass  36: suminf.    0.88478 (6) obj. 1.70409e+06 iterations 23
Cbc0038I No solution found this major pass
Cbc0038I Before mini branch and bound, 4 integers at bound fixed and 69 continuous
Cbc0038I Full problem 113 rows 157 columns, reduced to 15 rows 21 columns
Cbc0038I Mini branch and bound did not improve solution (0.03 seconds)
Cbc0038I After 0.03 seconds - Feasibility pump exiting with objective of 1.70412e+06 - took 0.02 seconds
Cbc0012I Integer solution of 1704115.6 found by feasibility pump after 0 iterations and 0 nodes (0.03 seconds)
Cbc0038I Full problem 113 rows 157 columns, reduced to 71 rows 112 columns
Cbc0031I 7 added rows had average density of 9
Cbc0013I At root node, 7 cuts changed objective from 1703994.5 to 1704046.3 in 30 passes
Cbc0014I Cut generator 0 (Probing) - 3 row cuts average 4.3 elements, 3 column cuts (3 active)  in 0.002 seconds - new frequency is 1
Cbc0014I Cut generator 1 (Gomory) - 51 row cuts average 26.0 elements, 0 column cuts (0 active)  in 0.003 seconds - new frequency is 1
Cbc0014I Cut generator 2 (Knapsack) - 0 row cuts average 0.0 elements, 0 column cuts (0 active)  in 0.005 seconds - new frequency is -100
Cbc0014I Cut generator 3 (Clique) - 0 row cuts average 0.0 elements, 0 column cuts (0 active)  in 0.000 seconds - new frequency is -100
Cbc0014I Cut generator 4 (MixedIntegerRounding2) - 6 row cuts average 7.3 elements, 0 column cuts (0 active)  in 0.002 seconds - new frequency is 1
Cbc0014I Cut generator 5 (FlowCover) - 0 row cuts average 0.0 elements, 0 column cuts (0 active)  in 0.006 seconds - new frequency is -100
Cbc0014I Cut generator 6 (TwoMirCuts) - 16 row cuts average 12.8 elements, 0 column cuts (0 active)  in 0.003 seconds - new frequency is -100
Cbc0010I After 0 nodes, 1 on tree, 1704115.6 best solution, best possible 1704046.3 (0.07 seconds)
Cbc0001I Search completed - best objective 1704115.608587044, took 164 iterations and 6 nodes (0.08 seconds)
Cbc0032I Strong branching done 18 times (36 iterations), fathomed 4 nodes and fixed 0 variables
Cbc0035I Maximum depth 2, 0 variables fixed on reduced cost
Cuts at root node changed objective from 1.70399e+06 to 1.70405e+06
Probing was tried 39 times and created 7 cuts of which 0 were active after adding rounds of cuts (0.005 seconds)
Gomory was tried 39 times and created 56 cuts of which 0 were active after adding rounds of cuts (0.003 seconds)
Knapsack was tried 30 times and created 0 cuts of which 0 were active after adding rounds of cuts (0.005 seconds)
Clique was tried 30 times and created 0 cuts of which 0 were active after adding rounds of cuts (0.000 seconds)
MixedIntegerRounding2 was tried 39 times and created 7 cuts of which 0 were active after adding rounds of cuts (0.003 seconds)
FlowCover was tried 30 times and created 0 cuts of which 0 were active after adding rounds of cuts (0.006 seconds)
TwoMirCuts was tried 30 times and created 16 cuts of which 0 were active after adding rounds of cuts (0.003 seconds)
ZeroHalf was tried 1 times and created 0 cuts of which 0 were active after adding rounds of cuts (0.000 seconds)

Result - Optimal solution found

Objective value:                1704115.60858704
Enumerated nodes:               6
Total iterations:               164
Time (CPU seconds):             0.08
Time (Wallclock seconds):       0.09

Option for printingOptions changed from normal to all
Total time (CPU seconds):       0.11   (Wallclock seconds):       0.11

