Welcome to the CBC MILP Solver 
Version: 2.10.3 
Build Date: Dec 15 2019 

command line - E:\dachuang\.venv\Lib\site-packages\pulp\apis\../solverdir/cbc/win/i64/cbc.exe model.mps -primalTolerance 1e-9 -integerTolerance 1e-9 -ratioGap 0 -allowableGap 0 -threads 0 -branch -printingOptions all -solution solution.txt -saveSolution solution.bin -quit (default strategy 1)
At line 2 NAME          MODEL
At line 3 ROWS
At line 317 COLUMNS
At line 1133 RHS
At line 1446 BOUNDS
At line 1521 ENDATA
Problem MODEL has 312 rows, 241 columns and 647 elements
Coin0008I MODEL read with 0 errors
primalTolerance was changed from 1e-07 to 1e-09
integerTolerance was changed from 1e-07 to 1e-09
ratioGap was changed from 0 to 0
allowableGap was changed from 1e-10 to 0
Continuous objective value is 2.67421e+06 - 0.00 seconds
Cgl0004I processed model has 112 rows, 153 columns (24 integer (24 of which binary)) and 325 elements
Cbc0038I Initial state - 7 integers unsatisfied sum - 1.80119
Cbc0038I Pass   1: suminf.    0.00000 (0) obj. 2.67454e+06 iterations 10
Cbc0038I Solution found of 2.67454e+06
Cbc0038I Relaxing continuous gives 2.67454e+06
Cbc0038I Before mini branch and bound, 17 integers at bound fixed and 88 continuous
Cbc0038I Full problem 112 rows 153 columns, reduced to 2 rows 2 columns
Cbc0038I Mini branch and bound did not improve solution (0.01 seconds)
Cbc0038I Round again with cutoff of 2.67451e+06
Cbc0038I Pass   2: suminf.    0.14160 (1) obj. 2.67451e+06 iterations 2
Cbc0038I Pass   3: suminf.    0.00000 (0) obj. 2.67451e+06 iterations 9
Cbc0038I Solution found of 2.67451e+06
Cbc0038I Relaxing continuous gives 2.67447e+06
Cbc0038I Before mini branch and bound, 16 integers at bound fixed and 84 continuous
Cbc0038I Full problem 112 rows 153 columns, reduced to 13 rows 17 columns
Cbc0038I Mini branch and bound improved solution from 2.67447e+06 to 2.67444e+06 (0.02 seconds)
Cbc0038I Freeing continuous variables gives a solution of 2.67444e+06
Cbc0038I Round again with cutoff of 2.6744e+06
Cbc0038I Pass   4: suminf.    0.38080 (1) obj. 2.6744e+06 iterations 1
Cbc0038I Pass   5: suminf.    0.35051 (1) obj. 2.6744e+06 iterations 6
Cbc0038I Pass   6: suminf.    0.35051 (1) obj. 2.6744e+06 iterations 4
Cbc0038I Pass   7: suminf.    0.35051 (1) obj. 2.6744e+06 iterations 1
Cbc0038I Pass   8: suminf.    0.38080 (1) obj. 2.6744e+06 iterations 1
Cbc0038I Pass   9: suminf.    0.41701 (2) obj. 2.6744e+06 iterations 6
Cbc0038I Pass  10: suminf.    0.41701 (2) obj. 2.6744e+06 iterations 2
Cbc0038I Pass  11: suminf.    0.38080 (1) obj. 2.6744e+06 iterations 3
Cbc0038I Pass  12: suminf.    0.35051 (1) obj. 2.6744e+06 iterations 6
Cbc0038I Pass  13: suminf.    0.35051 (1) obj. 2.6744e+06 iterations 9
Cbc0038I Pass  14: suminf.    0.35051 (1) obj. 2.6744e+06 iterations 2
Cbc0038I Pass  15: suminf.    0.38080 (1) obj. 2.6744e+06 iterations 4
Cbc0038I Pass  16: suminf.    0.35051 (1) obj. 2.6744e+06 iterations 4
Cbc0038I Pass  17: suminf.    0.45130 (3) obj. 2.6744e+06 iterations 22
Cbc0038I Pass  18: suminf.    0.41701 (2) obj. 2.6744e+06 iterations 1
Cbc0038I Pass  19: suminf.    0.38080 (1) obj. 2.6744e+06 iterations 3
Cbc0038I Pass  20: suminf.    0.35051 (1) obj. 2.6744e+06 iterations 8
Cbc0038I Pass  21: suminf.    0.35051 (1) obj. 2.6744e+06 iterations 11
Cbc0038I Pass  22: suminf.    0.38080 (1) obj. 2.6744e+06 iterations 1
Cbc0038I Pass  23: suminf.    0.35051 (1) obj. 2.6744e+06 iterations 7
Cbc0038I Pass  24: suminf.    1.09480 (4) obj. 2.6744e+06 iterations 24
Cbc0038I Pass  25: suminf.    0.47901 (2) obj. 2.6744e+06 iterations 3
Cbc0038I Pass  26: suminf.    0.00000 (0) obj. 2.6744e+06 iterations 5
Cbc0038I Solution found of 2.6744e+06
Cbc0038I Relaxing continuous gives 2.67434e+06
Cbc0038I Before mini branch and bound, 2 integers at bound fixed and 64 continuous
Cbc0038I Full problem 112 rows 153 columns, reduced to 17 rows 23 columns
Cbc0038I Mini branch and bound improved solution from 2.67434e+06 to 2.67432e+06 (0.03 seconds)
Cbc0038I Freeing continuous variables gives a solution of 2.67432e+06
Cbc0038I Round again with cutoff of 2.67429e+06
Cbc0038I Pass  27: suminf.    0.86420 (3) obj. 2.67429e+06 iterations 3
Cbc0038I Pass  28: suminf.    0.86420 (3) obj. 2.67429e+06 iterations 4
Cbc0038I Pass  29: suminf.    1.16741 (3) obj. 2.67429e+06 iterations 4
Cbc0038I Pass  30: suminf.    1.16741 (3) obj. 2.67429e+06 iterations 0
Cbc0038I Pass  31: suminf.    0.86420 (3) obj. 2.67429e+06 iterations 7
Cbc0038I Pass  32: suminf.    0.86420 (3) obj. 2.67429e+06 iterations 10
Cbc0038I Pass  33: suminf.    0.86420 (3) obj. 2.67429e+06 iterations 1
Cbc0038I Pass  34: suminf.    1.16741 (3) obj. 2.67429e+06 iterations 4
Cbc0038I Pass  35: suminf.    1.16741 (3) obj. 2.67429e+06 iterations 0
Cbc0038I Pass  36: suminf.    0.86420 (3) obj. 2.67429e+06 iterations 7
Cbc0038I Pass  37: suminf.    1.16741 (3) obj. 2.67429e+06 iterations 4
Cbc0038I Pass  38: suminf.    1.16741 (3) obj. 2.67429e+06 iterations 1
Cbc0038I Pass  39: suminf.    0.86420 (3) obj. 2.67429e+06 iterations 7
Cbc0038I Pass  40: suminf.    0.86420 (3) obj. 2.67429e+06 iterations 0
Cbc0038I Pass  41: suminf.    1.16741 (3) obj. 2.67429e+06 iterations 4
Cbc0038I Pass  42: suminf.    0.86420 (3) obj. 2.67429e+06 iterations 7
Cbc0038I Pass  43: suminf.    0.86420 (3) obj. 2.67429e+06 iterations 1
Cbc0038I Pass  44: suminf.    1.16741 (3) obj. 2.67429e+06 iterations 4
Cbc0038I Pass  45: suminf.    1.16741 (3) obj. 2.67429e+06 iterations 0
Cbc0038I Pass  46: suminf.    0.86420 (3) obj. 2.67429e+06 iterations 7
Cbc0038I Pass  47: suminf.    0.86420 (3) obj. 2.67429e+06 iterations 0
Cbc0038I Pass  48: suminf.    0.86420 (3) obj. 2.67429e+06 iterations 5
Cbc0038I Pass  49: suminf.    1.16741 (3) obj. 2.67429e+06 iterations 4
Cbc0038I Pass  50: suminf.    1.16741 (3) obj. 2.67429e+06 iterations 0
Cbc0038I Pass  51: suminf.    0.86420 (3) obj. 2.67429e+06 iterations 7
Cbc0038I Pass  52: suminf.    0.86420 (3) obj. 2.67429e+06 iterations 0
Cbc0038I Pass  53: suminf.    1.47499 (5) obj. 2.67429e+06 iterations 12
Cbc0038I Pass  54: suminf.    1.15920 (4) obj. 2.67429e+06 iterations 2
Cbc0038I Pass  55: suminf.    1.16741 (3) obj. 2.67429e+06 iterations 7
Cbc0038I Pass  56: suminf.    1.16741 (3) obj. 2.67429e+06 iterations 0
Cbc0038I No solution found this major pass
Cbc0038I Before mini branch and bound, 5 integers at bound fixed and 68 continuous
Cbc0038I Mini branch and bound did not improve solution (0.04 seconds)
Cbc0038I After 0.04 seconds - Feasibility pump exiting with objective of 2.67432e+06 - took 0.04 seconds
Cbc0012I Integer solution of 2674321.7 found by feasibility pump after 0 iterations and 0 nodes (0.04 seconds)
Cbc0038I Full problem 112 rows 153 columns, reduced to 64 rows 101 columns
Cbc0031I 5 added rows had average density of 32.4
Cbc0013I At root node, 5 cuts changed objective from 2674211.1 to 2674316.3 in 100 passes
Cbc0014I Cut generator 0 (Probing) - 1 row cuts average 2.0 elements, 4 column cuts (4 active)  in 0.007 seconds - new frequency is 1
Cbc0014I Cut generator 1 (Gomory) - 242 row cuts average 31.5 elements, 0 column cuts (0 active)  in 0.010 seconds - new frequency is 1
Cbc0014I Cut generator 2 (Knapsack) - 0 row cuts average 0.0 elements, 0 column cuts (0 active)  in 0.021 seconds - new frequency is -100
Cbc0014I Cut generator 3 (Clique) - 0 row cuts average 0.0 elements, 0 column cuts (0 active)  in 0.000 seconds - new frequency is -100
Cbc0014I Cut generator 4 (MixedIntegerRounding2) - 1 row cuts average 5.0 elements, 0 column cuts (0 active)  in 0.013 seconds - new frequency is -100
Cbc0014I Cut generator 5 (FlowCover) - 0 row cuts average 0.0 elements, 0 column cuts (0 active)  in 0.014 seconds - new frequency is -100
Cbc0014I Cut generator 6 (TwoMirCuts) - 14 row cuts average 12.6 elements, 0 column cuts (0 active)  in 0.004 seconds - new frequency is -100
Cbc0010I After 0 nodes, 1 on tree, 2674321.7 best solution, best possible 2674316.3 (0.17 seconds)
Cbc0001I Search completed - best objective 2674321.656509486, took 759 iterations and 6 nodes (0.17 seconds)
Cbc0032I Strong branching done 18 times (56 iterations), fathomed 2 nodes and fixed 1 variables
Cbc0035I Maximum depth 2, 0 variables fixed on reduced cost
Cuts at root node changed objective from 2.67421e+06 to 2.67432e+06
Probing was tried 109 times and created 5 cuts of which 0 were active after adding rounds of cuts (0.007 seconds)
Gomory was tried 109 times and created 250 cuts of which 0 were active after adding rounds of cuts (0.012 seconds)
Knapsack was tried 100 times and created 0 cuts of which 0 were active after adding rounds of cuts (0.021 seconds)
Clique was tried 100 times and created 0 cuts of which 0 were active after adding rounds of cuts (0.000 seconds)
MixedIntegerRounding2 was tried 100 times and created 1 cuts of which 0 were active after adding rounds of cuts (0.013 seconds)
FlowCover was tried 100 times and created 0 cuts of which 0 were active after adding rounds of cuts (0.014 seconds)
TwoMirCuts was tried 100 times and created 14 cuts of which 0 were active after adding rounds of cuts (0.004 seconds)
ZeroHalf was tried 1 times and created 0 cuts of which 0 were active after adding rounds of cuts (0.000 seconds)

Result - Optimal solution found

Objective value:                2674321.65650949
Enumerated nodes:               6
Total iterations:               759
Time (CPU seconds):             0.18
Time (Wallclock seconds):       0.18

Option for printingOptions changed from normal to all
Total time (CPU seconds):       0.21   (Wallclock seconds):       0.21

