Welcome to the CBC MILP Solver 
Version: 2.10.3 
Build Date: Dec 15 2019 

command line - E:\dachuang\.venv\Lib\site-packages\pulp\apis\../solverdir/cbc/win/i64/cbc.exe model.mps -primalTolerance 1e-9 -integerTolerance 1e-9 -ratioGap 0 -allowableGap 0 -threads 0 -branch -printingOptions all -solution solution.txt -saveSolution solution.bin -quit (default strategy 1)
At line 2 NAME          MODEL
At line 3 ROWS
At line 317 COLUMNS
At line 1133 RHS
At line 1446 BOUNDS
At line 1521 ENDATA
Problem MODEL has 312 rows, 241 columns and 647 elements
Coin0008I MODEL read with 0 errors
primalTolerance was changed from 1e-07 to 1e-09
integerTolerance was changed from 1e-07 to 1e-09
ratioGap was changed from 0 to 0
allowableGap was changed from 1e-10 to 0
Continuous objective value is 1.14421e+06 - 0.00 seconds
Cgl0004I processed model has 114 rows, 159 columns (24 integer (24 of which binary)) and 337 elements
Cbc0038I Initial state - 6 integers unsatisfied sum - 1.72561
Cbc0038I Pass   1: suminf.    0.00000 (0) obj. 1.20014e+06 iterations 11
Cbc0038I Solution found of 1.20014e+06
Cbc0038I Relaxing continuous gives 1.14866e+06
Cbc0038I Before mini branch and bound, 18 integers at bound fixed and 88 continuous
Cbc0038I Full problem 114 rows 159 columns, reduced to 1 rows 3 columns
Cbc0038I Mini branch and bound improved solution from 1.14866e+06 to 1.14444e+06 (0.01 seconds)
Cbc0038I Round again with cutoff of 1.14442e+06
Cbc0038I Pass   2: suminf.    0.42150 (2) obj. 1.14442e+06 iterations 11
Cbc0038I Pass   3: suminf.    0.10017 (1) obj. 1.14442e+06 iterations 6
Cbc0038I Pass   4: suminf.    0.55041 (2) obj. 1.14442e+06 iterations 6
Cbc0038I Pass   5: suminf.    0.10017 (1) obj. 1.14442e+06 iterations 3
Cbc0038I Pass   6: suminf.    0.81341 (3) obj. 1.14442e+06 iterations 14
Cbc0038I Pass   7: suminf.    0.43541 (2) obj. 1.14442e+06 iterations 2
Cbc0038I Pass   8: suminf.    0.10017 (1) obj. 1.14442e+06 iterations 6
Cbc0038I Pass   9: suminf.    0.55041 (2) obj. 1.14442e+06 iterations 6
Cbc0038I Pass  10: suminf.    0.10017 (1) obj. 1.14442e+06 iterations 3
Cbc0038I Pass  11: suminf.    0.20852 (2) obj. 1.14442e+06 iterations 6
Cbc0038I Pass  12: suminf.    0.20852 (2) obj. 1.14442e+06 iterations 1
Cbc0038I Pass  13: suminf.    0.10017 (1) obj. 1.14442e+06 iterations 5
Cbc0038I Pass  14: suminf.    0.55041 (2) obj. 1.14442e+06 iterations 5
Cbc0038I Pass  15: suminf.    0.10017 (1) obj. 1.14442e+06 iterations 3
Cbc0038I Pass  16: suminf.    0.84627 (4) obj. 1.14442e+06 iterations 14
Cbc0038I Pass  17: suminf.    0.84627 (4) obj. 1.14442e+06 iterations 1
Cbc0038I Pass  18: suminf.    0.10017 (1) obj. 1.14442e+06 iterations 8
Cbc0038I Pass  19: suminf.    0.55041 (2) obj. 1.14442e+06 iterations 4
Cbc0038I Pass  20: suminf.    0.10017 (1) obj. 1.14442e+06 iterations 3
Cbc0038I Pass  21: suminf.    0.43541 (2) obj. 1.14442e+06 iterations 10
Cbc0038I Pass  22: suminf.    0.10017 (1) obj. 1.14442e+06 iterations 6
Cbc0038I Pass  23: suminf.    0.55041 (2) obj. 1.14442e+06 iterations 4
Cbc0038I Pass  24: suminf.    0.10017 (1) obj. 1.14442e+06 iterations 3
Cbc0038I Pass  25: suminf.    0.84627 (4) obj. 1.14442e+06 iterations 20
Cbc0038I Pass  26: suminf.    0.84627 (4) obj. 1.14442e+06 iterations 2
Cbc0038I Pass  27: suminf.    0.10017 (1) obj. 1.14442e+06 iterations 8
Cbc0038I Pass  28: suminf.    0.55041 (2) obj. 1.14442e+06 iterations 4
Cbc0038I Pass  29: suminf.    0.10017 (1) obj. 1.14442e+06 iterations 3
Cbc0038I Pass  30: suminf.    1.17441 (5) obj. 1.14442e+06 iterations 17
Cbc0038I Pass  31: suminf.    0.72541 (3) obj. 1.14442e+06 iterations 2
Cbc0038I No solution found this major pass
Cbc0038I Before mini branch and bound, 6 integers at bound fixed and 80 continuous
Cbc0038I Full problem 114 rows 159 columns, reduced to 4 rows 8 columns
Cbc0038I Mini branch and bound did not improve solution (0.02 seconds)
Cbc0038I After 0.02 seconds - Feasibility pump exiting with objective of 1.14444e+06 - took 0.01 seconds
Cbc0012I Integer solution of 1144443.9 found by feasibility pump after 0 iterations and 0 nodes (0.02 seconds)
Cbc0038I Full problem 114 rows 159 columns, reduced to 66 rows 109 columns
Cbc0031I 11 added rows had average density of 16.363636
Cbc0013I At root node, 11 cuts changed objective from 1144211.4 to 1144434.5 in 100 passes
Cbc0014I Cut generator 0 (Probing) - 5 row cuts average 2.0 elements, 2 column cuts (2 active)  in 0.014 seconds - new frequency is 1
Cbc0014I Cut generator 1 (Gomory) - 298 row cuts average 28.9 elements, 0 column cuts (0 active)  in 0.010 seconds - new frequency is 1
Cbc0014I Cut generator 2 (Knapsack) - 0 row cuts average 0.0 elements, 0 column cuts (0 active)  in 0.017 seconds - new frequency is -100
Cbc0014I Cut generator 3 (Clique) - 0 row cuts average 0.0 elements, 0 column cuts (0 active)  in 0.000 seconds - new frequency is -100
Cbc0014I Cut generator 4 (MixedIntegerRounding2) - 9 row cuts average 6.1 elements, 0 column cuts (0 active)  in 0.003 seconds - new frequency is -100
Cbc0014I Cut generator 5 (FlowCover) - 1 row cuts average 2.0 elements, 0 column cuts (0 active)  in 0.017 seconds - new frequency is -100
Cbc0014I Cut generator 6 (TwoMirCuts) - 18 row cuts average 15.2 elements, 0 column cuts (0 active)  in 0.004 seconds - new frequency is -100
Cbc0001I Search completed - best objective 1144443.89426849, took 709 iterations and 0 nodes (0.16 seconds)
Cbc0032I Strong branching done 2 times (10 iterations), fathomed 1 nodes and fixed 0 variables
Cbc0035I Maximum depth 0, 0 variables fixed on reduced cost
Cuts at root node changed objective from 1.14421e+06 to 1.14444e+06
Probing was tried 100 times and created 7 cuts of which 0 were active after adding rounds of cuts (0.014 seconds)
Gomory was tried 100 times and created 298 cuts of which 0 were active after adding rounds of cuts (0.010 seconds)
Knapsack was tried 100 times and created 0 cuts of which 0 were active after adding rounds of cuts (0.017 seconds)
Clique was tried 100 times and created 0 cuts of which 0 were active after adding rounds of cuts (0.000 seconds)
MixedIntegerRounding2 was tried 100 times and created 9 cuts of which 0 were active after adding rounds of cuts (0.003 seconds)
FlowCover was tried 100 times and created 1 cuts of which 0 were active after adding rounds of cuts (0.017 seconds)
TwoMirCuts was tried 100 times and created 18 cuts of which 0 were active after adding rounds of cuts (0.004 seconds)
ZeroHalf was tried 1 times and created 0 cuts of which 0 were active after adding rounds of cuts (0.000 seconds)

Result - Optimal solution found

Objective value:                1144443.89426849
Enumerated nodes:               0
Total iterations:               709
Time (CPU seconds):             0.16
Time (Wallclock seconds):       0.16

Option for printingOptions changed from normal to all
Total time (CPU seconds):       0.19   (Wallclock seconds):       0.19

