Welcome to the CBC MILP Solver 
Version: 2.10.3 
Build Date: Dec 15 2019 

command line - E:\dachuang\.venv\Lib\site-packages\pulp\apis\../solverdir/cbc/win/i64/cbc.exe model.mps -primalTolerance 1e-9 -integerTolerance 1e-9 -ratioGap 0 -allowableGap 0 -threads 0 -branch -printingOptions all -solution solution.txt -saveSolution solution.bin -quit (default strategy 1)
At line 2 NAME          MODEL
At line 3 ROWS
At line 317 COLUMNS
At line 1133 RHS
At line 1446 BOUNDS
At line 1521 ENDATA
Problem MODEL has 312 rows, 241 columns and 647 elements
Coin0008I MODEL read with 0 errors
primalTolerance was changed from 1e-07 to 1e-09
integerTolerance was changed from 1e-07 to 1e-09
ratioGap was changed from 0 to 0
allowableGap was changed from 1e-10 to 0
Continuous objective value is 953390 - 0.00 seconds
Cgl0004I processed model has 115 rows, 161 columns (24 integer (24 of which binary)) and 342 elements
Cbc0038I Initial state - 8 integers unsatisfied sum - 2.00412
Cbc0038I Pass   1: suminf.    0.00000 (0) obj. 1.00122e+06 iterations 19
Cbc0038I Solution found of 1.00122e+06
Cbc0038I Relaxing continuous gives 979423
Cbc0038I Before mini branch and bound, 16 integers at bound fixed and 84 continuous
Cbc0038I Full problem 115 rows 161 columns, reduced to 5 rows 9 columns
Cbc0038I Mini branch and bound improved solution from 979423 to 953623 (0.01 seconds)
Cbc0038I Round again with cutoff of 953599
Cbc0038I Pass   2: suminf.    0.76222 (4) obj. 953599 iterations 13
Cbc0038I Pass   3: suminf.    0.10017 (1) obj. 953599 iterations 13
Cbc0038I Pass   4: suminf.    0.47941 (1) obj. 953599 iterations 4
Cbc0038I Pass   5: suminf.    0.07691 (1) obj. 953599 iterations 2
Cbc0038I Pass   6: suminf.    0.52059 (2) obj. 953599 iterations 10
Cbc0038I Pass   7: suminf.    0.22991 (1) obj. 953599 iterations 3
Cbc0038I Pass   8: suminf.    0.36759 (1) obj. 953599 iterations 1
Cbc0038I Pass   9: suminf.    0.98709 (4) obj. 953599 iterations 7
Cbc0038I Pass  10: suminf.    0.54841 (3) obj. 953599 iterations 4
Cbc0038I Pass  11: suminf.    0.36759 (1) obj. 953599 iterations 3
Cbc0038I Pass  12: suminf.    0.22991 (1) obj. 953599 iterations 2
Cbc0038I Pass  13: suminf.    1.20480 (4) obj. 953599 iterations 12
Cbc0038I Pass  14: suminf.    0.91412 (3) obj. 953599 iterations 3
Cbc0038I Pass  15: suminf.    0.36759 (1) obj. 953599 iterations 3
Cbc0038I Pass  16: suminf.    0.22991 (1) obj. 953599 iterations 2
Cbc0038I Pass  17: suminf.    0.99809 (5) obj. 953599 iterations 11
Cbc0038I Pass  18: suminf.    0.70741 (3) obj. 953599 iterations 3
Cbc0038I Pass  19: suminf.    0.36759 (1) obj. 953599 iterations 3
Cbc0038I Pass  20: suminf.    0.22991 (1) obj. 953599 iterations 2
Cbc0038I Pass  21: suminf.    1.42980 (5) obj. 953599 iterations 19
Cbc0038I Pass  22: suminf.    1.13912 (4) obj. 953599 iterations 3
Cbc0038I Pass  23: suminf.    0.36759 (1) obj. 953599 iterations 4
Cbc0038I Pass  24: suminf.    0.22991 (1) obj. 953599 iterations 2
Cbc0038I Pass  25: suminf.    1.23230 (4) obj. 953599 iterations 12
Cbc0038I Pass  26: suminf.    0.94162 (3) obj. 953599 iterations 3
Cbc0038I Pass  27: suminf.    0.36759 (1) obj. 953599 iterations 3
Cbc0038I Pass  28: suminf.    0.22991 (1) obj. 953599 iterations 2
Cbc0038I Pass  29: suminf.    2.52635 (10) obj. 953599 iterations 13
Cbc0038I Pass  30: suminf.    1.93467 (7) obj. 953599 iterations 4
Cbc0038I Pass  31: suminf.    0.36759 (1) obj. 953599 iterations 8
Cbc0038I No solution found this major pass
Cbc0038I Before mini branch and bound, 2 integers at bound fixed and 72 continuous
Cbc0038I Full problem 115 rows 161 columns, reduced to 21 rows 27 columns
Cbc0038I Mini branch and bound improved solution from 953623 to 953511 (0.03 seconds)
Cbc0038I Freeing continuous variables gives a solution of 953511
Cbc0038I Round again with cutoff of 953487
Cbc0038I Pass  31: suminf.    1.24639 (5) obj. 953487 iterations 3
Cbc0038I Pass  32: suminf.    0.61339 (2) obj. 953487 iterations 15
Cbc0038I Pass  33: suminf.    0.61339 (2) obj. 953487 iterations 0
Cbc0038I Pass  34: suminf.    0.16889 (1) obj. 953487 iterations 4
Cbc0038I Pass  35: suminf.    0.10434 (1) obj. 953487 iterations 6
Cbc0038I Pass  36: suminf.    0.42523 (3) obj. 953487 iterations 7
Cbc0038I Pass  37: suminf.    0.28984 (2) obj. 953487 iterations 1
Cbc0038I Pass  38: suminf.    0.21299 (2) obj. 953487 iterations 7
Cbc0038I Pass  39: suminf.    0.95189 (4) obj. 953487 iterations 11
Cbc0038I Pass  40: suminf.    0.95189 (4) obj. 953487 iterations 0
Cbc0038I Pass  41: suminf.    0.61339 (2) obj. 953487 iterations 4
Cbc0038I Pass  42: suminf.    0.61339 (2) obj. 953487 iterations 0
Cbc0038I Pass  43: suminf.    0.16889 (1) obj. 953487 iterations 5
Cbc0038I Pass  44: suminf.    0.10434 (1) obj. 953487 iterations 6
Cbc0038I Pass  45: suminf.    0.97405 (4) obj. 953487 iterations 14
Cbc0038I Pass  46: suminf.    0.97405 (4) obj. 953487 iterations 0
Cbc0038I Pass  47: suminf.    0.11050 (2) obj. 953487 iterations 6
Cbc0038I Pass  48: suminf.    0.16889 (1) obj. 953487 iterations 6
Cbc0038I Pass  49: suminf.    0.10434 (1) obj. 953487 iterations 4
Cbc0038I Pass  50: suminf.    0.95806 (4) obj. 953487 iterations 13
Cbc0038I Pass  51: suminf.    0.72392 (3) obj. 953487 iterations 1
Cbc0038I Pass  52: suminf.    0.16889 (1) obj. 953487 iterations 3
Cbc0038I Pass  53: suminf.    0.33992 (1) obj. 953487 iterations 2
Cbc0038I Pass  54: suminf.    0.95189 (4) obj. 953487 iterations 13
Cbc0038I Pass  55: suminf.    0.61339 (2) obj. 953487 iterations 4
Cbc0038I Pass  56: suminf.    0.61339 (2) obj. 953487 iterations 0
Cbc0038I Pass  57: suminf.    0.16889 (1) obj. 953487 iterations 5
Cbc0038I Pass  58: suminf.    0.10434 (1) obj. 953487 iterations 4
Cbc0038I Pass  59: suminf.    0.53842 (2) obj. 953487 iterations 11
Cbc0038I Pass  60: suminf.    0.16889 (1) obj. 953487 iterations 2
Cbc0038I No solution found this major pass
Cbc0038I Before mini branch and bound, 7 integers at bound fixed and 71 continuous
Cbc0038I Full problem 115 rows 161 columns, reduced to 23 rows 30 columns
Cbc0038I Mini branch and bound did not improve solution (0.04 seconds)
Cbc0038I After 0.04 seconds - Feasibility pump exiting with objective of 953511 - took 0.04 seconds
Cbc0012I Integer solution of 953511.21 found by feasibility pump after 0 iterations and 0 nodes (0.04 seconds)
Cbc0038I Full problem 115 rows 161 columns, reduced to 83 rows 128 columns
Cbc0031I 10 added rows had average density of 15.7
Cbc0013I At root node, 10 cuts changed objective from 953390.12 to 953411.23 in 100 passes
Cbc0014I Cut generator 0 (Probing) - 7 row cuts average 2.0 elements, 1 column cuts (1 active)  in 0.012 seconds - new frequency is -100
Cbc0014I Cut generator 1 (Gomory) - 256 row cuts average 28.7 elements, 0 column cuts (0 active)  in 0.012 seconds - new frequency is 1
Cbc0014I Cut generator 2 (Knapsack) - 0 row cuts average 0.0 elements, 0 column cuts (0 active)  in 0.019 seconds - new frequency is -100
Cbc0014I Cut generator 3 (Clique) - 0 row cuts average 0.0 elements, 0 column cuts (0 active)  in 0.000 seconds - new frequency is -100
Cbc0014I Cut generator 4 (MixedIntegerRounding2) - 11 row cuts average 9.3 elements, 0 column cuts (0 active)  in 0.004 seconds - new frequency is -100
Cbc0014I Cut generator 5 (FlowCover) - 0 row cuts average 0.0 elements, 0 column cuts (0 active)  in 0.022 seconds - new frequency is -100
Cbc0014I Cut generator 6 (TwoMirCuts) - 17 row cuts average 11.5 elements, 0 column cuts (0 active)  in 0.004 seconds - new frequency is -100
Cbc0010I After 0 nodes, 1 on tree, 953511.21 best solution, best possible 953411.23 (0.18 seconds)
Cbc0001I Search completed - best objective 953511.214681229, took 1038 iterations and 20 nodes (0.23 seconds)
Cbc0032I Strong branching done 62 times (147 iterations), fathomed 6 nodes and fixed 4 variables
Cbc0035I Maximum depth 4, 1 variables fixed on reduced cost
Cuts at root node changed objective from 953390 to 953411
Probing was tried 100 times and created 8 cuts of which 0 were active after adding rounds of cuts (0.012 seconds)
Gomory was tried 167 times and created 328 cuts of which 0 were active after adding rounds of cuts (0.016 seconds)
Knapsack was tried 100 times and created 0 cuts of which 0 were active after adding rounds of cuts (0.019 seconds)
Clique was tried 100 times and created 0 cuts of which 0 were active after adding rounds of cuts (0.000 seconds)
MixedIntegerRounding2 was tried 100 times and created 11 cuts of which 0 were active after adding rounds of cuts (0.004 seconds)
FlowCover was tried 100 times and created 0 cuts of which 0 were active after adding rounds of cuts (0.022 seconds)
TwoMirCuts was tried 100 times and created 17 cuts of which 0 were active after adding rounds of cuts (0.004 seconds)
ZeroHalf was tried 1 times and created 0 cuts of which 0 were active after adding rounds of cuts (0.000 seconds)

Result - Optimal solution found

Objective value:                953511.21468123
Enumerated nodes:               20
Total iterations:               1038
Time (CPU seconds):             0.23
Time (Wallclock seconds):       0.23

Option for printingOptions changed from normal to all
Total time (CPU seconds):       0.26   (Wallclock seconds):       0.25

