Welcome to the CBC MILP Solver 
Version: 2.10.3 
Build Date: Dec 15 2019 

command line - E:\dachuang\.venv\Lib\site-packages\pulp\apis\../solverdir/cbc/win/i64/cbc.exe model.mps -primalTolerance 1e-9 -integerTolerance 1e-9 -ratioGap 0 -allowableGap 0 -threads 0 -branch -printingOptions all -solution solution.txt -saveSolution solution.bin -quit (default strategy 1)
At line 2 NAME          MODEL
At line 3 ROWS
At line 317 COLUMNS
At line 1133 RHS
At line 1446 BOUNDS
At line 1521 ENDATA
Problem MODEL has 312 rows, 241 columns and 647 elements
Coin0008I MODEL read with 0 errors
primalTolerance was changed from 1e-07 to 1e-09
integerTolerance was changed from 1e-07 to 1e-09
ratioGap was changed from 0 to 0
allowableGap was changed from 1e-10 to 0
Continuous objective value is 2.6152e+06 - 0.00 seconds
Cgl0004I processed model has 112 rows, 150 columns (24 integer (24 of which binary)) and 322 elements
Cbc0038I Initial state - 7 integers unsatisfied sum - 1.80821
Cbc0038I Pass   1: suminf.    0.00000 (0) obj. 2.61544e+06 iterations 10
Cbc0038I Solution found of 2.61544e+06
Cbc0038I Relaxing continuous gives 2.61544e+06
Cbc0038I Before mini branch and bound, 17 integers at bound fixed and 83 continuous
Cbc0038I Full problem 112 rows 150 columns, reduced to 8 rows 10 columns
Cbc0038I Mini branch and bound did not improve solution (0.01 seconds)
Cbc0038I Round again with cutoff of 2.61542e+06
Cbc0038I Pass   2: suminf.    0.10424 (1) obj. 2.61542e+06 iterations 2
Cbc0038I Pass   3: suminf.    0.00000 (0) obj. 2.61542e+06 iterations 7
Cbc0038I Solution found of 2.61542e+06
Cbc0038I Relaxing continuous gives 2.61538e+06
Cbc0038I Before mini branch and bound, 17 integers at bound fixed and 79 continuous
Cbc0038I Full problem 112 rows 150 columns, reduced to 13 rows 17 columns
Cbc0038I Mini branch and bound improved solution from 2.61538e+06 to 2.61538e+06 (0.01 seconds)
Cbc0038I Round again with cutoff of 2.61534e+06
Cbc0038I Pass   4: suminf.    0.43128 (1) obj. 2.61534e+06 iterations 1
Cbc0038I Pass   5: suminf.    0.17579 (2) obj. 2.61534e+06 iterations 12
Cbc0038I Pass   6: suminf.    0.51278 (2) obj. 2.61534e+06 iterations 3
Cbc0038I Pass   7: suminf.    0.48508 (3) obj. 2.61534e+06 iterations 20
Cbc0038I Pass   8: suminf.    0.16929 (2) obj. 2.61534e+06 iterations 1
Cbc0038I Pass   9: suminf.    0.51278 (2) obj. 2.61534e+06 iterations 2
Cbc0038I Pass  10: suminf.    0.43128 (1) obj. 2.61534e+06 iterations 1
Cbc0038I Pass  11: suminf.    0.85228 (2) obj. 2.61534e+06 iterations 12
Cbc0038I Pass  12: suminf.    0.43128 (1) obj. 2.61534e+06 iterations 1
Cbc0038I Pass  13: suminf.    0.17579 (2) obj. 2.61534e+06 iterations 11
Cbc0038I Pass  14: suminf.    0.51278 (2) obj. 2.61534e+06 iterations 3
Cbc0038I Pass  15: suminf.    0.65624 (4) obj. 2.61534e+06 iterations 23
Cbc0038I Pass  16: suminf.    0.45379 (4) obj. 2.61534e+06 iterations 1
Cbc0038I Pass  17: suminf.    0.65624 (4) obj. 2.61534e+06 iterations 4
Cbc0038I Pass  18: suminf.    1.11279 (6) obj. 2.61534e+06 iterations 11
Cbc0038I Pass  19: suminf.    0.78329 (5) obj. 2.61534e+06 iterations 2
Cbc0038I Pass  20: suminf.    0.59029 (3) obj. 2.61534e+06 iterations 10
Cbc0038I Pass  21: suminf.    0.16929 (2) obj. 2.61534e+06 iterations 1
Cbc0038I Pass  22: suminf.    0.51278 (2) obj. 2.61534e+06 iterations 4
Cbc0038I Pass  23: suminf.    0.43128 (1) obj. 2.61534e+06 iterations 1
Cbc0038I Pass  24: suminf.    0.43128 (1) obj. 2.61534e+06 iterations 12
Cbc0038I Pass  25: suminf.    0.16929 (2) obj. 2.61534e+06 iterations 7
Cbc0038I Pass  26: suminf.    0.51278 (2) obj. 2.61534e+06 iterations 3
Cbc0038I Pass  27: suminf.    0.43128 (1) obj. 2.61534e+06 iterations 1
Cbc0038I Pass  28: suminf.    0.65624 (4) obj. 2.61534e+06 iterations 28
Cbc0038I Pass  29: suminf.    0.45379 (4) obj. 2.61534e+06 iterations 2
Cbc0038I Pass  30: suminf.    0.65624 (4) obj. 2.61534e+06 iterations 4
Cbc0038I Pass  31: suminf.    1.47979 (6) obj. 2.61534e+06 iterations 13
Cbc0038I Pass  32: suminf.    1.15029 (5) obj. 2.61534e+06 iterations 1
Cbc0038I Pass  33: suminf.    0.59029 (3) obj. 2.61534e+06 iterations 7
Cbc0038I No solution found this major pass
Cbc0038I Before mini branch and bound, 4 integers at bound fixed and 64 continuous
Cbc0038I Full problem 112 rows 150 columns, reduced to 15 rows 20 columns
Cbc0038I Mini branch and bound did not improve solution (0.03 seconds)
Cbc0038I After 0.03 seconds - Feasibility pump exiting with objective of 2.61538e+06 - took 0.02 seconds
Cbc0012I Integer solution of 2615380 found by feasibility pump after 0 iterations and 0 nodes (0.03 seconds)
Cbc0038I Full problem 112 rows 150 columns, reduced to 64 rows 98 columns
Cbc0031I 8 added rows had average density of 9.5
Cbc0013I At root node, 11 cuts changed objective from 2615202.6 to 2615380 in 4 passes
Cbc0014I Cut generator 0 (Probing) - 3 row cuts average 2.0 elements, 4 column cuts (4 active)  in 0.000 seconds - new frequency is 1
Cbc0014I Cut generator 1 (Gomory) - 13 row cuts average 14.1 elements, 0 column cuts (0 active)  in 0.000 seconds - new frequency is 1
Cbc0014I Cut generator 2 (Knapsack) - 0 row cuts average 0.0 elements, 0 column cuts (0 active)  in 0.000 seconds - new frequency is -100
Cbc0014I Cut generator 3 (Clique) - 0 row cuts average 0.0 elements, 0 column cuts (0 active)  in 0.000 seconds - new frequency is -100
Cbc0014I Cut generator 4 (MixedIntegerRounding2) - 2 row cuts average 4.5 elements, 0 column cuts (0 active)  in 0.001 seconds - new frequency is 1
Cbc0014I Cut generator 5 (FlowCover) - 0 row cuts average 0.0 elements, 0 column cuts (0 active)  in 0.002 seconds - new frequency is -100
Cbc0014I Cut generator 6 (TwoMirCuts) - 14 row cuts average 10.4 elements, 0 column cuts (0 active)  in 0.001 seconds - new frequency is -100
Cbc0001I Search completed - best objective 2615379.957973473, took 34 iterations and 0 nodes (0.04 seconds)
Cbc0035I Maximum depth 0, 1 variables fixed on reduced cost
Cuts at root node changed objective from 2.6152e+06 to 2.61538e+06
Probing was tried 4 times and created 7 cuts of which 0 were active after adding rounds of cuts (0.000 seconds)
Gomory was tried 4 times and created 13 cuts of which 0 were active after adding rounds of cuts (0.000 seconds)
Knapsack was tried 4 times and created 0 cuts of which 0 were active after adding rounds of cuts (0.000 seconds)
Clique was tried 4 times and created 0 cuts of which 0 were active after adding rounds of cuts (0.000 seconds)
MixedIntegerRounding2 was tried 4 times and created 2 cuts of which 0 were active after adding rounds of cuts (0.001 seconds)
FlowCover was tried 4 times and created 0 cuts of which 0 were active after adding rounds of cuts (0.002 seconds)
TwoMirCuts was tried 4 times and created 14 cuts of which 0 were active after adding rounds of cuts (0.001 seconds)
ZeroHalf was tried 1 times and created 0 cuts of which 0 were active after adding rounds of cuts (0.000 seconds)

Result - Optimal solution found

Objective value:                2615379.95797347
Enumerated nodes:               0
Total iterations:               34
Time (CPU seconds):             0.04
Time (Wallclock seconds):       0.05

Option for printingOptions changed from normal to all
Total time (CPU seconds):       0.08   (Wallclock seconds):       0.08

