Welcome to the CBC MILP Solver 
Version: 2.10.3 
Build Date: Dec 15 2019 

command line - E:\dachuang\.venv\Lib\site-packages\pulp\apis\../solverdir/cbc/win/i64/cbc.exe model.mps -primalTolerance 1e-9 -integerTolerance 1e-9 -ratioGap 0 -allowableGap 0 -threads 0 -branch -printingOptions all -solution solution.txt -saveSolution solution.bin -quit (default strategy 1)
At line 2 NAME          MODEL
At line 3 ROWS
At line 317 COLUMNS
At line 1133 RHS
At line 1446 BOUNDS
At line 1521 ENDATA
Problem MODEL has 312 rows, 241 columns and 647 elements
Coin0008I MODEL read with 0 errors
primalTolerance was changed from 1e-07 to 1e-09
integerTolerance was changed from 1e-07 to 1e-09
ratioGap was changed from 0 to 0
allowableGap was changed from 1e-10 to 0
Continuous objective value is 2.38686e+06 - 0.00 seconds
Cgl0004I processed model has 113 rows, 157 columns (24 integer (24 of which binary)) and 332 elements
Cbc0038I Initial state - 6 integers unsatisfied sum - 1.18048
Cbc0038I Pass   1: suminf.    0.00000 (0) obj. 2.38705e+06 iterations 14
Cbc0038I Solution found of 2.38705e+06
Cbc0038I Relaxing continuous gives 2.38705e+06
Cbc0038I Before mini branch and bound, 18 integers at bound fixed and 89 continuous
Cbc0038I Full problem 113 rows 157 columns, reduced to 2 rows 2 columns
Cbc0038I Mini branch and bound did not improve solution (0.01 seconds)
Cbc0038I Freeing continuous variables gives a solution of 2.38705e+06
Cbc0038I Round again with cutoff of 2.38703e+06
Cbc0038I Pass   2: suminf.    0.08096 (1) obj. 2.38703e+06 iterations 2
Cbc0038I Pass   3: suminf.    0.29487 (1) obj. 2.38703e+06 iterations 11
Cbc0038I Pass   4: suminf.    0.21463 (1) obj. 2.38703e+06 iterations 2
Cbc0038I Pass   5: suminf.    0.54187 (2) obj. 2.38703e+06 iterations 7
Cbc0038I Pass   6: suminf.    0.49654 (1) obj. 2.38703e+06 iterations 3
Cbc0038I Pass   7: suminf.    0.45813 (1) obj. 2.38703e+06 iterations 1
Cbc0038I Pass   8: suminf.    0.53452 (2) obj. 2.38703e+06 iterations 4
Cbc0038I Pass   9: suminf.    0.45813 (1) obj. 2.38703e+06 iterations 1
Cbc0038I Pass  10: suminf.    0.49654 (1) obj. 2.38703e+06 iterations 2
Cbc0038I Pass  11: suminf.    0.43263 (2) obj. 2.38703e+06 iterations 19
Cbc0038I Pass  12: suminf.    0.43263 (2) obj. 2.38703e+06 iterations 0
Cbc0038I Pass  13: suminf.    0.48045 (2) obj. 2.38703e+06 iterations 6
Cbc0038I Pass  14: suminf.    0.48045 (2) obj. 2.38703e+06 iterations 1
Cbc0038I Pass  15: suminf.    0.56737 (2) obj. 2.38703e+06 iterations 5
Cbc0038I Pass  16: suminf.    0.48045 (1) obj. 2.38703e+06 iterations 2
Cbc0038I Pass  17: suminf.    0.43263 (1) obj. 2.38703e+06 iterations 1
Cbc0038I Pass  18: suminf.    0.45813 (1) obj. 2.38703e+06 iterations 12
Cbc0038I Pass  19: suminf.    0.49654 (1) obj. 2.38703e+06 iterations 2
Cbc0038I Pass  20: suminf.    0.45813 (1) obj. 2.38703e+06 iterations 1
Cbc0038I Pass  21: suminf.    0.32037 (2) obj. 2.38703e+06 iterations 23
Cbc0038I Pass  22: suminf.    0.18913 (1) obj. 2.38703e+06 iterations 2
Cbc0038I Pass  23: suminf.    0.32037 (1) obj. 2.38703e+06 iterations 1
Cbc0038I Pass  24: suminf.    0.00000 (0) obj. 2.38703e+06 iterations 18
Cbc0038I Solution found of 2.38703e+06
Cbc0038I Relaxing continuous gives 2.38698e+06
Cbc0038I Before mini branch and bound, 4 integers at bound fixed and 65 continuous
Cbc0038I Full problem 113 rows 157 columns, reduced to 23 rows 30 columns
Cbc0038I Mini branch and bound improved solution from 2.38698e+06 to 2.38696e+06 (0.02 seconds)
Cbc0038I Freeing continuous variables gives a solution of 2.38696e+06
Cbc0038I Round again with cutoff of 2.38694e+06
Cbc0038I Pass  25: suminf.    0.47511 (3) obj. 2.38694e+06 iterations 3
Cbc0038I Pass  26: suminf.    0.91926 (3) obj. 2.38694e+06 iterations 14
Cbc0038I Pass  27: suminf.    0.87590 (2) obj. 2.38694e+06 iterations 2
Cbc0038I Pass  28: suminf.    0.87590 (2) obj. 2.38694e+06 iterations 1
Cbc0038I Pass  29: suminf.    0.48759 (3) obj. 2.38694e+06 iterations 4
Cbc0038I Pass  30: suminf.    0.47511 (3) obj. 2.38694e+06 iterations 2
Cbc0038I Pass  31: suminf.    0.91926 (3) obj. 2.38694e+06 iterations 14
Cbc0038I Pass  32: suminf.    0.87590 (2) obj. 2.38694e+06 iterations 2
Cbc0038I Pass  33: suminf.    0.87590 (2) obj. 2.38694e+06 iterations 3
Cbc0038I Pass  34: suminf.    0.48759 (3) obj. 2.38694e+06 iterations 4
Cbc0038I Pass  35: suminf.    0.47511 (3) obj. 2.38694e+06 iterations 2
Cbc0038I Pass  36: suminf.    0.91926 (3) obj. 2.38694e+06 iterations 14
Cbc0038I Pass  37: suminf.    0.87590 (2) obj. 2.38694e+06 iterations 2
Cbc0038I Pass  38: suminf.    0.87590 (2) obj. 2.38694e+06 iterations 3
Cbc0038I Pass  39: suminf.    0.48759 (3) obj. 2.38694e+06 iterations 4
Cbc0038I Pass  40: suminf.    0.47511 (3) obj. 2.38694e+06 iterations 2
Cbc0038I Pass  41: suminf.    0.91926 (3) obj. 2.38694e+06 iterations 14
Cbc0038I Pass  42: suminf.    0.87590 (2) obj. 2.38694e+06 iterations 2
Cbc0038I Pass  43: suminf.    0.87590 (2) obj. 2.38694e+06 iterations 3
Cbc0038I Pass  44: suminf.    0.48759 (3) obj. 2.38694e+06 iterations 4
Cbc0038I Pass  45: suminf.    0.47511 (3) obj. 2.38694e+06 iterations 2
Cbc0038I Pass  46: suminf.    0.91926 (3) obj. 2.38694e+06 iterations 14
Cbc0038I Pass  47: suminf.    0.87590 (2) obj. 2.38694e+06 iterations 2
Cbc0038I Pass  48: suminf.    0.87590 (2) obj. 2.38694e+06 iterations 3
Cbc0038I Pass  49: suminf.    0.48759 (3) obj. 2.38694e+06 iterations 4
Cbc0038I Pass  50: suminf.    0.47511 (3) obj. 2.38694e+06 iterations 2
Cbc0038I Pass  51: suminf.    0.91926 (3) obj. 2.38694e+06 iterations 14
Cbc0038I Pass  52: suminf.    0.87590 (2) obj. 2.38694e+06 iterations 2
Cbc0038I Pass  53: suminf.    0.87590 (2) obj. 2.38694e+06 iterations 3
Cbc0038I Pass  54: suminf.    0.48759 (3) obj. 2.38694e+06 iterations 4
Cbc0038I No solution found this major pass
Cbc0038I Before mini branch and bound, 16 integers at bound fixed and 84 continuous
Cbc0038I Full problem 113 rows 157 columns, reduced to 18 rows 22 columns
Cbc0038I Mini branch and bound did not improve solution (0.04 seconds)
Cbc0038I After 0.04 seconds - Feasibility pump exiting with objective of 2.38696e+06 - took 0.03 seconds
Cbc0012I Integer solution of 2386961.4 found by feasibility pump after 0 iterations and 0 nodes (0.04 seconds)
Cbc0038I Full problem 113 rows 157 columns, reduced to 66 rows 105 columns
Cbc0031I 5 added rows had average density of 17.8
Cbc0013I At root node, 5 cuts changed objective from 2386859.4 to 2386938.5 in 19 passes
Cbc0014I Cut generator 0 (Probing) - 3 row cuts average 3.3 elements, 2 column cuts (2 active)  in 0.002 seconds - new frequency is 1
Cbc0014I Cut generator 1 (Gomory) - 46 row cuts average 26.5 elements, 0 column cuts (0 active)  in 0.001 seconds - new frequency is 1
Cbc0014I Cut generator 2 (Knapsack) - 0 row cuts average 0.0 elements, 0 column cuts (0 active)  in 0.002 seconds - new frequency is -100
Cbc0014I Cut generator 3 (Clique) - 0 row cuts average 0.0 elements, 0 column cuts (0 active)  in 0.000 seconds - new frequency is -100
Cbc0014I Cut generator 4 (MixedIntegerRounding2) - 3 row cuts average 8.7 elements, 0 column cuts (0 active)  in 0.000 seconds - new frequency is -100
Cbc0014I Cut generator 5 (FlowCover) - 0 row cuts average 0.0 elements, 0 column cuts (0 active)  in 0.002 seconds - new frequency is -100
Cbc0014I Cut generator 6 (TwoMirCuts) - 20 row cuts average 17.1 elements, 0 column cuts (0 active)  in 0.000 seconds - new frequency is -100
Cbc0010I After 0 nodes, 1 on tree, 2386961.4 best solution, best possible 2386938.5 (0.06 seconds)
Cbc0001I Search completed - best objective 2386961.377934001, took 167 iterations and 4 nodes (0.07 seconds)
Cbc0032I Strong branching done 14 times (38 iterations), fathomed 2 nodes and fixed 1 variables
Cbc0035I Maximum depth 1, 0 variables fixed on reduced cost
Cuts at root node changed objective from 2.38686e+06 to 2.38694e+06
Probing was tried 26 times and created 5 cuts of which 0 were active after adding rounds of cuts (0.002 seconds)
Gomory was tried 26 times and created 52 cuts of which 0 were active after adding rounds of cuts (0.002 seconds)
Knapsack was tried 19 times and created 0 cuts of which 0 were active after adding rounds of cuts (0.002 seconds)
Clique was tried 19 times and created 0 cuts of which 0 were active after adding rounds of cuts (0.000 seconds)
MixedIntegerRounding2 was tried 19 times and created 3 cuts of which 0 were active after adding rounds of cuts (0.000 seconds)
FlowCover was tried 19 times and created 0 cuts of which 0 were active after adding rounds of cuts (0.002 seconds)
TwoMirCuts was tried 19 times and created 20 cuts of which 0 were active after adding rounds of cuts (0.000 seconds)
ZeroHalf was tried 1 times and created 0 cuts of which 0 were active after adding rounds of cuts (0.000 seconds)

Result - Optimal solution found

Objective value:                2386961.37793400
Enumerated nodes:               4
Total iterations:               167
Time (CPU seconds):             0.08
Time (Wallclock seconds):       0.08

Option for printingOptions changed from normal to all
Total time (CPU seconds):       0.10   (Wallclock seconds):       0.10

