Welcome to the CBC MILP Solver 
Version: 2.10.3 
Build Date: Dec 15 2019 

command line - E:\dachuang\.venv\Lib\site-packages\pulp\apis\../solverdir/cbc/win/i64/cbc.exe model.mps -primalTolerance 1e-9 -integerTolerance 1e-9 -ratioGap 0 -allowableGap 0 -threads 0 -branch -printingOptions all -solution solution.txt -saveSolution solution.bin -quit (default strategy 1)
At line 2 NAME          MODEL
At line 3 ROWS
At line 317 COLUMNS
At line 1133 RHS
At line 1446 BOUNDS
At line 1521 ENDATA
Problem MODEL has 312 rows, 241 columns and 647 elements
Coin0008I MODEL read with 0 errors
primalTolerance was changed from 1e-07 to 1e-09
integerTolerance was changed from 1e-07 to 1e-09
ratioGap was changed from 0 to 0
allowableGap was changed from 1e-10 to 0
Continuous objective value is 759154 - 0.00 seconds
Cgl0004I processed model has 116 rows, 163 columns (24 integer (24 of which binary)) and 347 elements
Cbc0038I Initial state - 9 integers unsatisfied sum - 2.57975
Cbc0038I Pass   1: suminf.    0.00000 (0) obj. 767260 iterations 19
Cbc0038I Solution found of 767260
Cbc0038I Relaxing continuous gives 761461
Cbc0038I Before mini branch and bound, 15 integers at bound fixed and 83 continuous
Cbc0038I Full problem 116 rows 163 columns, reduced to 12 rows 15 columns
Cbc0038I Mini branch and bound improved solution from 761461 to 759497 (0.01 seconds)
Cbc0038I Round again with cutoff of 759463
Cbc0038I Pass   2: suminf.    0.33483 (3) obj. 759463 iterations 13
Cbc0038I Pass   3: suminf.    0.00000 (0) obj. 759463 iterations 8
Cbc0038I Solution found of 759463
Cbc0038I Relaxing continuous gives 759399
Cbc0038I Before mini branch and bound, 14 integers at bound fixed and 78 continuous
Cbc0038I Full problem 116 rows 163 columns, reduced to 20 rows 27 columns
Cbc0038I Mini branch and bound improved solution from 759399 to 759266 (0.02 seconds)
Cbc0038I Round again with cutoff of 759244
Cbc0038I Pass   4: suminf.    0.89323 (5) obj. 759244 iterations 2
Cbc0038I Pass   5: suminf.    0.89323 (5) obj. 759244 iterations 4
Cbc0038I Pass   6: suminf.    0.38945 (1) obj. 759244 iterations 11
Cbc0038I Pass   7: suminf.    0.10679 (1) obj. 759244 iterations 2
Cbc0038I Pass   8: suminf.    0.64761 (4) obj. 759244 iterations 5
Cbc0038I Pass   9: suminf.    0.58911 (3) obj. 759244 iterations 1
Cbc0038I Pass  10: suminf.    1.57975 (6) obj. 759244 iterations 11
Cbc0038I Pass  11: suminf.    0.60479 (3) obj. 759244 iterations 3
Cbc0038I Pass  12: suminf.    0.38945 (1) obj. 759244 iterations 6
Cbc0038I Pass  13: suminf.    0.10679 (1) obj. 759244 iterations 2
Cbc0038I Pass  14: suminf.    1.57600 (5) obj. 759244 iterations 12
Cbc0038I Pass  15: suminf.    1.57600 (5) obj. 759244 iterations 1
Cbc0038I Pass  16: suminf.    0.20140 (2) obj. 759244 iterations 8
Cbc0038I Pass  17: suminf.    0.20140 (2) obj. 759244 iterations 0
Cbc0038I Pass  18: suminf.    0.10679 (1) obj. 759244 iterations 8
Cbc0038I Pass  19: suminf.    0.38945 (1) obj. 759244 iterations 4
Cbc0038I Pass  20: suminf.    1.06489 (4) obj. 759244 iterations 21
Cbc0038I Pass  21: suminf.    0.68797 (3) obj. 759244 iterations 3
Cbc0038I Pass  22: suminf.    0.38945 (1) obj. 759244 iterations 5
Cbc0038I Pass  23: suminf.    0.10679 (1) obj. 759244 iterations 3
Cbc0038I Pass  24: suminf.    1.11717 (5) obj. 759244 iterations 24
Cbc0038I Pass  25: suminf.    0.48371 (2) obj. 759244 iterations 15
Cbc0038I Pass  26: suminf.    0.10679 (1) obj. 759244 iterations 2
Cbc0038I Pass  27: suminf.    0.38945 (1) obj. 759244 iterations 5
Cbc0038I Pass  28: suminf.    1.60944 (7) obj. 759244 iterations 11
Cbc0038I Pass  29: suminf.    0.77252 (5) obj. 759244 iterations 4
Cbc0038I Pass  30: suminf.    0.38945 (1) obj. 759244 iterations 9
Cbc0038I Pass  31: suminf.    0.10679 (1) obj. 759244 iterations 3
Cbc0038I Pass  32: suminf.    1.07254 (5) obj. 759244 iterations 11
Cbc0038I Pass  33: suminf.    0.71838 (4) obj. 759244 iterations 8
Cbc0038I No solution found this major pass
Cbc0038I Before mini branch and bound, 4 integers at bound fixed and 71 continuous
Cbc0038I Full problem 116 rows 163 columns, reduced to 26 rows 36 columns
Cbc0038I Mini branch and bound did not improve solution (0.03 seconds)
Cbc0038I After 0.03 seconds - Feasibility pump exiting with objective of 759266 - took 0.03 seconds
Cbc0012I Integer solution of 759266.19 found by feasibility pump after 0 iterations and 0 nodes (0.03 seconds)
Cbc0038I Full problem 116 rows 163 columns, reduced to 76 rows 123 columns
Cbc0031I 13 added rows had average density of 16.923077
Cbc0013I At root node, 13 cuts changed objective from 759154.33 to 759214.82 in 100 passes
Cbc0014I Cut generator 0 (Probing) - 4 row cuts average 2.5 elements, 6 column cuts (6 active)  in 0.009 seconds - new frequency is 1
Cbc0014I Cut generator 1 (Gomory) - 260 row cuts average 34.2 elements, 0 column cuts (0 active)  in 0.008 seconds - new frequency is 1
Cbc0014I Cut generator 2 (Knapsack) - 0 row cuts average 0.0 elements, 0 column cuts (0 active)  in 0.017 seconds - new frequency is -100
Cbc0014I Cut generator 3 (Clique) - 0 row cuts average 0.0 elements, 0 column cuts (0 active)  in 0.000 seconds - new frequency is -100
Cbc0014I Cut generator 4 (MixedIntegerRounding2) - 25 row cuts average 7.4 elements, 0 column cuts (0 active)  in 0.010 seconds - new frequency is 1
Cbc0014I Cut generator 5 (FlowCover) - 0 row cuts average 0.0 elements, 0 column cuts (0 active)  in 0.018 seconds - new frequency is -100
Cbc0014I Cut generator 6 (TwoMirCuts) - 25 row cuts average 10.1 elements, 0 column cuts (0 active)  in 0.003 seconds - new frequency is -100
Cbc0010I After 0 nodes, 1 on tree, 759266.19 best solution, best possible 759214.82 (0.17 seconds)
Cbc0001I Search completed - best objective 759266.1870775553, took 742 iterations and 10 nodes (0.20 seconds)
Cbc0032I Strong branching done 40 times (103 iterations), fathomed 3 nodes and fixed 3 variables
Cbc0035I Maximum depth 3, 0 variables fixed on reduced cost
Cuts at root node changed objective from 759154 to 759215
Probing was tried 121 times and created 10 cuts of which 0 were active after adding rounds of cuts (0.011 seconds)
Gomory was tried 121 times and created 277 cuts of which 0 were active after adding rounds of cuts (0.010 seconds)
Knapsack was tried 100 times and created 0 cuts of which 0 were active after adding rounds of cuts (0.017 seconds)
Clique was tried 100 times and created 0 cuts of which 0 were active after adding rounds of cuts (0.000 seconds)
MixedIntegerRounding2 was tried 121 times and created 25 cuts of which 0 were active after adding rounds of cuts (0.012 seconds)
FlowCover was tried 100 times and created 0 cuts of which 0 were active after adding rounds of cuts (0.018 seconds)
TwoMirCuts was tried 100 times and created 25 cuts of which 0 were active after adding rounds of cuts (0.003 seconds)
ZeroHalf was tried 1 times and created 0 cuts of which 0 were active after adding rounds of cuts (0.000 seconds)

Result - Optimal solution found

Objective value:                759266.18707756
Enumerated nodes:               10
Total iterations:               742
Time (CPU seconds):             0.20
Time (Wallclock seconds):       0.20

Option for printingOptions changed from normal to all
Total time (CPU seconds):       0.23   (Wallclock seconds):       0.23

