Welcome to the CBC MILP Solver 
Version: 2.10.3 
Build Date: Dec 15 2019 

command line - E:\dachuang\.venv\Lib\site-packages\pulp\apis\../solverdir/cbc/win/i64/cbc.exe model.mps -primalTolerance 1e-9 -integerTolerance 1e-9 -ratioGap 0 -allowableGap 0 -threads 0 -branch -printingOptions all -solution solution.txt -saveSolution solution.bin -quit (default strategy 1)
At line 2 NAME          MODEL
At line 3 ROWS
At line 317 COLUMNS
At line 1133 RHS
At line 1446 BOUNDS
At line 1521 ENDATA
Problem MODEL has 312 rows, 241 columns and 647 elements
Coin0008I MODEL read with 0 errors
primalTolerance was changed from 1e-07 to 1e-09
integerTolerance was changed from 1e-07 to 1e-09
ratioGap was changed from 0 to 0
allowableGap was changed from 1e-10 to 0
Continuous objective value is 1.26306e+06 - 0.00 seconds
Cgl0004I processed model has 113 rows, 157 columns (24 integer (24 of which binary)) and 332 elements
Cbc0038I Initial state - 8 integers unsatisfied sum - 1.7655
Cbc0038I Pass   1: suminf.    0.00000 (0) obj. 1.2875e+06 iterations 10
Cbc0038I Solution found of 1.2875e+06
Cbc0038I Relaxing continuous gives 1.26531e+06
Cbc0038I Before mini branch and bound, 16 integers at bound fixed and 83 continuous
Cbc0038I Full problem 113 rows 157 columns, reduced to 3 rows 5 columns
Cbc0038I Mini branch and bound improved solution from 1.26531e+06 to 1.26332e+06 (0.01 seconds)
Cbc0038I Freeing continuous variables gives a solution of 1.26332e+06
Cbc0038I Round again with cutoff of 1.2633e+06
Cbc0038I Pass   2: suminf.    0.32453 (3) obj. 1.2633e+06 iterations 10
Cbc0038I Pass   3: suminf.    0.35648 (1) obj. 1.2633e+06 iterations 12
Cbc0038I Pass   4: suminf.    0.12502 (1) obj. 1.2633e+06 iterations 1
Cbc0038I Pass   5: suminf.    0.19777 (1) obj. 1.2633e+06 iterations 6
Cbc0038I Pass   6: suminf.    0.28373 (1) obj. 1.2633e+06 iterations 2
Cbc0038I Pass   7: suminf.    0.19777 (1) obj. 1.2633e+06 iterations 1
Cbc0038I Pass   8: suminf.    0.51356 (2) obj. 1.2633e+06 iterations 2
Cbc0038I Pass   9: suminf.    0.19777 (1) obj. 1.2633e+06 iterations 1
Cbc0038I Pass  10: suminf.    0.28373 (1) obj. 1.2633e+06 iterations 2
Cbc0038I Pass  11: suminf.    1.76802 (6) obj. 1.2633e+06 iterations 14
Cbc0038I Pass  12: suminf.    1.30702 (5) obj. 1.2633e+06 iterations 1
Cbc0038I Pass  13: suminf.    0.76152 (3) obj. 1.2633e+06 iterations 3
Cbc0038I Pass  14: suminf.    0.76152 (3) obj. 1.2633e+06 iterations 0
Cbc0038I Pass  15: suminf.    1.11102 (3) obj. 1.2633e+06 iterations 3
Cbc0038I Pass  16: suminf.    1.11102 (3) obj. 1.2633e+06 iterations 0
Cbc0038I Pass  17: suminf.    1.57202 (4) obj. 1.2633e+06 iterations 7
Cbc0038I Pass  18: suminf.    1.11102 (3) obj. 1.2633e+06 iterations 2
Cbc0038I Pass  19: suminf.    0.76152 (3) obj. 1.2633e+06 iterations 1
Cbc0038I Pass  20: suminf.    0.76152 (3) obj. 1.2633e+06 iterations 0
Cbc0038I Pass  21: suminf.    1.11102 (3) obj. 1.2633e+06 iterations 3
Cbc0038I Pass  22: suminf.    0.86656 (3) obj. 1.2633e+06 iterations 18
Cbc0038I Pass  23: suminf.    0.55077 (2) obj. 1.2633e+06 iterations 1
Cbc0038I Pass  24: suminf.    0.39663 (1) obj. 1.2633e+06 iterations 2
Cbc0038I Pass  25: suminf.    0.35277 (1) obj. 1.2633e+06 iterations 2
Cbc0038I Pass  26: suminf.    0.59177 (3) obj. 1.2633e+06 iterations 18
Cbc0038I Pass  27: suminf.    0.59177 (3) obj. 1.2633e+06 iterations 0
Cbc0038I Pass  28: suminf.    0.28373 (1) obj. 1.2633e+06 iterations 4
Cbc0038I Pass  29: suminf.    0.19777 (1) obj. 1.2633e+06 iterations 1
Cbc0038I Pass  30: suminf.    0.39377 (2) obj. 1.2633e+06 iterations 12
Cbc0038I Pass  31: suminf.    0.28373 (1) obj. 1.2633e+06 iterations 3
Cbc0038I No solution found this major pass
Cbc0038I Before mini branch and bound, 3 integers at bound fixed and 72 continuous
Cbc0038I Full problem 113 rows 157 columns, reduced to 18 rows 23 columns
Cbc0038I Mini branch and bound improved solution from 1.26332e+06 to 1.26326e+06 (0.02 seconds)
Cbc0038I Freeing continuous variables gives a solution of 1.26326e+06
Cbc0038I Round again with cutoff of 1.26322e+06
Cbc0038I Pass  31: suminf.    0.67635 (4) obj. 1.26322e+06 iterations 1
Cbc0038I Pass  32: suminf.    0.67484 (2) obj. 1.26322e+06 iterations 11
Cbc0038I Pass  33: suminf.    0.67484 (2) obj. 1.26322e+06 iterations 0
Cbc0038I Pass  34: suminf.    0.47684 (2) obj. 1.26322e+06 iterations 1
Cbc0038I Pass  35: suminf.    0.47684 (2) obj. 1.26322e+06 iterations 0
Cbc0038I Pass  36: suminf.    0.82634 (3) obj. 1.26322e+06 iterations 6
Cbc0038I Pass  37: suminf.    0.67484 (2) obj. 1.26322e+06 iterations 3
Cbc0038I Pass  38: suminf.    0.67484 (2) obj. 1.26322e+06 iterations 0
Cbc0038I Pass  39: suminf.    0.47684 (2) obj. 1.26322e+06 iterations 1
Cbc0038I Pass  40: suminf.    0.47684 (2) obj. 1.26322e+06 iterations 0
Cbc0038I Pass  41: suminf.    1.11334 (4) obj. 1.26322e+06 iterations 11
Cbc0038I Pass  42: suminf.    1.11334 (4) obj. 1.26322e+06 iterations 0
Cbc0038I Pass  43: suminf.    0.98134 (3) obj. 1.26322e+06 iterations 7
Cbc0038I Pass  44: suminf.    0.98134 (3) obj. 1.26322e+06 iterations 0
Cbc0038I Pass  45: suminf.    0.82984 (2) obj. 1.26322e+06 iterations 3
Cbc0038I Pass  46: suminf.    0.82984 (2) obj. 1.26322e+06 iterations 0
Cbc0038I Pass  47: suminf.    0.63184 (2) obj. 1.26322e+06 iterations 1
Cbc0038I Pass  48: suminf.    0.63184 (2) obj. 1.26322e+06 iterations 0
Cbc0038I Pass  49: suminf.    0.66514 (2) obj. 1.26322e+06 iterations 12
Cbc0038I Pass  50: suminf.    0.34935 (1) obj. 1.26322e+06 iterations 1
Cbc0038I Pass  51: suminf.    0.19334 (2) obj. 1.26322e+06 iterations 5
Cbc0038I Pass  52: suminf.    0.34935 (1) obj. 1.26322e+06 iterations 2
Cbc0038I Pass  53: suminf.    0.89909 (4) obj. 1.26322e+06 iterations 18
Cbc0038I Pass  54: suminf.    0.89909 (4) obj. 1.26322e+06 iterations 0
Cbc0038I Pass  55: suminf.    0.26609 (2) obj. 1.26322e+06 iterations 8
Cbc0038I Pass  56: suminf.    0.41501 (1) obj. 1.26322e+06 iterations 2
Cbc0038I Pass  57: suminf.    0.41501 (1) obj. 1.26322e+06 iterations 1
Cbc0038I Pass  58: suminf.    0.70459 (2) obj. 1.26322e+06 iterations 10
Cbc0038I Pass  59: suminf.    0.84906 (2) obj. 1.26322e+06 iterations 3
Cbc0038I Pass  60: suminf.    0.70459 (2) obj. 1.26322e+06 iterations 4
Cbc0038I No solution found this major pass
Cbc0038I Before mini branch and bound, 7 integers at bound fixed and 73 continuous
Cbc0038I Full problem 113 rows 157 columns, reduced to 22 rows 28 columns
Cbc0038I Mini branch and bound did not improve solution (0.03 seconds)
Cbc0038I After 0.03 seconds - Feasibility pump exiting with objective of 1.26326e+06 - took 0.03 seconds
Cbc0012I Integer solution of 1263263.1 found by feasibility pump after 0 iterations and 0 nodes (0.04 seconds)
Cbc0038I Full problem 113 rows 157 columns, reduced to 78 rows 119 columns
Cbc0031I 8 added rows had average density of 10
Cbc0013I At root node, 8 cuts changed objective from 1263060.6 to 1263263 in 16 passes
Cbc0014I Cut generator 0 (Probing) - 4 row cuts average 2.0 elements, 5 column cuts (5 active)  in 0.006 seconds - new frequency is 1
Cbc0014I Cut generator 1 (Gomory) - 27 row cuts average 18.5 elements, 0 column cuts (0 active)  in 0.000 seconds - new frequency is 1
Cbc0014I Cut generator 2 (Knapsack) - 0 row cuts average 0.0 elements, 0 column cuts (0 active)  in 0.001 seconds - new frequency is -100
Cbc0014I Cut generator 3 (Clique) - 0 row cuts average 0.0 elements, 0 column cuts (0 active)  in 0.001 seconds - new frequency is -100
Cbc0014I Cut generator 4 (MixedIntegerRounding2) - 6 row cuts average 7.7 elements, 0 column cuts (0 active)  in 0.000 seconds - new frequency is 1
Cbc0014I Cut generator 5 (FlowCover) - 0 row cuts average 0.0 elements, 0 column cuts (0 active)  in 0.001 seconds - new frequency is -100
Cbc0014I Cut generator 6 (TwoMirCuts) - 15 row cuts average 10.9 elements, 0 column cuts (0 active)  in 0.000 seconds - new frequency is -100
Cbc0001I Search completed - best objective 1263263.087625393, took 65 iterations and 0 nodes (0.06 seconds)
Cbc0032I Strong branching done 2 times (3 iterations), fathomed 1 nodes and fixed 0 variables
Cbc0035I Maximum depth 0, 0 variables fixed on reduced cost
Cuts at root node changed objective from 1.26306e+06 to 1.26326e+06
Probing was tried 16 times and created 9 cuts of which 0 were active after adding rounds of cuts (0.006 seconds)
Gomory was tried 16 times and created 27 cuts of which 0 were active after adding rounds of cuts (0.000 seconds)
Knapsack was tried 16 times and created 0 cuts of which 0 were active after adding rounds of cuts (0.001 seconds)
Clique was tried 16 times and created 0 cuts of which 0 were active after adding rounds of cuts (0.001 seconds)
MixedIntegerRounding2 was tried 16 times and created 6 cuts of which 0 were active after adding rounds of cuts (0.000 seconds)
FlowCover was tried 16 times and created 0 cuts of which 0 were active after adding rounds of cuts (0.001 seconds)
TwoMirCuts was tried 16 times and created 15 cuts of which 0 were active after adding rounds of cuts (0.000 seconds)
ZeroHalf was tried 1 times and created 0 cuts of which 0 were active after adding rounds of cuts (0.000 seconds)

Result - Optimal solution found

Objective value:                1263263.08762539
Enumerated nodes:               0
Total iterations:               65
Time (CPU seconds):             0.07
Time (Wallclock seconds):       0.07

Option for printingOptions changed from normal to all
Total time (CPU seconds):       0.09   (Wallclock seconds):       0.09

