Welcome to the CBC MILP Solver 
Version: 2.10.3 
Build Date: Dec 15 2019 

command line - E:\dachuang\.venv\Lib\site-packages\pulp\apis\../solverdir/cbc/win/i64/cbc.exe model.mps -primalTolerance 1e-9 -integerTolerance 1e-9 -ratioGap 0 -allowableGap 0 -threads 0 -branch -printingOptions all -solution solution.txt -saveSolution solution.bin -quit (default strategy 1)
At line 2 NAME          MODEL
At line 3 ROWS
At line 317 COLUMNS
At line 1133 RHS
At line 1446 BOUNDS
At line 1521 ENDATA
Problem MODEL has 312 rows, 241 columns and 647 elements
Coin0008I MODEL read with 0 errors
primalTolerance was changed from 1e-07 to 1e-09
integerTolerance was changed from 1e-07 to 1e-09
ratioGap was changed from 0 to 0
allowableGap was changed from 1e-10 to 0
Continuous objective value is 1.80389e+06 - 0.00 seconds
Cgl0004I processed model has 113 rows, 150 columns (24 integer (24 of which binary)) and 325 elements
Cbc0038I Initial state - 8 integers unsatisfied sum - 1.89682
Cbc0038I Pass   1: suminf.    0.00000 (0) obj. 1.81561e+06 iterations 17
Cbc0038I Solution found of 1.81561e+06
Cbc0038I Relaxing continuous gives 1.81523e+06
Cbc0038I Before mini branch and bound, 16 integers at bound fixed and 78 continuous
Cbc0038I Full problem 113 rows 150 columns, reduced to 6 rows 7 columns
Cbc0038I Mini branch and bound improved solution from 1.81523e+06 to 1.80424e+06 (0.01 seconds)
Cbc0038I Freeing continuous variables gives a solution of 1.80424e+06
Cbc0038I Round again with cutoff of 1.8042e+06
Cbc0038I Reduced cost fixing fixed 1 variables on major pass 2
Cbc0038I Pass   2: suminf.    0.22798 (3) obj. 1.8042e+06 iterations 5
Cbc0038I Pass   3: suminf.    0.00000 (0) obj. 1.8042e+06 iterations 8
Cbc0038I Solution found of 1.8042e+06
Cbc0038I Relaxing continuous gives 1.80407e+06
Cbc0038I Before mini branch and bound, 15 integers at bound fixed and 74 continuous
Cbc0038I Full problem 113 rows 150 columns, reduced to 16 rows 22 columns
Cbc0038I Mini branch and bound improved solution from 1.80407e+06 to 1.80394e+06 (0.02 seconds)
Cbc0038I Freeing continuous variables gives a solution of 1.80394e+06
Cbc0038I Round again with cutoff of 1.80393e+06
Cbc0038I Reduced cost fixing fixed 1 variables on major pass 3
Cbc0038I Pass   4: suminf.    0.72490 (6) obj. 1.80393e+06 iterations 6
Cbc0038I Pass   5: suminf.    0.72490 (5) obj. 1.80393e+06 iterations 2
Cbc0038I Pass   6: suminf.    0.33707 (2) obj. 1.80393e+06 iterations 11
Cbc0038I Pass   7: suminf.    0.31940 (3) obj. 1.80393e+06 iterations 2
Cbc0038I Pass   8: suminf.    0.82269 (3) obj. 1.80393e+06 iterations 9
Cbc0038I Pass   9: suminf.    0.82269 (3) obj. 1.80393e+06 iterations 0
Cbc0038I Pass  10: suminf.    0.65079 (3) obj. 1.80393e+06 iterations 6
Cbc0038I Pass  11: suminf.    0.64453 (3) obj. 1.80393e+06 iterations 2
Cbc0038I Pass  12: suminf.    0.33707 (2) obj. 1.80393e+06 iterations 3
Cbc0038I Pass  13: suminf.    0.31940 (3) obj. 1.80393e+06 iterations 2
Cbc0038I Pass  14: suminf.    0.82269 (3) obj. 1.80393e+06 iterations 9
Cbc0038I Pass  15: suminf.    0.82269 (3) obj. 1.80393e+06 iterations 0
Cbc0038I Pass  16: suminf.    0.65079 (3) obj. 1.80393e+06 iterations 6
Cbc0038I Pass  17: suminf.    0.64453 (3) obj. 1.80393e+06 iterations 2
Cbc0038I Pass  18: suminf.    0.33707 (2) obj. 1.80393e+06 iterations 3
Cbc0038I Pass  19: suminf.    0.31940 (3) obj. 1.80393e+06 iterations 2
Cbc0038I Pass  20: suminf.    0.82269 (3) obj. 1.80393e+06 iterations 9
Cbc0038I Pass  21: suminf.    0.82269 (3) obj. 1.80393e+06 iterations 0
Cbc0038I Pass  22: suminf.    0.65079 (3) obj. 1.80393e+06 iterations 6
Cbc0038I Pass  23: suminf.    0.64453 (3) obj. 1.80393e+06 iterations 2
Cbc0038I Pass  24: suminf.    0.33707 (2) obj. 1.80393e+06 iterations 3
Cbc0038I Pass  25: suminf.    0.31940 (3) obj. 1.80393e+06 iterations 2
Cbc0038I Pass  26: suminf.    0.82269 (3) obj. 1.80393e+06 iterations 9
Cbc0038I Pass  27: suminf.    0.82269 (3) obj. 1.80393e+06 iterations 0
Cbc0038I Pass  28: suminf.    0.65079 (3) obj. 1.80393e+06 iterations 6
Cbc0038I Pass  29: suminf.    0.64453 (3) obj. 1.80393e+06 iterations 2
Cbc0038I Pass  30: suminf.    0.33707 (2) obj. 1.80393e+06 iterations 3
Cbc0038I Pass  31: suminf.    0.31940 (3) obj. 1.80393e+06 iterations 2
Cbc0038I Pass  32: suminf.    0.82269 (3) obj. 1.80393e+06 iterations 9
Cbc0038I Pass  33: suminf.    0.82269 (3) obj. 1.80393e+06 iterations 0
Cbc0038I No solution found this major pass
Cbc0038I Before mini branch and bound, 14 integers at bound fixed and 72 continuous
Cbc0038I Full problem 113 rows 150 columns, reduced to 19 rows 26 columns
Cbc0038I Mini branch and bound did not improve solution (0.03 seconds)
Cbc0038I After 0.03 seconds - Feasibility pump exiting with objective of 1.80394e+06 - took 0.02 seconds
Cbc0012I Integer solution of 1803941.5 found by feasibility pump after 0 iterations and 0 nodes (0.03 seconds)
Cbc0038I Full problem 113 rows 150 columns, reduced to 71 rows 105 columns
Cbc0031I 5 added rows had average density of 13.8
Cbc0013I At root node, 5 cuts changed objective from 1803894 to 1803918.5 in 17 passes
Cbc0014I Cut generator 0 (Probing) - 3 row cuts average 2.7 elements, 2 column cuts (2 active)  in 0.003 seconds - new frequency is 1
Cbc0014I Cut generator 1 (Gomory) - 37 row cuts average 25.0 elements, 0 column cuts (0 active)  in 0.001 seconds - new frequency is 1
Cbc0014I Cut generator 2 (Knapsack) - 0 row cuts average 0.0 elements, 0 column cuts (0 active)  in 0.002 seconds - new frequency is -100
Cbc0014I Cut generator 3 (Clique) - 0 row cuts average 0.0 elements, 0 column cuts (0 active)  in 0.000 seconds - new frequency is -100
Cbc0014I Cut generator 4 (MixedIntegerRounding2) - 6 row cuts average 4.3 elements, 0 column cuts (0 active)  in 0.000 seconds - new frequency is 1
Cbc0014I Cut generator 5 (FlowCover) - 0 row cuts average 0.0 elements, 0 column cuts (0 active)  in 0.002 seconds - new frequency is -100
Cbc0014I Cut generator 6 (TwoMirCuts) - 20 row cuts average 11.4 elements, 0 column cuts (0 active)  in 0.003 seconds - new frequency is -100
Cbc0010I After 0 nodes, 1 on tree, 1803941.5 best solution, best possible 1803918.5 (0.06 seconds)
Cbc0001I Search completed - best objective 1803941.467759938, took 232 iterations and 10 nodes (0.08 seconds)
Cbc0032I Strong branching done 32 times (102 iterations), fathomed 4 nodes and fixed 1 variables
Cbc0035I Maximum depth 2, 3 variables fixed on reduced cost
Cuts at root node changed objective from 1.80389e+06 to 1.80392e+06
Probing was tried 48 times and created 8 cuts of which 0 were active after adding rounds of cuts (0.004 seconds)
Gomory was tried 48 times and created 77 cuts of which 0 were active after adding rounds of cuts (0.003 seconds)
Knapsack was tried 17 times and created 0 cuts of which 0 were active after adding rounds of cuts (0.002 seconds)
Clique was tried 17 times and created 0 cuts of which 0 were active after adding rounds of cuts (0.000 seconds)
MixedIntegerRounding2 was tried 48 times and created 12 cuts of which 0 were active after adding rounds of cuts (0.003 seconds)
FlowCover was tried 17 times and created 0 cuts of which 0 were active after adding rounds of cuts (0.002 seconds)
TwoMirCuts was tried 17 times and created 20 cuts of which 0 were active after adding rounds of cuts (0.003 seconds)
ZeroHalf was tried 1 times and created 0 cuts of which 0 were active after adding rounds of cuts (0.000 seconds)

Result - Optimal solution found

Objective value:                1803941.46775994
Enumerated nodes:               10
Total iterations:               232
Time (CPU seconds):             0.09
Time (Wallclock seconds):       0.08

Option for printingOptions changed from normal to all
Total time (CPU seconds):       0.12   (Wallclock seconds):       0.12

