Welcome to the CBC MILP Solver 
Version: 2.10.3 
Build Date: Dec 15 2019 

command line - E:\dachuang\.venv\Lib\site-packages\pulp\apis\../solverdir/cbc/win/i64/cbc.exe model.mps -primalTolerance 1e-9 -integerTolerance 1e-9 -ratioGap 0 -allowableGap 0 -threads 0 -branch -printingOptions all -solution solution.txt -saveSolution solution.bin -quit (default strategy 1)
At line 2 NAME          MODEL
At line 3 ROWS
At line 317 COLUMNS
At line 1133 RHS
At line 1446 BOUNDS
At line 1521 ENDATA
Problem MODEL has 312 rows, 241 columns and 647 elements
Coin0008I MODEL read with 0 errors
primalTolerance was changed from 1e-07 to 1e-09
integerTolerance was changed from 1e-07 to 1e-09
ratioGap was changed from 0 to 0
allowableGap was changed from 1e-10 to 0
Continuous objective value is 1.67457e+06 - 0.00 seconds
Cgl0004I processed model has 112 rows, 155 columns (24 integer (24 of which binary)) and 327 elements
Cbc0038I Initial state - 9 integers unsatisfied sum - 3.04506
Cbc0038I Pass   1: suminf.    0.00000 (0) obj. 1.81186e+06 iterations 15
Cbc0038I Solution found of 1.81186e+06
Cbc0038I Relaxing continuous gives 1.80369e+06
Cbc0038I Before mini branch and bound, 15 integers at bound fixed and 77 continuous
Cbc0038I Full problem 112 rows 155 columns, reduced to 4 rows 4 columns
Cbc0038I Mini branch and bound improved solution from 1.80369e+06 to 1.67491e+06 (0.01 seconds)
Cbc0038I Round again with cutoff of 1.67488e+06
Cbc0038I Pass   2: suminf.    0.89061 (3) obj. 1.67488e+06 iterations 10
Cbc0038I Pass   3: suminf.    0.00000 (0) obj. 1.67488e+06 iterations 8
Cbc0038I Solution found of 1.67488e+06
Cbc0038I Relaxing continuous gives 1.67482e+06
Cbc0038I Before mini branch and bound, 15 integers at bound fixed and 79 continuous
Cbc0038I Full problem 112 rows 155 columns, reduced to 10 rows 13 columns
Cbc0038I Mini branch and bound improved solution from 1.67482e+06 to 1.67475e+06 (0.01 seconds)
Cbc0038I Round again with cutoff of 1.67472e+06
Cbc0038I Pass   4: suminf.    1.22614 (4) obj. 1.67472e+06 iterations 3
Cbc0038I Pass   5: suminf.    1.21174 (5) obj. 1.67472e+06 iterations 2
Cbc0038I Pass   6: suminf.    0.86953 (3) obj. 1.67472e+06 iterations 17
Cbc0038I Pass   7: suminf.    0.90874 (3) obj. 1.67472e+06 iterations 4
Cbc0038I Pass   8: suminf.    0.90874 (3) obj. 1.67472e+06 iterations 0
Cbc0038I Pass   9: suminf.    0.86953 (3) obj. 1.67472e+06 iterations 5
Cbc0038I Pass  10: suminf.    0.86953 (3) obj. 1.67472e+06 iterations 0
Cbc0038I Pass  11: suminf.    0.91424 (4) obj. 1.67472e+06 iterations 16
Cbc0038I Pass  12: suminf.    0.46874 (3) obj. 1.67472e+06 iterations 1
Cbc0038I Pass  13: suminf.    0.86953 (3) obj. 1.67472e+06 iterations 14
Cbc0038I Pass  14: suminf.    0.90874 (3) obj. 1.67472e+06 iterations 4
Cbc0038I Pass  15: suminf.    0.90874 (3) obj. 1.67472e+06 iterations 0
Cbc0038I Pass  16: suminf.    0.86953 (3) obj. 1.67472e+06 iterations 5
Cbc0038I Pass  17: suminf.    0.86953 (3) obj. 1.67472e+06 iterations 0
Cbc0038I Pass  18: suminf.    1.17153 (4) obj. 1.67472e+06 iterations 6
Cbc0038I Pass  19: suminf.    1.17153 (4) obj. 1.67472e+06 iterations 1
Cbc0038I Pass  20: suminf.    0.90874 (3) obj. 1.67472e+06 iterations 5
Cbc0038I Pass  21: suminf.    0.90874 (3) obj. 1.67472e+06 iterations 0
Cbc0038I Pass  22: suminf.    0.86953 (3) obj. 1.67472e+06 iterations 5
Cbc0038I Pass  23: suminf.    0.86953 (3) obj. 1.67472e+06 iterations 0
Cbc0038I Pass  24: suminf.    0.87714 (4) obj. 1.67472e+06 iterations 7
Cbc0038I Pass  25: suminf.    0.87714 (4) obj. 1.67472e+06 iterations 1
Cbc0038I Pass  26: suminf.    0.90874 (3) obj. 1.67472e+06 iterations 7
Cbc0038I Pass  27: suminf.    0.90874 (3) obj. 1.67472e+06 iterations 0
Cbc0038I Pass  28: suminf.    0.86953 (3) obj. 1.67472e+06 iterations 8
Cbc0038I Pass  29: suminf.    0.86953 (3) obj. 1.67472e+06 iterations 0
Cbc0038I Pass  30: suminf.    2.52636 (8) obj. 1.67472e+06 iterations 13
Cbc0038I Pass  31: suminf.    1.75786 (6) obj. 1.67472e+06 iterations 6
Cbc0038I Pass  32: suminf.    0.54203 (2) obj. 1.67472e+06 iterations 13
Cbc0038I Pass  33: suminf.    0.54203 (2) obj. 1.67472e+06 iterations 0
Cbc0038I No solution found this major pass
Cbc0038I Before mini branch and bound, 6 integers at bound fixed and 68 continuous
Cbc0038I Full problem 112 rows 155 columns, reduced to 18 rows 24 columns
Cbc0038I Mini branch and bound improved solution from 1.67475e+06 to 1.67474e+06 (0.03 seconds)
Cbc0038I Round again with cutoff of 1.67467e+06
Cbc0038I Pass  33: suminf.    1.43198 (5) obj. 1.67467e+06 iterations 1
Cbc0038I Pass  34: suminf.    1.42006 (6) obj. 1.67467e+06 iterations 2
Cbc0038I Pass  35: suminf.    1.06581 (4) obj. 1.67467e+06 iterations 14
Cbc0038I Pass  36: suminf.    1.06581 (4) obj. 1.67467e+06 iterations 1
Cbc0038I Pass  37: suminf.    1.07171 (5) obj. 1.67467e+06 iterations 7
Cbc0038I Pass  38: suminf.    1.06581 (5) obj. 1.67467e+06 iterations 1
Cbc0038I Pass  39: suminf.    1.06581 (4) obj. 1.67467e+06 iterations 9
Cbc0038I Pass  40: suminf.    1.81331 (6) obj. 1.67467e+06 iterations 13
Cbc0038I Pass  41: suminf.    1.36781 (5) obj. 1.67467e+06 iterations 4
Cbc0038I Pass  42: suminf.    1.07171 (5) obj. 1.67467e+06 iterations 8
Cbc0038I Pass  43: suminf.    1.06581 (5) obj. 1.67467e+06 iterations 1
Cbc0038I Pass  44: suminf.    1.06581 (4) obj. 1.67467e+06 iterations 9
Cbc0038I Pass  45: suminf.    1.06581 (4) obj. 1.67467e+06 iterations 1
Cbc0038I Pass  46: suminf.    1.06581 (4) obj. 1.67467e+06 iterations 7
Cbc0038I Pass  47: suminf.    1.06581 (4) obj. 1.67467e+06 iterations 3
Cbc0038I Pass  48: suminf.    1.07171 (5) obj. 1.67467e+06 iterations 7
Cbc0038I Pass  49: suminf.    1.06581 (5) obj. 1.67467e+06 iterations 1
Cbc0038I Pass  50: suminf.    1.06581 (4) obj. 1.67467e+06 iterations 9
Cbc0038I Pass  51: suminf.    0.99265 (4) obj. 1.67467e+06 iterations 6
Cbc0038I Pass  52: suminf.    0.34956 (3) obj. 1.67467e+06 iterations 5
Cbc0038I Pass  53: suminf.    0.75035 (2) obj. 1.67467e+06 iterations 3
Cbc0038I Pass  54: suminf.    0.75035 (2) obj. 1.67467e+06 iterations 0
Cbc0038I Pass  55: suminf.    0.76015 (3) obj. 1.67467e+06 iterations 3
Cbc0038I Pass  56: suminf.    1.50765 (5) obj. 1.67467e+06 iterations 6
Cbc0038I Pass  57: suminf.    0.65156 (4) obj. 1.67467e+06 iterations 2
Cbc0038I Pass  58: suminf.    0.75035 (2) obj. 1.67467e+06 iterations 4
Cbc0038I Pass  59: suminf.    0.75035 (2) obj. 1.67467e+06 iterations 0
Cbc0038I Pass  60: suminf.    0.76015 (3) obj. 1.67467e+06 iterations 3
Cbc0038I Pass  61: suminf.    0.34956 (3) obj. 1.67467e+06 iterations 1
Cbc0038I Pass  62: suminf.    0.34956 (3) obj. 1.67467e+06 iterations 2
Cbc0038I No solution found this major pass
Cbc0038I Before mini branch and bound, 6 integers at bound fixed and 68 continuous
Cbc0038I Full problem 112 rows 155 columns, reduced to 18 rows 24 columns
Cbc0038I Mini branch and bound did not improve solution (0.04 seconds)
Cbc0038I After 0.04 seconds - Feasibility pump exiting with objective of 1.67474e+06 - took 0.03 seconds
Cbc0012I Integer solution of 1674737.8 found by feasibility pump after 0 iterations and 0 nodes (0.04 seconds)
Cbc0038I Full problem 112 rows 155 columns, reduced to 75 rows 115 columns
Cbc0031I 6 added rows had average density of 7.6666667
Cbc0013I At root node, 6 cuts changed objective from 1674570.9 to 1674737.8 in 11 passes
Cbc0014I Cut generator 0 (Probing) - 1 row cuts average 2.0 elements, 5 column cuts (5 active)  in 0.003 seconds - new frequency is 1
Cbc0014I Cut generator 1 (Gomory) - 23 row cuts average 18.9 elements, 0 column cuts (0 active)  in 0.000 seconds - new frequency is 1
Cbc0014I Cut generator 2 (Knapsack) - 0 row cuts average 0.0 elements, 0 column cuts (0 active)  in 0.003 seconds - new frequency is -100
Cbc0014I Cut generator 3 (Clique) - 0 row cuts average 0.0 elements, 0 column cuts (0 active)  in 0.000 seconds - new frequency is -100
Cbc0014I Cut generator 4 (MixedIntegerRounding2) - 5 row cuts average 3.8 elements, 0 column cuts (0 active)  in 0.000 seconds - new frequency is 1
Cbc0014I Cut generator 5 (FlowCover) - 0 row cuts average 0.0 elements, 0 column cuts (0 active)  in 0.002 seconds - new frequency is -100
Cbc0014I Cut generator 6 (TwoMirCuts) - 17 row cuts average 11.2 elements, 0 column cuts (0 active)  in 0.000 seconds - new frequency is -100
Cbc0001I Search completed - best objective 1674737.802499711, took 64 iterations and 0 nodes (0.06 seconds)
Cbc0032I Strong branching done 2 times (7 iterations), fathomed 1 nodes and fixed 0 variables
Cbc0035I Maximum depth 0, 0 variables fixed on reduced cost
Cuts at root node changed objective from 1.67457e+06 to 1.67474e+06
Probing was tried 11 times and created 6 cuts of which 0 were active after adding rounds of cuts (0.003 seconds)
Gomory was tried 11 times and created 23 cuts of which 0 were active after adding rounds of cuts (0.000 seconds)
Knapsack was tried 11 times and created 0 cuts of which 0 were active after adding rounds of cuts (0.003 seconds)
Clique was tried 11 times and created 0 cuts of which 0 were active after adding rounds of cuts (0.000 seconds)
MixedIntegerRounding2 was tried 11 times and created 5 cuts of which 0 were active after adding rounds of cuts (0.000 seconds)
FlowCover was tried 11 times and created 0 cuts of which 0 were active after adding rounds of cuts (0.002 seconds)
TwoMirCuts was tried 11 times and created 17 cuts of which 0 were active after adding rounds of cuts (0.000 seconds)
ZeroHalf was tried 1 times and created 0 cuts of which 0 were active after adding rounds of cuts (0.000 seconds)

Result - Optimal solution found

Objective value:                1674737.80249971
Enumerated nodes:               0
Total iterations:               64
Time (CPU seconds):             0.06
Time (Wallclock seconds):       0.06

Option for printingOptions changed from normal to all
Total time (CPU seconds):       0.09   (Wallclock seconds):       0.09

