Welcome to the CBC MILP Solver 
Version: 2.10.3 
Build Date: Dec 15 2019 

command line - E:\dachuang\.venv\Lib\site-packages\pulp\apis\../solverdir/cbc/win/i64/cbc.exe model.mps -primalTolerance 1e-9 -integerTolerance 1e-9 -ratioGap 0 -allowableGap 0 -threads 0 -branch -printingOptions all -solution solution.txt -saveSolution solution.bin -quit (default strategy 1)
At line 2 NAME          MODEL
At line 3 ROWS
At line 317 COLUMNS
At line 1133 RHS
At line 1446 BOUNDS
At line 1521 ENDATA
Problem MODEL has 312 rows, 241 columns and 647 elements
Coin0008I MODEL read with 0 errors
primalTolerance was changed from 1e-07 to 1e-09
integerTolerance was changed from 1e-07 to 1e-09
ratioGap was changed from 0 to 0
allowableGap was changed from 1e-10 to 0
Continuous objective value is 3.94503e+06 - 0.00 seconds
Cgl0004I processed model has 109 rows, 146 columns (24 integer (24 of which binary)) and 309 elements
Cbc0038I Initial state - 5 integers unsatisfied sum - 0.873154
Cbc0038I Pass   1: suminf.    0.00000 (0) obj. 3.97621e+06 iterations 13
Cbc0038I Solution found of 3.97621e+06
Cbc0038I Relaxing continuous gives 3.9756e+06
Cbc0038I Before mini branch and bound, 19 integers at bound fixed and 87 continuous
Cbc0038I Full problem 109 rows 146 columns, reduced to 2 rows 4 columns
Cbc0038I Mini branch and bound improved solution from 3.9756e+06 to 3.94518e+06 (0.01 seconds)
Cbc0038I Freeing continuous variables gives a solution of 3.94518e+06
Cbc0038I Round again with cutoff of 3.94517e+06
Cbc0038I Pass   2: suminf.    0.24138 (2) obj. 3.94517e+06 iterations 3
Cbc0038I Pass   3: suminf.    0.53142 (2) obj. 3.94517e+06 iterations 9
Cbc0038I Pass   4: suminf.    0.31688 (2) obj. 3.94517e+06 iterations 7
Cbc0038I Pass   5: suminf.    0.06588 (1) obj. 3.94517e+06 iterations 1
Cbc0038I Pass   6: suminf.    0.53142 (2) obj. 3.94517e+06 iterations 7
Cbc0038I Pass   7: suminf.    0.31688 (2) obj. 3.94517e+06 iterations 4
Cbc0038I Pass   8: suminf.    0.06588 (1) obj. 3.94517e+06 iterations 1
Cbc0038I Pass   9: suminf.    0.53142 (2) obj. 3.94517e+06 iterations 5
Cbc0038I Pass  10: suminf.    0.44142 (3) obj. 3.94517e+06 iterations 6
Cbc0038I Pass  11: suminf.    0.44142 (3) obj. 3.94517e+06 iterations 1
Cbc0038I Pass  12: suminf.    0.90408 (4) obj. 3.94517e+06 iterations 8
Cbc0038I Pass  13: suminf.    0.06588 (1) obj. 3.94517e+06 iterations 9
Cbc0038I Pass  14: suminf.    0.53142 (2) obj. 3.94517e+06 iterations 7
Cbc0038I Pass  15: suminf.    0.31688 (2) obj. 3.94517e+06 iterations 7
Cbc0038I Pass  16: suminf.    0.40310 (2) obj. 3.94517e+06 iterations 18
Cbc0038I Pass  17: suminf.    0.40310 (2) obj. 3.94517e+06 iterations 1
Cbc0038I Pass  18: suminf.    0.56308 (2) obj. 3.94517e+06 iterations 9
Cbc0038I Pass  19: suminf.    0.00000 (0) obj. 3.94517e+06 iterations 5
Cbc0038I Solution found of 3.94517e+06
Cbc0038I Relaxing continuous gives 3.94509e+06
Cbc0038I Before mini branch and bound, 8 integers at bound fixed and 78 continuous
Cbc0038I Full problem 109 rows 146 columns, reduced to 23 rows 31 columns
Cbc0038I Mini branch and bound improved solution from 3.94509e+06 to 3.94507e+06 (0.02 seconds)
Cbc0038I Round again with cutoff of 3.94506e+06
Cbc0038I Pass  20: suminf.    0.72240 (6) obj. 3.94506e+06 iterations 7
Cbc0038I Pass  21: suminf.    0.85319 (3) obj. 3.94506e+06 iterations 12
Cbc0038I Pass  22: suminf.    0.85319 (3) obj. 3.94506e+06 iterations 1
Cbc0038I Pass  23: suminf.    0.14000 (1) obj. 3.94506e+06 iterations 8
Cbc0038I Pass  24: suminf.    0.03873 (2) obj. 3.94506e+06 iterations 5
Cbc0038I Pass  25: suminf.    0.45701 (3) obj. 3.94506e+06 iterations 7
Cbc0038I Pass  26: suminf.    0.45240 (4) obj. 3.94506e+06 iterations 3
Cbc0038I Pass  27: suminf.    0.89655 (4) obj. 3.94506e+06 iterations 13
Cbc0038I Pass  28: suminf.    0.89655 (4) obj. 3.94506e+06 iterations 1
Cbc0038I Pass  29: suminf.    0.89655 (4) obj. 3.94506e+06 iterations 5
Cbc0038I Pass  30: suminf.    0.45701 (3) obj. 3.94506e+06 iterations 14
Cbc0038I Pass  31: suminf.    0.45240 (4) obj. 3.94506e+06 iterations 1
Cbc0038I Pass  32: suminf.    0.89655 (4) obj. 3.94506e+06 iterations 9
Cbc0038I Pass  33: suminf.    0.89655 (4) obj. 3.94506e+06 iterations 1
Cbc0038I Pass  34: suminf.    1.12319 (5) obj. 3.94506e+06 iterations 16
Cbc0038I Pass  35: suminf.    1.12319 (5) obj. 3.94506e+06 iterations 1
Cbc0038I Pass  36: suminf.    0.93985 (4) obj. 3.94506e+06 iterations 5
Cbc0038I Pass  37: suminf.    0.03873 (2) obj. 3.94506e+06 iterations 14
Cbc0038I Pass  38: suminf.    0.84524 (3) obj. 3.94506e+06 iterations 6
Cbc0038I Pass  39: suminf.    0.48331 (3) obj. 3.94506e+06 iterations 8
Cbc0038I Pass  40: suminf.    0.21319 (2) obj. 3.94506e+06 iterations 7
Cbc0038I Pass  41: suminf.    0.14000 (1) obj. 3.94506e+06 iterations 2
Cbc0038I Pass  42: suminf.    0.03769 (1) obj. 3.94506e+06 iterations 1
Cbc0038I Pass  43: suminf.    0.31550 (2) obj. 3.94506e+06 iterations 11
Cbc0038I Pass  44: suminf.    0.21423 (3) obj. 3.94506e+06 iterations 4
Cbc0038I Pass  45: suminf.    0.84524 (3) obj. 3.94506e+06 iterations 7
Cbc0038I Pass  46: suminf.    0.03873 (2) obj. 3.94506e+06 iterations 8
Cbc0038I Pass  47: suminf.    0.21331 (2) obj. 3.94506e+06 iterations 7
Cbc0038I Pass  48: suminf.    0.03769 (1) obj. 3.94506e+06 iterations 1
Cbc0038I Pass  49: suminf.    0.14000 (1) obj. 3.94506e+06 iterations 1
Cbc0038I No solution found this major pass
Cbc0038I Before mini branch and bound, 5 integers at bound fixed and 71 continuous
Cbc0038I Full problem 109 rows 146 columns, reduced to 23 rows 31 columns
Cbc0038I Mini branch and bound did not improve solution (0.04 seconds)
Cbc0038I After 0.04 seconds - Feasibility pump exiting with objective of 3.94507e+06 - took 0.03 seconds
Cbc0012I Integer solution of 3945070.6 found by feasibility pump after 0 iterations and 0 nodes (0.04 seconds)
Cbc0038I Full problem 109 rows 146 columns, reduced to 59 rows 89 columns
Cbc0031I 5 added rows had average density of 16.8
Cbc0013I At root node, 5 cuts changed objective from 3945031.1 to 3945051.6 in 23 passes
Cbc0014I Cut generator 0 (Probing) - 3 row cuts average 2.0 elements, 2 column cuts (2 active)  in 0.002 seconds - new frequency is 1
Cbc0014I Cut generator 1 (Gomory) - 36 row cuts average 26.6 elements, 0 column cuts (0 active)  in 0.001 seconds - new frequency is 1
Cbc0014I Cut generator 2 (Knapsack) - 0 row cuts average 0.0 elements, 0 column cuts (0 active)  in 0.004 seconds - new frequency is -100
Cbc0014I Cut generator 3 (Clique) - 0 row cuts average 0.0 elements, 0 column cuts (0 active)  in 0.000 seconds - new frequency is -100
Cbc0014I Cut generator 4 (MixedIntegerRounding2) - 7 row cuts average 4.3 elements, 0 column cuts (0 active)  in 0.001 seconds - new frequency is 1
Cbc0014I Cut generator 5 (FlowCover) - 0 row cuts average 0.0 elements, 0 column cuts (0 active)  in 0.002 seconds - new frequency is -100
Cbc0014I Cut generator 6 (TwoMirCuts) - 16 row cuts average 13.2 elements, 0 column cuts (0 active)  in 0.001 seconds - new frequency is -100
Cbc0010I After 0 nodes, 1 on tree, 3945070.6 best solution, best possible 3945051.7 (0.07 seconds)
Cbc0001I Search completed - best objective 3945070.580499824, took 157 iterations and 4 nodes (0.08 seconds)
Cbc0032I Strong branching done 26 times (104 iterations), fathomed 3 nodes and fixed 3 variables
Cbc0035I Maximum depth 1, 1 variables fixed on reduced cost
Cuts at root node changed objective from 3.94503e+06 to 3.94505e+06
Probing was tried 32 times and created 5 cuts of which 0 were active after adding rounds of cuts (0.004 seconds)
Gomory was tried 32 times and created 45 cuts of which 0 were active after adding rounds of cuts (0.002 seconds)
Knapsack was tried 23 times and created 0 cuts of which 0 were active after adding rounds of cuts (0.004 seconds)
Clique was tried 23 times and created 0 cuts of which 0 were active after adding rounds of cuts (0.000 seconds)
MixedIntegerRounding2 was tried 32 times and created 7 cuts of which 0 were active after adding rounds of cuts (0.001 seconds)
FlowCover was tried 23 times and created 0 cuts of which 0 were active after adding rounds of cuts (0.002 seconds)
TwoMirCuts was tried 23 times and created 16 cuts of which 0 were active after adding rounds of cuts (0.001 seconds)
ZeroHalf was tried 1 times and created 0 cuts of which 0 were active after adding rounds of cuts (0.000 seconds)

Result - Optimal solution found

Objective value:                3945070.58049982
Enumerated nodes:               4
Total iterations:               157
Time (CPU seconds):             0.09
Time (Wallclock seconds):       0.09

Option for printingOptions changed from normal to all
Total time (CPU seconds):       0.12   (Wallclock seconds):       0.12

