Welcome to the CBC MILP Solver 
Version: 2.10.3 
Build Date: Dec 15 2019 

command line - E:\dachuang\.venv\Lib\site-packages\pulp\apis\../solverdir/cbc/win/i64/cbc.exe model.mps -primalTolerance 1e-9 -integerTolerance 1e-9 -ratioGap 0 -allowableGap 0 -threads 0 -branch -printingOptions all -solution solution.txt -saveSolution solution.bin -quit (default strategy 1)
At line 2 NAME          MODEL
At line 3 ROWS
At line 317 COLUMNS
At line 1133 RHS
At line 1446 BOUNDS
At line 1521 ENDATA
Problem MODEL has 312 rows, 241 columns and 647 elements
Coin0008I MODEL read with 0 errors
primalTolerance was changed from 1e-07 to 1e-09
integerTolerance was changed from 1e-07 to 1e-09
ratioGap was changed from 0 to 0
allowableGap was changed from 1e-10 to 0
Continuous objective value is 2.5907e+06 - 0.00 seconds
Cgl0004I processed model has 112 rows, 150 columns (24 integer (24 of which binary)) and 322 elements
Cbc0038I Initial state - 6 integers unsatisfied sum - 1.39332
Cbc0038I Pass   1: suminf.    0.00000 (0) obj. 2.59095e+06 iterations 14
Cbc0038I Solution found of 2.59095e+06
Cbc0038I Relaxing continuous gives 2.59095e+06
Cbc0038I Before mini branch and bound, 18 integers at bound fixed and 85 continuous
Cbc0038I Full problem 112 rows 150 columns, reduced to 1 rows 2 columns
Cbc0038I Mini branch and bound did not improve solution (0.01 seconds)
Cbc0038I Round again with cutoff of 2.59092e+06
Cbc0038I Pass   2: suminf.    0.10479 (1) obj. 2.59092e+06 iterations 2
Cbc0038I Pass   3: suminf.    0.27004 (1) obj. 2.59092e+06 iterations 13
Cbc0038I Pass   4: suminf.    0.15554 (1) obj. 2.59092e+06 iterations 6
Cbc0038I Pass   5: suminf.    0.72996 (2) obj. 2.59092e+06 iterations 8
Cbc0038I Pass   6: suminf.    0.15554 (1) obj. 2.59092e+06 iterations 7
Cbc0038I Pass   7: suminf.    0.27004 (1) obj. 2.59092e+06 iterations 1
Cbc0038I Pass   8: suminf.    0.58583 (2) obj. 2.59092e+06 iterations 9
Cbc0038I Pass   9: suminf.    0.27004 (1) obj. 2.59092e+06 iterations 1
Cbc0038I Pass  10: suminf.    0.15554 (1) obj. 2.59092e+06 iterations 6
Cbc0038I Pass  11: suminf.    0.47271 (1) obj. 2.59092e+06 iterations 19
Cbc0038I Pass  12: suminf.    0.00000 (0) obj. 2.59092e+06 iterations 2
Cbc0038I Solution found of 2.59092e+06
Cbc0038I Relaxing continuous gives 2.59081e+06
Cbc0038I Before mini branch and bound, 8 integers at bound fixed and 63 continuous
Cbc0038I Full problem 112 rows 150 columns, reduced to 19 rows 26 columns
Cbc0038I Mini branch and bound did not improve solution (0.02 seconds)
Cbc0038I Freeing continuous variables gives a solution of 2.59081e+06
Cbc0038I Round again with cutoff of 2.59079e+06
Cbc0038I Pass  13: suminf.    0.67159 (3) obj. 2.59079e+06 iterations 3
Cbc0038I Pass  14: suminf.    1.10468 (4) obj. 2.59079e+06 iterations 13
Cbc0038I Pass  15: suminf.    0.71177 (4) obj. 2.59079e+06 iterations 3
Cbc0038I Pass  16: suminf.    0.71177 (4) obj. 2.59079e+06 iterations 0
Cbc0038I Pass  17: suminf.    0.91943 (3) obj. 2.59079e+06 iterations 9
Cbc0038I Pass  18: suminf.    0.87606 (2) obj. 2.59079e+06 iterations 2
Cbc0038I Pass  19: suminf.    0.87606 (2) obj. 2.59079e+06 iterations 3
Cbc0038I Pass  20: suminf.    0.70118 (2) obj. 2.59079e+06 iterations 4
Cbc0038I Pass  21: suminf.    0.67159 (3) obj. 2.59079e+06 iterations 4
Cbc0038I Pass  22: suminf.    1.10468 (4) obj. 2.59079e+06 iterations 13
Cbc0038I Pass  23: suminf.    0.71177 (4) obj. 2.59079e+06 iterations 3
Cbc0038I Pass  24: suminf.    0.71177 (4) obj. 2.59079e+06 iterations 0
Cbc0038I Pass  25: suminf.    0.91943 (3) obj. 2.59079e+06 iterations 9
Cbc0038I Pass  26: suminf.    0.87606 (2) obj. 2.59079e+06 iterations 2
Cbc0038I Pass  27: suminf.    0.87606 (2) obj. 2.59079e+06 iterations 3
Cbc0038I Pass  28: suminf.    0.70118 (2) obj. 2.59079e+06 iterations 4
Cbc0038I Pass  29: suminf.    0.67159 (3) obj. 2.59079e+06 iterations 4
Cbc0038I Pass  30: suminf.    1.10468 (4) obj. 2.59079e+06 iterations 11
Cbc0038I Pass  31: suminf.    0.71177 (4) obj. 2.59079e+06 iterations 3
Cbc0038I Pass  32: suminf.    0.71177 (4) obj. 2.59079e+06 iterations 0
Cbc0038I Pass  33: suminf.    0.91943 (3) obj. 2.59079e+06 iterations 9
Cbc0038I Pass  34: suminf.    0.87606 (2) obj. 2.59079e+06 iterations 2
Cbc0038I Pass  35: suminf.    0.87606 (2) obj. 2.59079e+06 iterations 3
Cbc0038I Pass  36: suminf.    0.70118 (2) obj. 2.59079e+06 iterations 4
Cbc0038I Pass  37: suminf.    0.67159 (3) obj. 2.59079e+06 iterations 4
Cbc0038I Pass  38: suminf.    1.10468 (4) obj. 2.59079e+06 iterations 13
Cbc0038I Pass  39: suminf.    0.71177 (4) obj. 2.59079e+06 iterations 3
Cbc0038I Pass  40: suminf.    0.71177 (4) obj. 2.59079e+06 iterations 0
Cbc0038I Pass  41: suminf.    0.91943 (3) obj. 2.59079e+06 iterations 9
Cbc0038I Pass  42: suminf.    0.87606 (2) obj. 2.59079e+06 iterations 2
Cbc0038I No solution found this major pass
Cbc0038I Before mini branch and bound, 16 integers at bound fixed and 79 continuous
Cbc0038I Full problem 112 rows 150 columns, reduced to 21 rows 27 columns
Cbc0038I Mini branch and bound did not improve solution (0.03 seconds)
Cbc0038I After 0.03 seconds - Feasibility pump exiting with objective of 2.59081e+06 - took 0.03 seconds
Cbc0012I Integer solution of 2590811.7 found by feasibility pump after 0 iterations and 0 nodes (0.03 seconds)
Cbc0038I Full problem 112 rows 150 columns, reduced to 65 rows 97 columns
Cbc0031I 10 added rows had average density of 22
Cbc0013I At root node, 10 cuts changed objective from 2590702.5 to 2590789.1 in 83 passes
Cbc0014I Cut generator 0 (Probing) - 3 row cuts average 3.3 elements, 2 column cuts (2 active)  in 0.008 seconds - new frequency is 1
Cbc0014I Cut generator 1 (Gomory) - 159 row cuts average 36.7 elements, 0 column cuts (0 active)  in 0.005 seconds - new frequency is 1
Cbc0014I Cut generator 2 (Knapsack) - 0 row cuts average 0.0 elements, 0 column cuts (0 active)  in 0.015 seconds - new frequency is -100
Cbc0014I Cut generator 3 (Clique) - 0 row cuts average 0.0 elements, 0 column cuts (0 active)  in 0.001 seconds - new frequency is -100
Cbc0014I Cut generator 4 (MixedIntegerRounding2) - 3 row cuts average 7.3 elements, 0 column cuts (0 active)  in 0.007 seconds - new frequency is -100
Cbc0014I Cut generator 5 (FlowCover) - 0 row cuts average 0.0 elements, 0 column cuts (0 active)  in 0.013 seconds - new frequency is -100
Cbc0014I Cut generator 6 (TwoMirCuts) - 21 row cuts average 18.4 elements, 0 column cuts (0 active)  in 0.009 seconds - new frequency is -100
Cbc0010I After 0 nodes, 1 on tree, 2590811.7 best solution, best possible 2590789.1 (0.14 seconds)
Cbc0001I Search completed - best objective 2590811.732686773, took 559 iterations and 12 nodes (0.17 seconds)
Cbc0032I Strong branching done 40 times (120 iterations), fathomed 6 nodes and fixed 3 variables
Cbc0035I Maximum depth 2, 0 variables fixed on reduced cost
Cuts at root node changed objective from 2.5907e+06 to 2.59079e+06
Probing was tried 108 times and created 5 cuts of which 0 were active after adding rounds of cuts (0.009 seconds)
Gomory was tried 108 times and created 174 cuts of which 0 were active after adding rounds of cuts (0.006 seconds)
Knapsack was tried 83 times and created 0 cuts of which 0 were active after adding rounds of cuts (0.015 seconds)
Clique was tried 83 times and created 0 cuts of which 0 were active after adding rounds of cuts (0.001 seconds)
MixedIntegerRounding2 was tried 83 times and created 3 cuts of which 0 were active after adding rounds of cuts (0.007 seconds)
FlowCover was tried 83 times and created 0 cuts of which 0 were active after adding rounds of cuts (0.013 seconds)
TwoMirCuts was tried 83 times and created 21 cuts of which 0 were active after adding rounds of cuts (0.009 seconds)
ZeroHalf was tried 1 times and created 0 cuts of which 0 were active after adding rounds of cuts (0.000 seconds)

Result - Optimal solution found

Objective value:                2590811.73268677
Enumerated nodes:               12
Total iterations:               559
Time (CPU seconds):             0.17
Time (Wallclock seconds):       0.17

Option for printingOptions changed from normal to all
Total time (CPU seconds):       0.20   (Wallclock seconds):       0.20

