Welcome to the CBC MILP Solver 
Version: 2.10.3 
Build Date: Dec 15 2019 

command line - E:\dachuang\.venv\Lib\site-packages\pulp\apis\../solverdir/cbc/win/i64/cbc.exe model.mps -primalTolerance 1e-9 -integerTolerance 1e-9 -ratioGap 0 -allowableGap 0 -threads 0 -branch -printingOptions all -solution solution.txt -saveSolution solution.bin -quit (default strategy 1)
At line 2 NAME          MODEL
At line 3 ROWS
At line 317 COLUMNS
At line 1133 RHS
At line 1446 BOUNDS
At line 1521 ENDATA
Problem MODEL has 312 rows, 241 columns and 647 elements
Coin0008I MODEL read with 0 errors
primalTolerance was changed from 1e-07 to 1e-09
integerTolerance was changed from 1e-07 to 1e-09
ratioGap was changed from 0 to 0
allowableGap was changed from 1e-10 to 0
Continuous objective value is 1.38587e+06 - 0.00 seconds
Cgl0004I processed model has 114 rows, 158 columns (24 integer (24 of which binary)) and 336 elements
Cbc0038I Initial state - 9 integers unsatisfied sum - 2.09665
Cbc0038I Pass   1: suminf.    0.00000 (0) obj. 1.48362e+06 iterations 18
Cbc0038I Solution found of 1.48362e+06
Cbc0038I Relaxing continuous gives 1.47845e+06
Cbc0038I Before mini branch and bound, 15 integers at bound fixed and 83 continuous
Cbc0038I Full problem 114 rows 158 columns, reduced to 7 rows 10 columns
Cbc0038I Mini branch and bound improved solution from 1.47845e+06 to 1.38616e+06 (0.01 seconds)
Cbc0038I Round again with cutoff of 1.38613e+06
Cbc0038I Pass   2: suminf.    0.65734 (4) obj. 1.38613e+06 iterations 9
Cbc0038I Pass   3: suminf.    0.00000 (0) obj. 1.38613e+06 iterations 11
Cbc0038I Solution found of 1.38613e+06
Cbc0038I Relaxing continuous gives 1.38612e+06
Cbc0038I Before mini branch and bound, 15 integers at bound fixed and 83 continuous
Cbc0038I Full problem 114 rows 158 columns, reduced to 12 rows 16 columns
Cbc0038I Mini branch and bound improved solution from 1.38612e+06 to 1.38612e+06 (0.02 seconds)
Cbc0038I Round again with cutoff of 1.38607e+06
Cbc0038I Pass   4: suminf.    0.91941 (4) obj. 1.38607e+06 iterations 0
Cbc0038I Pass   5: suminf.    0.23863 (1) obj. 1.38607e+06 iterations 11
Cbc0038I Pass   6: suminf.    0.38691 (1) obj. 1.38607e+06 iterations 1
Cbc0038I Pass   7: suminf.    0.84942 (4) obj. 1.38607e+06 iterations 12
Cbc0038I Pass   8: suminf.    0.53363 (3) obj. 1.38607e+06 iterations 1
Cbc0038I Pass   9: suminf.    0.45037 (2) obj. 1.38607e+06 iterations 7
Cbc0038I Pass  10: suminf.    0.33063 (2) obj. 1.38607e+06 iterations 2
Cbc0038I Pass  11: suminf.    0.77921 (3) obj. 1.38607e+06 iterations 10
Cbc0038I Pass  12: suminf.    0.45037 (2) obj. 1.38607e+06 iterations 7
Cbc0038I Pass  13: suminf.    0.33063 (2) obj. 1.38607e+06 iterations 2
Cbc0038I Pass  14: suminf.    1.00492 (5) obj. 1.38607e+06 iterations 10
Cbc0038I Pass  15: suminf.    0.38913 (3) obj. 1.38607e+06 iterations 2
Cbc0038I Pass  16: suminf.    0.23863 (1) obj. 1.38607e+06 iterations 3
Cbc0038I Pass  17: suminf.    0.38691 (1) obj. 1.38607e+06 iterations 1
Cbc0038I Pass  18: suminf.    0.62349 (4) obj. 1.38607e+06 iterations 10
Cbc0038I Pass  19: suminf.    0.23863 (1) obj. 1.38607e+06 iterations 9
Cbc0038I Pass  20: suminf.    0.38691 (1) obj. 1.38607e+06 iterations 1
Cbc0038I Pass  21: suminf.    1.39742 (5) obj. 1.38607e+06 iterations 14
Cbc0038I Pass  22: suminf.    0.60163 (3) obj. 1.38607e+06 iterations 3
Cbc0038I Pass  23: suminf.    0.45037 (2) obj. 1.38607e+06 iterations 7
Cbc0038I Pass  24: suminf.    0.33063 (2) obj. 1.38607e+06 iterations 2
Cbc0038I Pass  25: suminf.    1.88383 (6) obj. 1.38607e+06 iterations 14
Cbc0038I Pass  26: suminf.    0.90599 (4) obj. 1.38607e+06 iterations 3
Cbc0038I Pass  27: suminf.    0.48613 (1) obj. 1.38607e+06 iterations 7
Cbc0038I Pass  28: suminf.    0.38691 (1) obj. 1.38607e+06 iterations 1
Cbc0038I Pass  29: suminf.    1.18371 (5) obj. 1.38607e+06 iterations 17
Cbc0038I Pass  30: suminf.    1.04792 (4) obj. 1.38607e+06 iterations 1
Cbc0038I Pass  31: suminf.    0.48613 (1) obj. 1.38607e+06 iterations 8
Cbc0038I Pass  32: suminf.    0.38691 (1) obj. 1.38607e+06 iterations 1
Cbc0038I Pass  33: suminf.    0.39634 (2) obj. 1.38607e+06 iterations 7
Cbc0038I No solution found this major pass
Cbc0038I Before mini branch and bound, 3 integers at bound fixed and 71 continuous
Cbc0038I Full problem 114 rows 158 columns, reduced to 16 rows 21 columns
Cbc0038I Mini branch and bound did not improve solution (0.03 seconds)
Cbc0038I After 0.03 seconds - Feasibility pump exiting with objective of 1.38612e+06 - took 0.02 seconds
Cbc0012I Integer solution of 1386115.3 found by feasibility pump after 0 iterations and 0 nodes (0.03 seconds)
Cbc0038I Full problem 114 rows 158 columns, reduced to 74 rows 116 columns
Cbc0031I 10 added rows had average density of 21.1
Cbc0013I At root node, 10 cuts changed objective from 1385865.4 to 1386115 in 94 passes
Cbc0014I Cut generator 0 (Probing) - 1 row cuts average 2.0 elements, 6 column cuts (6 active)  in 0.012 seconds - new frequency is 1
Cbc0014I Cut generator 1 (Gomory) - 223 row cuts average 32.5 elements, 0 column cuts (0 active)  in 0.011 seconds - new frequency is 1
Cbc0014I Cut generator 2 (Knapsack) - 0 row cuts average 0.0 elements, 0 column cuts (0 active)  in 0.018 seconds - new frequency is -100
Cbc0014I Cut generator 3 (Clique) - 0 row cuts average 0.0 elements, 0 column cuts (0 active)  in 0.000 seconds - new frequency is -100
Cbc0014I Cut generator 4 (MixedIntegerRounding2) - 3 row cuts average 4.3 elements, 0 column cuts (0 active)  in 0.004 seconds - new frequency is -100
Cbc0014I Cut generator 5 (FlowCover) - 0 row cuts average 0.0 elements, 0 column cuts (0 active)  in 0.021 seconds - new frequency is -100
Cbc0014I Cut generator 6 (TwoMirCuts) - 15 row cuts average 15.6 elements, 0 column cuts (0 active)  in 0.004 seconds - new frequency is -100
Cbc0010I After 0 nodes, 1 on tree, 1386115.3 best solution, best possible 1386115 (0.15 seconds)
Cbc0001I Search completed - best objective 1386115.33418396, took 527 iterations and 2 nodes (0.15 seconds)
Cbc0032I Strong branching done 10 times (42 iterations), fathomed 1 nodes and fixed 3 variables
Cbc0035I Maximum depth 0, 0 variables fixed on reduced cost
Cuts at root node changed objective from 1.38587e+06 to 1.38612e+06
Probing was tried 95 times and created 7 cuts of which 0 were active after adding rounds of cuts (0.012 seconds)
Gomory was tried 95 times and created 223 cuts of which 0 were active after adding rounds of cuts (0.011 seconds)
Knapsack was tried 94 times and created 0 cuts of which 0 were active after adding rounds of cuts (0.018 seconds)
Clique was tried 94 times and created 0 cuts of which 0 were active after adding rounds of cuts (0.000 seconds)
MixedIntegerRounding2 was tried 94 times and created 3 cuts of which 0 were active after adding rounds of cuts (0.004 seconds)
FlowCover was tried 94 times and created 0 cuts of which 0 were active after adding rounds of cuts (0.021 seconds)
TwoMirCuts was tried 94 times and created 15 cuts of which 0 were active after adding rounds of cuts (0.004 seconds)
ZeroHalf was tried 1 times and created 0 cuts of which 0 were active after adding rounds of cuts (0.000 seconds)

Result - Optimal solution found

Objective value:                1386115.33418396
Enumerated nodes:               2
Total iterations:               527
Time (CPU seconds):             0.16
Time (Wallclock seconds):       0.16

Option for printingOptions changed from normal to all
Total time (CPU seconds):       0.18   (Wallclock seconds):       0.18

