Welcome to the CBC MILP Solver 
Version: 2.10.3 
Build Date: Dec 15 2019 

command line - E:\dachuang\.venv\Lib\site-packages\pulp\apis\../solverdir/cbc/win/i64/cbc.exe model.mps -primalTolerance 1e-9 -integerTolerance 1e-9 -ratioGap 0 -allowableGap 0 -threads 0 -branch -printingOptions all -solution solution.txt -saveSolution solution.bin -quit (default strategy 1)
At line 2 NAME          MODEL
At line 3 ROWS
At line 317 COLUMNS
At line 1133 RHS
At line 1446 BOUNDS
At line 1521 ENDATA
Problem MODEL has 312 rows, 241 columns and 647 elements
Coin0008I MODEL read with 0 errors
primalTolerance was changed from 1e-07 to 1e-09
integerTolerance was changed from 1e-07 to 1e-09
ratioGap was changed from 0 to 0
allowableGap was changed from 1e-10 to 0
Continuous objective value is 1.2244e+06 - 0.00 seconds
Cgl0004I processed model has 115 rows, 158 columns (24 integer (24 of which binary)) and 339 elements
Cbc0038I Initial state - 10 integers unsatisfied sum - 2.60747
Cbc0038I Pass   1: suminf.    0.00000 (0) obj. 1.23972e+06 iterations 17
Cbc0038I Solution found of 1.23972e+06
Cbc0038I Relaxing continuous gives 1.23562e+06
Cbc0038I Before mini branch and bound, 14 integers at bound fixed and 81 continuous
Cbc0038I Full problem 115 rows 158 columns, reduced to 4 rows 5 columns
Cbc0038I Mini branch and bound improved solution from 1.23562e+06 to 1.22474e+06 (0.01 seconds)
Cbc0038I Round again with cutoff of 1.22471e+06
Cbc0038I Pass   2: suminf.    0.21562 (3) obj. 1.22471e+06 iterations 6
Cbc0038I Pass   3: suminf.    0.00000 (0) obj. 1.22471e+06 iterations 10
Cbc0038I Solution found of 1.22471e+06
Cbc0038I Relaxing continuous gives 1.22465e+06
Cbc0038I Before mini branch and bound, 14 integers at bound fixed and 80 continuous
Cbc0038I Full problem 115 rows 158 columns, reduced to 11 rows 15 columns
Cbc0038I Mini branch and bound improved solution from 1.22465e+06 to 1.22457e+06 (0.02 seconds)
Cbc0038I Round again with cutoff of 1.22454e+06
Cbc0038I Pass   4: suminf.    0.56753 (4) obj. 1.22454e+06 iterations 3
Cbc0038I Pass   5: suminf.    0.55602 (4) obj. 1.22454e+06 iterations 2
Cbc0038I Pass   6: suminf.    0.16328 (2) obj. 1.22454e+06 iterations 7
Cbc0038I Pass   7: suminf.    0.48800 (2) obj. 1.22454e+06 iterations 3
Cbc0038I Pass   8: suminf.    0.95128 (3) obj. 1.22454e+06 iterations 9
Cbc0038I Pass   9: suminf.    0.95628 (3) obj. 1.22454e+06 iterations 5
Cbc0038I Pass  10: suminf.    0.95628 (2) obj. 1.22454e+06 iterations 1
Cbc0038I Pass  11: suminf.    0.88878 (3) obj. 1.22454e+06 iterations 2
Cbc0038I Pass  12: suminf.    0.88878 (2) obj. 1.22454e+06 iterations 1
Cbc0038I Pass  13: suminf.    1.98632 (6) obj. 1.22454e+06 iterations 9
Cbc0038I Pass  14: suminf.    1.23067 (4) obj. 1.22454e+06 iterations 2
Cbc0038I Pass  15: suminf.    0.95628 (3) obj. 1.22454e+06 iterations 6
Cbc0038I Pass  16: suminf.    0.95628 (2) obj. 1.22454e+06 iterations 1
Cbc0038I Pass  17: suminf.    0.88878 (3) obj. 1.22454e+06 iterations 2
Cbc0038I Pass  18: suminf.    0.88878 (2) obj. 1.22454e+06 iterations 1
Cbc0038I Pass  19: suminf.    1.08936 (4) obj. 1.22454e+06 iterations 15
Cbc0038I Pass  20: suminf.    0.89877 (3) obj. 1.22454e+06 iterations 1
Cbc0038I Pass  21: suminf.    0.69280 (3) obj. 1.22454e+06 iterations 5
Cbc0038I Pass  22: suminf.    0.69280 (3) obj. 1.22454e+06 iterations 0
Cbc0038I Pass  23: suminf.    0.89877 (3) obj. 1.22454e+06 iterations 3
Cbc0038I Pass  24: suminf.    1.12794 (6) obj. 1.22454e+06 iterations 11
Cbc0038I Pass  25: suminf.    1.12794 (6) obj. 1.22454e+06 iterations 1
Cbc0038I Pass  26: suminf.    0.40660 (2) obj. 1.22454e+06 iterations 7
Cbc0038I Pass  27: suminf.    0.40660 (2) obj. 1.22454e+06 iterations 0
Cbc0038I Pass  28: suminf.    0.16328 (2) obj. 1.22454e+06 iterations 2
Cbc0038I Pass  29: suminf.    0.16328 (2) obj. 1.22454e+06 iterations 0
Cbc0038I Pass  30: suminf.    0.91000 (5) obj. 1.22454e+06 iterations 11
Cbc0038I Pass  31: suminf.    0.91000 (5) obj. 1.22454e+06 iterations 0
Cbc0038I Pass  32: suminf.    0.40660 (2) obj. 1.22454e+06 iterations 9
Cbc0038I Pass  33: suminf.    0.40660 (2) obj. 1.22454e+06 iterations 0
Cbc0038I No solution found this major pass
Cbc0038I Before mini branch and bound, 4 integers at bound fixed and 68 continuous
Cbc0038I Full problem 115 rows 158 columns, reduced to 17 rows 23 columns
Cbc0038I Mini branch and bound did not improve solution (0.03 seconds)
Cbc0038I After 0.03 seconds - Feasibility pump exiting with objective of 1.22457e+06 - took 0.02 seconds
Cbc0012I Integer solution of 1224570.2 found by feasibility pump after 0 iterations and 0 nodes (0.03 seconds)
Cbc0038I Full problem 115 rows 158 columns, reduced to 78 rows 120 columns
Cbc0031I 13 added rows had average density of 19.461538
Cbc0013I At root node, 13 cuts changed objective from 1224399.2 to 1224556 in 100 passes
Cbc0014I Cut generator 0 (Probing) - 2 row cuts average 2.0 elements, 2 column cuts (2 active)  in 0.011 seconds - new frequency is -100
Cbc0014I Cut generator 1 (Gomory) - 271 row cuts average 40.5 elements, 0 column cuts (0 active)  in 0.011 seconds - new frequency is 1
Cbc0014I Cut generator 2 (Knapsack) - 0 row cuts average 0.0 elements, 0 column cuts (0 active)  in 0.023 seconds - new frequency is -100
Cbc0014I Cut generator 3 (Clique) - 0 row cuts average 0.0 elements, 0 column cuts (0 active)  in 0.000 seconds - new frequency is -100
Cbc0014I Cut generator 4 (MixedIntegerRounding2) - 6 row cuts average 4.3 elements, 0 column cuts (0 active)  in 0.010 seconds - new frequency is -100
Cbc0014I Cut generator 5 (FlowCover) - 0 row cuts average 0.0 elements, 0 column cuts (0 active)  in 0.021 seconds - new frequency is -100
Cbc0014I Cut generator 6 (TwoMirCuts) - 21 row cuts average 13.5 elements, 0 column cuts (0 active)  in 0.002 seconds - new frequency is -100
Cbc0001I Search completed - best objective 1224570.192228347, took 839 iterations and 0 nodes (0.18 seconds)
Cbc0032I Strong branching done 4 times (19 iterations), fathomed 1 nodes and fixed 0 variables
Cbc0035I Maximum depth 0, 0 variables fixed on reduced cost
Cuts at root node changed objective from 1.2244e+06 to 1.22467e+06
Probing was tried 100 times and created 4 cuts of which 0 were active after adding rounds of cuts (0.011 seconds)
Gomory was tried 100 times and created 271 cuts of which 0 were active after adding rounds of cuts (0.011 seconds)
Knapsack was tried 100 times and created 0 cuts of which 0 were active after adding rounds of cuts (0.023 seconds)
Clique was tried 100 times and created 0 cuts of which 0 were active after adding rounds of cuts (0.000 seconds)
MixedIntegerRounding2 was tried 100 times and created 6 cuts of which 0 were active after adding rounds of cuts (0.010 seconds)
FlowCover was tried 100 times and created 0 cuts of which 0 were active after adding rounds of cuts (0.021 seconds)
TwoMirCuts was tried 100 times and created 21 cuts of which 0 were active after adding rounds of cuts (0.002 seconds)
ZeroHalf was tried 1 times and created 0 cuts of which 0 were active after adding rounds of cuts (0.000 seconds)

Result - Optimal solution found

Objective value:                1224570.19222835
Enumerated nodes:               0
Total iterations:               839
Time (CPU seconds):             0.18
Time (Wallclock seconds):       0.18

Option for printingOptions changed from normal to all
Total time (CPU seconds):       0.21   (Wallclock seconds):       0.21

