Welcome to the CBC MILP Solver 
Version: 2.10.3 
Build Date: Dec 15 2019 

command line - E:\dachuang\.venv\Lib\site-packages\pulp\apis\../solverdir/cbc/win/i64/cbc.exe model.mps -primalTolerance 1e-9 -integerTolerance 1e-9 -ratioGap 0 -allowableGap 0 -threads 0 -branch -printingOptions all -solution solution.txt -saveSolution solution.bin -quit (default strategy 1)
At line 2 NAME          MODEL
At line 3 ROWS
At line 317 COLUMNS
At line 1133 RHS
At line 1446 BOUNDS
At line 1521 ENDATA
Problem MODEL has 312 rows, 241 columns and 647 elements
Coin0008I MODEL read with 0 errors
primalTolerance was changed from 1e-07 to 1e-09
integerTolerance was changed from 1e-07 to 1e-09
ratioGap was changed from 0 to 0
allowableGap was changed from 1e-10 to 0
Continuous objective value is 919911 - 0.00 seconds
Cgl0004I processed model has 116 rows, 163 columns (24 integer (24 of which binary)) and 347 elements
Cbc0038I Initial state - 11 integers unsatisfied sum - 3.4953
Cbc0038I Pass   1: suminf.    0.00000 (0) obj. 1.11206e+06 iterations 21
Cbc0038I Solution found of 1.11206e+06
Cbc0038I Relaxing continuous gives 1.09299e+06
Cbc0038I Before mini branch and bound, 13 integers at bound fixed and 80 continuous
Cbc0038I Full problem 116 rows 163 columns, reduced to 10 rows 14 columns
Cbc0038I Mini branch and bound improved solution from 1.09299e+06 to 920254 (0.01 seconds)
Cbc0038I Round again with cutoff of 920219
Cbc0038I Pass   2: suminf.    1.22911 (4) obj. 920219 iterations 23
Cbc0038I Pass   3: suminf.    0.00000 (0) obj. 920219 iterations 12
Cbc0038I Solution found of 920219
Cbc0038I Relaxing continuous gives 920144
Cbc0038I Before mini branch and bound, 12 integers at bound fixed and 81 continuous
Cbc0038I Full problem 116 rows 163 columns, reduced to 19 rows 25 columns
Cbc0038I Mini branch and bound improved solution from 920144 to 920021 (0.02 seconds)
Cbc0038I Round again with cutoff of 919999
Cbc0038I Pass   4: suminf.    1.74020 (6) obj. 919999 iterations 2
Cbc0038I Pass   5: suminf.    1.74020 (6) obj. 919999 iterations 4
Cbc0038I Pass   6: suminf.    0.28171 (3) obj. 919999 iterations 11
Cbc0038I Pass   7: suminf.    0.09521 (2) obj. 919999 iterations 1
Cbc0038I Pass   8: suminf.    0.58195 (4) obj. 919999 iterations 11
Cbc0038I Pass   9: suminf.    0.58195 (4) obj. 919999 iterations 1
Cbc0038I Pass  10: suminf.    0.40449 (3) obj. 919999 iterations 8
Cbc0038I Pass  11: suminf.    0.40449 (3) obj. 919999 iterations 2
Cbc0038I Pass  12: suminf.    0.28171 (3) obj. 919999 iterations 7
Cbc0038I Pass  13: suminf.    0.09521 (2) obj. 919999 iterations 1
Cbc0038I Pass  14: suminf.    0.58195 (4) obj. 919999 iterations 11
Cbc0038I Pass  15: suminf.    0.58195 (4) obj. 919999 iterations 1
Cbc0038I Pass  16: suminf.    0.40449 (3) obj. 919999 iterations 8
Cbc0038I Pass  17: suminf.    0.40449 (3) obj. 919999 iterations 2
Cbc0038I Pass  18: suminf.    0.28171 (3) obj. 919999 iterations 7
Cbc0038I Pass  19: suminf.    0.09521 (2) obj. 919999 iterations 1
Cbc0038I Pass  20: suminf.    0.58195 (4) obj. 919999 iterations 11
Cbc0038I Pass  21: suminf.    0.58195 (4) obj. 919999 iterations 1
Cbc0038I Pass  22: suminf.    0.40449 (3) obj. 919999 iterations 8
Cbc0038I Pass  23: suminf.    0.40449 (3) obj. 919999 iterations 2
Cbc0038I Pass  24: suminf.    0.28171 (3) obj. 919999 iterations 7
Cbc0038I Pass  25: suminf.    0.09521 (2) obj. 919999 iterations 1
Cbc0038I Pass  26: suminf.    0.58195 (4) obj. 919999 iterations 11
Cbc0038I Pass  27: suminf.    0.58195 (4) obj. 919999 iterations 1
Cbc0038I Pass  28: suminf.    0.40449 (3) obj. 919999 iterations 8
Cbc0038I Pass  29: suminf.    0.40449 (3) obj. 919999 iterations 2
Cbc0038I Pass  30: suminf.    0.28171 (3) obj. 919999 iterations 7
Cbc0038I Pass  31: suminf.    0.09521 (2) obj. 919999 iterations 1
Cbc0038I Pass  32: suminf.    0.58195 (4) obj. 919999 iterations 11
Cbc0038I Pass  33: suminf.    0.58195 (4) obj. 919999 iterations 1
Cbc0038I No solution found this major pass
Cbc0038I Before mini branch and bound, 11 integers at bound fixed and 78 continuous
Cbc0038I Full problem 116 rows 163 columns, reduced to 23 rows 30 columns
Cbc0038I Mini branch and bound did not improve solution (0.03 seconds)
Cbc0038I After 0.03 seconds - Feasibility pump exiting with objective of 920021 - took 0.02 seconds
Cbc0012I Integer solution of 920021.4 found by feasibility pump after 0 iterations and 0 nodes (0.03 seconds)
Cbc0038I Full problem 116 rows 163 columns, reduced to 82 rows 129 columns
Cbc0031I 13 added rows had average density of 21.461538
Cbc0013I At root node, 13 cuts changed objective from 919910.9 to 920004.44 in 100 passes
Cbc0014I Cut generator 0 (Probing) - 4 row cuts average 2.5 elements, 3 column cuts (3 active)  in 0.011 seconds - new frequency is 1
Cbc0014I Cut generator 1 (Gomory) - 239 row cuts average 60.2 elements, 0 column cuts (0 active)  in 0.010 seconds - new frequency is 1
Cbc0014I Cut generator 2 (Knapsack) - 0 row cuts average 0.0 elements, 0 column cuts (0 active)  in 0.019 seconds - new frequency is -100
Cbc0014I Cut generator 3 (Clique) - 0 row cuts average 0.0 elements, 0 column cuts (0 active)  in 0.000 seconds - new frequency is -100
Cbc0014I Cut generator 4 (MixedIntegerRounding2) - 23 row cuts average 4.1 elements, 0 column cuts (0 active)  in 0.008 seconds - new frequency is 1
Cbc0014I Cut generator 5 (FlowCover) - 1 row cuts average 2.0 elements, 0 column cuts (0 active)  in 0.019 seconds - new frequency is -100
Cbc0014I Cut generator 6 (TwoMirCuts) - 28 row cuts average 17.9 elements, 0 column cuts (0 active)  in 0.005 seconds - new frequency is -100
Cbc0010I After 0 nodes, 1 on tree, 920021.4 best solution, best possible 920004.44 (0.18 seconds)
Cbc0001I Search completed - best objective 920021.4045094709, took 814 iterations and 8 nodes (0.20 seconds)
Cbc0032I Strong branching done 34 times (97 iterations), fathomed 5 nodes and fixed 3 variables
Cbc0035I Maximum depth 2, 0 variables fixed on reduced cost
Cuts at root node changed objective from 919911 to 920004
Probing was tried 112 times and created 9 cuts of which 0 were active after adding rounds of cuts (0.012 seconds)
Gomory was tried 112 times and created 243 cuts of which 0 were active after adding rounds of cuts (0.011 seconds)
Knapsack was tried 100 times and created 0 cuts of which 0 were active after adding rounds of cuts (0.019 seconds)
Clique was tried 100 times and created 0 cuts of which 0 were active after adding rounds of cuts (0.000 seconds)
MixedIntegerRounding2 was tried 112 times and created 23 cuts of which 0 were active after adding rounds of cuts (0.008 seconds)
FlowCover was tried 100 times and created 1 cuts of which 0 were active after adding rounds of cuts (0.019 seconds)
TwoMirCuts was tried 100 times and created 28 cuts of which 0 were active after adding rounds of cuts (0.005 seconds)
ZeroHalf was tried 1 times and created 0 cuts of which 0 were active after adding rounds of cuts (0.000 seconds)

Result - Optimal solution found

Objective value:                920021.40450947
Enumerated nodes:               8
Total iterations:               814
Time (CPU seconds):             0.20
Time (Wallclock seconds):       0.20

Option for printingOptions changed from normal to all
Total time (CPU seconds):       0.23   (Wallclock seconds):       0.23

