Welcome to the CBC MILP Solver 
Version: 2.10.3 
Build Date: Dec 15 2019 

command line - E:\dachuang\.venv\Lib\site-packages\pulp\apis\../solverdir/cbc/win/i64/cbc.exe model.mps -primalTolerance 1e-9 -integerTolerance 1e-9 -ratioGap 0 -allowableGap 0 -threads 0 -branch -printingOptions all -solution solution.txt -saveSolution solution.bin -quit (default strategy 1)
At line 2 NAME          MODEL
At line 3 ROWS
At line 317 COLUMNS
At line 1133 RHS
At line 1446 BOUNDS
At line 1521 ENDATA
Problem MODEL has 312 rows, 241 columns and 647 elements
Coin0008I MODEL read with 0 errors
primalTolerance was changed from 1e-07 to 1e-09
integerTolerance was changed from 1e-07 to 1e-09
ratioGap was changed from 0 to 0
allowableGap was changed from 1e-10 to 0
Continuous objective value is 2.75312e+06 - 0.00 seconds
Cgl0004I processed model has 111 rows, 152 columns (24 integer (24 of which binary)) and 321 elements
Cbc0038I Initial state - 4 integers unsatisfied sum - 1.50066
Cbc0038I Pass   1: suminf.    0.00000 (0) obj. 2.75346e+06 iterations 12
Cbc0038I Solution found of 2.75346e+06
Cbc0038I Relaxing continuous gives 2.75346e+06
Cbc0038I Before mini branch and bound, 20 integers at bound fixed and 82 continuous
Cbc0038I Full problem 111 rows 152 columns, reduced to 6 rows 8 columns
Cbc0038I Mini branch and bound did not improve solution (0.01 seconds)
Cbc0038I Round again with cutoff of 2.75343e+06
Cbc0038I Pass   2: suminf.    0.14761 (1) obj. 2.75343e+06 iterations 2
Cbc0038I Pass   3: suminf.    0.00000 (0) obj. 2.75343e+06 iterations 7
Cbc0038I Solution found of 2.75343e+06
Cbc0038I Relaxing continuous gives 2.7533e+06
Cbc0038I Before mini branch and bound, 19 integers at bound fixed and 77 continuous
Cbc0038I Full problem 111 rows 152 columns, reduced to 18 rows 24 columns
Cbc0038I Mini branch and bound improved solution from 2.7533e+06 to 2.75325e+06 (0.02 seconds)
Cbc0038I Round again with cutoff of 2.75323e+06
Cbc0038I Pass   4: suminf.    0.32654 (2) obj. 2.75323e+06 iterations 2
Cbc0038I Pass   5: suminf.    0.31274 (2) obj. 2.75323e+06 iterations 3
Cbc0038I Pass   6: suminf.    0.01721 (1) obj. 2.75323e+06 iterations 9
Cbc0038I Pass   7: suminf.    0.28647 (1) obj. 2.75323e+06 iterations 4
Cbc0038I Pass   8: suminf.    0.01721 (1) obj. 2.75323e+06 iterations 3
Cbc0038I Pass   9: suminf.    0.28647 (1) obj. 2.75323e+06 iterations 2
Cbc0038I Pass  10: suminf.    0.01721 (1) obj. 2.75323e+06 iterations 1
Cbc0038I Pass  11: suminf.    0.01721 (1) obj. 2.75323e+06 iterations 2
Cbc0038I Pass  12: suminf.    0.01721 (1) obj. 2.75323e+06 iterations 1
Cbc0038I Pass  13: suminf.    0.28647 (1) obj. 2.75323e+06 iterations 2
Cbc0038I Pass  14: suminf.    0.31274 (2) obj. 2.75323e+06 iterations 14
Cbc0038I Pass  15: suminf.    0.31274 (2) obj. 2.75323e+06 iterations 1
Cbc0038I Pass  16: suminf.    0.01721 (1) obj. 2.75323e+06 iterations 3
Cbc0038I Pass  17: suminf.    0.28647 (1) obj. 2.75323e+06 iterations 2
Cbc0038I Pass  18: suminf.    0.53721 (2) obj. 2.75323e+06 iterations 17
Cbc0038I Pass  19: suminf.    0.53721 (2) obj. 2.75323e+06 iterations 1
Cbc0038I Pass  20: suminf.    0.28647 (1) obj. 2.75323e+06 iterations 2
Cbc0038I Pass  21: suminf.    0.01721 (1) obj. 2.75323e+06 iterations 1
Cbc0038I Pass  22: suminf.    0.01721 (1) obj. 2.75323e+06 iterations 14
Cbc0038I Pass  23: suminf.    0.28647 (1) obj. 2.75323e+06 iterations 4
Cbc0038I Pass  24: suminf.    0.01721 (1) obj. 2.75323e+06 iterations 1
Cbc0038I Pass  25: suminf.    1.48874 (5) obj. 2.75323e+06 iterations 20
Cbc0038I Pass  26: suminf.    1.00024 (4) obj. 2.75323e+06 iterations 3
Cbc0038I Pass  27: suminf.    0.49553 (2) obj. 2.75323e+06 iterations 7
Cbc0038I Pass  28: suminf.    0.49553 (2) obj. 2.75323e+06 iterations 1
Cbc0038I Pass  29: suminf.    0.53721 (2) obj. 2.75323e+06 iterations 6
Cbc0038I Pass  30: suminf.    0.28647 (1) obj. 2.75323e+06 iterations 2
Cbc0038I Pass  31: suminf.    0.11471 (1) obj. 2.75323e+06 iterations 8
Cbc0038I Pass  32: suminf.    1.71337 (6) obj. 2.75323e+06 iterations 18
Cbc0038I Pass  33: suminf.    1.22487 (5) obj. 2.75323e+06 iterations 2
Cbc0038I No solution found this major pass
Cbc0038I Before mini branch and bound, 3 integers at bound fixed and 64 continuous
Cbc0038I Full problem 111 rows 152 columns, reduced to 21 rows 28 columns
Cbc0038I Mini branch and bound improved solution from 2.75325e+06 to 2.75323e+06 (0.03 seconds)
Cbc0038I Round again with cutoff of 2.7532e+06
Cbc0038I Pass  33: suminf.    0.46526 (3) obj. 2.7532e+06 iterations 1
Cbc0038I Pass  34: suminf.    0.46526 (3) obj. 2.7532e+06 iterations 3
Cbc0038I Pass  35: suminf.    0.67487 (2) obj. 2.7532e+06 iterations 15
Cbc0038I Pass  36: suminf.    0.15594 (2) obj. 2.7532e+06 iterations 3
Cbc0038I Pass  37: suminf.    0.15487 (2) obj. 2.7532e+06 iterations 2
Cbc0038I Pass  38: suminf.    0.64805 (3) obj. 2.7532e+06 iterations 10
Cbc0038I Pass  39: suminf.    0.64805 (3) obj. 2.7532e+06 iterations 1
Cbc0038I Pass  40: suminf.    0.77155 (3) obj. 2.7532e+06 iterations 7
Cbc0038I Pass  41: suminf.    0.67487 (2) obj. 2.7532e+06 iterations 1
Cbc0038I Pass  42: suminf.    0.67487 (2) obj. 2.7532e+06 iterations 1
Cbc0038I Pass  43: suminf.    0.15594 (2) obj. 2.7532e+06 iterations 3
Cbc0038I Pass  44: suminf.    0.15487 (2) obj. 2.7532e+06 iterations 2
Cbc0038I Pass  45: suminf.    0.64805 (3) obj. 2.7532e+06 iterations 10
Cbc0038I Pass  46: suminf.    0.64805 (3) obj. 2.7532e+06 iterations 1
Cbc0038I Pass  47: suminf.    0.77155 (3) obj. 2.7532e+06 iterations 7
Cbc0038I Pass  48: suminf.    0.67487 (2) obj. 2.7532e+06 iterations 1
Cbc0038I Pass  49: suminf.    0.67487 (2) obj. 2.7532e+06 iterations 1
Cbc0038I Pass  50: suminf.    0.15594 (2) obj. 2.7532e+06 iterations 3
Cbc0038I Pass  51: suminf.    0.15487 (2) obj. 2.7532e+06 iterations 2
Cbc0038I Pass  52: suminf.    0.64805 (3) obj. 2.7532e+06 iterations 10
Cbc0038I Pass  53: suminf.    0.64805 (3) obj. 2.7532e+06 iterations 1
Cbc0038I Pass  54: suminf.    0.77155 (3) obj. 2.7532e+06 iterations 7
Cbc0038I Pass  55: suminf.    0.67487 (2) obj. 2.7532e+06 iterations 1
Cbc0038I Pass  56: suminf.    0.67487 (2) obj. 2.7532e+06 iterations 1
Cbc0038I Pass  57: suminf.    0.15594 (2) obj. 2.7532e+06 iterations 3
Cbc0038I Pass  58: suminf.    0.15487 (2) obj. 2.7532e+06 iterations 2
Cbc0038I Pass  59: suminf.    0.64805 (3) obj. 2.7532e+06 iterations 10
Cbc0038I Pass  60: suminf.    0.64805 (3) obj. 2.7532e+06 iterations 1
Cbc0038I Pass  61: suminf.    0.77155 (3) obj. 2.7532e+06 iterations 7
Cbc0038I Pass  62: suminf.    0.67487 (2) obj. 2.7532e+06 iterations 1
Cbc0038I No solution found this major pass
Cbc0038I Before mini branch and bound, 18 integers at bound fixed and 76 continuous
Cbc0038I Full problem 111 rows 152 columns, reduced to 20 rows 26 columns
Cbc0038I Mini branch and bound did not improve solution (0.04 seconds)
Cbc0038I After 0.05 seconds - Feasibility pump exiting with objective of 2.75323e+06 - took 0.04 seconds
Cbc0012I Integer solution of 2753232.3 found by feasibility pump after 0 iterations and 0 nodes (0.05 seconds)
Cbc0038I Full problem 111 rows 152 columns, reduced to 59 rows 95 columns
Cbc0031I 6 added rows had average density of 16.333333
Cbc0013I At root node, 6 cuts changed objective from 2753121.7 to 2753199.3 in 19 passes
Cbc0014I Cut generator 0 (Probing) - 2 row cuts average 2.0 elements, 3 column cuts (3 active)  in 0.002 seconds - new frequency is 1
Cbc0014I Cut generator 1 (Gomory) - 36 row cuts average 25.5 elements, 0 column cuts (0 active)  in 0.003 seconds - new frequency is 1
Cbc0014I Cut generator 2 (Knapsack) - 0 row cuts average 0.0 elements, 0 column cuts (0 active)  in 0.004 seconds - new frequency is -100
Cbc0014I Cut generator 3 (Clique) - 0 row cuts average 0.0 elements, 0 column cuts (0 active)  in 0.000 seconds - new frequency is -100
Cbc0014I Cut generator 4 (MixedIntegerRounding2) - 2 row cuts average 4.0 elements, 0 column cuts (0 active)  in 0.000 seconds - new frequency is -100
Cbc0014I Cut generator 5 (FlowCover) - 0 row cuts average 0.0 elements, 0 column cuts (0 active)  in 0.003 seconds - new frequency is -100
Cbc0014I Cut generator 6 (TwoMirCuts) - 20 row cuts average 13.6 elements, 0 column cuts (0 active)  in 0.000 seconds - new frequency is -100
Cbc0010I After 0 nodes, 1 on tree, 2753232.3 best solution, best possible 2753199.5 (0.08 seconds)
Cbc0001I Search completed - best objective 2753232.258575285, took 107 iterations and 4 nodes (0.08 seconds)
Cbc0032I Strong branching done 14 times (31 iterations), fathomed 2 nodes and fixed 1 variables
Cbc0035I Maximum depth 1, 0 variables fixed on reduced cost
Cuts at root node changed objective from 2.75312e+06 to 2.7532e+06
Probing was tried 28 times and created 5 cuts of which 0 were active after adding rounds of cuts (0.004 seconds)
Gomory was tried 28 times and created 42 cuts of which 0 were active after adding rounds of cuts (0.003 seconds)
Knapsack was tried 19 times and created 0 cuts of which 0 were active after adding rounds of cuts (0.004 seconds)
Clique was tried 19 times and created 0 cuts of which 0 were active after adding rounds of cuts (0.000 seconds)
MixedIntegerRounding2 was tried 19 times and created 2 cuts of which 0 were active after adding rounds of cuts (0.000 seconds)
FlowCover was tried 19 times and created 0 cuts of which 0 were active after adding rounds of cuts (0.003 seconds)
TwoMirCuts was tried 19 times and created 20 cuts of which 0 were active after adding rounds of cuts (0.000 seconds)
ZeroHalf was tried 1 times and created 0 cuts of which 0 were active after adding rounds of cuts (0.000 seconds)

Result - Optimal solution found

Objective value:                2753232.25857529
Enumerated nodes:               4
Total iterations:               107
Time (CPU seconds):             0.09
Time (Wallclock seconds):       0.09

Option for printingOptions changed from normal to all
Total time (CPU seconds):       0.11   (Wallclock seconds):       0.11

