Welcome to the CBC MILP Solver 
Version: 2.10.3 
Build Date: Dec 15 2019 

command line - E:\dachuang\.venv\Lib\site-packages\pulp\apis\../solverdir/cbc/win/i64/cbc.exe model.mps -primalTolerance 1e-9 -integerTolerance 1e-9 -ratioGap 0 -allowableGap 0 -threads 0 -branch -printingOptions all -solution solution.txt -saveSolution solution.bin -quit (default strategy 1)
At line 2 NAME          MODEL
At line 3 ROWS
At line 317 COLUMNS
At line 1133 RHS
At line 1446 BOUNDS
At line 1521 ENDATA
Problem MODEL has 312 rows, 241 columns and 647 elements
Coin0008I MODEL read with 0 errors
primalTolerance was changed from 1e-07 to 1e-09
integerTolerance was changed from 1e-07 to 1e-09
ratioGap was changed from 0 to 0
allowableGap was changed from 1e-10 to 0
Continuous objective value is 2.56093e+06 - 0.00 seconds
Cgl0004I processed model has 112 rows, 153 columns (24 integer (24 of which binary)) and 325 elements
Cbc0038I Initial state - 11 integers unsatisfied sum - 3.04419
Cbc0038I Pass   1: suminf.    0.00000 (0) obj. 2.59161e+06 iterations 19
Cbc0038I Solution found of 2.59161e+06
Cbc0038I Relaxing continuous gives 2.58463e+06
Cbc0038I Before mini branch and bound, 13 integers at bound fixed and 76 continuous
Cbc0038I Full problem 112 rows 153 columns, reduced to 7 rows 8 columns
Cbc0038I Mini branch and bound improved solution from 2.58463e+06 to 2.56123e+06 (0.01 seconds)
Cbc0038I Freeing continuous variables gives a solution of 2.56123e+06
Cbc0038I Round again with cutoff of 2.5612e+06
Cbc0038I Pass   2: suminf.    0.88408 (5) obj. 2.5612e+06 iterations 10
Cbc0038I Pass   3: suminf.    0.12908 (1) obj. 2.5612e+06 iterations 11
Cbc0038I Pass   4: suminf.    0.48855 (1) obj. 2.5612e+06 iterations 4
Cbc0038I Pass   5: suminf.    0.00000 (0) obj. 2.5612e+06 iterations 1
Cbc0038I Solution found of 2.5612e+06
Cbc0038I Relaxing continuous gives 2.56109e+06
Cbc0038I Before mini branch and bound, 12 integers at bound fixed and 76 continuous
Cbc0038I Full problem 112 rows 153 columns, reduced to 17 rows 22 columns
Cbc0038I Mini branch and bound improved solution from 2.56109e+06 to 2.56109e+06 (0.02 seconds)
Cbc0038I Freeing continuous variables gives a solution of 2.56109e+06
Cbc0038I Round again with cutoff of 2.56106e+06
Cbc0038I Pass   6: suminf.    1.46917 (6) obj. 2.56106e+06 iterations 2
Cbc0038I Pass   7: suminf.    0.15974 (1) obj. 2.56106e+06 iterations 7
Cbc0038I Pass   8: suminf.    0.15974 (1) obj. 2.56106e+06 iterations 0
Cbc0038I Pass   9: suminf.    0.71417 (2) obj. 2.56106e+06 iterations 2
Cbc0038I Pass  10: suminf.    0.21574 (2) obj. 2.56106e+06 iterations 10
Cbc0038I Pass  11: suminf.    0.15974 (1) obj. 2.56106e+06 iterations 1
Cbc0038I Pass  12: suminf.    0.33167 (2) obj. 2.56106e+06 iterations 4
Cbc0038I Pass  13: suminf.    0.15974 (1) obj. 2.56106e+06 iterations 2
Cbc0038I Pass  14: suminf.    0.62024 (3) obj. 2.56106e+06 iterations 10
Cbc0038I Pass  15: suminf.    0.15974 (1) obj. 2.56106e+06 iterations 2
Cbc0038I Pass  16: suminf.    0.33167 (2) obj. 2.56106e+06 iterations 5
Cbc0038I Pass  17: suminf.    0.15974 (1) obj. 2.56106e+06 iterations 2
Cbc0038I Pass  18: suminf.    0.90991 (4) obj. 2.56106e+06 iterations 11
Cbc0038I Pass  19: suminf.    0.66217 (3) obj. 2.56106e+06 iterations 1
Cbc0038I Pass  20: suminf.    0.15974 (1) obj. 2.56106e+06 iterations 4
Cbc0038I Pass  21: suminf.    0.15974 (1) obj. 2.56106e+06 iterations 3
Cbc0038I Pass  22: suminf.    0.71417 (2) obj. 2.56106e+06 iterations 3
Cbc0038I Pass  23: suminf.    1.92367 (6) obj. 2.56106e+06 iterations 8
Cbc0038I Pass  24: suminf.    1.34493 (4) obj. 2.56106e+06 iterations 2
Cbc0038I Pass  25: suminf.    0.15974 (1) obj. 2.56106e+06 iterations 5
Cbc0038I Pass  26: suminf.    0.15974 (1) obj. 2.56106e+06 iterations 0
Cbc0038I Pass  27: suminf.    0.71417 (2) obj. 2.56106e+06 iterations 2
Cbc0038I Pass  28: suminf.    1.88424 (7) obj. 2.56106e+06 iterations 19
Cbc0038I Pass  29: suminf.    1.34624 (5) obj. 2.56106e+06 iterations 2
Cbc0038I Pass  30: suminf.    0.12851 (1) obj. 2.56106e+06 iterations 9
Cbc0038I Pass  31: suminf.    0.23417 (2) obj. 2.56106e+06 iterations 5
Cbc0038I Pass  32: suminf.    0.23417 (2) obj. 2.56106e+06 iterations 0
Cbc0038I Pass  33: suminf.    1.46551 (5) obj. 2.56106e+06 iterations 11
Cbc0038I Pass  34: suminf.    1.46551 (5) obj. 2.56106e+06 iterations 1
Cbc0038I Pass  35: suminf.    0.12851 (1) obj. 2.56106e+06 iterations 5
Cbc0038I No solution found this major pass
Cbc0038I Before mini branch and bound, 3 integers at bound fixed and 68 continuous
Cbc0038I Full problem 112 rows 153 columns, reduced to 22 rows 29 columns
Cbc0038I Mini branch and bound improved solution from 2.56109e+06 to 2.56109e+06 (0.03 seconds)
Cbc0038I Freeing continuous variables gives a solution of 2.56109e+06
Cbc0038I Round again with cutoff of 2.56102e+06
Cbc0038I Pass  35: suminf.    1.65440 (7) obj. 2.56102e+06 iterations 2
Cbc0038I Pass  36: suminf.    0.40717 (2) obj. 2.56102e+06 iterations 15
Cbc0038I Pass  37: suminf.    0.40717 (2) obj. 2.56102e+06 iterations 0
Cbc0038I Pass  38: suminf.    0.35144 (2) obj. 2.56102e+06 iterations 3
Cbc0038I Pass  39: suminf.    0.35144 (2) obj. 2.56102e+06 iterations 3
Cbc0038I Pass  40: suminf.    0.93869 (3) obj. 2.56102e+06 iterations 6
Cbc0038I Pass  41: suminf.    1.22165 (4) obj. 2.56102e+06 iterations 12
Cbc0038I Pass  42: suminf.    0.73965 (3) obj. 2.56102e+06 iterations 2
Cbc0038I Pass  43: suminf.    0.64856 (2) obj. 2.56102e+06 iterations 5
Cbc0038I Pass  44: suminf.    0.58915 (2) obj. 2.56102e+06 iterations 4
Cbc0038I Pass  45: suminf.    0.56092 (2) obj. 2.56102e+06 iterations 6
Cbc0038I Pass  46: suminf.    0.58915 (2) obj. 2.56102e+06 iterations 4
Cbc0038I Pass  47: suminf.    0.58915 (2) obj. 2.56102e+06 iterations 1
Cbc0038I Pass  48: suminf.    0.64856 (2) obj. 2.56102e+06 iterations 4
Cbc0038I Pass  49: suminf.    0.64856 (2) obj. 2.56102e+06 iterations 1
Cbc0038I Pass  50: suminf.    1.18706 (4) obj. 2.56102e+06 iterations 10
Cbc0038I Pass  51: suminf.    0.64565 (3) obj. 2.56102e+06 iterations 6
Cbc0038I Pass  52: suminf.    0.64856 (2) obj. 2.56102e+06 iterations 5
Cbc0038I Pass  53: suminf.    0.58915 (2) obj. 2.56102e+06 iterations 4
Cbc0038I Pass  54: suminf.    1.61094 (5) obj. 2.56102e+06 iterations 15
Cbc0038I Pass  55: suminf.    0.95870 (3) obj. 2.56102e+06 iterations 2
Cbc0038I Pass  56: suminf.    0.35144 (1) obj. 2.56102e+06 iterations 6
Cbc0038I Pass  57: suminf.    0.40717 (2) obj. 2.56102e+06 iterations 3
Cbc0038I Pass  58: suminf.    0.35144 (1) obj. 2.56102e+06 iterations 5
Cbc0038I Pass  59: suminf.    1.18706 (4) obj. 2.56102e+06 iterations 10
Cbc0038I Pass  60: suminf.    0.46367 (3) obj. 2.56102e+06 iterations 7
Cbc0038I Pass  61: suminf.    0.91791 (6) obj. 2.56102e+06 iterations 7
Cbc0038I Pass  62: suminf.    0.61417 (4) obj. 2.56102e+06 iterations 2
Cbc0038I Pass  63: suminf.    0.35144 (1) obj. 2.56102e+06 iterations 7
Cbc0038I Pass  64: suminf.    0.35144 (1) obj. 2.56102e+06 iterations 3
Cbc0038I No solution found this major pass
Cbc0038I Before mini branch and bound, 4 integers at bound fixed and 68 continuous
Cbc0038I Full problem 112 rows 153 columns, reduced to 22 rows 29 columns
Cbc0038I Mini branch and bound did not improve solution (0.05 seconds)
Cbc0038I After 0.05 seconds - Feasibility pump exiting with objective of 2.56109e+06 - took 0.04 seconds
Cbc0012I Integer solution of 2561086.6 found by feasibility pump after 0 iterations and 0 nodes (0.05 seconds)
Cbc0038I Full problem 112 rows 153 columns, reduced to 80 rows 117 columns
Cbc0031I 9 added rows had average density of 12
Cbc0013I At root node, 9 cuts changed objective from 2560925.8 to 2561059.7 in 65 passes
Cbc0014I Cut generator 0 (Probing) - 2 row cuts average 2.0 elements, 4 column cuts (4 active)  in 0.004 seconds - new frequency is 1
Cbc0014I Cut generator 1 (Gomory) - 141 row cuts average 53.6 elements, 0 column cuts (0 active)  in 0.005 seconds - new frequency is 1
Cbc0014I Cut generator 2 (Knapsack) - 0 row cuts average 0.0 elements, 0 column cuts (0 active)  in 0.007 seconds - new frequency is -100
Cbc0014I Cut generator 3 (Clique) - 0 row cuts average 0.0 elements, 0 column cuts (0 active)  in 0.000 seconds - new frequency is -100
Cbc0014I Cut generator 4 (MixedIntegerRounding2) - 7 row cuts average 4.0 elements, 0 column cuts (0 active)  in 0.008 seconds - new frequency is -100
Cbc0014I Cut generator 5 (FlowCover) - 0 row cuts average 0.0 elements, 0 column cuts (0 active)  in 0.014 seconds - new frequency is -100
Cbc0014I Cut generator 6 (TwoMirCuts) - 23 row cuts average 17.5 elements, 0 column cuts (0 active)  in 0.004 seconds - new frequency is -100
Cbc0010I After 0 nodes, 1 on tree, 2561086.6 best solution, best possible 2561059.7 (0.14 seconds)
Cbc0001I Search completed - best objective 2561086.595975762, took 423 iterations and 8 nodes (0.15 seconds)
Cbc0032I Strong branching done 10 times (22 iterations), fathomed 2 nodes and fixed 0 variables
Cbc0035I Maximum depth 2, 1 variables fixed on reduced cost
Cuts at root node changed objective from 2.56093e+06 to 2.56106e+06
Probing was tried 71 times and created 6 cuts of which 0 were active after adding rounds of cuts (0.005 seconds)
Gomory was tried 71 times and created 142 cuts of which 0 were active after adding rounds of cuts (0.005 seconds)
Knapsack was tried 65 times and created 0 cuts of which 0 were active after adding rounds of cuts (0.007 seconds)
Clique was tried 65 times and created 0 cuts of which 0 were active after adding rounds of cuts (0.000 seconds)
MixedIntegerRounding2 was tried 65 times and created 7 cuts of which 0 were active after adding rounds of cuts (0.008 seconds)
FlowCover was tried 65 times and created 0 cuts of which 0 were active after adding rounds of cuts (0.014 seconds)
TwoMirCuts was tried 65 times and created 23 cuts of which 0 were active after adding rounds of cuts (0.004 seconds)
ZeroHalf was tried 1 times and created 0 cuts of which 0 were active after adding rounds of cuts (0.000 seconds)

Result - Optimal solution found

Objective value:                2561086.59597576
Enumerated nodes:               8
Total iterations:               423
Time (CPU seconds):             0.15
Time (Wallclock seconds):       0.15

Option for printingOptions changed from normal to all
Total time (CPU seconds):       0.18   (Wallclock seconds):       0.18

