Welcome to the CBC MILP Solver 
Version: 2.10.3 
Build Date: Dec 15 2019 

command line - E:\dachuang\.venv\Lib\site-packages\pulp\apis\../solverdir/cbc/win/i64/cbc.exe model.mps -primalTolerance 1e-9 -integerTolerance 1e-9 -ratioGap 0 -allowableGap 0 -threads 0 -branch -printingOptions all -solution solution.txt -saveSolution solution.bin -quit (default strategy 1)
At line 2 NAME          MODEL
At line 3 ROWS
At line 317 COLUMNS
At line 1133 RHS
At line 1446 BOUNDS
At line 1521 ENDATA
Problem MODEL has 312 rows, 241 columns and 647 elements
Coin0008I MODEL read with 0 errors
primalTolerance was changed from 1e-07 to 1e-09
integerTolerance was changed from 1e-07 to 1e-09
ratioGap was changed from 0 to 0
allowableGap was changed from 1e-10 to 0
Continuous objective value is 3.23438e+06 - 0.00 seconds
Cgl0004I processed model has 110 rows, 151 columns (24 integer (24 of which binary)) and 317 elements
Cbc0038I Initial state - 6 integers unsatisfied sum - 1.86116
Cbc0038I Pass   1: suminf.    0.00000 (0) obj. 3.29985e+06 iterations 13
Cbc0038I Solution found of 3.29985e+06
Cbc0038I Relaxing continuous gives 3.29721e+06
Cbc0038I Before mini branch and bound, 18 integers at bound fixed and 78 continuous
Cbc0038I Full problem 110 rows 151 columns, reduced to 4 rows 4 columns
Cbc0038I Mini branch and bound improved solution from 3.29721e+06 to 3.23472e+06 (0.01 seconds)
Cbc0038I Round again with cutoff of 3.23469e+06
Cbc0038I Pass   2: suminf.    0.50811 (3) obj. 3.23469e+06 iterations 7
Cbc0038I Pass   3: suminf.    0.00000 (0) obj. 3.23469e+06 iterations 7
Cbc0038I Solution found of 3.23469e+06
Cbc0038I Relaxing continuous gives 3.23459e+06
Cbc0038I Before mini branch and bound, 17 integers at bound fixed and 76 continuous
Cbc0038I Full problem 110 rows 151 columns, reduced to 16 rows 20 columns
Cbc0038I Mini branch and bound improved solution from 3.23459e+06 to 3.23451e+06 (0.01 seconds)
Cbc0038I Freeing continuous variables gives a solution of 3.23451e+06
Cbc0038I Round again with cutoff of 3.23449e+06
Cbc0038I Pass   4: suminf.    0.82223 (4) obj. 3.23449e+06 iterations 3
Cbc0038I Pass   5: suminf.    0.81574 (4) obj. 3.23449e+06 iterations 2
Cbc0038I Pass   6: suminf.    0.01721 (1) obj. 3.23449e+06 iterations 8
Cbc0038I Pass   7: suminf.    0.14397 (1) obj. 3.23449e+06 iterations 4
Cbc0038I Pass   8: suminf.    0.01721 (1) obj. 3.23449e+06 iterations 4
Cbc0038I Pass   9: suminf.    0.01721 (1) obj. 3.23449e+06 iterations 1
Cbc0038I Pass  10: suminf.    0.14397 (1) obj. 3.23449e+06 iterations 4
Cbc0038I Pass  11: suminf.    0.46279 (1) obj. 3.23449e+06 iterations 8
Cbc0038I Pass  12: suminf.    0.28503 (1) obj. 3.23449e+06 iterations 5
Cbc0038I Pass  13: suminf.    0.46279 (1) obj. 3.23449e+06 iterations 1
Cbc0038I Pass  14: suminf.    0.49553 (3) obj. 3.23449e+06 iterations 20
Cbc0038I Pass  15: suminf.    0.49553 (3) obj. 3.23449e+06 iterations 3
Cbc0038I Pass  16: suminf.    0.46279 (2) obj. 3.23449e+06 iterations 8
Cbc0038I Pass  17: suminf.    0.28503 (1) obj. 3.23449e+06 iterations 2
Cbc0038I Pass  18: suminf.    0.46279 (1) obj. 3.23449e+06 iterations 1
Cbc0038I Pass  19: suminf.    1.13156 (4) obj. 3.23449e+06 iterations 20
Cbc0038I Pass  20: suminf.    0.85606 (3) obj. 3.23449e+06 iterations 3
Cbc0038I Pass  21: suminf.    0.14397 (1) obj. 3.23449e+06 iterations 6
Cbc0038I Pass  22: suminf.    0.01721 (1) obj. 3.23449e+06 iterations 1
Cbc0038I Pass  23: suminf.    0.07271 (2) obj. 3.23449e+06 iterations 13
Cbc0038I Pass  24: suminf.    0.14397 (1) obj. 3.23449e+06 iterations 3
Cbc0038I Pass  25: suminf.    0.01721 (1) obj. 3.23449e+06 iterations 1
Cbc0038I Pass  26: suminf.    0.88424 (6) obj. 3.23449e+06 iterations 16
Cbc0038I Pass  27: suminf.    0.88424 (6) obj. 3.23449e+06 iterations 2
Cbc0038I Pass  28: suminf.    0.49553 (2) obj. 3.23449e+06 iterations 9
Cbc0038I Pass  29: suminf.    0.49553 (2) obj. 3.23449e+06 iterations 1
Cbc0038I Pass  30: suminf.    0.46279 (1) obj. 3.23449e+06 iterations 6
Cbc0038I Pass  31: suminf.    0.28503 (1) obj. 3.23449e+06 iterations 1
Cbc0038I Pass  32: suminf.    0.76024 (3) obj. 3.23449e+06 iterations 14
Cbc0038I Pass  33: suminf.    0.76024 (3) obj. 3.23449e+06 iterations 2
Cbc0038I No solution found this major pass
Cbc0038I Before mini branch and bound, 3 integers at bound fixed and 63 continuous
Cbc0038I Full problem 110 rows 151 columns, reduced to 23 rows 30 columns
Cbc0038I Mini branch and bound improved solution from 3.23451e+06 to 3.23449e+06 (0.03 seconds)
Cbc0038I Round again with cutoff of 3.23446e+06
Cbc0038I Pass  33: suminf.    0.96826 (5) obj. 3.23446e+06 iterations 1
Cbc0038I Pass  34: suminf.    0.96826 (5) obj. 3.23446e+06 iterations 2
Cbc0038I Pass  35: suminf.    0.43755 (2) obj. 3.23446e+06 iterations 12
Cbc0038I Pass  36: suminf.    0.43755 (2) obj. 3.23446e+06 iterations 1
Cbc0038I Pass  37: suminf.    0.15487 (2) obj. 3.23446e+06 iterations 4
Cbc0038I Pass  38: suminf.    0.64805 (3) obj. 3.23446e+06 iterations 7
Cbc0038I Pass  39: suminf.    0.64805 (3) obj. 3.23446e+06 iterations 1
Cbc0038I Pass  40: suminf.    0.43755 (3) obj. 3.23446e+06 iterations 7
Cbc0038I Pass  41: suminf.    0.43755 (2) obj. 3.23446e+06 iterations 1
Cbc0038I Pass  42: suminf.    0.15487 (2) obj. 3.23446e+06 iterations 4
Cbc0038I Pass  43: suminf.    0.64805 (3) obj. 3.23446e+06 iterations 7
Cbc0038I Pass  44: suminf.    0.64805 (3) obj. 3.23446e+06 iterations 1
Cbc0038I Pass  45: suminf.    0.43755 (3) obj. 3.23446e+06 iterations 7
Cbc0038I Pass  46: suminf.    0.43755 (2) obj. 3.23446e+06 iterations 1
Cbc0038I Pass  47: suminf.    0.15487 (2) obj. 3.23446e+06 iterations 4
Cbc0038I Pass  48: suminf.    0.64805 (3) obj. 3.23446e+06 iterations 7
Cbc0038I Pass  49: suminf.    0.64805 (3) obj. 3.23446e+06 iterations 1
Cbc0038I Pass  50: suminf.    0.43755 (3) obj. 3.23446e+06 iterations 7
Cbc0038I Pass  51: suminf.    0.43755 (2) obj. 3.23446e+06 iterations 1
Cbc0038I Pass  52: suminf.    0.15487 (2) obj. 3.23446e+06 iterations 4
Cbc0038I Pass  53: suminf.    0.64805 (3) obj. 3.23446e+06 iterations 7
Cbc0038I Pass  54: suminf.    0.64805 (3) obj. 3.23446e+06 iterations 1
Cbc0038I Pass  55: suminf.    0.43755 (3) obj. 3.23446e+06 iterations 7
Cbc0038I Pass  56: suminf.    0.43755 (2) obj. 3.23446e+06 iterations 1
Cbc0038I Pass  57: suminf.    0.15487 (2) obj. 3.23446e+06 iterations 4
Cbc0038I Pass  58: suminf.    0.64805 (3) obj. 3.23446e+06 iterations 7
Cbc0038I Pass  59: suminf.    0.64805 (3) obj. 3.23446e+06 iterations 1
Cbc0038I Pass  60: suminf.    0.43755 (3) obj. 3.23446e+06 iterations 7
Cbc0038I Pass  61: suminf.    0.43755 (2) obj. 3.23446e+06 iterations 1
Cbc0038I Pass  62: suminf.    0.15487 (2) obj. 3.23446e+06 iterations 4
Cbc0038I No solution found this major pass
Cbc0038I Before mini branch and bound, 16 integers at bound fixed and 74 continuous
Cbc0038I Full problem 110 rows 151 columns, reduced to 19 rows 24 columns
Cbc0038I Mini branch and bound did not improve solution (0.04 seconds)
Cbc0038I After 0.04 seconds - Feasibility pump exiting with objective of 3.23449e+06 - took 0.04 seconds
Cbc0012I Integer solution of 3234492 found by feasibility pump after 0 iterations and 0 nodes (0.04 seconds)
Cbc0038I Full problem 110 rows 151 columns, reduced to 65 rows 101 columns
Cbc0031I 5 added rows had average density of 9
Cbc0013I At root node, 5 cuts changed objective from 3234381.5 to 3234468.5 in 22 passes
Cbc0014I Cut generator 0 (Probing) - 2 row cuts average 2.0 elements, 3 column cuts (3 active)  in 0.001 seconds - new frequency is 1
Cbc0014I Cut generator 1 (Gomory) - 36 row cuts average 23.3 elements, 0 column cuts (0 active)  in 0.001 seconds - new frequency is 1
Cbc0014I Cut generator 2 (Knapsack) - 0 row cuts average 0.0 elements, 0 column cuts (0 active)  in 0.001 seconds - new frequency is -100
Cbc0014I Cut generator 3 (Clique) - 0 row cuts average 0.0 elements, 0 column cuts (0 active)  in 0.000 seconds - new frequency is -100
Cbc0014I Cut generator 4 (MixedIntegerRounding2) - 3 row cuts average 4.0 elements, 0 column cuts (0 active)  in 0.004 seconds - new frequency is -100
Cbc0014I Cut generator 5 (FlowCover) - 0 row cuts average 0.0 elements, 0 column cuts (0 active)  in 0.005 seconds - new frequency is -100
Cbc0014I Cut generator 6 (TwoMirCuts) - 15 row cuts average 12.9 elements, 0 column cuts (0 active)  in 0.002 seconds - new frequency is -100
Cbc0010I After 0 nodes, 1 on tree, 3234492 best solution, best possible 3234468.5 (0.07 seconds)
Cbc0001I Search completed - best objective 3234492.003075296, took 110 iterations and 4 nodes (0.08 seconds)
Cbc0032I Strong branching done 10 times (20 iterations), fathomed 2 nodes and fixed 0 variables
Cbc0035I Maximum depth 1, 0 variables fixed on reduced cost
Cuts at root node changed objective from 3.23438e+06 to 3.23447e+06
Probing was tried 27 times and created 5 cuts of which 0 were active after adding rounds of cuts (0.001 seconds)
Gomory was tried 27 times and created 38 cuts of which 0 were active after adding rounds of cuts (0.001 seconds)
Knapsack was tried 22 times and created 0 cuts of which 0 were active after adding rounds of cuts (0.001 seconds)
Clique was tried 22 times and created 0 cuts of which 0 were active after adding rounds of cuts (0.000 seconds)
MixedIntegerRounding2 was tried 22 times and created 3 cuts of which 0 were active after adding rounds of cuts (0.004 seconds)
FlowCover was tried 22 times and created 0 cuts of which 0 were active after adding rounds of cuts (0.005 seconds)
TwoMirCuts was tried 22 times and created 15 cuts of which 0 were active after adding rounds of cuts (0.002 seconds)
ZeroHalf was tried 1 times and created 0 cuts of which 0 were active after adding rounds of cuts (0.000 seconds)

Result - Optimal solution found

Objective value:                3234492.00307530
Enumerated nodes:               4
Total iterations:               110
Time (CPU seconds):             0.09
Time (Wallclock seconds):       0.09

Option for printingOptions changed from normal to all
Total time (CPU seconds):       0.12   (Wallclock seconds):       0.11

