Welcome to the CBC MILP Solver 
Version: 2.10.3 
Build Date: Dec 15 2019 

command line - E:\dachuang\.venv\Lib\site-packages\pulp\apis\../solverdir/cbc/win/i64/cbc.exe model.mps -primalTolerance 1e-9 -integerTolerance 1e-9 -ratioGap 0 -allowableGap 0 -threads 0 -branch -printingOptions all -solution solution.txt -saveSolution solution.bin -quit (default strategy 1)
At line 2 NAME          MODEL
At line 3 ROWS
At line 317 COLUMNS
At line 1133 RHS
At line 1446 BOUNDS
At line 1521 ENDATA
Problem MODEL has 312 rows, 241 columns and 647 elements
Coin0008I MODEL read with 0 errors
primalTolerance was changed from 1e-07 to 1e-09
integerTolerance was changed from 1e-07 to 1e-09
ratioGap was changed from 0 to 0
allowableGap was changed from 1e-10 to 0
Continuous objective value is 659834 - 0.00 seconds
Cgl0004I processed model has 117 rows, 165 columns (24 integer (24 of which binary)) and 352 elements
Cbc0038I Initial state - 5 integers unsatisfied sum - 1.50066
Cbc0038I Pass   1: suminf.    0.00000 (0) obj. 660177 iterations 12
Cbc0038I Solution found of 660177
Cbc0038I Relaxing continuous gives 660177
Cbc0038I Before mini branch and bound, 19 integers at bound fixed and 88 continuous
Cbc0038I Full problem 117 rows 165 columns, reduced to 4 rows 4 columns
Cbc0038I Mini branch and bound did not improve solution (0.01 seconds)
Cbc0038I Round again with cutoff of 660143
Cbc0038I Pass   2: suminf.    0.14761 (1) obj. 660143 iterations 4
Cbc0038I Pass   3: suminf.    0.00000 (0) obj. 660143 iterations 3
Cbc0038I Solution found of 660143
Cbc0038I Relaxing continuous gives 660050
Cbc0038I Before mini branch and bound, 18 integers at bound fixed and 82 continuous
Cbc0038I Full problem 117 rows 165 columns, reduced to 16 rows 21 columns
Cbc0038I Mini branch and bound improved solution from 660050 to 659945 (0.01 seconds)
Cbc0038I Round again with cutoff of 659923
Cbc0038I Pass   4: suminf.    0.57366 (3) obj. 659923 iterations 2
Cbc0038I Pass   5: suminf.    0.57366 (3) obj. 659923 iterations 5
Cbc0038I Pass   6: suminf.    0.31721 (3) obj. 659923 iterations 15
Cbc0038I Pass   7: suminf.    0.09521 (2) obj. 659923 iterations 1
Cbc0038I Pass   8: suminf.    0.58195 (4) obj. 659923 iterations 7
Cbc0038I Pass   9: suminf.    0.58195 (4) obj. 659923 iterations 3
Cbc0038I Pass  10: suminf.    0.38479 (2) obj. 659923 iterations 9
Cbc0038I Pass  11: suminf.    0.31245 (2) obj. 659923 iterations 5
Cbc0038I Pass  12: suminf.    0.38479 (1) obj. 659923 iterations 2
Cbc0038I Pass  13: suminf.    0.69305 (4) obj. 659923 iterations 8
Cbc0038I Pass  14: suminf.    0.54071 (4) obj. 659923 iterations 2
Cbc0038I Pass  15: suminf.    0.58195 (4) obj. 659923 iterations 9
Cbc0038I Pass  16: suminf.    0.58195 (4) obj. 659923 iterations 3
Cbc0038I Pass  17: suminf.    0.38479 (2) obj. 659923 iterations 9
Cbc0038I Pass  18: suminf.    0.31245 (2) obj. 659923 iterations 5
Cbc0038I Pass  19: suminf.    0.38479 (1) obj. 659923 iterations 2
Cbc0038I Pass  20: suminf.    1.15106 (6) obj. 659923 iterations 17
Cbc0038I Pass  21: suminf.    1.14516 (6) obj. 659923 iterations 3
Cbc0038I Pass  22: suminf.    0.64005 (3) obj. 659923 iterations 5
Cbc0038I Pass  23: suminf.    0.51916 (4) obj. 659923 iterations 4
Cbc0038I Pass  24: suminf.    0.73966 (5) obj. 659923 iterations 4
Cbc0038I Pass  25: suminf.    0.64005 (3) obj. 659923 iterations 4
Cbc0038I Pass  26: suminf.    0.51916 (4) obj. 659923 iterations 4
Cbc0038I Pass  27: suminf.    0.92416 (5) obj. 659923 iterations 7
Cbc0038I Pass  28: suminf.    0.51916 (4) obj. 659923 iterations 1
Cbc0038I Pass  29: suminf.    0.64005 (3) obj. 659923 iterations 3
Cbc0038I Pass  30: suminf.    1.71105 (7) obj. 659923 iterations 7
Cbc0038I Pass  31: suminf.    1.18516 (7) obj. 659923 iterations 5
Cbc0038I Pass  32: suminf.    0.64005 (3) obj. 659923 iterations 6
Cbc0038I Pass  33: suminf.    0.51916 (4) obj. 659923 iterations 4
Cbc0038I No solution found this major pass
Cbc0038I Before mini branch and bound, 3 integers at bound fixed and 77 continuous
Cbc0038I Full problem 117 rows 165 columns, reduced to 22 rows 29 columns
Cbc0038I Mini branch and bound did not improve solution (0.03 seconds)
Cbc0038I After 0.03 seconds - Feasibility pump exiting with objective of 659945 - took 0.02 seconds
Cbc0012I Integer solution of 659944.68 found by feasibility pump after 0 iterations and 0 nodes (0.03 seconds)
Cbc0038I Full problem 117 rows 165 columns, reduced to 64 rows 112 columns
Cbc0031I 9 added rows had average density of 15
Cbc0013I At root node, 9 cuts changed objective from 659834.17 to 659914.62 in 23 passes
Cbc0014I Cut generator 0 (Probing) - 5 row cuts average 2.4 elements, 3 column cuts (3 active)  in 0.005 seconds - new frequency is 1
Cbc0014I Cut generator 1 (Gomory) - 40 row cuts average 22.2 elements, 0 column cuts (0 active)  in 0.002 seconds - new frequency is 1
Cbc0014I Cut generator 2 (Knapsack) - 0 row cuts average 0.0 elements, 0 column cuts (0 active)  in 0.005 seconds - new frequency is -100
Cbc0014I Cut generator 3 (Clique) - 0 row cuts average 0.0 elements, 0 column cuts (0 active)  in 0.000 seconds - new frequency is -100
Cbc0014I Cut generator 4 (MixedIntegerRounding2) - 10 row cuts average 9.9 elements, 0 column cuts (0 active)  in 0.003 seconds - new frequency is 1
Cbc0014I Cut generator 5 (FlowCover) - 0 row cuts average 0.0 elements, 0 column cuts (0 active)  in 0.002 seconds - new frequency is -100
Cbc0014I Cut generator 6 (TwoMirCuts) - 19 row cuts average 10.3 elements, 0 column cuts (0 active)  in 0.002 seconds - new frequency is -100
Cbc0010I After 0 nodes, 1 on tree, 659944.68 best solution, best possible 659914.62 (0.06 seconds)
Cbc0001I Search completed - best objective 659944.6828254849, took 146 iterations and 4 nodes (0.07 seconds)
Cbc0032I Strong branching done 16 times (45 iterations), fathomed 2 nodes and fixed 1 variables
Cbc0035I Maximum depth 1, 0 variables fixed on reduced cost
Cuts at root node changed objective from 659834 to 659915
Probing was tried 29 times and created 8 cuts of which 0 were active after adding rounds of cuts (0.005 seconds)
Gomory was tried 29 times and created 42 cuts of which 0 were active after adding rounds of cuts (0.002 seconds)
Knapsack was tried 23 times and created 0 cuts of which 0 were active after adding rounds of cuts (0.005 seconds)
Clique was tried 23 times and created 0 cuts of which 0 were active after adding rounds of cuts (0.000 seconds)
MixedIntegerRounding2 was tried 29 times and created 11 cuts of which 0 were active after adding rounds of cuts (0.003 seconds)
FlowCover was tried 23 times and created 0 cuts of which 0 were active after adding rounds of cuts (0.002 seconds)
TwoMirCuts was tried 23 times and created 19 cuts of which 0 were active after adding rounds of cuts (0.002 seconds)
ZeroHalf was tried 1 times and created 0 cuts of which 0 were active after adding rounds of cuts (0.000 seconds)

Result - Optimal solution found

Objective value:                659944.68282548
Enumerated nodes:               4
Total iterations:               146
Time (CPU seconds):             0.08
Time (Wallclock seconds):       0.08

Option for printingOptions changed from normal to all
Total time (CPU seconds):       0.10   (Wallclock seconds):       0.10

