Welcome to the CBC MILP Solver 
Version: 2.10.3 
Build Date: Dec 15 2019 

command line - E:\dachuang\.venv\Lib\site-packages\pulp\apis\../solverdir/cbc/win/i64/cbc.exe model.mps -primalTolerance 1e-9 -integerTolerance 1e-9 -ratioGap 0 -allowableGap 0 -threads 0 -branch -printingOptions all -solution solution.txt -saveSolution solution.bin -quit (default strategy 1)
At line 2 NAME          MODEL
At line 3 ROWS
At line 317 COLUMNS
At line 1133 RHS
At line 1446 BOUNDS
At line 1521 ENDATA
Problem MODEL has 312 rows, 241 columns and 647 elements
Coin0008I MODEL read with 0 errors
primalTolerance was changed from 1e-07 to 1e-09
integerTolerance was changed from 1e-07 to 1e-09
ratioGap was changed from 0 to 0
allowableGap was changed from 1e-10 to 0
Continuous objective value is 1.67873e+06 - 0.00 seconds
Cgl0004I processed model has 113 rows, 157 columns (24 integer (24 of which binary)) and 332 elements
Cbc0038I Initial state - 8 integers unsatisfied sum - 1.87082
Cbc0038I Pass   1: suminf.    0.00000 (0) obj. 1.7214e+06 iterations 17
Cbc0038I Solution found of 1.7214e+06
Cbc0038I Relaxing continuous gives 1.71759e+06
Cbc0038I Before mini branch and bound, 16 integers at bound fixed and 82 continuous
Cbc0038I Full problem 113 rows 157 columns, reduced to 4 rows 6 columns
Cbc0038I Mini branch and bound improved solution from 1.71759e+06 to 1.67897e+06 (0.01 seconds)
Cbc0038I Round again with cutoff of 1.67895e+06
Cbc0038I Pass   2: suminf.    0.45079 (4) obj. 1.67895e+06 iterations 10
Cbc0038I Pass   3: suminf.    0.07354 (1) obj. 1.67895e+06 iterations 12
Cbc0038I Pass   4: suminf.    0.01754 (1) obj. 1.67895e+06 iterations 2
Cbc0038I Pass   5: suminf.    0.92646 (2) obj. 1.67895e+06 iterations 7
Cbc0038I Pass   6: suminf.    0.15637 (1) obj. 1.67895e+06 iterations 2
Cbc0038I Pass   7: suminf.    0.07354 (1) obj. 1.67895e+06 iterations 2
Cbc0038I Pass   8: suminf.    0.07354 (1) obj. 1.67895e+06 iterations 3
Cbc0038I Pass   9: suminf.    0.07354 (1) obj. 1.67895e+06 iterations 1
Cbc0038I Pass  10: suminf.    0.15637 (1) obj. 1.67895e+06 iterations 4
Cbc0038I Pass  11: suminf.    0.48454 (3) obj. 1.67895e+06 iterations 16
Cbc0038I Pass  12: suminf.    0.48454 (3) obj. 1.67895e+06 iterations 0
Cbc0038I Pass  13: suminf.    0.47271 (1) obj. 1.67895e+06 iterations 7
Cbc0038I Pass  14: suminf.    0.00000 (0) obj. 1.67895e+06 iterations 2
Cbc0038I Solution found of 1.67895e+06
Cbc0038I Relaxing continuous gives 1.67886e+06
Cbc0038I Before mini branch and bound, 8 integers at bound fixed and 70 continuous
Cbc0038I Full problem 113 rows 157 columns, reduced to 23 rows 31 columns
Cbc0038I Mini branch and bound improved solution from 1.67886e+06 to 1.67884e+06 (0.02 seconds)
Cbc0038I Round again with cutoff of 1.67881e+06
Cbc0038I Pass  15: suminf.    1.01759 (5) obj. 1.67881e+06 iterations 1
Cbc0038I Pass  16: suminf.    1.05656 (3) obj. 1.67881e+06 iterations 9
Cbc0038I Pass  17: suminf.    1.05656 (3) obj. 1.67881e+06 iterations 0
Cbc0038I Pass  18: suminf.    0.67159 (2) obj. 1.67881e+06 iterations 4
Cbc0038I Pass  19: suminf.    0.67159 (2) obj. 1.67881e+06 iterations 11
Cbc0038I Pass  20: suminf.    1.05656 (3) obj. 1.67881e+06 iterations 8
Cbc0038I Pass  21: suminf.    1.05656 (3) obj. 1.67881e+06 iterations 0
Cbc0038I Pass  22: suminf.    0.67159 (2) obj. 1.67881e+06 iterations 4
Cbc0038I Pass  23: suminf.    1.54721 (7) obj. 1.67881e+06 iterations 29
Cbc0038I Pass  24: suminf.    1.09992 (6) obj. 1.67881e+06 iterations 3
Cbc0038I Pass  25: suminf.    0.57409 (2) obj. 1.67881e+06 iterations 18
Cbc0038I Pass  26: suminf.    1.05656 (3) obj. 1.67881e+06 iterations 10
Cbc0038I Pass  27: suminf.    1.05656 (3) obj. 1.67881e+06 iterations 0
Cbc0038I Pass  28: suminf.    0.93355 (6) obj. 1.67881e+06 iterations 13
Cbc0038I Pass  29: suminf.    0.48626 (5) obj. 1.67881e+06 iterations 3
Cbc0038I Pass  30: suminf.    0.57409 (2) obj. 1.67881e+06 iterations 12
Cbc0038I Pass  31: suminf.    0.95882 (3) obj. 1.67881e+06 iterations 10
Cbc0038I Pass  32: suminf.    0.60928 (3) obj. 1.67881e+06 iterations 3
Cbc0038I Pass  33: suminf.    0.70156 (2) obj. 1.67881e+06 iterations 5
Cbc0038I Pass  34: suminf.    0.70156 (2) obj. 1.67881e+06 iterations 3
Cbc0038I Pass  35: suminf.    0.59869 (2) obj. 1.67881e+06 iterations 2
Cbc0038I Pass  36: suminf.    0.57409 (2) obj. 1.67881e+06 iterations 2
Cbc0038I Pass  37: suminf.    0.95882 (3) obj. 1.67881e+06 iterations 10
Cbc0038I Pass  38: suminf.    0.60928 (3) obj. 1.67881e+06 iterations 2
Cbc0038I Pass  39: suminf.    0.70156 (2) obj. 1.67881e+06 iterations 5
Cbc0038I Pass  40: suminf.    0.70156 (2) obj. 1.67881e+06 iterations 0
Cbc0038I Pass  41: suminf.    0.59869 (2) obj. 1.67881e+06 iterations 2
Cbc0038I Pass  42: suminf.    0.57409 (2) obj. 1.67881e+06 iterations 2
Cbc0038I Pass  43: suminf.    0.95882 (3) obj. 1.67881e+06 iterations 10
Cbc0038I Pass  44: suminf.    0.60928 (3) obj. 1.67881e+06 iterations 2
Cbc0038I No solution found this major pass
Cbc0038I Before mini branch and bound, 4 integers at bound fixed and 64 continuous
Cbc0038I Full problem 113 rows 157 columns, reduced to 28 rows 37 columns
Cbc0038I Mini branch and bound did not improve solution (0.04 seconds)
Cbc0038I After 0.04 seconds - Feasibility pump exiting with objective of 1.67884e+06 - took 0.03 seconds
Cbc0012I Integer solution of 1678836 found by feasibility pump after 0 iterations and 0 nodes (0.04 seconds)
Cbc0038I Full problem 113 rows 157 columns, reduced to 71 rows 110 columns
Cbc0031I 11 added rows had average density of 14.636364
Cbc0013I At root node, 11 cuts changed objective from 1678726.8 to 1678791.8 in 46 passes
Cbc0014I Cut generator 0 (Probing) - 8 row cuts average 7.0 elements, 1 column cuts (1 active)  in 0.006 seconds - new frequency is 1
Cbc0014I Cut generator 1 (Gomory) - 85 row cuts average 29.3 elements, 0 column cuts (0 active)  in 0.003 seconds - new frequency is 1
Cbc0014I Cut generator 2 (Knapsack) - 0 row cuts average 0.0 elements, 0 column cuts (0 active)  in 0.007 seconds - new frequency is -100
Cbc0014I Cut generator 3 (Clique) - 0 row cuts average 0.0 elements, 0 column cuts (0 active)  in 0.000 seconds - new frequency is -100
Cbc0014I Cut generator 4 (MixedIntegerRounding2) - 9 row cuts average 6.6 elements, 0 column cuts (0 active)  in 0.003 seconds - new frequency is 1
Cbc0014I Cut generator 5 (FlowCover) - 0 row cuts average 0.0 elements, 0 column cuts (0 active)  in 0.008 seconds - new frequency is -100
Cbc0014I Cut generator 6 (TwoMirCuts) - 20 row cuts average 13.3 elements, 0 column cuts (0 active)  in 0.004 seconds - new frequency is -100
Cbc0010I After 0 nodes, 1 on tree, 1678836 best solution, best possible 1678791.8 (0.10 seconds)
Cbc0001I Search completed - best objective 1678836.015726231, took 412 iterations and 14 nodes (0.13 seconds)
Cbc0032I Strong branching done 44 times (126 iterations), fathomed 7 nodes and fixed 3 variables
Cbc0035I Maximum depth 3, 0 variables fixed on reduced cost
Cuts at root node changed objective from 1.67873e+06 to 1.67879e+06
Probing was tried 74 times and created 9 cuts of which 0 were active after adding rounds of cuts (0.006 seconds)
Gomory was tried 74 times and created 107 cuts of which 0 were active after adding rounds of cuts (0.004 seconds)
Knapsack was tried 46 times and created 0 cuts of which 0 were active after adding rounds of cuts (0.007 seconds)
Clique was tried 46 times and created 0 cuts of which 0 were active after adding rounds of cuts (0.000 seconds)
MixedIntegerRounding2 was tried 74 times and created 9 cuts of which 0 were active after adding rounds of cuts (0.008 seconds)
FlowCover was tried 46 times and created 0 cuts of which 0 were active after adding rounds of cuts (0.008 seconds)
TwoMirCuts was tried 46 times and created 20 cuts of which 0 were active after adding rounds of cuts (0.004 seconds)
ZeroHalf was tried 1 times and created 0 cuts of which 0 were active after adding rounds of cuts (0.000 seconds)

Result - Optimal solution found

Objective value:                1678836.01572623
Enumerated nodes:               14
Total iterations:               412
Time (CPU seconds):             0.14
Time (Wallclock seconds):       0.13

Option for printingOptions changed from normal to all
Total time (CPU seconds):       0.17   (Wallclock seconds):       0.16

