Welcome to the CBC MILP Solver 
Version: 2.10.3 
Build Date: Dec 15 2019 

command line - E:\dachuang\.venv\Lib\site-packages\pulp\apis\../solverdir/cbc/win/i64/cbc.exe model.mps -primalTolerance 1e-9 -integerTolerance 1e-9 -ratioGap 0 -allowableGap 0 -threads 0 -branch -printingOptions all -solution solution.txt -saveSolution solution.bin -quit (default strategy 1)
At line 2 NAME          MODEL
At line 3 ROWS
At line 317 COLUMNS
At line 1133 RHS
At line 1446 BOUNDS
At line 1521 ENDATA
Problem MODEL has 312 rows, 241 columns and 647 elements
Coin0008I MODEL read with 0 errors
primalTolerance was changed from 1e-07 to 1e-09
integerTolerance was changed from 1e-07 to 1e-09
ratioGap was changed from 0 to 0
allowableGap was changed from 1e-10 to 0
Continuous objective value is 676881 - 0.00 seconds
Cgl0004I processed model has 117 rows, 165 columns (24 integer (24 of which binary)) and 352 elements
Cbc0038I Initial state - 4 integers unsatisfied sum - 1.50066
Cbc0038I Pass   1: suminf.    0.00000 (0) obj. 677224 iterations 13
Cbc0038I Solution found of 677224
Cbc0038I Relaxing continuous gives 677224
Cbc0038I Before mini branch and bound, 20 integers at bound fixed and 90 continuous
Cbc0038I Full problem 117 rows 165 columns, reduced to 5 rows 6 columns
Cbc0038I Mini branch and bound did not improve solution (0.01 seconds)
Cbc0038I Round again with cutoff of 677190
Cbc0038I Pass   2: suminf.    0.14761 (1) obj. 677190 iterations 2
Cbc0038I Pass   3: suminf.    0.00000 (0) obj. 677190 iterations 7
Cbc0038I Solution found of 677190
Cbc0038I Relaxing continuous gives 677014
Cbc0038I Before mini branch and bound, 19 integers at bound fixed and 84 continuous
Cbc0038I Full problem 117 rows 165 columns, reduced to 16 rows 23 columns
Cbc0038I Mini branch and bound improved solution from 677014 to 676903 (0.01 seconds)
Cbc0038I Round again with cutoff of 676899
Cbc0038I Pass   4: suminf.    0.52022 (3) obj. 676899 iterations 5
Cbc0038I Pass   5: suminf.    0.52022 (2) obj. 676899 iterations 1
Cbc0038I Pass   6: suminf.    0.11812 (2) obj. 676899 iterations 8
Cbc0038I Pass   7: suminf.    0.41772 (2) obj. 676899 iterations 5
Cbc0038I Pass   8: suminf.    0.41772 (2) obj. 676899 iterations 2
Cbc0038I Pass   9: suminf.    0.11812 (2) obj. 676899 iterations 5
Cbc0038I Pass  10: suminf.    0.41772 (2) obj. 676899 iterations 2
Cbc0038I Pass  11: suminf.    0.46799 (2) obj. 676899 iterations 15
Cbc0038I Pass  12: suminf.    0.38891 (1) obj. 676899 iterations 5
Cbc0038I Solution found of 676899
Cbc0038I Relaxing continuous gives 676882
Cbc0038I Before mini branch and bound, 10 integers at bound fixed and 81 continuous
Cbc0038I Full problem 117 rows 165 columns, reduced to 20 rows 28 columns
Cbc0038I Mini branch and bound improved solution from 676882 to 676882 (0.02 seconds)
Cbc0038I Round again with cutoff of 676882
Cbc0038I Pass  13: suminf.    0.60039 (3) obj. 676882 iterations 0
Cbc0038I Pass  14: suminf.    0.60039 (3) obj. 676882 iterations 1
Cbc0038I Pass  15: suminf.    0.49817 (2) obj. 676882 iterations 8
Cbc0038I Pass  16: suminf.    0.49790 (2) obj. 676882 iterations 1
Cbc0038I Pass  17: suminf.    0.19829 (2) obj. 676882 iterations 5
Cbc0038I Pass  18: suminf.    0.19829 (2) obj. 676882 iterations 2
Cbc0038I Pass  19: suminf.    0.49790 (2) obj. 676882 iterations 2
Cbc0038I Pass  20: suminf.    0.19829 (2) obj. 676882 iterations 5
Cbc0038I Pass  21: suminf.    0.72479 (5) obj. 676882 iterations 8
Cbc0038I Pass  22: suminf.    0.72479 (4) obj. 676882 iterations 1
Cbc0038I Pass  23: suminf.    0.49790 (2) obj. 676882 iterations 5
Cbc0038I Pass  24: suminf.    0.19829 (2) obj. 676882 iterations 3
Cbc0038I Pass  25: suminf.    1.60296 (4) obj. 676882 iterations 13
Cbc0038I Pass  26: suminf.    0.85368 (3) obj. 676882 iterations 6
Cbc0038I Pass  27: suminf.    0.00643 (1) obj. 676882 iterations 3
Cbc0038I Pass  28: suminf.    0.00118 (1) obj. 676882 iterations 1
Cbc0038I Pass  29: suminf.    0.09580 (2) obj. 676882 iterations 11
Cbc0038I Pass  30: suminf.    0.09580 (2) obj. 676882 iterations 1
Cbc0038I Pass  31: suminf.    0.60039 (2) obj. 676882 iterations 2
Cbc0038I Pass  32: suminf.    1.50342 (4) obj. 676882 iterations 12
Cbc0038I Pass  33: suminf.    0.60039 (3) obj. 676882 iterations 2
Cbc0038I Pass  34: suminf.    0.60039 (3) obj. 676882 iterations 1
Cbc0038I Pass  35: suminf.    0.49817 (2) obj. 676882 iterations 2
Cbc0038I Pass  36: suminf.    0.49790 (2) obj. 676882 iterations 1
Cbc0038I Pass  37: suminf.    0.19829 (2) obj. 676882 iterations 3
Cbc0038I Pass  38: suminf.    0.00118 (1) obj. 676882 iterations 10
Cbc0038I Pass  39: suminf.    0.00118 (1) obj. 676882 iterations 0
Cbc0038I Pass  40: suminf.    0.45059 (2) obj. 676882 iterations 7
Cbc0038I Pass  41: suminf.    0.09580 (2) obj. 676882 iterations 3
Cbc0038I Pass  42: suminf.    0.45085 (2) obj. 676882 iterations 2
Cbc0038I No solution found this major pass
Cbc0038I Before mini branch and bound, 3 integers at bound fixed and 80 continuous
Cbc0038I Full problem 117 rows 165 columns, reduced to 19 rows 25 columns
Cbc0038I Mini branch and bound did not improve solution (0.03 seconds)
Cbc0038I After 0.04 seconds - Feasibility pump exiting with objective of 676882 - took 0.03 seconds
Cbc0012I Integer solution of 676882 found by feasibility pump after 0 iterations and 0 nodes (0.04 seconds)
Cbc0038I Full problem 117 rows 165 columns, reduced to 64 rows 111 columns
Cbc0031I 2 added rows had average density of 18
Cbc0013I At root node, 2 cuts changed objective from 676881.17 to 676881.17 in 14 passes
Cbc0014I Cut generator 0 (Probing) - 4 row cuts average 5.0 elements, 3 column cuts (3 active)  in 0.001 seconds - new frequency is 1
Cbc0014I Cut generator 1 (Gomory) - 47 row cuts average 18.8 elements, 0 column cuts (0 active)  in 0.000 seconds - new frequency is 1
Cbc0014I Cut generator 2 (Knapsack) - 0 row cuts average 0.0 elements, 0 column cuts (0 active)  in 0.001 seconds - new frequency is -100
Cbc0014I Cut generator 3 (Clique) - 0 row cuts average 0.0 elements, 0 column cuts (0 active)  in 0.000 seconds - new frequency is -100
Cbc0014I Cut generator 4 (MixedIntegerRounding2) - 3 row cuts average 7.3 elements, 0 column cuts (0 active)  in 0.004 seconds - new frequency is -100
Cbc0014I Cut generator 5 (FlowCover) - 1 row cuts average 2.0 elements, 0 column cuts (0 active)  in 0.006 seconds - new frequency is -100
Cbc0014I Cut generator 6 (TwoMirCuts) - 20 row cuts average 9.8 elements, 0 column cuts (0 active)  in 0.001 seconds - new frequency is -100
Cbc0010I After 0 nodes, 1 on tree, 676882 best solution, best possible 676881.17 (0.06 seconds)
Cbc0001I Search completed - best objective 676882.0000000008, took 133 iterations and 10 nodes (0.08 seconds)
Cbc0032I Strong branching done 42 times (98 iterations), fathomed 6 nodes and fixed 2 variables
Cbc0035I Maximum depth 2, 0 variables fixed on reduced cost
Cuts at root node changed objective from 676881 to 676881
Probing was tried 29 times and created 8 cuts of which 0 were active after adding rounds of cuts (0.002 seconds)
Gomory was tried 29 times and created 59 cuts of which 0 were active after adding rounds of cuts (0.001 seconds)
Knapsack was tried 14 times and created 0 cuts of which 0 were active after adding rounds of cuts (0.001 seconds)
Clique was tried 14 times and created 0 cuts of which 0 were active after adding rounds of cuts (0.000 seconds)
MixedIntegerRounding2 was tried 14 times and created 3 cuts of which 0 were active after adding rounds of cuts (0.004 seconds)
FlowCover was tried 14 times and created 1 cuts of which 0 were active after adding rounds of cuts (0.006 seconds)
TwoMirCuts was tried 14 times and created 20 cuts of which 0 were active after adding rounds of cuts (0.001 seconds)
ZeroHalf was tried 1 times and created 0 cuts of which 0 were active after adding rounds of cuts (0.000 seconds)

Result - Optimal solution found

Objective value:                676882.00000000
Enumerated nodes:               10
Total iterations:               133
Time (CPU seconds):             0.08
Time (Wallclock seconds):       0.08

Option for printingOptions changed from normal to all
Total time (CPU seconds):       0.11   (Wallclock seconds):       0.11

