Welcome to the CBC MILP Solver 
Version: 2.10.3 
Build Date: Dec 15 2019 

command line - E:\dachuang\.venv\Lib\site-packages\pulp\apis\../solverdir/cbc/win/i64/cbc.exe model.mps -primalTolerance 1e-9 -integerTolerance 1e-9 -ratioGap 0 -allowableGap 0 -threads 0 -branch -printingOptions all -solution solution.txt -saveSolution solution.bin -quit (default strategy 1)
At line 2 NAME          MODEL
At line 3 ROWS
At line 317 COLUMNS
At line 1133 RHS
At line 1446 BOUNDS
At line 1521 ENDATA
Problem MODEL has 312 rows, 241 columns and 647 elements
Coin0008I MODEL read with 0 errors
primalTolerance was changed from 1e-07 to 1e-09
integerTolerance was changed from 1e-07 to 1e-09
ratioGap was changed from 0 to 0
allowableGap was changed from 1e-10 to 0
Continuous objective value is 822668 - 0.00 seconds
Cgl0004I processed model has 116 rows, 163 columns (24 integer (24 of which binary)) and 347 elements
Cbc0038I Initial state - 7 integers unsatisfied sum - 1.84747
Cbc0038I Pass   1: suminf.    0.00000 (0) obj. 903981 iterations 12
Cbc0038I Solution found of 903981
Cbc0038I Relaxing continuous gives 827450
Cbc0038I Before mini branch and bound, 17 integers at bound fixed and 86 continuous
Cbc0038I Full problem 116 rows 163 columns, reduced to 6 rows 9 columns
Cbc0038I Mini branch and bound improved solution from 827450 to 822901 (0.01 seconds)
Cbc0038I Round again with cutoff of 822878
Cbc0038I Pass   2: suminf.    0.58583 (3) obj. 822878 iterations 10
Cbc0038I Pass   3: suminf.    0.10017 (1) obj. 822878 iterations 19
Cbc0038I Pass   4: suminf.    0.47941 (1) obj. 822878 iterations 4
Cbc0038I Pass   5: suminf.    0.00000 (0) obj. 822878 iterations 3
Cbc0038I Solution found of 822878
Cbc0038I Relaxing continuous gives 822868
Cbc0038I Before mini branch and bound, 14 integers at bound fixed and 79 continuous
Cbc0038I Full problem 116 rows 163 columns, reduced to 18 rows 25 columns
Cbc0038I Mini branch and bound improved solution from 822868 to 822769 (0.02 seconds)
Cbc0038I Round again with cutoff of 822749
Cbc0038I Pass   6: suminf.    1.14200 (4) obj. 822749 iterations 2
Cbc0038I Pass   7: suminf.    0.57116 (2) obj. 822749 iterations 17
Cbc0038I Pass   8: suminf.    0.57116 (2) obj. 822749 iterations 0
Cbc0038I Pass   9: suminf.    0.09566 (1) obj. 822749 iterations 4
Cbc0038I Pass  10: suminf.    0.17634 (1) obj. 822749 iterations 3
Cbc0038I Pass  11: suminf.    0.57116 (2) obj. 822749 iterations 9
Cbc0038I Pass  12: suminf.    0.09566 (1) obj. 822749 iterations 3
Cbc0038I Pass  13: suminf.    0.27384 (1) obj. 822749 iterations 3
Cbc0038I Pass  14: suminf.    1.41726 (4) obj. 822749 iterations 13
Cbc0038I Pass  15: suminf.    0.96116 (3) obj. 822749 iterations 2
Cbc0038I Pass  16: suminf.    0.09566 (1) obj. 822749 iterations 3
Cbc0038I Pass  17: suminf.    0.27384 (1) obj. 822749 iterations 2
Cbc0038I Pass  18: suminf.    0.57116 (2) obj. 822749 iterations 8
Cbc0038I Pass  19: suminf.    0.09566 (1) obj. 822749 iterations 2
Cbc0038I Pass  20: suminf.    0.17634 (1) obj. 822749 iterations 1
Cbc0038I Pass  21: suminf.    0.66607 (4) obj. 822749 iterations 14
Cbc0038I Pass  22: suminf.    0.61507 (3) obj. 822749 iterations 1
Cbc0038I Pass  23: suminf.    0.09566 (1) obj. 822749 iterations 5
Cbc0038I Pass  24: suminf.    0.17634 (1) obj. 822749 iterations 5
Cbc0038I Pass  25: suminf.    1.05948 (5) obj. 822749 iterations 12
Cbc0038I Pass  26: suminf.    1.05948 (5) obj. 822749 iterations 1
Cbc0038I Pass  27: suminf.    0.09566 (1) obj. 822749 iterations 5
Cbc0038I Pass  28: suminf.    0.17634 (1) obj. 822749 iterations 5
Cbc0038I Pass  29: suminf.    0.96766 (4) obj. 822749 iterations 7
Cbc0038I Pass  30: suminf.    0.09566 (1) obj. 822749 iterations 4
Cbc0038I Pass  31: suminf.    0.17634 (1) obj. 822749 iterations 3
Cbc0038I Pass  32: suminf.    0.71266 (3) obj. 822749 iterations 8
Cbc0038I Pass  33: suminf.    0.71266 (3) obj. 822749 iterations 0
Cbc0038I Pass  34: suminf.    0.09566 (1) obj. 822749 iterations 3
Cbc0038I Pass  35: suminf.    0.17634 (1) obj. 822749 iterations 1
Cbc0038I No solution found this major pass
Cbc0038I Before mini branch and bound, 2 integers at bound fixed and 76 continuous
Cbc0038I Full problem 116 rows 163 columns, reduced to 23 rows 30 columns
Cbc0038I Mini branch and bound did not improve solution (0.03 seconds)
Cbc0038I After 0.03 seconds - Feasibility pump exiting with objective of 822769 - took 0.03 seconds
Cbc0012I Integer solution of 822768.57 found by feasibility pump after 0 iterations and 0 nodes (0.03 seconds)
Cbc0038I Full problem 116 rows 163 columns, reduced to 74 rows 120 columns
Cbc0031I 6 added rows had average density of 11.833333
Cbc0013I At root node, 6 cuts changed objective from 822668.36 to 822668.68 in 21 passes
Cbc0014I Cut generator 0 (Probing) - 5 row cuts average 2.4 elements, 5 column cuts (5 active)  in 0.002 seconds - new frequency is 1
Cbc0014I Cut generator 1 (Gomory) - 52 row cuts average 22.6 elements, 0 column cuts (0 active)  in 0.002 seconds - new frequency is 1
Cbc0014I Cut generator 2 (Knapsack) - 0 row cuts average 0.0 elements, 0 column cuts (0 active)  in 0.001 seconds - new frequency is -100
Cbc0014I Cut generator 3 (Clique) - 0 row cuts average 0.0 elements, 0 column cuts (0 active)  in 0.000 seconds - new frequency is -100
Cbc0014I Cut generator 4 (MixedIntegerRounding2) - 6 row cuts average 7.5 elements, 0 column cuts (0 active)  in 0.002 seconds - new frequency is 1
Cbc0014I Cut generator 5 (FlowCover) - 0 row cuts average 0.0 elements, 0 column cuts (0 active)  in 0.003 seconds - new frequency is -100
Cbc0014I Cut generator 6 (TwoMirCuts) - 24 row cuts average 11.0 elements, 0 column cuts (0 active)  in 0.000 seconds - new frequency is -100
Cbc0010I After 0 nodes, 1 on tree, 822768.57 best solution, best possible 822668.68 (0.07 seconds)
Cbc0001I Search completed - best objective 822768.5695290795, took 289 iterations and 18 nodes (0.11 seconds)
Cbc0032I Strong branching done 40 times (100 iterations), fathomed 8 nodes and fixed 1 variables
Cbc0035I Maximum depth 3, 1 variables fixed on reduced cost
Cuts at root node changed objective from 822668 to 822669
Probing was tried 72 times and created 11 cuts of which 0 were active after adding rounds of cuts (0.003 seconds)
Gomory was tried 72 times and created 107 cuts of which 0 were active after adding rounds of cuts (0.007 seconds)
Knapsack was tried 21 times and created 0 cuts of which 0 were active after adding rounds of cuts (0.001 seconds)
Clique was tried 21 times and created 0 cuts of which 0 were active after adding rounds of cuts (0.000 seconds)
MixedIntegerRounding2 was tried 72 times and created 6 cuts of which 0 were active after adding rounds of cuts (0.007 seconds)
FlowCover was tried 21 times and created 0 cuts of which 0 were active after adding rounds of cuts (0.003 seconds)
TwoMirCuts was tried 21 times and created 24 cuts of which 0 were active after adding rounds of cuts (0.000 seconds)
ZeroHalf was tried 1 times and created 0 cuts of which 0 were active after adding rounds of cuts (0.000 seconds)

Result - Optimal solution found

Objective value:                822768.56952908
Enumerated nodes:               18
Total iterations:               289
Time (CPU seconds):             0.12
Time (Wallclock seconds):       0.12

Option for printingOptions changed from normal to all
Total time (CPU seconds):       0.15   (Wallclock seconds):       0.15

