Welcome to the CBC MILP Solver 
Version: 2.10.3 
Build Date: Dec 15 2019 

command line - E:\dachuang\.venv\Lib\site-packages\pulp\apis\../solverdir/cbc/win/i64/cbc.exe model.mps -primalTolerance 1e-9 -integerTolerance 1e-9 -ratioGap 0 -allowableGap 0 -threads 0 -branch -printingOptions all -solution solution.txt -saveSolution solution.bin -quit (default strategy 1)
At line 2 NAME          MODEL
At line 3 ROWS
At line 317 COLUMNS
At line 1133 RHS
At line 1446 BOUNDS
At line 1521 ENDATA
Problem MODEL has 312 rows, 241 columns and 647 elements
Coin0008I MODEL read with 0 errors
primalTolerance was changed from 1e-07 to 1e-09
integerTolerance was changed from 1e-07 to 1e-09
ratioGap was changed from 0 to 0
allowableGap was changed from 1e-10 to 0
Continuous objective value is 3.02528e+06 - 0.00 seconds
Cgl0004I processed model has 111 rows, 153 columns (24 integer (24 of which binary)) and 322 elements
Cbc0038I Initial state - 6 integers unsatisfied sum - 1.96266
Cbc0038I Pass   1: suminf.    0.00000 (0) obj. 3.02562e+06 iterations 14
Cbc0038I Solution found of 3.02562e+06
Cbc0038I Relaxing continuous gives 3.02562e+06
Cbc0038I Before mini branch and bound, 18 integers at bound fixed and 85 continuous
Cbc0038I Full problem 111 rows 153 columns, reduced to 4 rows 4 columns
Cbc0038I Mini branch and bound did not improve solution (0.01 seconds)
Cbc0038I Freeing continuous variables gives a solution of 3.02562e+06
Cbc0038I Round again with cutoff of 3.02559e+06
Cbc0038I Pass   2: suminf.    0.14761 (1) obj. 3.02559e+06 iterations 2
Cbc0038I Pass   3: suminf.    0.00000 (0) obj. 3.02559e+06 iterations 11
Cbc0038I Solution found of 3.02559e+06
Cbc0038I Relaxing continuous gives 3.02547e+06
Cbc0038I Before mini branch and bound, 17 integers at bound fixed and 80 continuous
Cbc0038I Full problem 111 rows 153 columns, reduced to 17 rows 22 columns
Cbc0038I Mini branch and bound improved solution from 3.02547e+06 to 3.02536e+06 (0.01 seconds)
Cbc0038I Round again with cutoff of 3.02534e+06
Cbc0038I Pass   4: suminf.    0.57610 (3) obj. 3.02534e+06 iterations 2
Cbc0038I Pass   5: suminf.    0.57610 (3) obj. 3.02534e+06 iterations 5
Cbc0038I Pass   6: suminf.    0.27429 (1) obj. 3.02534e+06 iterations 10
Cbc0038I Pass   7: suminf.    0.20571 (2) obj. 3.02534e+06 iterations 3
Cbc0038I Pass   8: suminf.    0.70439 (3) obj. 3.02534e+06 iterations 14
Cbc0038I Pass   9: suminf.    0.70439 (3) obj. 3.02534e+06 iterations 1
Cbc0038I Pass  10: suminf.    0.59134 (3) obj. 3.02534e+06 iterations 7
Cbc0038I Pass  11: suminf.    0.57610 (3) obj. 3.02534e+06 iterations 2
Cbc0038I Pass  12: suminf.    0.27429 (1) obj. 3.02534e+06 iterations 4
Cbc0038I Pass  13: suminf.    0.20571 (2) obj. 3.02534e+06 iterations 3
Cbc0038I Pass  14: suminf.    0.70439 (3) obj. 3.02534e+06 iterations 14
Cbc0038I Pass  15: suminf.    0.70439 (3) obj. 3.02534e+06 iterations 1
Cbc0038I Pass  16: suminf.    0.59134 (3) obj. 3.02534e+06 iterations 7
Cbc0038I Pass  17: suminf.    0.57610 (3) obj. 3.02534e+06 iterations 2
Cbc0038I Pass  18: suminf.    0.27429 (1) obj. 3.02534e+06 iterations 4
Cbc0038I Pass  19: suminf.    0.20571 (2) obj. 3.02534e+06 iterations 3
Cbc0038I Pass  20: suminf.    0.70439 (3) obj. 3.02534e+06 iterations 12
Cbc0038I Pass  21: suminf.    0.70439 (3) obj. 3.02534e+06 iterations 1
Cbc0038I Pass  22: suminf.    0.59134 (3) obj. 3.02534e+06 iterations 7
Cbc0038I Pass  23: suminf.    0.57610 (3) obj. 3.02534e+06 iterations 2
Cbc0038I Pass  24: suminf.    0.27429 (1) obj. 3.02534e+06 iterations 4
Cbc0038I Pass  25: suminf.    0.20571 (2) obj. 3.02534e+06 iterations 3
Cbc0038I Pass  26: suminf.    0.70439 (3) obj. 3.02534e+06 iterations 12
Cbc0038I Pass  27: suminf.    0.70439 (3) obj. 3.02534e+06 iterations 1
Cbc0038I Pass  28: suminf.    0.59134 (3) obj. 3.02534e+06 iterations 7
Cbc0038I Pass  29: suminf.    0.57610 (3) obj. 3.02534e+06 iterations 2
Cbc0038I Pass  30: suminf.    0.27429 (1) obj. 3.02534e+06 iterations 4
Cbc0038I Pass  31: suminf.    0.20571 (2) obj. 3.02534e+06 iterations 3
Cbc0038I Pass  32: suminf.    0.70439 (3) obj. 3.02534e+06 iterations 14
Cbc0038I Pass  33: suminf.    0.70439 (3) obj. 3.02534e+06 iterations 1
Cbc0038I No solution found this major pass
Cbc0038I Before mini branch and bound, 16 integers at bound fixed and 77 continuous
Cbc0038I Full problem 111 rows 153 columns, reduced to 20 rows 27 columns
Cbc0038I Mini branch and bound did not improve solution (0.03 seconds)
Cbc0038I After 0.03 seconds - Feasibility pump exiting with objective of 3.02536e+06 - took 0.02 seconds
Cbc0012I Integer solution of 3025358.7 found by feasibility pump after 0 iterations and 0 nodes (0.03 seconds)
Cbc0038I Full problem 111 rows 153 columns, reduced to 61 rows 98 columns
Cbc0031I 7 added rows had average density of 25.142857
Cbc0013I At root node, 7 cuts changed objective from 3025280.3 to 3025322.8 in 100 passes
Cbc0014I Cut generator 0 (Probing) - 3 row cuts average 2.7 elements, 2 column cuts (2 active)  in 0.008 seconds - new frequency is -100
Cbc0014I Cut generator 1 (Gomory) - 268 row cuts average 37.3 elements, 0 column cuts (0 active)  in 0.009 seconds - new frequency is 1
Cbc0014I Cut generator 2 (Knapsack) - 0 row cuts average 0.0 elements, 0 column cuts (0 active)  in 0.017 seconds - new frequency is -100
Cbc0014I Cut generator 3 (Clique) - 0 row cuts average 0.0 elements, 0 column cuts (0 active)  in 0.000 seconds - new frequency is -100
Cbc0014I Cut generator 4 (MixedIntegerRounding2) - 4 row cuts average 7.3 elements, 0 column cuts (0 active)  in 0.006 seconds - new frequency is -100
Cbc0014I Cut generator 5 (FlowCover) - 0 row cuts average 0.0 elements, 0 column cuts (0 active)  in 0.021 seconds - new frequency is -100
Cbc0014I Cut generator 6 (TwoMirCuts) - 18 row cuts average 15.1 elements, 0 column cuts (0 active)  in 0.000 seconds - new frequency is -100
Cbc0010I After 0 nodes, 1 on tree, 3025358.7 best solution, best possible 3025322.8 (0.16 seconds)
Cbc0001I Search completed - best objective 3025358.728749798, took 1050 iterations and 8 nodes (0.18 seconds)
Cbc0032I Strong branching done 30 times (96 iterations), fathomed 2 nodes and fixed 2 variables
Cbc0035I Maximum depth 3, 1 variables fixed on reduced cost
Cuts at root node changed objective from 3.02528e+06 to 3.02532e+06
Probing was tried 100 times and created 5 cuts of which 0 were active after adding rounds of cuts (0.008 seconds)
Gomory was tried 118 times and created 286 cuts of which 0 were active after adding rounds of cuts (0.010 seconds)
Knapsack was tried 100 times and created 0 cuts of which 0 were active after adding rounds of cuts (0.017 seconds)
Clique was tried 100 times and created 0 cuts of which 0 were active after adding rounds of cuts (0.000 seconds)
MixedIntegerRounding2 was tried 100 times and created 4 cuts of which 0 were active after adding rounds of cuts (0.006 seconds)
FlowCover was tried 100 times and created 0 cuts of which 0 were active after adding rounds of cuts (0.021 seconds)
TwoMirCuts was tried 100 times and created 18 cuts of which 0 were active after adding rounds of cuts (0.000 seconds)
ZeroHalf was tried 1 times and created 0 cuts of which 0 were active after adding rounds of cuts (0.000 seconds)

Result - Optimal solution found

Objective value:                3025358.72874980
Enumerated nodes:               8
Total iterations:               1050
Time (CPU seconds):             0.18
Time (Wallclock seconds):       0.18

Option for printingOptions changed from normal to all
Total time (CPU seconds):       0.21   (Wallclock seconds):       0.21

