Welcome to the CBC MILP Solver 
Version: 2.10.3 
Build Date: Dec 15 2019 

command line - E:\dachuang\.venv\Lib\site-packages\pulp\apis\../solverdir/cbc/win/i64/cbc.exe model.mps -primalTolerance 1e-9 -integerTolerance 1e-9 -ratioGap 0 -allowableGap 0 -threads 0 -branch -printingOptions all -solution solution.txt -saveSolution solution.bin -quit (default strategy 1)
At line 2 NAME          MODEL
At line 3 ROWS
At line 317 COLUMNS
At line 1133 RHS
At line 1446 BOUNDS
At line 1521 ENDATA
Problem MODEL has 312 rows, 241 columns and 647 elements
Coin0008I MODEL read with 0 errors
primalTolerance was changed from 1e-07 to 1e-09
integerTolerance was changed from 1e-07 to 1e-09
ratioGap was changed from 0 to 0
allowableGap was changed from 1e-10 to 0
Continuous objective value is 2.9162e+06 - 0.00 seconds
Cgl0004I processed model has 111 rows, 151 columns (24 integer (24 of which binary)) and 320 elements
Cbc0038I Initial state - 5 integers unsatisfied sum - 1.74295
Cbc0038I Pass   1: suminf.    0.00000 (0) obj. 2.91654e+06 iterations 13
Cbc0038I Solution found of 2.91654e+06
Cbc0038I Relaxing continuous gives 2.91654e+06
Cbc0038I Before mini branch and bound, 19 integers at bound fixed and 89 continuous
Cbc0038I Full problem 111 rows 151 columns, reduced to 6 rows 8 columns
Cbc0038I Mini branch and bound did not improve solution (0.01 seconds)
Cbc0038I Freeing continuous variables gives a solution of 2.91654e+06
Cbc0038I Round again with cutoff of 2.9165e+06
Cbc0038I Pass   2: suminf.    0.14761 (1) obj. 2.9165e+06 iterations 3
Cbc0038I Pass   3: suminf.    0.00000 (0) obj. 2.9165e+06 iterations 9
Cbc0038I Solution found of 2.9165e+06
Cbc0038I Relaxing continuous gives 2.91643e+06
Cbc0038I Before mini branch and bound, 18 integers at bound fixed and 85 continuous
Cbc0038I Full problem 111 rows 151 columns, reduced to 16 rows 21 columns
Cbc0038I Mini branch and bound improved solution from 2.91643e+06 to 2.91632e+06 (0.01 seconds)
Cbc0038I Freeing continuous variables gives a solution of 2.91632e+06
Cbc0038I Round again with cutoff of 2.91629e+06
Cbc0038I Pass   4: suminf.    0.61532 (3) obj. 2.91629e+06 iterations 2
Cbc0038I Pass   5: suminf.    0.61532 (3) obj. 2.91629e+06 iterations 4
Cbc0038I Pass   6: suminf.    0.42210 (1) obj. 2.91629e+06 iterations 7
Cbc0038I Pass   7: suminf.    0.05790 (2) obj. 2.91629e+06 iterations 3
Cbc0038I Pass   8: suminf.    0.58397 (3) obj. 2.91629e+06 iterations 12
Cbc0038I Pass   9: suminf.    0.54061 (2) obj. 2.91629e+06 iterations 2
Cbc0038I Pass  10: suminf.    0.54061 (2) obj. 2.91629e+06 iterations 1
Cbc0038I Pass  11: suminf.    0.42210 (1) obj. 2.91629e+06 iterations 3
Cbc0038I Pass  12: suminf.    0.05790 (2) obj. 2.91629e+06 iterations 3
Cbc0038I Pass  13: suminf.    0.58397 (3) obj. 2.91629e+06 iterations 12
Cbc0038I Pass  14: suminf.    0.54061 (2) obj. 2.91629e+06 iterations 2
Cbc0038I Pass  15: suminf.    0.54061 (2) obj. 2.91629e+06 iterations 1
Cbc0038I Pass  16: suminf.    0.42210 (1) obj. 2.91629e+06 iterations 3
Cbc0038I Pass  17: suminf.    0.05790 (2) obj. 2.91629e+06 iterations 3
Cbc0038I Pass  18: suminf.    0.58397 (3) obj. 2.91629e+06 iterations 12
Cbc0038I Pass  19: suminf.    0.54061 (2) obj. 2.91629e+06 iterations 2
Cbc0038I Pass  20: suminf.    0.54061 (2) obj. 2.91629e+06 iterations 1
Cbc0038I Pass  21: suminf.    0.42210 (1) obj. 2.91629e+06 iterations 3
Cbc0038I Pass  22: suminf.    0.05790 (2) obj. 2.91629e+06 iterations 3
Cbc0038I Pass  23: suminf.    0.58397 (3) obj. 2.91629e+06 iterations 12
Cbc0038I Pass  24: suminf.    0.54061 (2) obj. 2.91629e+06 iterations 2
Cbc0038I Pass  25: suminf.    0.54061 (2) obj. 2.91629e+06 iterations 1
Cbc0038I Pass  26: suminf.    0.42210 (1) obj. 2.91629e+06 iterations 3
Cbc0038I Pass  27: suminf.    0.05790 (2) obj. 2.91629e+06 iterations 3
Cbc0038I Pass  28: suminf.    0.58397 (3) obj. 2.91629e+06 iterations 12
Cbc0038I Pass  29: suminf.    0.54061 (2) obj. 2.91629e+06 iterations 2
Cbc0038I Pass  30: suminf.    0.54061 (2) obj. 2.91629e+06 iterations 1
Cbc0038I Pass  31: suminf.    0.42210 (1) obj. 2.91629e+06 iterations 3
Cbc0038I Pass  32: suminf.    0.05790 (2) obj. 2.91629e+06 iterations 3
Cbc0038I Pass  33: suminf.    0.58397 (3) obj. 2.91629e+06 iterations 12
Cbc0038I No solution found this major pass
Cbc0038I Before mini branch and bound, 16 integers at bound fixed and 81 continuous
Cbc0038I Full problem 111 rows 151 columns, reduced to 22 rows 29 columns
Cbc0038I Mini branch and bound improved solution from 2.91632e+06 to 2.9163e+06 (0.03 seconds)
Cbc0038I Freeing continuous variables gives a solution of 2.9163e+06
Cbc0038I Round again with cutoff of 2.91626e+06
Cbc0038I Pass  33: suminf.    0.75432 (3) obj. 2.91626e+06 iterations 0
Cbc0038I Pass  34: suminf.    0.75432 (3) obj. 2.91626e+06 iterations 4
Cbc0038I Pass  35: suminf.    0.29665 (1) obj. 2.91626e+06 iterations 7
Cbc0038I Pass  36: suminf.    0.18335 (2) obj. 2.91626e+06 iterations 3
Cbc0038I Pass  37: suminf.    0.72297 (3) obj. 2.91626e+06 iterations 12
Cbc0038I Pass  38: suminf.    0.67961 (2) obj. 2.91626e+06 iterations 2
Cbc0038I Pass  39: suminf.    0.67961 (2) obj. 2.91626e+06 iterations 1
Cbc0038I Pass  40: suminf.    0.29665 (1) obj. 2.91626e+06 iterations 3
Cbc0038I Pass  41: suminf.    0.18335 (2) obj. 2.91626e+06 iterations 3
Cbc0038I Pass  42: suminf.    0.72297 (3) obj. 2.91626e+06 iterations 12
Cbc0038I Pass  43: suminf.    0.67961 (2) obj. 2.91626e+06 iterations 2
Cbc0038I Pass  44: suminf.    0.67961 (2) obj. 2.91626e+06 iterations 1
Cbc0038I Pass  45: suminf.    0.29665 (1) obj. 2.91626e+06 iterations 3
Cbc0038I Pass  46: suminf.    0.18335 (2) obj. 2.91626e+06 iterations 3
Cbc0038I Pass  47: suminf.    0.72297 (3) obj. 2.91626e+06 iterations 12
Cbc0038I Pass  48: suminf.    0.67961 (2) obj. 2.91626e+06 iterations 2
Cbc0038I Pass  49: suminf.    0.67961 (2) obj. 2.91626e+06 iterations 1
Cbc0038I Pass  50: suminf.    0.29665 (1) obj. 2.91626e+06 iterations 3
Cbc0038I Pass  51: suminf.    0.18335 (2) obj. 2.91626e+06 iterations 3
Cbc0038I Pass  52: suminf.    0.72297 (3) obj. 2.91626e+06 iterations 12
Cbc0038I Pass  53: suminf.    0.67961 (2) obj. 2.91626e+06 iterations 2
Cbc0038I Pass  54: suminf.    0.67961 (2) obj. 2.91626e+06 iterations 1
Cbc0038I Pass  55: suminf.    0.29665 (1) obj. 2.91626e+06 iterations 3
Cbc0038I Pass  56: suminf.    0.18335 (2) obj. 2.91626e+06 iterations 3
Cbc0038I Pass  57: suminf.    0.72297 (3) obj. 2.91626e+06 iterations 12
Cbc0038I Pass  58: suminf.    0.67961 (2) obj. 2.91626e+06 iterations 2
Cbc0038I Pass  59: suminf.    0.67961 (2) obj. 2.91626e+06 iterations 1
Cbc0038I Pass  60: suminf.    0.29665 (1) obj. 2.91626e+06 iterations 3
Cbc0038I Pass  61: suminf.    0.18335 (2) obj. 2.91626e+06 iterations 3
Cbc0038I Pass  62: suminf.    0.72297 (3) obj. 2.91626e+06 iterations 12
Cbc0038I No solution found this major pass
Cbc0038I Before mini branch and bound, 16 integers at bound fixed and 81 continuous
Cbc0038I Full problem 111 rows 151 columns, reduced to 22 rows 29 columns
Cbc0038I Mini branch and bound did not improve solution (0.04 seconds)
Cbc0038I After 0.04 seconds - Feasibility pump exiting with objective of 2.9163e+06 - took 0.04 seconds
Cbc0012I Integer solution of 2916296.6 found by feasibility pump after 0 iterations and 0 nodes (0.04 seconds)
Cbc0038I Full problem 111 rows 151 columns, reduced to 62 rows 96 columns
Cbc0031I 9 added rows had average density of 13.666667
Cbc0013I At root node, 9 cuts changed objective from 2916196.1 to 2916248.5 in 18 passes
Cbc0014I Cut generator 0 (Probing) - 3 row cuts average 2.7 elements, 0 column cuts (0 active)  in 0.002 seconds - new frequency is -100
Cbc0014I Cut generator 1 (Gomory) - 36 row cuts average 21.3 elements, 0 column cuts (0 active)  in 0.000 seconds - new frequency is 1
Cbc0014I Cut generator 2 (Knapsack) - 0 row cuts average 0.0 elements, 0 column cuts (0 active)  in 0.002 seconds - new frequency is -100
Cbc0014I Cut generator 3 (Clique) - 0 row cuts average 0.0 elements, 0 column cuts (0 active)  in 0.000 seconds - new frequency is -100
Cbc0014I Cut generator 4 (MixedIntegerRounding2) - 2 row cuts average 5.0 elements, 0 column cuts (0 active)  in 0.003 seconds - new frequency is -100
Cbc0014I Cut generator 5 (FlowCover) - 0 row cuts average 0.0 elements, 0 column cuts (0 active)  in 0.004 seconds - new frequency is -100
Cbc0014I Cut generator 6 (TwoMirCuts) - 23 row cuts average 10.8 elements, 0 column cuts (0 active)  in 0.003 seconds - new frequency is -100
Cbc0010I After 0 nodes, 1 on tree, 2916296.6 best solution, best possible 2916248.5 (0.07 seconds)
Cbc0001I Search completed - best objective 2916296.590934002, took 294 iterations and 18 nodes (0.11 seconds)
Cbc0032I Strong branching done 62 times (149 iterations), fathomed 5 nodes and fixed 3 variables
Cbc0035I Maximum depth 3, 2 variables fixed on reduced cost
Cuts at root node changed objective from 2.9162e+06 to 2.91625e+06
Probing was tried 18 times and created 3 cuts of which 0 were active after adding rounds of cuts (0.002 seconds)
Gomory was tried 64 times and created 102 cuts of which 0 were active after adding rounds of cuts (0.005 seconds)
Knapsack was tried 18 times and created 0 cuts of which 0 were active after adding rounds of cuts (0.002 seconds)
Clique was tried 18 times and created 0 cuts of which 0 were active after adding rounds of cuts (0.000 seconds)
MixedIntegerRounding2 was tried 18 times and created 2 cuts of which 0 were active after adding rounds of cuts (0.003 seconds)
FlowCover was tried 18 times and created 0 cuts of which 0 were active after adding rounds of cuts (0.004 seconds)
TwoMirCuts was tried 18 times and created 23 cuts of which 0 were active after adding rounds of cuts (0.003 seconds)
ZeroHalf was tried 1 times and created 0 cuts of which 0 were active after adding rounds of cuts (0.000 seconds)

Result - Optimal solution found

Objective value:                2916296.59093400
Enumerated nodes:               18
Total iterations:               294
Time (CPU seconds):             0.12
Time (Wallclock seconds):       0.12

Option for printingOptions changed from normal to all
Total time (CPU seconds):       0.15   (Wallclock seconds):       0.14

