Welcome to the CBC MILP Solver 
Version: 2.10.3 
Build Date: Dec 15 2019 

command line - E:\dachuang\.venv\Lib\site-packages\pulp\apis\../solverdir/cbc/win/i64/cbc.exe model.mps -primalTolerance 1e-9 -integerTolerance 1e-9 -ratioGap 0 -allowableGap 0 -threads 0 -branch -printingOptions all -solution solution.txt -saveSolution solution.bin -quit (default strategy 1)
At line 2 NAME          MODEL
At line 3 ROWS
At line 317 COLUMNS
At line 1133 RHS
At line 1446 BOUNDS
At line 1521 ENDATA
Problem MODEL has 312 rows, 241 columns and 647 elements
Coin0008I MODEL read with 0 errors
primalTolerance was changed from 1e-07 to 1e-09
integerTolerance was changed from 1e-07 to 1e-09
ratioGap was changed from 0 to 0
allowableGap was changed from 1e-10 to 0
Continuous objective value is 699136 - 0.00 seconds
Cgl0004I processed model has 117 rows, 165 columns (24 integer (24 of which binary)) and 352 elements
Cbc0038I Initial state - 6 integers unsatisfied sum - 0.991999
Cbc0038I Pass   1: suminf.    0.00000 (0) obj. 721283 iterations 17
Cbc0038I Solution found of 721283
Cbc0038I Relaxing continuous gives 700719
Cbc0038I Before mini branch and bound, 18 integers at bound fixed and 87 continuous
Cbc0038I Full problem 117 rows 165 columns, reduced to 3 rows 7 columns
Cbc0038I Mini branch and bound improved solution from 700719 to 699257 (0.01 seconds)
Cbc0038I Round again with cutoff of 699245
Cbc0038I Pass   2: suminf.    0.14829 (2) obj. 699245 iterations 14
Cbc0038I Pass   3: suminf.    0.28124 (2) obj. 699245 iterations 10
Cbc0038I Pass   4: suminf.    0.07397 (1) obj. 699245 iterations 2
Cbc0038I Pass   5: suminf.    0.07397 (1) obj. 699245 iterations 0
Cbc0038I Pass   6: suminf.    0.58317 (4) obj. 699245 iterations 8
Cbc0038I Pass   7: suminf.    0.25708 (2) obj. 699245 iterations 7
Cbc0038I Pass   8: suminf.    0.05217 (1) obj. 699245 iterations 2
Cbc0038I Pass   9: suminf.    0.05217 (1) obj. 699245 iterations 0
Cbc0038I Pass  10: suminf.    0.93726 (3) obj. 699245 iterations 17
Cbc0038I Pass  11: suminf.    0.93561 (3) obj. 699245 iterations 1
Cbc0038I Pass  12: suminf.    0.64108 (3) obj. 699245 iterations 5
Cbc0038I Pass  13: suminf.    0.64108 (3) obj. 699245 iterations 0
Cbc0038I Pass  14: suminf.    0.74292 (2) obj. 699245 iterations 4
Cbc0038I Pass  15: suminf.    0.49761 (2) obj. 699245 iterations 2
Cbc0038I Pass  16: suminf.    1.04192 (5) obj. 699245 iterations 6
Cbc0038I Pass  17: suminf.    0.49761 (2) obj. 699245 iterations 4
Cbc0038I Pass  18: suminf.    0.64108 (3) obj. 699245 iterations 4
Cbc0038I Pass  19: suminf.    0.64108 (3) obj. 699245 iterations 0
Cbc0038I Pass  20: suminf.    0.74292 (2) obj. 699245 iterations 4
Cbc0038I Pass  21: suminf.    1.08926 (3) obj. 699245 iterations 17
Cbc0038I Pass  22: suminf.    0.42192 (1) obj. 699245 iterations 3
Cbc0038I Pass  23: suminf.    0.48024 (1) obj. 699245 iterations 1
Cbc0038I Pass  24: suminf.    1.05807 (5) obj. 699245 iterations 13
Cbc0038I Pass  25: suminf.    0.66524 (3) obj. 699245 iterations 2
Cbc0038I Pass  26: suminf.    0.79726 (2) obj. 699245 iterations 4
Cbc0038I Pass  27: suminf.    0.42192 (1) obj. 699245 iterations 2
Cbc0038I Pass  28: suminf.    0.48024 (1) obj. 699245 iterations 1
Cbc0038I Pass  29: suminf.    1.08908 (4) obj. 699245 iterations 11
Cbc0038I Pass  30: suminf.    1.08908 (4) obj. 699245 iterations 0
Cbc0038I Pass  31: suminf.    0.74292 (2) obj. 699245 iterations 4
Cbc0038I No solution found this major pass
Cbc0038I Before mini branch and bound, 5 integers at bound fixed and 75 continuous
Cbc0038I Full problem 117 rows 165 columns, reduced to 27 rows 36 columns
Cbc0038I Mini branch and bound did not improve solution (0.03 seconds)
Cbc0038I After 0.03 seconds - Feasibility pump exiting with objective of 699257 - took 0.02 seconds
Cbc0012I Integer solution of 699257.18 found by feasibility pump after 0 iterations and 0 nodes (0.03 seconds)
Cbc0038I Full problem 117 rows 165 columns, reduced to 69 rows 115 columns
Cbc0031I 11 added rows had average density of 16.272727
Cbc0013I At root node, 11 cuts changed objective from 699136.08 to 699194.22 in 100 passes
Cbc0014I Cut generator 0 (Probing) - 12 row cuts average 2.0 elements, 4 column cuts (4 active)  in 0.009 seconds - new frequency is 1
Cbc0014I Cut generator 1 (Gomory) - 281 row cuts average 33.2 elements, 0 column cuts (0 active)  in 0.011 seconds - new frequency is 1
Cbc0014I Cut generator 2 (Knapsack) - 0 row cuts average 0.0 elements, 0 column cuts (0 active)  in 0.026 seconds - new frequency is -100
Cbc0014I Cut generator 3 (Clique) - 0 row cuts average 0.0 elements, 0 column cuts (0 active)  in 0.001 seconds - new frequency is -100
Cbc0014I Cut generator 4 (MixedIntegerRounding2) - 14 row cuts average 5.4 elements, 0 column cuts (0 active)  in 0.002 seconds - new frequency is -100
Cbc0014I Cut generator 5 (FlowCover) - 1 row cuts average 2.0 elements, 0 column cuts (0 active)  in 0.012 seconds - new frequency is -100
Cbc0014I Cut generator 6 (TwoMirCuts) - 18 row cuts average 14.6 elements, 0 column cuts (0 active)  in 0.007 seconds - new frequency is -100
Cbc0010I After 0 nodes, 1 on tree, 699257.18 best solution, best possible 699194.22 (0.16 seconds)
Cbc0001I Search completed - best objective 699257.18016436, took 1207 iterations and 18 nodes (0.21 seconds)
Cbc0032I Strong branching done 80 times (267 iterations), fathomed 7 nodes and fixed 2 variables
Cbc0035I Maximum depth 4, 1 variables fixed on reduced cost
Cuts at root node changed objective from 699136 to 699194
Probing was tried 149 times and created 26 cuts of which 0 were active after adding rounds of cuts (0.011 seconds)
Gomory was tried 149 times and created 331 cuts of which 0 were active after adding rounds of cuts (0.014 seconds)
Knapsack was tried 100 times and created 0 cuts of which 0 were active after adding rounds of cuts (0.026 seconds)
Clique was tried 100 times and created 0 cuts of which 0 were active after adding rounds of cuts (0.001 seconds)
MixedIntegerRounding2 was tried 100 times and created 14 cuts of which 0 were active after adding rounds of cuts (0.002 seconds)
FlowCover was tried 100 times and created 1 cuts of which 0 were active after adding rounds of cuts (0.012 seconds)
TwoMirCuts was tried 100 times and created 18 cuts of which 0 were active after adding rounds of cuts (0.007 seconds)
ZeroHalf was tried 1 times and created 0 cuts of which 0 were active after adding rounds of cuts (0.000 seconds)

Result - Optimal solution found

Objective value:                699257.18016436
Enumerated nodes:               18
Total iterations:               1207
Time (CPU seconds):             0.21
Time (Wallclock seconds):       0.21

Option for printingOptions changed from normal to all
Total time (CPU seconds):       0.23   (Wallclock seconds):       0.23

