Welcome to the CBC MILP Solver 
Version: 2.10.3 
Build Date: Dec 15 2019 

command line - E:\dachuang\.venv\Lib\site-packages\pulp\apis\../solverdir/cbc/win/i64/cbc.exe model.mps -primalTolerance 1e-9 -integerTolerance 1e-9 -ratioGap 0 -allowableGap 0 -threads 0 -branch -printingOptions all -solution solution.txt -saveSolution solution.bin -quit (default strategy 1)
At line 2 NAME          MODEL
At line 3 ROWS
At line 317 COLUMNS
At line 1133 RHS
At line 1446 BOUNDS
At line 1521 ENDATA
Problem MODEL has 312 rows, 241 columns and 647 elements
Coin0008I MODEL read with 0 errors
primalTolerance was changed from 1e-07 to 1e-09
integerTolerance was changed from 1e-07 to 1e-09
ratioGap was changed from 0 to 0
allowableGap was changed from 1e-10 to 0
Continuous objective value is 2.84533e+06 - 0.00 seconds
Cgl0004I processed model has 112 rows, 155 columns (24 integer (24 of which binary)) and 327 elements
Cbc0038I Initial state - 8 integers unsatisfied sum - 2.22778
Cbc0038I Pass   1: suminf.    0.00000 (0) obj. 2.87091e+06 iterations 17
Cbc0038I Solution found of 2.87091e+06
Cbc0038I Relaxing continuous gives 2.87065e+06
Cbc0038I Before mini branch and bound, 16 integers at bound fixed and 81 continuous
Cbc0038I Full problem 112 rows 155 columns, reduced to 9 rows 12 columns
Cbc0038I Mini branch and bound improved solution from 2.87065e+06 to 2.84578e+06 (0.01 seconds)
Cbc0038I Round again with cutoff of 2.84574e+06
Cbc0038I Pass   2: suminf.    0.33854 (2) obj. 2.84574e+06 iterations 5
Cbc0038I Pass   3: suminf.    0.02654 (1) obj. 2.84574e+06 iterations 9
Cbc0038I Pass   4: suminf.    0.24004 (1) obj. 2.84574e+06 iterations 2
Cbc0038I Pass   5: suminf.    0.24004 (1) obj. 2.84574e+06 iterations 2
Cbc0038I Pass   6: suminf.    0.02654 (1) obj. 2.84574e+06 iterations 1
Cbc0038I Pass   7: suminf.    0.24004 (1) obj. 2.84574e+06 iterations 6
Cbc0038I Pass   8: suminf.    0.23804 (1) obj. 2.84574e+06 iterations 4
Cbc0038I Pass   9: suminf.    0.02454 (1) obj. 2.84574e+06 iterations 1
Cbc0038I Pass  10: suminf.    0.23804 (1) obj. 2.84574e+06 iterations 5
Cbc0038I Pass  11: suminf.    0.48854 (2) obj. 2.84574e+06 iterations 17
Cbc0038I Pass  12: suminf.    0.48854 (2) obj. 2.84574e+06 iterations 1
Cbc0038I Pass  13: suminf.    0.48654 (2) obj. 2.84574e+06 iterations 1
Cbc0038I Pass  14: suminf.    0.48654 (2) obj. 2.84574e+06 iterations 0
Cbc0038I Pass  15: suminf.    0.48854 (2) obj. 2.84574e+06 iterations 2
Cbc0038I Pass  16: suminf.    1.12320 (6) obj. 2.84574e+06 iterations 19
Cbc0038I Pass  17: suminf.    0.89520 (4) obj. 2.84574e+06 iterations 3
Cbc0038I Pass  18: suminf.    0.48854 (2) obj. 2.84574e+06 iterations 4
Cbc0038I Pass  19: suminf.    0.48854 (2) obj. 2.84574e+06 iterations 0
Cbc0038I Pass  20: suminf.    0.48654 (2) obj. 2.84574e+06 iterations 3
Cbc0038I Pass  21: suminf.    0.48654 (2) obj. 2.84574e+06 iterations 0
Cbc0038I Pass  22: suminf.    1.07463 (4) obj. 2.84574e+06 iterations 13
Cbc0038I Pass  23: suminf.    0.52920 (3) obj. 2.84574e+06 iterations 4
Cbc0038I Pass  24: suminf.    0.33404 (1) obj. 2.84574e+06 iterations 5
Cbc0038I Pass  25: suminf.    0.12054 (1) obj. 2.84574e+06 iterations 1
Cbc0038I Pass  26: suminf.    0.66596 (2) obj. 2.84574e+06 iterations 18
Cbc0038I Pass  27: suminf.    0.19324 (2) obj. 2.84574e+06 iterations 5
Cbc0038I Pass  28: suminf.    0.58254 (2) obj. 2.84574e+06 iterations 8
Cbc0038I Pass  29: suminf.    0.58254 (2) obj. 2.84574e+06 iterations 1
Cbc0038I Pass  30: suminf.    0.58454 (2) obj. 2.84574e+06 iterations 1
Cbc0038I Pass  31: suminf.    0.58454 (2) obj. 2.84574e+06 iterations 0
Cbc0038I No solution found this major pass
Cbc0038I Before mini branch and bound, 1 integers at bound fixed and 65 continuous
Cbc0038I Full problem 112 rows 155 columns, reduced to 28 rows 37 columns
Cbc0038I Mini branch and bound improved solution from 2.84578e+06 to 2.8456e+06 (0.03 seconds)
Cbc0038I Round again with cutoff of 2.84555e+06
Cbc0038I Pass  31: suminf.    1.06621 (4) obj. 2.84555e+06 iterations 3
Cbc0038I Pass  32: suminf.    1.06621 (4) obj. 2.84555e+06 iterations 6
Cbc0038I Pass  33: suminf.    0.92071 (3) obj. 2.84555e+06 iterations 9
Cbc0038I Pass  34: suminf.    0.92071 (3) obj. 2.84555e+06 iterations 1
Cbc0038I Pass  35: suminf.    1.13621 (4) obj. 2.84555e+06 iterations 7
Cbc0038I Pass  36: suminf.    0.92271 (3) obj. 2.84555e+06 iterations 5
Cbc0038I Pass  37: suminf.    0.92271 (3) obj. 2.84555e+06 iterations 0
Cbc0038I Pass  38: suminf.    0.92071 (3) obj. 2.84555e+06 iterations 7
Cbc0038I Pass  39: suminf.    0.92071 (3) obj. 2.84555e+06 iterations 1
Cbc0038I Pass  40: suminf.    1.13621 (4) obj. 2.84555e+06 iterations 7
Cbc0038I Pass  41: suminf.    0.92271 (3) obj. 2.84555e+06 iterations 5
Cbc0038I Pass  42: suminf.    0.92271 (3) obj. 2.84555e+06 iterations 0
Cbc0038I Pass  43: suminf.    0.92071 (3) obj. 2.84555e+06 iterations 7
Cbc0038I Pass  44: suminf.    0.92071 (3) obj. 2.84555e+06 iterations 1
Cbc0038I Pass  45: suminf.    1.13621 (4) obj. 2.84555e+06 iterations 7
Cbc0038I Pass  46: suminf.    0.92271 (3) obj. 2.84555e+06 iterations 5
Cbc0038I Pass  47: suminf.    0.92271 (3) obj. 2.84555e+06 iterations 0
Cbc0038I Pass  48: suminf.    0.92071 (3) obj. 2.84555e+06 iterations 7
Cbc0038I Pass  49: suminf.    0.92071 (3) obj. 2.84555e+06 iterations 1
Cbc0038I Pass  50: suminf.    1.13621 (4) obj. 2.84555e+06 iterations 7
Cbc0038I Pass  51: suminf.    0.92271 (3) obj. 2.84555e+06 iterations 5
Cbc0038I Pass  52: suminf.    0.92271 (3) obj. 2.84555e+06 iterations 0
Cbc0038I Pass  53: suminf.    0.92071 (3) obj. 2.84555e+06 iterations 7
Cbc0038I Pass  54: suminf.    0.92071 (3) obj. 2.84555e+06 iterations 1
Cbc0038I Pass  55: suminf.    1.13621 (4) obj. 2.84555e+06 iterations 7
Cbc0038I Pass  56: suminf.    0.92271 (3) obj. 2.84555e+06 iterations 5
Cbc0038I Pass  57: suminf.    0.92271 (3) obj. 2.84555e+06 iterations 0
Cbc0038I Pass  58: suminf.    0.92071 (3) obj. 2.84555e+06 iterations 7
Cbc0038I Pass  59: suminf.    0.92071 (3) obj. 2.84555e+06 iterations 1
Cbc0038I Pass  60: suminf.    1.13621 (4) obj. 2.84555e+06 iterations 7
Cbc0038I No solution found this major pass
Cbc0038I Before mini branch and bound, 14 integers at bound fixed and 76 continuous
Cbc0038I Full problem 112 rows 155 columns, reduced to 22 rows 29 columns
Cbc0038I Mini branch and bound did not improve solution (0.04 seconds)
Cbc0038I After 0.04 seconds - Feasibility pump exiting with objective of 2.8456e+06 - took 0.03 seconds
Cbc0012I Integer solution of 2845602.4 found by feasibility pump after 0 iterations and 0 nodes (0.04 seconds)
Cbc0038I Full problem 112 rows 155 columns, reduced to 67 rows 105 columns
Cbc0031I 11 added rows had average density of 27.818182
Cbc0013I At root node, 11 cuts changed objective from 2845327.7 to 2845597.1 in 100 passes
Cbc0014I Cut generator 0 (Probing) - 21 row cuts average 2.0 elements, 3 column cuts (3 active)  in 0.013 seconds - new frequency is 1
Cbc0014I Cut generator 1 (Gomory) - 288 row cuts average 44.7 elements, 0 column cuts (0 active)  in 0.015 seconds - new frequency is 1
Cbc0014I Cut generator 2 (Knapsack) - 0 row cuts average 0.0 elements, 0 column cuts (0 active)  in 0.026 seconds - new frequency is -100
Cbc0014I Cut generator 3 (Clique) - 0 row cuts average 0.0 elements, 0 column cuts (0 active)  in 0.000 seconds - new frequency is -100
Cbc0014I Cut generator 4 (MixedIntegerRounding2) - 4 row cuts average 4.8 elements, 0 column cuts (0 active)  in 0.005 seconds - new frequency is -100
Cbc0014I Cut generator 5 (FlowCover) - 0 row cuts average 0.0 elements, 0 column cuts (0 active)  in 0.026 seconds - new frequency is -100
Cbc0014I Cut generator 6 (TwoMirCuts) - 24 row cuts average 12.2 elements, 0 column cuts (0 active)  in 0.004 seconds - new frequency is -100
Cbc0010I After 0 nodes, 1 on tree, 2845602.4 best solution, best possible 2845597.1 (0.20 seconds)
Cbc0001I Search completed - best objective 2845602.406999828, took 1113 iterations and 4 nodes (0.21 seconds)
Cbc0032I Strong branching done 22 times (90 iterations), fathomed 2 nodes and fixed 2 variables
Cbc0035I Maximum depth 1, 1 variables fixed on reduced cost
Cuts at root node changed objective from 2.84533e+06 to 2.8456e+06
Probing was tried 106 times and created 25 cuts of which 0 were active after adding rounds of cuts (0.014 seconds)
Gomory was tried 106 times and created 292 cuts of which 0 were active after adding rounds of cuts (0.016 seconds)
Knapsack was tried 100 times and created 0 cuts of which 0 were active after adding rounds of cuts (0.026 seconds)
Clique was tried 100 times and created 0 cuts of which 0 were active after adding rounds of cuts (0.000 seconds)
MixedIntegerRounding2 was tried 100 times and created 4 cuts of which 0 were active after adding rounds of cuts (0.005 seconds)
FlowCover was tried 100 times and created 0 cuts of which 0 were active after adding rounds of cuts (0.026 seconds)
TwoMirCuts was tried 100 times and created 24 cuts of which 0 were active after adding rounds of cuts (0.004 seconds)
ZeroHalf was tried 1 times and created 0 cuts of which 0 were active after adding rounds of cuts (0.000 seconds)

Result - Optimal solution found

Objective value:                2845602.40699983
Enumerated nodes:               4
Total iterations:               1113
Time (CPU seconds):             0.21
Time (Wallclock seconds):       0.21

Option for printingOptions changed from normal to all
Total time (CPU seconds):       0.23   (Wallclock seconds):       0.23

