Welcome to the CBC MILP Solver 
Version: 2.10.3 
Build Date: Dec 15 2019 

command line - E:\dachuang\.venv\Lib\site-packages\pulp\apis\../solverdir/cbc/win/i64/cbc.exe model.mps -primalTolerance 1e-9 -integerTolerance 1e-9 -ratioGap 0 -allowableGap 0 -threads 0 -branch -printingOptions all -solution solution.txt -saveSolution solution.bin -quit (default strategy 1)
At line 2 NAME          MODEL
At line 3 ROWS
At line 317 COLUMNS
At line 1133 RHS
At line 1446 BOUNDS
At line 1521 ENDATA
Problem MODEL has 312 rows, 241 columns and 647 elements
Coin0008I MODEL read with 0 errors
primalTolerance was changed from 1e-07 to 1e-09
integerTolerance was changed from 1e-07 to 1e-09
ratioGap was changed from 0 to 0
allowableGap was changed from 1e-10 to 0
Continuous objective value is 735763 - 0.00 seconds
Cgl0004I processed model has 116 rows, 163 columns (24 integer (24 of which binary)) and 347 elements
Cbc0038I Initial state - 7 integers unsatisfied sum - 1.31479
Cbc0038I Pass   1: suminf.    0.00000 (0) obj. 742264 iterations 10
Cbc0038I Solution found of 742264
Cbc0038I Relaxing continuous gives 739938
Cbc0038I Before mini branch and bound, 17 integers at bound fixed and 89 continuous
Cbc0038I Full problem 116 rows 163 columns, reduced to 2 rows 4 columns
Cbc0038I Mini branch and bound improved solution from 739938 to 735885 (0.01 seconds)
Cbc0038I Round again with cutoff of 735873
Cbc0038I Pass   2: suminf.    0.49982 (2) obj. 735873 iterations 12
Cbc0038I Pass   3: suminf.    0.19365 (1) obj. 735873 iterations 6
Cbc0038I Pass   4: suminf.    0.05273 (1) obj. 735873 iterations 1
Cbc0038I Pass   5: suminf.    0.72685 (4) obj. 735873 iterations 16
Cbc0038I Pass   6: suminf.    0.44385 (2) obj. 735873 iterations 2
Cbc0038I Pass   7: suminf.    0.05273 (1) obj. 735873 iterations 3
Cbc0038I Pass   8: suminf.    0.19365 (1) obj. 735873 iterations 2
Cbc0038I Pass   9: suminf.    0.61002 (3) obj. 735873 iterations 7
Cbc0038I Pass  10: suminf.    0.42223 (2) obj. 735873 iterations 2
Cbc0038I Pass  11: suminf.    0.19365 (1) obj. 735873 iterations 3
Cbc0038I Pass  12: suminf.    0.05273 (1) obj. 735873 iterations 1
Cbc0038I Pass  13: suminf.    0.72685 (3) obj. 735873 iterations 9
Cbc0038I Pass  14: suminf.    0.44385 (2) obj. 735873 iterations 2
Cbc0038I Pass  15: suminf.    0.05273 (1) obj. 735873 iterations 3
Cbc0038I Pass  16: suminf.    0.19365 (1) obj. 735873 iterations 2
Cbc0038I Pass  17: suminf.    0.84735 (3) obj. 735873 iterations 18
Cbc0038I Pass  18: suminf.    0.84735 (3) obj. 735873 iterations 0
Cbc0038I Pass  19: suminf.    0.57315 (2) obj. 735873 iterations 3
Cbc0038I Pass  20: suminf.    0.44385 (2) obj. 735873 iterations 1
Cbc0038I Pass  21: suminf.    1.09515 (7) obj. 735873 iterations 11
Cbc0038I Pass  22: suminf.    0.44385 (2) obj. 735873 iterations 10
Cbc0038I Pass  23: suminf.    0.57315 (2) obj. 735873 iterations 2
Cbc0038I Pass  24: suminf.    0.88894 (3) obj. 735873 iterations 8
Cbc0038I Pass  25: suminf.    0.44385 (2) obj. 735873 iterations 4
Cbc0038I Pass  26: suminf.    0.57315 (2) obj. 735873 iterations 2
Cbc0038I Pass  27: suminf.    1.30844 (5) obj. 735873 iterations 9
Cbc0038I Pass  28: suminf.    0.86335 (4) obj. 735873 iterations 2
Cbc0038I Pass  29: suminf.    0.57315 (2) obj. 735873 iterations 4
Cbc0038I Pass  30: suminf.    0.44385 (2) obj. 735873 iterations 1
Cbc0038I Pass  31: suminf.    0.44385 (2) obj. 735873 iterations 1
Cbc0038I No solution found this major pass
Cbc0038I Before mini branch and bound, 1 integers at bound fixed and 78 continuous
Cbc0038I Full problem 116 rows 163 columns, reduced to 13 rows 16 columns
Cbc0038I Mini branch and bound did not improve solution (0.02 seconds)
Cbc0038I After 0.02 seconds - Feasibility pump exiting with objective of 735885 - took 0.02 seconds
Cbc0012I Integer solution of 735885.13 found by feasibility pump after 0 iterations and 0 nodes (0.02 seconds)
Cbc0038I Full problem 116 rows 163 columns, reduced to 69 rows 116 columns
Cbc0031I 8 added rows had average density of 9.125
Cbc0013I At root node, 8 cuts changed objective from 735762.72 to 735885.13 in 17 passes
Cbc0014I Cut generator 0 (Probing) - 3 row cuts average 2.0 elements, 3 column cuts (3 active)  in 0.002 seconds - new frequency is 1
Cbc0014I Cut generator 1 (Gomory) - 35 row cuts average 18.3 elements, 0 column cuts (0 active)  in 0.001 seconds - new frequency is 1
Cbc0014I Cut generator 2 (Knapsack) - 0 row cuts average 0.0 elements, 0 column cuts (0 active)  in 0.002 seconds - new frequency is -100
Cbc0014I Cut generator 3 (Clique) - 0 row cuts average 0.0 elements, 0 column cuts (0 active)  in 0.000 seconds - new frequency is -100
Cbc0014I Cut generator 4 (MixedIntegerRounding2) - 4 row cuts average 4.3 elements, 0 column cuts (0 active)  in 0.001 seconds - new frequency is 1
Cbc0014I Cut generator 5 (FlowCover) - 0 row cuts average 0.0 elements, 0 column cuts (0 active)  in 0.003 seconds - new frequency is -100
Cbc0014I Cut generator 6 (TwoMirCuts) - 13 row cuts average 10.8 elements, 0 column cuts (0 active)  in 0.000 seconds - new frequency is -100
Cbc0001I Search completed - best objective 735885.1293626693, took 61 iterations and 0 nodes (0.05 seconds)
Cbc0032I Strong branching done 2 times (9 iterations), fathomed 1 nodes and fixed 0 variables
Cbc0035I Maximum depth 0, 0 variables fixed on reduced cost
Cuts at root node changed objective from 735763 to 735885
Probing was tried 17 times and created 6 cuts of which 0 were active after adding rounds of cuts (0.002 seconds)
Gomory was tried 17 times and created 35 cuts of which 0 were active after adding rounds of cuts (0.001 seconds)
Knapsack was tried 17 times and created 0 cuts of which 0 were active after adding rounds of cuts (0.002 seconds)
Clique was tried 17 times and created 0 cuts of which 0 were active after adding rounds of cuts (0.000 seconds)
MixedIntegerRounding2 was tried 17 times and created 4 cuts of which 0 were active after adding rounds of cuts (0.001 seconds)
FlowCover was tried 17 times and created 0 cuts of which 0 were active after adding rounds of cuts (0.003 seconds)
TwoMirCuts was tried 17 times and created 13 cuts of which 0 were active after adding rounds of cuts (0.000 seconds)
ZeroHalf was tried 1 times and created 0 cuts of which 0 were active after adding rounds of cuts (0.000 seconds)

Result - Optimal solution found

Objective value:                735885.12936267
Enumerated nodes:               0
Total iterations:               61
Time (CPU seconds):             0.05
Time (Wallclock seconds):       0.05

Option for printingOptions changed from normal to all
Total time (CPU seconds):       0.08   (Wallclock seconds):       0.08

