Welcome to the CBC MILP Solver 
Version: 2.10.3 
Build Date: Dec 15 2019 

command line - E:\dachuang\.venv\Lib\site-packages\pulp\apis\../solverdir/cbc/win/i64/cbc.exe model.mps -primalTolerance 1e-9 -integerTolerance 1e-9 -ratioGap 0 -allowableGap 0 -threads 0 -branch -printingOptions all -solution solution.txt -saveSolution solution.bin -quit (default strategy 1)
At line 2 NAME          MODEL
At line 3 ROWS
At line 317 COLUMNS
At line 1133 RHS
At line 1446 BOUNDS
At line 1521 ENDATA
Problem MODEL has 312 rows, 241 columns and 647 elements
Coin0008I MODEL read with 0 errors
primalTolerance was changed from 1e-07 to 1e-09
integerTolerance was changed from 1e-07 to 1e-09
ratioGap was changed from 0 to 0
allowableGap was changed from 1e-10 to 0
Continuous objective value is 1.85332e+06 - 0.00 seconds
Cgl0004I processed model has 113 rows, 155 columns (24 integer (24 of which binary)) and 330 elements
Cbc0038I Initial state - 9 integers unsatisfied sum - 3.23116
Cbc0038I Pass   1: suminf.    0.00000 (0) obj. 2.0035e+06 iterations 18
Cbc0038I Solution found of 2.0035e+06
Cbc0038I Relaxing continuous gives 1.99842e+06
Cbc0038I Before mini branch and bound, 15 integers at bound fixed and 77 continuous
Cbc0038I Full problem 113 rows 155 columns, reduced to 8 rows 11 columns
Cbc0038I Mini branch and bound improved solution from 1.99842e+06 to 1.85366e+06 (0.01 seconds)
Cbc0038I Round again with cutoff of 1.85363e+06
Cbc0038I Pass   2: suminf.    1.00961 (4) obj. 1.85363e+06 iterations 12
Cbc0038I Pass   3: suminf.    0.00000 (0) obj. 1.85363e+06 iterations 8
Cbc0038I Solution found of 1.85363e+06
Cbc0038I Relaxing continuous gives 1.85353e+06
Cbc0038I Before mini branch and bound, 14 integers at bound fixed and 77 continuous
Cbc0038I Full problem 113 rows 155 columns, reduced to 18 rows 22 columns
Cbc0038I Mini branch and bound improved solution from 1.85353e+06 to 1.85345e+06 (0.01 seconds)
Cbc0038I Round again with cutoff of 1.85342e+06
Cbc0038I Pass   4: suminf.    1.32386 (5) obj. 1.85342e+06 iterations 3
Cbc0038I Pass   5: suminf.    1.31737 (5) obj. 1.85342e+06 iterations 2
Cbc0038I Pass   6: suminf.    0.01721 (1) obj. 1.85342e+06 iterations 9
Cbc0038I Pass   7: suminf.    0.14384 (1) obj. 1.85342e+06 iterations 2
Cbc0038I Pass   8: suminf.    0.14384 (1) obj. 1.85342e+06 iterations 9
Cbc0038I Pass   9: suminf.    0.01721 (1) obj. 1.85342e+06 iterations 5
Cbc0038I Pass  10: suminf.    0.14384 (1) obj. 1.85342e+06 iterations 2
Cbc0038I Pass  11: suminf.    0.86271 (3) obj. 1.85342e+06 iterations 5
Cbc0038I Pass  12: suminf.    0.41721 (2) obj. 1.85342e+06 iterations 1
Cbc0038I Pass  13: suminf.    0.14384 (1) obj. 1.85342e+06 iterations 3
Cbc0038I Pass  14: suminf.    0.01721 (1) obj. 1.85342e+06 iterations 1
Cbc0038I Pass  15: suminf.    1.18966 (5) obj. 1.85342e+06 iterations 14
Cbc0038I Pass  16: suminf.    1.11066 (3) obj. 1.85342e+06 iterations 7
Cbc0038I Pass  17: suminf.    0.68016 (3) obj. 1.85342e+06 iterations 6
Cbc0038I Pass  18: suminf.    0.68016 (2) obj. 1.85342e+06 iterations 2
Cbc0038I Pass  19: suminf.    0.85616 (3) obj. 1.85342e+06 iterations 3
Cbc0038I Pass  20: suminf.    0.85616 (2) obj. 1.85342e+06 iterations 4
Cbc0038I Pass  21: suminf.    1.81366 (5) obj. 1.85342e+06 iterations 7
Cbc0038I Pass  22: suminf.    1.31166 (3) obj. 1.85342e+06 iterations 2
Cbc0038I Pass  23: suminf.    0.68016 (3) obj. 1.85342e+06 iterations 6
Cbc0038I Pass  24: suminf.    0.68016 (2) obj. 1.85342e+06 iterations 4
Cbc0038I Pass  25: suminf.    0.85616 (3) obj. 1.85342e+06 iterations 3
Cbc0038I Pass  26: suminf.    0.85616 (2) obj. 1.85342e+06 iterations 4
Cbc0038I Pass  27: suminf.    2.70516 (8) obj. 1.85342e+06 iterations 25
Cbc0038I Pass  28: suminf.    2.00066 (6) obj. 1.85342e+06 iterations 3
Cbc0038I Pass  29: suminf.    0.11471 (1) obj. 1.85342e+06 iterations 9
Cbc0038I Pass  30: suminf.    0.14384 (1) obj. 1.85342e+06 iterations 1
Cbc0038I Pass  31: suminf.    2.04616 (6) obj. 1.85342e+06 iterations 14
Cbc0038I Pass  32: suminf.    1.60066 (5) obj. 1.85342e+06 iterations 3
Cbc0038I Pass  33: suminf.    0.11471 (1) obj. 1.85342e+06 iterations 9
Cbc0038I No solution found this major pass
Cbc0038I Before mini branch and bound, 4 integers at bound fixed and 68 continuous
Cbc0038I Full problem 113 rows 155 columns, reduced to 24 rows 30 columns
Cbc0038I Mini branch and bound improved solution from 1.85345e+06 to 1.85343e+06 (0.03 seconds)
Cbc0038I Round again with cutoff of 1.85339e+06
Cbc0038I Pass  33: suminf.    1.46990 (6) obj. 1.85339e+06 iterations 1
Cbc0038I Pass  34: suminf.    1.46990 (6) obj. 1.85339e+06 iterations 2
Cbc0038I Pass  35: suminf.    0.67487 (2) obj. 1.85339e+06 iterations 13
Cbc0038I Pass  36: suminf.    0.16325 (2) obj. 1.85339e+06 iterations 3
Cbc0038I Pass  37: suminf.    0.15487 (2) obj. 1.85339e+06 iterations 2
Cbc0038I Pass  38: suminf.    0.64805 (3) obj. 1.85339e+06 iterations 8
Cbc0038I Pass  39: suminf.    0.64805 (3) obj. 1.85339e+06 iterations 1
Cbc0038I Pass  40: suminf.    0.83268 (3) obj. 1.85339e+06 iterations 7
Cbc0038I Pass  41: suminf.    0.67487 (2) obj. 1.85339e+06 iterations 1
Cbc0038I Pass  42: suminf.    0.67487 (2) obj. 1.85339e+06 iterations 1
Cbc0038I Pass  43: suminf.    0.16325 (2) obj. 1.85339e+06 iterations 3
Cbc0038I Pass  44: suminf.    0.15487 (2) obj. 1.85339e+06 iterations 2
Cbc0038I Pass  45: suminf.    0.64805 (3) obj. 1.85339e+06 iterations 8
Cbc0038I Pass  46: suminf.    0.64805 (3) obj. 1.85339e+06 iterations 1
Cbc0038I Pass  47: suminf.    0.83268 (3) obj. 1.85339e+06 iterations 7
Cbc0038I Pass  48: suminf.    0.67487 (2) obj. 1.85339e+06 iterations 1
Cbc0038I Pass  49: suminf.    0.67487 (2) obj. 1.85339e+06 iterations 1
Cbc0038I Pass  50: suminf.    0.16325 (2) obj. 1.85339e+06 iterations 3
Cbc0038I Pass  51: suminf.    0.15487 (2) obj. 1.85339e+06 iterations 2
Cbc0038I Pass  52: suminf.    0.64805 (3) obj. 1.85339e+06 iterations 8
Cbc0038I Pass  53: suminf.    0.64805 (3) obj. 1.85339e+06 iterations 1
Cbc0038I Pass  54: suminf.    0.83268 (3) obj. 1.85339e+06 iterations 7
Cbc0038I Pass  55: suminf.    0.67487 (2) obj. 1.85339e+06 iterations 1
Cbc0038I Pass  56: suminf.    0.67487 (2) obj. 1.85339e+06 iterations 1
Cbc0038I Pass  57: suminf.    0.16325 (2) obj. 1.85339e+06 iterations 3
Cbc0038I Pass  58: suminf.    0.15487 (2) obj. 1.85339e+06 iterations 2
Cbc0038I Pass  59: suminf.    0.64805 (3) obj. 1.85339e+06 iterations 8
Cbc0038I Pass  60: suminf.    0.64805 (3) obj. 1.85339e+06 iterations 1
Cbc0038I Pass  61: suminf.    0.83268 (3) obj. 1.85339e+06 iterations 7
Cbc0038I Pass  62: suminf.    0.67487 (2) obj. 1.85339e+06 iterations 1
Cbc0038I No solution found this major pass
Cbc0038I Before mini branch and bound, 13 integers at bound fixed and 75 continuous
Cbc0038I Full problem 113 rows 155 columns, reduced to 21 rows 26 columns
Cbc0038I Mini branch and bound did not improve solution (0.04 seconds)
Cbc0038I After 0.04 seconds - Feasibility pump exiting with objective of 1.85343e+06 - took 0.04 seconds
Cbc0012I Integer solution of 1853428.1 found by feasibility pump after 0 iterations and 0 nodes (0.04 seconds)
Cbc0038I Full problem 113 rows 155 columns, reduced to 77 rows 116 columns
Cbc0031I 14 added rows had average density of 37.642857
Cbc0013I At root node, 14 cuts changed objective from 1853317.6 to 1853413.9 in 100 passes
Cbc0014I Cut generator 0 (Probing) - 9 row cuts average 2.0 elements, 6 column cuts (6 active)  in 0.010 seconds - new frequency is 1
Cbc0014I Cut generator 1 (Gomory) - 261 row cuts average 56.1 elements, 0 column cuts (0 active)  in 0.015 seconds - new frequency is 1
Cbc0014I Cut generator 2 (Knapsack) - 0 row cuts average 0.0 elements, 0 column cuts (0 active)  in 0.010 seconds - new frequency is -100
Cbc0014I Cut generator 3 (Clique) - 0 row cuts average 0.0 elements, 0 column cuts (0 active)  in 0.001 seconds - new frequency is -100
Cbc0014I Cut generator 4 (MixedIntegerRounding2) - 7 row cuts average 3.9 elements, 0 column cuts (0 active)  in 0.007 seconds - new frequency is -100
Cbc0014I Cut generator 5 (FlowCover) - 0 row cuts average 0.0 elements, 0 column cuts (0 active)  in 0.021 seconds - new frequency is -100
Cbc0014I Cut generator 6 (TwoMirCuts) - 18 row cuts average 15.8 elements, 0 column cuts (0 active)  in 0.005 seconds - new frequency is -100
Cbc0010I After 0 nodes, 1 on tree, 1853428.1 best solution, best possible 1853413.9 (0.18 seconds)
Cbc0001I Search completed - best objective 1853428.130825279, took 659 iterations and 2 nodes (0.18 seconds)
Cbc0032I Strong branching done 16 times (81 iterations), fathomed 1 nodes and fixed 3 variables
Cbc0035I Maximum depth 0, 0 variables fixed on reduced cost
Cuts at root node changed objective from 1.85332e+06 to 1.85341e+06
Probing was tried 103 times and created 16 cuts of which 0 were active after adding rounds of cuts (0.011 seconds)
Gomory was tried 103 times and created 263 cuts of which 0 were active after adding rounds of cuts (0.015 seconds)
Knapsack was tried 100 times and created 0 cuts of which 0 were active after adding rounds of cuts (0.010 seconds)
Clique was tried 100 times and created 0 cuts of which 0 were active after adding rounds of cuts (0.001 seconds)
MixedIntegerRounding2 was tried 100 times and created 7 cuts of which 0 were active after adding rounds of cuts (0.007 seconds)
FlowCover was tried 100 times and created 0 cuts of which 0 were active after adding rounds of cuts (0.021 seconds)
TwoMirCuts was tried 100 times and created 18 cuts of which 0 were active after adding rounds of cuts (0.005 seconds)
ZeroHalf was tried 1 times and created 0 cuts of which 0 were active after adding rounds of cuts (0.000 seconds)

Result - Optimal solution found

Objective value:                1853428.13082528
Enumerated nodes:               2
Total iterations:               659
Time (CPU seconds):             0.19
Time (Wallclock seconds):       0.19

Option for printingOptions changed from normal to all
Total time (CPU seconds):       0.22   (Wallclock seconds):       0.22

