Welcome to the CBC MILP Solver 
Version: 2.10.3 
Build Date: Dec 15 2019 

command line - E:\dachuang\.venv\Lib\site-packages\pulp\apis\../solverdir/cbc/win/i64/cbc.exe model.mps -primalTolerance 1e-9 -integerTolerance 1e-9 -ratioGap 0 -allowableGap 0 -threads 0 -branch -printingOptions all -solution solution.txt -saveSolution solution.bin -quit (default strategy 1)
At line 2 NAME          MODEL
At line 3 ROWS
At line 317 COLUMNS
At line 1133 RHS
At line 1446 BOUNDS
At line 1521 ENDATA
Problem MODEL has 312 rows, 241 columns and 647 elements
Coin0008I MODEL read with 0 errors
primalTolerance was changed from 1e-07 to 1e-09
integerTolerance was changed from 1e-07 to 1e-09
ratioGap was changed from 0 to 0
allowableGap was changed from 1e-10 to 0
Continuous objective value is 2.86425e+06 - 0.00 seconds
Cgl0004I processed model has 111 rows, 151 columns (24 integer (24 of which binary)) and 320 elements
Cbc0038I Initial state - 7 integers unsatisfied sum - 1.90066
Cbc0038I Pass   1: suminf.    0.00000 (0) obj. 2.93392e+06 iterations 11
Cbc0038I Solution found of 2.93392e+06
Cbc0038I Relaxing continuous gives 2.93392e+06
Cbc0038I Before mini branch and bound, 17 integers at bound fixed and 80 continuous
Cbc0038I Full problem 111 rows 151 columns, reduced to 1 rows 2 columns
Cbc0038I Mini branch and bound improved solution from 2.93392e+06 to 2.8646e+06 (0.01 seconds)
Cbc0038I Round again with cutoff of 2.86456e+06
Cbc0038I Pass   2: suminf.    0.54761 (2) obj. 2.86456e+06 iterations 2
Cbc0038I Pass   3: suminf.    0.17197 (1) obj. 2.86456e+06 iterations 8
Cbc0038I Pass   4: suminf.    0.14761 (1) obj. 2.86456e+06 iterations 2
Cbc0038I Pass   5: suminf.    0.65497 (2) obj. 2.86456e+06 iterations 7
Cbc0038I Pass   6: suminf.    0.65497 (2) obj. 2.86456e+06 iterations 1
Cbc0038I Pass   7: suminf.    0.17197 (1) obj. 2.86456e+06 iterations 3
Cbc0038I Pass   8: suminf.    0.14761 (1) obj. 2.86456e+06 iterations 2
Cbc0038I Pass   9: suminf.    0.74747 (3) obj. 2.86456e+06 iterations 9
Cbc0038I Pass  10: suminf.    0.74747 (3) obj. 2.86456e+06 iterations 0
Cbc0038I Pass  11: suminf.    0.50397 (3) obj. 2.86456e+06 iterations 3
Cbc0038I Pass  12: suminf.    0.50397 (3) obj. 2.86456e+06 iterations 0
Cbc0038I Pass  13: suminf.    0.74747 (3) obj. 2.86456e+06 iterations 1
Cbc0038I Pass  14: suminf.    0.92053 (4) obj. 2.86456e+06 iterations 12
Cbc0038I Pass  15: suminf.    0.50397 (3) obj. 2.86456e+06 iterations 4
Cbc0038I Pass  16: suminf.    0.74747 (3) obj. 2.86456e+06 iterations 1
Cbc0038I Pass  17: suminf.    0.74747 (3) obj. 2.86456e+06 iterations 0
Cbc0038I Pass  18: suminf.    0.50397 (3) obj. 2.86456e+06 iterations 3
Cbc0038I Pass  19: suminf.    1.23124 (5) obj. 2.86456e+06 iterations 8
Cbc0038I Pass  20: suminf.    0.90397 (4) obj. 2.86456e+06 iterations 2
Cbc0038I Pass  21: suminf.    0.74747 (3) obj. 2.86456e+06 iterations 2
Cbc0038I Pass  22: suminf.    0.74747 (3) obj. 2.86456e+06 iterations 0
Cbc0038I Pass  23: suminf.    0.50397 (3) obj. 2.86456e+06 iterations 3
Cbc0038I Pass  24: suminf.    0.50397 (3) obj. 2.86456e+06 iterations 0
Cbc0038I Pass  25: suminf.    0.95647 (4) obj. 2.86456e+06 iterations 14
Cbc0038I Pass  26: suminf.    0.82247 (3) obj. 2.86456e+06 iterations 3
Cbc0038I Pass  27: suminf.    0.82247 (3) obj. 2.86456e+06 iterations 0
Cbc0038I Pass  28: suminf.    0.57897 (3) obj. 2.86456e+06 iterations 6
Cbc0038I Pass  29: suminf.    0.57897 (3) obj. 2.86456e+06 iterations 0
Cbc0038I Pass  30: suminf.    0.28449 (2) obj. 2.86456e+06 iterations 17
Cbc0038I Pass  31: suminf.    0.28449 (2) obj. 2.86456e+06 iterations 1
Cbc0038I No solution found this major pass
Cbc0038I Before mini branch and bound, 4 integers at bound fixed and 62 continuous
Cbc0038I Full problem 111 rows 151 columns, reduced to 25 rows 31 columns
Cbc0038I Mini branch and bound improved solution from 2.8646e+06 to 2.86459e+06 (0.02 seconds)
Cbc0038I Round again with cutoff of 2.8645e+06
Cbc0038I Pass  31: suminf.    0.81330 (2) obj. 2.8645e+06 iterations 1
Cbc0038I Pass  32: suminf.    0.46637 (1) obj. 2.8645e+06 iterations 7
Cbc0038I Pass  33: suminf.    0.41330 (1) obj. 2.8645e+06 iterations 3
Cbc0038I Pass  34: suminf.    0.91339 (3) obj. 2.8645e+06 iterations 21
Cbc0038I Pass  35: suminf.    0.86561 (3) obj. 2.8645e+06 iterations 2
Cbc0038I Pass  36: suminf.    0.41937 (3) obj. 2.8645e+06 iterations 8
Cbc0038I Pass  37: suminf.    0.41937 (3) obj. 2.8645e+06 iterations 0
Cbc0038I Pass  38: suminf.    0.51055 (3) obj. 2.8645e+06 iterations 8
Cbc0038I Pass  39: suminf.    0.48250 (2) obj. 2.8645e+06 iterations 1
Cbc0038I Pass  40: suminf.    0.41937 (3) obj. 2.8645e+06 iterations 3
Cbc0038I Pass  41: suminf.    0.41937 (3) obj. 2.8645e+06 iterations 2
Cbc0038I Pass  42: suminf.    0.41937 (3) obj. 2.8645e+06 iterations 0
Cbc0038I Pass  43: suminf.    0.51055 (3) obj. 2.8645e+06 iterations 8
Cbc0038I Pass  44: suminf.    0.48250 (2) obj. 2.8645e+06 iterations 1
Cbc0038I Pass  45: suminf.    0.41937 (3) obj. 2.8645e+06 iterations 3
Cbc0038I Pass  46: suminf.    0.62613 (2) obj. 2.8645e+06 iterations 9
Cbc0038I Pass  47: suminf.    0.41330 (1) obj. 2.8645e+06 iterations 2
Cbc0038I Pass  48: suminf.    0.46637 (1) obj. 2.8645e+06 iterations 2
Cbc0038I Pass  49: suminf.    0.46637 (1) obj. 2.8645e+06 iterations 5
Cbc0038I Pass  50: suminf.    0.41330 (1) obj. 2.8645e+06 iterations 3
Cbc0038I Pass  51: suminf.    0.46637 (1) obj. 2.8645e+06 iterations 4
Cbc0038I Pass  52: suminf.    1.50561 (5) obj. 2.8645e+06 iterations 17
Cbc0038I Pass  53: suminf.    0.41937 (3) obj. 2.8645e+06 iterations 10
Cbc0038I Pass  54: suminf.    0.41937 (3) obj. 2.8645e+06 iterations 0
Cbc0038I Pass  55: suminf.    0.51055 (3) obj. 2.8645e+06 iterations 10
Cbc0038I Pass  56: suminf.    0.48250 (2) obj. 2.8645e+06 iterations 1
Cbc0038I Pass  57: suminf.    0.41937 (3) obj. 2.8645e+06 iterations 3
Cbc0038I Pass  58: suminf.    1.41587 (5) obj. 2.8645e+06 iterations 13
Cbc0038I Pass  59: suminf.    1.41587 (5) obj. 2.8645e+06 iterations 0
Cbc0038I Pass  60: suminf.    0.79837 (4) obj. 2.8645e+06 iterations 5
Cbc0038I No solution found this major pass
Cbc0038I Before mini branch and bound, 5 integers at bound fixed and 65 continuous
Cbc0038I Full problem 111 rows 151 columns, reduced to 22 rows 27 columns
Cbc0038I Mini branch and bound did not improve solution (0.04 seconds)
Cbc0038I After 0.04 seconds - Feasibility pump exiting with objective of 2.86459e+06 - took 0.03 seconds
Cbc0012I Integer solution of 2864586.9 found by feasibility pump after 0 iterations and 0 nodes (0.04 seconds)
Cbc0038I Full problem 111 rows 151 columns, reduced to 64 rows 99 columns
Cbc0031I 11 added rows had average density of 18.181818
Cbc0013I At root node, 11 cuts changed objective from 2864252.4 to 2864576.6 in 100 passes
Cbc0014I Cut generator 0 (Probing) - 15 row cuts average 2.0 elements, 5 column cuts (5 active)  in 0.007 seconds - new frequency is 1
Cbc0014I Cut generator 1 (Gomory) - 227 row cuts average 32.5 elements, 0 column cuts (0 active)  in 0.010 seconds - new frequency is 1
Cbc0014I Cut generator 2 (Knapsack) - 0 row cuts average 0.0 elements, 0 column cuts (0 active)  in 0.018 seconds - new frequency is -100
Cbc0014I Cut generator 3 (Clique) - 0 row cuts average 0.0 elements, 0 column cuts (0 active)  in 0.000 seconds - new frequency is -100
Cbc0014I Cut generator 4 (MixedIntegerRounding2) - 4 row cuts average 4.5 elements, 0 column cuts (0 active)  in 0.007 seconds - new frequency is -100
Cbc0014I Cut generator 5 (FlowCover) - 0 row cuts average 0.0 elements, 0 column cuts (0 active)  in 0.018 seconds - new frequency is -100
Cbc0014I Cut generator 6 (TwoMirCuts) - 16 row cuts average 11.4 elements, 0 column cuts (0 active)  in 0.002 seconds - new frequency is -100
Cbc0010I After 0 nodes, 1 on tree, 2864586.9 best solution, best possible 2864576.6 (0.16 seconds)
Cbc0001I Search completed - best objective 2864586.933499809, took 672 iterations and 6 nodes (0.17 seconds)
Cbc0032I Strong branching done 18 times (67 iterations), fathomed 2 nodes and fixed 1 variables
Cbc0035I Maximum depth 2, 0 variables fixed on reduced cost
Cuts at root node changed objective from 2.86425e+06 to 2.86458e+06
Probing was tried 109 times and created 23 cuts of which 0 were active after adding rounds of cuts (0.007 seconds)
Gomory was tried 109 times and created 232 cuts of which 0 were active after adding rounds of cuts (0.010 seconds)
Knapsack was tried 100 times and created 0 cuts of which 0 were active after adding rounds of cuts (0.018 seconds)
Clique was tried 100 times and created 0 cuts of which 0 were active after adding rounds of cuts (0.000 seconds)
MixedIntegerRounding2 was tried 100 times and created 4 cuts of which 0 were active after adding rounds of cuts (0.007 seconds)
FlowCover was tried 100 times and created 0 cuts of which 0 were active after adding rounds of cuts (0.018 seconds)
TwoMirCuts was tried 100 times and created 16 cuts of which 0 were active after adding rounds of cuts (0.002 seconds)
ZeroHalf was tried 1 times and created 0 cuts of which 0 were active after adding rounds of cuts (0.000 seconds)

Result - Optimal solution found

Objective value:                2864586.93349981
Enumerated nodes:               6
Total iterations:               672
Time (CPU seconds):             0.17
Time (Wallclock seconds):       0.17

Option for printingOptions changed from normal to all
Total time (CPU seconds):       0.20   (Wallclock seconds):       0.20

