Welcome to the CBC MILP Solver 
Version: 2.10.3 
Build Date: Dec 15 2019 

command line - E:\dachuang\.venv\Lib\site-packages\pulp\apis\../solverdir/cbc/win/i64/cbc.exe model.mps -primalTolerance 1e-9 -integerTolerance 1e-9 -ratioGap 0 -allowableGap 0 -threads 0 -branch -printingOptions all -solution solution.txt -saveSolution solution.bin -quit (default strategy 1)
At line 2 NAME          MODEL
At line 3 ROWS
At line 317 COLUMNS
At line 1133 RHS
At line 1446 BOUNDS
At line 1521 ENDATA
Problem MODEL has 312 rows, 241 columns and 647 elements
Coin0008I MODEL read with 0 errors
primalTolerance was changed from 1e-07 to 1e-09
integerTolerance was changed from 1e-07 to 1e-09
ratioGap was changed from 0 to 0
allowableGap was changed from 1e-10 to 0
Continuous objective value is 3.49219e+06 - 0.00 seconds
Cgl0004I processed model has 110 rows, 151 columns (24 integer (24 of which binary)) and 317 elements
Cbc0038I Initial state - 6 integers unsatisfied sum - 1.98266
Cbc0038I Pass   1: suminf.    0.00000 (0) obj. 3.58006e+06 iterations 14
Cbc0038I Solution found of 3.58006e+06
Cbc0038I Relaxing continuous gives 3.57608e+06
Cbc0038I Before mini branch and bound, 18 integers at bound fixed and 80 continuous
Cbc0038I Full problem 110 rows 151 columns, reduced to 5 rows 6 columns
Cbc0038I Mini branch and bound improved solution from 3.57608e+06 to 3.49254e+06 (0.01 seconds)
Cbc0038I Freeing continuous variables gives a solution of 3.49254e+06
Cbc0038I Round again with cutoff of 3.4925e+06
Cbc0038I Pass   2: suminf.    0.62961 (2) obj. 3.4925e+06 iterations 3
Cbc0038I Pass   3: suminf.    0.00000 (0) obj. 3.4925e+06 iterations 9
Cbc0038I Solution found of 3.4925e+06
Cbc0038I Relaxing continuous gives 3.49233e+06
Cbc0038I Before mini branch and bound, 17 integers at bound fixed and 76 continuous
Cbc0038I Full problem 110 rows 151 columns, reduced to 16 rows 22 columns
Cbc0038I Mini branch and bound improved solution from 3.49233e+06 to 3.4922e+06 (0.02 seconds)
Cbc0038I Freeing continuous variables gives a solution of 3.4922e+06
Cbc0038I Round again with cutoff of 3.4922e+06
Cbc0038I Pass   4: suminf.    1.08550 (5) obj. 3.4922e+06 iterations 6
Cbc0038I Pass   5: suminf.    1.08550 (4) obj. 3.4922e+06 iterations 2
Cbc0038I Pass   6: suminf.    0.48518 (2) obj. 3.4922e+06 iterations 10
Cbc0038I Pass   7: suminf.    0.48350 (3) obj. 3.4922e+06 iterations 2
Cbc0038I Pass   8: suminf.    1.01321 (3) obj. 3.4922e+06 iterations 9
Cbc0038I Pass   9: suminf.    0.96985 (2) obj. 3.4922e+06 iterations 4
Cbc0038I Pass  10: suminf.    0.48350 (3) obj. 3.4922e+06 iterations 3
Cbc0038I Pass  11: suminf.    1.01321 (3) obj. 3.4922e+06 iterations 8
Cbc0038I Pass  12: suminf.    0.48518 (2) obj. 3.4922e+06 iterations 5
Cbc0038I Pass  13: suminf.    0.48518 (2) obj. 3.4922e+06 iterations 5
Cbc0038I Pass  14: suminf.    0.48350 (3) obj. 3.4922e+06 iterations 3
Cbc0038I Pass  15: suminf.    1.01321 (3) obj. 3.4922e+06 iterations 7
Cbc0038I Pass  16: suminf.    0.48518 (2) obj. 3.4922e+06 iterations 5
Cbc0038I Pass  17: suminf.    1.01321 (3) obj. 3.4922e+06 iterations 13
Cbc0038I Pass  18: suminf.    0.46358 (2) obj. 3.4922e+06 iterations 6
Cbc0038I Pass  19: suminf.    0.42429 (2) obj. 3.4922e+06 iterations 2
Cbc0038I Pass  20: suminf.    0.48275 (3) obj. 3.4922e+06 iterations 2
Cbc0038I Pass  21: suminf.    0.46358 (2) obj. 3.4922e+06 iterations 20
Cbc0038I Pass  22: suminf.    0.42429 (2) obj. 3.4922e+06 iterations 2
Cbc0038I Pass  23: suminf.    0.48275 (3) obj. 3.4922e+06 iterations 2
Cbc0038I Pass  24: suminf.    1.11571 (4) obj. 3.4922e+06 iterations 15
Cbc0038I Pass  25: suminf.    0.01942 (1) obj. 3.4922e+06 iterations 8
Cbc0038I Pass  26: suminf.    0.00429 (1) obj. 3.4922e+06 iterations 1
Cbc0038I Pass  27: suminf.    1.51781 (4) obj. 3.4922e+06 iterations 22
Cbc0038I Pass  28: suminf.    0.60350 (4) obj. 3.4922e+06 iterations 3
Cbc0038I Pass  29: suminf.    0.60350 (3) obj. 3.4922e+06 iterations 2
Cbc0038I Pass  30: suminf.    0.48518 (2) obj. 3.4922e+06 iterations 9
Cbc0038I Pass  31: suminf.    0.48350 (3) obj. 3.4922e+06 iterations 2
Cbc0038I Pass  32: suminf.    1.01321 (3) obj. 3.4922e+06 iterations 10
Cbc0038I Pass  33: suminf.    1.49521 (4) obj. 3.4922e+06 iterations 13
Cbc0038I No solution found this major pass
Cbc0038I Before mini branch and bound, 2 integers at bound fixed and 62 continuous
Cbc0038I Full problem 110 rows 151 columns, reduced to 26 rows 35 columns
Cbc0038I Mini branch and bound did not improve solution (0.03 seconds)
Cbc0038I After 0.03 seconds - Feasibility pump exiting with objective of 3.4922e+06 - took 0.02 seconds
Cbc0012I Integer solution of 3492198.7 found by feasibility pump after 0 iterations and 0 nodes (0.03 seconds)
Cbc0038I Full problem 110 rows 151 columns, reduced to 60 rows 94 columns
Cbc0031I 4 added rows had average density of 10.25
Cbc0013I At root node, 4 cuts changed objective from 3492194.2 to 3492196.1 in 12 passes
Cbc0014I Cut generator 0 (Probing) - 3 row cuts average 2.7 elements, 2 column cuts (2 active)  in 0.002 seconds - new frequency is 1
Cbc0014I Cut generator 1 (Gomory) - 33 row cuts average 18.0 elements, 0 column cuts (0 active)  in 0.001 seconds - new frequency is 1
Cbc0014I Cut generator 2 (Knapsack) - 0 row cuts average 0.0 elements, 0 column cuts (0 active)  in 0.000 seconds - new frequency is -100
Cbc0014I Cut generator 3 (Clique) - 0 row cuts average 0.0 elements, 0 column cuts (0 active)  in 0.000 seconds - new frequency is -100
Cbc0014I Cut generator 4 (MixedIntegerRounding2) - 2 row cuts average 5.0 elements, 0 column cuts (0 active)  in 0.000 seconds - new frequency is -100
Cbc0014I Cut generator 5 (FlowCover) - 0 row cuts average 0.0 elements, 0 column cuts (0 active)  in 0.001 seconds - new frequency is -100
Cbc0014I Cut generator 6 (TwoMirCuts) - 22 row cuts average 9.8 elements, 0 column cuts (0 active)  in 0.002 seconds - new frequency is -100
Cbc0010I After 0 nodes, 1 on tree, 3492198.7 best solution, best possible 3492196.1 (0.05 seconds)
Cbc0001I Search completed - best objective 3492198.667249807, took 97 iterations and 6 nodes (0.06 seconds)
Cbc0032I Strong branching done 22 times (51 iterations), fathomed 3 nodes and fixed 0 variables
Cbc0035I Maximum depth 1, 0 variables fixed on reduced cost
Cuts at root node changed objective from 3.49219e+06 to 3.4922e+06
Probing was tried 19 times and created 5 cuts of which 0 were active after adding rounds of cuts (0.002 seconds)
Gomory was tried 19 times and created 35 cuts of which 0 were active after adding rounds of cuts (0.002 seconds)
Knapsack was tried 12 times and created 0 cuts of which 0 were active after adding rounds of cuts (0.000 seconds)
Clique was tried 12 times and created 0 cuts of which 0 were active after adding rounds of cuts (0.000 seconds)
MixedIntegerRounding2 was tried 12 times and created 2 cuts of which 0 were active after adding rounds of cuts (0.000 seconds)
FlowCover was tried 12 times and created 0 cuts of which 0 were active after adding rounds of cuts (0.001 seconds)
TwoMirCuts was tried 12 times and created 22 cuts of which 0 were active after adding rounds of cuts (0.002 seconds)
ZeroHalf was tried 1 times and created 0 cuts of which 0 were active after adding rounds of cuts (0.000 seconds)

Result - Optimal solution found

Objective value:                3492198.66724981
Enumerated nodes:               6
Total iterations:               97
Time (CPU seconds):             0.07
Time (Wallclock seconds):       0.07

Option for printingOptions changed from normal to all
Total time (CPU seconds):       0.09   (Wallclock seconds):       0.09

