Welcome to the CBC MILP Solver 
Version: 2.10.3 
Build Date: Dec 15 2019 

command line - E:\dachuang\.venv\Lib\site-packages\pulp\apis\../solverdir/cbc/win/i64/cbc.exe model.mps -primalTolerance 1e-9 -integerTolerance 1e-9 -ratioGap 0 -allowableGap 0 -threads 0 -branch -printingOptions all -solution solution.txt -saveSolution solution.bin -quit (default strategy 1)
At line 2 NAME          MODEL
At line 3 ROWS
At line 317 COLUMNS
At line 1133 RHS
At line 1446 BOUNDS
At line 1521 ENDATA
Problem MODEL has 312 rows, 241 columns and 647 elements
Coin0008I MODEL read with 0 errors
primalTolerance was changed from 1e-07 to 1e-09
integerTolerance was changed from 1e-07 to 1e-09
ratioGap was changed from 0 to 0
allowableGap was changed from 1e-10 to 0
Continuous objective value is 1.5393e+06 - 0.00 seconds
Cgl0004I processed model has 113 rows, 157 columns (24 integer (24 of which binary)) and 332 elements
Cbc0038I Initial state - 10 integers unsatisfied sum - 2.43382
Cbc0038I Pass   1: suminf.    0.00000 (0) obj. 1.56542e+06 iterations 20
Cbc0038I Solution found of 1.56542e+06
Cbc0038I Relaxing continuous gives 1.56453e+06
Cbc0038I Before mini branch and bound, 14 integers at bound fixed and 83 continuous
Cbc0038I Full problem 113 rows 157 columns, reduced to 9 rows 10 columns
Cbc0038I Mini branch and bound improved solution from 1.56453e+06 to 1.53975e+06 (0.01 seconds)
Cbc0038I Freeing continuous variables gives a solution of 1.53975e+06
Cbc0038I Round again with cutoff of 1.5397e+06
Cbc0038I Pass   2: suminf.    0.33804 (3) obj. 1.5397e+06 iterations 5
Cbc0038I Pass   3: suminf.    0.00000 (0) obj. 1.5397e+06 iterations 13
Cbc0038I Solution found of 1.5397e+06
Cbc0038I Relaxing continuous gives 1.53957e+06
Cbc0038I Before mini branch and bound, 13 integers at bound fixed and 81 continuous
Cbc0038I Full problem 113 rows 157 columns, reduced to 17 rows 23 columns
Cbc0038I Mini branch and bound improved solution from 1.53957e+06 to 1.53943e+06 (0.02 seconds)
Cbc0038I Freeing continuous variables gives a solution of 1.53943e+06
Cbc0038I Round again with cutoff of 1.53941e+06
Cbc0038I Pass   4: suminf.    0.87252 (6) obj. 1.53941e+06 iterations 4
Cbc0038I Pass   5: suminf.    0.87252 (6) obj. 1.53941e+06 iterations 3
Cbc0038I Pass   6: suminf.    0.81181 (2) obj. 1.53941e+06 iterations 10
Cbc0038I Pass   7: suminf.    0.81181 (2) obj. 1.53941e+06 iterations 7
Cbc0038I Pass   8: suminf.    0.50460 (3) obj. 1.53941e+06 iterations 5
Cbc0038I Pass   9: suminf.    0.48000 (3) obj. 1.53941e+06 iterations 3
Cbc0038I Pass  10: suminf.    1.00043 (4) obj. 1.53941e+06 iterations 15
Cbc0038I Pass  11: suminf.    0.50503 (4) obj. 1.53941e+06 iterations 5
Cbc0038I Pass  12: suminf.    0.50503 (4) obj. 1.53941e+06 iterations 1
Cbc0038I Pass  13: suminf.    0.85518 (3) obj. 1.53941e+06 iterations 13
Cbc0038I Pass  14: suminf.    0.81181 (2) obj. 1.53941e+06 iterations 2
Cbc0038I Pass  15: suminf.    0.81181 (2) obj. 1.53941e+06 iterations 3
Cbc0038I Pass  16: suminf.    0.50460 (3) obj. 1.53941e+06 iterations 4
Cbc0038I Pass  17: suminf.    0.48000 (3) obj. 1.53941e+06 iterations 3
Cbc0038I Pass  18: suminf.    1.00043 (4) obj. 1.53941e+06 iterations 15
Cbc0038I Pass  19: suminf.    0.50503 (4) obj. 1.53941e+06 iterations 4
Cbc0038I Pass  20: suminf.    0.50503 (4) obj. 1.53941e+06 iterations 1
Cbc0038I Pass  21: suminf.    0.85518 (3) obj. 1.53941e+06 iterations 10
Cbc0038I Pass  22: suminf.    0.81181 (2) obj. 1.53941e+06 iterations 2
Cbc0038I Pass  23: suminf.    0.81181 (2) obj. 1.53941e+06 iterations 3
Cbc0038I Pass  24: suminf.    0.50460 (3) obj. 1.53941e+06 iterations 4
Cbc0038I Pass  25: suminf.    0.48000 (3) obj. 1.53941e+06 iterations 3
Cbc0038I Pass  26: suminf.    1.00043 (4) obj. 1.53941e+06 iterations 15
Cbc0038I Pass  27: suminf.    0.50503 (4) obj. 1.53941e+06 iterations 4
Cbc0038I Pass  28: suminf.    0.50503 (4) obj. 1.53941e+06 iterations 1
Cbc0038I Pass  29: suminf.    0.85518 (3) obj. 1.53941e+06 iterations 10
Cbc0038I Pass  30: suminf.    0.81181 (2) obj. 1.53941e+06 iterations 2
Cbc0038I Pass  31: suminf.    0.81181 (2) obj. 1.53941e+06 iterations 1
Cbc0038I Pass  32: suminf.    0.50460 (3) obj. 1.53941e+06 iterations 4
Cbc0038I Pass  33: suminf.    0.48000 (3) obj. 1.53941e+06 iterations 3
Cbc0038I No solution found this major pass
Cbc0038I Before mini branch and bound, 12 integers at bound fixed and 78 continuous
Cbc0038I Full problem 113 rows 157 columns, reduced to 26 rows 34 columns
Cbc0038I Mini branch and bound did not improve solution (0.03 seconds)
Cbc0038I After 0.03 seconds - Feasibility pump exiting with objective of 1.53943e+06 - took 0.02 seconds
Cbc0012I Integer solution of 1539433.3 found by feasibility pump after 0 iterations and 0 nodes (0.03 seconds)
Cbc0038I Full problem 113 rows 157 columns, reduced to 75 rows 115 columns
Cbc0031I 8 added rows had average density of 17.625
Cbc0013I At root node, 8 cuts changed objective from 1539296.8 to 1539420.4 in 18 passes
Cbc0014I Cut generator 0 (Probing) - 1 row cuts average 2.0 elements, 3 column cuts (3 active)  in 0.002 seconds - new frequency is 1
Cbc0014I Cut generator 1 (Gomory) - 34 row cuts average 24.2 elements, 0 column cuts (0 active)  in 0.003 seconds - new frequency is 1
Cbc0014I Cut generator 2 (Knapsack) - 0 row cuts average 0.0 elements, 0 column cuts (0 active)  in 0.002 seconds - new frequency is -100
Cbc0014I Cut generator 3 (Clique) - 0 row cuts average 0.0 elements, 0 column cuts (0 active)  in 0.000 seconds - new frequency is -100
Cbc0014I Cut generator 4 (MixedIntegerRounding2) - 3 row cuts average 7.0 elements, 0 column cuts (0 active)  in 0.002 seconds - new frequency is -100
Cbc0014I Cut generator 5 (FlowCover) - 0 row cuts average 0.0 elements, 0 column cuts (0 active)  in 0.003 seconds - new frequency is -100
Cbc0014I Cut generator 6 (TwoMirCuts) - 20 row cuts average 13.3 elements, 0 column cuts (0 active)  in 0.001 seconds - new frequency is -100
Cbc0010I After 0 nodes, 1 on tree, 1539433.3 best solution, best possible 1539420.4 (0.06 seconds)
Cbc0001I Search completed - best objective 1539433.344183993, took 124 iterations and 4 nodes (0.07 seconds)
Cbc0032I Strong branching done 20 times (76 iterations), fathomed 3 nodes and fixed 3 variables
Cbc0035I Maximum depth 1, 0 variables fixed on reduced cost
Cuts at root node changed objective from 1.5393e+06 to 1.53942e+06
Probing was tried 25 times and created 5 cuts of which 0 were active after adding rounds of cuts (0.003 seconds)
Gomory was tried 25 times and created 40 cuts of which 0 were active after adding rounds of cuts (0.004 seconds)
Knapsack was tried 18 times and created 0 cuts of which 0 were active after adding rounds of cuts (0.002 seconds)
Clique was tried 18 times and created 0 cuts of which 0 were active after adding rounds of cuts (0.000 seconds)
MixedIntegerRounding2 was tried 18 times and created 3 cuts of which 0 were active after adding rounds of cuts (0.002 seconds)
FlowCover was tried 18 times and created 0 cuts of which 0 were active after adding rounds of cuts (0.003 seconds)
TwoMirCuts was tried 18 times and created 20 cuts of which 0 were active after adding rounds of cuts (0.001 seconds)
ZeroHalf was tried 1 times and created 0 cuts of which 0 were active after adding rounds of cuts (0.000 seconds)

Result - Optimal solution found

Objective value:                1539433.34418399
Enumerated nodes:               4
Total iterations:               124
Time (CPU seconds):             0.08
Time (Wallclock seconds):       0.08

Option for printingOptions changed from normal to all
Total time (CPU seconds):       0.09   (Wallclock seconds):       0.09

