Welcome to the CBC MILP Solver 
Version: 2.10.3 
Build Date: Dec 15 2019 

command line - E:\dachuang\.venv\Lib\site-packages\pulp\apis\../solverdir/cbc/win/i64/cbc.exe model.mps -primalTolerance 1e-9 -integerTolerance 1e-9 -ratioGap 0 -allowableGap 0 -threads 0 -branch -printingOptions all -solution solution.txt -saveSolution solution.bin -quit (default strategy 1)
At line 2 NAME          MODEL
At line 3 ROWS
At line 317 COLUMNS
At line 1133 RHS
At line 1446 BOUNDS
At line 1521 ENDATA
Problem MODEL has 312 rows, 241 columns and 647 elements
Coin0008I MODEL read with 0 errors
primalTolerance was changed from 1e-07 to 1e-09
integerTolerance was changed from 1e-07 to 1e-09
ratioGap was changed from 0 to 0
allowableGap was changed from 1e-10 to 0
Continuous objective value is 1.94613e+06 - 0.00 seconds
Cgl0004I processed model has 113 rows, 155 columns (24 integer (24 of which binary)) and 330 elements
Cbc0038I Initial state - 7 integers unsatisfied sum - 1.09744
Cbc0038I Pass   1: suminf.    0.00000 (0) obj. 1.97848e+06 iterations 15
Cbc0038I Solution found of 1.97848e+06
Cbc0038I Relaxing continuous gives 1.9772e+06
Cbc0038I Before mini branch and bound, 17 integers at bound fixed and 85 continuous
Cbc0038I Full problem 113 rows 155 columns, reduced to 1 rows 4 columns
Cbc0038I Mini branch and bound improved solution from 1.9772e+06 to 1.94627e+06 (0.01 seconds)
Cbc0038I Freeing continuous variables gives a solution of 1.94627e+06
Cbc0038I Round again with cutoff of 1.94625e+06
Cbc0038I Pass   2: suminf.    0.23586 (3) obj. 1.94625e+06 iterations 6
Cbc0038I Pass   3: suminf.    0.59997 (2) obj. 1.94625e+06 iterations 8
Cbc0038I Pass   4: suminf.    0.47986 (1) obj. 1.94625e+06 iterations 3
Cbc0038I Pass   5: suminf.    0.05736 (1) obj. 1.94625e+06 iterations 5
Cbc0038I Pass   6: suminf.    0.05736 (1) obj. 1.94625e+06 iterations 2
Cbc0038I Pass   7: suminf.    0.59997 (2) obj. 1.94625e+06 iterations 7
Cbc0038I Pass   8: suminf.    0.47986 (1) obj. 1.94625e+06 iterations 3
Cbc0038I Pass   9: suminf.    0.05736 (1) obj. 1.94625e+06 iterations 5
Cbc0038I Pass  10: suminf.    0.13165 (2) obj. 1.94625e+06 iterations 4
Cbc0038I Pass  11: suminf.    0.05736 (1) obj. 1.94625e+06 iterations 1
Cbc0038I Pass  12: suminf.    0.59997 (2) obj. 1.94625e+06 iterations 7
Cbc0038I Pass  13: suminf.    0.47986 (1) obj. 1.94625e+06 iterations 3
Cbc0038I Pass  14: suminf.    0.43197 (2) obj. 1.94625e+06 iterations 14
Cbc0038I Pass  15: suminf.    0.43197 (2) obj. 1.94625e+06 iterations 0
Cbc0038I Pass  16: suminf.    0.47986 (2) obj. 1.94625e+06 iterations 5
Cbc0038I Pass  17: suminf.    0.47986 (2) obj. 1.94625e+06 iterations 0
Cbc0038I Pass  18: suminf.    0.43197 (2) obj. 1.94625e+06 iterations 4
Cbc0038I Pass  19: suminf.    1.31638 (5) obj. 1.94625e+06 iterations 13
Cbc0038I Pass  20: suminf.    0.78607 (4) obj. 1.94625e+06 iterations 2
Cbc0038I Pass  21: suminf.    0.47986 (2) obj. 1.94625e+06 iterations 5
Cbc0038I Pass  22: suminf.    0.47986 (2) obj. 1.94625e+06 iterations 1
Cbc0038I Pass  23: suminf.    0.43197 (2) obj. 1.94625e+06 iterations 5
Cbc0038I Pass  24: suminf.    0.43197 (2) obj. 1.94625e+06 iterations 0
Cbc0038I Pass  25: suminf.    1.00086 (6) obj. 1.94625e+06 iterations 19
Cbc0038I Pass  26: suminf.    0.68507 (5) obj. 1.94625e+06 iterations 4
Cbc0038I Pass  27: suminf.    0.58235 (3) obj. 1.94625e+06 iterations 9
Cbc0038I Pass  28: suminf.    0.47986 (2) obj. 1.94625e+06 iterations 2
Cbc0038I Pass  29: suminf.    0.43197 (2) obj. 1.94625e+06 iterations 5
Cbc0038I Pass  30: suminf.    0.43197 (2) obj. 1.94625e+06 iterations 0
Cbc0038I Pass  31: suminf.    0.98446 (3) obj. 1.94625e+06 iterations 3
Cbc0038I No solution found this major pass
Cbc0038I Before mini branch and bound, 3 integers at bound fixed and 66 continuous
Cbc0038I Full problem 113 rows 155 columns, reduced to 22 rows 30 columns
Cbc0038I Mini branch and bound improved solution from 1.94627e+06 to 1.94617e+06 (0.03 seconds)
Cbc0038I Freeing continuous variables gives a solution of 1.94617e+06
Cbc0038I Round again with cutoff of 1.94616e+06
Cbc0038I Pass  31: suminf.    0.64410 (5) obj. 1.94616e+06 iterations 4
Cbc0038I Pass  32: suminf.    0.78661 (2) obj. 1.94616e+06 iterations 9
Cbc0038I Pass  33: suminf.    0.46560 (3) obj. 1.94616e+06 iterations 3
Cbc0038I Pass  34: suminf.    0.46560 (3) obj. 1.94616e+06 iterations 16
Cbc0038I Pass  35: suminf.    0.86639 (3) obj. 1.94616e+06 iterations 8
Cbc0038I Pass  36: suminf.    0.86639 (3) obj. 1.94616e+06 iterations 0
Cbc0038I Pass  37: suminf.    0.13380 (2) obj. 1.94616e+06 iterations 7
Cbc0038I Pass  38: suminf.    0.12900 (2) obj. 1.94616e+06 iterations 4
Cbc0038I Pass  39: suminf.    0.03439 (1) obj. 1.94616e+06 iterations 11
Cbc0038I Pass  40: suminf.    0.12808 (1) obj. 1.94616e+06 iterations 4
Cbc0038I Pass  41: suminf.    0.66161 (3) obj. 1.94616e+06 iterations 17
Cbc0038I Pass  42: suminf.    0.07739 (2) obj. 1.94616e+06 iterations 5
Cbc0038I Pass  43: suminf.    0.12808 (1) obj. 1.94616e+06 iterations 7
Cbc0038I Pass  44: suminf.    0.03439 (1) obj. 1.94616e+06 iterations 1
Cbc0038I Pass  45: suminf.    0.99471 (4) obj. 1.94616e+06 iterations 6
Cbc0038I Pass  46: suminf.    0.41048 (3) obj. 1.94616e+06 iterations 1
Cbc0038I Pass  47: suminf.    0.12808 (1) obj. 1.94616e+06 iterations 6
Cbc0038I Pass  48: suminf.    0.03439 (1) obj. 1.94616e+06 iterations 1
Cbc0038I Pass  49: suminf.    0.13380 (2) obj. 1.94616e+06 iterations 7
Cbc0038I Pass  50: suminf.    0.12900 (2) obj. 1.94616e+06 iterations 3
Cbc0038I Pass  51: suminf.    0.03439 (1) obj. 1.94616e+06 iterations 10
Cbc0038I Pass  52: suminf.    0.12808 (1) obj. 1.94616e+06 iterations 4
Cbc0038I Pass  53: suminf.    1.02748 (4) obj. 1.94616e+06 iterations 16
Cbc0038I Pass  54: suminf.    1.02748 (4) obj. 1.94616e+06 iterations 3
Cbc0038I Pass  55: suminf.    0.13380 (2) obj. 1.94616e+06 iterations 8
Cbc0038I Pass  56: suminf.    0.12900 (2) obj. 1.94616e+06 iterations 1
Cbc0038I Pass  57: suminf.    0.03439 (1) obj. 1.94616e+06 iterations 4
Cbc0038I Pass  58: suminf.    0.12808 (1) obj. 1.94616e+06 iterations 6
Cbc0038I Pass  59: suminf.    0.79871 (4) obj. 1.94616e+06 iterations 14
Cbc0038I Pass  60: suminf.    0.64570 (4) obj. 1.94616e+06 iterations 4
Cbc0038I No solution found this major pass
Cbc0038I Before mini branch and bound, 3 integers at bound fixed and 66 continuous
Cbc0038I Full problem 113 rows 155 columns, reduced to 23 rows 32 columns
Cbc0038I Mini branch and bound did not improve solution (0.04 seconds)
Cbc0038I After 0.04 seconds - Feasibility pump exiting with objective of 1.94617e+06 - took 0.04 seconds
Cbc0012I Integer solution of 1946168.1 found by feasibility pump after 0 iterations and 0 nodes (0.04 seconds)
Cbc0038I Full problem 113 rows 155 columns, reduced to 70 rows 108 columns
Cbc0031I 5 added rows had average density of 23.4
Cbc0013I At root node, 5 cuts changed objective from 1946132.1 to 1946150.6 in 71 passes
Cbc0014I Cut generator 0 (Probing) - 2 row cuts average 3.5 elements, 3 column cuts (3 active)  in 0.009 seconds - new frequency is 1
Cbc0014I Cut generator 1 (Gomory) - 93 row cuts average 31.4 elements, 0 column cuts (0 active)  in 0.007 seconds - new frequency is 1
Cbc0014I Cut generator 2 (Knapsack) - 0 row cuts average 0.0 elements, 0 column cuts (0 active)  in 0.012 seconds - new frequency is -100
Cbc0014I Cut generator 3 (Clique) - 0 row cuts average 0.0 elements, 0 column cuts (0 active)  in 0.001 seconds - new frequency is -100
Cbc0014I Cut generator 4 (MixedIntegerRounding2) - 9 row cuts average 4.6 elements, 0 column cuts (0 active)  in 0.008 seconds - new frequency is 1
Cbc0014I Cut generator 5 (FlowCover) - 0 row cuts average 0.0 elements, 0 column cuts (0 active)  in 0.008 seconds - new frequency is -100
Cbc0014I Cut generator 6 (TwoMirCuts) - 15 row cuts average 16.0 elements, 0 column cuts (0 active)  in 0.004 seconds - new frequency is -100
Cbc0010I After 0 nodes, 1 on tree, 1946168.1 best solution, best possible 1946150.6 (0.13 seconds)
Cbc0001I Search completed - best objective 1946168.138933991, took 287 iterations and 6 nodes (0.15 seconds)
Cbc0032I Strong branching done 30 times (96 iterations), fathomed 4 nodes and fixed 2 variables
Cbc0035I Maximum depth 1, 1 variables fixed on reduced cost
Cuts at root node changed objective from 1.94613e+06 to 1.94615e+06
Probing was tried 89 times and created 6 cuts of which 0 were active after adding rounds of cuts (0.010 seconds)
Gomory was tried 89 times and created 107 cuts of which 0 were active after adding rounds of cuts (0.009 seconds)
Knapsack was tried 71 times and created 0 cuts of which 0 were active after adding rounds of cuts (0.012 seconds)
Clique was tried 71 times and created 0 cuts of which 0 were active after adding rounds of cuts (0.001 seconds)
MixedIntegerRounding2 was tried 89 times and created 13 cuts of which 0 were active after adding rounds of cuts (0.009 seconds)
FlowCover was tried 71 times and created 0 cuts of which 0 were active after adding rounds of cuts (0.008 seconds)
TwoMirCuts was tried 71 times and created 15 cuts of which 0 were active after adding rounds of cuts (0.004 seconds)
ZeroHalf was tried 1 times and created 0 cuts of which 0 were active after adding rounds of cuts (0.000 seconds)

Result - Optimal solution found

Objective value:                1946168.13893399
Enumerated nodes:               6
Total iterations:               287
Time (CPU seconds):             0.15
Time (Wallclock seconds):       0.15

Option for printingOptions changed from normal to all
Total time (CPU seconds):       0.18   (Wallclock seconds):       0.17

