Welcome to the CBC MILP Solver 
Version: 2.10.3 
Build Date: Dec 15 2019 

command line - E:\dachuang\.venv\Lib\site-packages\pulp\apis\../solverdir/cbc/win/i64/cbc.exe model.mps -primalTolerance 1e-9 -integerTolerance 1e-9 -ratioGap 0 -allowableGap 0 -threads 0 -branch -printingOptions all -solution solution.txt -saveSolution solution.bin -quit (default strategy 1)
At line 2 NAME          MODEL
At line 3 ROWS
At line 317 COLUMNS
At line 1133 RHS
At line 1446 BOUNDS
At line 1521 ENDATA
Problem MODEL has 312 rows, 241 columns and 647 elements
Coin0008I MODEL read with 0 errors
primalTolerance was changed from 1e-07 to 1e-09
integerTolerance was changed from 1e-07 to 1e-09
ratioGap was changed from 0 to 0
allowableGap was changed from 1e-10 to 0
Continuous objective value is 1.93644e+06 - 0.00 seconds
Cgl0004I processed model has 113 rows, 157 columns (24 integer (24 of which binary)) and 332 elements
Cbc0038I Initial state - 8 integers unsatisfied sum - 1.67235
Cbc0038I Pass   1: suminf.    0.00000 (0) obj. 1.99379e+06 iterations 18
Cbc0038I Solution found of 1.99379e+06
Cbc0038I Relaxing continuous gives 1.98982e+06
Cbc0038I Before mini branch and bound, 16 integers at bound fixed and 83 continuous
Cbc0038I Full problem 113 rows 157 columns, reduced to 5 rows 7 columns
Cbc0038I Mini branch and bound improved solution from 1.98982e+06 to 1.93667e+06 (0.01 seconds)
Cbc0038I Freeing continuous variables gives a solution of 1.93667e+06
Cbc0038I Round again with cutoff of 1.93665e+06
Cbc0038I Pass   2: suminf.    0.46011 (4) obj. 1.93665e+06 iterations 10
Cbc0038I Pass   3: suminf.    0.00000 (0) obj. 1.93665e+06 iterations 12
Cbc0038I Solution found of 1.93665e+06
Cbc0038I Relaxing continuous gives 1.9366e+06
Cbc0038I Before mini branch and bound, 16 integers at bound fixed and 82 continuous
Cbc0038I Full problem 113 rows 157 columns, reduced to 10 rows 14 columns
Cbc0038I Mini branch and bound did not improve solution (0.02 seconds)
Cbc0038I Freeing continuous variables gives a solution of 1.9366e+06
Cbc0038I Round again with cutoff of 1.93657e+06
Cbc0038I Pass   4: suminf.    0.80548 (4) obj. 1.93657e+06 iterations 1
Cbc0038I Pass   5: suminf.    0.14754 (2) obj. 1.93657e+06 iterations 13
Cbc0038I Pass   6: suminf.    0.71003 (3) obj. 1.93657e+06 iterations 5
Cbc0038I Pass   7: suminf.    0.14754 (2) obj. 1.93657e+06 iterations 5
Cbc0038I Pass   8: suminf.    1.15832 (5) obj. 1.93657e+06 iterations 14
Cbc0038I Pass   9: suminf.    0.84253 (4) obj. 1.93657e+06 iterations 1
Cbc0038I Pass  10: suminf.    1.05043 (3) obj. 1.93657e+06 iterations 7
Cbc0038I Pass  11: suminf.    1.05043 (3) obj. 1.93657e+06 iterations 0
Cbc0038I Pass  12: suminf.    0.71003 (3) obj. 1.93657e+06 iterations 3
Cbc0038I Pass  13: suminf.    0.71003 (3) obj. 1.93657e+06 iterations 0
Cbc0038I Pass  14: suminf.    0.80353 (6) obj. 1.93657e+06 iterations 10
Cbc0038I Pass  15: suminf.    0.79288 (5) obj. 1.93657e+06 iterations 1
Cbc0038I Pass  16: suminf.    1.05043 (3) obj. 1.93657e+06 iterations 7
Cbc0038I Pass  17: suminf.    1.05043 (3) obj. 1.93657e+06 iterations 0
Cbc0038I Pass  18: suminf.    0.71003 (3) obj. 1.93657e+06 iterations 3
Cbc0038I Pass  19: suminf.    0.71003 (3) obj. 1.93657e+06 iterations 0
Cbc0038I Pass  20: suminf.    0.65473 (2) obj. 1.93657e+06 iterations 8
Cbc0038I Pass  21: suminf.    0.14754 (2) obj. 1.93657e+06 iterations 6
Cbc0038I Pass  22: suminf.    0.71003 (3) obj. 1.93657e+06 iterations 10
Cbc0038I Pass  23: suminf.    0.14754 (2) obj. 1.93657e+06 iterations 4
Cbc0038I Pass  24: suminf.    1.06108 (4) obj. 1.93657e+06 iterations 13
Cbc0038I Pass  25: suminf.    1.05043 (3) obj. 1.93657e+06 iterations 1
Cbc0038I Pass  26: suminf.    0.48794 (2) obj. 1.93657e+06 iterations 5
Cbc0038I Pass  27: suminf.    0.48794 (2) obj. 1.93657e+06 iterations 1
Cbc0038I Pass  28: suminf.    1.05043 (3) obj. 1.93657e+06 iterations 8
Cbc0038I Pass  29: suminf.    1.58543 (7) obj. 1.93657e+06 iterations 12
Cbc0038I Pass  30: suminf.    1.57478 (6) obj. 1.93657e+06 iterations 1
Cbc0038I Pass  31: suminf.    0.48794 (2) obj. 1.93657e+06 iterations 9
Cbc0038I Pass  32: suminf.    0.48794 (2) obj. 1.93657e+06 iterations 1
Cbc0038I Pass  33: suminf.    1.05043 (3) obj. 1.93657e+06 iterations 9
Cbc0038I No solution found this major pass
Cbc0038I Before mini branch and bound, 2 integers at bound fixed and 67 continuous
Cbc0038I Full problem 113 rows 157 columns, reduced to 23 rows 30 columns
Cbc0038I Mini branch and bound did not improve solution (0.03 seconds)
Cbc0038I After 0.03 seconds - Feasibility pump exiting with objective of 1.9366e+06 - took 0.03 seconds
Cbc0012I Integer solution of 1936603.7 found by feasibility pump after 0 iterations and 0 nodes (0.03 seconds)
Cbc0038I Full problem 113 rows 157 columns, reduced to 71 rows 111 columns
Cbc0031I 12 added rows had average density of 25.583333
Cbc0013I At root node, 12 cuts changed objective from 1936443.8 to 1936593.6 in 100 passes
Cbc0014I Cut generator 0 (Probing) - 2 row cuts average 2.0 elements, 3 column cuts (3 active)  in 0.017 seconds - new frequency is 1
Cbc0014I Cut generator 1 (Gomory) - 187 row cuts average 40.4 elements, 0 column cuts (0 active)  in 0.008 seconds - new frequency is 1
Cbc0014I Cut generator 2 (Knapsack) - 0 row cuts average 0.0 elements, 0 column cuts (0 active)  in 0.019 seconds - new frequency is -100
Cbc0014I Cut generator 3 (Clique) - 0 row cuts average 0.0 elements, 0 column cuts (0 active)  in 0.001 seconds - new frequency is -100
Cbc0014I Cut generator 4 (MixedIntegerRounding2) - 7 row cuts average 4.0 elements, 0 column cuts (0 active)  in 0.004 seconds - new frequency is -100
Cbc0014I Cut generator 5 (FlowCover) - 0 row cuts average 0.0 elements, 0 column cuts (0 active)  in 0.022 seconds - new frequency is -100
Cbc0014I Cut generator 6 (TwoMirCuts) - 19 row cuts average 18.5 elements, 0 column cuts (0 active)  in 0.005 seconds - new frequency is -100
Cbc0010I After 0 nodes, 1 on tree, 1936603.7 best solution, best possible 1936593.6 (0.17 seconds)
Cbc0001I Search completed - best objective 1936603.686112616, took 702 iterations and 4 nodes (0.18 seconds)
Cbc0032I Strong branching done 30 times (126 iterations), fathomed 3 nodes and fixed 3 variables
Cbc0035I Maximum depth 1, 0 variables fixed on reduced cost
Cuts at root node changed objective from 1.93644e+06 to 1.93659e+06
Probing was tried 109 times and created 5 cuts of which 0 were active after adding rounds of cuts (0.018 seconds)
Gomory was tried 109 times and created 195 cuts of which 0 were active after adding rounds of cuts (0.010 seconds)
Knapsack was tried 100 times and created 0 cuts of which 0 were active after adding rounds of cuts (0.019 seconds)
Clique was tried 100 times and created 0 cuts of which 0 were active after adding rounds of cuts (0.001 seconds)
MixedIntegerRounding2 was tried 100 times and created 7 cuts of which 0 were active after adding rounds of cuts (0.004 seconds)
FlowCover was tried 100 times and created 0 cuts of which 0 were active after adding rounds of cuts (0.022 seconds)
TwoMirCuts was tried 100 times and created 19 cuts of which 0 were active after adding rounds of cuts (0.005 seconds)
ZeroHalf was tried 1 times and created 0 cuts of which 0 were active after adding rounds of cuts (0.000 seconds)

Result - Optimal solution found

Objective value:                1936603.68611262
Enumerated nodes:               4
Total iterations:               702
Time (CPU seconds):             0.19
Time (Wallclock seconds):       0.19

Option for printingOptions changed from normal to all
Total time (CPU seconds):       0.21   (Wallclock seconds):       0.21

