Welcome to the CBC MILP Solver 
Version: 2.10.3 
Build Date: Dec 15 2019 

command line - E:\dachuang\.venv\Lib\site-packages\pulp\apis\../solverdir/cbc/win/i64/cbc.exe model.mps -primalTolerance 1e-9 -integerTolerance 1e-9 -ratioGap 0 -allowableGap 0 -threads 0 -branch -printingOptions all -solution solution.txt -saveSolution solution.bin -quit (default strategy 1)
At line 2 NAME          MODEL
At line 3 ROWS
At line 317 COLUMNS
At line 1133 RHS
At line 1446 BOUNDS
At line 1521 ENDATA
Problem MODEL has 312 rows, 241 columns and 647 elements
Coin0008I MODEL read with 0 errors
primalTolerance was changed from 1e-07 to 1e-09
integerTolerance was changed from 1e-07 to 1e-09
ratioGap was changed from 0 to 0
allowableGap was changed from 1e-10 to 0
Continuous objective value is 1.64113e+06 - 0.00 seconds
Cgl0004I processed model has 113 rows, 157 columns (24 integer (24 of which binary)) and 332 elements
Cbc0038I Initial state - 8 integers unsatisfied sum - 1.41694
Cbc0038I Pass   1: suminf.    0.00000 (0) obj. 1.73237e+06 iterations 16
Cbc0038I Solution found of 1.73237e+06
Cbc0038I Relaxing continuous gives 1.72757e+06
Cbc0038I Before mini branch and bound, 16 integers at bound fixed and 84 continuous
Cbc0038I Full problem 113 rows 157 columns, reduced to 0 rows 0 columns
Cbc0038I Mini branch and bound improved solution from 1.72757e+06 to 1.64126e+06 (0.01 seconds)
Cbc0038I Round again with cutoff of 1.64125e+06
Cbc0038I Pass   2: suminf.    0.55536 (4) obj. 1.64125e+06 iterations 9
Cbc0038I Pass   3: suminf.    0.58447 (2) obj. 1.64125e+06 iterations 12
Cbc0038I Pass   4: suminf.    0.47986 (1) obj. 1.64125e+06 iterations 5
Cbc0038I Pass   5: suminf.    0.05736 (1) obj. 1.64125e+06 iterations 7
Cbc0038I Pass   6: suminf.    0.05736 (1) obj. 1.64125e+06 iterations 4
Cbc0038I Pass   7: suminf.    0.58447 (2) obj. 1.64125e+06 iterations 4
Cbc0038I Pass   8: suminf.    0.47986 (1) obj. 1.64125e+06 iterations 5
Cbc0038I Pass   9: suminf.    0.05736 (1) obj. 1.64125e+06 iterations 7
Cbc0038I Pass  10: suminf.    0.62415 (3) obj. 1.64125e+06 iterations 5
Cbc0038I Pass  11: suminf.    0.30836 (2) obj. 1.64125e+06 iterations 1
Cbc0038I Pass  12: suminf.    0.58447 (2) obj. 1.64125e+06 iterations 5
Cbc0038I Pass  13: suminf.    0.47986 (1) obj. 1.64125e+06 iterations 5
Cbc0038I Pass  14: suminf.    0.05736 (1) obj. 1.64125e+06 iterations 7
Cbc0038I Pass  15: suminf.    0.83547 (3) obj. 1.64125e+06 iterations 9
Cbc0038I Pass  16: suminf.    0.83547 (3) obj. 1.64125e+06 iterations 0
Cbc0038I Pass  17: suminf.    0.47986 (1) obj. 1.64125e+06 iterations 3
Cbc0038I Pass  18: suminf.    0.05736 (1) obj. 1.64125e+06 iterations 3
Cbc0038I Pass  19: suminf.    0.58447 (2) obj. 1.64125e+06 iterations 4
Cbc0038I Pass  20: suminf.    0.91342 (4) obj. 1.64125e+06 iterations 10
Cbc0038I Pass  21: suminf.    0.47986 (1) obj. 1.64125e+06 iterations 7
Cbc0038I Pass  22: suminf.    0.05736 (1) obj. 1.64125e+06 iterations 5
Cbc0038I Pass  23: suminf.    0.58447 (2) obj. 1.64125e+06 iterations 4
Cbc0038I Pass  24: suminf.    1.14062 (6) obj. 1.64125e+06 iterations 17
Cbc0038I Pass  25: suminf.    0.82483 (5) obj. 1.64125e+06 iterations 1
Cbc0038I Pass  26: suminf.    0.43197 (1) obj. 1.64125e+06 iterations 8
Cbc0038I Pass  27: suminf.    0.47986 (1) obj. 1.64125e+06 iterations 3
Cbc0038I Pass  28: suminf.    0.75862 (4) obj. 1.64125e+06 iterations 21
Cbc0038I Pass  29: suminf.    0.68247 (3) obj. 1.64125e+06 iterations 1
Cbc0038I Pass  30: suminf.    0.47986 (1) obj. 1.64125e+06 iterations 6
Cbc0038I Pass  31: suminf.    0.00000 (0) obj. 1.64125e+06 iterations 3
Cbc0038I Rounding solution of 1.64125e+06 is better than previous of 1.64126e+06

Cbc0038I Before mini branch and bound, 5 integers at bound fixed and 67 continuous
Cbc0038I Full problem 113 rows 157 columns, reduced to 22 rows 30 columns
Cbc0038I Mini branch and bound improved solution from 1.64125e+06 to 1.64116e+06 (0.02 seconds)
Cbc0038I Round again with cutoff of 1.64115e+06
Cbc0038I Pass  31: suminf.    0.97600 (6) obj. 1.64115e+06 iterations 4
Cbc0038I Pass  32: suminf.    0.90065 (3) obj. 1.64115e+06 iterations 13
Cbc0038I Pass  33: suminf.    0.87879 (2) obj. 1.64115e+06 iterations 1
Cbc0038I Pass  34: suminf.    0.49020 (2) obj. 1.64115e+06 iterations 3
Cbc0038I Pass  35: suminf.    0.47800 (3) obj. 1.64115e+06 iterations 3
Cbc0038I Pass  36: suminf.    1.29621 (5) obj. 1.64115e+06 iterations 14
Cbc0038I Pass  37: suminf.    0.82700 (5) obj. 1.64115e+06 iterations 3
Cbc0038I Pass  38: suminf.    0.90065 (3) obj. 1.64115e+06 iterations 9
Cbc0038I Pass  39: suminf.    0.87879 (2) obj. 1.64115e+06 iterations 1
Cbc0038I Pass  40: suminf.    0.49020 (2) obj. 1.64115e+06 iterations 3
Cbc0038I Pass  41: suminf.    0.47800 (3) obj. 1.64115e+06 iterations 2
Cbc0038I Pass  42: suminf.    0.47800 (3) obj. 1.64115e+06 iterations 2
Cbc0038I Pass  43: suminf.    0.90065 (3) obj. 1.64115e+06 iterations 7
Cbc0038I Pass  44: suminf.    0.87879 (2) obj. 1.64115e+06 iterations 1
Cbc0038I Pass  45: suminf.    0.49020 (2) obj. 1.64115e+06 iterations 3
Cbc0038I Pass  46: suminf.    0.47800 (3) obj. 1.64115e+06 iterations 2
Cbc0038I Pass  47: suminf.    0.94721 (2) obj. 1.64115e+06 iterations 3
Cbc0038I Pass  48: suminf.    0.47800 (3) obj. 1.64115e+06 iterations 3
Cbc0038I Pass  49: suminf.    0.90065 (3) obj. 1.64115e+06 iterations 10
Cbc0038I Pass  50: suminf.    0.87879 (2) obj. 1.64115e+06 iterations 1
Cbc0038I Pass  51: suminf.    0.49020 (2) obj. 1.64115e+06 iterations 3
Cbc0038I Pass  52: suminf.    1.40316 (4) obj. 1.64115e+06 iterations 10
Cbc0038I Pass  53: suminf.    0.93395 (5) obj. 1.64115e+06 iterations 4
Cbc0038I Pass  54: suminf.    0.90065 (3) obj. 1.64115e+06 iterations 10
Cbc0038I Pass  55: suminf.    0.87879 (2) obj. 1.64115e+06 iterations 1
Cbc0038I Pass  56: suminf.    0.49020 (2) obj. 1.64115e+06 iterations 3
Cbc0038I Pass  57: suminf.    0.47800 (3) obj. 1.64115e+06 iterations 3
Cbc0038I Pass  58: suminf.    1.09621 (3) obj. 1.64115e+06 iterations 10
Cbc0038I Pass  59: suminf.    0.62700 (4) obj. 1.64115e+06 iterations 3
Cbc0038I Pass  60: suminf.    0.90065 (3) obj. 1.64115e+06 iterations 8
Cbc0038I No solution found this major pass
Cbc0038I Before mini branch and bound, 4 integers at bound fixed and 70 continuous
Cbc0038I Full problem 113 rows 157 columns, reduced to 19 rows 26 columns
Cbc0038I Mini branch and bound did not improve solution (0.04 seconds)
Cbc0038I After 0.04 seconds - Feasibility pump exiting with objective of 1.64116e+06 - took 0.03 seconds
Cbc0012I Integer solution of 1641161.3 found by feasibility pump after 0 iterations and 0 nodes (0.04 seconds)
Cbc0038I Full problem 113 rows 157 columns, reduced to 70 rows 110 columns
Cbc0031I 7 added rows had average density of 10.428571
Cbc0013I At root node, 7 cuts changed objective from 1641128.5 to 1641145.3 in 11 passes
Cbc0014I Cut generator 0 (Probing) - 2 row cuts average 3.5 elements, 3 column cuts (3 active)  in 0.002 seconds - new frequency is 1
Cbc0014I Cut generator 1 (Gomory) - 25 row cuts average 23.3 elements, 0 column cuts (0 active)  in 0.000 seconds - new frequency is 1
Cbc0014I Cut generator 2 (Knapsack) - 0 row cuts average 0.0 elements, 0 column cuts (0 active)  in 0.001 seconds - new frequency is -100
Cbc0014I Cut generator 3 (Clique) - 0 row cuts average 0.0 elements, 0 column cuts (0 active)  in 0.000 seconds - new frequency is -100
Cbc0014I Cut generator 4 (MixedIntegerRounding2) - 4 row cuts average 4.3 elements, 0 column cuts (0 active)  in 0.001 seconds - new frequency is 1
Cbc0014I Cut generator 5 (FlowCover) - 0 row cuts average 0.0 elements, 0 column cuts (0 active)  in 0.001 seconds - new frequency is -100
Cbc0014I Cut generator 6 (TwoMirCuts) - 18 row cuts average 17.9 elements, 0 column cuts (0 active)  in 0.000 seconds - new frequency is -100
Cbc0010I After 0 nodes, 1 on tree, 1641161.3 best solution, best possible 1641145.3 (0.06 seconds)
Cbc0001I Search completed - best objective 1641161.31143397, took 121 iterations and 4 nodes (0.06 seconds)
Cbc0032I Strong branching done 18 times (68 iterations), fathomed 2 nodes and fixed 3 variables
Cbc0035I Maximum depth 1, 0 variables fixed on reduced cost
Cuts at root node changed objective from 1.64113e+06 to 1.64115e+06
Probing was tried 16 times and created 7 cuts of which 0 were active after adding rounds of cuts (0.003 seconds)
Gomory was tried 16 times and created 28 cuts of which 0 were active after adding rounds of cuts (0.000 seconds)
Knapsack was tried 11 times and created 0 cuts of which 0 were active after adding rounds of cuts (0.001 seconds)
Clique was tried 11 times and created 0 cuts of which 0 were active after adding rounds of cuts (0.000 seconds)
MixedIntegerRounding2 was tried 16 times and created 6 cuts of which 0 were active after adding rounds of cuts (0.001 seconds)
FlowCover was tried 11 times and created 0 cuts of which 0 were active after adding rounds of cuts (0.001 seconds)
TwoMirCuts was tried 11 times and created 18 cuts of which 0 were active after adding rounds of cuts (0.000 seconds)
ZeroHalf was tried 1 times and created 0 cuts of which 0 were active after adding rounds of cuts (0.000 seconds)

Result - Optimal solution found

Objective value:                1641161.31143397
Enumerated nodes:               4
Total iterations:               121
Time (CPU seconds):             0.07
Time (Wallclock seconds):       0.07

Option for printingOptions changed from normal to all
Total time (CPU seconds):       0.09   (Wallclock seconds):       0.09

