Welcome to the CBC MILP Solver 
Version: 2.10.3 
Build Date: Dec 15 2019 

command line - E:\dachuang\.venv\Lib\site-packages\pulp\apis\../solverdir/cbc/win/i64/cbc.exe model.mps -primalTolerance 1e-9 -integerTolerance 1e-9 -ratioGap 0 -allowableGap 0 -threads 0 -branch -printingOptions all -solution solution.txt -saveSolution solution.bin -quit (default strategy 1)
At line 2 NAME          MODEL
At line 3 ROWS
At line 317 COLUMNS
At line 1133 RHS
At line 1446 BOUNDS
At line 1521 ENDATA
Problem MODEL has 312 rows, 241 columns and 647 elements
Coin0008I MODEL read with 0 errors
primalTolerance was changed from 1e-07 to 1e-09
integerTolerance was changed from 1e-07 to 1e-09
ratioGap was changed from 0 to 0
allowableGap was changed from 1e-10 to 0
Continuous objective value is 2.56944e+06 - 0.00 seconds
Cgl0004I processed model has 112 rows, 154 columns (24 integer (24 of which binary)) and 326 elements
Cbc0038I Initial state - 7 integers unsatisfied sum - 1.95891
Cbc0038I Pass   1: suminf.    0.00000 (0) obj. 2.56978e+06 iterations 9
Cbc0038I Solution found of 2.56978e+06
Cbc0038I Relaxing continuous gives 2.56978e+06
Cbc0038I Before mini branch and bound, 17 integers at bound fixed and 82 continuous
Cbc0038I Full problem 112 rows 154 columns, reduced to 4 rows 4 columns
Cbc0038I Mini branch and bound did not improve solution (0.01 seconds)
Cbc0038I Round again with cutoff of 2.56974e+06
Cbc0038I Pass   2: suminf.    0.14761 (1) obj. 2.56974e+06 iterations 2
Cbc0038I Pass   3: suminf.    0.48703 (1) obj. 2.56974e+06 iterations 5
Cbc0038I Pass   4: suminf.    0.40713 (1) obj. 2.56974e+06 iterations 11
Cbc0038I Solution found of 2.56974e+06
Cbc0038I Relaxing continuous gives 2.56972e+06
Cbc0038I Before mini branch and bound, 16 integers at bound fixed and 77 continuous
Cbc0038I Full problem 112 rows 154 columns, reduced to 13 rows 19 columns
Cbc0038I Mini branch and bound improved solution from 2.56972e+06 to 2.56971e+06 (0.02 seconds)
Cbc0038I Freeing continuous variables gives a solution of 2.56971e+06
Cbc0038I Round again with cutoff of 2.56965e+06
Cbc0038I Pass   5: suminf.    0.54291 (3) obj. 2.56965e+06 iterations 3
Cbc0038I Pass   6: suminf.    0.91701 (3) obj. 2.56965e+06 iterations 18
Cbc0038I Pass   7: suminf.    0.56920 (3) obj. 2.56965e+06 iterations 3
Cbc0038I Pass   8: suminf.    0.91701 (3) obj. 2.56965e+06 iterations 5
Cbc0038I Pass   9: suminf.    0.91701 (3) obj. 2.56965e+06 iterations 2
Cbc0038I Pass  10: suminf.    0.56920 (3) obj. 2.56965e+06 iterations 4
Cbc0038I Pass  11: suminf.    0.91701 (3) obj. 2.56965e+06 iterations 5
Cbc0038I Pass  12: suminf.    0.66551 (3) obj. 2.56965e+06 iterations 14
Cbc0038I Pass  13: suminf.    0.56920 (3) obj. 2.56965e+06 iterations 4
Cbc0038I Pass  14: suminf.    0.91701 (3) obj. 2.56965e+06 iterations 2
Cbc0038I Pass  15: suminf.    0.94991 (3) obj. 2.56965e+06 iterations 16
Cbc0038I Pass  16: suminf.    0.54291 (2) obj. 2.56965e+06 iterations 1
Cbc0038I Pass  17: suminf.    0.52899 (2) obj. 2.56965e+06 iterations 3
Cbc0038I Pass  18: suminf.    0.52899 (2) obj. 2.56965e+06 iterations 0
Cbc0038I Pass  19: suminf.    0.56920 (4) obj. 2.56965e+06 iterations 4
Cbc0038I Pass  20: suminf.    0.91701 (3) obj. 2.56965e+06 iterations 9
Cbc0038I Pass  21: suminf.    0.56920 (3) obj. 2.56965e+06 iterations 2
Cbc0038I Pass  22: suminf.    0.91701 (3) obj. 2.56965e+06 iterations 5
Cbc0038I Pass  23: suminf.    1.10049 (5) obj. 2.56965e+06 iterations 12
Cbc0038I Pass  24: suminf.    1.10049 (5) obj. 2.56965e+06 iterations 0
Cbc0038I Pass  25: suminf.    0.75901 (3) obj. 2.56965e+06 iterations 11
Cbc0038I Pass  26: suminf.    0.52899 (3) obj. 2.56965e+06 iterations 2
Cbc0038I Pass  27: suminf.    1.21816 (5) obj. 2.56965e+06 iterations 10
Cbc0038I Pass  28: suminf.    1.10049 (5) obj. 2.56965e+06 iterations 2
Cbc0038I Pass  29: suminf.    0.75901 (3) obj. 2.56965e+06 iterations 12
Cbc0038I Pass  30: suminf.    0.52899 (3) obj. 2.56965e+06 iterations 2
Cbc0038I Pass  31: suminf.    0.52899 (3) obj. 2.56965e+06 iterations 11
Cbc0038I Pass  32: suminf.    0.75901 (3) obj. 2.56965e+06 iterations 1
Cbc0038I Pass  33: suminf.    0.52899 (3) obj. 2.56965e+06 iterations 2
Cbc0038I Pass  34: suminf.    0.52899 (3) obj. 2.56965e+06 iterations 4
Cbc0038I No solution found this major pass
Cbc0038I Before mini branch and bound, 4 integers at bound fixed and 66 continuous
Cbc0038I Full problem 112 rows 154 columns, reduced to 22 rows 29 columns
Cbc0038I Mini branch and bound improved solution from 2.56971e+06 to 2.56965e+06 (0.03 seconds)
Cbc0038I Freeing continuous variables gives a solution of 2.56965e+06
Cbc0038I Round again with cutoff of 2.56959e+06
Cbc0038I Pass  34: suminf.    0.82814 (4) obj. 2.56959e+06 iterations 1
Cbc0038I Pass  35: suminf.    0.87939 (4) obj. 2.56959e+06 iterations 13
Cbc0038I Pass  36: suminf.    0.87939 (4) obj. 2.56959e+06 iterations 2
Cbc0038I Pass  37: suminf.    0.87733 (3) obj. 2.56959e+06 iterations 12
Cbc0038I Pass  38: suminf.    1.41067 (5) obj. 2.56959e+06 iterations 13
Cbc0038I Pass  39: suminf.    1.41067 (5) obj. 2.56959e+06 iterations 0
Cbc0038I Pass  40: suminf.    0.83917 (4) obj. 2.56959e+06 iterations 8
Cbc0038I Pass  41: suminf.    0.83917 (4) obj. 2.56959e+06 iterations 0
Cbc0038I Pass  42: suminf.    0.71933 (3) obj. 2.56959e+06 iterations 5
Cbc0038I Pass  43: suminf.    0.56867 (3) obj. 2.56959e+06 iterations 2
Cbc0038I Pass  44: suminf.    0.56867 (3) obj. 2.56959e+06 iterations 5
Cbc0038I Pass  45: suminf.    0.71933 (3) obj. 2.56959e+06 iterations 1
Cbc0038I Pass  46: suminf.    0.56867 (3) obj. 2.56959e+06 iterations 2
Cbc0038I Pass  47: suminf.    1.41067 (5) obj. 2.56959e+06 iterations 11
Cbc0038I Pass  48: suminf.    1.41067 (5) obj. 2.56959e+06 iterations 1
Cbc0038I Pass  49: suminf.    0.83917 (4) obj. 2.56959e+06 iterations 8
Cbc0038I Pass  50: suminf.    0.83917 (4) obj. 2.56959e+06 iterations 0
Cbc0038I Pass  51: suminf.    0.71933 (3) obj. 2.56959e+06 iterations 5
Cbc0038I Pass  52: suminf.    0.56867 (3) obj. 2.56959e+06 iterations 2
Cbc0038I Pass  53: suminf.    0.82814 (4) obj. 2.56959e+06 iterations 16
Cbc0038I Pass  54: suminf.    0.87939 (4) obj. 2.56959e+06 iterations 10
Cbc0038I Pass  55: suminf.    0.87939 (4) obj. 2.56959e+06 iterations 2
Cbc0038I Pass  56: suminf.    0.87733 (3) obj. 2.56959e+06 iterations 12
Cbc0038I Pass  57: suminf.    0.82814 (4) obj. 2.56959e+06 iterations 4
Cbc0038I Pass  58: suminf.    1.23514 (5) obj. 2.56959e+06 iterations 4
Cbc0038I Pass  59: suminf.    0.82814 (4) obj. 2.56959e+06 iterations 1
Cbc0038I Pass  60: suminf.    0.87939 (4) obj. 2.56959e+06 iterations 10
Cbc0038I Pass  61: suminf.    0.87939 (4) obj. 2.56959e+06 iterations 2
Cbc0038I Pass  62: suminf.    0.87733 (3) obj. 2.56959e+06 iterations 12
Cbc0038I Pass  63: suminf.    1.96186 (7) obj. 2.56959e+06 iterations 19
Cbc0038I No solution found this major pass
Cbc0038I Before mini branch and bound, 6 integers at bound fixed and 70 continuous
Cbc0038I Full problem 112 rows 154 columns, reduced to 19 rows 25 columns
Cbc0038I Mini branch and bound did not improve solution (0.05 seconds)
Cbc0038I After 0.05 seconds - Feasibility pump exiting with objective of 2.56965e+06 - took 0.04 seconds
Cbc0012I Integer solution of 2569654.3 found by feasibility pump after 0 iterations and 0 nodes (0.05 seconds)
Cbc0038I Full problem 112 rows 154 columns, reduced to 65 rows 103 columns
Cbc0031I 8 added rows had average density of 19.375
Cbc0013I At root node, 8 cuts changed objective from 2569436.2 to 2569652.6 in 100 passes
Cbc0014I Cut generator 0 (Probing) - 11 row cuts average 2.0 elements, 4 column cuts (4 active)  in 0.013 seconds - new frequency is 1
Cbc0014I Cut generator 1 (Gomory) - 261 row cuts average 40.7 elements, 0 column cuts (0 active)  in 0.004 seconds - new frequency is 1
Cbc0014I Cut generator 2 (Knapsack) - 0 row cuts average 0.0 elements, 0 column cuts (0 active)  in 0.016 seconds - new frequency is -100
Cbc0014I Cut generator 3 (Clique) - 0 row cuts average 0.0 elements, 0 column cuts (0 active)  in 0.000 seconds - new frequency is -100
Cbc0014I Cut generator 4 (MixedIntegerRounding2) - 14 row cuts average 4.9 elements, 0 column cuts (0 active)  in 0.005 seconds - new frequency is -100
Cbc0014I Cut generator 5 (FlowCover) - 0 row cuts average 0.0 elements, 0 column cuts (0 active)  in 0.024 seconds - new frequency is -100
Cbc0014I Cut generator 6 (TwoMirCuts) - 18 row cuts average 17.8 elements, 0 column cuts (0 active)  in 0.006 seconds - new frequency is -100
Cbc0010I After 0 nodes, 1 on tree, 2569654.3 best solution, best possible 2569652.6 (0.18 seconds)
Cbc0001I Search completed - best objective 2569654.287999796, took 831 iterations and 2 nodes (0.18 seconds)
Cbc0032I Strong branching done 4 times (17 iterations), fathomed 0 nodes and fixed 1 variables
Cbc0035I Maximum depth 0, 0 variables fixed on reduced cost
Cuts at root node changed objective from 2.56944e+06 to 2.56965e+06
Probing was tried 103 times and created 15 cuts of which 0 were active after adding rounds of cuts (0.013 seconds)
Gomory was tried 103 times and created 265 cuts of which 0 were active after adding rounds of cuts (0.005 seconds)
Knapsack was tried 100 times and created 0 cuts of which 0 were active after adding rounds of cuts (0.016 seconds)
Clique was tried 100 times and created 0 cuts of which 0 were active after adding rounds of cuts (0.000 seconds)
MixedIntegerRounding2 was tried 100 times and created 14 cuts of which 0 were active after adding rounds of cuts (0.005 seconds)
FlowCover was tried 100 times and created 0 cuts of which 0 were active after adding rounds of cuts (0.024 seconds)
TwoMirCuts was tried 100 times and created 18 cuts of which 0 were active after adding rounds of cuts (0.006 seconds)
ZeroHalf was tried 1 times and created 0 cuts of which 0 were active after adding rounds of cuts (0.000 seconds)

Result - Optimal solution found

Objective value:                2569654.28799980
Enumerated nodes:               2
Total iterations:               831
Time (CPU seconds):             0.19
Time (Wallclock seconds):       0.19

Option for printingOptions changed from normal to all
Total time (CPU seconds):       0.22   (Wallclock seconds):       0.22

