Welcome to the CBC MILP Solver 
Version: 2.10.3 
Build Date: Dec 15 2019 

command line - E:\dachuang\.venv\Lib\site-packages\pulp\apis\../solverdir/cbc/win/i64/cbc.exe model.mps -primalTolerance 1e-9 -integerTolerance 1e-9 -ratioGap 0 -allowableGap 0 -threads 0 -branch -printingOptions all -solution solution.txt -saveSolution solution.bin -quit (default strategy 1)
At line 2 NAME          MODEL
At line 3 ROWS
At line 317 COLUMNS
At line 1133 RHS
At line 1446 BOUNDS
At line 1521 ENDATA
Problem MODEL has 312 rows, 241 columns and 647 elements
Coin0008I MODEL read with 0 errors
primalTolerance was changed from 1e-07 to 1e-09
integerTolerance was changed from 1e-07 to 1e-09
ratioGap was changed from 0 to 0
allowableGap was changed from 1e-10 to 0
Continuous objective value is 2.16424e+06 - 0.00 seconds
Cgl0004I processed model has 113 rows, 157 columns (24 integer (24 of which binary)) and 332 elements
Cbc0038I Initial state - 7 integers unsatisfied sum - 2.18487
Cbc0038I Pass   1: suminf.    0.00000 (0) obj. 2.2882e+06 iterations 24
Cbc0038I Solution found of 2.2882e+06
Cbc0038I Relaxing continuous gives 2.2882e+06
Cbc0038I Before mini branch and bound, 17 integers at bound fixed and 81 continuous
Cbc0038I Full problem 113 rows 157 columns, reduced to 7 rows 11 columns
Cbc0038I Mini branch and bound improved solution from 2.2882e+06 to 2.16458e+06 (0.01 seconds)
Cbc0038I Round again with cutoff of 2.16454e+06
Cbc0038I Pass   2: suminf.    0.46340 (2) obj. 2.16454e+06 iterations 12
Cbc0038I Pass   3: suminf.    0.14761 (1) obj. 2.16454e+06 iterations 1
Cbc0038I Pass   4: suminf.    0.00000 (0) obj. 2.16454e+06 iterations 9
Cbc0038I Solution found of 2.16454e+06
Cbc0038I Relaxing continuous gives 2.16439e+06
Cbc0038I Before mini branch and bound, 16 integers at bound fixed and 81 continuous
Cbc0038I Full problem 113 rows 157 columns, reduced to 19 rows 27 columns
Cbc0038I Mini branch and bound improved solution from 2.16439e+06 to 2.16426e+06 (0.02 seconds)
Cbc0038I Round again with cutoff of 2.16425e+06
Cbc0038I Pass   5: suminf.    0.93559 (6) obj. 2.16425e+06 iterations 7
Cbc0038I Pass   6: suminf.    0.61980 (4) obj. 2.16425e+06 iterations 2
Cbc0038I Pass   7: suminf.    0.22065 (2) obj. 2.16425e+06 iterations 11
Cbc0038I Pass   8: suminf.    0.21770 (2) obj. 2.16425e+06 iterations 2
Cbc0038I Pass   9: suminf.    0.41830 (4) obj. 2.16425e+06 iterations 5
Cbc0038I Pass  10: suminf.    0.96495 (3) obj. 2.16425e+06 iterations 10
Cbc0038I Pass  11: suminf.    0.96495 (3) obj. 2.16425e+06 iterations 1
Cbc0038I Pass  12: suminf.    0.42338 (3) obj. 2.16425e+06 iterations 7
Cbc0038I Pass  13: suminf.    0.41830 (4) obj. 2.16425e+06 iterations 8
Cbc0038I Pass  14: suminf.    0.96495 (3) obj. 2.16425e+06 iterations 9
Cbc0038I Pass  15: suminf.    0.96495 (3) obj. 2.16425e+06 iterations 1
Cbc0038I Pass  16: suminf.    0.42338 (3) obj. 2.16425e+06 iterations 7
Cbc0038I Pass  17: suminf.    0.41830 (4) obj. 2.16425e+06 iterations 1
Cbc0038I Pass  18: suminf.    0.61980 (5) obj. 2.16425e+06 iterations 13
Cbc0038I Pass  19: suminf.    0.61980 (4) obj. 2.16425e+06 iterations 1
Cbc0038I Pass  20: suminf.    0.22065 (2) obj. 2.16425e+06 iterations 5
Cbc0038I Pass  21: suminf.    0.21770 (2) obj. 2.16425e+06 iterations 2
Cbc0038I Pass  22: suminf.    0.41830 (4) obj. 2.16425e+06 iterations 5
Cbc0038I Pass  23: suminf.    0.96495 (3) obj. 2.16425e+06 iterations 9
Cbc0038I Pass  24: suminf.    0.96495 (3) obj. 2.16425e+06 iterations 1
Cbc0038I Pass  25: suminf.    0.42338 (3) obj. 2.16425e+06 iterations 7
Cbc0038I Pass  26: suminf.    0.65080 (3) obj. 2.16425e+06 iterations 9
Cbc0038I Pass  27: suminf.    0.41830 (4) obj. 2.16425e+06 iterations 6
Cbc0038I Pass  28: suminf.    0.96495 (3) obj. 2.16425e+06 iterations 9
Cbc0038I Pass  29: suminf.    0.96495 (3) obj. 2.16425e+06 iterations 1
Cbc0038I Pass  30: suminf.    0.42338 (3) obj. 2.16425e+06 iterations 7
Cbc0038I Pass  31: suminf.    0.47820 (3) obj. 2.16425e+06 iterations 18
Cbc0038I Pass  32: suminf.    0.02059 (1) obj. 2.16425e+06 iterations 3
Cbc0038I Pass  33: suminf.    0.07827 (1) obj. 2.16425e+06 iterations 1
Cbc0038I Pass  34: suminf.    1.66109 (8) obj. 2.16425e+06 iterations 23
Cbc0038I No solution found this major pass
Cbc0038I Before mini branch and bound, 3 integers at bound fixed and 64 continuous
Cbc0038I Full problem 113 rows 157 columns, reduced to 24 rows 33 columns
Cbc0038I Mini branch and bound did not improve solution (0.03 seconds)
Cbc0038I After 0.03 seconds - Feasibility pump exiting with objective of 2.16426e+06 - took 0.02 seconds
Cbc0012I Integer solution of 2164256.7 found by feasibility pump after 0 iterations and 0 nodes (0.03 seconds)
Cbc0038I Full problem 113 rows 157 columns, reduced to 66 rows 107 columns
Cbc0031I 7 added rows had average density of 18.857143
Cbc0013I At root node, 7 cuts changed objective from 2164235.1 to 2164246.2 in 24 passes
Cbc0014I Cut generator 0 (Probing) - 4 row cuts average 2.5 elements, 0 column cuts (0 active)  in 0.003 seconds - new frequency is -100
Cbc0014I Cut generator 1 (Gomory) - 47 row cuts average 25.6 elements, 0 column cuts (0 active)  in 0.002 seconds - new frequency is 1
Cbc0014I Cut generator 2 (Knapsack) - 0 row cuts average 0.0 elements, 0 column cuts (0 active)  in 0.005 seconds - new frequency is -100
Cbc0014I Cut generator 3 (Clique) - 0 row cuts average 0.0 elements, 0 column cuts (0 active)  in 0.000 seconds - new frequency is -100
Cbc0014I Cut generator 4 (MixedIntegerRounding2) - 8 row cuts average 5.4 elements, 0 column cuts (0 active)  in 0.002 seconds - new frequency is 1
Cbc0014I Cut generator 5 (FlowCover) - 0 row cuts average 0.0 elements, 0 column cuts (0 active)  in 0.005 seconds - new frequency is -100
Cbc0014I Cut generator 6 (TwoMirCuts) - 20 row cuts average 11.5 elements, 0 column cuts (0 active)  in 0.002 seconds - new frequency is -100
Cbc0010I After 0 nodes, 1 on tree, 2164256.7 best solution, best possible 2164246.2 (0.07 seconds)
Cbc0001I Search completed - best objective 2164256.714184002, took 165 iterations and 4 nodes (0.08 seconds)
Cbc0032I Strong branching done 20 times (57 iterations), fathomed 3 nodes and fixed 1 variables
Cbc0035I Maximum depth 1, 0 variables fixed on reduced cost
Cuts at root node changed objective from 2.16424e+06 to 2.16425e+06
Probing was tried 24 times and created 4 cuts of which 0 were active after adding rounds of cuts (0.003 seconds)
Gomory was tried 29 times and created 47 cuts of which 0 were active after adding rounds of cuts (0.002 seconds)
Knapsack was tried 24 times and created 0 cuts of which 0 were active after adding rounds of cuts (0.005 seconds)
Clique was tried 24 times and created 0 cuts of which 0 were active after adding rounds of cuts (0.000 seconds)
MixedIntegerRounding2 was tried 29 times and created 9 cuts of which 0 were active after adding rounds of cuts (0.002 seconds)
FlowCover was tried 24 times and created 0 cuts of which 0 were active after adding rounds of cuts (0.005 seconds)
TwoMirCuts was tried 24 times and created 20 cuts of which 0 were active after adding rounds of cuts (0.002 seconds)
ZeroHalf was tried 1 times and created 0 cuts of which 0 were active after adding rounds of cuts (0.000 seconds)

Result - Optimal solution found

Objective value:                2164256.71418400
Enumerated nodes:               4
Total iterations:               165
Time (CPU seconds):             0.08
Time (Wallclock seconds):       0.08

Option for printingOptions changed from normal to all
Total time (CPU seconds):       0.10   (Wallclock seconds):       0.11

