Welcome to the CBC MILP Solver 
Version: 2.10.3 
Build Date: Dec 15 2019 

command line - E:\dachuang\.venv\Lib\site-packages\pulp\apis\../solverdir/cbc/win/i64/cbc.exe model.mps -primalTolerance 1e-9 -integerTolerance 1e-9 -ratioGap 0 -allowableGap 0 -threads 0 -branch -printingOptions all -solution solution.txt -saveSolution solution.bin -quit (default strategy 1)
At line 2 NAME          MODEL
At line 3 ROWS
At line 317 COLUMNS
At line 1133 RHS
At line 1446 BOUNDS
At line 1521 ENDATA
Problem MODEL has 312 rows, 241 columns and 647 elements
Coin0008I MODEL read with 0 errors
primalTolerance was changed from 1e-07 to 1e-09
integerTolerance was changed from 1e-07 to 1e-09
ratioGap was changed from 0 to 0
allowableGap was changed from 1e-10 to 0
Continuous objective value is 803816 - 0.00 seconds
Cgl0004I processed model has 117 rows, 165 columns (24 integer (24 of which binary)) and 352 elements
Cbc0038I Initial state - 12 integers unsatisfied sum - 3.61716
Cbc0038I Pass   1: suminf.    0.00000 (0) obj. 1.07706e+06 iterations 26
Cbc0038I Solution found of 1.07706e+06
Cbc0038I Relaxing continuous gives 980535
Cbc0038I Before mini branch and bound, 12 integers at bound fixed and 74 continuous
Cbc0038I Full problem 117 rows 165 columns, reduced to 11 rows 19 columns
Cbc0038I Mini branch and bound improved solution from 980535 to 804158 (0.01 seconds)
Cbc0038I Round again with cutoff of 804124
Cbc0038I Pass   2: suminf.    1.58390 (6) obj. 804124 iterations 28
Cbc0038I Pass   3: suminf.    1.26811 (5) obj. 804124 iterations 1
Cbc0038I Pass   4: suminf.    0.00000 (0) obj. 804124 iterations 8
Cbc0038I Solution found of 804124
Cbc0038I Relaxing continuous gives 803996
Cbc0038I Before mini branch and bound, 11 integers at bound fixed and 81 continuous
Cbc0038I Full problem 117 rows 165 columns, reduced to 20 rows 26 columns
Cbc0038I Mini branch and bound improved solution from 803996 to 803892 (0.02 seconds)
Cbc0038I Round again with cutoff of 803877
Cbc0038I Pass   5: suminf.    1.97371 (8) obj. 803877 iterations 2
Cbc0038I Pass   6: suminf.    1.65793 (6) obj. 803877 iterations 5
Cbc0038I Pass   7: suminf.    0.13532 (2) obj. 803877 iterations 13
Cbc0038I Pass   8: suminf.    0.21176 (2) obj. 803877 iterations 7
Cbc0038I Pass   9: suminf.    0.75445 (3) obj. 803877 iterations 8
Cbc0038I Pass  10: suminf.    0.71109 (2) obj. 803877 iterations 2
Cbc0038I Pass  11: suminf.    0.71109 (2) obj. 803877 iterations 6
Cbc0038I Pass  12: suminf.    0.26824 (1) obj. 803877 iterations 2
Cbc0038I Pass  13: suminf.    0.21176 (2) obj. 803877 iterations 4
Cbc0038I Pass  14: suminf.    0.75445 (3) obj. 803877 iterations 8
Cbc0038I Pass  15: suminf.    0.71109 (2) obj. 803877 iterations 1
Cbc0038I Pass  16: suminf.    0.71109 (2) obj. 803877 iterations 3
Cbc0038I Pass  17: suminf.    0.26824 (1) obj. 803877 iterations 2
Cbc0038I Pass  18: suminf.    0.21176 (2) obj. 803877 iterations 4
Cbc0038I Pass  19: suminf.    0.75445 (3) obj. 803877 iterations 8
Cbc0038I Pass  20: suminf.    0.71109 (2) obj. 803877 iterations 1
Cbc0038I Pass  21: suminf.    0.71109 (2) obj. 803877 iterations 3
Cbc0038I Pass  22: suminf.    0.26824 (1) obj. 803877 iterations 2
Cbc0038I Pass  23: suminf.    0.21176 (2) obj. 803877 iterations 4
Cbc0038I Pass  24: suminf.    0.75445 (3) obj. 803877 iterations 8
Cbc0038I Pass  25: suminf.    0.71109 (2) obj. 803877 iterations 1
Cbc0038I Pass  26: suminf.    0.71109 (2) obj. 803877 iterations 3
Cbc0038I Pass  27: suminf.    0.26824 (1) obj. 803877 iterations 2
Cbc0038I Pass  28: suminf.    0.21176 (2) obj. 803877 iterations 4
Cbc0038I Pass  29: suminf.    0.75445 (3) obj. 803877 iterations 8
Cbc0038I Pass  30: suminf.    0.71109 (2) obj. 803877 iterations 1
Cbc0038I Pass  31: suminf.    0.71109 (2) obj. 803877 iterations 3
Cbc0038I Pass  32: suminf.    0.26824 (1) obj. 803877 iterations 2
Cbc0038I Pass  33: suminf.    0.21176 (2) obj. 803877 iterations 4
Cbc0038I Pass  34: suminf.    0.75445 (3) obj. 803877 iterations 8
Cbc0038I No solution found this major pass
Cbc0038I Before mini branch and bound, 11 integers at bound fixed and 80 continuous
Cbc0038I Full problem 117 rows 165 columns, reduced to 22 rows 29 columns
Cbc0038I Mini branch and bound did not improve solution (0.03 seconds)
Cbc0038I After 0.03 seconds - Feasibility pump exiting with objective of 803892 - took 0.03 seconds
Cbc0012I Integer solution of 803892.45 found by feasibility pump after 0 iterations and 0 nodes (0.03 seconds)
Cbc0038I Full problem 117 rows 165 columns, reduced to 85 rows 132 columns - 2 fixed gives 80, 127 - ok now
Cbc0038I Full problem 117 rows 165 columns, reduced to 80 rows 127 columns
Cbc0012I Integer solution of 803864.17 found by DiveCoefficient after 95 iterations and 0 nodes (0.06 seconds)
Cbc0031I 11 added rows had average density of 14.454545
Cbc0013I At root node, 11 cuts changed objective from 803815.76 to 803840.77 in 17 passes
Cbc0014I Cut generator 0 (Probing) - 3 row cuts average 2.0 elements, 8 column cuts (8 active)  in 0.001 seconds - new frequency is 1
Cbc0014I Cut generator 1 (Gomory) - 47 row cuts average 40.9 elements, 0 column cuts (0 active)  in 0.004 seconds - new frequency is 1
Cbc0014I Cut generator 2 (Knapsack) - 0 row cuts average 0.0 elements, 0 column cuts (0 active)  in 0.001 seconds - new frequency is -100
Cbc0014I Cut generator 3 (Clique) - 0 row cuts average 0.0 elements, 0 column cuts (0 active)  in 0.000 seconds - new frequency is -100
Cbc0014I Cut generator 4 (MixedIntegerRounding2) - 11 row cuts average 4.5 elements, 0 column cuts (0 active)  in 0.003 seconds - new frequency is 1
Cbc0014I Cut generator 5 (FlowCover) - 1 row cuts average 2.0 elements, 0 column cuts (0 active)  in 0.003 seconds - new frequency is -100
Cbc0014I Cut generator 6 (TwoMirCuts) - 27 row cuts average 16.8 elements, 0 column cuts (0 active)  in 0.002 seconds - new frequency is -100
Cbc0010I After 0 nodes, 1 on tree, 803864.17 best solution, best possible 803840.77 (0.06 seconds)
Cbc0001I Search completed - best objective 803864.1661276348, took 137 iterations and 8 nodes (0.08 seconds)
Cbc0032I Strong branching done 30 times (85 iterations), fathomed 5 nodes and fixed 1 variables
Cbc0035I Maximum depth 2, 0 variables fixed on reduced cost
Cuts at root node changed objective from 803816 to 803841
Probing was tried 28 times and created 12 cuts of which 0 were active after adding rounds of cuts (0.001 seconds)
Gomory was tried 28 times and created 50 cuts of which 0 were active after adding rounds of cuts (0.004 seconds)
Knapsack was tried 17 times and created 0 cuts of which 0 were active after adding rounds of cuts (0.001 seconds)
Clique was tried 17 times and created 0 cuts of which 0 were active after adding rounds of cuts (0.000 seconds)
MixedIntegerRounding2 was tried 28 times and created 13 cuts of which 0 were active after adding rounds of cuts (0.005 seconds)
FlowCover was tried 17 times and created 1 cuts of which 0 were active after adding rounds of cuts (0.003 seconds)
TwoMirCuts was tried 17 times and created 27 cuts of which 0 were active after adding rounds of cuts (0.002 seconds)
ZeroHalf was tried 1 times and created 0 cuts of which 0 were active after adding rounds of cuts (0.000 seconds)

Result - Optimal solution found

Objective value:                803864.16612763
Enumerated nodes:               8
Total iterations:               137
Time (CPU seconds):             0.08
Time (Wallclock seconds):       0.08

Option for printingOptions changed from normal to all
Total time (CPU seconds):       0.11   (Wallclock seconds):       0.11

