Welcome to the CBC MILP Solver 
Version: 2.10.3 
Build Date: Dec 15 2019 

command line - E:\dachuang\.venv\Lib\site-packages\pulp\apis\../solverdir/cbc/win/i64/cbc.exe model.mps -primalTolerance 1e-9 -integerTolerance 1e-9 -ratioGap 0 -allowableGap 0 -threads 0 -branch -printingOptions all -solution solution.txt -saveSolution solution.bin -quit (default strategy 1)
At line 2 NAME          MODEL
At line 3 ROWS
At line 317 COLUMNS
At line 1133 RHS
At line 1446 BOUNDS
At line 1521 ENDATA
Problem MODEL has 312 rows, 241 columns and 647 elements
Coin0008I MODEL read with 0 errors
primalTolerance was changed from 1e-07 to 1e-09
integerTolerance was changed from 1e-07 to 1e-09
ratioGap was changed from 0 to 0
allowableGap was changed from 1e-10 to 0
Continuous objective value is 1.76237e+06 - 0.00 seconds
Cgl0004I processed model has 113 rows, 152 columns (24 integer (24 of which binary)) and 327 elements
Cbc0038I Initial state - 7 integers unsatisfied sum - 1.45582
Cbc0038I Pass   1: suminf.    0.00000 (0) obj. 1.77345e+06 iterations 15
Cbc0038I Solution found of 1.77345e+06
Cbc0038I Relaxing continuous gives 1.77345e+06
Cbc0038I Before mini branch and bound, 17 integers at bound fixed and 80 continuous
Cbc0038I Full problem 113 rows 152 columns, reduced to 4 rows 4 columns
Cbc0038I Mini branch and bound improved solution from 1.77345e+06 to 1.76261e+06 (0.01 seconds)
Cbc0038I Freeing continuous variables gives a solution of 1.76261e+06
Cbc0038I Round again with cutoff of 1.76259e+06
Cbc0038I Pass   2: suminf.    0.16729 (2) obj. 1.76259e+06 iterations 3
Cbc0038I Pass   3: suminf.    0.26354 (1) obj. 1.76259e+06 iterations 14
Cbc0038I Pass   4: suminf.    0.19904 (1) obj. 1.76259e+06 iterations 6
Cbc0038I Pass   5: suminf.    0.62485 (2) obj. 1.76259e+06 iterations 6
Cbc0038I Pass   6: suminf.    0.00000 (0) obj. 1.76259e+06 iterations 3
Cbc0038I Solution found of 1.76259e+06
Cbc0038I Relaxing continuous gives 1.76248e+06
Cbc0038I Before mini branch and bound, 14 integers at bound fixed and 75 continuous
Cbc0038I Full problem 113 rows 152 columns, reduced to 15 rows 20 columns
Cbc0038I Mini branch and bound did not improve solution (0.02 seconds)
Cbc0038I Freeing continuous variables gives a solution of 1.76248e+06
Cbc0038I Round again with cutoff of 1.76246e+06
Cbc0038I Pass   7: suminf.    0.73409 (4) obj. 1.76246e+06 iterations 3
Cbc0038I Pass   8: suminf.    1.10468 (4) obj. 1.76246e+06 iterations 14
Cbc0038I Pass   9: suminf.    0.71177 (4) obj. 1.76246e+06 iterations 3
Cbc0038I Pass  10: suminf.    0.71177 (4) obj. 1.76246e+06 iterations 0
Cbc0038I Pass  11: suminf.    0.90593 (3) obj. 1.76246e+06 iterations 9
Cbc0038I Pass  12: suminf.    0.86256 (2) obj. 1.76246e+06 iterations 2
Cbc0038I Pass  13: suminf.    0.86256 (2) obj. 1.76246e+06 iterations 3
Cbc0038I Pass  14: suminf.    0.70118 (2) obj. 1.76246e+06 iterations 4
Cbc0038I Pass  15: suminf.    0.67159 (3) obj. 1.76246e+06 iterations 4
Cbc0038I Pass  16: suminf.    1.10468 (4) obj. 1.76246e+06 iterations 11
Cbc0038I Pass  17: suminf.    0.71177 (4) obj. 1.76246e+06 iterations 3
Cbc0038I Pass  18: suminf.    0.71177 (4) obj. 1.76246e+06 iterations 0
Cbc0038I Pass  19: suminf.    0.90593 (3) obj. 1.76246e+06 iterations 7
Cbc0038I Pass  20: suminf.    0.86256 (2) obj. 1.76246e+06 iterations 2
Cbc0038I Pass  21: suminf.    0.86256 (2) obj. 1.76246e+06 iterations 3
Cbc0038I Pass  22: suminf.    0.70118 (2) obj. 1.76246e+06 iterations 4
Cbc0038I Pass  23: suminf.    0.67159 (3) obj. 1.76246e+06 iterations 4
Cbc0038I Pass  24: suminf.    1.10468 (4) obj. 1.76246e+06 iterations 13
Cbc0038I Pass  25: suminf.    0.71177 (4) obj. 1.76246e+06 iterations 3
Cbc0038I Pass  26: suminf.    0.71177 (4) obj. 1.76246e+06 iterations 0
Cbc0038I Pass  27: suminf.    0.90593 (3) obj. 1.76246e+06 iterations 9
Cbc0038I Pass  28: suminf.    0.86256 (2) obj. 1.76246e+06 iterations 2
Cbc0038I Pass  29: suminf.    0.86256 (2) obj. 1.76246e+06 iterations 3
Cbc0038I Pass  30: suminf.    0.70118 (2) obj. 1.76246e+06 iterations 4
Cbc0038I Pass  31: suminf.    0.67159 (3) obj. 1.76246e+06 iterations 4
Cbc0038I Pass  32: suminf.    1.10468 (4) obj. 1.76246e+06 iterations 13
Cbc0038I Pass  33: suminf.    0.71177 (4) obj. 1.76246e+06 iterations 3
Cbc0038I Pass  34: suminf.    0.71177 (4) obj. 1.76246e+06 iterations 0
Cbc0038I Pass  35: suminf.    0.90593 (3) obj. 1.76246e+06 iterations 9
Cbc0038I Pass  36: suminf.    0.86256 (2) obj. 1.76246e+06 iterations 2
Cbc0038I No solution found this major pass
Cbc0038I Before mini branch and bound, 15 integers at bound fixed and 75 continuous
Cbc0038I Full problem 113 rows 152 columns, reduced to 21 rows 27 columns
Cbc0038I Mini branch and bound did not improve solution (0.03 seconds)
Cbc0038I After 0.03 seconds - Feasibility pump exiting with objective of 1.76248e+06 - took 0.03 seconds
Cbc0012I Integer solution of 1762480.8 found by feasibility pump after 0 iterations and 0 nodes (0.03 seconds)
Cbc0038I Full problem 113 rows 152 columns, reduced to 67 rows 101 columns
Cbc0031I 9 added rows had average density of 22.222222
Cbc0013I At root node, 9 cuts changed objective from 1762371.6 to 1762457.3 in 57 passes
Cbc0014I Cut generator 0 (Probing) - 6 row cuts average 2.7 elements, 3 column cuts (3 active)  in 0.006 seconds - new frequency is 1
Cbc0014I Cut generator 1 (Gomory) - 84 row cuts average 35.2 elements, 0 column cuts (0 active)  in 0.007 seconds - new frequency is 1
Cbc0014I Cut generator 2 (Knapsack) - 0 row cuts average 0.0 elements, 0 column cuts (0 active)  in 0.007 seconds - new frequency is -100
Cbc0014I Cut generator 3 (Clique) - 0 row cuts average 0.0 elements, 0 column cuts (0 active)  in 0.000 seconds - new frequency is -100
Cbc0014I Cut generator 4 (MixedIntegerRounding2) - 4 row cuts average 5.0 elements, 0 column cuts (0 active)  in 0.003 seconds - new frequency is -100
Cbc0014I Cut generator 5 (FlowCover) - 0 row cuts average 0.0 elements, 0 column cuts (0 active)  in 0.012 seconds - new frequency is -100
Cbc0014I Cut generator 6 (TwoMirCuts) - 16 row cuts average 18.1 elements, 0 column cuts (0 active)  in 0.006 seconds - new frequency is -100
Cbc0010I After 0 nodes, 1 on tree, 1762480.8 best solution, best possible 1762457.3 (0.11 seconds)
Cbc0001I Search completed - best objective 1762480.763936769, took 410 iterations and 14 nodes (0.14 seconds)
Cbc0032I Strong branching done 50 times (149 iterations), fathomed 8 nodes and fixed 3 variables
Cbc0035I Maximum depth 3, 0 variables fixed on reduced cost
Cuts at root node changed objective from 1.76237e+06 to 1.76246e+06
Probing was tried 77 times and created 9 cuts of which 0 were active after adding rounds of cuts (0.010 seconds)
Gomory was tried 77 times and created 91 cuts of which 0 were active after adding rounds of cuts (0.008 seconds)
Knapsack was tried 57 times and created 0 cuts of which 0 were active after adding rounds of cuts (0.007 seconds)
Clique was tried 57 times and created 0 cuts of which 0 were active after adding rounds of cuts (0.000 seconds)
MixedIntegerRounding2 was tried 57 times and created 4 cuts of which 0 were active after adding rounds of cuts (0.003 seconds)
FlowCover was tried 57 times and created 0 cuts of which 0 were active after adding rounds of cuts (0.012 seconds)
TwoMirCuts was tried 57 times and created 16 cuts of which 0 were active after adding rounds of cuts (0.006 seconds)
ZeroHalf was tried 1 times and created 0 cuts of which 0 were active after adding rounds of cuts (0.000 seconds)

Result - Optimal solution found

Objective value:                1762480.76393677
Enumerated nodes:               14
Total iterations:               410
Time (CPU seconds):             0.14
Time (Wallclock seconds):       0.14

Option for printingOptions changed from normal to all
Total time (CPU seconds):       0.17   (Wallclock seconds):       0.16

