Welcome to the CBC MILP Solver 
Version: 2.10.3 
Build Date: Dec 15 2019 

command line - E:\dachuang\.venv\Lib\site-packages\pulp\apis\../solverdir/cbc/win/i64/cbc.exe model.mps -primalTolerance 1e-9 -integerTolerance 1e-9 -ratioGap 0 -allowableGap 0 -threads 0 -branch -printingOptions all -solution solution.txt -saveSolution solution.bin -quit (default strategy 1)
At line 2 NAME          MODEL
At line 3 ROWS
At line 317 COLUMNS
At line 1133 RHS
At line 1446 BOUNDS
At line 1521 ENDATA
Problem MODEL has 312 rows, 241 columns and 647 elements
Coin0008I MODEL read with 0 errors
primalTolerance was changed from 1e-07 to 1e-09
integerTolerance was changed from 1e-07 to 1e-09
ratioGap was changed from 0 to 0
allowableGap was changed from 1e-10 to 0
Continuous objective value is 1.85176e+06 - 0.00 seconds
Cgl0004I processed model has 113 rows, 157 columns (24 integer (24 of which binary)) and 332 elements
Cbc0038I Initial state - 8 integers unsatisfied sum - 2.82348
Cbc0038I Pass   1: suminf.    0.00000 (0) obj. 1.85747e+06 iterations 16
Cbc0038I Solution found of 1.85747e+06
Cbc0038I Relaxing continuous gives 1.85441e+06
Cbc0038I Before mini branch and bound, 16 integers at bound fixed and 85 continuous
Cbc0038I Full problem 113 rows 157 columns, reduced to 4 rows 6 columns
Cbc0038I Mini branch and bound improved solution from 1.85441e+06 to 1.85199e+06 (0.01 seconds)
Cbc0038I Freeing continuous variables gives a solution of 1.85199e+06
Cbc0038I Round again with cutoff of 1.85197e+06
Cbc0038I Pass   2: suminf.    0.69037 (3) obj. 1.85197e+06 iterations 7
Cbc0038I Pass   3: suminf.    0.10017 (1) obj. 1.85197e+06 iterations 10
Cbc0038I Pass   4: suminf.    0.47941 (2) obj. 1.85197e+06 iterations 6
Cbc0038I Pass   5: suminf.    0.25209 (1) obj. 1.85197e+06 iterations 4
Cbc0038I Solution found of 1.85197e+06
Cbc0038I Relaxing continuous gives 1.85186e+06
Cbc0038I Before mini branch and bound, 14 integers at bound fixed and 78 continuous
Cbc0038I Full problem 113 rows 157 columns, reduced to 16 rows 23 columns
Cbc0038I Mini branch and bound improved solution from 1.85186e+06 to 1.85186e+06 (0.02 seconds)
Cbc0038I Freeing continuous variables gives a solution of 1.85186e+06
Cbc0038I Round again with cutoff of 1.85184e+06
Cbc0038I Pass   6: suminf.    1.24654 (4) obj. 1.85184e+06 iterations 2
Cbc0038I Pass   7: suminf.    0.64234 (2) obj. 1.85184e+06 iterations 11
Cbc0038I Pass   8: suminf.    0.09566 (1) obj. 1.85184e+06 iterations 1
Cbc0038I Pass   9: suminf.    0.35766 (1) obj. 1.85184e+06 iterations 3
Cbc0038I Pass  10: suminf.    0.60113 (2) obj. 1.85184e+06 iterations 10
Cbc0038I Pass  11: suminf.    0.17634 (1) obj. 1.85184e+06 iterations 1
Cbc0038I Pass  12: suminf.    0.29277 (2) obj. 1.85184e+06 iterations 2
Cbc0038I Pass  13: suminf.    0.09566 (1) obj. 1.85184e+06 iterations 3
Cbc0038I Pass  14: suminf.    0.35766 (1) obj. 1.85184e+06 iterations 3
Cbc0038I Pass  15: suminf.    1.63032 (5) obj. 1.85184e+06 iterations 6
Cbc0038I Pass  16: suminf.    0.35766 (1) obj. 1.85184e+06 iterations 4
Cbc0038I Pass  17: suminf.    0.09566 (1) obj. 1.85184e+06 iterations 1
Cbc0038I Pass  18: suminf.    0.84892 (3) obj. 1.85184e+06 iterations 9
Cbc0038I Pass  19: suminf.    0.17634 (1) obj. 1.85184e+06 iterations 5
Cbc0038I Pass  20: suminf.    0.29277 (2) obj. 1.85184e+06 iterations 5
Cbc0038I Pass  21: suminf.    0.09566 (1) obj. 1.85184e+06 iterations 3
Cbc0038I Pass  22: suminf.    0.35766 (1) obj. 1.85184e+06 iterations 3
Cbc0038I Pass  23: suminf.    1.81963 (5) obj. 1.85184e+06 iterations 13
Cbc0038I Pass  24: suminf.    0.40787 (2) obj. 1.85184e+06 iterations 7
Cbc0038I Pass  25: suminf.    0.35766 (1) obj. 1.85184e+06 iterations 4
Cbc0038I Pass  26: suminf.    0.09566 (1) obj. 1.85184e+06 iterations 1
Cbc0038I Pass  27: suminf.    1.72450 (6) obj. 1.85184e+06 iterations 14
Cbc0038I Pass  28: suminf.    0.18166 (2) obj. 1.85184e+06 iterations 5
Cbc0038I Pass  29: suminf.    0.35766 (1) obj. 1.85184e+06 iterations 3
Cbc0038I Pass  30: suminf.    0.09566 (1) obj. 1.85184e+06 iterations 1
Cbc0038I Pass  31: suminf.    2.37371 (6) obj. 1.85184e+06 iterations 18
Cbc0038I Pass  32: suminf.    0.48854 (2) obj. 1.85184e+06 iterations 8
Cbc0038I Pass  33: suminf.    0.29277 (2) obj. 1.85184e+06 iterations 5
Cbc0038I Pass  34: suminf.    0.09566 (1) obj. 1.85184e+06 iterations 3
Cbc0038I Pass  35: suminf.    0.35766 (1) obj. 1.85184e+06 iterations 3
Cbc0038I No solution found this major pass
Cbc0038I Before mini branch and bound, 2 integers at bound fixed and 69 continuous
Cbc0038I Full problem 113 rows 157 columns, reduced to 17 rows 23 columns
Cbc0038I Mini branch and bound did not improve solution (0.03 seconds)
Cbc0038I After 0.03 seconds - Feasibility pump exiting with objective of 1.85186e+06 - took 0.03 seconds
Cbc0012I Integer solution of 1851861.6 found by feasibility pump after 0 iterations and 0 nodes (0.03 seconds)
Cbc0038I Full problem 113 rows 157 columns, reduced to 71 rows 112 columns
Cbc0031I 8 added rows had average density of 12
Cbc0013I At root node, 8 cuts changed objective from 1851761.4 to 1851764.2 in 94 passes
Cbc0014I Cut generator 0 (Probing) - 5 row cuts average 3.4 elements, 3 column cuts (3 active)  in 0.009 seconds - new frequency is 1
Cbc0014I Cut generator 1 (Gomory) - 245 row cuts average 25.5 elements, 0 column cuts (0 active)  in 0.008 seconds - new frequency is 1
Cbc0014I Cut generator 2 (Knapsack) - 0 row cuts average 0.0 elements, 0 column cuts (0 active)  in 0.020 seconds - new frequency is -100
Cbc0014I Cut generator 3 (Clique) - 0 row cuts average 0.0 elements, 0 column cuts (0 active)  in 0.000 seconds - new frequency is -100
Cbc0014I Cut generator 4 (MixedIntegerRounding2) - 44 row cuts average 14.5 elements, 0 column cuts (0 active)  in 0.005 seconds - new frequency is 1
Cbc0014I Cut generator 5 (FlowCover) - 1 row cuts average 12.0 elements, 0 column cuts (0 active)  in 0.019 seconds - new frequency is -100
Cbc0014I Cut generator 6 (TwoMirCuts) - 18 row cuts average 10.2 elements, 0 column cuts (0 active)  in 0.007 seconds - new frequency is -100
Cbc0010I After 0 nodes, 1 on tree, 1851861.6 best solution, best possible 1851764.4 (0.17 seconds)
Cbc0001I Search completed - best objective 1851861.58351226, took 823 iterations and 6 nodes (0.18 seconds)
Cbc0032I Strong branching done 20 times (59 iterations), fathomed 3 nodes and fixed 1 variables
Cbc0035I Maximum depth 2, 0 variables fixed on reduced cost
Cuts at root node changed objective from 1.85176e+06 to 1.85176e+06
Probing was tried 111 times and created 9 cuts of which 0 were active after adding rounds of cuts (0.009 seconds)
Gomory was tried 111 times and created 265 cuts of which 0 were active after adding rounds of cuts (0.010 seconds)
Knapsack was tried 94 times and created 0 cuts of which 0 were active after adding rounds of cuts (0.020 seconds)
Clique was tried 94 times and created 0 cuts of which 0 were active after adding rounds of cuts (0.000 seconds)
MixedIntegerRounding2 was tried 111 times and created 45 cuts of which 0 were active after adding rounds of cuts (0.006 seconds)
FlowCover was tried 94 times and created 1 cuts of which 0 were active after adding rounds of cuts (0.019 seconds)
TwoMirCuts was tried 94 times and created 18 cuts of which 0 were active after adding rounds of cuts (0.007 seconds)
ZeroHalf was tried 1 times and created 0 cuts of which 0 were active after adding rounds of cuts (0.000 seconds)

Result - Optimal solution found

Objective value:                1851861.58351226
Enumerated nodes:               6
Total iterations:               823
Time (CPU seconds):             0.18
Time (Wallclock seconds):       0.18

Option for printingOptions changed from normal to all
Total time (CPU seconds):       0.21   (Wallclock seconds):       0.21

