Welcome to the CBC MILP Solver 
Version: 2.10.3 
Build Date: Dec 15 2019 

command line - E:\dachuang\.venv\Lib\site-packages\pulp\apis\../solverdir/cbc/win/i64/cbc.exe model.mps -primalTolerance 1e-9 -integerTolerance 1e-9 -ratioGap 0 -allowableGap 0 -threads 0 -branch -printingOptions all -solution solution.txt -saveSolution solution.bin -quit (default strategy 1)
At line 2 NAME          MODEL
At line 3 ROWS
At line 317 COLUMNS
At line 1133 RHS
At line 1446 BOUNDS
At line 1521 ENDATA
Problem MODEL has 312 rows, 241 columns and 647 elements
Coin0008I MODEL read with 0 errors
primalTolerance was changed from 1e-07 to 1e-09
integerTolerance was changed from 1e-07 to 1e-09
ratioGap was changed from 0 to 0
allowableGap was changed from 1e-10 to 0
Continuous objective value is 2.81957e+06 - 0.00 seconds
Cgl0004I processed model has 112 rows, 152 columns (24 integer (24 of which binary)) and 324 elements
Cbc0038I Initial state - 4 integers unsatisfied sum - 1.33657
Cbc0038I Pass   1: suminf.    0.00000 (0) obj. 2.8198e+06 iterations 7
Cbc0038I Solution found of 2.8198e+06
Cbc0038I Relaxing continuous gives 2.8198e+06
Cbc0038I Before mini branch and bound, 20 integers at bound fixed and 91 continuous
Cbc0038I Full problem 112 rows 152 columns, reduced to 3 rows 4 columns
Cbc0038I Mini branch and bound did not improve solution (0.01 seconds)
Cbc0038I Freeing continuous variables gives a solution of 2.8198e+06
Cbc0038I Round again with cutoff of 2.81978e+06
Cbc0038I Pass   2: suminf.    0.10017 (1) obj. 2.81978e+06 iterations 2
Cbc0038I Pass   3: suminf.    0.10017 (1) obj. 2.81978e+06 iterations 10
Cbc0038I Pass   4: suminf.    0.47941 (2) obj. 2.81978e+06 iterations 6
Cbc0038I Pass   5: suminf.    0.28209 (1) obj. 2.81978e+06 iterations 4
Cbc0038I Solution found of 2.81978e+06
Cbc0038I Relaxing continuous gives 2.81967e+06
Cbc0038I Before mini branch and bound, 18 integers at bound fixed and 84 continuous
Cbc0038I Full problem 112 rows 152 columns, reduced to 16 rows 23 columns
Cbc0038I Mini branch and bound improved solution from 2.81967e+06 to 2.81967e+06 (0.02 seconds)
Cbc0038I Freeing continuous variables gives a solution of 2.81967e+06
Cbc0038I Round again with cutoff of 2.81965e+06
Cbc0038I Pass   6: suminf.    0.65634 (2) obj. 2.81965e+06 iterations 2
Cbc0038I Pass   7: suminf.    0.61234 (2) obj. 2.81965e+06 iterations 11
Cbc0038I Pass   8: suminf.    0.09566 (1) obj. 2.81965e+06 iterations 2
Cbc0038I Pass   9: suminf.    0.38766 (1) obj. 2.81965e+06 iterations 2
Cbc0038I Pass  10: suminf.    0.61234 (2) obj. 2.81965e+06 iterations 3
Cbc0038I Pass  11: suminf.    0.09566 (1) obj. 2.81965e+06 iterations 2
Cbc0038I Pass  12: suminf.    0.38766 (1) obj. 2.81965e+06 iterations 2
Cbc0038I Pass  13: suminf.    0.70345 (2) obj. 2.81965e+06 iterations 4
Cbc0038I Pass  14: suminf.    0.38766 (1) obj. 2.81965e+06 iterations 2
Cbc0038I Pass  15: suminf.    0.09566 (1) obj. 2.81965e+06 iterations 1
Cbc0038I Pass  16: suminf.    0.69488 (3) obj. 2.81965e+06 iterations 19
Cbc0038I Pass  17: suminf.    0.19028 (2) obj. 2.81965e+06 iterations 5
Cbc0038I Pass  18: suminf.    0.19028 (2) obj. 2.81965e+06 iterations 1
Cbc0038I Pass  19: suminf.    0.09566 (1) obj. 2.81965e+06 iterations 5
Cbc0038I Pass  20: suminf.    0.38766 (1) obj. 2.81965e+06 iterations 2
Cbc0038I Pass  21: suminf.    0.84466 (3) obj. 2.81965e+06 iterations 18
Cbc0038I Pass  22: suminf.    0.54466 (2) obj. 2.81965e+06 iterations 1
Cbc0038I Pass  23: suminf.    0.09566 (1) obj. 2.81965e+06 iterations 2
Cbc0038I Pass  24: suminf.    0.38766 (1) obj. 2.81965e+06 iterations 2
Cbc0038I Pass  25: suminf.    0.61234 (2) obj. 2.81965e+06 iterations 12
Cbc0038I Pass  26: suminf.    0.09566 (1) obj. 2.81965e+06 iterations 5
Cbc0038I Pass  27: suminf.    0.38766 (1) obj. 2.81965e+06 iterations 1
Cbc0038I Pass  28: suminf.    0.61234 (2) obj. 2.81965e+06 iterations 16
Cbc0038I Pass  29: suminf.    0.09566 (1) obj. 2.81965e+06 iterations 1
Cbc0038I Pass  30: suminf.    0.38766 (1) obj. 2.81965e+06 iterations 2
Cbc0038I Pass  31: suminf.    0.92813 (3) obj. 2.81965e+06 iterations 10
Cbc0038I Pass  32: suminf.    0.09566 (1) obj. 2.81965e+06 iterations 4
Cbc0038I Pass  33: suminf.    0.38766 (1) obj. 2.81965e+06 iterations 1
Cbc0038I Pass  34: suminf.    0.61234 (2) obj. 2.81965e+06 iterations 4
Cbc0038I Pass  35: suminf.    0.09566 (1) obj. 2.81965e+06 iterations 1
Cbc0038I No solution found this major pass
Cbc0038I Before mini branch and bound, 0 integers at bound fixed and 60 continuous
Cbc0038I Full problem 112 rows 152 columns, reduced to 19 rows 26 columns
Cbc0038I Mini branch and bound did not improve solution (0.03 seconds)
Cbc0038I After 0.03 seconds - Feasibility pump exiting with objective of 2.81967e+06 - took 0.02 seconds
Cbc0012I Integer solution of 2819667.5 found by feasibility pump after 0 iterations and 0 nodes (0.03 seconds)
Cbc0038I Full problem 112 rows 152 columns, reduced to 57 rows 93 columns
Cbc0031I 4 added rows had average density of 29
Cbc0013I At root node, 4 cuts changed objective from 2819567.3 to 2819571.6 in 100 passes
Cbc0014I Cut generator 0 (Probing) - 4 row cuts average 3.0 elements, 2 column cuts (2 active)  in 0.010 seconds - new frequency is -100
Cbc0014I Cut generator 1 (Gomory) - 262 row cuts average 27.4 elements, 0 column cuts (0 active)  in 0.010 seconds - new frequency is 1
Cbc0014I Cut generator 2 (Knapsack) - 0 row cuts average 0.0 elements, 0 column cuts (0 active)  in 0.014 seconds - new frequency is -100
Cbc0014I Cut generator 3 (Clique) - 0 row cuts average 0.0 elements, 0 column cuts (0 active)  in 0.001 seconds - new frequency is -100
Cbc0014I Cut generator 4 (MixedIntegerRounding2) - 15 row cuts average 9.7 elements, 0 column cuts (0 active)  in 0.005 seconds - new frequency is -100
Cbc0014I Cut generator 5 (FlowCover) - 0 row cuts average 0.0 elements, 0 column cuts (0 active)  in 0.009 seconds - new frequency is -100
Cbc0014I Cut generator 6 (TwoMirCuts) - 16 row cuts average 12.1 elements, 0 column cuts (0 active)  in 0.002 seconds - new frequency is -100
Cbc0010I After 0 nodes, 1 on tree, 2819667.5 best solution, best possible 2819571.6 (0.15 seconds)
Cbc0001I Search completed - best objective 2819667.473684002, took 796 iterations and 6 nodes (0.17 seconds)
Cbc0032I Strong branching done 32 times (109 iterations), fathomed 4 nodes and fixed 2 variables
Cbc0035I Maximum depth 2, 0 variables fixed on reduced cost
Cuts at root node changed objective from 2.81957e+06 to 2.81957e+06
Probing was tried 100 times and created 6 cuts of which 0 were active after adding rounds of cuts (0.010 seconds)
Gomory was tried 133 times and created 302 cuts of which 0 were active after adding rounds of cuts (0.010 seconds)
Knapsack was tried 100 times and created 0 cuts of which 0 were active after adding rounds of cuts (0.014 seconds)
Clique was tried 100 times and created 0 cuts of which 0 were active after adding rounds of cuts (0.001 seconds)
MixedIntegerRounding2 was tried 100 times and created 15 cuts of which 0 were active after adding rounds of cuts (0.005 seconds)
FlowCover was tried 100 times and created 0 cuts of which 0 were active after adding rounds of cuts (0.009 seconds)
TwoMirCuts was tried 100 times and created 16 cuts of which 0 were active after adding rounds of cuts (0.002 seconds)
ZeroHalf was tried 1 times and created 0 cuts of which 0 were active after adding rounds of cuts (0.000 seconds)

Result - Optimal solution found

Objective value:                2819667.47368400
Enumerated nodes:               6
Total iterations:               796
Time (CPU seconds):             0.17
Time (Wallclock seconds):       0.17

Option for printingOptions changed from normal to all
Total time (CPU seconds):       0.19   (Wallclock seconds):       0.19

