Welcome to the CBC MILP Solver 
Version: 2.10.3 
Build Date: Dec 15 2019 

command line - E:\dachuang\.venv\Lib\site-packages\pulp\apis\../solverdir/cbc/win/i64/cbc.exe model.mps -primalTolerance 1e-9 -integerTolerance 1e-9 -ratioGap 0 -allowableGap 0 -threads 0 -branch -printingOptions all -solution solution.txt -saveSolution solution.bin -quit (default strategy 1)
At line 2 NAME          MODEL
At line 3 ROWS
At line 317 COLUMNS
At line 1133 RHS
At line 1446 BOUNDS
At line 1521 ENDATA
Problem MODEL has 312 rows, 241 columns and 647 elements
Coin0008I MODEL read with 0 errors
primalTolerance was changed from 1e-07 to 1e-09
integerTolerance was changed from 1e-07 to 1e-09
ratioGap was changed from 0 to 0
allowableGap was changed from 1e-10 to 0
Continuous objective value is 1.18685e+06 - 0.00 seconds
Cgl0004I processed model has 114 rows, 159 columns (24 integer (24 of which binary)) and 337 elements
Cbc0038I Initial state - 8 integers unsatisfied sum - 1.60319
Cbc0038I Pass   1: suminf.    0.00000 (0) obj. 1.19489e+06 iterations 15
Cbc0038I Solution found of 1.19489e+06
Cbc0038I Relaxing continuous gives 1.18829e+06
Cbc0038I Before mini branch and bound, 16 integers at bound fixed and 84 continuous
Cbc0038I Full problem 114 rows 159 columns, reduced to 6 rows 10 columns
Cbc0038I Mini branch and bound improved solution from 1.18829e+06 to 1.18697e+06 (0.01 seconds)
Cbc0038I Round again with cutoff of 1.18696e+06
Cbc0038I Pass   2: suminf.    0.37260 (5) obj. 1.18696e+06 iterations 12
Cbc0038I Pass   3: suminf.    0.72735 (3) obj. 1.18696e+06 iterations 14
Cbc0038I Pass   4: suminf.    0.72735 (3) obj. 1.18696e+06 iterations 0
Cbc0038I Pass   5: suminf.    0.57273 (2) obj. 1.18696e+06 iterations 5
Cbc0038I Pass   6: suminf.    0.57273 (2) obj. 1.18696e+06 iterations 0
Cbc0038I Pass   7: suminf.    0.32515 (2) obj. 1.18696e+06 iterations 4
Cbc0038I Pass   8: suminf.    0.05273 (2) obj. 1.18696e+06 iterations 3
Cbc0038I Pass   9: suminf.    0.72735 (3) obj. 1.18696e+06 iterations 9
Cbc0038I Pass  10: suminf.    0.72735 (3) obj. 1.18696e+06 iterations 0
Cbc0038I Pass  11: suminf.    0.57273 (2) obj. 1.18696e+06 iterations 5
Cbc0038I Pass  12: suminf.    0.57273 (2) obj. 1.18696e+06 iterations 0
Cbc0038I Pass  13: suminf.    0.32515 (2) obj. 1.18696e+06 iterations 4
Cbc0038I Pass  14: suminf.    0.05273 (2) obj. 1.18696e+06 iterations 3
Cbc0038I Pass  15: suminf.    0.72735 (3) obj. 1.18696e+06 iterations 9
Cbc0038I Pass  16: suminf.    0.72735 (3) obj. 1.18696e+06 iterations 0
Cbc0038I Pass  17: suminf.    0.57273 (2) obj. 1.18696e+06 iterations 5
Cbc0038I Pass  18: suminf.    0.57273 (2) obj. 1.18696e+06 iterations 0
Cbc0038I Pass  19: suminf.    0.32515 (2) obj. 1.18696e+06 iterations 4
Cbc0038I Pass  20: suminf.    0.05273 (2) obj. 1.18696e+06 iterations 3
Cbc0038I Pass  21: suminf.    0.72735 (3) obj. 1.18696e+06 iterations 9
Cbc0038I Pass  22: suminf.    0.72735 (3) obj. 1.18696e+06 iterations 0
Cbc0038I Pass  23: suminf.    0.57273 (2) obj. 1.18696e+06 iterations 5
Cbc0038I Pass  24: suminf.    0.57273 (2) obj. 1.18696e+06 iterations 0
Cbc0038I Pass  25: suminf.    0.32515 (2) obj. 1.18696e+06 iterations 4
Cbc0038I Pass  26: suminf.    0.05273 (2) obj. 1.18696e+06 iterations 3
Cbc0038I Pass  27: suminf.    0.72735 (3) obj. 1.18696e+06 iterations 9
Cbc0038I Pass  28: suminf.    0.72735 (3) obj. 1.18696e+06 iterations 0
Cbc0038I Pass  29: suminf.    0.57273 (2) obj. 1.18696e+06 iterations 5
Cbc0038I Pass  30: suminf.    0.57273 (2) obj. 1.18696e+06 iterations 0
Cbc0038I Pass  31: suminf.    0.32515 (2) obj. 1.18696e+06 iterations 4
Cbc0038I No solution found this major pass
Cbc0038I Before mini branch and bound, 11 integers at bound fixed and 76 continuous
Cbc0038I Full problem 114 rows 159 columns, reduced to 16 rows 22 columns
Cbc0038I Mini branch and bound did not improve solution (0.02 seconds)
Cbc0038I After 0.02 seconds - Feasibility pump exiting with objective of 1.18697e+06 - took 0.01 seconds
Cbc0012I Integer solution of 1186973.4 found by feasibility pump after 0 iterations and 0 nodes (0.02 seconds)
Cbc0038I Full problem 114 rows 159 columns, reduced to 71 rows 114 columns
Cbc0031I 9 added rows had average density of 7.6666667
Cbc0013I At root node, 9 cuts changed objective from 1186851 to 1186973.4 in 12 passes
Cbc0014I Cut generator 0 (Probing) - 5 row cuts average 2.0 elements, 6 column cuts (6 active)  in 0.002 seconds - new frequency is 1
Cbc0014I Cut generator 1 (Gomory) - 23 row cuts average 15.0 elements, 0 column cuts (0 active)  in 0.000 seconds - new frequency is 1
Cbc0014I Cut generator 2 (Knapsack) - 0 row cuts average 0.0 elements, 0 column cuts (0 active)  in 0.001 seconds - new frequency is -100
Cbc0014I Cut generator 3 (Clique) - 0 row cuts average 0.0 elements, 0 column cuts (0 active)  in 0.000 seconds - new frequency is -100
Cbc0014I Cut generator 4 (MixedIntegerRounding2) - 8 row cuts average 4.8 elements, 0 column cuts (0 active)  in 0.000 seconds - new frequency is 1
Cbc0014I Cut generator 5 (FlowCover) - 0 row cuts average 0.0 elements, 0 column cuts (0 active)  in 0.000 seconds - new frequency is -100
Cbc0014I Cut generator 6 (TwoMirCuts) - 18 row cuts average 10.4 elements, 0 column cuts (0 active)  in 0.001 seconds - new frequency is -100
Cbc0001I Search completed - best objective 1186973.368420839, took 53 iterations and 0 nodes (0.04 seconds)
Cbc0032I Strong branching done 2 times (6 iterations), fathomed 1 nodes and fixed 0 variables
Cbc0035I Maximum depth 0, 0 variables fixed on reduced cost
Cuts at root node changed objective from 1.18685e+06 to 1.18697e+06
Probing was tried 12 times and created 11 cuts of which 0 were active after adding rounds of cuts (0.002 seconds)
Gomory was tried 12 times and created 23 cuts of which 0 were active after adding rounds of cuts (0.000 seconds)
Knapsack was tried 12 times and created 0 cuts of which 0 were active after adding rounds of cuts (0.001 seconds)
Clique was tried 12 times and created 0 cuts of which 0 were active after adding rounds of cuts (0.000 seconds)
MixedIntegerRounding2 was tried 12 times and created 8 cuts of which 0 were active after adding rounds of cuts (0.000 seconds)
FlowCover was tried 12 times and created 0 cuts of which 0 were active after adding rounds of cuts (0.000 seconds)
TwoMirCuts was tried 12 times and created 18 cuts of which 0 were active after adding rounds of cuts (0.001 seconds)
ZeroHalf was tried 1 times and created 0 cuts of which 0 were active after adding rounds of cuts (0.000 seconds)

Result - Optimal solution found

Objective value:                1186973.36842084
Enumerated nodes:               0
Total iterations:               53
Time (CPU seconds):             0.04
Time (Wallclock seconds):       0.04

Option for printingOptions changed from normal to all
Total time (CPU seconds):       0.08   (Wallclock seconds):       0.08

