Welcome to the CBC MILP Solver 
Version: 2.10.3 
Build Date: Dec 15 2019 

command line - E:\dachuang\.venv\Lib\site-packages\pulp\apis\../solverdir/cbc/win/i64/cbc.exe model.mps -primalTolerance 1e-9 -integerTolerance 1e-9 -ratioGap 0 -allowableGap 0 -threads 0 -branch -printingOptions all -solution solution.txt -saveSolution solution.bin -quit (default strategy 1)
At line 2 NAME          MODEL
At line 3 ROWS
At line 317 COLUMNS
At line 1133 RHS
At line 1446 BOUNDS
At line 1521 ENDATA
Problem MODEL has 312 rows, 241 columns and 647 elements
Coin0008I MODEL read with 0 errors
primalTolerance was changed from 1e-07 to 1e-09
integerTolerance was changed from 1e-07 to 1e-09
ratioGap was changed from 0 to 0
allowableGap was changed from 1e-10 to 0
Continuous objective value is 1.77659e+06 - 0.00 seconds
Cgl0004I processed model has 113 rows, 157 columns (24 integer (24 of which binary)) and 332 elements
Cbc0038I Initial state - 6 integers unsatisfied sum - 2.27397
Cbc0038I Pass   1: suminf.    0.00000 (0) obj. 1.81458e+06 iterations 17
Cbc0038I Solution found of 1.81458e+06
Cbc0038I Relaxing continuous gives 1.78183e+06
Cbc0038I Before mini branch and bound, 18 integers at bound fixed and 84 continuous
Cbc0038I Full problem 113 rows 157 columns, reduced to 6 rows 8 columns
Cbc0038I Mini branch and bound improved solution from 1.78183e+06 to 1.77693e+06 (0.01 seconds)
Cbc0038I Freeing continuous variables gives a solution of 1.77683e+06
Cbc0038I Round again with cutoff of 1.77681e+06
Cbc0038I Pass   2: suminf.    0.78074 (2) obj. 1.77681e+06 iterations 11
Cbc0038I Pass   3: suminf.    0.29593 (1) obj. 1.77681e+06 iterations 8
Cbc0038I Solution found of 1.77681e+06
Cbc0038I Relaxing continuous gives 1.7767e+06
Cbc0038I Before mini branch and bound, 16 integers at bound fixed and 80 continuous
Cbc0038I Full problem 113 rows 157 columns, reduced to 15 rows 20 columns
Cbc0038I Mini branch and bound improved solution from 1.7767e+06 to 1.7767e+06 (0.02 seconds)
Cbc0038I Round again with cutoff of 1.77668e+06
Cbc0038I Pass   4: suminf.    0.40212 (2) obj. 1.77668e+06 iterations 2
Cbc0038I Pass   5: suminf.    0.40212 (2) obj. 1.77668e+06 iterations 0
Cbc0038I Pass   6: suminf.    0.11256 (1) obj. 1.77668e+06 iterations 6
Cbc0038I Pass   7: suminf.    0.09409 (1) obj. 1.77668e+06 iterations 3
Cbc0038I Pass   8: suminf.    0.90767 (3) obj. 1.77668e+06 iterations 8
Cbc0038I Pass   9: suminf.    0.41217 (2) obj. 1.77668e+06 iterations 1
Cbc0038I Pass  10: suminf.    0.71177 (2) obj. 1.77668e+06 iterations 1
Cbc0038I Pass  11: suminf.    1.28658 (4) obj. 1.77668e+06 iterations 8
Cbc0038I Pass  12: suminf.    0.79108 (3) obj. 1.77668e+06 iterations 1
Cbc0038I Pass  13: suminf.    0.41217 (2) obj. 1.77668e+06 iterations 2
Cbc0038I Pass  14: suminf.    0.71177 (2) obj. 1.77668e+06 iterations 1
Cbc0038I Pass  15: suminf.    0.19159 (1) obj. 1.77668e+06 iterations 13
Cbc0038I Pass  16: suminf.    0.19159 (1) obj. 1.77668e+06 iterations 1
Cbc0038I Pass  17: suminf.    0.20717 (2) obj. 1.77668e+06 iterations 4
Cbc0038I Pass  18: suminf.    0.11256 (1) obj. 1.77668e+06 iterations 4
Cbc0038I Pass  19: suminf.    0.19159 (1) obj. 1.77668e+06 iterations 1
Cbc0038I Pass  20: suminf.    1.45299 (6) obj. 1.77668e+06 iterations 17
Cbc0038I Pass  21: suminf.    0.35837 (3) obj. 1.77668e+06 iterations 4
Cbc0038I Pass  22: suminf.    0.35837 (3) obj. 1.77668e+06 iterations 1
Cbc0038I Pass  23: suminf.    0.09409 (1) obj. 1.77668e+06 iterations 6
Cbc0038I Pass  24: suminf.    0.09409 (1) obj. 1.77668e+06 iterations 1
Cbc0038I Pass  25: suminf.    0.11256 (1) obj. 1.77668e+06 iterations 3
Cbc0038I Pass  26: suminf.    0.28909 (1) obj. 1.77668e+06 iterations 1
Cbc0038I Pass  27: suminf.    0.69017 (4) obj. 1.77668e+06 iterations 21
Cbc0038I Pass  28: suminf.    0.69017 (4) obj. 1.77668e+06 iterations 5
Cbc0038I Pass  29: suminf.    0.32841 (1) obj. 1.77668e+06 iterations 9
Cbc0038I Pass  30: suminf.    0.11256 (1) obj. 1.77668e+06 iterations 3
Cbc0038I Pass  31: suminf.    0.09409 (1) obj. 1.77668e+06 iterations 3
Cbc0038I Pass  32: suminf.    0.56449 (4) obj. 1.77668e+06 iterations 17
Cbc0038I Pass  33: suminf.    0.11256 (1) obj. 1.77668e+06 iterations 7
Cbc0038I No solution found this major pass
Cbc0038I Before mini branch and bound, 3 integers at bound fixed and 67 continuous
Cbc0038I Full problem 113 rows 157 columns, reduced to 27 rows 36 columns
Cbc0038I Mini branch and bound did not improve solution (0.04 seconds)
Cbc0038I After 0.04 seconds - Feasibility pump exiting with objective of 1.7767e+06 - took 0.03 seconds
Cbc0012I Integer solution of 1776698.4 found by feasibility pump after 0 iterations and 0 nodes (0.04 seconds)
Cbc0038I Full problem 113 rows 157 columns, reduced to 69 rows 108 columns
Cbc0031I 2 added rows had average density of 18
Cbc0013I At root node, 2 cuts changed objective from 1776589.2 to 1776589.2 in 9 passes
Cbc0014I Cut generator 0 (Probing) - 0 row cuts average 0.0 elements, 2 column cuts (2 active)  in 0.002 seconds - new frequency is 1
Cbc0014I Cut generator 1 (Gomory) - 24 row cuts average 20.0 elements, 0 column cuts (0 active)  in 0.001 seconds - new frequency is 1
Cbc0014I Cut generator 2 (Knapsack) - 0 row cuts average 0.0 elements, 0 column cuts (0 active)  in 0.003 seconds - new frequency is -100
Cbc0014I Cut generator 3 (Clique) - 0 row cuts average 0.0 elements, 0 column cuts (0 active)  in 0.000 seconds - new frequency is -100
Cbc0014I Cut generator 4 (MixedIntegerRounding2) - 1 row cuts average 4.0 elements, 0 column cuts (0 active)  in 0.001 seconds - new frequency is -100
Cbc0014I Cut generator 5 (FlowCover) - 0 row cuts average 0.0 elements, 0 column cuts (0 active)  in 0.001 seconds - new frequency is -100
Cbc0014I Cut generator 6 (TwoMirCuts) - 21 row cuts average 15.4 elements, 0 column cuts (0 active)  in 0.001 seconds - new frequency is -100
Cbc0010I After 0 nodes, 1 on tree, 1776698.4 best solution, best possible 1776589.2 (0.06 seconds)
Cbc0038I Full problem 113 rows 157 columns, reduced to 68 rows 108 columns
Cbc0001I Search completed - best objective 1776698.403939554, took 713 iterations and 58 nodes (0.19 seconds)
Cbc0032I Strong branching done 202 times (518 iterations), fathomed 22 nodes and fixed 11 variables
Cbc0035I Maximum depth 6, 1 variables fixed on reduced cost
Cuts at root node changed objective from 1.77659e+06 to 1.77659e+06
Probing was tried 169 times and created 17 cuts of which 0 were active after adding rounds of cuts (0.013 seconds)
Gomory was tried 167 times and created 243 cuts of which 0 were active after adding rounds of cuts (0.013 seconds)
Knapsack was tried 9 times and created 0 cuts of which 0 were active after adding rounds of cuts (0.003 seconds)
Clique was tried 9 times and created 0 cuts of which 0 were active after adding rounds of cuts (0.000 seconds)
MixedIntegerRounding2 was tried 9 times and created 1 cuts of which 0 were active after adding rounds of cuts (0.001 seconds)
FlowCover was tried 9 times and created 0 cuts of which 0 were active after adding rounds of cuts (0.001 seconds)
TwoMirCuts was tried 9 times and created 21 cuts of which 0 were active after adding rounds of cuts (0.001 seconds)
ZeroHalf was tried 1 times and created 0 cuts of which 0 were active after adding rounds of cuts (0.000 seconds)

Result - Optimal solution found

Objective value:                1776698.40393955
Enumerated nodes:               58
Total iterations:               713
Time (CPU seconds):             0.19
Time (Wallclock seconds):       0.19

Option for printingOptions changed from normal to all
Total time (CPU seconds):       0.22   (Wallclock seconds):       0.22

