Welcome to the CBC MILP Solver 
Version: 2.10.3 
Build Date: Dec 15 2019 

command line - E:\dachuang\.venv\Lib\site-packages\pulp\apis\../solverdir/cbc/win/i64/cbc.exe model.mps -primalTolerance 1e-9 -integerTolerance 1e-9 -ratioGap 0 -allowableGap 0 -threads 0 -branch -printingOptions all -solution solution.txt -saveSolution solution.bin -quit (default strategy 1)
At line 2 NAME          MODEL
At line 3 ROWS
At line 317 COLUMNS
At line 1133 RHS
At line 1446 BOUNDS
At line 1521 ENDATA
Problem MODEL has 312 rows, 241 columns and 647 elements
Coin0008I MODEL read with 0 errors
primalTolerance was changed from 1e-07 to 1e-09
integerTolerance was changed from 1e-07 to 1e-09
ratioGap was changed from 0 to 0
allowableGap was changed from 1e-10 to 0
Continuous objective value is 3.47968e+06 - 0.00 seconds
Cgl0004I processed model has 109 rows, 146 columns (24 integer (24 of which binary)) and 309 elements
Cbc0038I Initial state - 8 integers unsatisfied sum - 1.51547
Cbc0038I Pass   1: suminf.    0.00000 (0) obj. 3.47996e+06 iterations 8
Cbc0038I Solution found of 3.47996e+06
Cbc0038I Relaxing continuous gives 3.47991e+06
Cbc0038I Before mini branch and bound, 16 integers at bound fixed and 86 continuous
Cbc0038I Full problem 109 rows 146 columns, reduced to 5 rows 6 columns
Cbc0038I Mini branch and bound did not improve solution (0.01 seconds)
Cbc0038I Round again with cutoff of 3.47989e+06
Cbc0038I Pass   2: suminf.    0.10017 (1) obj. 3.47989e+06 iterations 2
Cbc0038I Pass   3: suminf.    0.46659 (1) obj. 3.47989e+06 iterations 9
Cbc0038I Pass   4: suminf.    0.46659 (1) obj. 3.47989e+06 iterations 4
Cbc0038I Pass   5: suminf.    0.10017 (1) obj. 3.47989e+06 iterations 2
Cbc0038I Pass   6: suminf.    0.46659 (1) obj. 3.47989e+06 iterations 7
Cbc0038I Pass   7: suminf.    0.49893 (3) obj. 3.47989e+06 iterations 8
Cbc0038I Pass   8: suminf.    0.10017 (1) obj. 3.47989e+06 iterations 3
Cbc0038I Pass   9: suminf.    0.46659 (1) obj. 3.47989e+06 iterations 8
Cbc0038I Pass  10: suminf.    0.46659 (1) obj. 3.47989e+06 iterations 14
Cbc0038I Pass  11: suminf.    0.10017 (1) obj. 3.47989e+06 iterations 3
Cbc0038I Pass  12: suminf.    0.46659 (1) obj. 3.47989e+06 iterations 7
Cbc0038I Pass  13: suminf.    0.59843 (3) obj. 3.47989e+06 iterations 5
Cbc0038I Pass  14: suminf.    0.10017 (1) obj. 3.47989e+06 iterations 3
Cbc0038I Pass  15: suminf.    0.46659 (1) obj. 3.47989e+06 iterations 7
Cbc0038I Pass  16: suminf.    1.50514 (6) obj. 3.47989e+06 iterations 15
Cbc0038I Pass  17: suminf.    1.30438 (4) obj. 3.47989e+06 iterations 4
Cbc0038I Pass  18: suminf.    0.46659 (1) obj. 3.47989e+06 iterations 4
Cbc0038I Pass  19: suminf.    0.10017 (1) obj. 3.47989e+06 iterations 2
Cbc0038I Pass  20: suminf.    0.76743 (4) obj. 3.47989e+06 iterations 20
Cbc0038I Pass  21: suminf.    0.36591 (3) obj. 3.47989e+06 iterations 5
Cbc0038I Pass  22: suminf.    0.68959 (2) obj. 3.47989e+06 iterations 8
Cbc0038I Pass  23: suminf.    0.10017 (1) obj. 3.47989e+06 iterations 3
Cbc0038I Pass  24: suminf.    0.46659 (1) obj. 3.47989e+06 iterations 7
Cbc0038I Pass  25: suminf.    0.86693 (4) obj. 3.47989e+06 iterations 9
Cbc0038I Pass  26: suminf.    0.36591 (3) obj. 3.47989e+06 iterations 6
Cbc0038I Pass  27: suminf.    0.68959 (2) obj. 3.47989e+06 iterations 8
Cbc0038I Pass  28: suminf.    0.10017 (1) obj. 3.47989e+06 iterations 3
Cbc0038I Pass  29: suminf.    0.46659 (1) obj. 3.47989e+06 iterations 4
Cbc0038I Pass  30: suminf.    0.89407 (4) obj. 3.47989e+06 iterations 10
Cbc0038I Pass  31: suminf.    0.10017 (1) obj. 3.47989e+06 iterations 4
Cbc0038I No solution found this major pass
Cbc0038I Before mini branch and bound, 1 integers at bound fixed and 68 continuous
Cbc0038I Full problem 109 rows 146 columns, reduced to 19 rows 26 columns
Cbc0038I Mini branch and bound did not improve solution (0.02 seconds)
Cbc0038I After 0.02 seconds - Feasibility pump exiting with objective of 3.47991e+06 - took 0.02 seconds
Cbc0012I Integer solution of 3479914.8 found by feasibility pump after 0 iterations and 0 nodes (0.02 seconds)
Cbc0038I Full problem 109 rows 146 columns, reduced to 63 rows 93 columns
Cbc0031I 11 added rows had average density of 7.7272727
Cbc0013I At root node, 11 cuts changed objective from 3479682.3 to 3479913.3 in 4 passes
Cbc0014I Cut generator 0 (Probing) - 6 row cuts average 2.0 elements, 4 column cuts (4 active)  in 0.000 seconds - new frequency is 1
Cbc0014I Cut generator 1 (Gomory) - 10 row cuts average 16.2 elements, 0 column cuts (0 active)  in 0.001 seconds - new frequency is 1
Cbc0014I Cut generator 2 (Knapsack) - 0 row cuts average 0.0 elements, 0 column cuts (0 active)  in 0.001 seconds - new frequency is -100
Cbc0014I Cut generator 3 (Clique) - 0 row cuts average 0.0 elements, 0 column cuts (0 active)  in 0.000 seconds - new frequency is -100
Cbc0014I Cut generator 4 (MixedIntegerRounding2) - 5 row cuts average 5.0 elements, 0 column cuts (0 active)  in 0.000 seconds - new frequency is 1
Cbc0014I Cut generator 5 (FlowCover) - 0 row cuts average 0.0 elements, 0 column cuts (0 active)  in 0.001 seconds - new frequency is -100
Cbc0014I Cut generator 6 (TwoMirCuts) - 10 row cuts average 11.1 elements, 0 column cuts (0 active)  in 0.001 seconds - new frequency is -100
Cbc0001I Search completed - best objective 3479914.789473474, took 29 iterations and 0 nodes (0.03 seconds)
Cbc0032I Strong branching done 4 times (18 iterations), fathomed 1 nodes and fixed 0 variables
Cbc0035I Maximum depth 0, 0 variables fixed on reduced cost
Cuts at root node changed objective from 3.47968e+06 to 3.47991e+06
Probing was tried 4 times and created 10 cuts of which 0 were active after adding rounds of cuts (0.000 seconds)
Gomory was tried 4 times and created 10 cuts of which 0 were active after adding rounds of cuts (0.001 seconds)
Knapsack was tried 4 times and created 0 cuts of which 0 were active after adding rounds of cuts (0.001 seconds)
Clique was tried 4 times and created 0 cuts of which 0 were active after adding rounds of cuts (0.000 seconds)
MixedIntegerRounding2 was tried 4 times and created 5 cuts of which 0 were active after adding rounds of cuts (0.000 seconds)
FlowCover was tried 4 times and created 0 cuts of which 0 were active after adding rounds of cuts (0.001 seconds)
TwoMirCuts was tried 4 times and created 10 cuts of which 0 were active after adding rounds of cuts (0.001 seconds)
ZeroHalf was tried 1 times and created 0 cuts of which 0 were active after adding rounds of cuts (0.000 seconds)

Result - Optimal solution found

Objective value:                3479914.78947347
Enumerated nodes:               0
Total iterations:               29
Time (CPU seconds):             0.04
Time (Wallclock seconds):       0.04

Option for printingOptions changed from normal to all
Total time (CPU seconds):       0.06   (Wallclock seconds):       0.06

