Welcome to the CBC MILP Solver 
Version: 2.10.3 
Build Date: Dec 15 2019 

command line - E:\dachuang\.venv\Lib\site-packages\pulp\apis\../solverdir/cbc/win/i64/cbc.exe model.mps -primalTolerance 1e-9 -integerTolerance 1e-9 -ratioGap 0 -allowableGap 0 -threads 0 -branch -printingOptions all -solution solution.txt -saveSolution solution.bin -quit (default strategy 1)
At line 2 NAME          MODEL
At line 3 ROWS
At line 317 COLUMNS
At line 1133 RHS
At line 1446 BOUNDS
At line 1521 ENDATA
Problem MODEL has 312 rows, 241 columns and 647 elements
Coin0008I MODEL read with 0 errors
primalTolerance was changed from 1e-07 to 1e-09
integerTolerance was changed from 1e-07 to 1e-09
ratioGap was changed from 0 to 0
allowableGap was changed from 1e-10 to 0
Continuous objective value is 1.34181e+06 - 0.00 seconds
Cgl0004I processed model has 113 rows, 157 columns (24 integer (24 of which binary)) and 332 elements
Cbc0038I Initial state - 8 integers unsatisfied sum - 2.38727
Cbc0038I Pass   1: suminf.    0.00000 (0) obj. 1.38337e+06 iterations 18
Cbc0038I Solution found of 1.38337e+06
Cbc0038I Relaxing continuous gives 1.37545e+06
Cbc0038I Before mini branch and bound, 16 integers at bound fixed and 83 continuous
Cbc0038I Full problem 113 rows 157 columns, reduced to 7 rows 11 columns
Cbc0038I Mini branch and bound improved solution from 1.37545e+06 to 1.34199e+06 (0.01 seconds)
Cbc0038I Round again with cutoff of 1.34197e+06
Cbc0038I Pass   2: suminf.    0.49140 (3) obj. 1.34197e+06 iterations 9
Cbc0038I Pass   3: suminf.    0.34418 (1) obj. 1.34197e+06 iterations 11
Cbc0038I Pass   4: suminf.    0.07740 (1) obj. 1.34197e+06 iterations 1
Cbc0038I Pass   5: suminf.    0.18904 (2) obj. 1.34197e+06 iterations 5
Cbc0038I Pass   6: suminf.    0.34418 (1) obj. 1.34197e+06 iterations 3
Cbc0038I Pass   7: suminf.    0.07740 (1) obj. 1.34197e+06 iterations 1
Cbc0038I Pass   8: suminf.    0.29819 (2) obj. 1.34197e+06 iterations 3
Cbc0038I Pass   9: suminf.    0.07740 (1) obj. 1.34197e+06 iterations 1
Cbc0038I Pass  10: suminf.    0.34418 (1) obj. 1.34197e+06 iterations 2
Cbc0038I Pass  11: suminf.    1.91548 (7) obj. 1.34197e+06 iterations 10
Cbc0038I Pass  12: suminf.    0.76132 (4) obj. 1.34197e+06 iterations 4
Cbc0038I Pass  13: suminf.    0.07740 (1) obj. 1.34197e+06 iterations 5
Cbc0038I Pass  14: suminf.    0.34418 (1) obj. 1.34197e+06 iterations 2
Cbc0038I Pass  15: suminf.    1.38297 (5) obj. 1.34197e+06 iterations 12
Cbc0038I Pass  16: suminf.    0.75818 (3) obj. 1.34197e+06 iterations 2
Cbc0038I Pass  17: suminf.    0.07740 (1) obj. 1.34197e+06 iterations 3
Cbc0038I Pass  18: suminf.    0.34418 (1) obj. 1.34197e+06 iterations 2
Cbc0038I Pass  19: suminf.    2.43962 (9) obj. 1.34197e+06 iterations 13
Cbc0038I Pass  20: suminf.    0.87296 (5) obj. 1.34197e+06 iterations 5
Cbc0038I Pass  21: suminf.    0.07740 (1) obj. 1.34197e+06 iterations 5
Cbc0038I Pass  22: suminf.    0.34418 (1) obj. 1.34197e+06 iterations 2
Cbc0038I Pass  23: suminf.    2.02877 (7) obj. 1.34197e+06 iterations 13
Cbc0038I Pass  24: suminf.    0.48982 (3) obj. 1.34197e+06 iterations 4
Cbc0038I Pass  25: suminf.    0.07740 (1) obj. 1.34197e+06 iterations 3
Cbc0038I Pass  26: suminf.    0.34418 (1) obj. 1.34197e+06 iterations 2
Cbc0038I Pass  27: suminf.    2.10613 (7) obj. 1.34197e+06 iterations 8
Cbc0038I Pass  28: suminf.    1.05918 (4) obj. 1.34197e+06 iterations 3
Cbc0038I Pass  29: suminf.    2.18618 (6) obj. 1.34197e+06 iterations 6
Cbc0038I Pass  30: suminf.    1.31468 (4) obj. 1.34197e+06 iterations 2
Cbc0038I Pass  31: suminf.    0.07740 (1) obj. 1.34197e+06 iterations 5
Cbc0038I No solution found this major pass
Cbc0038I Before mini branch and bound, 1 integers at bound fixed and 76 continuous
Cbc0038I Full problem 113 rows 157 columns, reduced to 4 rows 7 columns
Cbc0038I Mini branch and bound did not improve solution (0.02 seconds)
Cbc0038I After 0.02 seconds - Feasibility pump exiting with objective of 1.34199e+06 - took 0.02 seconds
Cbc0012I Integer solution of 1341987.6 found by feasibility pump after 0 iterations and 0 nodes (0.02 seconds)
Cbc0038I Full problem 113 rows 157 columns, reduced to 70 rows 111 columns
Cbc0031I 6 added rows had average density of 17.666667
Cbc0013I At root node, 6 cuts changed objective from 1341807.9 to 1341987.1 in 11 passes
Cbc0014I Cut generator 0 (Probing) - 2 row cuts average 2.0 elements, 9 column cuts (9 active)  in 0.000 seconds - new frequency is 1
Cbc0014I Cut generator 1 (Gomory) - 14 row cuts average 36.9 elements, 0 column cuts (0 active)  in 0.000 seconds - new frequency is 1
Cbc0014I Cut generator 2 (Knapsack) - 0 row cuts average 0.0 elements, 0 column cuts (0 active)  in 0.000 seconds - new frequency is -100
Cbc0014I Cut generator 3 (Clique) - 0 row cuts average 0.0 elements, 0 column cuts (0 active)  in 0.000 seconds - new frequency is -100
Cbc0014I Cut generator 4 (MixedIntegerRounding2) - 5 row cuts average 4.4 elements, 0 column cuts (0 active)  in 0.000 seconds - new frequency is 1
Cbc0014I Cut generator 5 (FlowCover) - 0 row cuts average 0.0 elements, 0 column cuts (0 active)  in 0.003 seconds - new frequency is -100
Cbc0014I Cut generator 6 (TwoMirCuts) - 13 row cuts average 31.1 elements, 0 column cuts (0 active)  in 0.003 seconds - new frequency is -100
Cbc0010I After 0 nodes, 1 on tree, 1341987.6 best solution, best possible 1341987.1 (0.04 seconds)
Cbc0001I Search completed - best objective 1341987.591598461, took 54 iterations and 2 nodes (0.04 seconds)
Cbc0032I Strong branching done 4 times (10 iterations), fathomed 0 nodes and fixed 1 variables
Cbc0035I Maximum depth 0, 1 variables fixed on reduced cost
Cuts at root node changed objective from 1.34181e+06 to 1.34199e+06
Probing was tried 11 times and created 11 cuts of which 0 were active after adding rounds of cuts (0.000 seconds)
Gomory was tried 11 times and created 14 cuts of which 0 were active after adding rounds of cuts (0.000 seconds)
Knapsack was tried 11 times and created 0 cuts of which 0 were active after adding rounds of cuts (0.000 seconds)
Clique was tried 11 times and created 0 cuts of which 0 were active after adding rounds of cuts (0.000 seconds)
MixedIntegerRounding2 was tried 11 times and created 5 cuts of which 0 were active after adding rounds of cuts (0.000 seconds)
FlowCover was tried 11 times and created 0 cuts of which 0 were active after adding rounds of cuts (0.003 seconds)
TwoMirCuts was tried 11 times and created 13 cuts of which 0 were active after adding rounds of cuts (0.003 seconds)
ZeroHalf was tried 1 times and created 0 cuts of which 0 were active after adding rounds of cuts (0.000 seconds)

Result - Optimal solution found

Objective value:                1341987.59159846
Enumerated nodes:               2
Total iterations:               54
Time (CPU seconds):             0.04
Time (Wallclock seconds):       0.04

Option for printingOptions changed from normal to all
Total time (CPU seconds):       0.07   (Wallclock seconds):       0.07

