Welcome to the CBC MILP Solver 
Version: 2.10.3 
Build Date: Dec 15 2019 

command line - E:\dachuang\.venv\Lib\site-packages\pulp\apis\../solverdir/cbc/win/i64/cbc.exe model.mps -primalTolerance 1e-9 -integerTolerance 1e-9 -ratioGap 0 -allowableGap 0 -threads 0 -branch -printingOptions all -solution solution.txt -saveSolution solution.bin -quit (default strategy 1)
At line 2 NAME          MODEL
At line 3 ROWS
At line 317 COLUMNS
At line 1133 RHS
At line 1446 BOUNDS
At line 1521 ENDATA
Problem MODEL has 312 rows, 241 columns and 647 elements
Coin0008I MODEL read with 0 errors
primalTolerance was changed from 1e-07 to 1e-09
integerTolerance was changed from 1e-07 to 1e-09
ratioGap was changed from 0 to 0
allowableGap was changed from 1e-10 to 0
Continuous objective value is 1.38063e+06 - 0.00 seconds
Cgl0004I processed model has 114 rows, 157 columns (24 integer (24 of which binary)) and 335 elements
Cbc0038I Initial state - 6 integers unsatisfied sum - 1.66442
Cbc0038I Pass   1: suminf.    0.00000 (0) obj. 1.3943e+06 iterations 15
Cbc0038I Solution found of 1.3943e+06
Cbc0038I Relaxing continuous gives 1.39171e+06
Cbc0038I Before mini branch and bound, 18 integers at bound fixed and 84 continuous
Cbc0038I Full problem 114 rows 157 columns, reduced to 3 rows 4 columns
Cbc0038I Mini branch and bound improved solution from 1.39171e+06 to 1.38087e+06 (0.01 seconds)
Cbc0038I Round again with cutoff of 1.38085e+06
Cbc0038I Pass   2: suminf.    0.16729 (2) obj. 1.38085e+06 iterations 4
Cbc0038I Pass   3: suminf.    0.28604 (1) obj. 1.38085e+06 iterations 13
Cbc0038I Pass   4: suminf.    0.00000 (0) obj. 1.38085e+06 iterations 3
Cbc0038I Solution found of 1.38085e+06
Cbc0038I Relaxing continuous gives 1.38082e+06
Cbc0038I Before mini branch and bound, 16 integers at bound fixed and 79 continuous
Cbc0038I Full problem 114 rows 157 columns, reduced to 14 rows 19 columns
Cbc0038I Mini branch and bound improved solution from 1.38082e+06 to 1.38074e+06 (0.02 seconds)
Cbc0038I Freeing continuous variables gives a solution of 1.38074e+06
Cbc0038I Round again with cutoff of 1.38072e+06
Cbc0038I Pass   5: suminf.    0.73409 (3) obj. 1.38072e+06 iterations 2
Cbc0038I Pass   6: suminf.    0.67906 (3) obj. 1.38072e+06 iterations 13
Cbc0038I Pass   7: suminf.    0.67906 (3) obj. 1.38072e+06 iterations 0
Cbc0038I Pass   8: suminf.    0.67159 (2) obj. 1.38072e+06 iterations 5
Cbc0038I Pass   9: suminf.    0.15659 (3) obj. 1.38072e+06 iterations 9
Cbc0038I Pass  10: suminf.    0.15659 (3) obj. 1.38072e+06 iterations 1
Cbc0038I Pass  11: suminf.    0.85632 (3) obj. 1.38072e+06 iterations 16
Cbc0038I Pass  12: suminf.    0.11256 (2) obj. 1.38072e+06 iterations 1
Cbc0038I Pass  13: suminf.    0.09409 (2) obj. 1.38072e+06 iterations 4
Cbc0038I Pass  14: suminf.    0.09409 (2) obj. 1.38072e+06 iterations 1
Cbc0038I Pass  15: suminf.    1.40068 (6) obj. 1.38072e+06 iterations 18
Cbc0038I Pass  16: suminf.    0.20717 (3) obj. 1.38072e+06 iterations 16
Cbc0038I Pass  17: suminf.    0.20717 (3) obj. 1.38072e+06 iterations 1
Cbc0038I Pass  18: suminf.    0.09409 (2) obj. 1.38072e+06 iterations 8
Cbc0038I Pass  19: suminf.    0.85632 (3) obj. 1.38072e+06 iterations 10
Cbc0038I Pass  20: suminf.    0.11256 (2) obj. 1.38072e+06 iterations 1
Cbc0038I Pass  21: suminf.    0.09409 (2) obj. 1.38072e+06 iterations 5
Cbc0038I Pass  22: suminf.    0.84573 (3) obj. 1.38072e+06 iterations 7
Cbc0038I Pass  23: suminf.    0.09409 (2) obj. 1.38072e+06 iterations 6
Cbc0038I Pass  24: suminf.    0.85632 (3) obj. 1.38072e+06 iterations 9
Cbc0038I Pass  25: suminf.    0.11256 (2) obj. 1.38072e+06 iterations 1
Cbc0038I Pass  26: suminf.    0.09409 (2) obj. 1.38072e+06 iterations 4
Cbc0038I Pass  27: suminf.    1.40564 (5) obj. 1.38072e+06 iterations 15
Cbc0038I Pass  28: suminf.    1.36227 (4) obj. 1.38072e+06 iterations 3
Cbc0038I Pass  29: suminf.    1.36227 (4) obj. 1.38072e+06 iterations 7
Cbc0038I Pass  30: suminf.    0.71177 (3) obj. 1.38072e+06 iterations 14
Cbc0038I Pass  31: suminf.    0.71177 (3) obj. 1.38072e+06 iterations 0
Cbc0038I Pass  32: suminf.    0.48056 (3) obj. 1.38072e+06 iterations 10
Cbc0038I Pass  33: suminf.    1.55514 (8) obj. 1.38072e+06 iterations 20
Cbc0038I Pass  34: suminf.    0.80349 (7) obj. 1.38072e+06 iterations 7
Cbc0038I No solution found this major pass
Cbc0038I Before mini branch and bound, 3 integers at bound fixed and 67 continuous
Cbc0038I Full problem 114 rows 157 columns, reduced to 26 rows 34 columns
Cbc0038I Mini branch and bound did not improve solution (0.03 seconds)
Cbc0038I After 0.03 seconds - Feasibility pump exiting with objective of 1.38074e+06 - took 0.03 seconds
Cbc0012I Integer solution of 1380740.3 found by feasibility pump after 0 iterations and 0 nodes (0.03 seconds)
Cbc0038I Full problem 114 rows 157 columns, reduced to 70 rows 109 columns
Cbc0031I 6 added rows had average density of 10
Cbc0013I At root node, 6 cuts changed objective from 1380631.1 to 1380719.3 in 16 passes
Cbc0014I Cut generator 0 (Probing) - 4 row cuts average 11.0 elements, 1 column cuts (1 active)  in 0.002 seconds - new frequency is 1
Cbc0014I Cut generator 1 (Gomory) - 31 row cuts average 23.5 elements, 0 column cuts (0 active)  in 0.001 seconds - new frequency is 1
Cbc0014I Cut generator 2 (Knapsack) - 0 row cuts average 0.0 elements, 0 column cuts (0 active)  in 0.005 seconds - new frequency is -100
Cbc0014I Cut generator 3 (Clique) - 0 row cuts average 0.0 elements, 0 column cuts (0 active)  in 0.000 seconds - new frequency is -100
Cbc0014I Cut generator 4 (MixedIntegerRounding2) - 4 row cuts average 6.5 elements, 0 column cuts (0 active)  in 0.000 seconds - new frequency is 1
Cbc0014I Cut generator 5 (FlowCover) - 0 row cuts average 0.0 elements, 0 column cuts (0 active)  in 0.003 seconds - new frequency is -100
Cbc0014I Cut generator 6 (TwoMirCuts) - 17 row cuts average 16.8 elements, 0 column cuts (0 active)  in 0.001 seconds - new frequency is -100
Cbc0010I After 0 nodes, 1 on tree, 1380740.3 best solution, best possible 1380719.3 (0.06 seconds)
Cbc0001I Search completed - best objective 1380740.263936769, took 165 iterations and 10 nodes (0.08 seconds)
Cbc0032I Strong branching done 32 times (86 iterations), fathomed 4 nodes and fixed 2 variables
Cbc0035I Maximum depth 2, 0 variables fixed on reduced cost
Cuts at root node changed objective from 1.38063e+06 to 1.38072e+06
Probing was tried 39 times and created 10 cuts of which 0 were active after adding rounds of cuts (0.005 seconds)
Gomory was tried 38 times and created 62 cuts of which 0 were active after adding rounds of cuts (0.002 seconds)
Knapsack was tried 16 times and created 0 cuts of which 0 were active after adding rounds of cuts (0.005 seconds)
Clique was tried 16 times and created 0 cuts of which 0 were active after adding rounds of cuts (0.000 seconds)
MixedIntegerRounding2 was tried 38 times and created 8 cuts of which 0 were active after adding rounds of cuts (0.000 seconds)
FlowCover was tried 16 times and created 0 cuts of which 0 were active after adding rounds of cuts (0.003 seconds)
TwoMirCuts was tried 16 times and created 17 cuts of which 0 were active after adding rounds of cuts (0.001 seconds)
ZeroHalf was tried 1 times and created 0 cuts of which 0 were active after adding rounds of cuts (0.000 seconds)

Result - Optimal solution found

Objective value:                1380740.26393677
Enumerated nodes:               10
Total iterations:               165
Time (CPU seconds):             0.09
Time (Wallclock seconds):       0.09

Option for printingOptions changed from normal to all
Total time (CPU seconds):       0.11   (Wallclock seconds):       0.12

