Welcome to the CBC MILP Solver 
Version: 2.10.3 
Build Date: Dec 15 2019 

command line - E:\dachuang\.venv\Lib\site-packages\pulp\apis\../solverdir/cbc/win/i64/cbc.exe model.mps -primalTolerance 1e-9 -integerTolerance 1e-9 -ratioGap 0 -allowableGap 0 -threads 0 -branch -printingOptions all -solution solution.txt -saveSolution solution.bin -quit (default strategy 1)
At line 2 NAME          MODEL
At line 3 ROWS
At line 317 COLUMNS
At line 1133 RHS
At line 1446 BOUNDS
At line 1521 ENDATA
Problem MODEL has 312 rows, 241 columns and 647 elements
Coin0008I MODEL read with 0 errors
primalTolerance was changed from 1e-07 to 1e-09
integerTolerance was changed from 1e-07 to 1e-09
ratioGap was changed from 0 to 0
allowableGap was changed from 1e-10 to 0
Continuous objective value is 1.87175e+06 - 0.00 seconds
Cgl0004I processed model has 112 rows, 155 columns (24 integer (24 of which binary)) and 327 elements
Cbc0038I Initial state - 9 integers unsatisfied sum - 2.31082
Cbc0038I Pass   1: suminf.    0.00000 (0) obj. 1.87535e+06 iterations 18
Cbc0038I Solution found of 1.87535e+06
Cbc0038I Relaxing continuous gives 1.87513e+06
Cbc0038I Before mini branch and bound, 15 integers at bound fixed and 84 continuous
Cbc0038I Full problem 112 rows 155 columns, reduced to 8 rows 9 columns
Cbc0038I Mini branch and bound improved solution from 1.87513e+06 to 1.8722e+06 (0.01 seconds)
Cbc0038I Round again with cutoff of 1.87216e+06
Cbc0038I Pass   2: suminf.    0.21504 (3) obj. 1.87216e+06 iterations 6
Cbc0038I Pass   3: suminf.    0.00000 (0) obj. 1.87216e+06 iterations 10
Cbc0038I Solution found of 1.87216e+06
Cbc0038I Relaxing continuous gives 1.87197e+06
Cbc0038I Before mini branch and bound, 14 integers at bound fixed and 80 continuous
Cbc0038I Full problem 112 rows 155 columns, reduced to 16 rows 22 columns
Cbc0038I Mini branch and bound improved solution from 1.87197e+06 to 1.87186e+06 (0.01 seconds)
Cbc0038I Round again with cutoff of 1.87184e+06
Cbc0038I Pass   4: suminf.    0.59409 (4) obj. 1.87184e+06 iterations 3
Cbc0038I Pass   5: suminf.    0.59409 (4) obj. 1.87184e+06 iterations 0
Cbc0038I Pass   6: suminf.    0.30967 (3) obj. 1.87184e+06 iterations 14
Cbc0038I Pass   7: suminf.    0.30967 (3) obj. 1.87184e+06 iterations 3
Cbc0038I Pass   8: suminf.    0.57409 (2) obj. 1.87184e+06 iterations 9
Cbc0038I Pass   9: suminf.    0.88988 (3) obj. 1.87184e+06 iterations 6
Cbc0038I Pass  10: suminf.    0.57409 (2) obj. 1.87184e+06 iterations 2
Cbc0038I Pass  11: suminf.    0.30967 (3) obj. 1.87184e+06 iterations 12
Cbc0038I Pass  12: suminf.    0.30967 (3) obj. 1.87184e+06 iterations 2
Cbc0038I Pass  13: suminf.    0.57409 (2) obj. 1.87184e+06 iterations 8
Cbc0038I Pass  14: suminf.    0.57759 (3) obj. 1.87184e+06 iterations 5
Cbc0038I Pass  15: suminf.    0.30967 (3) obj. 1.87184e+06 iterations 12
Cbc0038I Pass  16: suminf.    0.30967 (3) obj. 1.87184e+06 iterations 2
Cbc0038I Pass  17: suminf.    0.57409 (2) obj. 1.87184e+06 iterations 6
Cbc0038I Pass  18: suminf.    1.01389 (3) obj. 1.87184e+06 iterations 16
Cbc0038I Pass  19: suminf.    0.67159 (2) obj. 1.87184e+06 iterations 4
Cbc0038I Pass  20: suminf.    0.71177 (3) obj. 1.87184e+06 iterations 4
Cbc0038I Pass  21: suminf.    0.71177 (3) obj. 1.87184e+06 iterations 0
Cbc0038I Pass  22: suminf.    0.14576 (1) obj. 1.87184e+06 iterations 7
Cbc0038I Pass  23: suminf.    0.15428 (1) obj. 1.87184e+06 iterations 1
Cbc0038I Pass  24: suminf.    0.94713 (5) obj. 1.87184e+06 iterations 16
Cbc0038I Pass  25: suminf.    0.94713 (5) obj. 1.87184e+06 iterations 0
Cbc0038I Pass  26: suminf.    0.15428 (1) obj. 1.87184e+06 iterations 9
Cbc0038I Pass  27: suminf.    0.14576 (1) obj. 1.87184e+06 iterations 2
Cbc0038I Pass  28: suminf.    0.61674 (4) obj. 1.87184e+06 iterations 20
Cbc0038I Pass  29: suminf.    0.59214 (4) obj. 1.87184e+06 iterations 2
Cbc0038I Pass  30: suminf.    0.30967 (3) obj. 1.87184e+06 iterations 10
Cbc0038I Pass  31: suminf.    0.30967 (3) obj. 1.87184e+06 iterations 1
Cbc0038I Pass  32: suminf.    0.57409 (2) obj. 1.87184e+06 iterations 7
Cbc0038I Pass  33: suminf.    1.04528 (5) obj. 1.87184e+06 iterations 15
Cbc0038I No solution found this major pass
Cbc0038I Before mini branch and bound, 3 integers at bound fixed and 65 continuous
Cbc0038I Full problem 112 rows 155 columns, reduced to 24 rows 31 columns
Cbc0038I Mini branch and bound did not improve solution (0.03 seconds)
Cbc0038I After 0.03 seconds - Feasibility pump exiting with objective of 1.87186e+06 - took 0.03 seconds
Cbc0012I Integer solution of 1871858.5 found by feasibility pump after 0 iterations and 0 nodes (0.03 seconds)
Cbc0038I Full problem 112 rows 155 columns, reduced to 76 rows 114 columns
Cbc0031I 5 added rows had average density of 11.8
Cbc0013I At root node, 5 cuts changed objective from 1871749.3 to 1871830 in 14 passes
Cbc0014I Cut generator 0 (Probing) - 4 row cuts average 2.5 elements, 2 column cuts (2 active)  in 0.001 seconds - new frequency is 1
Cbc0014I Cut generator 1 (Gomory) - 34 row cuts average 24.4 elements, 0 column cuts (0 active)  in 0.003 seconds - new frequency is 1
Cbc0014I Cut generator 2 (Knapsack) - 0 row cuts average 0.0 elements, 0 column cuts (0 active)  in 0.000 seconds - new frequency is -100
Cbc0014I Cut generator 3 (Clique) - 0 row cuts average 0.0 elements, 0 column cuts (0 active)  in 0.000 seconds - new frequency is -100
Cbc0014I Cut generator 4 (MixedIntegerRounding2) - 4 row cuts average 4.8 elements, 0 column cuts (0 active)  in 0.001 seconds - new frequency is 1
Cbc0014I Cut generator 5 (FlowCover) - 1 row cuts average 2.0 elements, 0 column cuts (0 active)  in 0.005 seconds - new frequency is -100
Cbc0014I Cut generator 6 (TwoMirCuts) - 21 row cuts average 16.0 elements, 0 column cuts (0 active)  in 0.001 seconds - new frequency is -100
Cbc0010I After 0 nodes, 1 on tree, 1871858.5 best solution, best possible 1871830 (0.06 seconds)
Cbc0001I Search completed - best objective 1871858.488936771, took 331 iterations and 34 nodes (0.13 seconds)
Cbc0032I Strong branching done 114 times (268 iterations), fathomed 15 nodes and fixed 8 variables
Cbc0035I Maximum depth 4, 4 variables fixed on reduced cost
Cuts at root node changed objective from 1.87175e+06 to 1.87183e+06
Probing was tried 81 times and created 15 cuts of which 0 were active after adding rounds of cuts (0.007 seconds)
Gomory was tried 80 times and created 108 cuts of which 0 were active after adding rounds of cuts (0.004 seconds)
Knapsack was tried 14 times and created 0 cuts of which 0 were active after adding rounds of cuts (0.000 seconds)
Clique was tried 14 times and created 0 cuts of which 0 were active after adding rounds of cuts (0.000 seconds)
MixedIntegerRounding2 was tried 80 times and created 11 cuts of which 0 were active after adding rounds of cuts (0.005 seconds)
FlowCover was tried 14 times and created 1 cuts of which 0 were active after adding rounds of cuts (0.005 seconds)
TwoMirCuts was tried 14 times and created 21 cuts of which 0 were active after adding rounds of cuts (0.001 seconds)
ZeroHalf was tried 1 times and created 0 cuts of which 0 were active after adding rounds of cuts (0.000 seconds)

Result - Optimal solution found

Objective value:                1871858.48893677
Enumerated nodes:               34
Total iterations:               331
Time (CPU seconds):             0.13
Time (Wallclock seconds):       0.13

Option for printingOptions changed from normal to all
Total time (CPU seconds):       0.15   (Wallclock seconds):       0.15

