Welcome to the CBC MILP Solver 
Version: 2.10.3 
Build Date: Dec 15 2019 

command line - E:\dachuang\.venv\Lib\site-packages\pulp\apis\../solverdir/cbc/win/i64/cbc.exe model.mps -primalTolerance 1e-9 -integerTolerance 1e-9 -ratioGap 0 -allowableGap 0 -threads 0 -branch -printingOptions all -solution solution.txt -saveSolution solution.bin -quit (default strategy 1)
At line 2 NAME          MODEL
At line 3 ROWS
At line 317 COLUMNS
At line 1133 RHS
At line 1446 BOUNDS
At line 1521 ENDATA
Problem MODEL has 312 rows, 241 columns and 647 elements
Coin0008I MODEL read with 0 errors
primalTolerance was changed from 1e-07 to 1e-09
integerTolerance was changed from 1e-07 to 1e-09
ratioGap was changed from 0 to 0
allowableGap was changed from 1e-10 to 0
Continuous objective value is 1.53574e+06 - 0.00 seconds
Cgl0004I processed model has 114 rows, 159 columns (24 integer (24 of which binary)) and 337 elements
Cbc0038I Initial state - 9 integers unsatisfied sum - 2.40282
Cbc0038I Pass   1: suminf.    0.00000 (0) obj. 1.55683e+06 iterations 19
Cbc0038I Solution found of 1.55683e+06
Cbc0038I Relaxing continuous gives 1.5556e+06
Cbc0038I Before mini branch and bound, 15 integers at bound fixed and 85 continuous
Cbc0038I Full problem 114 rows 159 columns, reduced to 8 rows 8 columns
Cbc0038I Mini branch and bound improved solution from 1.5556e+06 to 1.53619e+06 (0.01 seconds)
Cbc0038I Freeing continuous variables gives a solution of 1.53619e+06
Cbc0038I Round again with cutoff of 1.53614e+06
Cbc0038I Pass   2: suminf.    0.30704 (3) obj. 1.53614e+06 iterations 6
Cbc0038I Pass   3: suminf.    0.00000 (0) obj. 1.53614e+06 iterations 13
Cbc0038I Solution found of 1.53614e+06
Cbc0038I Relaxing continuous gives 1.53596e+06
Cbc0038I Before mini branch and bound, 14 integers at bound fixed and 82 continuous
Cbc0038I Full problem 114 rows 159 columns, reduced to 17 rows 23 columns
Cbc0038I Mini branch and bound improved solution from 1.53596e+06 to 1.53585e+06 (0.02 seconds)
Cbc0038I Freeing continuous variables gives a solution of 1.53585e+06
Cbc0038I Round again with cutoff of 1.53582e+06
Cbc0038I Pass   4: suminf.    0.68927 (6) obj. 1.53582e+06 iterations 5
Cbc0038I Pass   5: suminf.    0.68927 (6) obj. 1.53582e+06 iterations 3
Cbc0038I Pass   6: suminf.    1.10468 (4) obj. 1.53582e+06 iterations 29
Cbc0038I Pass   7: suminf.    0.60928 (4) obj. 1.53582e+06 iterations 7
Cbc0038I Pass   8: suminf.    0.60928 (4) obj. 1.53582e+06 iterations 1
Cbc0038I Pass   9: suminf.    0.88943 (3) obj. 1.53582e+06 iterations 17
Cbc0038I Pass  10: suminf.    0.84606 (2) obj. 1.53582e+06 iterations 3
Cbc0038I Pass  11: suminf.    0.84606 (2) obj. 1.53582e+06 iterations 4
Cbc0038I Pass  12: suminf.    0.59869 (3) obj. 1.53582e+06 iterations 5
Cbc0038I Pass  13: suminf.    0.57409 (3) obj. 1.53582e+06 iterations 3
Cbc0038I Pass  14: suminf.    1.10468 (4) obj. 1.53582e+06 iterations 16
Cbc0038I Pass  15: suminf.    0.60928 (4) obj. 1.53582e+06 iterations 5
Cbc0038I Pass  16: suminf.    0.60928 (4) obj. 1.53582e+06 iterations 1
Cbc0038I Pass  17: suminf.    0.88943 (3) obj. 1.53582e+06 iterations 11
Cbc0038I Pass  18: suminf.    0.84606 (2) obj. 1.53582e+06 iterations 3
Cbc0038I Pass  19: suminf.    0.84606 (2) obj. 1.53582e+06 iterations 4
Cbc0038I Pass  20: suminf.    0.59869 (3) obj. 1.53582e+06 iterations 5
Cbc0038I Pass  21: suminf.    0.57409 (3) obj. 1.53582e+06 iterations 3
Cbc0038I Pass  22: suminf.    1.10468 (4) obj. 1.53582e+06 iterations 16
Cbc0038I Pass  23: suminf.    0.60928 (4) obj. 1.53582e+06 iterations 5
Cbc0038I Pass  24: suminf.    0.60928 (4) obj. 1.53582e+06 iterations 1
Cbc0038I Pass  25: suminf.    0.88943 (3) obj. 1.53582e+06 iterations 9
Cbc0038I Pass  26: suminf.    0.84606 (2) obj. 1.53582e+06 iterations 3
Cbc0038I Pass  27: suminf.    0.84606 (2) obj. 1.53582e+06 iterations 4
Cbc0038I Pass  28: suminf.    0.59869 (3) obj. 1.53582e+06 iterations 5
Cbc0038I Pass  29: suminf.    0.57409 (3) obj. 1.53582e+06 iterations 3
Cbc0038I Pass  30: suminf.    1.10468 (4) obj. 1.53582e+06 iterations 16
Cbc0038I Pass  31: suminf.    0.60928 (4) obj. 1.53582e+06 iterations 5
Cbc0038I Pass  32: suminf.    0.60928 (4) obj. 1.53582e+06 iterations 1
Cbc0038I Pass  33: suminf.    0.88943 (3) obj. 1.53582e+06 iterations 9
Cbc0038I No solution found this major pass
Cbc0038I Before mini branch and bound, 13 integers at bound fixed and 79 continuous
Cbc0038I Full problem 114 rows 159 columns, reduced to 26 rows 34 columns
Cbc0038I Mini branch and bound did not improve solution (0.03 seconds)
Cbc0038I After 0.03 seconds - Feasibility pump exiting with objective of 1.53585e+06 - took 0.03 seconds
Cbc0012I Integer solution of 1535845.9 found by feasibility pump after 0 iterations and 0 nodes (0.03 seconds)
Cbc0038I Full problem 114 rows 159 columns, reduced to 77 rows 119 columns
Cbc0031I 9 added rows had average density of 11.666667
Cbc0013I At root node, 9 cuts changed objective from 1535736.7 to 1535832.1 in 29 passes
Cbc0014I Cut generator 0 (Probing) - 3 row cuts average 2.0 elements, 1 column cuts (1 active)  in 0.001 seconds - new frequency is 1
Cbc0014I Cut generator 1 (Gomory) - 52 row cuts average 28.7 elements, 0 column cuts (0 active)  in 0.002 seconds - new frequency is 1
Cbc0014I Cut generator 2 (Knapsack) - 0 row cuts average 0.0 elements, 0 column cuts (0 active)  in 0.007 seconds - new frequency is -100
Cbc0014I Cut generator 3 (Clique) - 0 row cuts average 0.0 elements, 0 column cuts (0 active)  in 0.000 seconds - new frequency is -100
Cbc0014I Cut generator 4 (MixedIntegerRounding2) - 5 row cuts average 4.8 elements, 0 column cuts (0 active)  in 0.003 seconds - new frequency is -100
Cbc0014I Cut generator 5 (FlowCover) - 0 row cuts average 0.0 elements, 0 column cuts (0 active)  in 0.006 seconds - new frequency is -100
Cbc0014I Cut generator 6 (TwoMirCuts) - 23 row cuts average 12.8 elements, 0 column cuts (0 active)  in 0.003 seconds - new frequency is -100
Cbc0010I After 0 nodes, 1 on tree, 1535845.9 best solution, best possible 1535832.1 (0.07 seconds)
Cbc0001I Search completed - best objective 1535845.948686766, took 238 iterations and 12 nodes (0.10 seconds)
Cbc0032I Strong branching done 44 times (123 iterations), fathomed 6 nodes and fixed 3 variables
Cbc0035I Maximum depth 3, 0 variables fixed on reduced cost
Cuts at root node changed objective from 1.53574e+06 to 1.53583e+06
Probing was tried 53 times and created 5 cuts of which 0 were active after adding rounds of cuts (0.003 seconds)
Gomory was tried 53 times and created 74 cuts of which 0 were active after adding rounds of cuts (0.005 seconds)
Knapsack was tried 29 times and created 0 cuts of which 0 were active after adding rounds of cuts (0.007 seconds)
Clique was tried 29 times and created 0 cuts of which 0 were active after adding rounds of cuts (0.000 seconds)
MixedIntegerRounding2 was tried 29 times and created 5 cuts of which 0 were active after adding rounds of cuts (0.003 seconds)
FlowCover was tried 29 times and created 0 cuts of which 0 were active after adding rounds of cuts (0.006 seconds)
TwoMirCuts was tried 29 times and created 23 cuts of which 0 were active after adding rounds of cuts (0.003 seconds)
ZeroHalf was tried 1 times and created 0 cuts of which 0 were active after adding rounds of cuts (0.000 seconds)

Result - Optimal solution found

Objective value:                1535845.94868677
Enumerated nodes:               12
Total iterations:               238
Time (CPU seconds):             0.10
Time (Wallclock seconds):       0.10

Option for printingOptions changed from normal to all
Total time (CPU seconds):       0.13   (Wallclock seconds):       0.13

