Welcome to the CBC MILP Solver 
Version: 2.10.3 
Build Date: Dec 15 2019 

command line - E:\dachuang\.venv\Lib\site-packages\pulp\apis\../solverdir/cbc/win/i64/cbc.exe model.mps -primalTolerance 1e-9 -integerTolerance 1e-9 -ratioGap 0 -allowableGap 0 -threads 0 -branch -printingOptions all -solution solution.txt -saveSolution solution.bin -quit (default strategy 1)
At line 2 NAME          MODEL
At line 3 ROWS
At line 317 COLUMNS
At line 1133 RHS
At line 1446 BOUNDS
At line 1521 ENDATA
Problem MODEL has 312 rows, 241 columns and 647 elements
Coin0008I MODEL read with 0 errors
primalTolerance was changed from 1e-07 to 1e-09
integerTolerance was changed from 1e-07 to 1e-09
ratioGap was changed from 0 to 0
allowableGap was changed from 1e-10 to 0
Continuous objective value is 1.54903e+06 - 0.00 seconds
Cgl0004I processed model has 114 rows, 159 columns (24 integer (24 of which binary)) and 337 elements
Cbc0038I Initial state - 10 integers unsatisfied sum - 2.02971
Cbc0038I Pass   1: suminf.    0.00000 (0) obj. 1.62596e+06 iterations 19
Cbc0038I Solution found of 1.62596e+06
Cbc0038I Relaxing continuous gives 1.60352e+06
Cbc0038I Before mini branch and bound, 14 integers at bound fixed and 81 continuous
Cbc0038I Full problem 114 rows 159 columns, reduced to 3 rows 5 columns
Cbc0038I Mini branch and bound improved solution from 1.60352e+06 to 1.54927e+06 (0.01 seconds)
Cbc0038I Round again with cutoff of 1.54924e+06
Cbc0038I Pass   2: suminf.    0.55081 (5) obj. 1.54924e+06 iterations 15
Cbc0038I Pass   3: suminf.    0.10017 (1) obj. 1.54924e+06 iterations 13
Cbc0038I Pass   4: suminf.    0.23209 (1) obj. 1.54924e+06 iterations 8
Cbc0038I Pass   5: suminf.    0.17427 (1) obj. 1.54924e+06 iterations 1
Cbc0038I Pass   6: suminf.    0.65296 (3) obj. 1.54924e+06 iterations 9
Cbc0038I Pass   7: suminf.    0.10017 (1) obj. 1.54924e+06 iterations 3
Cbc0038I Pass   8: suminf.    0.10017 (1) obj. 1.54924e+06 iterations 4
Cbc0038I Pass   9: suminf.    0.23209 (1) obj. 1.54924e+06 iterations 5
Cbc0038I Pass  10: suminf.    0.17427 (1) obj. 1.54924e+06 iterations 1
Cbc0038I Pass  11: suminf.    0.30412 (2) obj. 1.54924e+06 iterations 9
Cbc0038I Pass  12: suminf.    0.23209 (1) obj. 1.54924e+06 iterations 3
Cbc0038I Pass  13: suminf.    0.17427 (1) obj. 1.54924e+06 iterations 1
Cbc0038I Pass  14: suminf.    0.83792 (4) obj. 1.54924e+06 iterations 11
Cbc0038I Pass  15: suminf.    0.40363 (3) obj. 1.54924e+06 iterations 2
Cbc0038I Pass  16: suminf.    0.23209 (1) obj. 1.54924e+06 iterations 4
Cbc0038I Pass  17: suminf.    0.17427 (1) obj. 1.54924e+06 iterations 1
Cbc0038I Pass  18: suminf.    0.59192 (4) obj. 1.54924e+06 iterations 10
Cbc0038I Pass  19: suminf.    0.45862 (3) obj. 1.54924e+06 iterations 2
Cbc0038I Pass  20: suminf.    0.23209 (1) obj. 1.54924e+06 iterations 4
Cbc0038I Pass  21: suminf.    0.17427 (1) obj. 1.54924e+06 iterations 1
Cbc0038I Pass  22: suminf.    1.70592 (8) obj. 1.54924e+06 iterations 16
Cbc0038I Pass  23: suminf.    1.15313 (6) obj. 1.54924e+06 iterations 3
Cbc0038I Pass  24: suminf.    0.25659 (1) obj. 1.54924e+06 iterations 10
Cbc0038I Pass  25: suminf.    0.14977 (1) obj. 1.54924e+06 iterations 1
Cbc0038I Pass  26: suminf.    0.64532 (4) obj. 1.54924e+06 iterations 11
Cbc0038I Pass  27: suminf.    0.32953 (3) obj. 1.54924e+06 iterations 1
Cbc0038I Pass  28: suminf.    0.10017 (1) obj. 1.54924e+06 iterations 6
Cbc0038I Pass  29: suminf.    0.23209 (1) obj. 1.54924e+06 iterations 6
Cbc0038I Pass  30: suminf.    0.17427 (1) obj. 1.54924e+06 iterations 1
Cbc0038I Pass  31: suminf.    1.80117 (7) obj. 1.54924e+06 iterations 14
Cbc0038I No solution found this major pass
Cbc0038I Before mini branch and bound, 3 integers at bound fixed and 72 continuous
Cbc0038I Full problem 114 rows 159 columns, reduced to 21 rows 31 columns
Cbc0038I Mini branch and bound improved solution from 1.54927e+06 to 1.54922e+06 (0.03 seconds)
Cbc0038I Round again with cutoff of 1.54918e+06
Cbc0038I Pass  31: suminf.    0.81359 (5) obj. 1.54918e+06 iterations 1
Cbc0038I Pass  32: suminf.    0.36979 (3) obj. 1.54918e+06 iterations 13
Cbc0038I Pass  33: suminf.    0.22942 (2) obj. 1.54918e+06 iterations 8
Cbc0038I Pass  34: suminf.    0.17694 (1) obj. 1.54918e+06 iterations 2
Cbc0038I Pass  35: suminf.    0.22942 (1) obj. 1.54918e+06 iterations 1
Cbc0038I Pass  36: suminf.    1.15244 (3) obj. 1.54918e+06 iterations 9
Cbc0038I Pass  37: suminf.    1.15244 (3) obj. 1.54918e+06 iterations 0
Cbc0038I Pass  38: suminf.    0.46544 (2) obj. 1.54918e+06 iterations 4
Cbc0038I Pass  39: suminf.    0.46544 (2) obj. 1.54918e+06 iterations 0
Cbc0038I Pass  40: suminf.    0.44094 (2) obj. 1.54918e+06 iterations 5
Cbc0038I Pass  41: suminf.    0.44094 (2) obj. 1.54918e+06 iterations 0
Cbc0038I Pass  42: suminf.    1.38106 (5) obj. 1.54918e+06 iterations 4
Cbc0038I Pass  43: suminf.    0.59258 (3) obj. 1.54918e+06 iterations 4
Cbc0038I Pass  44: suminf.    0.46544 (2) obj. 1.54918e+06 iterations 2
Cbc0038I Pass  45: suminf.    0.46544 (2) obj. 1.54918e+06 iterations 0
Cbc0038I Pass  46: suminf.    0.44094 (2) obj. 1.54918e+06 iterations 5
Cbc0038I Pass  47: suminf.    0.44094 (2) obj. 1.54918e+06 iterations 0
Cbc0038I Pass  48: suminf.    1.47356 (6) obj. 1.54918e+06 iterations 7
Cbc0038I Pass  49: suminf.    0.68508 (4) obj. 1.54918e+06 iterations 3
Cbc0038I Pass  50: suminf.    0.46544 (2) obj. 1.54918e+06 iterations 3
Cbc0038I Pass  51: suminf.    0.46544 (2) obj. 1.54918e+06 iterations 0
Cbc0038I Pass  52: suminf.    0.44094 (2) obj. 1.54918e+06 iterations 5
Cbc0038I Pass  53: suminf.    0.44094 (2) obj. 1.54918e+06 iterations 0
Cbc0038I Pass  54: suminf.    1.22308 (6) obj. 1.54918e+06 iterations 14
Cbc0038I Pass  55: suminf.    0.67029 (4) obj. 1.54918e+06 iterations 2
Cbc0038I Pass  56: suminf.    0.46544 (2) obj. 1.54918e+06 iterations 3
Cbc0038I Pass  57: suminf.    0.46544 (2) obj. 1.54918e+06 iterations 0
Cbc0038I Pass  58: suminf.    0.44094 (2) obj. 1.54918e+06 iterations 5
Cbc0038I Pass  59: suminf.    0.44094 (2) obj. 1.54918e+06 iterations 0
Cbc0038I Pass  60: suminf.    1.30408 (4) obj. 1.54918e+06 iterations 3
Cbc0038I No solution found this major pass
Cbc0038I Before mini branch and bound, 8 integers at bound fixed and 75 continuous
Cbc0038I Full problem 114 rows 159 columns, reduced to 22 rows 30 columns
Cbc0038I Mini branch and bound did not improve solution (0.04 seconds)
Cbc0038I After 0.04 seconds - Feasibility pump exiting with objective of 1.54922e+06 - took 0.03 seconds
Cbc0012I Integer solution of 1549219.5 found by feasibility pump after 0 iterations and 0 nodes (0.04 seconds)
Cbc0038I Full problem 114 rows 159 columns, reduced to 78 rows 121 columns
Cbc0031I 15 added rows had average density of 21.8
Cbc0013I At root node, 15 cuts changed objective from 1549034.2 to 1549212 in 100 passes
Cbc0014I Cut generator 0 (Probing) - 23 row cuts average 2.0 elements, 2 column cuts (2 active)  in 0.016 seconds - new frequency is 1
Cbc0014I Cut generator 1 (Gomory) - 310 row cuts average 38.0 elements, 0 column cuts (0 active)  in 0.013 seconds - new frequency is 1
Cbc0014I Cut generator 2 (Knapsack) - 0 row cuts average 0.0 elements, 0 column cuts (0 active)  in 0.021 seconds - new frequency is -100
Cbc0014I Cut generator 3 (Clique) - 0 row cuts average 0.0 elements, 0 column cuts (0 active)  in 0.000 seconds - new frequency is -100
Cbc0014I Cut generator 4 (MixedIntegerRounding2) - 10 row cuts average 4.3 elements, 0 column cuts (0 active)  in 0.008 seconds - new frequency is -100
Cbc0014I Cut generator 5 (FlowCover) - 0 row cuts average 0.0 elements, 0 column cuts (0 active)  in 0.021 seconds - new frequency is -100
Cbc0014I Cut generator 6 (TwoMirCuts) - 17 row cuts average 11.3 elements, 0 column cuts (0 active)  in 0.004 seconds - new frequency is -100
Cbc0010I After 0 nodes, 1 on tree, 1549219.5 best solution, best possible 1549212 (0.19 seconds)
Cbc0001I Search completed - best objective 1549219.510938253, took 1042 iterations and 6 nodes (0.20 seconds)
Cbc0032I Strong branching done 20 times (129 iterations), fathomed 1 nodes and fixed 2 variables
Cbc0035I Maximum depth 2, 0 variables fixed on reduced cost
Cuts at root node changed objective from 1.54903e+06 to 1.54921e+06
Probing was tried 113 times and created 31 cuts of which 0 were active after adding rounds of cuts (0.016 seconds)
Gomory was tried 112 times and created 325 cuts of which 0 were active after adding rounds of cuts (0.013 seconds)
Knapsack was tried 100 times and created 0 cuts of which 0 were active after adding rounds of cuts (0.021 seconds)
Clique was tried 100 times and created 0 cuts of which 0 were active after adding rounds of cuts (0.000 seconds)
MixedIntegerRounding2 was tried 100 times and created 10 cuts of which 0 were active after adding rounds of cuts (0.008 seconds)
FlowCover was tried 100 times and created 0 cuts of which 0 were active after adding rounds of cuts (0.021 seconds)
TwoMirCuts was tried 100 times and created 17 cuts of which 0 were active after adding rounds of cuts (0.004 seconds)
ZeroHalf was tried 1 times and created 0 cuts of which 0 were active after adding rounds of cuts (0.000 seconds)

Result - Optimal solution found

Objective value:                1549219.51093825
Enumerated nodes:               6
Total iterations:               1042
Time (CPU seconds):             0.20
Time (Wallclock seconds):       0.20

Option for printingOptions changed from normal to all
Total time (CPU seconds):       0.23   (Wallclock seconds):       0.23

