Welcome to the CBC MILP Solver 
Version: 2.10.3 
Build Date: Dec 15 2019 

command line - E:\dachuang\.venv\Lib\site-packages\pulp\apis\../solverdir/cbc/win/i64/cbc.exe model.mps -primalTolerance 1e-9 -integerTolerance 1e-9 -ratioGap 0 -allowableGap 0 -threads 0 -branch -printingOptions all -solution solution.txt -saveSolution solution.bin -quit (default strategy 1)
At line 2 NAME          MODEL
At line 3 ROWS
At line 317 COLUMNS
At line 1133 RHS
At line 1446 BOUNDS
At line 1521 ENDATA
Problem MODEL has 312 rows, 241 columns and 647 elements
Coin0008I MODEL read with 0 errors
primalTolerance was changed from 1e-07 to 1e-09
integerTolerance was changed from 1e-07 to 1e-09
ratioGap was changed from 0 to 0
allowableGap was changed from 1e-10 to 0
Continuous objective value is 1.16142e+06 - 0.00 seconds
Cgl0004I processed model has 115 rows, 159 columns (24 integer (24 of which binary)) and 340 elements
Cbc0038I Initial state - 10 integers unsatisfied sum - 2.57835
Cbc0038I Pass   1: suminf.    0.00000 (0) obj. 1.34255e+06 iterations 20
Cbc0038I Solution found of 1.34255e+06
Cbc0038I Relaxing continuous gives 1.3309e+06
Cbc0038I Before mini branch and bound, 14 integers at bound fixed and 79 continuous
Cbc0038I Full problem 115 rows 159 columns, reduced to 6 rows 12 columns
Cbc0038I Mini branch and bound improved solution from 1.3309e+06 to 1.16166e+06 (0.01 seconds)
Cbc0038I Freeing continuous variables gives a solution of 1.16166e+06
Cbc0038I Round again with cutoff of 1.16163e+06
Cbc0038I Pass   2: suminf.    1.07611 (5) obj. 1.16163e+06 iterations 14
Cbc0038I Pass   3: suminf.    0.00000 (0) obj. 1.16163e+06 iterations 13
Cbc0038I Solution found of 1.16163e+06
Cbc0038I Relaxing continuous gives 1.16152e+06
Cbc0038I Before mini branch and bound, 13 integers at bound fixed and 77 continuous
Cbc0038I Full problem 115 rows 159 columns, reduced to 14 rows 22 columns
Cbc0038I Mini branch and bound improved solution from 1.16152e+06 to 1.16152e+06 (0.02 seconds)
Cbc0038I Freeing continuous variables gives a solution of 1.16152e+06
Cbc0038I Round again with cutoff of 1.1615e+06
Cbc0038I Pass   4: suminf.    1.30999 (5) obj. 1.1615e+06 iterations 3
Cbc0038I Pass   5: suminf.    1.06779 (6) obj. 1.1615e+06 iterations 8
Cbc0038I Pass   6: suminf.    0.33349 (1) obj. 1.1615e+06 iterations 6
Cbc0038I Pass   7: suminf.    0.09129 (2) obj. 1.1615e+06 iterations 9
Cbc0038I Pass   8: suminf.    0.94508 (5) obj. 1.1615e+06 iterations 9
Cbc0038I Pass   9: suminf.    0.33349 (1) obj. 1.1615e+06 iterations 5
Cbc0038I Pass  10: suminf.    0.09129 (2) obj. 1.1615e+06 iterations 5
Cbc0038I Pass  11: suminf.    0.71908 (5) obj. 1.1615e+06 iterations 6
Cbc0038I Pass  12: suminf.    0.20058 (3) obj. 1.1615e+06 iterations 3
Cbc0038I Pass  13: suminf.    0.33349 (1) obj. 1.1615e+06 iterations 3
Cbc0038I Pass  14: suminf.    0.09129 (2) obj. 1.1615e+06 iterations 9
Cbc0038I Pass  15: suminf.    0.34571 (2) obj. 1.1615e+06 iterations 19
Cbc0038I Pass  16: suminf.    0.14651 (2) obj. 1.1615e+06 iterations 3
Cbc0038I Pass  17: suminf.    0.63879 (4) obj. 1.1615e+06 iterations 14
Cbc0038I Pass  18: suminf.    0.63879 (4) obj. 1.1615e+06 iterations 0
Cbc0038I Pass  19: suminf.    0.33349 (2) obj. 1.1615e+06 iterations 7
Cbc0038I Pass  20: suminf.    0.09129 (2) obj. 1.1615e+06 iterations 3
Cbc0038I Pass  21: suminf.    0.14651 (2) obj. 1.1615e+06 iterations 7
Cbc0038I Pass  22: suminf.    0.63879 (4) obj. 1.1615e+06 iterations 11
Cbc0038I Pass  23: suminf.    0.63879 (4) obj. 1.1615e+06 iterations 0
Cbc0038I Pass  24: suminf.    0.33349 (2) obj. 1.1615e+06 iterations 9
Cbc0038I Pass  25: suminf.    0.09129 (2) obj. 1.1615e+06 iterations 3
Cbc0038I Pass  26: suminf.    0.14651 (2) obj. 1.1615e+06 iterations 7
Cbc0038I Pass  27: suminf.    0.63879 (4) obj. 1.1615e+06 iterations 11
Cbc0038I Pass  28: suminf.    0.63879 (4) obj. 1.1615e+06 iterations 0
Cbc0038I Pass  29: suminf.    0.33349 (2) obj. 1.1615e+06 iterations 9
Cbc0038I Pass  30: suminf.    0.09129 (2) obj. 1.1615e+06 iterations 3
Cbc0038I Pass  31: suminf.    0.14651 (2) obj. 1.1615e+06 iterations 7
Cbc0038I Pass  32: suminf.    0.63879 (4) obj. 1.1615e+06 iterations 11
Cbc0038I Pass  33: suminf.    0.63879 (4) obj. 1.1615e+06 iterations 0
Cbc0038I No solution found this major pass
Cbc0038I Before mini branch and bound, 4 integers at bound fixed and 69 continuous
Cbc0038I Full problem 115 rows 159 columns, reduced to 25 rows 34 columns
Cbc0038I Mini branch and bound did not improve solution (0.03 seconds)
Cbc0038I After 0.03 seconds - Feasibility pump exiting with objective of 1.16152e+06 - took 0.03 seconds
Cbc0012I Integer solution of 1161520.3 found by feasibility pump after 0 iterations and 0 nodes (0.03 seconds)
Cbc0038I Full problem 115 rows 159 columns, reduced to 80 rows 122 columns
Cbc0031I 12 added rows had average density of 10.416667
Cbc0013I At root node, 12 cuts changed objective from 1161424.7 to 1161474.5 in 46 passes
Cbc0014I Cut generator 0 (Probing) - 4 row cuts average 2.8 elements, 1 column cuts (1 active)  in 0.007 seconds - new frequency is 1
Cbc0014I Cut generator 1 (Gomory) - 76 row cuts average 33.6 elements, 0 column cuts (0 active)  in 0.005 seconds - new frequency is 1
Cbc0014I Cut generator 2 (Knapsack) - 0 row cuts average 0.0 elements, 0 column cuts (0 active)  in 0.009 seconds - new frequency is -100
Cbc0014I Cut generator 3 (Clique) - 0 row cuts average 0.0 elements, 0 column cuts (0 active)  in 0.000 seconds - new frequency is -100
Cbc0014I Cut generator 4 (MixedIntegerRounding2) - 12 row cuts average 4.3 elements, 0 column cuts (0 active)  in 0.003 seconds - new frequency is 1
Cbc0014I Cut generator 5 (FlowCover) - 0 row cuts average 0.0 elements, 0 column cuts (0 active)  in 0.004 seconds - new frequency is -100
Cbc0014I Cut generator 6 (TwoMirCuts) - 23 row cuts average 14.0 elements, 0 column cuts (0 active)  in 0.003 seconds - new frequency is -100
Cbc0010I After 0 nodes, 1 on tree, 1161520.3 best solution, best possible 1161474.6 (0.09 seconds)
Cbc0001I Search completed - best objective 1161520.28068394, took 233 iterations and 8 nodes (0.11 seconds)
Cbc0032I Strong branching done 14 times (36 iterations), fathomed 1 nodes and fixed 2 variables
Cbc0035I Maximum depth 2, 0 variables fixed on reduced cost
Cuts at root node changed objective from 1.16142e+06 to 1.16147e+06
Probing was tried 55 times and created 6 cuts of which 0 were active after adding rounds of cuts (0.009 seconds)
Gomory was tried 55 times and created 86 cuts of which 0 were active after adding rounds of cuts (0.005 seconds)
Knapsack was tried 46 times and created 0 cuts of which 0 were active after adding rounds of cuts (0.009 seconds)
Clique was tried 46 times and created 0 cuts of which 0 were active after adding rounds of cuts (0.000 seconds)
MixedIntegerRounding2 was tried 55 times and created 13 cuts of which 0 were active after adding rounds of cuts (0.003 seconds)
FlowCover was tried 46 times and created 0 cuts of which 0 were active after adding rounds of cuts (0.004 seconds)
TwoMirCuts was tried 46 times and created 23 cuts of which 0 were active after adding rounds of cuts (0.003 seconds)
ZeroHalf was tried 1 times and created 0 cuts of which 0 were active after adding rounds of cuts (0.000 seconds)

Result - Optimal solution found

Objective value:                1161520.28068394
Enumerated nodes:               8
Total iterations:               233
Time (CPU seconds):             0.11
Time (Wallclock seconds):       0.11

Option for printingOptions changed from normal to all
Total time (CPU seconds):       0.60   (Wallclock seconds):       0.60

