Welcome to the CBC MILP Solver 
Version: 2.10.3 
Build Date: Dec 15 2019 

command line - E:\dachuang\.venv\Lib\site-packages\pulp\apis\../solverdir/cbc/win/i64/cbc.exe model.mps -primalTolerance 1e-9 -integerTolerance 1e-9 -ratioGap 0 -allowableGap 0 -threads 0 -branch -printingOptions all -solution solution.txt -saveSolution solution.bin -quit (default strategy 1)
At line 2 NAME          MODEL
At line 3 ROWS
At line 317 COLUMNS
At line 1133 RHS
At line 1446 BOUNDS
At line 1521 ENDATA
Problem MODEL has 312 rows, 241 columns and 647 elements
Coin0008I MODEL read with 0 errors
primalTolerance was changed from 1e-07 to 1e-09
integerTolerance was changed from 1e-07 to 1e-09
ratioGap was changed from 0 to 0
allowableGap was changed from 1e-10 to 0
Continuous objective value is 2.22912e+06 - 0.00 seconds
Cgl0004I processed model has 112 rows, 155 columns (24 integer (24 of which binary)) and 327 elements
Cbc0038I Initial state - 8 integers unsatisfied sum - 2.25944
Cbc0038I Pass   1: suminf.    0.00000 (0) obj. 2.34929e+06 iterations 15
Cbc0038I Solution found of 2.34929e+06
Cbc0038I Relaxing continuous gives 2.34212e+06
Cbc0038I Before mini branch and bound, 16 integers at bound fixed and 87 continuous
Cbc0038I Full problem 112 rows 155 columns, reduced to 1 rows 2 columns
Cbc0038I Mini branch and bound improved solution from 2.34212e+06 to 2.22929e+06 (0.01 seconds)
Cbc0038I Round again with cutoff of 2.22928e+06
Cbc0038I Pass   2: suminf.    0.72776 (3) obj. 2.22928e+06 iterations 8
Cbc0038I Pass   3: suminf.    0.57703 (2) obj. 2.22928e+06 iterations 12
Cbc0038I Pass   4: suminf.    0.07676 (1) obj. 2.22928e+06 iterations 4
Cbc0038I Pass   5: suminf.    0.28276 (2) obj. 2.22928e+06 iterations 9
Cbc0038I Pass   6: suminf.    0.07676 (1) obj. 2.22928e+06 iterations 1
Cbc0038I Pass   7: suminf.    0.57703 (2) obj. 2.22928e+06 iterations 8
Cbc0038I Pass   8: suminf.    0.79203 (3) obj. 2.22928e+06 iterations 8
Cbc0038I Pass   9: suminf.    0.07676 (1) obj. 2.22928e+06 iterations 6
Cbc0038I Pass  10: suminf.    0.57703 (2) obj. 2.22928e+06 iterations 8
Cbc0038I Pass  11: suminf.    1.40726 (6) obj. 2.22928e+06 iterations 15
Cbc0038I Pass  12: suminf.    1.40726 (6) obj. 2.22928e+06 iterations 3
Cbc0038I Pass  13: suminf.    0.83768 (4) obj. 2.22928e+06 iterations 12
Cbc0038I Pass  14: suminf.    0.83768 (4) obj. 2.22928e+06 iterations 0
Cbc0038I Pass  15: suminf.    0.45347 (3) obj. 2.22928e+06 iterations 12
Cbc0038I Pass  16: suminf.    0.45347 (3) obj. 2.22928e+06 iterations 1
Cbc0038I Pass  17: suminf.    1.10955 (6) obj. 2.22928e+06 iterations 9
Cbc0038I Pass  18: suminf.    0.79376 (5) obj. 2.22928e+06 iterations 1
Cbc0038I Pass  19: suminf.    0.83768 (4) obj. 2.22928e+06 iterations 10
Cbc0038I Pass  20: suminf.    0.83768 (4) obj. 2.22928e+06 iterations 0
Cbc0038I Pass  21: suminf.    0.45347 (3) obj. 2.22928e+06 iterations 12
Cbc0038I Pass  22: suminf.    0.45347 (3) obj. 2.22928e+06 iterations 1
Cbc0038I Pass  23: suminf.    0.45347 (3) obj. 2.22928e+06 iterations 16
Cbc0038I Pass  24: suminf.    0.45347 (3) obj. 2.22928e+06 iterations 1
Cbc0038I Pass  25: suminf.    0.83768 (3) obj. 2.22928e+06 iterations 3
Cbc0038I Pass  26: suminf.    0.83768 (3) obj. 2.22928e+06 iterations 0
Cbc0038I Pass  27: suminf.    0.45347 (3) obj. 2.22928e+06 iterations 9
Cbc0038I Pass  28: suminf.    0.45347 (2) obj. 2.22928e+06 iterations 2
Cbc0038I Pass  29: suminf.    0.30522 (1) obj. 2.22928e+06 iterations 3
Cbc0038I Pass  30: suminf.    0.30522 (1) obj. 2.22928e+06 iterations 1
Cbc0038I Pass  31: suminf.    1.67505 (7) obj. 2.22928e+06 iterations 16
Cbc0038I No solution found this major pass
Cbc0038I Before mini branch and bound, 4 integers at bound fixed and 66 continuous
Cbc0038I Full problem 112 rows 155 columns, reduced to 20 rows 27 columns
Cbc0038I Mini branch and bound improved solution from 2.22929e+06 to 2.2292e+06 (0.02 seconds)
Cbc0038I Round again with cutoff of 2.22918e+06
Cbc0038I Pass  31: suminf.    1.15360 (6) obj. 2.22918e+06 iterations 5
Cbc0038I Pass  32: suminf.    0.51761 (3) obj. 2.22918e+06 iterations 10
Cbc0038I Pass  33: suminf.    0.50260 (4) obj. 2.22918e+06 iterations 3
Cbc0038I Pass  34: suminf.    1.19162 (6) obj. 2.22918e+06 iterations 12
Cbc0038I Pass  35: suminf.    0.87510 (5) obj. 2.22918e+06 iterations 3
Cbc0038I Pass  36: suminf.    0.51761 (3) obj. 2.22918e+06 iterations 9
Cbc0038I Pass  37: suminf.    0.50260 (4) obj. 2.22918e+06 iterations 3
Cbc0038I Pass  38: suminf.    0.97783 (5) obj. 2.22918e+06 iterations 3
Cbc0038I Pass  39: suminf.    0.50260 (4) obj. 2.22918e+06 iterations 3
Cbc0038I Pass  40: suminf.    0.78110 (5) obj. 2.22918e+06 iterations 2
Cbc0038I Pass  41: suminf.    0.51761 (3) obj. 2.22918e+06 iterations 9
Cbc0038I Pass  42: suminf.    0.50260 (4) obj. 2.22918e+06 iterations 3
Cbc0038I Pass  43: suminf.    0.50260 (4) obj. 2.22918e+06 iterations 7
Cbc0038I Pass  44: suminf.    0.51761 (3) obj. 2.22918e+06 iterations 8
Cbc0038I Pass  45: suminf.    0.50260 (4) obj. 2.22918e+06 iterations 3
Cbc0038I Pass  46: suminf.    1.34652 (5) obj. 2.22918e+06 iterations 22
Cbc0038I Pass  47: suminf.    1.13668 (6) obj. 2.22918e+06 iterations 4
Cbc0038I Pass  48: suminf.    0.28873 (1) obj. 2.22918e+06 iterations 7
Cbc0038I Pass  49: suminf.    0.07889 (2) obj. 2.22918e+06 iterations 5
Cbc0038I Pass  50: suminf.    0.91740 (4) obj. 2.22918e+06 iterations 8
Cbc0038I Pass  51: suminf.    0.07889 (1) obj. 2.22918e+06 iterations 3
Cbc0038I Pass  52: suminf.    0.12711 (1) obj. 2.22918e+06 iterations 2
Cbc0038I Pass  53: suminf.    0.07889 (1) obj. 2.22918e+06 iterations 6
Cbc0038I Pass  54: suminf.    0.12711 (1) obj. 2.22918e+06 iterations 1
Cbc0038I Pass  55: suminf.    0.07889 (1) obj. 2.22918e+06 iterations 1
Cbc0038I Pass  56: suminf.    0.50333 (4) obj. 2.22918e+06 iterations 10
Cbc0038I Pass  57: suminf.    0.50260 (4) obj. 2.22918e+06 iterations 2
Cbc0038I Pass  58: suminf.    0.51761 (3) obj. 2.22918e+06 iterations 6
Cbc0038I Pass  59: suminf.    1.32935 (6) obj. 2.22918e+06 iterations 17
Cbc0038I Pass  60: suminf.    1.21006 (5) obj. 2.22918e+06 iterations 1
Cbc0038I No solution found this major pass
Cbc0038I Before mini branch and bound, 1 integers at bound fixed and 65 continuous
Cbc0038I Full problem 112 rows 155 columns, reduced to 23 rows 31 columns
Cbc0038I Mini branch and bound did not improve solution (0.04 seconds)
Cbc0038I After 0.04 seconds - Feasibility pump exiting with objective of 2.2292e+06 - took 0.04 seconds
Cbc0012I Integer solution of 2229198.4 found by feasibility pump after 0 iterations and 0 nodes (0.04 seconds)
Cbc0038I Full problem 112 rows 155 columns, reduced to 69 rows 108 columns
Cbc0031I 11 added rows had average density of 17.090909
Cbc0013I At root node, 11 cuts changed objective from 2229115.8 to 2229158.8 in 100 passes
Cbc0014I Cut generator 0 (Probing) - 4 row cuts average 3.8 elements, 2 column cuts (2 active)  in 0.015 seconds - new frequency is 1
Cbc0014I Cut generator 1 (Gomory) - 180 row cuts average 34.5 elements, 0 column cuts (0 active)  in 0.010 seconds - new frequency is 1
Cbc0014I Cut generator 2 (Knapsack) - 0 row cuts average 0.0 elements, 0 column cuts (0 active)  in 0.009 seconds - new frequency is -100
Cbc0014I Cut generator 3 (Clique) - 0 row cuts average 0.0 elements, 0 column cuts (0 active)  in 0.000 seconds - new frequency is -100
Cbc0014I Cut generator 4 (MixedIntegerRounding2) - 13 row cuts average 4.2 elements, 0 column cuts (0 active)  in 0.008 seconds - new frequency is -100
Cbc0014I Cut generator 5 (FlowCover) - 0 row cuts average 0.0 elements, 0 column cuts (0 active)  in 0.018 seconds - new frequency is -100
Cbc0014I Cut generator 6 (TwoMirCuts) - 20 row cuts average 10.9 elements, 0 column cuts (0 active)  in 0.007 seconds - new frequency is -100
Cbc0010I After 0 nodes, 1 on tree, 2229198.4 best solution, best possible 2229158.8 (0.17 seconds)
Cbc0001I Search completed - best objective 2229198.391683927, took 751 iterations and 14 nodes (0.20 seconds)
Cbc0032I Strong branching done 58 times (173 iterations), fathomed 6 nodes and fixed 2 variables
Cbc0035I Maximum depth 4, 0 variables fixed on reduced cost
Cuts at root node changed objective from 2.22912e+06 to 2.22916e+06
Probing was tried 140 times and created 7 cuts of which 0 were active after adding rounds of cuts (0.018 seconds)
Gomory was tried 140 times and created 223 cuts of which 0 were active after adding rounds of cuts (0.010 seconds)
Knapsack was tried 100 times and created 0 cuts of which 0 were active after adding rounds of cuts (0.009 seconds)
Clique was tried 100 times and created 0 cuts of which 0 were active after adding rounds of cuts (0.000 seconds)
MixedIntegerRounding2 was tried 100 times and created 13 cuts of which 0 were active after adding rounds of cuts (0.008 seconds)
FlowCover was tried 100 times and created 0 cuts of which 0 were active after adding rounds of cuts (0.018 seconds)
TwoMirCuts was tried 100 times and created 20 cuts of which 0 were active after adding rounds of cuts (0.007 seconds)
ZeroHalf was tried 1 times and created 0 cuts of which 0 were active after adding rounds of cuts (0.000 seconds)

Result - Optimal solution found

Objective value:                2229198.39168393
Enumerated nodes:               14
Total iterations:               751
Time (CPU seconds):             0.21
Time (Wallclock seconds):       0.21

Option for printingOptions changed from normal to all
Total time (CPU seconds):       0.23   (Wallclock seconds):       0.22

