Welcome to the CBC MILP Solver 
Version: 2.10.3 
Build Date: Dec 15 2019 

command line - E:\dachuang\.venv\Lib\site-packages\pulp\apis\../solverdir/cbc/win/i64/cbc.exe model.mps -primalTolerance 1e-9 -integerTolerance 1e-9 -ratioGap 0 -allowableGap 0 -threads 0 -branch -printingOptions all -solution solution.txt -saveSolution solution.bin -quit (default strategy 1)
At line 2 NAME          MODEL
At line 3 ROWS
At line 317 COLUMNS
At line 1133 RHS
At line 1446 BOUNDS
At line 1521 ENDATA
Problem MODEL has 312 rows, 241 columns and 647 elements
Coin0008I MODEL read with 0 errors
primalTolerance was changed from 1e-07 to 1e-09
integerTolerance was changed from 1e-07 to 1e-09
ratioGap was changed from 0 to 0
allowableGap was changed from 1e-10 to 0
Continuous objective value is 3.46733e+06 - 0.00 seconds
Cgl0004I processed model has 110 rows, 151 columns (24 integer (24 of which binary)) and 317 elements
Cbc0038I Initial state - 6 integers unsatisfied sum - 1.64416
Cbc0038I Pass   1: suminf.    0.00000 (0) obj. 3.49281e+06 iterations 12
Cbc0038I Solution found of 3.49281e+06
Cbc0038I Relaxing continuous gives 3.49255e+06
Cbc0038I Before mini branch and bound, 18 integers at bound fixed and 77 continuous
Cbc0038I Full problem 110 rows 151 columns, reduced to 5 rows 7 columns
Cbc0038I Mini branch and bound improved solution from 3.49255e+06 to 3.46768e+06 (0.01 seconds)
Cbc0038I Freeing continuous variables gives a solution of 3.46768e+06
Cbc0038I Round again with cutoff of 3.46764e+06
Cbc0038I Pass   2: suminf.    0.29111 (2) obj. 3.46764e+06 iterations 4
Cbc0038I Pass   3: suminf.    0.00000 (0) obj. 3.46764e+06 iterations 7
Cbc0038I Solution found of 3.46764e+06
Cbc0038I Relaxing continuous gives 3.46753e+06
Cbc0038I Before mini branch and bound, 17 integers at bound fixed and 74 continuous
Cbc0038I Full problem 110 rows 151 columns, reduced to 18 rows 24 columns
Cbc0038I Mini branch and bound improved solution from 3.46753e+06 to 3.46744e+06 (0.02 seconds)
Cbc0038I Freeing continuous variables gives a solution of 3.46744e+06
Cbc0038I Round again with cutoff of 3.46742e+06
Cbc0038I Pass   4: suminf.    0.64339 (3) obj. 3.46742e+06 iterations 2
Cbc0038I Pass   5: suminf.    0.64316 (4) obj. 3.46742e+06 iterations 4
Cbc0038I Pass   6: suminf.    0.25221 (2) obj. 3.46742e+06 iterations 8
Cbc0038I Pass   7: suminf.    0.09521 (1) obj. 3.46742e+06 iterations 1
Cbc0038I Pass   8: suminf.    0.25655 (2) obj. 3.46742e+06 iterations 5
Cbc0038I Pass   9: suminf.    0.09521 (1) obj. 3.46742e+06 iterations 4
Cbc0038I Pass  10: suminf.    0.25655 (2) obj. 3.46742e+06 iterations 5
Cbc0038I Pass  11: suminf.    0.09521 (1) obj. 3.46742e+06 iterations 2
Cbc0038I Pass  12: suminf.    0.25221 (2) obj. 3.46742e+06 iterations 3
Cbc0038I Pass  13: suminf.    0.09521 (1) obj. 3.46742e+06 iterations 1
Cbc0038I Pass  14: suminf.    0.25655 (2) obj. 3.46742e+06 iterations 5
Cbc0038I Pass  15: suminf.    0.49966 (3) obj. 3.46742e+06 iterations 9
Cbc0038I Pass  16: suminf.    0.49966 (3) obj. 3.46742e+06 iterations 0
Cbc0038I Pass  17: suminf.    0.25221 (2) obj. 3.46742e+06 iterations 4
Cbc0038I Pass  18: suminf.    0.09521 (1) obj. 3.46742e+06 iterations 1
Cbc0038I Pass  19: suminf.    0.25655 (2) obj. 3.46742e+06 iterations 5
Cbc0038I Pass  20: suminf.    0.72872 (5) obj. 3.46742e+06 iterations 18
Cbc0038I Pass  21: suminf.    0.49772 (3) obj. 3.46742e+06 iterations 2
Cbc0038I Pass  22: suminf.    0.25655 (2) obj. 3.46742e+06 iterations 5
Cbc0038I Pass  23: suminf.    0.09521 (1) obj. 3.46742e+06 iterations 2
Cbc0038I Pass  24: suminf.    0.58195 (4) obj. 3.46742e+06 iterations 25
Cbc0038I Pass  25: suminf.    0.58195 (4) obj. 3.46742e+06 iterations 3
Cbc0038I Pass  26: suminf.    0.38479 (2) obj. 3.46742e+06 iterations 9
Cbc0038I Pass  27: suminf.    0.24545 (2) obj. 3.46742e+06 iterations 6
Cbc0038I Pass  28: suminf.    0.38479 (1) obj. 3.46742e+06 iterations 5
Cbc0038I Pass  29: suminf.    0.24545 (2) obj. 3.46742e+06 iterations 16
Cbc0038I Pass  30: suminf.    0.24545 (2) obj. 3.46742e+06 iterations 3
Cbc0038I Pass  31: suminf.    0.25655 (2) obj. 3.46742e+06 iterations 1
Cbc0038I Pass  32: suminf.    0.39571 (3) obj. 3.46742e+06 iterations 12
Cbc0038I Pass  33: suminf.    0.23871 (2) obj. 3.46742e+06 iterations 2
Cbc0038I No solution found this major pass
Cbc0038I Before mini branch and bound, 1 integers at bound fixed and 61 continuous
Cbc0038I Full problem 110 rows 151 columns, reduced to 23 rows 31 columns
Cbc0038I Mini branch and bound did not improve solution (0.03 seconds)
Cbc0038I After 0.03 seconds - Feasibility pump exiting with objective of 3.46744e+06 - took 0.03 seconds
Cbc0012I Integer solution of 3467444.3 found by feasibility pump after 0 iterations and 0 nodes (0.03 seconds)
Cbc0038I Full problem 110 rows 151 columns, reduced to 61 rows 96 columns
Cbc0031I 7 added rows had average density of 10
Cbc0013I At root node, 7 cuts changed objective from 3467333.8 to 3467406.9 in 15 passes
Cbc0014I Cut generator 0 (Probing) - 4 row cuts average 2.5 elements, 2 column cuts (2 active)  in 0.000 seconds - new frequency is 1
Cbc0014I Cut generator 1 (Gomory) - 30 row cuts average 20.3 elements, 0 column cuts (0 active)  in 0.000 seconds - new frequency is 1
Cbc0014I Cut generator 2 (Knapsack) - 0 row cuts average 0.0 elements, 0 column cuts (0 active)  in 0.001 seconds - new frequency is -100
Cbc0014I Cut generator 3 (Clique) - 0 row cuts average 0.0 elements, 0 column cuts (0 active)  in 0.000 seconds - new frequency is -100
Cbc0014I Cut generator 4 (MixedIntegerRounding2) - 5 row cuts average 4.6 elements, 0 column cuts (0 active)  in 0.000 seconds - new frequency is 1
Cbc0014I Cut generator 5 (FlowCover) - 0 row cuts average 0.0 elements, 0 column cuts (0 active)  in 0.001 seconds - new frequency is -100
Cbc0014I Cut generator 6 (TwoMirCuts) - 17 row cuts average 9.5 elements, 0 column cuts (0 active)  in 0.005 seconds - new frequency is -100
Cbc0010I After 0 nodes, 1 on tree, 3467444.3 best solution, best possible 3467406.9 (0.05 seconds)
Cbc0001I Search completed - best objective 3467444.334575309, took 108 iterations and 4 nodes (0.07 seconds)
Cbc0032I Strong branching done 22 times (91 iterations), fathomed 3 nodes and fixed 1 variables
Cbc0035I Maximum depth 1, 0 variables fixed on reduced cost
Cuts at root node changed objective from 3.46733e+06 to 3.46741e+06
Probing was tried 21 times and created 6 cuts of which 0 were active after adding rounds of cuts (0.000 seconds)
Gomory was tried 21 times and created 35 cuts of which 0 were active after adding rounds of cuts (0.001 seconds)
Knapsack was tried 15 times and created 0 cuts of which 0 were active after adding rounds of cuts (0.001 seconds)
Clique was tried 15 times and created 0 cuts of which 0 were active after adding rounds of cuts (0.000 seconds)
MixedIntegerRounding2 was tried 21 times and created 6 cuts of which 0 were active after adding rounds of cuts (0.000 seconds)
FlowCover was tried 15 times and created 0 cuts of which 0 were active after adding rounds of cuts (0.001 seconds)
TwoMirCuts was tried 15 times and created 17 cuts of which 0 were active after adding rounds of cuts (0.005 seconds)
ZeroHalf was tried 1 times and created 0 cuts of which 0 were active after adding rounds of cuts (0.000 seconds)

Result - Optimal solution found

Objective value:                3467444.33457531
Enumerated nodes:               4
Total iterations:               108
Time (CPU seconds):             0.07
Time (Wallclock seconds):       0.07

Option for printingOptions changed from normal to all
Total time (CPU seconds):       0.10   (Wallclock seconds):       0.10

