Welcome to the CBC MILP Solver 
Version: 2.10.3 
Build Date: Dec 15 2019 

command line - E:\dachuang\.venv\Lib\site-packages\pulp\apis\../solverdir/cbc/win/i64/cbc.exe model.mps -primalTolerance 1e-9 -integerTolerance 1e-9 -ratioGap 0 -allowableGap 0 -threads 0 -branch -printingOptions all -solution solution.txt -saveSolution solution.bin -quit (default strategy 1)
At line 2 NAME          MODEL
At line 3 ROWS
At line 317 COLUMNS
At line 1133 RHS
At line 1446 BOUNDS
At line 1521 ENDATA
Problem MODEL has 312 rows, 241 columns and 647 elements
Coin0008I MODEL read with 0 errors
primalTolerance was changed from 1e-07 to 1e-09
integerTolerance was changed from 1e-07 to 1e-09
ratioGap was changed from 0 to 0
allowableGap was changed from 1e-10 to 0
Continuous objective value is 1.61967e+06 - 0.00 seconds
Cgl0004I processed model has 114 rows, 153 columns (24 integer (24 of which binary)) and 331 elements
Cbc0038I Initial state - 8 integers unsatisfied sum - 1.92369
Cbc0038I Pass   1: suminf.    0.00000 (0) obj. 1.63227e+06 iterations 14
Cbc0038I Solution found of 1.63227e+06
Cbc0038I Relaxing continuous gives 1.63079e+06
Cbc0038I Before mini branch and bound, 16 integers at bound fixed and 81 continuous
Cbc0038I Full problem 114 rows 153 columns, reduced to 4 rows 6 columns
Cbc0038I Mini branch and bound improved solution from 1.63079e+06 to 1.61995e+06 (0.01 seconds)
Cbc0038I Freeing continuous variables gives a solution of 1.61995e+06
Cbc0038I Round again with cutoff of 1.61992e+06
Cbc0038I Pass   2: suminf.    0.18524 (2) obj. 1.61992e+06 iterations 4
Cbc0038I Pass   3: suminf.    0.00000 (0) obj. 1.61992e+06 iterations 9
Cbc0038I Solution found of 1.61992e+06
Cbc0038I Relaxing continuous gives 1.61987e+06
Cbc0038I Before mini branch and bound, 15 integers at bound fixed and 78 continuous
Cbc0038I Full problem 114 rows 153 columns, reduced to 14 rows 19 columns
Cbc0038I Mini branch and bound did not improve solution (0.02 seconds)
Cbc0038I Round again with cutoff of 1.61983e+06
Cbc0038I Pass   4: suminf.    0.53394 (2) obj. 1.61983e+06 iterations 1
Cbc0038I Pass   5: suminf.    0.25609 (2) obj. 1.61983e+06 iterations 6
Cbc0038I Pass   6: suminf.    0.47144 (1) obj. 1.61983e+06 iterations 2
Cbc0038I Pass   7: suminf.    0.19359 (1) obj. 1.61983e+06 iterations 6
Cbc0038I Pass   8: suminf.    0.55330 (2) obj. 1.61983e+06 iterations 8
Cbc0038I Pass   9: suminf.    0.55330 (2) obj. 1.61983e+06 iterations 1
Cbc0038I Pass  10: suminf.    0.77041 (2) obj. 1.61983e+06 iterations 5
Cbc0038I Pass  11: suminf.    0.78659 (3) obj. 1.61983e+06 iterations 5
Cbc0038I Pass  12: suminf.    0.55330 (2) obj. 1.61983e+06 iterations 1
Cbc0038I Pass  13: suminf.    0.77041 (2) obj. 1.61983e+06 iterations 2
Cbc0038I Pass  14: suminf.    0.77041 (2) obj. 1.61983e+06 iterations 14
Cbc0038I Pass  15: suminf.    0.55330 (3) obj. 1.61983e+06 iterations 2
Cbc0038I Pass  16: suminf.    0.77041 (2) obj. 1.61983e+06 iterations 4
Cbc0038I Pass  17: suminf.    1.13820 (4) obj. 1.61983e+06 iterations 12
Cbc0038I Pass  18: suminf.    0.55330 (3) obj. 1.61983e+06 iterations 2
Cbc0038I Pass  19: suminf.    0.77041 (2) obj. 1.61983e+06 iterations 4
Cbc0038I Pass  20: suminf.    1.27582 (4) obj. 1.61983e+06 iterations 14
Cbc0038I Pass  21: suminf.    1.05871 (5) obj. 1.61983e+06 iterations 3
Cbc0038I Pass  22: suminf.    0.77041 (2) obj. 1.61983e+06 iterations 6
Cbc0038I Pass  23: suminf.    0.55330 (3) obj. 1.61983e+06 iterations 3
Cbc0038I Pass  24: suminf.    1.27422 (5) obj. 1.61983e+06 iterations 23
Cbc0038I Pass  25: suminf.    0.45165 (2) obj. 1.61983e+06 iterations 5
Cbc0038I Pass  26: suminf.    0.25609 (2) obj. 1.61983e+06 iterations 3
Cbc0038I Pass  27: suminf.    0.29720 (1) obj. 1.61983e+06 iterations 2
Cbc0038I Pass  28: suminf.    0.19359 (1) obj. 1.61983e+06 iterations 7
Cbc0038I Pass  29: suminf.    0.91828 (4) obj. 1.61983e+06 iterations 18
Cbc0038I Pass  30: suminf.    0.68499 (3) obj. 1.61983e+06 iterations 1
Cbc0038I Pass  31: suminf.    0.47144 (1) obj. 1.61983e+06 iterations 3
Cbc0038I Pass  32: suminf.    0.19359 (1) obj. 1.61983e+06 iterations 4
Cbc0038I Pass  33: suminf.    0.99018 (4) obj. 1.61983e+06 iterations 11
Cbc0038I No solution found this major pass
Cbc0038I Before mini branch and bound, 2 integers at bound fixed and 62 continuous
Cbc0038I Full problem 114 rows 153 columns, reduced to 21 rows 30 columns
Cbc0038I Mini branch and bound improved solution from 1.61987e+06 to 1.61978e+06 (0.03 seconds)
Cbc0038I Round again with cutoff of 1.61975e+06
Cbc0038I Pass  33: suminf.    0.66120 (4) obj. 1.61975e+06 iterations 3
Cbc0038I Pass  34: suminf.    0.66120 (3) obj. 1.61975e+06 iterations 4
Cbc0038I Pass  35: suminf.    0.87420 (3) obj. 1.61975e+06 iterations 7
Cbc0038I Pass  36: suminf.    0.80506 (2) obj. 1.61975e+06 iterations 1
Cbc0038I Pass  37: suminf.    0.59870 (2) obj. 1.61975e+06 iterations 1
Cbc0038I Pass  38: suminf.    0.59870 (2) obj. 1.61975e+06 iterations 11
Cbc0038I Pass  39: suminf.    0.59870 (2) obj. 1.61975e+06 iterations 0
Cbc0038I Pass  40: suminf.    0.87420 (3) obj. 1.61975e+06 iterations 6
Cbc0038I Pass  41: suminf.    0.80506 (2) obj. 1.61975e+06 iterations 1
Cbc0038I Pass  42: suminf.    0.59870 (2) obj. 1.61975e+06 iterations 1
Cbc0038I Pass  43: suminf.    1.39240 (4) obj. 1.61975e+06 iterations 8
Cbc0038I Pass  44: suminf.    0.94211 (3) obj. 1.61975e+06 iterations 1
Cbc0038I Pass  45: suminf.    0.87420 (3) obj. 1.61975e+06 iterations 6
Cbc0038I Pass  46: suminf.    0.80506 (2) obj. 1.61975e+06 iterations 1
Cbc0038I Pass  47: suminf.    0.59870 (2) obj. 1.61975e+06 iterations 1
Cbc0038I Pass  48: suminf.    1.02899 (4) obj. 1.61975e+06 iterations 11
Cbc0038I Pass  49: suminf.    0.66120 (3) obj. 1.61975e+06 iterations 3
Cbc0038I Pass  50: suminf.    0.14282 (2) obj. 1.61975e+06 iterations 6
Cbc0038I Pass  51: suminf.    0.63470 (3) obj. 1.61975e+06 iterations 5
Cbc0038I Pass  52: suminf.    0.63470 (3) obj. 1.61975e+06 iterations 1
Cbc0038I Pass  53: suminf.    0.59870 (3) obj. 1.61975e+06 iterations 8
Cbc0038I Pass  54: suminf.    0.59870 (2) obj. 1.61975e+06 iterations 1
Cbc0038I Pass  55: suminf.    0.14282 (2) obj. 1.61975e+06 iterations 5
Cbc0038I Pass  56: suminf.    0.63470 (3) obj. 1.61975e+06 iterations 5
Cbc0038I Pass  57: suminf.    0.63470 (3) obj. 1.61975e+06 iterations 1
Cbc0038I Pass  58: suminf.    0.59870 (3) obj. 1.61975e+06 iterations 8
Cbc0038I Pass  59: suminf.    0.59870 (2) obj. 1.61975e+06 iterations 1
Cbc0038I Pass  60: suminf.    0.14282 (2) obj. 1.61975e+06 iterations 5
Cbc0038I Pass  61: suminf.    0.63470 (3) obj. 1.61975e+06 iterations 5
Cbc0038I Pass  62: suminf.    0.63470 (3) obj. 1.61975e+06 iterations 1
Cbc0038I No solution found this major pass
Cbc0038I Before mini branch and bound, 7 integers at bound fixed and 64 continuous
Cbc0038I Full problem 114 rows 153 columns, reduced to 22 rows 32 columns
Cbc0038I Mini branch and bound did not improve solution (0.05 seconds)
Cbc0038I After 0.05 seconds - Feasibility pump exiting with objective of 1.61978e+06 - took 0.04 seconds
Cbc0012I Integer solution of 1619778.7 found by feasibility pump after 0 iterations and 0 nodes (0.05 seconds)
Cbc0038I Full problem 114 rows 153 columns, reduced to 73 rows 110 columns
Cbc0031I 12 added rows had average density of 23.416667
Cbc0013I At root node, 12 cuts changed objective from 1619668.2 to 1619751.7 in 84 passes
Cbc0014I Cut generator 0 (Probing) - 7 row cuts average 2.0 elements, 2 column cuts (2 active)  in 0.014 seconds - new frequency is 1
Cbc0014I Cut generator 1 (Gomory) - 232 row cuts average 34.6 elements, 0 column cuts (0 active)  in 0.012 seconds - new frequency is 1
Cbc0014I Cut generator 2 (Knapsack) - 0 row cuts average 0.0 elements, 0 column cuts (0 active)  in 0.013 seconds - new frequency is -100
Cbc0014I Cut generator 3 (Clique) - 0 row cuts average 0.0 elements, 0 column cuts (0 active)  in 0.001 seconds - new frequency is -100
Cbc0014I Cut generator 4 (MixedIntegerRounding2) - 4 row cuts average 4.8 elements, 0 column cuts (0 active)  in 0.008 seconds - new frequency is -100
Cbc0014I Cut generator 5 (FlowCover) - 1 row cuts average 2.0 elements, 0 column cuts (0 active)  in 0.018 seconds - new frequency is -100
Cbc0014I Cut generator 6 (TwoMirCuts) - 21 row cuts average 11.9 elements, 0 column cuts (0 active)  in 0.002 seconds - new frequency is -100
Cbc0010I After 0 nodes, 1 on tree, 1619778.7 best solution, best possible 1619751.7 (0.17 seconds)
Cbc0001I Search completed - best objective 1619778.687759482, took 643 iterations and 10 nodes (0.19 seconds)
Cbc0032I Strong branching done 38 times (149 iterations), fathomed 2 nodes and fixed 1 variables
Cbc0035I Maximum depth 3, 1 variables fixed on reduced cost
Cuts at root node changed objective from 1.61967e+06 to 1.61975e+06
Probing was tried 101 times and created 10 cuts of which 0 were active after adding rounds of cuts (0.015 seconds)
Gomory was tried 101 times and created 247 cuts of which 0 were active after adding rounds of cuts (0.013 seconds)
Knapsack was tried 84 times and created 0 cuts of which 0 were active after adding rounds of cuts (0.013 seconds)
Clique was tried 84 times and created 0 cuts of which 0 were active after adding rounds of cuts (0.001 seconds)
MixedIntegerRounding2 was tried 84 times and created 4 cuts of which 0 were active after adding rounds of cuts (0.008 seconds)
FlowCover was tried 84 times and created 1 cuts of which 0 were active after adding rounds of cuts (0.018 seconds)
TwoMirCuts was tried 84 times and created 21 cuts of which 0 were active after adding rounds of cuts (0.002 seconds)
ZeroHalf was tried 1 times and created 0 cuts of which 0 were active after adding rounds of cuts (0.000 seconds)

Result - Optimal solution found

Objective value:                1619778.68775948
Enumerated nodes:               10
Total iterations:               643
Time (CPU seconds):             0.20
Time (Wallclock seconds):       0.20

Option for printingOptions changed from normal to all
Total time (CPU seconds):       0.22   (Wallclock seconds):       0.22

