Welcome to the CBC MILP Solver 
Version: 2.10.3 
Build Date: Dec 15 2019 

command line - E:\dachuang\.venv\Lib\site-packages\pulp\apis\../solverdir/cbc/win/i64/cbc.exe model.mps -primalTolerance 1e-9 -integerTolerance 1e-9 -ratioGap 0 -allowableGap 0 -threads 0 -branch -printingOptions all -solution solution.txt -saveSolution solution.bin -quit (default strategy 1)
At line 2 NAME          MODEL
At line 3 ROWS
At line 317 COLUMNS
At line 1133 RHS
At line 1446 BOUNDS
At line 1521 ENDATA
Problem MODEL has 312 rows, 241 columns and 647 elements
Coin0008I MODEL read with 0 errors
primalTolerance was changed from 1e-07 to 1e-09
integerTolerance was changed from 1e-07 to 1e-09
ratioGap was changed from 0 to 0
allowableGap was changed from 1e-10 to 0
Continuous objective value is 2.00641e+06 - 0.00 seconds
Cgl0004I processed model has 112 rows, 155 columns (24 integer (24 of which binary)) and 327 elements
Cbc0038I Initial state - 8 integers unsatisfied sum - 2.71766
Cbc0038I Pass   1: suminf.    0.00000 (0) obj. 2.14048e+06 iterations 17
Cbc0038I Solution found of 2.14048e+06
Cbc0038I Relaxing continuous gives 2.1325e+06
Cbc0038I Before mini branch and bound, 16 integers at bound fixed and 80 continuous
Cbc0038I Full problem 112 rows 155 columns, reduced to 7 rows 11 columns
Cbc0038I Mini branch and bound improved solution from 2.1325e+06 to 2.00676e+06 (0.01 seconds)
Cbc0038I Round again with cutoff of 2.00672e+06
Cbc0038I Pass   2: suminf.    0.87311 (4) obj. 2.00672e+06 iterations 11
Cbc0038I Pass   3: suminf.    0.00000 (0) obj. 2.00672e+06 iterations 10
Cbc0038I Solution found of 2.00672e+06
Cbc0038I Relaxing continuous gives 2.00658e+06
Cbc0038I Before mini branch and bound, 15 integers at bound fixed and 79 continuous
Cbc0038I Full problem 112 rows 155 columns, reduced to 18 rows 24 columns
Cbc0038I Mini branch and bound improved solution from 2.00658e+06 to 2.00653e+06 (0.02 seconds)
Cbc0038I Round again with cutoff of 2.00651e+06
Cbc0038I Pass   4: suminf.    1.03620 (5) obj. 2.00651e+06 iterations 2
Cbc0038I Pass   5: suminf.    1.02429 (4) obj. 2.00651e+06 iterations 1
Cbc0038I Pass   6: suminf.    0.30051 (1) obj. 2.00651e+06 iterations 8
Cbc0038I Pass   7: suminf.    0.06636 (1) obj. 2.00651e+06 iterations 1
Cbc0038I Pass   8: suminf.    0.30051 (1) obj. 2.00651e+06 iterations 10
Cbc0038I Pass   9: suminf.    0.06636 (1) obj. 2.00651e+06 iterations 4
Cbc0038I Pass  10: suminf.    0.30051 (1) obj. 2.00651e+06 iterations 4
Cbc0038I Pass  11: suminf.    0.82786 (3) obj. 2.00651e+06 iterations 5
Cbc0038I Pass  12: suminf.    0.33636 (2) obj. 2.00651e+06 iterations 1
Cbc0038I Pass  13: suminf.    0.30051 (1) obj. 2.00651e+06 iterations 3
Cbc0038I Pass  14: suminf.    0.06636 (1) obj. 2.00651e+06 iterations 1
Cbc0038I Pass  15: suminf.    1.05899 (4) obj. 2.00651e+06 iterations 17
Cbc0038I Pass  16: suminf.    1.05899 (3) obj. 2.00651e+06 iterations 6
Cbc0038I Pass  17: suminf.    0.41364 (1) obj. 2.00651e+06 iterations 5
Cbc0038I Pass  18: suminf.    0.11349 (1) obj. 2.00651e+06 iterations 4
Cbc0038I Pass  19: suminf.    0.93680 (3) obj. 2.00651e+06 iterations 10
Cbc0038I Pass  20: suminf.    0.47299 (2) obj. 2.00651e+06 iterations 1
Cbc0038I Pass  21: suminf.    0.41364 (1) obj. 2.00651e+06 iterations 2
Cbc0038I Pass  22: suminf.    0.11349 (1) obj. 2.00651e+06 iterations 2
Cbc0038I Pass  23: suminf.    1.05535 (5) obj. 2.00651e+06 iterations 15
Cbc0038I Pass  24: suminf.    1.05535 (5) obj. 2.00651e+06 iterations 3
Cbc0038I Pass  25: suminf.    0.06636 (1) obj. 2.00651e+06 iterations 13
Cbc0038I Pass  26: suminf.    0.30051 (1) obj. 2.00651e+06 iterations 1
Cbc0038I Pass  27: suminf.    0.77314 (2) obj. 2.00651e+06 iterations 18
Cbc0038I Pass  28: suminf.    0.47299 (2) obj. 2.00651e+06 iterations 1
Cbc0038I Pass  29: suminf.    0.41364 (1) obj. 2.00651e+06 iterations 2
Cbc0038I Pass  30: suminf.    0.11349 (1) obj. 2.00651e+06 iterations 1
Cbc0038I Pass  31: suminf.    0.27917 (3) obj. 2.00651e+06 iterations 10
Cbc0038I Pass  32: suminf.    0.27917 (3) obj. 2.00651e+06 iterations 1
Cbc0038I Pass  33: suminf.    0.41364 (1) obj. 2.00651e+06 iterations 3
Cbc0038I No solution found this major pass
Cbc0038I Before mini branch and bound, 4 integers at bound fixed and 67 continuous
Cbc0038I Full problem 112 rows 155 columns, reduced to 23 rows 30 columns
Cbc0038I Mini branch and bound improved solution from 2.00653e+06 to 2.00653e+06 (0.03 seconds)
Cbc0038I Freeing continuous variables gives a solution of 2.00653e+06
Cbc0038I Round again with cutoff of 2.00648e+06
Cbc0038I Pass  33: suminf.    1.16039 (6) obj. 2.00648e+06 iterations 1
Cbc0038I Pass  34: suminf.    1.16039 (6) obj. 2.00648e+06 iterations 3
Cbc0038I Pass  35: suminf.    0.29073 (1) obj. 2.00648e+06 iterations 16
Cbc0038I Pass  36: suminf.    0.24967 (1) obj. 2.00648e+06 iterations 1
Cbc0038I Pass  37: suminf.    0.51967 (2) obj. 2.00648e+06 iterations 5
Cbc0038I Pass  38: suminf.    0.51967 (2) obj. 2.00648e+06 iterations 0
Cbc0038I Pass  39: suminf.    0.70927 (2) obj. 2.00648e+06 iterations 3
Cbc0038I Pass  40: suminf.    0.24967 (1) obj. 2.00648e+06 iterations 2
Cbc0038I Pass  41: suminf.    0.24967 (1) obj. 2.00648e+06 iterations 1
Cbc0038I Pass  42: suminf.    0.24967 (1) obj. 2.00648e+06 iterations 8
Cbc0038I Pass  43: suminf.    0.29073 (1) obj. 2.00648e+06 iterations 4
Cbc0038I Pass  44: suminf.    0.24967 (1) obj. 2.00648e+06 iterations 1
Cbc0038I Pass  45: suminf.    0.60917 (2) obj. 2.00648e+06 iterations 4
Cbc0038I Pass  46: suminf.    0.29073 (1) obj. 2.00648e+06 iterations 2
Cbc0038I Pass  47: suminf.    0.24967 (1) obj. 2.00648e+06 iterations 1
Cbc0038I Pass  48: suminf.    0.72954 (3) obj. 2.00648e+06 iterations 15
Cbc0038I Pass  49: suminf.    0.72954 (3) obj. 2.00648e+06 iterations 3
Cbc0038I Pass  50: suminf.    0.29305 (2) obj. 2.00648e+06 iterations 11
Cbc0038I Pass  51: suminf.    0.28677 (2) obj. 2.00648e+06 iterations 2
Cbc0038I Pass  52: suminf.    0.68617 (2) obj. 2.00648e+06 iterations 9
Cbc0038I Pass  53: suminf.    0.68617 (2) obj. 2.00648e+06 iterations 1
Cbc0038I Pass  54: suminf.    0.29073 (1) obj. 2.00648e+06 iterations 5
Cbc0038I Pass  55: suminf.    0.24967 (1) obj. 2.00648e+06 iterations 1
Cbc0038I Pass  56: suminf.    0.34567 (2) obj. 2.00648e+06 iterations 2
Cbc0038I Pass  57: suminf.    0.29073 (1) obj. 2.00648e+06 iterations 2
Cbc0038I Pass  58: suminf.    0.24967 (1) obj. 2.00648e+06 iterations 1
Cbc0038I Pass  59: suminf.    1.12336 (3) obj. 2.00648e+06 iterations 10
Cbc0038I Pass  60: suminf.    1.12336 (3) obj. 2.00648e+06 iterations 1
Cbc0038I Pass  61: suminf.    0.29073 (1) obj. 2.00648e+06 iterations 3
Cbc0038I Pass  62: suminf.    0.24967 (1) obj. 2.00648e+06 iterations 1
Cbc0038I No solution found this major pass
Cbc0038I Before mini branch and bound, 4 integers at bound fixed and 69 continuous
Cbc0038I Full problem 112 rows 155 columns, reduced to 23 rows 30 columns
Cbc0038I Mini branch and bound did not improve solution (0.05 seconds)
Cbc0038I After 0.05 seconds - Feasibility pump exiting with objective of 2.00653e+06 - took 0.04 seconds
Cbc0012I Integer solution of 2006525.4 found by feasibility pump after 0 iterations and 0 nodes (0.05 seconds)
Cbc0038I Full problem 112 rows 155 columns, reduced to 73 rows 113 columns
Cbc0031I 8 added rows had average density of 8.875
Cbc0013I At root node, 8 cuts changed objective from 2006414.9 to 2006477 in 45 passes
Cbc0014I Cut generator 0 (Probing) - 2 row cuts average 2.0 elements, 3 column cuts (3 active)  in 0.005 seconds - new frequency is 1
Cbc0014I Cut generator 1 (Gomory) - 59 row cuts average 27.5 elements, 0 column cuts (0 active)  in 0.006 seconds - new frequency is 1
Cbc0014I Cut generator 2 (Knapsack) - 0 row cuts average 0.0 elements, 0 column cuts (0 active)  in 0.010 seconds - new frequency is -100
Cbc0014I Cut generator 3 (Clique) - 0 row cuts average 0.0 elements, 0 column cuts (0 active)  in 0.001 seconds - new frequency is -100
Cbc0014I Cut generator 4 (MixedIntegerRounding2) - 5 row cuts average 4.0 elements, 0 column cuts (0 active)  in 0.001 seconds - new frequency is -100
Cbc0014I Cut generator 5 (FlowCover) - 0 row cuts average 0.0 elements, 0 column cuts (0 active)  in 0.009 seconds - new frequency is -100
Cbc0014I Cut generator 6 (TwoMirCuts) - 20 row cuts average 12.3 elements, 0 column cuts (0 active)  in 0.001 seconds - new frequency is -100
Cbc0010I After 0 nodes, 1 on tree, 2006525.4 best solution, best possible 2006477 (0.11 seconds)
Cbc0001I Search completed - best objective 2006525.419825241, took 229 iterations and 6 nodes (0.12 seconds)
Cbc0032I Strong branching done 20 times (46 iterations), fathomed 4 nodes and fixed 0 variables
Cbc0035I Maximum depth 2, 0 variables fixed on reduced cost
Cuts at root node changed objective from 2.00641e+06 to 2.00648e+06
Probing was tried 53 times and created 5 cuts of which 0 were active after adding rounds of cuts (0.006 seconds)
Gomory was tried 53 times and created 61 cuts of which 0 were active after adding rounds of cuts (0.006 seconds)
Knapsack was tried 45 times and created 0 cuts of which 0 were active after adding rounds of cuts (0.010 seconds)
Clique was tried 45 times and created 0 cuts of which 0 were active after adding rounds of cuts (0.001 seconds)
MixedIntegerRounding2 was tried 45 times and created 5 cuts of which 0 were active after adding rounds of cuts (0.001 seconds)
FlowCover was tried 45 times and created 0 cuts of which 0 were active after adding rounds of cuts (0.009 seconds)
TwoMirCuts was tried 45 times and created 20 cuts of which 0 were active after adding rounds of cuts (0.001 seconds)
ZeroHalf was tried 1 times and created 0 cuts of which 0 were active after adding rounds of cuts (0.000 seconds)

Result - Optimal solution found

Objective value:                2006525.41982524
Enumerated nodes:               6
Total iterations:               229
Time (CPU seconds):             0.12
Time (Wallclock seconds):       0.12

Option for printingOptions changed from normal to all
Total time (CPU seconds):       0.15   (Wallclock seconds):       0.15

