Welcome to the CBC MILP Solver 
Version: 2.10.3 
Build Date: Dec 15 2019 

command line - E:\dachuang\.venv\Lib\site-packages\pulp\apis\../solverdir/cbc/win/i64/cbc.exe model.mps -primalTolerance 1e-9 -integerTolerance 1e-9 -ratioGap 0 -allowableGap 0 -threads 0 -branch -printingOptions all -solution solution.txt -saveSolution solution.bin -quit (default strategy 1)
At line 2 NAME          MODEL
At line 3 ROWS
At line 317 COLUMNS
At line 1133 RHS
At line 1446 BOUNDS
At line 1521 ENDATA
Problem MODEL has 312 rows, 241 columns and 647 elements
Coin0008I MODEL read with 0 errors
primalTolerance was changed from 1e-07 to 1e-09
integerTolerance was changed from 1e-07 to 1e-09
ratioGap was changed from 0 to 0
allowableGap was changed from 1e-10 to 0
Continuous objective value is 747644 - 0.00 seconds
Cgl0004I processed model has 117 rows, 165 columns (24 integer (24 of which binary)) and 352 elements
Cbc0038I Initial state - 10 integers unsatisfied sum - 3.24306
Cbc0038I Pass   1: suminf.    0.00000 (0) obj. 941742 iterations 21
Cbc0038I Solution found of 941742
Cbc0038I Relaxing continuous gives 814292
Cbc0038I Before mini branch and bound, 14 integers at bound fixed and 80 continuous
Cbc0038I Full problem 117 rows 165 columns, reduced to 11 rows 17 columns
Cbc0038I Mini branch and bound improved solution from 814292 to 747987 (0.01 seconds)
Cbc0038I Round again with cutoff of 747953
Cbc0038I Pass   2: suminf.    0.84472 (4) obj. 747953 iterations 16
Cbc0038I Pass   3: suminf.    0.00000 (0) obj. 747953 iterations 11
Cbc0038I Solution found of 747953
Cbc0038I Relaxing continuous gives 747897
Cbc0038I Before mini branch and bound, 12 integers at bound fixed and 78 continuous
Cbc0038I Full problem 117 rows 165 columns, reduced to 19 rows 25 columns
Cbc0038I Mini branch and bound improved solution from 747897 to 747764 (0.02 seconds)
Cbc0038I Round again with cutoff of 747740
Cbc0038I Pass   4: suminf.    1.41101 (6) obj. 747740 iterations 2
Cbc0038I Pass   5: suminf.    1.41101 (6) obj. 747740 iterations 4
Cbc0038I Pass   6: suminf.    0.41797 (1) obj. 747740 iterations 15
Cbc0038I Pass   7: suminf.    0.11469 (1) obj. 747740 iterations 1
Cbc0038I Pass   8: suminf.    0.31180 (2) obj. 747740 iterations 9
Cbc0038I Pass   9: suminf.    0.31180 (2) obj. 747740 iterations 0
Cbc0038I Pass  10: suminf.    0.11469 (1) obj. 747740 iterations 2
Cbc0038I Pass  11: suminf.    0.41797 (1) obj. 747740 iterations 2
Cbc0038I Pass  12: suminf.    1.28669 (5) obj. 747740 iterations 13
Cbc0038I Pass  13: suminf.    0.80764 (3) obj. 747740 iterations 3
Cbc0038I Pass  14: suminf.    0.58203 (2) obj. 747740 iterations 6
Cbc0038I Pass  15: suminf.    0.20930 (2) obj. 747740 iterations 4
Cbc0038I Pass  16: suminf.    0.20930 (2) obj. 747740 iterations 1
Cbc0038I Pass  17: suminf.    1.09315 (3) obj. 747740 iterations 4
Cbc0038I Pass  18: suminf.    0.58855 (3) obj. 747740 iterations 6
Cbc0038I Pass  19: suminf.    0.58855 (3) obj. 747740 iterations 1
Cbc0038I Pass  20: suminf.    0.20930 (2) obj. 747740 iterations 9
Cbc0038I Pass  21: suminf.    0.20930 (2) obj. 747740 iterations 0
Cbc0038I Pass  22: suminf.    1.09315 (3) obj. 747740 iterations 4
Cbc0038I Pass  23: suminf.    0.58855 (3) obj. 747740 iterations 6
Cbc0038I Pass  24: suminf.    0.58855 (3) obj. 747740 iterations 1
Cbc0038I Pass  25: suminf.    0.20930 (2) obj. 747740 iterations 6
Cbc0038I Pass  26: suminf.    0.20930 (2) obj. 747740 iterations 0
Cbc0038I Pass  27: suminf.    1.09315 (3) obj. 747740 iterations 4
Cbc0038I Pass  28: suminf.    0.58855 (3) obj. 747740 iterations 6
Cbc0038I Pass  29: suminf.    0.58855 (3) obj. 747740 iterations 1
Cbc0038I Pass  30: suminf.    0.20930 (2) obj. 747740 iterations 6
Cbc0038I Pass  31: suminf.    0.20930 (2) obj. 747740 iterations 0
Cbc0038I Pass  32: suminf.    1.09315 (3) obj. 747740 iterations 4
Cbc0038I Pass  33: suminf.    0.58855 (3) obj. 747740 iterations 6
Cbc0038I No solution found this major pass
Cbc0038I Before mini branch and bound, 7 integers at bound fixed and 73 continuous
Cbc0038I Full problem 117 rows 165 columns, reduced to 21 rows 30 columns
Cbc0038I Mini branch and bound did not improve solution (0.03 seconds)
Cbc0038I After 0.03 seconds - Feasibility pump exiting with objective of 747764 - took 0.03 seconds
Cbc0012I Integer solution of 747764.38 found by feasibility pump after 0 iterations and 0 nodes (0.03 seconds)
Cbc0038I Full problem 117 rows 165 columns, reduced to 85 rows 132 columns - 2 fixed gives 80, 127 - ok now
Cbc0038I Full problem 117 rows 165 columns, reduced to 80 rows 127 columns
Cbc0031I 11 added rows had average density of 8.1818182
Cbc0013I At root node, 11 cuts changed objective from 747644.24 to 747706.95 in 43 passes
Cbc0014I Cut generator 0 (Probing) - 4 row cuts average 2.0 elements, 4 column cuts (4 active)  in 0.002 seconds - new frequency is 1
Cbc0014I Cut generator 1 (Gomory) - 96 row cuts average 22.1 elements, 0 column cuts (0 active)  in 0.006 seconds - new frequency is 1
Cbc0014I Cut generator 2 (Knapsack) - 0 row cuts average 0.0 elements, 0 column cuts (0 active)  in 0.005 seconds - new frequency is -100
Cbc0014I Cut generator 3 (Clique) - 0 row cuts average 0.0 elements, 0 column cuts (0 active)  in 0.000 seconds - new frequency is -100
Cbc0014I Cut generator 4 (MixedIntegerRounding2) - 13 row cuts average 8.5 elements, 0 column cuts (0 active)  in 0.005 seconds - new frequency is 1
Cbc0014I Cut generator 5 (FlowCover) - 3 row cuts average 2.7 elements, 0 column cuts (0 active)  in 0.006 seconds - new frequency is -100
Cbc0014I Cut generator 6 (TwoMirCuts) - 29 row cuts average 10.2 elements, 0 column cuts (0 active)  in 0.003 seconds - new frequency is -100
Cbc0010I After 0 nodes, 1 on tree, 747764.38 best solution, best possible 747706.95 (0.09 seconds)
Cbc0001I Search completed - best objective 747764.3761779709, took 422 iterations and 20 nodes (0.14 seconds)
Cbc0032I Strong branching done 64 times (168 iterations), fathomed 8 nodes and fixed 2 variables
Cbc0035I Maximum depth 4, 1 variables fixed on reduced cost
Cuts at root node changed objective from 747644 to 747707
Probing was tried 92 times and created 10 cuts of which 0 were active after adding rounds of cuts (0.004 seconds)
Gomory was tried 92 times and created 154 cuts of which 0 were active after adding rounds of cuts (0.008 seconds)
Knapsack was tried 43 times and created 0 cuts of which 0 were active after adding rounds of cuts (0.005 seconds)
Clique was tried 43 times and created 0 cuts of which 0 were active after adding rounds of cuts (0.000 seconds)
MixedIntegerRounding2 was tried 92 times and created 15 cuts of which 0 were active after adding rounds of cuts (0.008 seconds)
FlowCover was tried 43 times and created 3 cuts of which 0 were active after adding rounds of cuts (0.006 seconds)
TwoMirCuts was tried 43 times and created 29 cuts of which 0 were active after adding rounds of cuts (0.003 seconds)
ZeroHalf was tried 1 times and created 0 cuts of which 0 were active after adding rounds of cuts (0.000 seconds)

Result - Optimal solution found

Objective value:                747764.37617797
Enumerated nodes:               20
Total iterations:               422
Time (CPU seconds):             0.14
Time (Wallclock seconds):       0.14

Option for printingOptions changed from normal to all
Total time (CPU seconds):       0.17   (Wallclock seconds):       0.17

