Welcome to the CBC MILP Solver 
Version: 2.10.3 
Build Date: Dec 15 2019 

command line - E:\dachuang\.venv\Lib\site-packages\pulp\apis\../solverdir/cbc/win/i64/cbc.exe model.mps -primalTolerance 1e-9 -integerTolerance 1e-9 -ratioGap 0 -allowableGap 0 -threads 0 -branch -printingOptions all -solution solution.txt -saveSolution solution.bin -quit (default strategy 1)
At line 2 NAME          MODEL
At line 3 ROWS
At line 317 COLUMNS
At line 1133 RHS
At line 1446 BOUNDS
At line 1521 ENDATA
Problem MODEL has 312 rows, 241 columns and 647 elements
Coin0008I MODEL read with 0 errors
primalTolerance was changed from 1e-07 to 1e-09
integerTolerance was changed from 1e-07 to 1e-09
ratioGap was changed from 0 to 0
allowableGap was changed from 1e-10 to 0
Continuous objective value is 740736 - 0.00 seconds
Cgl0004I processed model has 117 rows, 165 columns (24 integer (24 of which binary)) and 352 elements
Cbc0038I Initial state - 4 integers unsatisfied sum - 1.08819
Cbc0038I Pass   1: suminf.    0.00000 (0) obj. 743967 iterations 10
Cbc0038I Solution found of 743967
Cbc0038I Relaxing continuous gives 741542
Cbc0038I Before mini branch and bound, 20 integers at bound fixed and 91 continuous
Cbc0038I Full problem 117 rows 165 columns, reduced to 3 rows 5 columns
Cbc0038I Mini branch and bound improved solution from 741542 to 740858 (0.01 seconds)
Cbc0038I Round again with cutoff of 740846
Cbc0038I Pass   2: suminf.    0.21935 (3) obj. 740846 iterations 10
Cbc0038I Pass   3: suminf.    0.42685 (1) obj. 740846 iterations 10
Cbc0038I Pass   4: suminf.    0.05273 (1) obj. 740846 iterations 2
Cbc0038I Pass   5: suminf.    1.21973 (4) obj. 740846 iterations 3
Cbc0038I Pass   6: suminf.    1.41523 (5) obj. 740846 iterations 2
Cbc0038I Pass   7: suminf.    1.21973 (4) obj. 740846 iterations 1
Cbc0038I Pass   8: suminf.    0.42685 (1) obj. 740846 iterations 6
Cbc0038I Pass   9: suminf.    0.05273 (1) obj. 740846 iterations 2
Cbc0038I Pass  10: suminf.    1.05465 (3) obj. 740846 iterations 16
Cbc0038I Pass  11: suminf.    0.48141 (1) obj. 740846 iterations 3
Cbc0038I Solution found of 740846
Cbc0038I Relaxing continuous gives 740829
Cbc0038I Before mini branch and bound, 10 integers at bound fixed and 80 continuous
Cbc0038I Full problem 117 rows 165 columns, reduced to 17 rows 24 columns
Cbc0038I Mini branch and bound improved solution from 740829 to 740829 (0.02 seconds)
Cbc0038I Round again with cutoff of 740810
Cbc0038I Pass  12: suminf.    0.37394 (3) obj. 740810 iterations 0
Cbc0038I Pass  13: suminf.    0.40186 (1) obj. 740810 iterations 8
Cbc0038I Pass  14: suminf.    0.20732 (1) obj. 740810 iterations 1
Cbc0038I Pass  15: suminf.    0.44386 (3) obj. 740810 iterations 19
Cbc0038I Pass  16: suminf.    0.08864 (1) obj. 740810 iterations 3
Cbc0038I Pass  17: suminf.    0.40186 (1) obj. 740810 iterations 1
Cbc0038I Pass  18: suminf.    1.52536 (4) obj. 740810 iterations 17
Cbc0038I Pass  19: suminf.    1.13532 (3) obj. 740810 iterations 3
Cbc0038I Pass  20: suminf.    0.40186 (1) obj. 740810 iterations 4
Cbc0038I Pass  21: suminf.    0.20732 (1) obj. 740810 iterations 1
Cbc0038I Pass  22: suminf.    0.59736 (2) obj. 740810 iterations 18
Cbc0038I Pass  23: suminf.    0.08864 (1) obj. 740810 iterations 4
Cbc0038I Pass  24: suminf.    0.40186 (1) obj. 740810 iterations 1
Cbc0038I Pass  25: suminf.    0.58164 (2) obj. 740810 iterations 13
Cbc0038I Pass  26: suminf.    0.08864 (1) obj. 740810 iterations 1
Cbc0038I Pass  27: suminf.    0.40186 (1) obj. 740810 iterations 1
Cbc0038I Pass  28: suminf.    0.40186 (2) obj. 740810 iterations 8
Cbc0038I Pass  29: suminf.    0.08864 (1) obj. 740810 iterations 2
Cbc0038I Pass  30: suminf.    0.40186 (1) obj. 740810 iterations 1
Cbc0038I Pass  31: suminf.    0.89486 (3) obj. 740810 iterations 5
Cbc0038I Pass  32: suminf.    0.08864 (1) obj. 740810 iterations 4
Cbc0038I Pass  33: suminf.    0.40186 (1) obj. 740810 iterations 1
Cbc0038I Pass  34: suminf.    1.05414 (3) obj. 740810 iterations 7
Cbc0038I Pass  35: suminf.    0.40186 (1) obj. 740810 iterations 3
Cbc0038I Pass  36: suminf.    0.08864 (1) obj. 740810 iterations 3
Cbc0038I Pass  37: suminf.    1.04398 (5) obj. 740810 iterations 9
Cbc0038I Pass  38: suminf.    0.53526 (3) obj. 740810 iterations 3
Cbc0038I Pass  39: suminf.    0.40186 (1) obj. 740810 iterations 6
Cbc0038I Pass  40: suminf.    0.08864 (1) obj. 740810 iterations 3
Cbc0038I Pass  41: suminf.    1.21674 (4) obj. 740810 iterations 10
Cbc0038I No solution found this major pass
Cbc0038I Before mini branch and bound, 3 integers at bound fixed and 77 continuous
Cbc0038I Full problem 117 rows 165 columns, reduced to 17 rows 24 columns
Cbc0038I Mini branch and bound did not improve solution (0.03 seconds)
Cbc0038I After 0.03 seconds - Feasibility pump exiting with objective of 740829 - took 0.02 seconds
Cbc0012I Integer solution of 740828.7 found by feasibility pump after 0 iterations and 0 nodes (0.03 seconds)
Cbc0038I Full problem 117 rows 165 columns, reduced to 73 rows 121 columns
Cbc0031I 10 added rows had average density of 14.5
Cbc0013I At root node, 10 cuts changed objective from 740735.85 to 740818.77 in 100 passes
Cbc0014I Cut generator 0 (Probing) - 11 row cuts average 2.0 elements, 6 column cuts (6 active)  in 0.011 seconds - new frequency is 1
Cbc0014I Cut generator 1 (Gomory) - 301 row cuts average 21.4 elements, 0 column cuts (0 active)  in 0.005 seconds - new frequency is 1
Cbc0014I Cut generator 2 (Knapsack) - 0 row cuts average 0.0 elements, 0 column cuts (0 active)  in 0.015 seconds - new frequency is -100
Cbc0014I Cut generator 3 (Clique) - 0 row cuts average 0.0 elements, 0 column cuts (0 active)  in 0.001 seconds - new frequency is -100
Cbc0014I Cut generator 4 (MixedIntegerRounding2) - 12 row cuts average 8.3 elements, 0 column cuts (0 active)  in 0.004 seconds - new frequency is -100
Cbc0014I Cut generator 5 (FlowCover) - 0 row cuts average 0.0 elements, 0 column cuts (0 active)  in 0.025 seconds - new frequency is -100
Cbc0014I Cut generator 6 (TwoMirCuts) - 15 row cuts average 11.5 elements, 0 column cuts (0 active)  in 0.007 seconds - new frequency is -100
Cbc0010I After 0 nodes, 1 on tree, 740828.7 best solution, best possible 740818.77 (0.16 seconds)
Cbc0001I Search completed - best objective 740828.6963150888, took 982 iterations and 4 nodes (0.17 seconds)
Cbc0032I Strong branching done 24 times (130 iterations), fathomed 3 nodes and fixed 1 variables
Cbc0035I Maximum depth 1, 0 variables fixed on reduced cost
Cuts at root node changed objective from 740736 to 740819
Probing was tried 111 times and created 20 cuts of which 0 were active after adding rounds of cuts (0.011 seconds)
Gomory was tried 111 times and created 314 cuts of which 0 were active after adding rounds of cuts (0.005 seconds)
Knapsack was tried 100 times and created 0 cuts of which 0 were active after adding rounds of cuts (0.015 seconds)
Clique was tried 100 times and created 0 cuts of which 0 were active after adding rounds of cuts (0.001 seconds)
MixedIntegerRounding2 was tried 100 times and created 12 cuts of which 0 were active after adding rounds of cuts (0.004 seconds)
FlowCover was tried 100 times and created 0 cuts of which 0 were active after adding rounds of cuts (0.025 seconds)
TwoMirCuts was tried 100 times and created 15 cuts of which 0 were active after adding rounds of cuts (0.007 seconds)
ZeroHalf was tried 1 times and created 0 cuts of which 0 were active after adding rounds of cuts (0.000 seconds)

Result - Optimal solution found

Objective value:                740828.69631509
Enumerated nodes:               4
Total iterations:               982
Time (CPU seconds):             0.17
Time (Wallclock seconds):       0.17

Option for printingOptions changed from normal to all
Total time (CPU seconds):       0.20   (Wallclock seconds):       0.20

