Welcome to the CBC MILP Solver 
Version: 2.10.3 
Build Date: Dec 15 2019 

command line - E:\dachuang\.venv\Lib\site-packages\pulp\apis\../solverdir/cbc/win/i64/cbc.exe model.mps -primalTolerance 1e-9 -integerTolerance 1e-9 -ratioGap 0 -allowableGap 0 -threads 0 -branch -printingOptions all -solution solution.txt -saveSolution solution.bin -quit (default strategy 1)
At line 2 NAME          MODEL
At line 3 ROWS
At line 317 COLUMNS
At line 1133 RHS
At line 1446 BOUNDS
At line 1521 ENDATA
Problem MODEL has 312 rows, 241 columns and 647 elements
Coin0008I MODEL read with 0 errors
primalTolerance was changed from 1e-07 to 1e-09
integerTolerance was changed from 1e-07 to 1e-09
ratioGap was changed from 0 to 0
allowableGap was changed from 1e-10 to 0
Continuous objective value is 2.54345e+06 - 0.00 seconds
Cgl0004I processed model has 112 rows, 155 columns (24 integer (24 of which binary)) and 327 elements
Cbc0038I Initial state - 5 integers unsatisfied sum - 1.81645
Cbc0038I Pass   1: suminf.    0.00000 (0) obj. 2.54379e+06 iterations 12
Cbc0038I Solution found of 2.54379e+06
Cbc0038I Relaxing continuous gives 2.54379e+06
Cbc0038I Before mini branch and bound, 19 integers at bound fixed and 89 continuous
Cbc0038I Full problem 112 rows 155 columns, reduced to 8 rows 9 columns
Cbc0038I Mini branch and bound did not improve solution (0.01 seconds)
Cbc0038I Freeing continuous variables gives a solution of 2.54379e+06
Cbc0038I Round again with cutoff of 2.54376e+06
Cbc0038I Pass   2: suminf.    0.14761 (1) obj. 2.54376e+06 iterations 1
Cbc0038I Pass   3: suminf.    0.08353 (1) obj. 2.54376e+06 iterations 7
Cbc0038I Pass   4: suminf.    0.46097 (2) obj. 2.54376e+06 iterations 9
Cbc0038I Pass   5: suminf.    0.27803 (1) obj. 2.54376e+06 iterations 2
Cbc0038I Pass   6: suminf.    0.23847 (1) obj. 2.54376e+06 iterations 1
Cbc0038I Pass   7: suminf.    0.30947 (2) obj. 2.54376e+06 iterations 7
Cbc0038I Pass   8: suminf.    0.53197 (2) obj. 2.54376e+06 iterations 2
Cbc0038I Pass   9: suminf.    0.53197 (2) obj. 2.54376e+06 iterations 0
Cbc0038I Pass  10: suminf.    0.30947 (2) obj. 2.54376e+06 iterations 1
Cbc0038I Pass  11: suminf.    0.30947 (2) obj. 2.54376e+06 iterations 0
Cbc0038I Pass  12: suminf.    0.62526 (3) obj. 2.54376e+06 iterations 4
Cbc0038I Pass  13: suminf.    0.30947 (2) obj. 2.54376e+06 iterations 1
Cbc0038I Pass  14: suminf.    0.53197 (2) obj. 2.54376e+06 iterations 2
Cbc0038I Pass  15: suminf.    0.53197 (2) obj. 2.54376e+06 iterations 0
Cbc0038I Pass  16: suminf.    0.30947 (2) obj. 2.54376e+06 iterations 1
Cbc0038I Pass  17: suminf.    0.67783 (3) obj. 2.54376e+06 iterations 13
Cbc0038I Pass  18: suminf.    0.98453 (3) obj. 2.54376e+06 iterations 8
Cbc0038I Pass  19: suminf.    0.30947 (2) obj. 2.54376e+06 iterations 2
Cbc0038I Pass  20: suminf.    0.53197 (2) obj. 2.54376e+06 iterations 5
Cbc0038I Pass  21: suminf.    0.53197 (2) obj. 2.54376e+06 iterations 0
Cbc0038I Pass  22: suminf.    0.30947 (2) obj. 2.54376e+06 iterations 1
Cbc0038I Pass  23: suminf.    0.14761 (1) obj. 2.54376e+06 iterations 19
Cbc0038I Pass  24: suminf.    0.14761 (1) obj. 2.54376e+06 iterations 5
Cbc0038I Pass  25: suminf.    0.53197 (2) obj. 2.54376e+06 iterations 5
Cbc0038I Pass  26: suminf.    0.30947 (2) obj. 2.54376e+06 iterations 2
Cbc0038I Pass  27: suminf.    0.30947 (2) obj. 2.54376e+06 iterations 0
Cbc0038I Pass  28: suminf.    0.53197 (2) obj. 2.54376e+06 iterations 4
Cbc0038I Pass  29: suminf.    0.33239 (1) obj. 2.54376e+06 iterations 18
Cbc0038I Pass  30: suminf.    0.00000 (0) obj. 2.54376e+06 iterations 2
Cbc0038I Solution found of 2.54376e+06
Cbc0038I Relaxing continuous gives 2.54368e+06
Cbc0038I Before mini branch and bound, 6 integers at bound fixed and 69 continuous
Cbc0038I Full problem 112 rows 155 columns, reduced to 20 rows 27 columns
Cbc0038I Mini branch and bound improved solution from 2.54368e+06 to 2.54366e+06 (0.02 seconds)
Cbc0038I Round again with cutoff of 2.54362e+06
Cbc0038I Pass  31: suminf.    0.71436 (2) obj. 2.54362e+06 iterations 3
Cbc0038I Pass  32: suminf.    0.70602 (3) obj. 2.54362e+06 iterations 4
Cbc0038I Pass  33: suminf.    0.88431 (3) obj. 2.54362e+06 iterations 6
Cbc0038I Pass  34: suminf.    0.88431 (3) obj. 2.54362e+06 iterations 0
Cbc0038I Pass  35: suminf.    0.70602 (3) obj. 2.54362e+06 iterations 4
Cbc0038I Pass  36: suminf.    0.88431 (4) obj. 2.54362e+06 iterations 13
Cbc0038I Pass  37: suminf.    0.88431 (4) obj. 2.54362e+06 iterations 0
Cbc0038I Pass  38: suminf.    0.30392 (3) obj. 2.54362e+06 iterations 6
Cbc0038I Pass  39: suminf.    0.30392 (2) obj. 2.54362e+06 iterations 2
Cbc0038I Pass  40: suminf.    0.88431 (3) obj. 2.54362e+06 iterations 7
Cbc0038I Pass  41: suminf.    0.70602 (3) obj. 2.54362e+06 iterations 4
Cbc0038I Pass  42: suminf.    0.70602 (3) obj. 2.54362e+06 iterations 0
Cbc0038I Pass  43: suminf.    0.88431 (3) obj. 2.54362e+06 iterations 3
Cbc0038I Pass  44: suminf.    0.95531 (3) obj. 2.54362e+06 iterations 14
Cbc0038I Pass  45: suminf.    0.95531 (3) obj. 2.54362e+06 iterations 4
Cbc0038I Pass  46: suminf.    0.27242 (2) obj. 2.54362e+06 iterations 7
Cbc0038I Pass  47: suminf.    0.27242 (2) obj. 2.54362e+06 iterations 1
Cbc0038I Pass  48: suminf.    0.95531 (3) obj. 2.54362e+06 iterations 7
Cbc0038I Pass  49: suminf.    0.56626 (2) obj. 2.54362e+06 iterations 8
Cbc0038I Pass  50: suminf.    0.25047 (1) obj. 2.54362e+06 iterations 2
Cbc0038I Pass  51: suminf.    0.37492 (2) obj. 2.54362e+06 iterations 3
Cbc0038I Pass  52: suminf.    0.95531 (3) obj. 2.54362e+06 iterations 6
Cbc0038I Pass  53: suminf.    0.77702 (3) obj. 2.54362e+06 iterations 4
Cbc0038I Pass  54: suminf.    0.77702 (3) obj. 2.54362e+06 iterations 0
Cbc0038I Pass  55: suminf.    0.95531 (3) obj. 2.54362e+06 iterations 3
Cbc0038I Pass  56: suminf.    1.27110 (4) obj. 2.54362e+06 iterations 1
Cbc0038I Pass  57: suminf.    1.20010 (4) obj. 2.54362e+06 iterations 15
Cbc0038I Pass  58: suminf.    0.88431 (3) obj. 2.54362e+06 iterations 2
Cbc0038I Pass  59: suminf.    0.20142 (2) obj. 2.54362e+06 iterations 7
Cbc0038I Pass  60: suminf.    0.20142 (2) obj. 2.54362e+06 iterations 1
Cbc0038I No solution found this major pass
Cbc0038I Before mini branch and bound, 7 integers at bound fixed and 69 continuous
Cbc0038I Full problem 112 rows 155 columns, reduced to 23 rows 31 columns
Cbc0038I Mini branch and bound did not improve solution (0.04 seconds)
Cbc0038I After 0.04 seconds - Feasibility pump exiting with objective of 2.54366e+06 - took 0.03 seconds
Cbc0012I Integer solution of 2543663.3 found by feasibility pump after 0 iterations and 0 nodes (0.04 seconds)
Cbc0038I Full problem 112 rows 155 columns, reduced to 59 rows 98 columns
Cbc0031I 9 added rows had average density of 18.888889
Cbc0013I At root node, 9 cuts changed objective from 2543447 to 2543637 in 100 passes
Cbc0014I Cut generator 0 (Probing) - 3 row cuts average 2.7 elements, 2 column cuts (2 active)  in 0.009 seconds - new frequency is -100
Cbc0014I Cut generator 1 (Gomory) - 212 row cuts average 36.2 elements, 0 column cuts (0 active)  in 0.014 seconds - new frequency is 1
Cbc0014I Cut generator 2 (Knapsack) - 0 row cuts average 0.0 elements, 0 column cuts (0 active)  in 0.016 seconds - new frequency is -100
Cbc0014I Cut generator 3 (Clique) - 0 row cuts average 0.0 elements, 0 column cuts (0 active)  in 0.000 seconds - new frequency is -100
Cbc0014I Cut generator 4 (MixedIntegerRounding2) - 13 row cuts average 4.0 elements, 0 column cuts (0 active)  in 0.004 seconds - new frequency is -100
Cbc0014I Cut generator 5 (FlowCover) - 0 row cuts average 0.0 elements, 0 column cuts (0 active)  in 0.015 seconds - new frequency is -100
Cbc0014I Cut generator 6 (TwoMirCuts) - 17 row cuts average 19.5 elements, 0 column cuts (0 active)  in 0.004 seconds - new frequency is -100
Cbc0010I After 0 nodes, 1 on tree, 2543663.3 best solution, best possible 2543637 (0.16 seconds)
Cbc0001I Search completed - best objective 2543663.306940234, took 454 iterations and 2 nodes (0.16 seconds)
Cbc0032I Strong branching done 14 times (49 iterations), fathomed 2 nodes and fixed 3 variables
Cbc0035I Maximum depth 0, 0 variables fixed on reduced cost
Cuts at root node changed objective from 2.54345e+06 to 2.54364e+06
Probing was tried 100 times and created 5 cuts of which 0 were active after adding rounds of cuts (0.009 seconds)
Gomory was tried 102 times and created 212 cuts of which 0 were active after adding rounds of cuts (0.014 seconds)
Knapsack was tried 100 times and created 0 cuts of which 0 were active after adding rounds of cuts (0.016 seconds)
Clique was tried 100 times and created 0 cuts of which 0 were active after adding rounds of cuts (0.000 seconds)
MixedIntegerRounding2 was tried 100 times and created 13 cuts of which 0 were active after adding rounds of cuts (0.004 seconds)
FlowCover was tried 100 times and created 0 cuts of which 0 were active after adding rounds of cuts (0.015 seconds)
TwoMirCuts was tried 100 times and created 17 cuts of which 0 were active after adding rounds of cuts (0.004 seconds)
ZeroHalf was tried 1 times and created 0 cuts of which 0 were active after adding rounds of cuts (0.000 seconds)

Result - Optimal solution found

Objective value:                2543663.30694023
Enumerated nodes:               2
Total iterations:               454
Time (CPU seconds):             0.17
Time (Wallclock seconds):       0.17

Option for printingOptions changed from normal to all
Total time (CPU seconds):       0.19   (Wallclock seconds):       0.19

