Welcome to the CBC MILP Solver 
Version: 2.10.3 
Build Date: Dec 15 2019 

command line - E:\dachuang\.venv\Lib\site-packages\pulp\apis\../solverdir/cbc/win/i64/cbc.exe model.mps -primalTolerance 1e-9 -integerTolerance 1e-9 -ratioGap 0 -allowableGap 0 -threads 0 -branch -printingOptions all -solution solution.txt -saveSolution solution.bin -quit (default strategy 1)
At line 2 NAME          MODEL
At line 3 ROWS
At line 317 COLUMNS
At line 1133 RHS
At line 1446 BOUNDS
At line 1521 ENDATA
Problem MODEL has 312 rows, 241 columns and 647 elements
Coin0008I MODEL read with 0 errors
primalTolerance was changed from 1e-07 to 1e-09
integerTolerance was changed from 1e-07 to 1e-09
ratioGap was changed from 0 to 0
allowableGap was changed from 1e-10 to 0
Continuous objective value is 3.36555e+06 - 0.00 seconds
Cgl0004I processed model has 109 rows, 149 columns (24 integer (24 of which binary)) and 312 elements
Cbc0038I Initial state - 6 integers unsatisfied sum - 1.38541
Cbc0038I Pass   1: suminf.    0.00000 (0) obj. 3.40218e+06 iterations 13
Cbc0038I Solution found of 3.40218e+06
Cbc0038I Relaxing continuous gives 3.40125e+06
Cbc0038I Before mini branch and bound, 18 integers at bound fixed and 78 continuous
Cbc0038I Full problem 109 rows 149 columns, reduced to 3 rows 4 columns
Cbc0038I Mini branch and bound improved solution from 3.40125e+06 to 3.36581e+06 (0.01 seconds)
Cbc0038I Freeing continuous variables gives a solution of 3.36581e+06
Cbc0038I Round again with cutoff of 3.36578e+06
Cbc0038I Pass   2: suminf.    0.31862 (2) obj. 3.36578e+06 iterations 4
Cbc0038I Pass   3: suminf.    0.05237 (1) obj. 3.36578e+06 iterations 5
Cbc0038I Pass   4: suminf.    0.11412 (1) obj. 3.36578e+06 iterations 4
Cbc0038I Pass   5: suminf.    0.60038 (2) obj. 3.36578e+06 iterations 6
Cbc0038I Pass   6: suminf.    0.43041 (1) obj. 3.36578e+06 iterations 1
Cbc0038I Pass   7: suminf.    0.05237 (1) obj. 3.36578e+06 iterations 4
Cbc0038I Pass   8: suminf.    0.00000 (0) obj. 3.36578e+06 iterations 5
Cbc0038I Solution found of 3.36578e+06
Cbc0038I Relaxing continuous gives 3.36578e+06
Cbc0038I Before mini branch and bound, 16 integers at bound fixed and 74 continuous
Cbc0038I Full problem 109 rows 149 columns, reduced to 17 rows 22 columns
Cbc0038I Mini branch and bound did not improve solution (0.02 seconds)
Cbc0038I Freeing continuous variables gives a solution of 3.36578e+06
Cbc0038I Round again with cutoff of 3.36573e+06
Cbc0038I Pass   9: suminf.    0.54888 (2) obj. 3.36573e+06 iterations 0
Cbc0038I Pass  10: suminf.    0.30751 (1) obj. 3.36573e+06 iterations 5
Cbc0038I Pass  11: suminf.    0.34438 (1) obj. 3.36573e+06 iterations 2
Cbc0038I Pass  12: suminf.    0.32079 (1) obj. 3.36573e+06 iterations 10
Cbc0038I Pass  13: suminf.    0.27986 (1) obj. 3.36573e+06 iterations 2
Cbc0038I Pass  14: suminf.    0.32149 (1) obj. 3.36573e+06 iterations 5
Cbc0038I Pass  15: suminf.    0.00000 (0) obj. 3.36573e+06 iterations 2
Cbc0038I Solution found of 3.36573e+06
Cbc0038I Relaxing continuous gives 3.36566e+06
Cbc0038I Before mini branch and bound, 16 integers at bound fixed and 74 continuous
Cbc0038I Full problem 109 rows 149 columns, reduced to 19 rows 24 columns
Cbc0038I Mini branch and bound did not improve solution (0.02 seconds)
Cbc0038I Round again with cutoff of 3.36563e+06
Cbc0038I Pass  16: suminf.    0.99240 (4) obj. 3.36563e+06 iterations 3
Cbc0038I Pass  17: suminf.    0.83914 (3) obj. 3.36563e+06 iterations 11
Cbc0038I Pass  18: suminf.    0.83914 (3) obj. 3.36563e+06 iterations 1
Cbc0038I Pass  19: suminf.    0.81253 (2) obj. 3.36563e+06 iterations 9
Cbc0038I Pass  20: suminf.    0.79743 (2) obj. 3.36563e+06 iterations 1
Cbc0038I Pass  21: suminf.    1.15890 (3) obj. 3.36563e+06 iterations 3
Cbc0038I Pass  22: suminf.    0.83914 (3) obj. 3.36563e+06 iterations 3
Cbc0038I Pass  23: suminf.    0.83914 (3) obj. 3.36563e+06 iterations 0
Cbc0038I Pass  24: suminf.    0.81253 (2) obj. 3.36563e+06 iterations 6
Cbc0038I Pass  25: suminf.    0.79743 (2) obj. 3.36563e+06 iterations 1
Cbc0038I Pass  26: suminf.    1.15890 (3) obj. 3.36563e+06 iterations 3
Cbc0038I Pass  27: suminf.    0.83914 (3) obj. 3.36563e+06 iterations 3
Cbc0038I Pass  28: suminf.    0.83914 (3) obj. 3.36563e+06 iterations 0
Cbc0038I Pass  29: suminf.    0.81253 (2) obj. 3.36563e+06 iterations 6
Cbc0038I Pass  30: suminf.    0.79743 (2) obj. 3.36563e+06 iterations 1
Cbc0038I Pass  31: suminf.    1.15890 (3) obj. 3.36563e+06 iterations 3
Cbc0038I Pass  32: suminf.    0.83914 (3) obj. 3.36563e+06 iterations 3
Cbc0038I Pass  33: suminf.    0.83914 (3) obj. 3.36563e+06 iterations 0
Cbc0038I Pass  34: suminf.    0.81253 (2) obj. 3.36563e+06 iterations 6
Cbc0038I Pass  35: suminf.    0.79743 (2) obj. 3.36563e+06 iterations 1
Cbc0038I Pass  36: suminf.    1.15890 (3) obj. 3.36563e+06 iterations 3
Cbc0038I Pass  37: suminf.    0.83914 (3) obj. 3.36563e+06 iterations 3
Cbc0038I Pass  38: suminf.    0.83914 (3) obj. 3.36563e+06 iterations 0
Cbc0038I Pass  39: suminf.    0.81253 (2) obj. 3.36563e+06 iterations 6
Cbc0038I Pass  40: suminf.    0.79743 (2) obj. 3.36563e+06 iterations 1
Cbc0038I Pass  41: suminf.    1.15890 (3) obj. 3.36563e+06 iterations 3
Cbc0038I Pass  42: suminf.    0.83914 (3) obj. 3.36563e+06 iterations 3
Cbc0038I Pass  43: suminf.    0.83914 (3) obj. 3.36563e+06 iterations 0
Cbc0038I Pass  44: suminf.    0.81253 (2) obj. 3.36563e+06 iterations 6
Cbc0038I Pass  45: suminf.    0.79743 (2) obj. 3.36563e+06 iterations 1
Cbc0038I No solution found this major pass
Cbc0038I Before mini branch and bound, 17 integers at bound fixed and 75 continuous
Cbc0038I Full problem 109 rows 149 columns, reduced to 16 rows 20 columns
Cbc0038I Mini branch and bound did not improve solution (0.03 seconds)
Cbc0038I After 0.03 seconds - Feasibility pump exiting with objective of 3.36566e+06 - took 0.03 seconds
Cbc0012I Integer solution of 3365663 found by feasibility pump after 0 iterations and 0 nodes (0.03 seconds)
Cbc0038I Full problem 109 rows 149 columns, reduced to 63 rows 98 columns
Cbc0031I 6 added rows had average density of 10
Cbc0013I At root node, 6 cuts changed objective from 3365545.3 to 3365659.6 in 10 passes
Cbc0014I Cut generator 0 (Probing) - 3 row cuts average 6.7 elements, 4 column cuts (4 active)  in 0.001 seconds - new frequency is 1
Cbc0014I Cut generator 1 (Gomory) - 21 row cuts average 15.2 elements, 0 column cuts (0 active)  in 0.001 seconds - new frequency is 1
Cbc0014I Cut generator 2 (Knapsack) - 0 row cuts average 0.0 elements, 0 column cuts (0 active)  in 0.001 seconds - new frequency is -100
Cbc0014I Cut generator 3 (Clique) - 0 row cuts average 0.0 elements, 0 column cuts (0 active)  in 0.000 seconds - new frequency is -100
Cbc0014I Cut generator 4 (MixedIntegerRounding2) - 1 row cuts average 5.0 elements, 0 column cuts (0 active)  in 0.000 seconds - new frequency is -100
Cbc0014I Cut generator 5 (FlowCover) - 0 row cuts average 0.0 elements, 0 column cuts (0 active)  in 0.003 seconds - new frequency is -100
Cbc0014I Cut generator 6 (TwoMirCuts) - 19 row cuts average 12.0 elements, 0 column cuts (0 active)  in 0.000 seconds - new frequency is -100
Cbc0001I Search completed - best objective 3365662.95849982, took 54 iterations and 0 nodes (0.05 seconds)
Cbc0032I Strong branching done 2 times (6 iterations), fathomed 1 nodes and fixed 0 variables
Cbc0035I Maximum depth 0, 0 variables fixed on reduced cost
Cuts at root node changed objective from 3.36555e+06 to 3.36567e+06
Probing was tried 10 times and created 7 cuts of which 0 were active after adding rounds of cuts (0.001 seconds)
Gomory was tried 10 times and created 21 cuts of which 0 were active after adding rounds of cuts (0.001 seconds)
Knapsack was tried 10 times and created 0 cuts of which 0 were active after adding rounds of cuts (0.001 seconds)
Clique was tried 10 times and created 0 cuts of which 0 were active after adding rounds of cuts (0.000 seconds)
MixedIntegerRounding2 was tried 10 times and created 1 cuts of which 0 were active after adding rounds of cuts (0.000 seconds)
FlowCover was tried 10 times and created 0 cuts of which 0 were active after adding rounds of cuts (0.003 seconds)
TwoMirCuts was tried 10 times and created 19 cuts of which 0 were active after adding rounds of cuts (0.000 seconds)
ZeroHalf was tried 1 times and created 0 cuts of which 0 were active after adding rounds of cuts (0.000 seconds)

Result - Optimal solution found

Objective value:                3365662.95849982
Enumerated nodes:               0
Total iterations:               54
Time (CPU seconds):             0.06
Time (Wallclock seconds):       0.06

Option for printingOptions changed from normal to all
Total time (CPU seconds):       0.09   (Wallclock seconds):       0.09

