Welcome to the CBC MILP Solver 
Version: 2.10.3 
Build Date: Dec 15 2019 

command line - E:\dachuang\.venv\Lib\site-packages\pulp\apis\../solverdir/cbc/win/i64/cbc.exe model.mps -primalTolerance 1e-9 -integerTolerance 1e-9 -ratioGap 0 -allowableGap 0 -threads 0 -branch -printingOptions all -solution solution.txt -saveSolution solution.bin -quit (default strategy 1)
At line 2 NAME          MODEL
At line 3 ROWS
At line 317 COLUMNS
At line 1133 RHS
At line 1446 BOUNDS
At line 1521 ENDATA
Problem MODEL has 312 rows, 241 columns and 647 elements
Coin0008I MODEL read with 0 errors
primalTolerance was changed from 1e-07 to 1e-09
integerTolerance was changed from 1e-07 to 1e-09
ratioGap was changed from 0 to 0
allowableGap was changed from 1e-10 to 0
Continuous objective value is 1.76756e+06 - 0.00 seconds
Cgl0004I processed model has 114 rows, 152 columns (24 integer (24 of which binary)) and 330 elements
Cbc0038I Initial state - 9 integers unsatisfied sum - 1.68065
Cbc0038I Pass   1: suminf.    0.00000 (0) obj. 1.77898e+06 iterations 13
Cbc0038I Solution found of 1.77898e+06
Cbc0038I Relaxing continuous gives 1.77868e+06
Cbc0038I Before mini branch and bound, 15 integers at bound fixed and 79 continuous
Cbc0038I Full problem 114 rows 152 columns, reduced to 7 rows 8 columns
Cbc0038I Mini branch and bound improved solution from 1.77868e+06 to 1.76785e+06 (0.01 seconds)
Cbc0038I Freeing continuous variables gives a solution of 1.76785e+06
Cbc0038I Round again with cutoff of 1.76782e+06
Cbc0038I Pass   2: suminf.    0.18734 (2) obj. 1.76782e+06 iterations 3
Cbc0038I Pass   3: suminf.    0.00000 (0) obj. 1.76782e+06 iterations 9
Cbc0038I Solution found of 1.76782e+06
Cbc0038I Relaxing continuous gives 1.7678e+06
Cbc0038I Before mini branch and bound, 15 integers at bound fixed and 78 continuous
Cbc0038I Full problem 114 rows 152 columns, reduced to 11 rows 14 columns
Cbc0038I Mini branch and bound improved solution from 1.7678e+06 to 1.7678e+06 (0.01 seconds)
Cbc0038I Freeing continuous variables gives a solution of 1.7678e+06
Cbc0038I Round again with cutoff of 1.76775e+06
Cbc0038I Pass   4: suminf.    0.45916 (2) obj. 1.76775e+06 iterations 2
Cbc0038I Pass   5: suminf.    0.23593 (1) obj. 1.76775e+06 iterations 8
Cbc0038I Pass   6: suminf.    0.39666 (1) obj. 1.76775e+06 iterations 1
Cbc0038I Pass   7: suminf.    0.64166 (2) obj. 1.76775e+06 iterations 5
Cbc0038I Pass   8: suminf.    0.39666 (1) obj. 1.76775e+06 iterations 1
Cbc0038I Pass   9: suminf.    0.23593 (1) obj. 1.76775e+06 iterations 9
Cbc0038I Pass  10: suminf.    0.71593 (2) obj. 1.76775e+06 iterations 4
Cbc0038I Pass  11: suminf.    0.23593 (1) obj. 1.76775e+06 iterations 1
Cbc0038I Pass  12: suminf.    0.39666 (1) obj. 1.76775e+06 iterations 1
Cbc0038I Pass  13: suminf.    1.93717 (6) obj. 1.76775e+06 iterations 18
Cbc0038I Pass  14: suminf.    0.62206 (3) obj. 1.76775e+06 iterations 7
Cbc0038I Pass  15: suminf.    0.56857 (2) obj. 1.76775e+06 iterations 10
Cbc0038I Pass  16: suminf.    0.39666 (2) obj. 1.76775e+06 iterations 3
Cbc0038I Pass  17: suminf.    0.83943 (6) obj. 1.76775e+06 iterations 21
Cbc0038I Pass  18: suminf.    0.46964 (4) obj. 1.76775e+06 iterations 2
Cbc0038I Pass  19: suminf.    0.57007 (2) obj. 1.76775e+06 iterations 11
Cbc0038I Pass  20: suminf.    0.39666 (2) obj. 1.76775e+06 iterations 3
Cbc0038I Pass  21: suminf.    0.45605 (4) obj. 1.76775e+06 iterations 24
Cbc0038I Pass  22: suminf.    0.57007 (2) obj. 1.76775e+06 iterations 11
Cbc0038I Pass  23: suminf.    0.39666 (2) obj. 1.76775e+06 iterations 3
Cbc0038I Pass  24: suminf.    1.63791 (6) obj. 1.76775e+06 iterations 25
Cbc0038I Pass  25: suminf.    0.54143 (4) obj. 1.76775e+06 iterations 4
Cbc0038I Pass  26: suminf.    0.56857 (2) obj. 1.76775e+06 iterations 8
Cbc0038I Pass  27: suminf.    0.39666 (2) obj. 1.76775e+06 iterations 4
Cbc0038I Pass  28: suminf.    1.00502 (5) obj. 1.76775e+06 iterations 17
Cbc0038I Pass  29: suminf.    0.68833 (5) obj. 1.76775e+06 iterations 2
Cbc0038I Pass  30: suminf.    0.56857 (2) obj. 1.76775e+06 iterations 9
Cbc0038I Pass  31: suminf.    0.39666 (2) obj. 1.76775e+06 iterations 4
Cbc0038I Pass  32: suminf.    1.60441 (7) obj. 1.76775e+06 iterations 21
Cbc0038I Pass  33: suminf.    0.91793 (5) obj. 1.76775e+06 iterations 3
Cbc0038I No solution found this major pass
Cbc0038I Before mini branch and bound, 3 integers at bound fixed and 62 continuous
Cbc0038I Full problem 114 rows 152 columns, reduced to 19 rows 26 columns
Cbc0038I Mini branch and bound did not improve solution (0.03 seconds)
Cbc0038I After 0.03 seconds - Feasibility pump exiting with objective of 1.7678e+06 - took 0.03 seconds
Cbc0012I Integer solution of 1767804.2 found by feasibility pump after 0 iterations and 0 nodes (0.03 seconds)
Cbc0038I Full problem 114 rows 152 columns, reduced to 74 rows 110 columns
Cbc0031I 11 added rows had average density of 16.545455
Cbc0013I At root node, 11 cuts changed objective from 1767557 to 1767804.2 in 63 passes
Cbc0014I Cut generator 0 (Probing) - 7 row cuts average 2.0 elements, 6 column cuts (6 active)  in 0.010 seconds - new frequency is 1
Cbc0014I Cut generator 1 (Gomory) - 132 row cuts average 29.4 elements, 0 column cuts (0 active)  in 0.003 seconds - new frequency is 1
Cbc0014I Cut generator 2 (Knapsack) - 0 row cuts average 0.0 elements, 0 column cuts (0 active)  in 0.013 seconds - new frequency is -100
Cbc0014I Cut generator 3 (Clique) - 0 row cuts average 0.0 elements, 0 column cuts (0 active)  in 0.000 seconds - new frequency is -100
Cbc0014I Cut generator 4 (MixedIntegerRounding2) - 7 row cuts average 4.9 elements, 0 column cuts (0 active)  in 0.004 seconds - new frequency is -100
Cbc0014I Cut generator 5 (FlowCover) - 1 row cuts average 2.0 elements, 0 column cuts (0 active)  in 0.013 seconds - new frequency is -100
Cbc0014I Cut generator 6 (TwoMirCuts) - 18 row cuts average 15.9 elements, 0 column cuts (0 active)  in 0.003 seconds - new frequency is -100
Cbc0001I Search completed - best objective 1767804.170933991, took 312 iterations and 0 nodes (0.12 seconds)
Cbc0032I Strong branching done 2 times (12 iterations), fathomed 1 nodes and fixed 0 variables
Cbc0035I Maximum depth 0, 0 variables fixed on reduced cost
Cuts at root node changed objective from 1.76756e+06 to 1.7678e+06
Probing was tried 63 times and created 13 cuts of which 0 were active after adding rounds of cuts (0.010 seconds)
Gomory was tried 63 times and created 132 cuts of which 0 were active after adding rounds of cuts (0.003 seconds)
Knapsack was tried 63 times and created 0 cuts of which 0 were active after adding rounds of cuts (0.013 seconds)
Clique was tried 63 times and created 0 cuts of which 0 were active after adding rounds of cuts (0.000 seconds)
MixedIntegerRounding2 was tried 63 times and created 7 cuts of which 0 were active after adding rounds of cuts (0.004 seconds)
FlowCover was tried 63 times and created 1 cuts of which 0 were active after adding rounds of cuts (0.013 seconds)
TwoMirCuts was tried 63 times and created 18 cuts of which 0 were active after adding rounds of cuts (0.003 seconds)
ZeroHalf was tried 1 times and created 0 cuts of which 0 were active after adding rounds of cuts (0.000 seconds)

Result - Optimal solution found

Objective value:                1767804.17093399
Enumerated nodes:               0
Total iterations:               312
Time (CPU seconds):             0.12
Time (Wallclock seconds):       0.12

Option for printingOptions changed from normal to all
Total time (CPU seconds):       0.15   (Wallclock seconds):       0.15

