Welcome to the CBC MILP Solver 
Version: 2.10.3 
Build Date: Dec 15 2019 

command line - E:\dachuang\.venv\Lib\site-packages\pulp\apis\../solverdir/cbc/win/i64/cbc.exe model.mps -primalTolerance 1e-9 -integerTolerance 1e-9 -ratioGap 0 -allowableGap 0 -threads 0 -branch -printingOptions all -solution solution.txt -saveSolution solution.bin -quit (default strategy 1)
At line 2 NAME          MODEL
At line 3 ROWS
At line 317 COLUMNS
At line 1133 RHS
At line 1446 BOUNDS
At line 1521 ENDATA
Problem MODEL has 312 rows, 241 columns and 647 elements
Coin0008I MODEL read with 0 errors
primalTolerance was changed from 1e-07 to 1e-09
integerTolerance was changed from 1e-07 to 1e-09
ratioGap was changed from 0 to 0
allowableGap was changed from 1e-10 to 0
Continuous objective value is 3.49192e+06 - 0.00 seconds
Cgl0004I processed model has 110 rows, 147 columns (24 integer (24 of which binary)) and 313 elements
Cbc0038I Initial state - 5 integers unsatisfied sum - 1.53082
Cbc0038I Pass   1: suminf.    0.00000 (0) obj. 3.49215e+06 iterations 14
Cbc0038I Solution found of 3.49215e+06
Cbc0038I Relaxing continuous gives 3.49215e+06
Cbc0038I Before mini branch and bound, 19 integers at bound fixed and 78 continuous
Cbc0038I Full problem 110 rows 147 columns, reduced to 2 rows 2 columns
Cbc0038I Mini branch and bound did not improve solution (0.01 seconds)
Cbc0038I Round again with cutoff of 3.49213e+06
Cbc0038I Pass   2: suminf.    0.09947 (1) obj. 3.49213e+06 iterations 2
Cbc0038I Pass   3: suminf.    0.77114 (2) obj. 3.49213e+06 iterations 4
Cbc0038I Pass   4: suminf.    0.47803 (1) obj. 3.49213e+06 iterations 3
Cbc0038I Pass   5: suminf.    0.72564 (2) obj. 3.49213e+06 iterations 7
Cbc0038I Pass   6: suminf.    0.47803 (1) obj. 3.49213e+06 iterations 2
Cbc0038I Pass   7: suminf.    0.09947 (1) obj. 3.49213e+06 iterations 5
Cbc0038I Pass   8: suminf.    0.72564 (2) obj. 3.49213e+06 iterations 4
Cbc0038I Pass   9: suminf.    0.47864 (2) obj. 3.49213e+06 iterations 10
Cbc0038I Pass  10: suminf.    0.47864 (2) obj. 3.49213e+06 iterations 3
Cbc0038I Pass  11: suminf.    0.47803 (1) obj. 3.49213e+06 iterations 4
Cbc0038I Pass  12: suminf.    0.09947 (1) obj. 3.49213e+06 iterations 7
Cbc0038I Pass  13: suminf.    0.77114 (2) obj. 3.49213e+06 iterations 4
Cbc0038I Pass  14: suminf.    0.77114 (2) obj. 3.49213e+06 iterations 16
Cbc0038I Pass  15: suminf.    0.47803 (1) obj. 3.49213e+06 iterations 4
Cbc0038I Pass  16: suminf.    0.00000 (0) obj. 3.49213e+06 iterations 2
Cbc0038I Solution found of 3.49213e+06
Cbc0038I Relaxing continuous gives 3.49208e+06
Cbc0038I Before mini branch and bound, 11 integers at bound fixed and 68 continuous
Cbc0038I Full problem 110 rows 147 columns, reduced to 16 rows 21 columns
Cbc0038I Mini branch and bound improved solution from 3.49208e+06 to 3.49207e+06 (0.02 seconds)
Cbc0038I Round again with cutoff of 3.49204e+06
Cbc0038I Pass  17: suminf.    0.49573 (3) obj. 3.49204e+06 iterations 4
Cbc0038I Pass  18: suminf.    0.85598 (2) obj. 3.49204e+06 iterations 9
Cbc0038I Pass  19: suminf.    1.11261 (4) obj. 3.49204e+06 iterations 9
Cbc0038I Pass  20: suminf.    0.49573 (3) obj. 3.49204e+06 iterations 4
Cbc0038I Pass  21: suminf.    0.85598 (2) obj. 3.49204e+06 iterations 6
Cbc0038I Pass  22: suminf.    0.50621 (3) obj. 3.49204e+06 iterations 20
Cbc0038I Pass  23: suminf.    0.49573 (3) obj. 3.49204e+06 iterations 2
Cbc0038I Pass  24: suminf.    0.85598 (2) obj. 3.49204e+06 iterations 6
Cbc0038I Pass  25: suminf.    0.85102 (2) obj. 3.49204e+06 iterations 10
Cbc0038I Pass  26: suminf.    0.85102 (2) obj. 3.49204e+06 iterations 3
Cbc0038I Pass  27: suminf.    0.50621 (3) obj. 3.49204e+06 iterations 7
Cbc0038I Pass  28: suminf.    0.47661 (3) obj. 3.49204e+06 iterations 2
Cbc0038I Pass  29: suminf.    0.85598 (2) obj. 3.49204e+06 iterations 6
Cbc0038I Pass  30: suminf.    0.49573 (3) obj. 3.49204e+06 iterations 4
Cbc0038I Pass  31: suminf.    0.85598 (2) obj. 3.49204e+06 iterations 6
Cbc0038I Pass  32: suminf.    1.31698 (3) obj. 3.49204e+06 iterations 6
Cbc0038I Pass  33: suminf.    0.49573 (3) obj. 3.49204e+06 iterations 6
Cbc0038I Pass  34: suminf.    0.85598 (2) obj. 3.49204e+06 iterations 6
Cbc0038I Pass  35: suminf.    0.85598 (2) obj. 3.49204e+06 iterations 4
Cbc0038I Pass  36: suminf.    0.49573 (3) obj. 3.49204e+06 iterations 5
Cbc0038I Pass  37: suminf.    0.85598 (2) obj. 3.49204e+06 iterations 6
Cbc0038I Pass  38: suminf.    0.49573 (3) obj. 3.49204e+06 iterations 11
Cbc0038I Pass  39: suminf.    0.85598 (2) obj. 3.49204e+06 iterations 6
Cbc0038I Pass  40: suminf.    0.49573 (3) obj. 3.49204e+06 iterations 4
Cbc0038I Pass  41: suminf.    0.49573 (3) obj. 3.49204e+06 iterations 3
Cbc0038I Pass  42: suminf.    0.85598 (2) obj. 3.49204e+06 iterations 6
Cbc0038I Pass  43: suminf.    0.49573 (3) obj. 3.49204e+06 iterations 4
Cbc0038I Pass  44: suminf.    0.18902 (2) obj. 3.49204e+06 iterations 14
Cbc0038I Pass  45: suminf.    0.89652 (3) obj. 3.49204e+06 iterations 4
Cbc0038I Pass  46: suminf.    0.89652 (3) obj. 3.49204e+06 iterations 0
Cbc0038I No solution found this major pass
Cbc0038I Before mini branch and bound, 6 integers at bound fixed and 60 continuous
Cbc0038I Full problem 110 rows 147 columns, reduced to 18 rows 24 columns
Cbc0038I Mini branch and bound did not improve solution (0.03 seconds)
Cbc0038I After 0.03 seconds - Feasibility pump exiting with objective of 3.49207e+06 - took 0.03 seconds
Cbc0012I Integer solution of 3492072.5 found by feasibility pump after 0 iterations and 0 nodes (0.03 seconds)
Cbc0038I Full problem 110 rows 147 columns, reduced to 58 rows 88 columns
Cbc0031I 9 added rows had average density of 26.111111
Cbc0013I At root node, 9 cuts changed objective from 3491922.2 to 3492048 in 95 passes
Cbc0014I Cut generator 0 (Probing) - 5 row cuts average 2.6 elements, 2 column cuts (2 active)  in 0.006 seconds - new frequency is 1
Cbc0014I Cut generator 1 (Gomory) - 173 row cuts average 32.7 elements, 0 column cuts (0 active)  in 0.012 seconds - new frequency is 1
Cbc0014I Cut generator 2 (Knapsack) - 0 row cuts average 0.0 elements, 0 column cuts (0 active)  in 0.019 seconds - new frequency is -100
Cbc0014I Cut generator 3 (Clique) - 0 row cuts average 0.0 elements, 0 column cuts (0 active)  in 0.001 seconds - new frequency is -100
Cbc0014I Cut generator 4 (MixedIntegerRounding2) - 4 row cuts average 4.0 elements, 0 column cuts (0 active)  in 0.005 seconds - new frequency is -100
Cbc0014I Cut generator 5 (FlowCover) - 0 row cuts average 0.0 elements, 0 column cuts (0 active)  in 0.011 seconds - new frequency is -100
Cbc0014I Cut generator 6 (TwoMirCuts) - 23 row cuts average 11.3 elements, 0 column cuts (0 active)  in 0.007 seconds - new frequency is -100
Cbc0010I After 0 nodes, 1 on tree, 3492072.5 best solution, best possible 3492048 (0.15 seconds)
Cbc0001I Search completed - best objective 3492072.5359998, took 569 iterations and 2 nodes (0.15 seconds)
Cbc0032I Strong branching done 20 times (78 iterations), fathomed 2 nodes and fixed 2 variables
Cbc0035I Maximum depth 0, 1 variables fixed on reduced cost
Cuts at root node changed objective from 3.49192e+06 to 3.49205e+06
Probing was tried 98 times and created 7 cuts of which 0 were active after adding rounds of cuts (0.006 seconds)
Gomory was tried 98 times and created 175 cuts of which 0 were active after adding rounds of cuts (0.012 seconds)
Knapsack was tried 95 times and created 0 cuts of which 0 were active after adding rounds of cuts (0.019 seconds)
Clique was tried 95 times and created 0 cuts of which 0 were active after adding rounds of cuts (0.001 seconds)
MixedIntegerRounding2 was tried 95 times and created 4 cuts of which 0 were active after adding rounds of cuts (0.005 seconds)
FlowCover was tried 95 times and created 0 cuts of which 0 were active after adding rounds of cuts (0.011 seconds)
TwoMirCuts was tried 95 times and created 23 cuts of which 0 were active after adding rounds of cuts (0.007 seconds)
ZeroHalf was tried 1 times and created 0 cuts of which 0 were active after adding rounds of cuts (0.000 seconds)

Result - Optimal solution found

Objective value:                3492072.53599980
Enumerated nodes:               2
Total iterations:               569
Time (CPU seconds):             0.15
Time (Wallclock seconds):       0.15

Option for printingOptions changed from normal to all
Total time (CPU seconds):       0.18   (Wallclock seconds):       0.18

