Welcome to the CBC MILP Solver 
Version: 2.10.3 
Build Date: Dec 15 2019 

command line - E:\dachuang\.venv\Lib\site-packages\pulp\apis\../solverdir/cbc/win/i64/cbc.exe model.mps -primalTolerance 1e-9 -integerTolerance 1e-9 -ratioGap 0 -allowableGap 0 -threads 0 -branch -printingOptions all -solution solution.txt -saveSolution solution.bin -quit (default strategy 1)
At line 2 NAME          MODEL
At line 3 ROWS
At line 317 COLUMNS
At line 1133 RHS
At line 1446 BOUNDS
At line 1521 ENDATA
Problem MODEL has 312 rows, 241 columns and 647 elements
Coin0008I MODEL read with 0 errors
primalTolerance was changed from 1e-07 to 1e-09
integerTolerance was changed from 1e-07 to 1e-09
ratioGap was changed from 0 to 0
allowableGap was changed from 1e-10 to 0
Continuous objective value is 705876 - 0.00 seconds
Cgl0004I processed model has 117 rows, 165 columns (24 integer (24 of which binary)) and 352 elements
Cbc0038I Initial state - 6 integers unsatisfied sum - 1.72988
Cbc0038I Pass   1: suminf.    0.00000 (0) obj. 719310 iterations 18
Cbc0038I Solution found of 719310
Cbc0038I Relaxing continuous gives 709189
Cbc0038I Before mini branch and bound, 18 integers at bound fixed and 84 continuous
Cbc0038I Full problem 117 rows 165 columns, reduced to 11 rows 15 columns
Cbc0038I Mini branch and bound improved solution from 709189 to 706109 (0.01 seconds)
Cbc0038I Round again with cutoff of 706085
Cbc0038I Pass   2: suminf.    0.46757 (3) obj. 706085 iterations 15
Cbc0038I Pass   3: suminf.    0.13567 (2) obj. 706085 iterations 1
Cbc0038I Pass   4: suminf.    0.10017 (1) obj. 706085 iterations 7
Cbc0038I Pass   5: suminf.    0.47941 (2) obj. 706085 iterations 8
Cbc0038I Pass   6: suminf.    0.32891 (2) obj. 706085 iterations 1
Cbc0038I Pass   7: suminf.    0.32891 (2) obj. 706085 iterations 0
Cbc0038I Pass   8: suminf.    0.47941 (2) obj. 706085 iterations 2
Cbc0038I Pass   9: suminf.    0.32891 (2) obj. 706085 iterations 8
Cbc0038I Pass  10: suminf.    0.47941 (2) obj. 706085 iterations 2
Cbc0038I Pass  11: suminf.    0.47941 (2) obj. 706085 iterations 0
Cbc0038I Pass  12: suminf.    0.32891 (2) obj. 706085 iterations 1
Cbc0038I Pass  13: suminf.    0.32891 (2) obj. 706085 iterations 0
Cbc0038I Pass  14: suminf.    0.11654 (1) obj. 706085 iterations 14
Cbc0038I Solution found of 706085
Cbc0038I Relaxing continuous gives 705997
Cbc0038I Before mini branch and bound, 8 integers at bound fixed and 78 continuous
Cbc0038I Full problem 117 rows 165 columns, reduced to 15 rows 21 columns
Cbc0038I Mini branch and bound did not improve solution (0.02 seconds)
Cbc0038I Round again with cutoff of 705973
Cbc0038I Pass  15: suminf.    0.95174 (4) obj. 705973 iterations 3
Cbc0038I Pass  16: suminf.    0.61984 (3) obj. 705973 iterations 1
Cbc0038I Pass  17: suminf.    0.86539 (3) obj. 705973 iterations 6
Cbc0038I Pass  18: suminf.    0.86539 (3) obj. 705973 iterations 0
Cbc0038I Pass  19: suminf.    0.61510 (3) obj. 705973 iterations 6
Cbc0038I Pass  20: suminf.    0.61510 (3) obj. 705973 iterations 0
Cbc0038I Pass  21: suminf.    0.86539 (3) obj. 705973 iterations 10
Cbc0038I Pass  22: suminf.    1.64089 (6) obj. 705973 iterations 4
Cbc0038I Pass  23: suminf.    0.90089 (4) obj. 705973 iterations 2
Cbc0038I Pass  24: suminf.    0.61510 (3) obj. 705973 iterations 6
Cbc0038I Pass  25: suminf.    0.61510 (3) obj. 705973 iterations 0
Cbc0038I Pass  26: suminf.    0.86539 (3) obj. 705973 iterations 5
Cbc0038I Pass  27: suminf.    0.86539 (3) obj. 705973 iterations 0
Cbc0038I Pass  28: suminf.    1.01789 (5) obj. 705973 iterations 15
Cbc0038I Pass  29: suminf.    0.61510 (3) obj. 705973 iterations 7
Cbc0038I Pass  30: suminf.    0.61510 (3) obj. 705973 iterations 0
Cbc0038I Pass  31: suminf.    0.86539 (3) obj. 705973 iterations 5
Cbc0038I Pass  32: suminf.    0.86539 (3) obj. 705973 iterations 0
Cbc0038I Pass  33: suminf.    0.86539 (3) obj. 705973 iterations 12
Cbc0038I Pass  34: suminf.    0.86539 (3) obj. 705973 iterations 3
Cbc0038I Pass  35: suminf.    0.11050 (2) obj. 705973 iterations 6
Cbc0038I Pass  36: suminf.    0.11050 (2) obj. 705973 iterations 0
Cbc0038I Pass  37: suminf.    0.86539 (3) obj. 705973 iterations 6
Cbc0038I Pass  38: suminf.    1.35139 (5) obj. 705973 iterations 5
Cbc0038I Pass  39: suminf.    1.35139 (5) obj. 705973 iterations 0
Cbc0038I Pass  40: suminf.    0.11050 (2) obj. 705973 iterations 7
Cbc0038I Pass  41: suminf.    0.11050 (2) obj. 705973 iterations 0
Cbc0038I Pass  42: suminf.    0.86539 (3) obj. 705973 iterations 6
Cbc0038I Pass  43: suminf.    0.86539 (3) obj. 705973 iterations 7
Cbc0038I Pass  44: suminf.    0.11050 (2) obj. 705973 iterations 5
Cbc0038I No solution found this major pass
Cbc0038I Before mini branch and bound, 2 integers at bound fixed and 77 continuous
Cbc0038I Full problem 117 rows 165 columns, reduced to 18 rows 26 columns
Cbc0038I Mini branch and bound did not improve solution (0.03 seconds)
Cbc0038I After 0.03 seconds - Feasibility pump exiting with objective of 705997 - took 0.02 seconds
Cbc0012I Integer solution of 705997.1 found by feasibility pump after 0 iterations and 0 nodes (0.03 seconds)
Cbc0038I Full problem 117 rows 165 columns, reduced to 93 rows 141 columns - 2 fixed gives 87, 135 - still too large
Cbc0031I 10 added rows had average density of 19.5
Cbc0013I At root node, 10 cuts changed objective from 705876 to 705971.15 in 100 passes
Cbc0014I Cut generator 0 (Probing) - 3 row cuts average 2.7 elements, 3 column cuts (3 active)  in 0.010 seconds - new frequency is 1
Cbc0014I Cut generator 1 (Gomory) - 231 row cuts average 27.1 elements, 0 column cuts (0 active)  in 0.015 seconds - new frequency is 1
Cbc0014I Cut generator 2 (Knapsack) - 0 row cuts average 0.0 elements, 0 column cuts (0 active)  in 0.019 seconds - new frequency is -100
Cbc0014I Cut generator 3 (Clique) - 0 row cuts average 0.0 elements, 0 column cuts (0 active)  in 0.000 seconds - new frequency is -100
Cbc0014I Cut generator 4 (MixedIntegerRounding2) - 12 row cuts average 6.3 elements, 0 column cuts (0 active)  in 0.006 seconds - new frequency is -100
Cbc0014I Cut generator 5 (FlowCover) - 0 row cuts average 0.0 elements, 0 column cuts (0 active)  in 0.016 seconds - new frequency is -100
Cbc0014I Cut generator 6 (TwoMirCuts) - 17 row cuts average 15.3 elements, 0 column cuts (0 active)  in 0.005 seconds - new frequency is -100
Cbc0010I After 0 nodes, 1 on tree, 705997.1 best solution, best possible 705971.15 (0.15 seconds)
Cbc0001I Search completed - best objective 705997.099722989, took 670 iterations and 4 nodes (0.16 seconds)
Cbc0032I Strong branching done 20 times (69 iterations), fathomed 2 nodes and fixed 2 variables
Cbc0035I Maximum depth 1, 0 variables fixed on reduced cost
Cuts at root node changed objective from 705876 to 705971
Probing was tried 115 times and created 6 cuts of which 0 were active after adding rounds of cuts (0.011 seconds)
Gomory was tried 115 times and created 246 cuts of which 0 were active after adding rounds of cuts (0.015 seconds)
Knapsack was tried 100 times and created 0 cuts of which 0 were active after adding rounds of cuts (0.019 seconds)
Clique was tried 100 times and created 0 cuts of which 0 were active after adding rounds of cuts (0.000 seconds)
MixedIntegerRounding2 was tried 100 times and created 12 cuts of which 0 were active after adding rounds of cuts (0.006 seconds)
FlowCover was tried 100 times and created 0 cuts of which 0 were active after adding rounds of cuts (0.016 seconds)
TwoMirCuts was tried 100 times and created 17 cuts of which 0 were active after adding rounds of cuts (0.005 seconds)
ZeroHalf was tried 1 times and created 0 cuts of which 0 were active after adding rounds of cuts (0.000 seconds)

Result - Optimal solution found

Objective value:                705997.09972299
Enumerated nodes:               4
Total iterations:               670
Time (CPU seconds):             0.17
Time (Wallclock seconds):       0.17

Option for printingOptions changed from normal to all
Total time (CPU seconds):       0.20   (Wallclock seconds):       0.19

