Welcome to the CBC MILP Solver 
Version: 2.10.3 
Build Date: Dec 15 2019 

command line - E:\dachuang\.venv\Lib\site-packages\pulp\apis\../solverdir/cbc/win/i64/cbc.exe model.mps -primalTolerance 1e-9 -integerTolerance 1e-9 -ratioGap 0 -allowableGap 0 -threads 0 -branch -printingOptions all -solution solution.txt -saveSolution solution.bin -quit (default strategy 1)
At line 2 NAME          MODEL
At line 3 ROWS
At line 317 COLUMNS
At line 1133 RHS
At line 1446 BOUNDS
At line 1521 ENDATA
Problem MODEL has 312 rows, 241 columns and 647 elements
Coin0008I MODEL read with 0 errors
primalTolerance was changed from 1e-07 to 1e-09
integerTolerance was changed from 1e-07 to 1e-09
ratioGap was changed from 0 to 0
allowableGap was changed from 1e-10 to 0
Continuous objective value is 1.57925e+06 - 0.00 seconds
Cgl0004I processed model has 113 rows, 155 columns (24 integer (24 of which binary)) and 330 elements
Cbc0038I Initial state - 11 integers unsatisfied sum - 2.33708
Cbc0038I Pass   1: suminf.    0.00000 (0) obj. 1.64317e+06 iterations 23
Cbc0038I Solution found of 1.64317e+06
Cbc0038I Relaxing continuous gives 1.62061e+06
Cbc0038I Before mini branch and bound, 13 integers at bound fixed and 74 continuous
Cbc0038I Full problem 113 rows 155 columns, reduced to 10 rows 15 columns
Cbc0038I Mini branch and bound improved solution from 1.62061e+06 to 1.57959e+06 (0.01 seconds)
Cbc0038I Round again with cutoff of 1.57956e+06
Cbc0038I Pass   2: suminf.    0.66824 (5) obj. 1.57956e+06 iterations 13
Cbc0038I Pass   3: suminf.    0.01843 (1) obj. 1.57956e+06 iterations 15
Cbc0038I Pass   4: suminf.    0.38884 (1) obj. 1.57956e+06 iterations 4
Cbc0038I Pass   5: suminf.    0.18084 (1) obj. 1.57956e+06 iterations 2
Cbc0038I Pass   6: suminf.    0.45671 (2) obj. 1.57956e+06 iterations 4
Cbc0038I Pass   7: suminf.    0.38884 (1) obj. 1.57956e+06 iterations 2
Cbc0038I Pass   8: suminf.    0.18084 (1) obj. 1.57956e+06 iterations 2
Cbc0038I Pass   9: suminf.    0.18084 (1) obj. 1.57956e+06 iterations 4
Cbc0038I Pass  10: suminf.    0.38884 (1) obj. 1.57956e+06 iterations 1
Cbc0038I Pass  11: suminf.    0.18084 (1) obj. 1.57956e+06 iterations 2
Cbc0038I Pass  12: suminf.    1.34352 (5) obj. 1.57956e+06 iterations 10
Cbc0038I Pass  13: suminf.    1.15874 (5) obj. 1.57956e+06 iterations 3
Cbc0038I Pass  14: suminf.    0.01843 (1) obj. 1.57956e+06 iterations 8
Cbc0038I Pass  15: suminf.    0.38884 (1) obj. 1.57956e+06 iterations 4
Cbc0038I Pass  16: suminf.    0.18084 (1) obj. 1.57956e+06 iterations 2
Cbc0038I Pass  17: suminf.    1.20513 (6) obj. 1.57956e+06 iterations 11
Cbc0038I Pass  18: suminf.    0.30234 (4) obj. 1.57956e+06 iterations 4
Cbc0038I Pass  19: suminf.    0.38884 (1) obj. 1.57956e+06 iterations 4
Cbc0038I Pass  20: suminf.    0.18084 (1) obj. 1.57956e+06 iterations 2
Cbc0038I Pass  21: suminf.    1.66097 (7) obj. 1.57956e+06 iterations 18
Cbc0038I Pass  22: suminf.    1.66097 (7) obj. 1.57956e+06 iterations 0
Cbc0038I Pass  23: suminf.    0.53197 (2) obj. 1.57956e+06 iterations 11
Cbc0038I Pass  24: suminf.    0.32691 (1) obj. 1.57956e+06 iterations 3
Cbc0038I Pass  25: suminf.    0.15447 (1) obj. 1.57956e+06 iterations 2
Cbc0038I Pass  26: suminf.    0.66203 (3) obj. 1.57956e+06 iterations 20
Cbc0038I Pass  27: suminf.    0.51797 (3) obj. 1.57956e+06 iterations 2
Cbc0038I Pass  28: suminf.    0.46803 (1) obj. 1.57956e+06 iterations 3
Cbc0038I Pass  29: suminf.    0.32397 (1) obj. 1.57956e+06 iterations 2
Cbc0038I Pass  30: suminf.    2.04826 (7) obj. 1.57956e+06 iterations 12
Cbc0038I Pass  31: suminf.    1.73247 (6) obj. 1.57956e+06 iterations 1
Cbc0038I No solution found this major pass
Cbc0038I Before mini branch and bound, 0 integers at bound fixed and 65 continuous
Cbc0038I Full problem 113 rows 155 columns, reduced to 26 rows 34 columns
Cbc0038I Mini branch and bound improved solution from 1.57959e+06 to 1.57945e+06 (0.03 seconds)
Cbc0038I Round again with cutoff of 1.57941e+06
Cbc0038I Pass  31: suminf.    1.21864 (6) obj. 1.57941e+06 iterations 4
Cbc0038I Pass  32: suminf.    1.21223 (7) obj. 1.57941e+06 iterations 3
Cbc0038I Pass  33: suminf.    0.50688 (2) obj. 1.57941e+06 iterations 13
Cbc0038I Pass  34: suminf.    0.88438 (2) obj. 1.57941e+06 iterations 3
Cbc0038I Pass  35: suminf.    0.88438 (2) obj. 1.57941e+06 iterations 0
Cbc0038I Pass  36: suminf.    0.50688 (2) obj. 1.57941e+06 iterations 3
Cbc0038I Pass  37: suminf.    0.89638 (3) obj. 1.57941e+06 iterations 3
Cbc0038I Pass  38: suminf.    0.50688 (2) obj. 1.57941e+06 iterations 4
Cbc0038I Pass  39: suminf.    0.50688 (2) obj. 1.57941e+06 iterations 0
Cbc0038I Pass  40: suminf.    0.88438 (2) obj. 1.57941e+06 iterations 3
Cbc0038I Pass  41: suminf.    0.88438 (2) obj. 1.57941e+06 iterations 0
Cbc0038I Pass  42: suminf.    0.86676 (3) obj. 1.57941e+06 iterations 8
Cbc0038I Pass  43: suminf.    0.81988 (3) obj. 1.57941e+06 iterations 5
Cbc0038I Pass  44: suminf.    0.76176 (2) obj. 1.57941e+06 iterations 3
Cbc0038I Pass  45: suminf.    0.71488 (2) obj. 1.57941e+06 iterations 2
Cbc0038I Pass  46: suminf.    1.00275 (4) obj. 1.57941e+06 iterations 6
Cbc0038I Pass  47: suminf.    0.76176 (2) obj. 1.57941e+06 iterations 4
Cbc0038I Pass  48: suminf.    0.71488 (2) obj. 1.57941e+06 iterations 2
Cbc0038I Pass  49: suminf.    1.32601 (6) obj. 1.57941e+06 iterations 10
Cbc0038I Pass  50: suminf.    1.04851 (5) obj. 1.57941e+06 iterations 1
Cbc0038I Pass  51: suminf.    0.83473 (3) obj. 1.57941e+06 iterations 7
Cbc0038I Pass  52: suminf.    0.83473 (3) obj. 1.57941e+06 iterations 0
Cbc0038I Pass  53: suminf.    0.65001 (2) obj. 1.57941e+06 iterations 9
Cbc0038I Pass  54: suminf.    0.76449 (2) obj. 1.57941e+06 iterations 2
Cbc0038I Pass  55: suminf.    0.59042 (3) obj. 1.57941e+06 iterations 12
Cbc0038I Pass  56: suminf.    0.43262 (2) obj. 1.57941e+06 iterations 5
Cbc0038I Pass  57: suminf.    0.65001 (2) obj. 1.57941e+06 iterations 6
Cbc0038I Pass  58: suminf.    0.65001 (2) obj. 1.57941e+06 iterations 0
Cbc0038I Pass  59: suminf.    0.76449 (2) obj. 1.57941e+06 iterations 2
Cbc0038I Pass  60: suminf.    1.10603 (5) obj. 1.57941e+06 iterations 8
Cbc0038I No solution found this major pass
Cbc0038I Before mini branch and bound, 2 integers at bound fixed and 69 continuous
Cbc0038I Full problem 113 rows 155 columns, reduced to 26 rows 34 columns
Cbc0038I Mini branch and bound did not improve solution (0.05 seconds)
Cbc0038I After 0.05 seconds - Feasibility pump exiting with objective of 1.57945e+06 - took 0.04 seconds
Cbc0012I Integer solution of 1579449.6 found by feasibility pump after 0 iterations and 0 nodes (0.05 seconds)
Cbc0038I Full problem 113 rows 155 columns, reduced to 79 rows 117 columns
Cbc0031I 10 added rows had average density of 20.9
Cbc0013I At root node, 10 cuts changed objective from 1579248.4 to 1579414.8 in 80 passes
Cbc0014I Cut generator 0 (Probing) - 3 row cuts average 2.0 elements, 5 column cuts (5 active)  in 0.011 seconds - new frequency is 1
Cbc0014I Cut generator 1 (Gomory) - 130 row cuts average 53.4 elements, 0 column cuts (0 active)  in 0.010 seconds - new frequency is 1
Cbc0014I Cut generator 2 (Knapsack) - 0 row cuts average 0.0 elements, 0 column cuts (0 active)  in 0.019 seconds - new frequency is -100
Cbc0014I Cut generator 3 (Clique) - 0 row cuts average 0.0 elements, 0 column cuts (0 active)  in 0.000 seconds - new frequency is -100
Cbc0014I Cut generator 4 (MixedIntegerRounding2) - 7 row cuts average 5.6 elements, 0 column cuts (0 active)  in 0.003 seconds - new frequency is -100
Cbc0014I Cut generator 5 (FlowCover) - 0 row cuts average 0.0 elements, 0 column cuts (0 active)  in 0.015 seconds - new frequency is -100
Cbc0014I Cut generator 6 (TwoMirCuts) - 19 row cuts average 23.7 elements, 0 column cuts (0 active)  in 0.003 seconds - new frequency is -100
Cbc0010I After 0 nodes, 1 on tree, 1579449.6 best solution, best possible 1579414.8 (0.15 seconds)
Cbc0001I Search completed - best objective 1579449.622334398, took 315 iterations and 2 nodes (0.16 seconds)
Cbc0032I Strong branching done 14 times (43 iterations), fathomed 2 nodes and fixed 2 variables
Cbc0035I Maximum depth 0, 0 variables fixed on reduced cost
Cuts at root node changed objective from 1.57925e+06 to 1.57941e+06
Probing was tried 82 times and created 8 cuts of which 0 were active after adding rounds of cuts (0.011 seconds)
Gomory was tried 82 times and created 130 cuts of which 0 were active after adding rounds of cuts (0.010 seconds)
Knapsack was tried 80 times and created 0 cuts of which 0 were active after adding rounds of cuts (0.019 seconds)
Clique was tried 80 times and created 0 cuts of which 0 were active after adding rounds of cuts (0.000 seconds)
MixedIntegerRounding2 was tried 80 times and created 7 cuts of which 0 were active after adding rounds of cuts (0.003 seconds)
FlowCover was tried 80 times and created 0 cuts of which 0 were active after adding rounds of cuts (0.015 seconds)
TwoMirCuts was tried 80 times and created 19 cuts of which 0 were active after adding rounds of cuts (0.003 seconds)
ZeroHalf was tried 1 times and created 0 cuts of which 0 were active after adding rounds of cuts (0.000 seconds)

Result - Optimal solution found

Objective value:                1579449.62233440
Enumerated nodes:               2
Total iterations:               315
Time (CPU seconds):             0.16
Time (Wallclock seconds):       0.16

Option for printingOptions changed from normal to all
Total time (CPU seconds):       0.17   (Wallclock seconds):       0.17

