Welcome to the CBC MILP Solver 
Version: 2.10.3 
Build Date: Dec 15 2019 

command line - E:\dachuang\.venv\Lib\site-packages\pulp\apis\../solverdir/cbc/win/i64/cbc.exe model.mps -primalTolerance 1e-9 -integerTolerance 1e-9 -ratioGap 0 -allowableGap 0 -threads 0 -branch -printingOptions all -solution solution.txt -saveSolution solution.bin -quit (default strategy 1)
At line 2 NAME          MODEL
At line 3 ROWS
At line 317 COLUMNS
At line 1133 RHS
At line 1446 BOUNDS
At line 1521 ENDATA
Problem MODEL has 312 rows, 241 columns and 647 elements
Coin0008I MODEL read with 0 errors
primalTolerance was changed from 1e-07 to 1e-09
integerTolerance was changed from 1e-07 to 1e-09
ratioGap was changed from 0 to 0
allowableGap was changed from 1e-10 to 0
Continuous objective value is 2.90275e+06 - 0.00 seconds
Cgl0004I processed model has 111 rows, 148 columns (24 integer (24 of which binary)) and 317 elements
Cbc0038I Initial state - 5 integers unsatisfied sum - 1.50066
Cbc0038I Pass   1: suminf.    0.00000 (0) obj. 2.9031e+06 iterations 11
Cbc0038I Solution found of 2.9031e+06
Cbc0038I Relaxing continuous gives 2.9031e+06
Cbc0038I Before mini branch and bound, 19 integers at bound fixed and 77 continuous
Cbc0038I Full problem 111 rows 148 columns, reduced to 7 rows 8 columns
Cbc0038I Mini branch and bound did not improve solution (0.01 seconds)
Cbc0038I Freeing continuous variables gives a solution of 2.9031e+06
Cbc0038I Round again with cutoff of 2.90306e+06
Cbc0038I Pass   2: suminf.    0.14761 (1) obj. 2.90306e+06 iterations 2
Cbc0038I Pass   3: suminf.    0.00000 (0) obj. 2.90306e+06 iterations 5
Cbc0038I Solution found of 2.90306e+06
Cbc0038I Relaxing continuous gives 2.90296e+06
Cbc0038I Before mini branch and bound, 19 integers at bound fixed and 73 continuous
Cbc0038I Full problem 111 rows 148 columns, reduced to 14 rows 19 columns
Cbc0038I Mini branch and bound improved solution from 2.90296e+06 to 2.90289e+06 (0.02 seconds)
Cbc0038I Freeing continuous variables gives a solution of 2.90289e+06
Cbc0038I Round again with cutoff of 2.90286e+06
Cbc0038I Pass   4: suminf.    0.46411 (2) obj. 2.90286e+06 iterations 2
Cbc0038I Pass   5: suminf.    0.45774 (2) obj. 2.90286e+06 iterations 2
Cbc0038I Pass   6: suminf.    0.01721 (1) obj. 2.90286e+06 iterations 6
Cbc0038I Pass   7: suminf.    0.14147 (1) obj. 2.90286e+06 iterations 4
Cbc0038I Pass   8: suminf.    0.14147 (1) obj. 2.90286e+06 iterations 7
Cbc0038I Pass   9: suminf.    0.11471 (1) obj. 2.90286e+06 iterations 8
Cbc0038I Pass  10: suminf.    0.14147 (1) obj. 2.90286e+06 iterations 1
Cbc0038I Pass  11: suminf.    0.01721 (1) obj. 2.90286e+06 iterations 12
Cbc0038I Pass  12: suminf.    0.14147 (1) obj. 2.90286e+06 iterations 4
Cbc0038I Pass  13: suminf.    0.01721 (1) obj. 2.90286e+06 iterations 1
Cbc0038I Pass  14: suminf.    1.17153 (4) obj. 2.90286e+06 iterations 22
Cbc0038I Pass  15: suminf.    0.68453 (2) obj. 2.90286e+06 iterations 5
Cbc0038I Pass  16: suminf.    0.85853 (3) obj. 2.90286e+06 iterations 3
Cbc0038I Pass  17: suminf.    0.85853 (2) obj. 2.90286e+06 iterations 4
Cbc0038I Pass  18: suminf.    0.68453 (3) obj. 2.90286e+06 iterations 4
Cbc0038I Pass  19: suminf.    0.93351 (3) obj. 2.90286e+06 iterations 12
Cbc0038I Pass  20: suminf.    0.93351 (3) obj. 2.90286e+06 iterations 0
Cbc0038I Pass  21: suminf.    0.85853 (3) obj. 2.90286e+06 iterations 4
Cbc0038I Pass  22: suminf.    0.85853 (2) obj. 2.90286e+06 iterations 1
Cbc0038I Pass  23: suminf.    0.68453 (3) obj. 2.90286e+06 iterations 3
Cbc0038I Pass  24: suminf.    0.68453 (2) obj. 2.90286e+06 iterations 1
Cbc0038I Pass  25: suminf.    0.92074 (3) obj. 2.90286e+06 iterations 16
Cbc0038I Pass  26: suminf.    0.92074 (3) obj. 2.90286e+06 iterations 0
Cbc0038I Pass  27: suminf.    0.85853 (2) obj. 2.90286e+06 iterations 3
Cbc0038I Pass  28: suminf.    0.68453 (3) obj. 2.90286e+06 iterations 3
Cbc0038I Pass  29: suminf.    0.68453 (2) obj. 2.90286e+06 iterations 1
Cbc0038I Pass  30: suminf.    0.85853 (3) obj. 2.90286e+06 iterations 2
Cbc0038I Pass  31: suminf.    1.40774 (4) obj. 2.90286e+06 iterations 13
Cbc0038I Pass  32: suminf.    0.92074 (3) obj. 2.90286e+06 iterations 3
Cbc0038I Pass  33: suminf.    0.85853 (2) obj. 2.90286e+06 iterations 3
Cbc0038I No solution found this major pass
Cbc0038I Before mini branch and bound, 4 integers at bound fixed and 62 continuous
Cbc0038I Full problem 111 rows 148 columns, reduced to 20 rows 27 columns
Cbc0038I Mini branch and bound improved solution from 2.90289e+06 to 2.90286e+06 (0.03 seconds)
Cbc0038I Freeing continuous variables gives a solution of 2.90286e+06
Cbc0038I Round again with cutoff of 2.90283e+06
Cbc0038I Pass  33: suminf.    0.61026 (3) obj. 2.90283e+06 iterations 1
Cbc0038I Pass  34: suminf.    0.61026 (3) obj. 2.90283e+06 iterations 2
Cbc0038I Pass  35: suminf.    0.67487 (2) obj. 2.90283e+06 iterations 12
Cbc0038I Pass  36: suminf.    0.16337 (2) obj. 2.90283e+06 iterations 3
Cbc0038I Pass  37: suminf.    0.15487 (2) obj. 2.90283e+06 iterations 2
Cbc0038I Pass  38: suminf.    0.64805 (3) obj. 2.90283e+06 iterations 10
Cbc0038I Pass  39: suminf.    0.64805 (3) obj. 2.90283e+06 iterations 1
Cbc0038I Pass  40: suminf.    0.83705 (3) obj. 2.90283e+06 iterations 7
Cbc0038I Pass  41: suminf.    0.67487 (2) obj. 2.90283e+06 iterations 1
Cbc0038I Pass  42: suminf.    0.67487 (2) obj. 2.90283e+06 iterations 1
Cbc0038I Pass  43: suminf.    0.16337 (2) obj. 2.90283e+06 iterations 3
Cbc0038I Pass  44: suminf.    0.15487 (2) obj. 2.90283e+06 iterations 2
Cbc0038I Pass  45: suminf.    0.64805 (3) obj. 2.90283e+06 iterations 10
Cbc0038I Pass  46: suminf.    0.64805 (3) obj. 2.90283e+06 iterations 1
Cbc0038I Pass  47: suminf.    0.83705 (3) obj. 2.90283e+06 iterations 7
Cbc0038I Pass  48: suminf.    0.67487 (2) obj. 2.90283e+06 iterations 1
Cbc0038I Pass  49: suminf.    0.67487 (2) obj. 2.90283e+06 iterations 1
Cbc0038I Pass  50: suminf.    0.16337 (2) obj. 2.90283e+06 iterations 3
Cbc0038I Pass  51: suminf.    0.15487 (2) obj. 2.90283e+06 iterations 2
Cbc0038I Pass  52: suminf.    0.64805 (3) obj. 2.90283e+06 iterations 10
Cbc0038I Pass  53: suminf.    0.64805 (3) obj. 2.90283e+06 iterations 1
Cbc0038I Pass  54: suminf.    0.83705 (3) obj. 2.90283e+06 iterations 7
Cbc0038I Pass  55: suminf.    0.67487 (2) obj. 2.90283e+06 iterations 1
Cbc0038I Pass  56: suminf.    0.67487 (2) obj. 2.90283e+06 iterations 1
Cbc0038I Pass  57: suminf.    0.16337 (2) obj. 2.90283e+06 iterations 3
Cbc0038I Pass  58: suminf.    0.15487 (2) obj. 2.90283e+06 iterations 2
Cbc0038I Pass  59: suminf.    0.64805 (3) obj. 2.90283e+06 iterations 10
Cbc0038I Pass  60: suminf.    0.64805 (3) obj. 2.90283e+06 iterations 1
Cbc0038I Pass  61: suminf.    0.83705 (3) obj. 2.90283e+06 iterations 7
Cbc0038I Pass  62: suminf.    0.67487 (2) obj. 2.90283e+06 iterations 1
Cbc0038I No solution found this major pass
Cbc0038I Before mini branch and bound, 18 integers at bound fixed and 72 continuous
Cbc0038I Full problem 111 rows 148 columns, reduced to 20 rows 26 columns
Cbc0038I Mini branch and bound did not improve solution (0.04 seconds)
Cbc0038I After 0.04 seconds - Feasibility pump exiting with objective of 2.90286e+06 - took 0.04 seconds
Cbc0012I Integer solution of 2902864.3 found by feasibility pump after 0 iterations and 0 nodes (0.04 seconds)
Cbc0038I Full problem 111 rows 148 columns, reduced to 62 rows 94 columns
Cbc0031I 10 added rows had average density of 24
Cbc0013I At root node, 10 cuts changed objective from 2902753.8 to 2902856.4 in 100 passes
Cbc0014I Cut generator 0 (Probing) - 2 row cuts average 2.0 elements, 3 column cuts (3 active)  in 0.010 seconds - new frequency is 1
Cbc0014I Cut generator 1 (Gomory) - 213 row cuts average 33.7 elements, 0 column cuts (0 active)  in 0.006 seconds - new frequency is 1
Cbc0014I Cut generator 2 (Knapsack) - 0 row cuts average 0.0 elements, 0 column cuts (0 active)  in 0.009 seconds - new frequency is -100
Cbc0014I Cut generator 3 (Clique) - 0 row cuts average 0.0 elements, 0 column cuts (0 active)  in 0.000 seconds - new frequency is -100
Cbc0014I Cut generator 4 (MixedIntegerRounding2) - 2 row cuts average 4.0 elements, 0 column cuts (0 active)  in 0.004 seconds - new frequency is -100
Cbc0014I Cut generator 5 (FlowCover) - 0 row cuts average 0.0 elements, 0 column cuts (0 active)  in 0.021 seconds - new frequency is -100
Cbc0014I Cut generator 6 (TwoMirCuts) - 14 row cuts average 12.1 elements, 0 column cuts (0 active)  in 0.004 seconds - new frequency is -100
Cbc0010I After 0 nodes, 1 on tree, 2902864.3 best solution, best possible 2902856.4 (0.16 seconds)
Cbc0001I Search completed - best objective 2902864.279325287, took 661 iterations and 4 nodes (0.17 seconds)
Cbc0032I Strong branching done 16 times (60 iterations), fathomed 2 nodes and fixed 2 variables
Cbc0035I Maximum depth 1, 0 variables fixed on reduced cost
Cuts at root node changed objective from 2.90275e+06 to 2.90286e+06
Probing was tried 109 times and created 6 cuts of which 0 were active after adding rounds of cuts (0.013 seconds)
Gomory was tried 109 times and created 223 cuts of which 0 were active after adding rounds of cuts (0.006 seconds)
Knapsack was tried 100 times and created 0 cuts of which 0 were active after adding rounds of cuts (0.009 seconds)
Clique was tried 100 times and created 0 cuts of which 0 were active after adding rounds of cuts (0.000 seconds)
MixedIntegerRounding2 was tried 100 times and created 2 cuts of which 0 were active after adding rounds of cuts (0.004 seconds)
FlowCover was tried 100 times and created 0 cuts of which 0 were active after adding rounds of cuts (0.021 seconds)
TwoMirCuts was tried 100 times and created 14 cuts of which 0 were active after adding rounds of cuts (0.004 seconds)
ZeroHalf was tried 1 times and created 0 cuts of which 0 were active after adding rounds of cuts (0.000 seconds)

Result - Optimal solution found

Objective value:                2902864.27932529
Enumerated nodes:               4
Total iterations:               661
Time (CPU seconds):             0.17
Time (Wallclock seconds):       0.17

Option for printingOptions changed from normal to all
Total time (CPU seconds):       0.20   (Wallclock seconds):       0.20

