Welcome to the CBC MILP Solver 
Version: 2.10.3 
Build Date: Dec 15 2019 

command line - E:\dachuang\.venv\Lib\site-packages\pulp\apis\../solverdir/cbc/win/i64/cbc.exe model.mps -primalTolerance 1e-9 -integerTolerance 1e-9 -ratioGap 0 -allowableGap 0 -threads 0 -branch -printingOptions all -solution solution.txt -saveSolution solution.bin -quit (default strategy 1)
At line 2 NAME          MODEL
At line 3 ROWS
At line 317 COLUMNS
At line 1133 RHS
At line 1446 BOUNDS
At line 1521 ENDATA
Problem MODEL has 312 rows, 241 columns and 647 elements
Coin0008I MODEL read with 0 errors
primalTolerance was changed from 1e-07 to 1e-09
integerTolerance was changed from 1e-07 to 1e-09
ratioGap was changed from 0 to 0
allowableGap was changed from 1e-10 to 0
Continuous objective value is 2.6252e+06 - 0.00 seconds
Cgl0004I processed model has 112 rows, 149 columns (24 integer (24 of which binary)) and 321 elements
Cbc0038I Initial state - 5 integers unsatisfied sum - 1.39332
Cbc0038I Pass   1: suminf.    0.00000 (0) obj. 2.62544e+06 iterations 14
Cbc0038I Solution found of 2.62544e+06
Cbc0038I Relaxing continuous gives 2.62544e+06
Cbc0038I Before mini branch and bound, 19 integers at bound fixed and 84 continuous
Cbc0038I Full problem 112 rows 149 columns, reduced to 1 rows 2 columns
Cbc0038I Mini branch and bound did not improve solution (0.01 seconds)
Cbc0038I Round again with cutoff of 2.62541e+06
Cbc0038I Pass   2: suminf.    0.10479 (1) obj. 2.62541e+06 iterations 2
Cbc0038I Pass   3: suminf.    0.51604 (2) obj. 2.62541e+06 iterations 10
Cbc0038I Pass   4: suminf.    0.58579 (2) obj. 2.62541e+06 iterations 3
Cbc0038I Pass   5: suminf.    0.34678 (1) obj. 2.62541e+06 iterations 16
Cbc0038I Solution found of 2.62541e+06
Cbc0038I Relaxing continuous gives 2.62533e+06
Cbc0038I Before mini branch and bound, 15 integers at bound fixed and 74 continuous
Cbc0038I Full problem 112 rows 149 columns, reduced to 13 rows 19 columns
Cbc0038I Mini branch and bound improved solution from 2.62533e+06 to 2.62531e+06 (0.02 seconds)
Cbc0038I Round again with cutoff of 2.62529e+06
Cbc0038I Pass   6: suminf.    0.64284 (3) obj. 2.62529e+06 iterations 3
Cbc0038I Pass   7: suminf.    0.67992 (4) obj. 2.62529e+06 iterations 14
Cbc0038I Pass   8: suminf.    0.67992 (5) obj. 2.62529e+06 iterations 2
Cbc0038I Pass   9: suminf.    1.01008 (4) obj. 2.62529e+06 iterations 6
Cbc0038I Pass  10: suminf.    1.01008 (4) obj. 2.62529e+06 iterations 1
Cbc0038I Pass  11: suminf.    0.55383 (4) obj. 2.62529e+06 iterations 16
Cbc0038I Pass  12: suminf.    0.22621 (3) obj. 2.62529e+06 iterations 2
Cbc0038I Pass  13: suminf.    0.96671 (4) obj. 2.62529e+06 iterations 6
Cbc0038I Pass  14: suminf.    0.96671 (4) obj. 2.62529e+06 iterations 0
Cbc0038I Pass  15: suminf.    0.32083 (4) obj. 2.62529e+06 iterations 14
Cbc0038I Pass  16: suminf.    0.32083 (4) obj. 2.62529e+06 iterations 1
Cbc0038I Pass  17: suminf.    0.63662 (5) obj. 2.62529e+06 iterations 5
Cbc0038I Pass  18: suminf.    0.32083 (4) obj. 2.62529e+06 iterations 1
Cbc0038I Pass  19: suminf.    0.96671 (4) obj. 2.62529e+06 iterations 9
Cbc0038I Pass  20: suminf.    0.32083 (4) obj. 2.62529e+06 iterations 13
Cbc0038I Pass  21: suminf.    0.67992 (4) obj. 2.62529e+06 iterations 9
Cbc0038I Pass  22: suminf.    0.67992 (5) obj. 2.62529e+06 iterations 1
Cbc0038I Pass  23: suminf.    1.01008 (4) obj. 2.62529e+06 iterations 6
Cbc0038I Pass  24: suminf.    1.01008 (4) obj. 2.62529e+06 iterations 1
Cbc0038I Pass  25: suminf.    0.55383 (4) obj. 2.62529e+06 iterations 14
Cbc0038I Pass  26: suminf.    0.22621 (3) obj. 2.62529e+06 iterations 2
Cbc0038I Pass  27: suminf.    0.96671 (4) obj. 2.62529e+06 iterations 6
Cbc0038I Pass  28: suminf.    0.96671 (4) obj. 2.62529e+06 iterations 0
Cbc0038I Pass  29: suminf.    0.32083 (4) obj. 2.62529e+06 iterations 11
Cbc0038I Pass  30: suminf.    0.32083 (4) obj. 2.62529e+06 iterations 1
Cbc0038I Pass  31: suminf.    0.67992 (5) obj. 2.62529e+06 iterations 10
Cbc0038I Pass  32: suminf.    0.67992 (5) obj. 2.62529e+06 iterations 1
Cbc0038I Pass  33: suminf.    1.01008 (4) obj. 2.62529e+06 iterations 6
Cbc0038I Pass  34: suminf.    1.01008 (4) obj. 2.62529e+06 iterations 1
Cbc0038I Pass  35: suminf.    0.55383 (4) obj. 2.62529e+06 iterations 11
Cbc0038I No solution found this major pass
Cbc0038I Before mini branch and bound, 10 integers at bound fixed and 65 continuous
Cbc0038I Full problem 112 rows 149 columns, reduced to 22 rows 30 columns
Cbc0038I Mini branch and bound did not improve solution (0.03 seconds)
Cbc0038I After 0.03 seconds - Feasibility pump exiting with objective of 2.62531e+06 - took 0.02 seconds
Cbc0012I Integer solution of 2625313.4 found by feasibility pump after 0 iterations and 0 nodes (0.03 seconds)
Cbc0038I Full problem 112 rows 149 columns, reduced to 62 rows 95 columns
Cbc0031I 10 added rows had average density of 16.9
Cbc0013I At root node, 10 cuts changed objective from 2625195.8 to 2625309.5 in 29 passes
Cbc0014I Cut generator 0 (Probing) - 5 row cuts average 5.2 elements, 2 column cuts (2 active)  in 0.005 seconds - new frequency is 1
Cbc0014I Cut generator 1 (Gomory) - 59 row cuts average 30.2 elements, 0 column cuts (0 active)  in 0.001 seconds - new frequency is 1
Cbc0014I Cut generator 2 (Knapsack) - 0 row cuts average 0.0 elements, 0 column cuts (0 active)  in 0.008 seconds - new frequency is -100
Cbc0014I Cut generator 3 (Clique) - 0 row cuts average 0.0 elements, 0 column cuts (0 active)  in 0.000 seconds - new frequency is -100
Cbc0014I Cut generator 4 (MixedIntegerRounding2) - 8 row cuts average 6.0 elements, 0 column cuts (0 active)  in 0.002 seconds - new frequency is 1
Cbc0014I Cut generator 5 (FlowCover) - 1 row cuts average 9.0 elements, 0 column cuts (0 active)  in 0.005 seconds - new frequency is -100
Cbc0014I Cut generator 6 (TwoMirCuts) - 18 row cuts average 18.9 elements, 0 column cuts (0 active)  in 0.002 seconds - new frequency is -100
Cbc0010I After 0 nodes, 1 on tree, 2625313.4 best solution, best possible 2625309.5 (0.07 seconds)
Cbc0001I Search completed - best objective 2625313.388723475, took 195 iterations and 4 nodes (0.08 seconds)
Cbc0032I Strong branching done 20 times (68 iterations), fathomed 2 nodes and fixed 3 variables
Cbc0035I Maximum depth 1, 1 variables fixed on reduced cost
Cuts at root node changed objective from 2.6252e+06 to 2.62531e+06
Probing was tried 33 times and created 7 cuts of which 0 were active after adding rounds of cuts (0.006 seconds)
Gomory was tried 33 times and created 60 cuts of which 0 were active after adding rounds of cuts (0.002 seconds)
Knapsack was tried 29 times and created 0 cuts of which 0 were active after adding rounds of cuts (0.008 seconds)
Clique was tried 29 times and created 0 cuts of which 0 were active after adding rounds of cuts (0.000 seconds)
MixedIntegerRounding2 was tried 33 times and created 8 cuts of which 0 were active after adding rounds of cuts (0.002 seconds)
FlowCover was tried 29 times and created 1 cuts of which 0 were active after adding rounds of cuts (0.005 seconds)
TwoMirCuts was tried 29 times and created 18 cuts of which 0 were active after adding rounds of cuts (0.002 seconds)
ZeroHalf was tried 1 times and created 0 cuts of which 0 were active after adding rounds of cuts (0.000 seconds)

Result - Optimal solution found

Objective value:                2625313.38872348
Enumerated nodes:               4
Total iterations:               195
Time (CPU seconds):             0.08
Time (Wallclock seconds):       0.08

Option for printingOptions changed from normal to all
Total time (CPU seconds):       0.10   (Wallclock seconds):       0.10

