Welcome to the CBC MILP Solver 
Version: 2.10.3 
Build Date: Dec 15 2019 

command line - E:\dachuang\.venv\Lib\site-packages\pulp\apis\../solverdir/cbc/win/i64/cbc.exe model.mps -primalTolerance 1e-9 -integerTolerance 1e-9 -ratioGap 0 -allowableGap 0 -threads 0 -branch -printingOptions all -solution solution.txt -saveSolution solution.bin -quit (default strategy 1)
At line 2 NAME          MODEL
At line 3 ROWS
At line 317 COLUMNS
At line 1133 RHS
At line 1446 BOUNDS
At line 1521 ENDATA
Problem MODEL has 312 rows, 241 columns and 647 elements
Coin0008I MODEL read with 0 errors
primalTolerance was changed from 1e-07 to 1e-09
integerTolerance was changed from 1e-07 to 1e-09
ratioGap was changed from 0 to 0
allowableGap was changed from 1e-10 to 0
Continuous objective value is 1.80072e+06 - 0.00 seconds
Cgl0004I processed model has 113 rows, 157 columns (24 integer (24 of which binary)) and 332 elements
Cbc0038I Initial state - 9 integers unsatisfied sum - 3.49366
Cbc0038I Pass   1: suminf.    0.00000 (0) obj. 1.89511e+06 iterations 23
Cbc0038I Solution found of 1.89511e+06
Cbc0038I Relaxing continuous gives 1.82844e+06
Cbc0038I Before mini branch and bound, 15 integers at bound fixed and 80 continuous
Cbc0038I Full problem 113 rows 157 columns, reduced to 9 rows 12 columns
Cbc0038I Mini branch and bound improved solution from 1.82844e+06 to 1.80106e+06 (0.01 seconds)
Cbc0038I Freeing continuous variables gives a solution of 1.80106e+06
Cbc0038I Round again with cutoff of 1.80103e+06
Cbc0038I Pass   2: suminf.    1.21111 (4) obj. 1.80103e+06 iterations 16
Cbc0038I Pass   3: suminf.    0.00000 (0) obj. 1.80103e+06 iterations 9
Cbc0038I Solution found of 1.80103e+06
Cbc0038I Relaxing continuous gives 1.80101e+06
Cbc0038I Before mini branch and bound, 14 integers at bound fixed and 80 continuous
Cbc0038I Full problem 113 rows 157 columns, reduced to 16 rows 21 columns
Cbc0038I Mini branch and bound improved solution from 1.80101e+06 to 1.80088e+06 (0.01 seconds)
Cbc0038I Freeing continuous variables gives a solution of 1.80088e+06
Cbc0038I Round again with cutoff of 1.80084e+06
Cbc0038I Pass   4: suminf.    1.80929 (6) obj. 1.80084e+06 iterations 5
Cbc0038I Pass   5: suminf.    1.80929 (6) obj. 1.80084e+06 iterations 5
Cbc0038I Pass   6: suminf.    0.46692 (1) obj. 1.80084e+06 iterations 16
Cbc0038I Pass   7: suminf.    0.14658 (1) obj. 1.80084e+06 iterations 2
Cbc0038I Pass   8: suminf.    1.51542 (4) obj. 1.80084e+06 iterations 10
Cbc0038I Pass   9: suminf.    0.49508 (2) obj. 1.80084e+06 iterations 4
Cbc0038I Pass  10: suminf.    0.46692 (1) obj. 1.80084e+06 iterations 4
Cbc0038I Pass  11: suminf.    0.14658 (1) obj. 1.80084e+06 iterations 1
Cbc0038I Pass  12: suminf.    0.33508 (2) obj. 1.80084e+06 iterations 6
Cbc0038I Pass  13: suminf.    0.46692 (1) obj. 1.80084e+06 iterations 5
Cbc0038I Pass  14: suminf.    0.14658 (1) obj. 1.80084e+06 iterations 2
Cbc0038I Pass  15: suminf.    0.89964 (2) obj. 1.80084e+06 iterations 15
Cbc0038I Pass  16: suminf.    0.89964 (2) obj. 1.80084e+06 iterations 1
Cbc0038I Pass  17: suminf.    0.43886 (1) obj. 1.80084e+06 iterations 3
Cbc0038I Pass  18: suminf.    0.41764 (1) obj. 1.80084e+06 iterations 1
Cbc0038I Pass  19: suminf.    1.88237 (7) obj. 1.80084e+06 iterations 8
Cbc0038I Pass  20: suminf.    1.08814 (3) obj. 1.80084e+06 iterations 4
Cbc0038I Pass  21: suminf.    0.43886 (1) obj. 1.80084e+06 iterations 4
Cbc0038I Pass  22: suminf.    0.41764 (1) obj. 1.80084e+06 iterations 1
Cbc0038I Pass  23: suminf.    2.21098 (7) obj. 1.80084e+06 iterations 22
Cbc0038I Pass  24: suminf.    1.19063 (5) obj. 1.80084e+06 iterations 4
Cbc0038I Pass  25: suminf.    0.46692 (1) obj. 1.80084e+06 iterations 6
Cbc0038I Pass  26: suminf.    0.14658 (1) obj. 1.80084e+06 iterations 2
Cbc0038I Pass  27: suminf.    0.92086 (3) obj. 1.80084e+06 iterations 19
Cbc0038I Pass  28: suminf.    0.89964 (2) obj. 1.80084e+06 iterations 3
Cbc0038I Pass  29: suminf.    0.43886 (1) obj. 1.80084e+06 iterations 3
Cbc0038I Pass  30: suminf.    0.41764 (1) obj. 1.80084e+06 iterations 1
Cbc0038I Pass  31: suminf.    2.14137 (7) obj. 1.80084e+06 iterations 11
Cbc0038I Pass  32: suminf.    0.41764 (1) obj. 1.80084e+06 iterations 8
Cbc0038I Pass  33: suminf.    0.43886 (1) obj. 1.80084e+06 iterations 2
Cbc0038I No solution found this major pass
Cbc0038I Before mini branch and bound, 4 integers at bound fixed and 70 continuous
Cbc0038I Full problem 113 rows 157 columns, reduced to 22 rows 30 columns
Cbc0038I Mini branch and bound did not improve solution (0.03 seconds)
Cbc0038I After 0.03 seconds - Feasibility pump exiting with objective of 1.80088e+06 - took 0.02 seconds
Cbc0012I Integer solution of 1800875.4 found by feasibility pump after 0 iterations and 0 nodes (0.03 seconds)
Cbc0038I Full problem 113 rows 157 columns, reduced to 73 rows 114 columns
Cbc0031I 7 added rows had average density of 11.714286
Cbc0013I At root node, 7 cuts changed objective from 1800721.9 to 1800802.2 in 65 passes
Cbc0014I Cut generator 0 (Probing) - 2 row cuts average 3.0 elements, 4 column cuts (4 active)  in 0.004 seconds - new frequency is 1
Cbc0014I Cut generator 1 (Gomory) - 110 row cuts average 53.4 elements, 0 column cuts (0 active)  in 0.010 seconds - new frequency is 1
Cbc0014I Cut generator 2 (Knapsack) - 0 row cuts average 0.0 elements, 0 column cuts (0 active)  in 0.005 seconds - new frequency is -100
Cbc0014I Cut generator 3 (Clique) - 0 row cuts average 0.0 elements, 0 column cuts (0 active)  in 0.000 seconds - new frequency is -100
Cbc0014I Cut generator 4 (MixedIntegerRounding2) - 10 row cuts average 5.7 elements, 0 column cuts (0 active)  in 0.007 seconds - new frequency is 1
Cbc0014I Cut generator 5 (FlowCover) - 0 row cuts average 0.0 elements, 0 column cuts (0 active)  in 0.010 seconds - new frequency is -100
Cbc0014I Cut generator 6 (TwoMirCuts) - 22 row cuts average 21.8 elements, 0 column cuts (0 active)  in 0.003 seconds - new frequency is -100
Cbc0010I After 0 nodes, 1 on tree, 1800875.4 best solution, best possible 1800802.5 (0.12 seconds)
Cbc0001I Search completed - best objective 1800875.430917919, took 384 iterations and 6 nodes (0.13 seconds)
Cbc0032I Strong branching done 24 times (65 iterations), fathomed 4 nodes and fixed 2 variables
Cbc0035I Maximum depth 2, 0 variables fixed on reduced cost
Cuts at root node changed objective from 1.80072e+06 to 1.8008e+06
Probing was tried 73 times and created 6 cuts of which 0 were active after adding rounds of cuts (0.005 seconds)
Gomory was tried 73 times and created 113 cuts of which 0 were active after adding rounds of cuts (0.010 seconds)
Knapsack was tried 65 times and created 0 cuts of which 0 were active after adding rounds of cuts (0.005 seconds)
Clique was tried 65 times and created 0 cuts of which 0 were active after adding rounds of cuts (0.000 seconds)
MixedIntegerRounding2 was tried 73 times and created 10 cuts of which 0 were active after adding rounds of cuts (0.008 seconds)
FlowCover was tried 65 times and created 0 cuts of which 0 were active after adding rounds of cuts (0.010 seconds)
TwoMirCuts was tried 65 times and created 22 cuts of which 0 were active after adding rounds of cuts (0.003 seconds)
ZeroHalf was tried 1 times and created 0 cuts of which 0 were active after adding rounds of cuts (0.000 seconds)

Result - Optimal solution found

Objective value:                1800875.43091792
Enumerated nodes:               6
Total iterations:               384
Time (CPU seconds):             0.13
Time (Wallclock seconds):       0.13

Option for printingOptions changed from normal to all
Total time (CPU seconds):       0.16   (Wallclock seconds):       0.16

