Welcome to the CBC MILP Solver 
Version: 2.10.3 
Build Date: Dec 15 2019 

command line - E:\dachuang\.venv\Lib\site-packages\pulp\apis\../solverdir/cbc/win/i64/cbc.exe model.mps -primalTolerance 1e-9 -integerTolerance 1e-9 -ratioGap 0 -allowableGap 0 -threads 0 -branch -printingOptions all -solution solution.txt -saveSolution solution.bin -quit (default strategy 1)
At line 2 NAME          MODEL
At line 3 ROWS
At line 317 COLUMNS
At line 1133 RHS
At line 1446 BOUNDS
At line 1521 ENDATA
Problem MODEL has 312 rows, 241 columns and 647 elements
Coin0008I MODEL read with 0 errors
primalTolerance was changed from 1e-07 to 1e-09
integerTolerance was changed from 1e-07 to 1e-09
ratioGap was changed from 0 to 0
allowableGap was changed from 1e-10 to 0
Continuous objective value is 1.72177e+06 - 0.00 seconds
Cgl0004I processed model has 113 rows, 157 columns (24 integer (24 of which binary)) and 332 elements
Cbc0038I Initial state - 9 integers unsatisfied sum - 2.37245
Cbc0038I Pass   1: suminf.    0.00000 (0) obj. 1.8246e+06 iterations 17
Cbc0038I Solution found of 1.8246e+06
Cbc0038I Relaxing continuous gives 1.81848e+06
Cbc0038I Before mini branch and bound, 15 integers at bound fixed and 84 continuous
Cbc0038I Full problem 113 rows 157 columns, reduced to 5 rows 7 columns
Cbc0038I Mini branch and bound improved solution from 1.81848e+06 to 1.72212e+06 (0.01 seconds)
Cbc0038I Freeing continuous variables gives a solution of 1.72212e+06
Cbc0038I Round again with cutoff of 1.72208e+06
Cbc0038I Pass   2: suminf.    0.70361 (4) obj. 1.72208e+06 iterations 14
Cbc0038I Pass   3: suminf.    0.00000 (0) obj. 1.72208e+06 iterations 12
Cbc0038I Solution found of 1.72208e+06
Cbc0038I Relaxing continuous gives 1.72193e+06
Cbc0038I Before mini branch and bound, 14 integers at bound fixed and 78 continuous
Cbc0038I Full problem 113 rows 157 columns, reduced to 17 rows 22 columns
Cbc0038I Mini branch and bound improved solution from 1.72193e+06 to 1.72188e+06 (0.02 seconds)
Cbc0038I Freeing continuous variables gives a solution of 1.72188e+06
Cbc0038I Round again with cutoff of 1.72186e+06
Cbc0038I Pass   4: suminf.    0.87894 (5) obj. 1.72186e+06 iterations 2
Cbc0038I Pass   5: suminf.    0.86916 (5) obj. 1.72186e+06 iterations 4
Cbc0038I Pass   6: suminf.    0.40045 (2) obj. 1.72186e+06 iterations 14
Cbc0038I Pass   7: suminf.    0.09521 (1) obj. 1.72186e+06 iterations 4
Cbc0038I Pass   8: suminf.    0.40045 (2) obj. 1.72186e+06 iterations 6
Cbc0038I Pass   9: suminf.    0.69645 (3) obj. 1.72186e+06 iterations 9
Cbc0038I Pass  10: suminf.    0.69645 (3) obj. 1.72186e+06 iterations 0
Cbc0038I Pass  11: suminf.    0.71395 (3) obj. 1.72186e+06 iterations 5
Cbc0038I Pass  12: suminf.    0.40045 (2) obj. 1.72186e+06 iterations 5
Cbc0038I Pass  13: suminf.    0.40045 (2) obj. 1.72186e+06 iterations 0
Cbc0038I Pass  14: suminf.    1.13674 (5) obj. 1.72186e+06 iterations 10
Cbc0038I Pass  15: suminf.    0.90074 (4) obj. 1.72186e+06 iterations 2
Cbc0038I Pass  16: suminf.    0.71395 (3) obj. 1.72186e+06 iterations 4
Cbc0038I Pass  17: suminf.    0.40045 (2) obj. 1.72186e+06 iterations 2
Cbc0038I Pass  18: suminf.    0.40045 (2) obj. 1.72186e+06 iterations 0
Cbc0038I Pass  19: suminf.    0.87443 (3) obj. 1.72186e+06 iterations 9
Cbc0038I Pass  20: suminf.    0.86766 (4) obj. 1.72186e+06 iterations 1
Cbc0038I Pass  21: suminf.    0.62532 (3) obj. 1.72186e+06 iterations 7
Cbc0038I Pass  22: suminf.    0.58195 (2) obj. 1.72186e+06 iterations 2
Cbc0038I Pass  23: suminf.    0.58195 (2) obj. 1.72186e+06 iterations 1
Cbc0038I Pass  24: suminf.    0.38479 (1) obj. 1.72186e+06 iterations 2
Cbc0038I Pass  25: suminf.    0.19271 (1) obj. 1.72186e+06 iterations 2
Cbc0038I Pass  26: suminf.    0.40045 (2) obj. 1.72186e+06 iterations 3
Cbc0038I Pass  27: suminf.    0.40045 (2) obj. 1.72186e+06 iterations 0
Cbc0038I Pass  28: suminf.    0.71624 (3) obj. 1.72186e+06 iterations 14
Cbc0038I Pass  29: suminf.    0.40045 (2) obj. 1.72186e+06 iterations 2
Cbc0038I Pass  30: suminf.    0.71395 (3) obj. 1.72186e+06 iterations 3
Cbc0038I Pass  31: suminf.    0.40045 (2) obj. 1.72186e+06 iterations 2
Cbc0038I Pass  32: suminf.    1.44874 (7) obj. 1.72186e+06 iterations 16
Cbc0038I Pass  33: suminf.    1.44874 (7) obj. 1.72186e+06 iterations 2
Cbc0038I No solution found this major pass
Cbc0038I Before mini branch and bound, 5 integers at bound fixed and 68 continuous
Cbc0038I Full problem 113 rows 157 columns, reduced to 26 rows 36 columns
Cbc0038I Mini branch and bound improved solution from 1.72188e+06 to 1.7218e+06 (0.03 seconds)
Cbc0038I Freeing continuous variables gives a solution of 1.7218e+06
Cbc0038I Round again with cutoff of 1.72179e+06
Cbc0038I Pass  33: suminf.    1.19599 (7) obj. 1.72179e+06 iterations 4
Cbc0038I Pass  34: suminf.    1.19599 (6) obj. 1.72179e+06 iterations 2
Cbc0038I Pass  35: suminf.    0.41478 (2) obj. 1.72179e+06 iterations 14
Cbc0038I Pass  36: suminf.    0.40550 (3) obj. 1.72179e+06 iterations 2
Cbc0038I Pass  37: suminf.    0.95215 (3) obj. 1.72179e+06 iterations 13
Cbc0038I Pass  38: suminf.    0.90878 (2) obj. 1.72179e+06 iterations 2
Cbc0038I Pass  39: suminf.    0.90878 (2) obj. 1.72179e+06 iterations 1
Cbc0038I Pass  40: suminf.    0.41478 (2) obj. 1.72179e+06 iterations 4
Cbc0038I Pass  41: suminf.    0.40550 (3) obj. 1.72179e+06 iterations 2
Cbc0038I Pass  42: suminf.    0.95215 (3) obj. 1.72179e+06 iterations 13
Cbc0038I Pass  43: suminf.    0.90878 (2) obj. 1.72179e+06 iterations 2
Cbc0038I Pass  44: suminf.    0.90878 (2) obj. 1.72179e+06 iterations 1
Cbc0038I Pass  45: suminf.    0.41478 (2) obj. 1.72179e+06 iterations 4
Cbc0038I Pass  46: suminf.    0.40550 (3) obj. 1.72179e+06 iterations 2
Cbc0038I Pass  47: suminf.    0.95215 (3) obj. 1.72179e+06 iterations 13
Cbc0038I Pass  48: suminf.    0.90878 (2) obj. 1.72179e+06 iterations 2
Cbc0038I Pass  49: suminf.    0.90878 (2) obj. 1.72179e+06 iterations 1
Cbc0038I Pass  50: suminf.    0.41478 (2) obj. 1.72179e+06 iterations 4
Cbc0038I Pass  51: suminf.    0.40550 (3) obj. 1.72179e+06 iterations 2
Cbc0038I Pass  52: suminf.    0.95215 (3) obj. 1.72179e+06 iterations 13
Cbc0038I Pass  53: suminf.    0.90878 (2) obj. 1.72179e+06 iterations 2
Cbc0038I Pass  54: suminf.    0.90878 (2) obj. 1.72179e+06 iterations 1
Cbc0038I Pass  55: suminf.    0.41478 (2) obj. 1.72179e+06 iterations 4
Cbc0038I Pass  56: suminf.    0.40550 (3) obj. 1.72179e+06 iterations 2
Cbc0038I Pass  57: suminf.    0.95215 (3) obj. 1.72179e+06 iterations 13
Cbc0038I Pass  58: suminf.    0.90878 (2) obj. 1.72179e+06 iterations 2
Cbc0038I Pass  59: suminf.    0.90878 (2) obj. 1.72179e+06 iterations 1
Cbc0038I Pass  60: suminf.    0.41478 (2) obj. 1.72179e+06 iterations 4
Cbc0038I Pass  61: suminf.    0.40550 (3) obj. 1.72179e+06 iterations 2
Cbc0038I Pass  62: suminf.    0.95215 (3) obj. 1.72179e+06 iterations 13
Cbc0038I No solution found this major pass
Cbc0038I Before mini branch and bound, 14 integers at bound fixed and 77 continuous
Cbc0038I Full problem 113 rows 157 columns, reduced to 20 rows 26 columns
Cbc0038I Mini branch and bound did not improve solution (0.04 seconds)
Cbc0038I After 0.04 seconds - Feasibility pump exiting with objective of 1.7218e+06 - took 0.04 seconds
Cbc0012I Integer solution of 1721801.8 found by feasibility pump after 0 iterations and 0 nodes (0.05 seconds)
Cbc0038I Full problem 113 rows 157 columns, reduced to 78 rows 119 columns
Cbc0031I 6 added rows had average density of 8.6666667
Cbc0013I At root node, 6 cuts changed objective from 1721773.3 to 1721787.9 in 10 passes
Cbc0014I Cut generator 0 (Probing) - 1 row cuts average 2.0 elements, 2 column cuts (2 active)  in 0.002 seconds - new frequency is 1
Cbc0014I Cut generator 1 (Gomory) - 28 row cuts average 15.4 elements, 0 column cuts (0 active)  in 0.000 seconds - new frequency is 1
Cbc0014I Cut generator 2 (Knapsack) - 0 row cuts average 0.0 elements, 0 column cuts (0 active)  in 0.001 seconds - new frequency is -100
Cbc0014I Cut generator 3 (Clique) - 0 row cuts average 0.0 elements, 0 column cuts (0 active)  in 0.000 seconds - new frequency is -100
Cbc0014I Cut generator 4 (MixedIntegerRounding2) - 6 row cuts average 4.2 elements, 0 column cuts (0 active)  in 0.000 seconds - new frequency is 1
Cbc0014I Cut generator 5 (FlowCover) - 0 row cuts average 0.0 elements, 0 column cuts (0 active)  in 0.002 seconds - new frequency is -100
Cbc0014I Cut generator 6 (TwoMirCuts) - 24 row cuts average 9.7 elements, 0 column cuts (0 active)  in 0.002 seconds - new frequency is -100
Cbc0010I After 0 nodes, 1 on tree, 1721801.8 best solution, best possible 1721787.9 (0.07 seconds)
Cbc0001I Search completed - best objective 1721801.801473442, took 107 iterations and 4 nodes (0.07 seconds)
Cbc0032I Strong branching done 18 times (43 iterations), fathomed 2 nodes and fixed 2 variables
Cbc0035I Maximum depth 1, 2 variables fixed on reduced cost
Cuts at root node changed objective from 1.72177e+06 to 1.72179e+06
Probing was tried 18 times and created 5 cuts of which 0 were active after adding rounds of cuts (0.004 seconds)
Gomory was tried 18 times and created 42 cuts of which 0 were active after adding rounds of cuts (0.002 seconds)
Knapsack was tried 10 times and created 0 cuts of which 0 were active after adding rounds of cuts (0.001 seconds)
Clique was tried 10 times and created 0 cuts of which 0 were active after adding rounds of cuts (0.000 seconds)
MixedIntegerRounding2 was tried 18 times and created 7 cuts of which 0 were active after adding rounds of cuts (0.000 seconds)
FlowCover was tried 10 times and created 0 cuts of which 0 were active after adding rounds of cuts (0.002 seconds)
TwoMirCuts was tried 10 times and created 24 cuts of which 0 were active after adding rounds of cuts (0.002 seconds)
ZeroHalf was tried 1 times and created 0 cuts of which 0 were active after adding rounds of cuts (0.000 seconds)

Result - Optimal solution found

Objective value:                1721801.80147344
Enumerated nodes:               4
Total iterations:               107
Time (CPU seconds):             0.08
Time (Wallclock seconds):       0.08

Option for printingOptions changed from normal to all
Total time (CPU seconds):       0.17   (Wallclock seconds):       0.17

