Welcome to the CBC MILP Solver 
Version: 2.10.3 
Build Date: Dec 15 2019 

command line - E:\dachuang\.venv\Lib\site-packages\pulp\apis\../solverdir/cbc/win/i64/cbc.exe model.mps -primalTolerance 1e-9 -integerTolerance 1e-9 -ratioGap 0 -allowableGap 0 -threads 0 -branch -printingOptions all -solution solution.txt -saveSolution solution.bin -quit (default strategy 1)
At line 2 NAME          MODEL
At line 3 ROWS
At line 317 COLUMNS
At line 1133 RHS
At line 1446 BOUNDS
At line 1521 ENDATA
Problem MODEL has 312 rows, 241 columns and 647 elements
Coin0008I MODEL read with 0 errors
primalTolerance was changed from 1e-07 to 1e-09
integerTolerance was changed from 1e-07 to 1e-09
ratioGap was changed from 0 to 0
allowableGap was changed from 1e-10 to 0
Continuous objective value is 1.38443e+06 - 0.00 seconds
Cgl0004I processed model has 113 rows, 157 columns (24 integer (24 of which binary)) and 332 elements
Cbc0038I Initial state - 9 integers unsatisfied sum - 2.13328
Cbc0038I Pass   1: suminf.    0.00000 (0) obj. 1.38467e+06 iterations 12
Cbc0038I Solution found of 1.38467e+06
Cbc0038I Relaxing continuous gives 1.38467e+06
Cbc0038I Before mini branch and bound, 15 integers at bound fixed and 85 continuous
Cbc0038I Full problem 113 rows 157 columns, reduced to 5 rows 6 columns
Cbc0038I Mini branch and bound did not improve solution (0.01 seconds)
Cbc0038I Round again with cutoff of 1.38464e+06
Cbc0038I Pass   2: suminf.    0.10017 (1) obj. 1.38464e+06 iterations 1
Cbc0038I Pass   3: suminf.    0.22441 (1) obj. 1.38464e+06 iterations 4
Cbc0038I Pass   4: suminf.    0.57721 (2) obj. 1.38464e+06 iterations 2
Cbc0038I Pass   5: suminf.    0.10017 (1) obj. 1.38464e+06 iterations 3
Cbc0038I Pass   6: suminf.    0.22441 (1) obj. 1.38464e+06 iterations 8
Cbc0038I Pass   7: suminf.    0.22441 (1) obj. 1.38464e+06 iterations 5
Cbc0038I Pass   8: suminf.    0.22441 (1) obj. 1.38464e+06 iterations 1
Cbc0038I Pass   9: suminf.    0.10017 (1) obj. 1.38464e+06 iterations 2
Cbc0038I Pass  10: suminf.    1.43549 (5) obj. 1.38464e+06 iterations 13
Cbc0038I Pass  11: suminf.    0.10017 (1) obj. 1.38464e+06 iterations 7
Cbc0038I Pass  12: suminf.    0.22441 (1) obj. 1.38464e+06 iterations 8
Cbc0038I Pass  13: suminf.    1.55201 (5) obj. 1.38464e+06 iterations 12
Cbc0038I Pass  14: suminf.    0.89784 (3) obj. 1.38464e+06 iterations 3
Cbc0038I Pass  15: suminf.    0.22441 (1) obj. 1.38464e+06 iterations 5
Cbc0038I Pass  16: suminf.    0.10017 (1) obj. 1.38464e+06 iterations 2
Cbc0038I Pass  17: suminf.    1.39350 (6) obj. 1.38464e+06 iterations 12
Cbc0038I Pass  18: suminf.    0.18510 (3) obj. 1.38464e+06 iterations 6
Cbc0038I Pass  19: suminf.    0.22441 (1) obj. 1.38464e+06 iterations 7
Cbc0038I Pass  20: suminf.    0.10017 (1) obj. 1.38464e+06 iterations 2
Cbc0038I Pass  21: suminf.    2.52423 (8) obj. 1.38464e+06 iterations 17
Cbc0038I Pass  22: suminf.    0.97297 (3) obj. 1.38464e+06 iterations 7
Cbc0038I Pass  23: suminf.    0.22441 (1) obj. 1.38464e+06 iterations 7
Cbc0038I Pass  24: suminf.    0.10017 (1) obj. 1.38464e+06 iterations 2
Cbc0038I Pass  25: suminf.    1.62436 (6) obj. 1.38464e+06 iterations 15
Cbc0038I Pass  26: suminf.    0.55684 (3) obj. 1.38464e+06 iterations 5
Cbc0038I Pass  27: suminf.    0.22441 (1) obj. 1.38464e+06 iterations 5
Cbc0038I Pass  28: suminf.    0.10017 (1) obj. 1.38464e+06 iterations 2
Cbc0038I Pass  29: suminf.    1.06984 (5) obj. 1.38464e+06 iterations 11
Cbc0038I Pass  30: suminf.    1.06684 (4) obj. 1.38464e+06 iterations 1
Cbc0038I Pass  31: suminf.    2.78224 (9) obj. 1.38464e+06 iterations 6
Cbc0038I No solution found this major pass
Cbc0038I Before mini branch and bound, 2 integers at bound fixed and 71 continuous
Cbc0038I Full problem 113 rows 157 columns, reduced to 14 rows 20 columns
Cbc0038I Mini branch and bound did not improve solution (0.02 seconds)
Cbc0038I After 0.02 seconds - Feasibility pump exiting with objective of 1.38467e+06 - took 0.02 seconds
Cbc0012I Integer solution of 1384665 found by feasibility pump after 0 iterations and 0 nodes (0.02 seconds)
Cbc0038I Full problem 113 rows 157 columns, reduced to 73 rows 115 columns
Cbc0031I 10 added rows had average density of 11.1
Cbc0013I At root node, 10 cuts changed objective from 1384432.5 to 1384665 in 30 passes
Cbc0014I Cut generator 0 (Probing) - 3 row cuts average 2.0 elements, 6 column cuts (6 active)  in 0.003 seconds - new frequency is 1
Cbc0014I Cut generator 1 (Gomory) - 39 row cuts average 24.5 elements, 0 column cuts (0 active)  in 0.003 seconds - new frequency is 1
Cbc0014I Cut generator 2 (Knapsack) - 0 row cuts average 0.0 elements, 0 column cuts (0 active)  in 0.008 seconds - new frequency is -100
Cbc0014I Cut generator 3 (Clique) - 0 row cuts average 0.0 elements, 0 column cuts (0 active)  in 0.000 seconds - new frequency is -100
Cbc0014I Cut generator 4 (MixedIntegerRounding2) - 7 row cuts average 4.1 elements, 0 column cuts (0 active)  in 0.005 seconds - new frequency is 1
Cbc0014I Cut generator 5 (FlowCover) - 0 row cuts average 0.0 elements, 0 column cuts (0 active)  in 0.006 seconds - new frequency is -100
Cbc0014I Cut generator 6 (TwoMirCuts) - 14 row cuts average 15.1 elements, 0 column cuts (0 active)  in 0.001 seconds - new frequency is -100
Cbc0001I Search completed - best objective 1384665.002289122, took 86 iterations and 0 nodes (0.06 seconds)
Cbc0032I Strong branching done 6 times (30 iterations), fathomed 1 nodes and fixed 0 variables
Cbc0035I Maximum depth 0, 0 variables fixed on reduced cost
Cuts at root node changed objective from 1.38443e+06 to 1.38467e+06
Probing was tried 30 times and created 9 cuts of which 0 were active after adding rounds of cuts (0.003 seconds)
Gomory was tried 30 times and created 39 cuts of which 0 were active after adding rounds of cuts (0.003 seconds)
Knapsack was tried 30 times and created 0 cuts of which 0 were active after adding rounds of cuts (0.008 seconds)
Clique was tried 30 times and created 0 cuts of which 0 were active after adding rounds of cuts (0.000 seconds)
MixedIntegerRounding2 was tried 30 times and created 7 cuts of which 0 were active after adding rounds of cuts (0.005 seconds)
FlowCover was tried 30 times and created 0 cuts of which 0 were active after adding rounds of cuts (0.006 seconds)
TwoMirCuts was tried 30 times and created 14 cuts of which 0 were active after adding rounds of cuts (0.001 seconds)
ZeroHalf was tried 1 times and created 0 cuts of which 0 were active after adding rounds of cuts (0.000 seconds)

Result - Optimal solution found

Objective value:                1384665.00228912
Enumerated nodes:               0
Total iterations:               86
Time (CPU seconds):             0.07
Time (Wallclock seconds):       0.07

Option for printingOptions changed from normal to all
Total time (CPU seconds):       0.09   (Wallclock seconds):       0.09

