Welcome to the CBC MILP Solver 
Version: 2.10.3 
Build Date: Dec 15 2019 

command line - E:\dachuang\.venv\Lib\site-packages\pulp\apis\../solverdir/cbc/win/i64/cbc.exe model.mps -primalTolerance 1e-9 -integerTolerance 1e-9 -ratioGap 0 -allowableGap 0 -threads 0 -branch -printingOptions all -solution solution.txt -saveSolution solution.bin -quit (default strategy 1)
At line 2 NAME          MODEL
At line 3 ROWS
At line 317 COLUMNS
At line 1133 RHS
At line 1446 BOUNDS
At line 1521 ENDATA
Problem MODEL has 312 rows, 241 columns and 647 elements
Coin0008I MODEL read with 0 errors
primalTolerance was changed from 1e-07 to 1e-09
integerTolerance was changed from 1e-07 to 1e-09
ratioGap was changed from 0 to 0
allowableGap was changed from 1e-10 to 0
Continuous objective value is 907028 - 0.00 seconds
Cgl0004I processed model has 116 rows, 163 columns (24 integer (24 of which binary)) and 347 elements
Cbc0038I Initial state - 9 integers unsatisfied sum - 2.67535
Cbc0038I Pass   1: suminf.    0.00000 (0) obj. 917709 iterations 18
Cbc0038I Solution found of 917709
Cbc0038I Relaxing continuous gives 910097
Cbc0038I Before mini branch and bound, 15 integers at bound fixed and 86 continuous
Cbc0038I Full problem 116 rows 163 columns, reduced to 8 rows 10 columns
Cbc0038I Mini branch and bound improved solution from 910097 to 907258 (0.01 seconds)
Cbc0038I Freeing continuous variables gives a solution of 907160
Cbc0038I Round again with cutoff of 907146
Cbc0038I Pass   2: suminf.    1.17618 (3) obj. 907146 iterations 9
Cbc0038I Pass   3: suminf.    0.15763 (2) obj. 907146 iterations 10
Cbc0038I Pass   4: suminf.    0.06302 (1) obj. 907146 iterations 6
Cbc0038I Pass   5: suminf.    0.48418 (1) obj. 907146 iterations 1
Cbc0038I Pass   6: suminf.    1.18268 (4) obj. 907146 iterations 5
Cbc0038I Pass   7: suminf.    0.71068 (2) obj. 907146 iterations 2
Cbc0038I Pass   8: suminf.    1.65943 (6) obj. 907146 iterations 5
Cbc0038I Pass   9: suminf.    0.93868 (3) obj. 907146 iterations 3
Cbc0038I Pass  10: suminf.    1.48158 (5) obj. 907146 iterations 12
Cbc0038I Pass  11: suminf.    1.26268 (4) obj. 907146 iterations 1
Cbc0038I Pass  12: suminf.    0.43677 (1) obj. 907146 iterations 4
Cbc0038I Pass  13: suminf.    0.48418 (1) obj. 907146 iterations 1
Cbc0038I Pass  14: suminf.    2.30048 (7) obj. 907146 iterations 7
Cbc0038I Pass  15: suminf.    1.40418 (4) obj. 907146 iterations 4
Cbc0038I Pass  16: suminf.    2.66177 (9) obj. 907146 iterations 15
Cbc0038I Pass  17: suminf.    1.09702 (5) obj. 907146 iterations 7
Cbc0038I Pass  18: suminf.    0.48418 (1) obj. 907146 iterations 6
Cbc0038I Pass  19: suminf.    0.06302 (1) obj. 907146 iterations 2
Cbc0038I Pass  20: suminf.    1.75452 (6) obj. 907146 iterations 13
Cbc0038I Pass  21: suminf.    1.03427 (4) obj. 907146 iterations 3
Cbc0038I Pass  22: suminf.    0.06302 (1) obj. 907146 iterations 5
Cbc0038I Pass  23: suminf.    0.48418 (1) obj. 907146 iterations 1
Cbc0038I Pass  24: suminf.    2.18343 (6) obj. 907146 iterations 6
Cbc0038I Pass  25: suminf.    1.49293 (4) obj. 907146 iterations 2
Cbc0038I Pass  26: suminf.    2.40793 (6) obj. 907146 iterations 3
Cbc0038I Pass  27: suminf.    1.49293 (4) obj. 907146 iterations 2
Cbc0038I Pass  28: suminf.    2.85737 (8) obj. 907146 iterations 7
Cbc0038I Pass  29: suminf.    1.39577 (5) obj. 907146 iterations 5
Cbc0038I Pass  30: suminf.    1.84266 (7) obj. 907146 iterations 3
Cbc0038I Pass  31: suminf.    1.62377 (6) obj. 907146 iterations 1
Cbc0038I No solution found this major pass
Cbc0038I Before mini branch and bound, 1 integers at bound fixed and 73 continuous
Cbc0038I Full problem 116 rows 163 columns, reduced to 24 rows 32 columns
Cbc0038I Mini branch and bound did not improve solution (0.03 seconds)
Cbc0038I After 0.03 seconds - Feasibility pump exiting with objective of 907160 - took 0.02 seconds
Cbc0012I Integer solution of 907159.61 found by feasibility pump after 0 iterations and 0 nodes (0.03 seconds)
Cbc0038I Full problem 116 rows 163 columns, reduced to 76 rows 121 columns
Cbc0031I 9 added rows had average density of 23.666667
Cbc0013I At root node, 9 cuts changed objective from 907027.58 to 907096.54 in 24 passes
Cbc0014I Cut generator 0 (Probing) - 2 row cuts average 4.0 elements, 4 column cuts (4 active)  in 0.002 seconds - new frequency is 1
Cbc0014I Cut generator 1 (Gomory) - 45 row cuts average 48.1 elements, 0 column cuts (0 active)  in 0.004 seconds - new frequency is 1
Cbc0014I Cut generator 2 (Knapsack) - 0 row cuts average 0.0 elements, 0 column cuts (0 active)  in 0.004 seconds - new frequency is -100
Cbc0014I Cut generator 3 (Clique) - 0 row cuts average 0.0 elements, 0 column cuts (0 active)  in 0.000 seconds - new frequency is -100
Cbc0014I Cut generator 4 (MixedIntegerRounding2) - 5 row cuts average 4.2 elements, 0 column cuts (0 active)  in 0.002 seconds - new frequency is 1
Cbc0014I Cut generator 5 (FlowCover) - 0 row cuts average 0.0 elements, 0 column cuts (0 active)  in 0.007 seconds - new frequency is -100
Cbc0014I Cut generator 6 (TwoMirCuts) - 23 row cuts average 35.1 elements, 0 column cuts (0 active)  in 0.002 seconds - new frequency is -100
Cbc0010I After 0 nodes, 1 on tree, 907159.61 best solution, best possible 907096.54 (0.07 seconds)
Cbc0001I Search completed - best objective 907159.6078149318, took 165 iterations and 14 nodes (0.10 seconds)
Cbc0032I Strong branching done 64 times (172 iterations), fathomed 8 nodes and fixed 2 variables
Cbc0035I Maximum depth 3, 0 variables fixed on reduced cost
Cuts at root node changed objective from 907028 to 907097
Probing was tried 45 times and created 13 cuts of which 0 were active after adding rounds of cuts (0.002 seconds)
Gomory was tried 45 times and created 52 cuts of which 0 were active after adding rounds of cuts (0.005 seconds)
Knapsack was tried 24 times and created 0 cuts of which 0 were active after adding rounds of cuts (0.004 seconds)
Clique was tried 24 times and created 0 cuts of which 0 were active after adding rounds of cuts (0.000 seconds)
MixedIntegerRounding2 was tried 45 times and created 11 cuts of which 0 were active after adding rounds of cuts (0.003 seconds)
FlowCover was tried 24 times and created 0 cuts of which 0 were active after adding rounds of cuts (0.007 seconds)
TwoMirCuts was tried 24 times and created 23 cuts of which 0 were active after adding rounds of cuts (0.002 seconds)
ZeroHalf was tried 1 times and created 0 cuts of which 0 were active after adding rounds of cuts (0.000 seconds)

Result - Optimal solution found

Objective value:                907159.60781493
Enumerated nodes:               14
Total iterations:               165
Time (CPU seconds):             0.11
Time (Wallclock seconds):       0.10

Option for printingOptions changed from normal to all
Total time (CPU seconds):       0.13   (Wallclock seconds):       0.13

