Welcome to the CBC MILP Solver 
Version: 2.10.3 
Build Date: Dec 15 2019 

command line - E:\dachuang\.venv\Lib\site-packages\pulp\apis\../solverdir/cbc/win/i64/cbc.exe model.mps -primalTolerance 1e-9 -integerTolerance 1e-9 -ratioGap 0 -allowableGap 0 -threads 0 -branch -printingOptions all -solution solution.txt -saveSolution solution.bin -quit (default strategy 1)
At line 2 NAME          MODEL
At line 3 ROWS
At line 317 COLUMNS
At line 1133 RHS
At line 1446 BOUNDS
At line 1521 ENDATA
Problem MODEL has 312 rows, 241 columns and 647 elements
Coin0008I MODEL read with 0 errors
primalTolerance was changed from 1e-07 to 1e-09
integerTolerance was changed from 1e-07 to 1e-09
ratioGap was changed from 0 to 0
allowableGap was changed from 1e-10 to 0
Continuous objective value is 2.30319e+06 - 0.00 seconds
Cgl0004I processed model has 112 rows, 155 columns (24 integer (24 of which binary)) and 327 elements
Cbc0038I Initial state - 8 integers unsatisfied sum - 1.85645
Cbc0038I Pass   1: suminf.    0.00000 (0) obj. 2.3109e+06 iterations 14
Cbc0038I Solution found of 2.3109e+06
Cbc0038I Relaxing continuous gives 2.31046e+06
Cbc0038I Before mini branch and bound, 16 integers at bound fixed and 86 continuous
Cbc0038I Full problem 112 rows 155 columns, reduced to 6 rows 6 columns
Cbc0038I Mini branch and bound improved solution from 2.31046e+06 to 2.30353e+06 (0.01 seconds)
Cbc0038I Freeing continuous variables gives a solution of 2.30353e+06
Cbc0038I Round again with cutoff of 2.3035e+06
Cbc0038I Pass   2: suminf.    0.18761 (3) obj. 2.3035e+06 iterations 5
Cbc0038I Pass   3: suminf.    0.00000 (0) obj. 2.3035e+06 iterations 11
Cbc0038I Solution found of 2.3035e+06
Cbc0038I Relaxing continuous gives 2.30347e+06
Cbc0038I Before mini branch and bound, 16 integers at bound fixed and 85 continuous
Cbc0038I Full problem 112 rows 155 columns, reduced to 12 rows 16 columns
Cbc0038I Mini branch and bound did not improve solution (0.01 seconds)
Cbc0038I Freeing continuous variables gives a solution of 2.30347e+06
Cbc0038I Round again with cutoff of 2.30341e+06
Cbc0038I Pass   4: suminf.    0.52927 (3) obj. 2.30341e+06 iterations 2
Cbc0038I Pass   5: suminf.    0.28133 (4) obj. 2.30341e+06 iterations 12
Cbc0038I Pass   6: suminf.    0.97467 (3) obj. 2.30341e+06 iterations 12
Cbc0038I Pass   7: suminf.    0.51073 (2) obj. 2.30341e+06 iterations 4
Cbc0038I Pass   8: suminf.    0.67617 (2) obj. 2.30341e+06 iterations 17
Cbc0038I Pass   9: suminf.    0.53354 (2) obj. 2.30341e+06 iterations 1
Cbc0038I Pass  10: suminf.    0.67617 (2) obj. 2.30341e+06 iterations 4
Cbc0038I Pass  11: suminf.    0.56204 (4) obj. 2.30341e+06 iterations 11
Cbc0038I Pass  12: suminf.    0.67617 (3) obj. 2.30341e+06 iterations 11
Cbc0038I Pass  13: suminf.    0.53354 (2) obj. 2.30341e+06 iterations 3
Cbc0038I Pass  14: suminf.    0.67617 (2) obj. 2.30341e+06 iterations 6
Cbc0038I Pass  15: suminf.    0.67617 (2) obj. 2.30341e+06 iterations 12
Cbc0038I Pass  16: suminf.    0.53354 (2) obj. 2.30341e+06 iterations 1
Cbc0038I Pass  17: suminf.    0.67617 (2) obj. 2.30341e+06 iterations 2
Cbc0038I Pass  18: suminf.    1.07261 (4) obj. 2.30341e+06 iterations 11
Cbc0038I Pass  19: suminf.    0.75683 (3) obj. 2.30341e+06 iterations 1
Cbc0038I Pass  20: suminf.    0.97583 (3) obj. 2.30341e+06 iterations 2
Cbc0038I Pass  21: suminf.    0.97583 (3) obj. 2.30341e+06 iterations 0
Cbc0038I Pass  22: suminf.    0.75683 (3) obj. 2.30341e+06 iterations 1
Cbc0038I Pass  23: suminf.    0.56827 (5) obj. 2.30341e+06 iterations 12
Cbc0038I Pass  24: suminf.    0.52293 (4) obj. 2.30341e+06 iterations 3
Cbc0038I Pass  25: suminf.    0.50367 (2) obj. 2.30341e+06 iterations 3
Cbc0038I Pass  26: suminf.    0.45833 (2) obj. 2.30341e+06 iterations 2
Cbc0038I Pass  27: suminf.    1.67471 (7) obj. 2.30341e+06 iterations 24
Cbc0038I Pass  28: suminf.    1.35893 (6) obj. 2.30341e+06 iterations 1
Cbc0038I Pass  29: suminf.    0.85483 (3) obj. 2.30341e+06 iterations 9
Cbc0038I Pass  30: suminf.    0.85483 (3) obj. 2.30341e+06 iterations 0
Cbc0038I Pass  31: suminf.    0.90023 (3) obj. 2.30341e+06 iterations 7
Cbc0038I Pass  32: suminf.    0.67617 (2) obj. 2.30341e+06 iterations 9
Cbc0038I Pass  33: suminf.    0.53354 (2) obj. 2.30341e+06 iterations 2
Cbc0038I No solution found this major pass
Cbc0038I Before mini branch and bound, 3 integers at bound fixed and 66 continuous
Cbc0038I Full problem 112 rows 155 columns, reduced to 21 rows 28 columns
Cbc0038I Mini branch and bound did not improve solution (0.03 seconds)
Cbc0038I After 0.03 seconds - Feasibility pump exiting with objective of 2.30347e+06 - took 0.02 seconds
Cbc0012I Integer solution of 2303469.5 found by feasibility pump after 0 iterations and 0 nodes (0.03 seconds)
Cbc0038I Full problem 112 rows 155 columns, reduced to 69 rows 108 columns
Cbc0031I 12 added rows had average density of 14.666667
Cbc0013I At root node, 12 cuts changed objective from 2303189.4 to 2303469.5 in 17 passes
Cbc0014I Cut generator 0 (Probing) - 3 row cuts average 2.0 elements, 2 column cuts (2 active)  in 0.001 seconds - new frequency is 1
Cbc0014I Cut generator 1 (Gomory) - 35 row cuts average 26.9 elements, 0 column cuts (0 active)  in 0.002 seconds - new frequency is 1
Cbc0014I Cut generator 2 (Knapsack) - 0 row cuts average 0.0 elements, 0 column cuts (0 active)  in 0.006 seconds - new frequency is -100
Cbc0014I Cut generator 3 (Clique) - 0 row cuts average 0.0 elements, 0 column cuts (0 active)  in 0.000 seconds - new frequency is -100
Cbc0014I Cut generator 4 (MixedIntegerRounding2) - 7 row cuts average 4.4 elements, 0 column cuts (0 active)  in 0.000 seconds - new frequency is 1
Cbc0014I Cut generator 5 (FlowCover) - 0 row cuts average 0.0 elements, 0 column cuts (0 active)  in 0.004 seconds - new frequency is -100
Cbc0014I Cut generator 6 (TwoMirCuts) - 22 row cuts average 14.0 elements, 0 column cuts (0 active)  in 0.001 seconds - new frequency is -100
Cbc0001I Search completed - best objective 2303469.473723472, took 104 iterations and 0 nodes (0.06 seconds)
Cbc0032I Strong branching done 2 times (7 iterations), fathomed 1 nodes and fixed 0 variables
Cbc0035I Maximum depth 0, 2 variables fixed on reduced cost
Cuts at root node changed objective from 2.30319e+06 to 2.30347e+06
Probing was tried 17 times and created 5 cuts of which 0 were active after adding rounds of cuts (0.001 seconds)
Gomory was tried 17 times and created 35 cuts of which 0 were active after adding rounds of cuts (0.002 seconds)
Knapsack was tried 17 times and created 0 cuts of which 0 were active after adding rounds of cuts (0.006 seconds)
Clique was tried 17 times and created 0 cuts of which 0 were active after adding rounds of cuts (0.000 seconds)
MixedIntegerRounding2 was tried 17 times and created 7 cuts of which 0 were active after adding rounds of cuts (0.000 seconds)
FlowCover was tried 17 times and created 0 cuts of which 0 were active after adding rounds of cuts (0.004 seconds)
TwoMirCuts was tried 17 times and created 22 cuts of which 0 were active after adding rounds of cuts (0.001 seconds)
ZeroHalf was tried 1 times and created 0 cuts of which 0 were active after adding rounds of cuts (0.000 seconds)

Result - Optimal solution found

Objective value:                2303469.47372347
Enumerated nodes:               0
Total iterations:               104
Time (CPU seconds):             0.06
Time (Wallclock seconds):       0.06

Option for printingOptions changed from normal to all
Total time (CPU seconds):       0.09   (Wallclock seconds):       0.09

