Welcome to the CBC MILP Solver 
Version: 2.10.3 
Build Date: Dec 15 2019 

command line - E:\dachuang\.venv\Lib\site-packages\pulp\apis\../solverdir/cbc/win/i64/cbc.exe model.mps -primalTolerance 1e-9 -integerTolerance 1e-9 -ratioGap 0 -allowableGap 0 -threads 0 -branch -printingOptions all -solution solution.txt -saveSolution solution.bin -quit (default strategy 1)
At line 2 NAME          MODEL
At line 3 ROWS
At line 317 COLUMNS
At line 1133 RHS
At line 1446 BOUNDS
At line 1521 ENDATA
Problem MODEL has 312 rows, 241 columns and 647 elements
Coin0008I MODEL read with 0 errors
primalTolerance was changed from 1e-07 to 1e-09
integerTolerance was changed from 1e-07 to 1e-09
ratioGap was changed from 0 to 0
allowableGap was changed from 1e-10 to 0
Continuous objective value is 3.31552e+06 - 0.00 seconds
Cgl0004I processed model has 112 rows, 155 columns (24 integer (24 of which binary)) and 327 elements
Cbc0038I Initial state - 5 integers unsatisfied sum - 1.78622
Cbc0038I Pass   1: suminf.    0.00000 (0) obj. 3.31586e+06 iterations 15
Cbc0038I Solution found of 3.31586e+06
Cbc0038I Relaxing continuous gives 3.31586e+06
Cbc0038I Before mini branch and bound, 19 integers at bound fixed and 89 continuous
Cbc0038I Full problem 112 rows 155 columns, reduced to 6 rows 8 columns
Cbc0038I Mini branch and bound improved solution from 3.31586e+06 to 3.31586e+06 (0.01 seconds)
Cbc0038I Freeing continuous variables gives a solution of 3.31576e+06
Cbc0038I Round again with cutoff of 3.31574e+06
Cbc0038I Pass   2: suminf.    0.47271 (1) obj. 3.31574e+06 iterations 3
Cbc0038I Pass   3: suminf.    0.00000 (0) obj. 3.31574e+06 iterations 9
Cbc0038I Solution found of 3.31574e+06
Cbc0038I Relaxing continuous gives 3.31563e+06
Cbc0038I Before mini branch and bound, 18 integers at bound fixed and 85 continuous
Cbc0038I Full problem 112 rows 155 columns, reduced to 13 rows 18 columns
Cbc0038I Mini branch and bound did not improve solution (0.01 seconds)
Cbc0038I Freeing continuous variables gives a solution of 3.31563e+06
Cbc0038I Round again with cutoff of 3.3156e+06
Cbc0038I Pass   4: suminf.    0.09409 (1) obj. 3.3156e+06 iterations 3
Cbc0038I Pass   5: suminf.    0.09409 (1) obj. 3.3156e+06 iterations 0
Cbc0038I Pass   6: suminf.    0.52956 (2) obj. 3.3156e+06 iterations 11
Cbc0038I Pass   7: suminf.    0.52956 (2) obj. 3.3156e+06 iterations 0
Cbc0038I Pass   8: suminf.    0.09409 (1) obj. 3.3156e+06 iterations 3
Cbc0038I Pass   9: suminf.    0.40988 (2) obj. 3.3156e+06 iterations 7
Cbc0038I Pass  10: suminf.    0.09409 (1) obj. 3.3156e+06 iterations 3
Cbc0038I Pass  11: suminf.    0.52956 (2) obj. 3.3156e+06 iterations 13
Cbc0038I Pass  12: suminf.    0.52956 (2) obj. 3.3156e+06 iterations 0
Cbc0038I Pass  13: suminf.    0.09409 (1) obj. 3.3156e+06 iterations 3
Cbc0038I Pass  14: suminf.    0.09409 (1) obj. 3.3156e+06 iterations 6
Cbc0038I Pass  15: suminf.    0.52956 (2) obj. 3.3156e+06 iterations 10
Cbc0038I Pass  16: suminf.    0.52956 (2) obj. 3.3156e+06 iterations 0
Cbc0038I Pass  17: suminf.    0.09409 (1) obj. 3.3156e+06 iterations 3
Cbc0038I Pass  18: suminf.    0.40988 (2) obj. 3.3156e+06 iterations 12
Cbc0038I Pass  19: suminf.    0.09409 (1) obj. 3.3156e+06 iterations 1
Cbc0038I Pass  20: suminf.    0.80506 (2) obj. 3.3156e+06 iterations 3
Cbc0038I Pass  21: suminf.    0.09409 (1) obj. 3.3156e+06 iterations 2
Cbc0038I Pass  22: suminf.    0.85632 (3) obj. 3.3156e+06 iterations 15
Cbc0038I Pass  23: suminf.    0.11256 (2) obj. 3.3156e+06 iterations 1
Cbc0038I Pass  24: suminf.    0.09409 (1) obj. 3.3156e+06 iterations 4
Cbc0038I Pass  25: suminf.    0.09409 (1) obj. 3.3156e+06 iterations 1
Cbc0038I Pass  26: suminf.    0.80506 (2) obj. 3.3156e+06 iterations 3
Cbc0038I Pass  27: suminf.    0.84535 (4) obj. 3.3156e+06 iterations 22
Cbc0038I Pass  28: suminf.    0.52956 (3) obj. 3.3156e+06 iterations 1
Cbc0038I Pass  29: suminf.    0.09409 (1) obj. 3.3156e+06 iterations 6
Cbc0038I Pass  30: suminf.    0.09409 (1) obj. 3.3156e+06 iterations 0
Cbc0038I Pass  31: suminf.    0.52956 (2) obj. 3.3156e+06 iterations 9
Cbc0038I Pass  32: suminf.    0.52956 (2) obj. 3.3156e+06 iterations 0
Cbc0038I Pass  33: suminf.    0.09409 (1) obj. 3.3156e+06 iterations 3
Cbc0038I No solution found this major pass
Cbc0038I Before mini branch and bound, 3 integers at bound fixed and 64 continuous
Cbc0038I Full problem 112 rows 155 columns, reduced to 28 rows 37 columns
Cbc0038I Mini branch and bound did not improve solution (0.03 seconds)
Cbc0038I After 0.03 seconds - Feasibility pump exiting with objective of 3.31563e+06 - took 0.02 seconds
Cbc0012I Integer solution of 3315626 found by feasibility pump after 0 iterations and 0 nodes (0.03 seconds)
Cbc0038I Full problem 112 rows 155 columns, reduced to 62 rows 99 columns
Cbc0031I 3 added rows had average density of 17.333333
Cbc0013I At root node, 3 cuts changed objective from 3315516.8 to 3315593.1 in 32 passes
Cbc0014I Cut generator 0 (Probing) - 3 row cuts average 3.3 elements, 2 column cuts (2 active)  in 0.003 seconds - new frequency is 1
Cbc0014I Cut generator 1 (Gomory) - 56 row cuts average 30.9 elements, 0 column cuts (0 active)  in 0.010 seconds - new frequency is 1
Cbc0014I Cut generator 2 (Knapsack) - 0 row cuts average 0.0 elements, 0 column cuts (0 active)  in 0.003 seconds - new frequency is -100
Cbc0014I Cut generator 3 (Clique) - 0 row cuts average 0.0 elements, 0 column cuts (0 active)  in 0.000 seconds - new frequency is -100
Cbc0014I Cut generator 4 (MixedIntegerRounding2) - 2 row cuts average 5.0 elements, 0 column cuts (0 active)  in 0.004 seconds - new frequency is -100
Cbc0014I Cut generator 5 (FlowCover) - 0 row cuts average 0.0 elements, 0 column cuts (0 active)  in 0.003 seconds - new frequency is -100
Cbc0014I Cut generator 6 (TwoMirCuts) - 19 row cuts average 16.3 elements, 0 column cuts (0 active)  in 0.002 seconds - new frequency is -100
Cbc0010I After 0 nodes, 1 on tree, 3315626 best solution, best possible 3315593.1 (0.07 seconds)
Cbc0001I Search completed - best objective 3315626.048476247, took 321 iterations and 16 nodes (0.10 seconds)
Cbc0032I Strong branching done 42 times (98 iterations), fathomed 4 nodes and fixed 2 variables
Cbc0035I Maximum depth 3, 1 variables fixed on reduced cost
Cuts at root node changed objective from 3.31552e+06 to 3.31559e+06
Probing was tried 59 times and created 12 cuts of which 0 were active after adding rounds of cuts (0.003 seconds)
Gomory was tried 59 times and created 91 cuts of which 0 were active after adding rounds of cuts (0.011 seconds)
Knapsack was tried 32 times and created 0 cuts of which 0 were active after adding rounds of cuts (0.003 seconds)
Clique was tried 32 times and created 0 cuts of which 0 were active after adding rounds of cuts (0.000 seconds)
MixedIntegerRounding2 was tried 32 times and created 2 cuts of which 0 were active after adding rounds of cuts (0.004 seconds)
FlowCover was tried 32 times and created 0 cuts of which 0 were active after adding rounds of cuts (0.003 seconds)
TwoMirCuts was tried 32 times and created 19 cuts of which 0 were active after adding rounds of cuts (0.002 seconds)
ZeroHalf was tried 1 times and created 0 cuts of which 0 were active after adding rounds of cuts (0.000 seconds)

Result - Optimal solution found

Objective value:                3315626.04847625
Enumerated nodes:               16
Total iterations:               321
Time (CPU seconds):             0.10
Time (Wallclock seconds):       0.10

Option for printingOptions changed from normal to all
Total time (CPU seconds):       0.13   (Wallclock seconds):       0.13

