Welcome to the CBC MILP Solver 
Version: 2.10.3 
Build Date: Dec 15 2019 

command line - E:\dachuang\.venv\Lib\site-packages\pulp\apis\../solverdir/cbc/win/i64/cbc.exe model.mps -primalTolerance 1e-9 -integerTolerance 1e-9 -ratioGap 0 -allowableGap 0 -threads 0 -branch -printingOptions all -solution solution.txt -saveSolution solution.bin -quit (default strategy 1)
At line 2 NAME          MODEL
At line 3 ROWS
At line 317 COLUMNS
At line 1133 RHS
At line 1446 BOUNDS
At line 1521 ENDATA
Problem MODEL has 312 rows, 241 columns and 647 elements
Coin0008I MODEL read with 0 errors
primalTolerance was changed from 1e-07 to 1e-09
integerTolerance was changed from 1e-07 to 1e-09
ratioGap was changed from 0 to 0
allowableGap was changed from 1e-10 to 0
Continuous objective value is 2.28198e+06 - 0.00 seconds
Cgl0004I processed model has 113 rows, 157 columns (24 integer (24 of which binary)) and 332 elements
Cbc0038I Initial state - 6 integers unsatisfied sum - 1.81645
Cbc0038I Pass   1: suminf.    0.00000 (0) obj. 2.28232e+06 iterations 13
Cbc0038I Solution found of 2.28232e+06
Cbc0038I Relaxing continuous gives 2.28232e+06
Cbc0038I Before mini branch and bound, 18 integers at bound fixed and 91 continuous
Cbc0038I Full problem 113 rows 157 columns, reduced to 5 rows 6 columns
Cbc0038I Mini branch and bound did not improve solution (0.01 seconds)
Cbc0038I Round again with cutoff of 2.28229e+06
Cbc0038I Pass   2: suminf.    0.14761 (1) obj. 2.28229e+06 iterations 2
Cbc0038I Pass   3: suminf.    0.00000 (0) obj. 2.28229e+06 iterations 10
Cbc0038I Solution found of 2.28229e+06
Cbc0038I Relaxing continuous gives 2.28225e+06
Cbc0038I Before mini branch and bound, 17 integers at bound fixed and 86 continuous
Cbc0038I Full problem 113 rows 157 columns, reduced to 18 rows 24 columns
Cbc0038I Mini branch and bound improved solution from 2.28225e+06 to 2.28212e+06 (0.01 seconds)
Cbc0038I Round again with cutoff of 2.28209e+06
Cbc0038I Pass   4: suminf.    0.73650 (3) obj. 2.28209e+06 iterations 4
Cbc0038I Pass   5: suminf.    0.73650 (3) obj. 2.28209e+06 iterations 5
Cbc0038I Pass   6: suminf.    0.13729 (2) obj. 2.28209e+06 iterations 8
Cbc0038I Pass   7: suminf.    0.13729 (2) obj. 2.28209e+06 iterations 0
Cbc0038I Pass   8: suminf.    0.96750 (4) obj. 2.28209e+06 iterations 5
Cbc0038I Pass   9: suminf.    1.03773 (3) obj. 2.28209e+06 iterations 10
Cbc0038I Pass  10: suminf.    1.00275 (4) obj. 2.28209e+06 iterations 5
Cbc0038I Pass  11: suminf.    0.54521 (3) obj. 2.28209e+06 iterations 9
Cbc0038I Pass  12: suminf.    0.50045 (2) obj. 2.28209e+06 iterations 4
Cbc0038I Pass  13: suminf.    0.49929 (2) obj. 2.28209e+06 iterations 4
Cbc0038I Pass  14: suminf.    0.49929 (2) obj. 2.28209e+06 iterations 0
Cbc0038I Pass  15: suminf.    0.50045 (2) obj. 2.28209e+06 iterations 3
Cbc0038I Pass  16: suminf.    0.67000 (4) obj. 2.28209e+06 iterations 11
Cbc0038I Pass  17: suminf.    0.50045 (2) obj. 2.28209e+06 iterations 3
Cbc0038I Pass  18: suminf.    0.49929 (2) obj. 2.28209e+06 iterations 4
Cbc0038I Pass  19: suminf.    0.49929 (2) obj. 2.28209e+06 iterations 0
Cbc0038I Pass  20: suminf.    0.50045 (2) obj. 2.28209e+06 iterations 3
Cbc0038I Pass  21: suminf.    0.77621 (3) obj. 2.28209e+06 iterations 6
Cbc0038I Pass  22: suminf.    0.50045 (2) obj. 2.28209e+06 iterations 6
Cbc0038I Pass  23: suminf.    0.49929 (2) obj. 2.28209e+06 iterations 4
Cbc0038I Pass  24: suminf.    0.49929 (2) obj. 2.28209e+06 iterations 0
Cbc0038I Pass  25: suminf.    0.50045 (2) obj. 2.28209e+06 iterations 3
Cbc0038I Pass  26: suminf.    0.62408 (4) obj. 2.28209e+06 iterations 16
Cbc0038I Pass  27: suminf.    0.49929 (3) obj. 2.28209e+06 iterations 1
Cbc0038I Pass  28: suminf.    0.45479 (2) obj. 2.28209e+06 iterations 2
Cbc0038I Pass  29: suminf.    0.45479 (2) obj. 2.28209e+06 iterations 0
Cbc0038I Pass  30: suminf.    0.50045 (2) obj. 2.28209e+06 iterations 6
Cbc0038I Pass  31: suminf.    0.50045 (2) obj. 2.28209e+06 iterations 1
Cbc0038I Pass  32: suminf.    0.49929 (2) obj. 2.28209e+06 iterations 4
Cbc0038I Pass  33: suminf.    0.49929 (2) obj. 2.28209e+06 iterations 0
Cbc0038I No solution found this major pass
Cbc0038I Before mini branch and bound, 6 integers at bound fixed and 72 continuous
Cbc0038I Full problem 113 rows 157 columns, reduced to 23 rows 31 columns
Cbc0038I Mini branch and bound did not improve solution (0.03 seconds)
Cbc0038I After 0.03 seconds - Feasibility pump exiting with objective of 2.28212e+06 - took 0.02 seconds
Cbc0012I Integer solution of 2282121 found by feasibility pump after 0 iterations and 0 nodes (0.03 seconds)
Cbc0038I Full problem 113 rows 157 columns, reduced to 63 rows 104 columns
Cbc0031I 6 added rows had average density of 16.166667
Cbc0013I At root node, 6 cuts changed objective from 2281977.1 to 2282057.3 in 100 passes
Cbc0014I Cut generator 0 (Probing) - 3 row cuts average 2.7 elements, 2 column cuts (2 active)  in 0.010 seconds - new frequency is 1
Cbc0014I Cut generator 1 (Gomory) - 135 row cuts average 35.3 elements, 0 column cuts (0 active)  in 0.010 seconds - new frequency is 1
Cbc0014I Cut generator 2 (Knapsack) - 0 row cuts average 0.0 elements, 0 column cuts (0 active)  in 0.020 seconds - new frequency is -100
Cbc0014I Cut generator 3 (Clique) - 0 row cuts average 0.0 elements, 0 column cuts (0 active)  in 0.001 seconds - new frequency is -100
Cbc0014I Cut generator 4 (MixedIntegerRounding2) - 13 row cuts average 4.2 elements, 0 column cuts (0 active)  in 0.008 seconds - new frequency is 1
Cbc0014I Cut generator 5 (FlowCover) - 0 row cuts average 0.0 elements, 0 column cuts (0 active)  in 0.011 seconds - new frequency is -100
Cbc0014I Cut generator 6 (TwoMirCuts) - 18 row cuts average 15.9 elements, 0 column cuts (0 active)  in 0.005 seconds - new frequency is -100
Cbc0010I After 0 nodes, 1 on tree, 2282121 best solution, best possible 2282057.3 (0.15 seconds)
Cbc0001I Search completed - best objective 2282120.957434, took 575 iterations and 10 nodes (0.17 seconds)
Cbc0032I Strong branching done 20 times (52 iterations), fathomed 2 nodes and fixed 2 variables
Cbc0035I Maximum depth 2, 0 variables fixed on reduced cost
Cuts at root node changed objective from 2.28198e+06 to 2.28206e+06
Probing was tried 110 times and created 6 cuts of which 0 were active after adding rounds of cuts (0.010 seconds)
Gomory was tried 110 times and created 141 cuts of which 0 were active after adding rounds of cuts (0.010 seconds)
Knapsack was tried 100 times and created 0 cuts of which 0 were active after adding rounds of cuts (0.020 seconds)
Clique was tried 100 times and created 0 cuts of which 0 were active after adding rounds of cuts (0.001 seconds)
MixedIntegerRounding2 was tried 110 times and created 15 cuts of which 0 were active after adding rounds of cuts (0.008 seconds)
FlowCover was tried 100 times and created 0 cuts of which 0 were active after adding rounds of cuts (0.011 seconds)
TwoMirCuts was tried 100 times and created 18 cuts of which 0 were active after adding rounds of cuts (0.005 seconds)
ZeroHalf was tried 1 times and created 0 cuts of which 0 were active after adding rounds of cuts (0.000 seconds)

Result - Optimal solution found

Objective value:                2282120.95743400
Enumerated nodes:               10
Total iterations:               575
Time (CPU seconds):             0.17
Time (Wallclock seconds):       0.17

Option for printingOptions changed from normal to all
Total time (CPU seconds):       0.20   (Wallclock seconds):       0.20

