Welcome to the CBC MILP Solver 
Version: 2.10.3 
Build Date: Dec 15 2019 

command line - E:\dachuang\.venv\Lib\site-packages\pulp\apis\../solverdir/cbc/win/i64/cbc.exe model.mps -primalTolerance 1e-9 -integerTolerance 1e-9 -ratioGap 0 -allowableGap 0 -threads 0 -branch -printingOptions all -solution solution.txt -saveSolution solution.bin -quit (default strategy 1)
At line 2 NAME          MODEL
At line 3 ROWS
At line 317 COLUMNS
At line 1133 RHS
At line 1446 BOUNDS
At line 1521 ENDATA
Problem MODEL has 312 rows, 241 columns and 647 elements
Coin0008I MODEL read with 0 errors
primalTolerance was changed from 1e-07 to 1e-09
integerTolerance was changed from 1e-07 to 1e-09
ratioGap was changed from 0 to 0
allowableGap was changed from 1e-10 to 0
Continuous objective value is 1.76068e+06 - 0.00 seconds
Cgl0004I processed model has 113 rows, 150 columns (24 integer (24 of which binary)) and 325 elements
Cbc0038I Initial state - 9 integers unsatisfied sum - 1.97907
Cbc0038I Pass   1: suminf.    0.00000 (0) obj. 1.77188e+06 iterations 17
Cbc0038I Solution found of 1.77188e+06
Cbc0038I Relaxing continuous gives 1.77188e+06
Cbc0038I Before mini branch and bound, 15 integers at bound fixed and 77 continuous
Cbc0038I Full problem 113 rows 150 columns, reduced to 10 rows 11 columns
Cbc0038I Mini branch and bound improved solution from 1.77188e+06 to 1.76105e+06 (0.01 seconds)
Cbc0038I Round again with cutoff of 1.76101e+06
Cbc0038I Pass   2: suminf.    0.21914 (2) obj. 1.76101e+06 iterations 3
Cbc0038I Pass   3: suminf.    0.00000 (0) obj. 1.76101e+06 iterations 11
Cbc0038I Solution found of 1.76101e+06
Cbc0038I Relaxing continuous gives 1.76097e+06
Cbc0038I Before mini branch and bound, 14 integers at bound fixed and 74 continuous
Cbc0038I Full problem 113 rows 150 columns, reduced to 17 rows 21 columns
Cbc0038I Mini branch and bound did not improve solution (0.02 seconds)
Cbc0038I Freeing continuous variables gives a solution of 1.76097e+06
Cbc0038I Round again with cutoff of 1.76091e+06
Cbc0038I Pass   4: suminf.    0.47263 (2) obj. 1.76091e+06 iterations 1
Cbc0038I Pass   5: suminf.    0.33301 (3) obj. 1.76091e+06 iterations 11
Cbc0038I Pass   6: suminf.    0.50612 (2) obj. 1.76091e+06 iterations 4
Cbc0038I Pass   7: suminf.    0.27051 (2) obj. 1.76091e+06 iterations 5
Cbc0038I Pass   8: suminf.    0.69601 (3) obj. 1.76091e+06 iterations 7
Cbc0038I Pass   9: suminf.    0.50612 (2) obj. 1.76091e+06 iterations 4
Cbc0038I Pass  10: suminf.    0.27051 (2) obj. 1.76091e+06 iterations 13
Cbc0038I Pass  11: suminf.    0.29565 (1) obj. 1.76091e+06 iterations 10
Cbc0038I Pass  12: suminf.    0.67349 (2) obj. 1.76091e+06 iterations 8
Cbc0038I Pass  13: suminf.    0.00000 (0) obj. 1.76091e+06 iterations 2
Cbc0038I Solution found of 1.76091e+06
Cbc0038I Relaxing continuous gives 1.76091e+06
Cbc0038I Before mini branch and bound, 10 integers at bound fixed and 69 continuous
Cbc0038I Full problem 113 rows 150 columns, reduced to 24 rows 31 columns
Cbc0038I Mini branch and bound improved solution from 1.76091e+06 to 1.76091e+06 (0.03 seconds)
Cbc0038I Round again with cutoff of 1.76084e+06
Cbc0038I Pass  14: suminf.    0.67789 (4) obj. 1.76084e+06 iterations 3
Cbc0038I Pass  15: suminf.    0.67789 (4) obj. 1.76084e+06 iterations 6
Cbc0038I Pass  16: suminf.    1.32890 (4) obj. 1.76084e+06 iterations 12
Cbc0038I Pass  17: suminf.    1.01641 (3) obj. 1.76084e+06 iterations 8
Cbc0038I Pass  18: suminf.    0.61539 (3) obj. 1.76084e+06 iterations 4
Cbc0038I Pass  19: suminf.    0.95911 (3) obj. 1.76084e+06 iterations 10
Cbc0038I Pass  20: suminf.    0.80513 (3) obj. 1.76084e+06 iterations 1
Cbc0038I Pass  21: suminf.    0.32861 (2) obj. 1.76084e+06 iterations 8
Cbc0038I Pass  22: suminf.    0.28513 (2) obj. 1.76084e+06 iterations 4
Cbc0038I Pass  23: suminf.    0.69689 (4) obj. 1.76084e+06 iterations 9
Cbc0038I Pass  24: suminf.    0.69689 (4) obj. 1.76084e+06 iterations 1
Cbc0038I Pass  25: suminf.    0.61539 (3) obj. 1.76084e+06 iterations 11
Cbc0038I Pass  26: suminf.    0.61539 (3) obj. 1.76084e+06 iterations 2
Cbc0038I Pass  27: suminf.    0.65463 (3) obj. 1.76084e+06 iterations 12
Cbc0038I Pass  28: suminf.    0.28513 (2) obj. 1.76084e+06 iterations 1
Cbc0038I Pass  29: suminf.    0.69689 (4) obj. 1.76084e+06 iterations 6
Cbc0038I Pass  30: suminf.    0.69689 (4) obj. 1.76084e+06 iterations 1
Cbc0038I Pass  31: suminf.    0.61539 (3) obj. 1.76084e+06 iterations 12
Cbc0038I Pass  32: suminf.    0.61539 (3) obj. 1.76084e+06 iterations 2
Cbc0038I Pass  33: suminf.    0.65463 (3) obj. 1.76084e+06 iterations 12
Cbc0038I Pass  34: suminf.    0.28513 (2) obj. 1.76084e+06 iterations 1
Cbc0038I Pass  35: suminf.    0.69689 (4) obj. 1.76084e+06 iterations 6
Cbc0038I Pass  36: suminf.    0.69689 (4) obj. 1.76084e+06 iterations 3
Cbc0038I Pass  37: suminf.    0.61539 (3) obj. 1.76084e+06 iterations 12
Cbc0038I Pass  38: suminf.    0.61539 (3) obj. 1.76084e+06 iterations 2
Cbc0038I Pass  39: suminf.    0.65463 (3) obj. 1.76084e+06 iterations 12
Cbc0038I Pass  40: suminf.    0.28513 (2) obj. 1.76084e+06 iterations 1
Cbc0038I Pass  41: suminf.    0.69689 (4) obj. 1.76084e+06 iterations 6
Cbc0038I Pass  42: suminf.    0.69689 (4) obj. 1.76084e+06 iterations 1
Cbc0038I Pass  43: suminf.    0.61539 (3) obj. 1.76084e+06 iterations 12
Cbc0038I No solution found this major pass
Cbc0038I Before mini branch and bound, 10 integers at bound fixed and 67 continuous
Cbc0038I Full problem 113 rows 150 columns, reduced to 27 rows 35 columns
Cbc0038I Mini branch and bound did not improve solution (0.04 seconds)
Cbc0038I After 0.04 seconds - Feasibility pump exiting with objective of 1.76091e+06 - took 0.04 seconds
Cbc0012I Integer solution of 1760905.2 found by feasibility pump after 0 iterations and 0 nodes (0.04 seconds)
Cbc0038I Full problem 113 rows 150 columns, reduced to 72 rows 106 columns
Cbc0031I 11 added rows had average density of 28.363636
Cbc0013I At root node, 11 cuts changed objective from 1760684.6 to 1760876.5 in 100 passes
Cbc0014I Cut generator 0 (Probing) - 8 row cuts average 2.0 elements, 3 column cuts (3 active)  in 0.015 seconds - new frequency is 1
Cbc0014I Cut generator 1 (Gomory) - 254 row cuts average 43.3 elements, 0 column cuts (0 active)  in 0.005 seconds - new frequency is 1
Cbc0014I Cut generator 2 (Knapsack) - 0 row cuts average 0.0 elements, 0 column cuts (0 active)  in 0.020 seconds - new frequency is -100
Cbc0014I Cut generator 3 (Clique) - 0 row cuts average 0.0 elements, 0 column cuts (0 active)  in 0.001 seconds - new frequency is -100
Cbc0014I Cut generator 4 (MixedIntegerRounding2) - 3 row cuts average 4.0 elements, 0 column cuts (0 active)  in 0.010 seconds - new frequency is -100
Cbc0014I Cut generator 5 (FlowCover) - 0 row cuts average 0.0 elements, 0 column cuts (0 active)  in 0.018 seconds - new frequency is -100
Cbc0014I Cut generator 6 (TwoMirCuts) - 22 row cuts average 14.3 elements, 0 column cuts (0 active)  in 0.004 seconds - new frequency is -100
Cbc0010I After 0 nodes, 1 on tree, 1760905.2 best solution, best possible 1760876.5 (0.19 seconds)
Cbc0001I Search completed - best objective 1760905.187759482, took 943 iterations and 18 nodes (0.24 seconds)
Cbc0032I Strong branching done 72 times (237 iterations), fathomed 4 nodes and fixed 7 variables
Cbc0035I Maximum depth 3, 0 variables fixed on reduced cost
Cuts at root node changed objective from 1.76068e+06 to 1.76088e+06
Probing was tried 168 times and created 13 cuts of which 0 were active after adding rounds of cuts (0.017 seconds)
Gomory was tried 168 times and created 352 cuts of which 0 were active after adding rounds of cuts (0.010 seconds)
Knapsack was tried 100 times and created 0 cuts of which 0 were active after adding rounds of cuts (0.020 seconds)
Clique was tried 100 times and created 0 cuts of which 0 were active after adding rounds of cuts (0.001 seconds)
MixedIntegerRounding2 was tried 100 times and created 3 cuts of which 0 were active after adding rounds of cuts (0.010 seconds)
FlowCover was tried 100 times and created 0 cuts of which 0 were active after adding rounds of cuts (0.018 seconds)
TwoMirCuts was tried 100 times and created 22 cuts of which 0 were active after adding rounds of cuts (0.004 seconds)
ZeroHalf was tried 1 times and created 0 cuts of which 0 were active after adding rounds of cuts (0.000 seconds)

Result - Optimal solution found

Objective value:                1760905.18775948
Enumerated nodes:               18
Total iterations:               943
Time (CPU seconds):             0.24
Time (Wallclock seconds):       0.24

Option for printingOptions changed from normal to all
Total time (CPU seconds):       0.28   (Wallclock seconds):       0.27

