Welcome to the CBC MILP Solver 
Version: 2.10.3 
Build Date: Dec 15 2019 

command line - E:\dachuang\.venv\Lib\site-packages\pulp\apis\../solverdir/cbc/win/i64/cbc.exe model.mps -primalTolerance 1e-9 -integerTolerance 1e-9 -ratioGap 0 -allowableGap 0 -threads 0 -branch -printingOptions all -solution solution.txt -saveSolution solution.bin -quit (default strategy 1)
At line 2 NAME          MODEL
At line 3 ROWS
At line 317 COLUMNS
At line 1133 RHS
At line 1446 BOUNDS
At line 1521 ENDATA
Problem MODEL has 312 rows, 241 columns and 647 elements
Coin0008I MODEL read with 0 errors
primalTolerance was changed from 1e-07 to 1e-09
integerTolerance was changed from 1e-07 to 1e-09
ratioGap was changed from 0 to 0
allowableGap was changed from 1e-10 to 0
Continuous objective value is 854681 - 0.00 seconds
Cgl0004I processed model has 115 rows, 161 columns (24 integer (24 of which binary)) and 342 elements
Cbc0038I Initial state - 6 integers unsatisfied sum - 1.36078
Cbc0038I Pass   1: suminf.    0.00000 (0) obj. 858593 iterations 10
Cbc0038I Solution found of 858593
Cbc0038I Relaxing continuous gives 854913
Cbc0038I Before mini branch and bound, 18 integers at bound fixed and 96 continuous
Cbc0038I Full problem 115 rows 161 columns, reduced to 0 rows 0 columns
Cbc0038I Mini branch and bound did not improve solution (0.01 seconds)
Cbc0038I Freeing continuous variables gives a solution of 854913
Cbc0038I Round again with cutoff of 854890
Cbc0038I Pass   2: suminf.    0.10017 (1) obj. 854890 iterations 2
Cbc0038I Pass   3: suminf.    0.10017 (2) obj. 854890 iterations 9
Cbc0038I Pass   4: suminf.    0.65091 (2) obj. 854890 iterations 6
Cbc0038I Pass   5: suminf.    0.65091 (2) obj. 854890 iterations 0
Cbc0038I Pass   6: suminf.    1.48891 (4) obj. 854890 iterations 7
Cbc0038I Pass   7: suminf.    1.06091 (3) obj. 854890 iterations 1
Cbc0038I Pass   8: suminf.    0.10017 (1) obj. 854890 iterations 4
Cbc0038I Pass   9: suminf.    0.10017 (2) obj. 854890 iterations 9
Cbc0038I Pass  10: suminf.    0.65091 (2) obj. 854890 iterations 6
Cbc0038I Pass  11: suminf.    0.65091 (2) obj. 854890 iterations 0
Cbc0038I Pass  12: suminf.    1.58112 (5) obj. 854890 iterations 6
Cbc0038I Pass  13: suminf.    1.00062 (3) obj. 854890 iterations 2
Cbc0038I Pass  14: suminf.    0.10017 (1) obj. 854890 iterations 4
Cbc0038I Pass  15: suminf.    0.10017 (2) obj. 854890 iterations 7
Cbc0038I Pass  16: suminf.    0.65091 (2) obj. 854890 iterations 6
Cbc0038I Pass  17: suminf.    0.65091 (2) obj. 854890 iterations 0
Cbc0038I Pass  18: suminf.    1.41891 (5) obj. 854890 iterations 8
Cbc0038I Pass  19: suminf.    0.10017 (1) obj. 854890 iterations 6
Cbc0038I Pass  20: suminf.    0.10017 (2) obj. 854890 iterations 7
Cbc0038I Pass  21: suminf.    0.65091 (2) obj. 854890 iterations 6
Cbc0038I Pass  22: suminf.    0.65091 (2) obj. 854890 iterations 0
Cbc0038I Pass  23: suminf.    1.66872 (5) obj. 854890 iterations 9
Cbc0038I Pass  24: suminf.    0.10017 (2) obj. 854890 iterations 8
Cbc0038I Pass  25: suminf.    0.65091 (2) obj. 854890 iterations 6
Cbc0038I Pass  26: suminf.    0.65091 (2) obj. 854890 iterations 0
Cbc0038I Pass  27: suminf.    0.10017 (1) obj. 854890 iterations 3
Cbc0038I Pass  28: suminf.    1.55564 (5) obj. 854890 iterations 12
Cbc0038I Pass  29: suminf.    0.44988 (2) obj. 854890 iterations 4
Cbc0038I Pass  30: suminf.    0.10017 (2) obj. 854890 iterations 11
Cbc0038I Pass  31: suminf.    0.65091 (2) obj. 854890 iterations 6
Cbc0038I No solution found this major pass
Cbc0038I Before mini branch and bound, 4 integers at bound fixed and 86 continuous
Cbc0038I Full problem 115 rows 161 columns, reduced to 5 rows 12 columns
Cbc0038I Mini branch and bound did not improve solution (0.02 seconds)
Cbc0038I After 0.02 seconds - Feasibility pump exiting with objective of 854913 - took 0.01 seconds
Cbc0012I Integer solution of 854913.29 found by feasibility pump after 0 iterations and 0 nodes (0.02 seconds)
Cbc0038I Full problem 115 rows 161 columns, reduced to 66 rows 111 columns
Cbc0031I 9 added rows had average density of 7.2222222
Cbc0013I At root node, 9 cuts changed objective from 854680.77 to 854912.31 in 17 passes
Cbc0014I Cut generator 0 (Probing) - 4 row cuts average 2.0 elements, 3 column cuts (3 active)  in 0.003 seconds - new frequency is 1
Cbc0014I Cut generator 1 (Gomory) - 24 row cuts average 16.8 elements, 0 column cuts (0 active)  in 0.001 seconds - new frequency is 1
Cbc0014I Cut generator 2 (Knapsack) - 0 row cuts average 0.0 elements, 0 column cuts (0 active)  in 0.003 seconds - new frequency is -100
Cbc0014I Cut generator 3 (Clique) - 0 row cuts average 0.0 elements, 0 column cuts (0 active)  in 0.000 seconds - new frequency is -100
Cbc0014I Cut generator 4 (MixedIntegerRounding2) - 6 row cuts average 4.3 elements, 0 column cuts (0 active)  in 0.001 seconds - new frequency is 1
Cbc0014I Cut generator 5 (FlowCover) - 0 row cuts average 0.0 elements, 0 column cuts (0 active)  in 0.000 seconds - new frequency is -100
Cbc0014I Cut generator 6 (TwoMirCuts) - 14 row cuts average 11.4 elements, 0 column cuts (0 active)  in 0.001 seconds - new frequency is -100
Cbc0001I Search completed - best objective 854913.2894734737, took 45 iterations and 0 nodes (0.04 seconds)
Cbc0032I Strong branching done 4 times (21 iterations), fathomed 1 nodes and fixed 0 variables
Cbc0035I Maximum depth 0, 1 variables fixed on reduced cost
Cuts at root node changed objective from 854681 to 854913
Probing was tried 17 times and created 7 cuts of which 0 were active after adding rounds of cuts (0.003 seconds)
Gomory was tried 17 times and created 24 cuts of which 0 were active after adding rounds of cuts (0.001 seconds)
Knapsack was tried 17 times and created 0 cuts of which 0 were active after adding rounds of cuts (0.003 seconds)
Clique was tried 17 times and created 0 cuts of which 0 were active after adding rounds of cuts (0.000 seconds)
MixedIntegerRounding2 was tried 17 times and created 6 cuts of which 0 were active after adding rounds of cuts (0.001 seconds)
FlowCover was tried 17 times and created 0 cuts of which 0 were active after adding rounds of cuts (0.000 seconds)
TwoMirCuts was tried 17 times and created 14 cuts of which 0 were active after adding rounds of cuts (0.001 seconds)
ZeroHalf was tried 1 times and created 0 cuts of which 0 were active after adding rounds of cuts (0.000 seconds)

Result - Optimal solution found

Objective value:                854913.28947347
Enumerated nodes:               0
Total iterations:               45
Time (CPU seconds):             0.05
Time (Wallclock seconds):       0.05

Option for printingOptions changed from normal to all
Total time (CPU seconds):       0.07   (Wallclock seconds):       0.07

