Welcome to the CBC MILP Solver 
Version: 2.10.3 
Build Date: Dec 15 2019 

command line - E:\dachuang\.venv\Lib\site-packages\pulp\apis\../solverdir/cbc/win/i64/cbc.exe model.mps -primalTolerance 1e-9 -integerTolerance 1e-9 -ratioGap 0 -allowableGap 0 -threads 0 -branch -printingOptions all -solution solution.txt -saveSolution solution.bin -quit (default strategy 1)
At line 2 NAME          MODEL
At line 3 ROWS
At line 317 COLUMNS
At line 1133 RHS
At line 1446 BOUNDS
At line 1521 ENDATA
Problem MODEL has 312 rows, 241 columns and 647 elements
Coin0008I MODEL read with 0 errors
primalTolerance was changed from 1e-07 to 1e-09
integerTolerance was changed from 1e-07 to 1e-09
ratioGap was changed from 0 to 0
allowableGap was changed from 1e-10 to 0
Continuous objective value is 1.53725e+06 - 0.00 seconds
Cgl0004I processed model has 113 rows, 157 columns (24 integer (24 of which binary)) and 332 elements
Cbc0038I Initial state - 7 integers unsatisfied sum - 2.19821
Cbc0038I Pass   1: suminf.    0.00000 (0) obj. 1.57451e+06 iterations 18
Cbc0038I Solution found of 1.57451e+06
Cbc0038I Relaxing continuous gives 1.54153e+06
Cbc0038I Before mini branch and bound, 17 integers at bound fixed and 84 continuous
Cbc0038I Full problem 113 rows 157 columns, reduced to 3 rows 6 columns
Cbc0038I Mini branch and bound improved solution from 1.54153e+06 to 1.53737e+06 (0.01 seconds)
Cbc0038I Freeing continuous variables gives a solution of 1.53737e+06
Cbc0038I Round again with cutoff of 1.53736e+06
Cbc0038I Pass   2: suminf.    0.88475 (5) obj. 1.53736e+06 iterations 13
Cbc0038I Pass   3: suminf.    0.42685 (2) obj. 1.53736e+06 iterations 16
Cbc0038I Pass   4: suminf.    0.42727 (1) obj. 1.53736e+06 iterations 3
Cbc0038I Pass   5: suminf.    0.05273 (1) obj. 1.53736e+06 iterations 3
Cbc0038I Pass   6: suminf.    0.05273 (1) obj. 1.53736e+06 iterations 5
Cbc0038I Pass   7: suminf.    0.42685 (2) obj. 1.53736e+06 iterations 5
Cbc0038I Pass   8: suminf.    0.42727 (1) obj. 1.53736e+06 iterations 3
Cbc0038I Pass   9: suminf.    0.05273 (1) obj. 1.53736e+06 iterations 3
Cbc0038I Pass  10: suminf.    0.61004 (3) obj. 1.53736e+06 iterations 4
Cbc0038I Pass  11: suminf.    0.29425 (2) obj. 1.53736e+06 iterations 1
Cbc0038I Pass  12: suminf.    0.42685 (2) obj. 1.53736e+06 iterations 8
Cbc0038I Pass  13: suminf.    0.42727 (1) obj. 1.53736e+06 iterations 3
Cbc0038I Pass  14: suminf.    0.05273 (1) obj. 1.53736e+06 iterations 3
Cbc0038I Pass  15: suminf.    1.12225 (4) obj. 1.53736e+06 iterations 11
Cbc0038I Pass  16: suminf.    0.42685 (2) obj. 1.53736e+06 iterations 5
Cbc0038I Pass  17: suminf.    0.42685 (2) obj. 1.53736e+06 iterations 3
Cbc0038I Pass  18: suminf.    0.57273 (2) obj. 1.53736e+06 iterations 6
Cbc0038I Pass  19: suminf.    0.57273 (2) obj. 1.53736e+06 iterations 1
Cbc0038I Pass  20: suminf.    1.11025 (6) obj. 1.53736e+06 iterations 8
Cbc0038I Pass  21: suminf.    0.42685 (2) obj. 1.53736e+06 iterations 9
Cbc0038I Pass  22: suminf.    0.42685 (2) obj. 1.53736e+06 iterations 3
Cbc0038I Pass  23: suminf.    0.57273 (2) obj. 1.53736e+06 iterations 8
Cbc0038I Pass  24: suminf.    0.57273 (2) obj. 1.53736e+06 iterations 1
Cbc0038I Pass  25: suminf.    1.50766 (6) obj. 1.53736e+06 iterations 18
Cbc0038I Pass  26: suminf.    1.19187 (5) obj. 1.53736e+06 iterations 5
Cbc0038I Pass  27: suminf.    0.42685 (2) obj. 1.53736e+06 iterations 4
Cbc0038I Pass  28: suminf.    0.42685 (2) obj. 1.53736e+06 iterations 0
Cbc0038I Pass  29: suminf.    0.42727 (1) obj. 1.53736e+06 iterations 4
Cbc0038I Pass  30: suminf.    0.00000 (0) obj. 1.53736e+06 iterations 2
Cbc0038I Solution found of 1.53736e+06
Cbc0038I Relaxing continuous gives 1.5373e+06
Cbc0038I Before mini branch and bound, 5 integers at bound fixed and 74 continuous
Cbc0038I Full problem 113 rows 157 columns, reduced to 12 rows 18 columns
Cbc0038I Mini branch and bound did not improve solution (0.02 seconds)
Cbc0038I Round again with cutoff of 1.53729e+06
Cbc0038I Pass  31: suminf.    1.20177 (6) obj. 1.53729e+06 iterations 3
Cbc0038I Pass  32: suminf.    0.77054 (2) obj. 1.53729e+06 iterations 16
Cbc0038I Pass  33: suminf.    0.77054 (2) obj. 1.53729e+06 iterations 0
Cbc0038I Pass  34: suminf.    0.38751 (2) obj. 1.53729e+06 iterations 5
Cbc0038I Pass  35: suminf.    0.36975 (2) obj. 1.53729e+06 iterations 1
Cbc0038I Pass  36: suminf.    1.24606 (5) obj. 1.53729e+06 iterations 13
Cbc0038I Pass  37: suminf.    0.11709 (1) obj. 1.53729e+06 iterations 12
Cbc0038I Pass  38: suminf.    0.04554 (1) obj. 1.53729e+06 iterations 1
Cbc0038I Pass  39: suminf.    1.25348 (7) obj. 1.53729e+06 iterations 9
Cbc0038I Pass  40: suminf.    0.51756 (5) obj. 1.53729e+06 iterations 5
Cbc0038I Pass  41: suminf.    1.14135 (7) obj. 1.53729e+06 iterations 2
Cbc0038I Pass  42: suminf.    0.82556 (6) obj. 1.53729e+06 iterations 1
Cbc0038I Pass  43: suminf.    1.55056 (7) obj. 1.53729e+06 iterations 8
Cbc0038I Pass  44: suminf.    0.11709 (1) obj. 1.53729e+06 iterations 14
Cbc0038I Pass  45: suminf.    0.04554 (1) obj. 1.53729e+06 iterations 1
Cbc0038I Pass  46: suminf.    0.27856 (3) obj. 1.53729e+06 iterations 6
Cbc0038I Pass  47: suminf.    0.11709 (1) obj. 1.53729e+06 iterations 7
Cbc0038I Pass  48: suminf.    0.04554 (1) obj. 1.53729e+06 iterations 1
Cbc0038I Pass  49: suminf.    1.83077 (9) obj. 1.53729e+06 iterations 11
Cbc0038I Pass  50: suminf.    1.04456 (6) obj. 1.53729e+06 iterations 6
Cbc0038I Pass  51: suminf.    0.11709 (1) obj. 1.53729e+06 iterations 9
Cbc0038I Pass  52: suminf.    0.04554 (1) obj. 1.53729e+06 iterations 1
Cbc0038I Pass  53: suminf.    1.16906 (4) obj. 1.53729e+06 iterations 8
Cbc0038I Pass  54: suminf.    0.11709 (1) obj. 1.53729e+06 iterations 14
Cbc0038I Pass  55: suminf.    0.04554 (1) obj. 1.53729e+06 iterations 1
Cbc0038I Pass  56: suminf.    0.64135 (4) obj. 1.53729e+06 iterations 5
Cbc0038I Pass  57: suminf.    0.32556 (3) obj. 1.53729e+06 iterations 1
Cbc0038I Pass  58: suminf.    0.64135 (4) obj. 1.53729e+06 iterations 2
Cbc0038I Pass  59: suminf.    0.32556 (3) obj. 1.53729e+06 iterations 1
Cbc0038I Pass  60: suminf.    0.11709 (1) obj. 1.53729e+06 iterations 4
Cbc0038I No solution found this major pass
Cbc0038I Before mini branch and bound, 4 integers at bound fixed and 70 continuous
Cbc0038I Full problem 113 rows 157 columns, reduced to 16 rows 22 columns
Cbc0038I Mini branch and bound did not improve solution (0.03 seconds)
Cbc0038I After 0.03 seconds - Feasibility pump exiting with objective of 1.5373e+06 - took 0.03 seconds
Cbc0012I Integer solution of 1537298.4 found by feasibility pump after 0 iterations and 0 nodes (0.03 seconds)
Cbc0038I Full problem 113 rows 157 columns, reduced to 78 rows 120 columns
Cbc0031I 7 added rows had average density of 8.1428571
Cbc0013I At root node, 7 cuts changed objective from 1537250.7 to 1537281 in 8 passes
Cbc0014I Cut generator 0 (Probing) - 5 row cuts average 2.8 elements, 4 column cuts (4 active)  in 0.001 seconds - new frequency is 1
Cbc0014I Cut generator 1 (Gomory) - 23 row cuts average 14.7 elements, 0 column cuts (0 active)  in 0.001 seconds - new frequency is 1
Cbc0014I Cut generator 2 (Knapsack) - 0 row cuts average 0.0 elements, 0 column cuts (0 active)  in 0.000 seconds - new frequency is -100
Cbc0014I Cut generator 3 (Clique) - 0 row cuts average 0.0 elements, 0 column cuts (0 active)  in 0.000 seconds - new frequency is -100
Cbc0014I Cut generator 4 (MixedIntegerRounding2) - 7 row cuts average 4.3 elements, 0 column cuts (0 active)  in 0.000 seconds - new frequency is 1
Cbc0014I Cut generator 5 (FlowCover) - 0 row cuts average 0.0 elements, 0 column cuts (0 active)  in 0.004 seconds - new frequency is -100
Cbc0014I Cut generator 6 (TwoMirCuts) - 21 row cuts average 10.5 elements, 0 column cuts (0 active)  in 0.000 seconds - new frequency is -100
Cbc0010I After 0 nodes, 1 on tree, 1537298.4 best solution, best possible 1537281 (0.05 seconds)
Cbc0001I Search completed - best objective 1537298.412222777, took 57 iterations and 2 nodes (0.05 seconds)
Cbc0032I Strong branching done 6 times (12 iterations), fathomed 1 nodes and fixed 1 variables
Cbc0035I Maximum depth 0, 0 variables fixed on reduced cost
Cuts at root node changed objective from 1.53725e+06 to 1.53728e+06
Probing was tried 9 times and created 9 cuts of which 0 were active after adding rounds of cuts (0.001 seconds)
Gomory was tried 9 times and created 23 cuts of which 0 were active after adding rounds of cuts (0.002 seconds)
Knapsack was tried 8 times and created 0 cuts of which 0 were active after adding rounds of cuts (0.000 seconds)
Clique was tried 8 times and created 0 cuts of which 0 were active after adding rounds of cuts (0.000 seconds)
MixedIntegerRounding2 was tried 9 times and created 7 cuts of which 0 were active after adding rounds of cuts (0.000 seconds)
FlowCover was tried 8 times and created 0 cuts of which 0 were active after adding rounds of cuts (0.004 seconds)
TwoMirCuts was tried 8 times and created 21 cuts of which 0 were active after adding rounds of cuts (0.000 seconds)
ZeroHalf was tried 1 times and created 0 cuts of which 0 were active after adding rounds of cuts (0.000 seconds)

Result - Optimal solution found

Objective value:                1537298.41222278
Enumerated nodes:               2
Total iterations:               57
Time (CPU seconds):             0.06
Time (Wallclock seconds):       0.06

Option for printingOptions changed from normal to all
Total time (CPU seconds):       0.08   (Wallclock seconds):       0.08

