Welcome to the CBC MILP Solver 
Version: 2.10.3 
Build Date: Dec 15 2019 

command line - E:\dachuang\.venv\Lib\site-packages\pulp\apis\../solverdir/cbc/win/i64/cbc.exe model.mps -primalTolerance 1e-9 -integerTolerance 1e-9 -ratioGap 0 -allowableGap 0 -threads 0 -branch -printingOptions all -solution solution.txt -saveSolution solution.bin -quit (default strategy 1)
At line 2 NAME          MODEL
At line 3 ROWS
At line 317 COLUMNS
At line 1133 RHS
At line 1446 BOUNDS
At line 1521 ENDATA
Problem MODEL has 312 rows, 241 columns and 647 elements
Coin0008I MODEL read with 0 errors
primalTolerance was changed from 1e-07 to 1e-09
integerTolerance was changed from 1e-07 to 1e-09
ratioGap was changed from 0 to 0
allowableGap was changed from 1e-10 to 0
Continuous objective value is 2.0333e+06 - 0.00 seconds
Cgl0004I processed model has 113 rows, 147 columns (24 integer (24 of which binary)) and 322 elements
Cbc0038I Initial state - 6 integers unsatisfied sum - 1.63086
Cbc0038I Pass   1: suminf.    0.00000 (0) obj. 2.04443e+06 iterations 12
Cbc0038I Solution found of 2.04443e+06
Cbc0038I Relaxing continuous gives 2.04443e+06
Cbc0038I Before mini branch and bound, 18 integers at bound fixed and 73 continuous
Cbc0038I Full problem 113 rows 147 columns, reduced to 4 rows 4 columns
Cbc0038I Mini branch and bound improved solution from 2.04443e+06 to 2.03359e+06 (0.01 seconds)
Cbc0038I Round again with cutoff of 2.03356e+06
Cbc0038I Pass   2: suminf.    0.18734 (2) obj. 2.03356e+06 iterations 4
Cbc0038I Pass   3: suminf.    0.00000 (0) obj. 2.03356e+06 iterations 7
Cbc0038I Solution found of 2.03356e+06
Cbc0038I Relaxing continuous gives 2.03353e+06
Cbc0038I Before mini branch and bound, 18 integers at bound fixed and 72 continuous
Cbc0038I Full problem 113 rows 147 columns, reduced to 11 rows 14 columns
Cbc0038I Mini branch and bound improved solution from 2.03353e+06 to 2.03353e+06 (0.01 seconds)
Cbc0038I Round again with cutoff of 2.03349e+06
Cbc0038I Pass   4: suminf.    0.52305 (2) obj. 2.03349e+06 iterations 1
Cbc0038I Pass   5: suminf.    0.21823 (1) obj. 2.03349e+06 iterations 6
Cbc0038I Pass   6: suminf.    0.46055 (1) obj. 2.03349e+06 iterations 1
Cbc0038I Pass   7: suminf.    0.70873 (3) obj. 2.03349e+06 iterations 7
Cbc0038I Pass   8: suminf.    0.22873 (2) obj. 2.03349e+06 iterations 1
Cbc0038I Pass   9: suminf.    0.21823 (1) obj. 2.03349e+06 iterations 4
Cbc0038I Pass  10: suminf.    0.46055 (1) obj. 2.03349e+06 iterations 1
Cbc0038I Pass  11: suminf.    0.22873 (2) obj. 2.03349e+06 iterations 10
Cbc0038I Pass  12: suminf.    0.22873 (2) obj. 2.03349e+06 iterations 0
Cbc0038I Pass  13: suminf.    0.21823 (1) obj. 2.03349e+06 iterations 4
Cbc0038I Pass  14: suminf.    0.46055 (1) obj. 2.03349e+06 iterations 1
Cbc0038I Pass  15: suminf.    1.35173 (5) obj. 2.03349e+06 iterations 17
Cbc0038I Pass  16: suminf.    0.55173 (3) obj. 2.03349e+06 iterations 2
Cbc0038I Pass  17: suminf.    0.47873 (1) obj. 2.03349e+06 iterations 7
Cbc0038I Pass  18: suminf.    0.46055 (1) obj. 2.03349e+06 iterations 2
Cbc0038I Pass  19: suminf.    1.21933 (4) obj. 2.03349e+06 iterations 15
Cbc0038I Pass  20: suminf.    0.89933 (3) obj. 2.03349e+06 iterations 1
Cbc0038I Pass  21: suminf.    0.47873 (1) obj. 2.03349e+06 iterations 3
Cbc0038I Pass  22: suminf.    0.46055 (1) obj. 2.03349e+06 iterations 1
Cbc0038I Pass  23: suminf.    0.84305 (3) obj. 2.03349e+06 iterations 11
Cbc0038I Pass  24: suminf.    0.52305 (2) obj. 2.03349e+06 iterations 1
Cbc0038I Pass  25: suminf.    0.47873 (1) obj. 2.03349e+06 iterations 3
Cbc0038I Pass  26: suminf.    0.46055 (1) obj. 2.03349e+06 iterations 1
Cbc0038I Pass  27: suminf.    1.85912 (7) obj. 2.03349e+06 iterations 21
Cbc0038I Pass  28: suminf.    1.01183 (5) obj. 2.03349e+06 iterations 3
Cbc0038I Pass  29: suminf.    0.38177 (2) obj. 2.03349e+06 iterations 6
Cbc0038I Pass  30: suminf.    0.22873 (2) obj. 2.03349e+06 iterations 1
Cbc0038I Pass  31: suminf.    0.22873 (2) obj. 2.03349e+06 iterations 6
Cbc0038I Pass  32: suminf.    0.22873 (2) obj. 2.03349e+06 iterations 1
Cbc0038I Pass  33: suminf.    0.38177 (2) obj. 2.03349e+06 iterations 5
Cbc0038I No solution found this major pass
Cbc0038I Before mini branch and bound, 3 integers at bound fixed and 57 continuous
Cbc0038I Full problem 113 rows 147 columns, reduced to 17 rows 22 columns
Cbc0038I Mini branch and bound did not improve solution (0.03 seconds)
Cbc0038I After 0.03 seconds - Feasibility pump exiting with objective of 2.03353e+06 - took 0.02 seconds
Cbc0012I Integer solution of 2033531.4 found by feasibility pump after 0 iterations and 0 nodes (0.03 seconds)
Cbc0038I Full problem 113 rows 147 columns, reduced to 65 rows 96 columns
Cbc0031I 8 added rows had average density of 19.75
Cbc0013I At root node, 8 cuts changed objective from 2033302.8 to 2033529.8 in 100 passes
Cbc0014I Cut generator 0 (Probing) - 0 row cuts average 0.0 elements, 6 column cuts (6 active)  in 0.009 seconds - new frequency is 1
Cbc0014I Cut generator 1 (Gomory) - 284 row cuts average 28.6 elements, 0 column cuts (0 active)  in 0.008 seconds - new frequency is 1
Cbc0014I Cut generator 2 (Knapsack) - 0 row cuts average 0.0 elements, 0 column cuts (0 active)  in 0.014 seconds - new frequency is -100
Cbc0014I Cut generator 3 (Clique) - 0 row cuts average 0.0 elements, 0 column cuts (0 active)  in 0.000 seconds - new frequency is -100
Cbc0014I Cut generator 4 (MixedIntegerRounding2) - 0 row cuts average 0.0 elements, 0 column cuts (0 active)  in 0.005 seconds - new frequency is -100
Cbc0014I Cut generator 5 (FlowCover) - 0 row cuts average 0.0 elements, 0 column cuts (0 active)  in 0.015 seconds - new frequency is -100
Cbc0014I Cut generator 6 (TwoMirCuts) - 13 row cuts average 15.3 elements, 0 column cuts (0 active)  in 0.007 seconds - new frequency is -100
Cbc0001I Search completed - best objective 2033531.396499782, took 703 iterations and 0 nodes (0.15 seconds)
Cbc0032I Strong branching done 8 times (55 iterations), fathomed 1 nodes and fixed 0 variables
Cbc0035I Maximum depth 0, 0 variables fixed on reduced cost
Cuts at root node changed objective from 2.0333e+06 to 2.03359e+06
Probing was tried 100 times and created 6 cuts of which 0 were active after adding rounds of cuts (0.009 seconds)
Gomory was tried 100 times and created 284 cuts of which 0 were active after adding rounds of cuts (0.008 seconds)
Knapsack was tried 100 times and created 0 cuts of which 0 were active after adding rounds of cuts (0.014 seconds)
Clique was tried 100 times and created 0 cuts of which 0 were active after adding rounds of cuts (0.000 seconds)
MixedIntegerRounding2 was tried 100 times and created 0 cuts of which 0 were active after adding rounds of cuts (0.005 seconds)
FlowCover was tried 100 times and created 0 cuts of which 0 were active after adding rounds of cuts (0.015 seconds)
TwoMirCuts was tried 100 times and created 13 cuts of which 0 were active after adding rounds of cuts (0.007 seconds)
ZeroHalf was tried 1 times and created 0 cuts of which 0 were active after adding rounds of cuts (0.000 seconds)

Result - Optimal solution found

Objective value:                2033531.39649978
Enumerated nodes:               0
Total iterations:               703
Time (CPU seconds):             0.15
Time (Wallclock seconds):       0.15

Option for printingOptions changed from normal to all
Total time (CPU seconds):       0.18   (Wallclock seconds):       0.18

