Welcome to the CBC MILP Solver 
Version: 2.10.3 
Build Date: Dec 15 2019 

command line - E:\dachuang\.venv\Lib\site-packages\pulp\apis\../solverdir/cbc/win/i64/cbc.exe model.mps -primalTolerance 1e-9 -integerTolerance 1e-9 -ratioGap 0 -allowableGap 0 -threads 0 -branch -printingOptions all -solution solution.txt -saveSolution solution.bin -quit (default strategy 1)
At line 2 NAME          MODEL
At line 3 ROWS
At line 317 COLUMNS
At line 1133 RHS
At line 1446 BOUNDS
At line 1521 ENDATA
Problem MODEL has 312 rows, 241 columns and 647 elements
Coin0008I MODEL read with 0 errors
primalTolerance was changed from 1e-07 to 1e-09
integerTolerance was changed from 1e-07 to 1e-09
ratioGap was changed from 0 to 0
allowableGap was changed from 1e-10 to 0
Continuous objective value is 699113 - 0.00 seconds
Cgl0004I processed model has 117 rows, 165 columns (24 integer (24 of which binary)) and 352 elements
Cbc0038I Initial state - 6 integers unsatisfied sum - 1.87766
Cbc0038I Pass   1: suminf.    0.00000 (0) obj. 709969 iterations 13
Cbc0038I Solution found of 709969
Cbc0038I Relaxing continuous gives 701998
Cbc0038I Before mini branch and bound, 18 integers at bound fixed and 84 continuous
Cbc0038I Full problem 117 rows 165 columns, reduced to 14 rows 18 columns
Cbc0038I Mini branch and bound improved solution from 701998 to 699456 (0.01 seconds)
Cbc0038I Round again with cutoff of 699422
Cbc0038I Pass   2: suminf.    0.36311 (2) obj. 699422 iterations 23
Cbc0038I Pass   3: suminf.    0.08804 (1) obj. 699422 iterations 8
Cbc0038I Pass   4: suminf.    0.46597 (1) obj. 699422 iterations 4
Cbc0038I Solution found of 699422
Cbc0038I Relaxing continuous gives 699310
Cbc0038I Before mini branch and bound, 17 integers at bound fixed and 83 continuous
Cbc0038I Full problem 117 rows 165 columns, reduced to 15 rows 20 columns
Cbc0038I Mini branch and bound did not improve solution (0.02 seconds)
Cbc0038I Round again with cutoff of 699270
Cbc0038I Pass   5: suminf.    1.00299 (3) obj. 699270 iterations 2
Cbc0038I Pass   6: suminf.    1.00230 (3) obj. 699270 iterations 2
Cbc0038I Pass   7: suminf.    0.18759 (1) obj. 699270 iterations 7
Cbc0038I Pass   8: suminf.    0.78749 (2) obj. 699270 iterations 2
Cbc0038I Pass   9: suminf.    0.78680 (2) obj. 699270 iterations 1
Cbc0038I Pass  10: suminf.    0.78680 (2) obj. 699270 iterations 2
Cbc0038I Pass  11: suminf.    0.18759 (1) obj. 699270 iterations 2
Cbc0038I Pass  12: suminf.    0.78749 (2) obj. 699270 iterations 2
Cbc0038I Pass  13: suminf.    0.78680 (2) obj. 699270 iterations 1
Cbc0038I Pass  14: suminf.    1.73530 (6) obj. 699270 iterations 9
Cbc0038I Pass  15: suminf.    1.73530 (6) obj. 699270 iterations 1
Cbc0038I Pass  16: suminf.    0.18759 (1) obj. 699270 iterations 6
Cbc0038I Pass  17: suminf.    0.78749 (2) obj. 699270 iterations 2
Cbc0038I Pass  18: suminf.    0.78680 (2) obj. 699270 iterations 1
Cbc0038I Pass  19: suminf.    1.00230 (3) obj. 699270 iterations 4
Cbc0038I Pass  20: suminf.    1.00230 (3) obj. 699270 iterations 1
Cbc0038I Pass  21: suminf.    0.18759 (1) obj. 699270 iterations 4
Cbc0038I Pass  22: suminf.    0.78749 (2) obj. 699270 iterations 2
Cbc0038I Pass  23: suminf.    0.78680 (2) obj. 699270 iterations 1
Cbc0038I Pass  24: suminf.    1.99041 (7) obj. 699270 iterations 13
Cbc0038I Pass  25: suminf.    1.14186 (4) obj. 699270 iterations 7
Cbc0038I Pass  26: suminf.    0.28220 (2) obj. 699270 iterations 8
Cbc0038I Pass  27: suminf.    0.18759 (1) obj. 699270 iterations 3
Cbc0038I Pass  28: suminf.    0.31886 (1) obj. 699270 iterations 2
Cbc0038I Pass  29: suminf.    1.03536 (4) obj. 699270 iterations 13
Cbc0038I Pass  30: suminf.    1.03536 (4) obj. 699270 iterations 1
Cbc0038I Pass  31: suminf.    0.34820 (2) obj. 699270 iterations 5
Cbc0038I Pass  32: suminf.    0.25359 (1) obj. 699270 iterations 3
Cbc0038I Pass  33: suminf.    0.31886 (1) obj. 699270 iterations 3
Cbc0038I Pass  34: suminf.    1.34039 (6) obj. 699270 iterations 10
Cbc0038I No solution found this major pass
Cbc0038I Before mini branch and bound, 4 integers at bound fixed and 81 continuous
Cbc0038I Full problem 117 rows 165 columns, reduced to 17 rows 23 columns
Cbc0038I Mini branch and bound did not improve solution (0.03 seconds)
Cbc0038I After 0.03 seconds - Feasibility pump exiting with objective of 699310 - took 0.03 seconds
Cbc0012I Integer solution of 699309.69 found by feasibility pump after 0 iterations and 0 nodes (0.03 seconds)
Cbc0038I Full problem 117 rows 165 columns, reduced to 67 rows 115 columns
Cbc0031I 10 added rows had average density of 22.3
Cbc0013I At root node, 10 cuts changed objective from 699113.19 to 699221.43 in 100 passes
Cbc0014I Cut generator 0 (Probing) - 2 row cuts average 2.0 elements, 6 column cuts (6 active)  in 0.008 seconds - new frequency is 1
Cbc0014I Cut generator 1 (Gomory) - 263 row cuts average 29.1 elements, 0 column cuts (0 active)  in 0.016 seconds - new frequency is 1
Cbc0014I Cut generator 2 (Knapsack) - 0 row cuts average 0.0 elements, 0 column cuts (0 active)  in 0.014 seconds - new frequency is -100
Cbc0014I Cut generator 3 (Clique) - 0 row cuts average 0.0 elements, 0 column cuts (0 active)  in 0.002 seconds - new frequency is -100
Cbc0014I Cut generator 4 (MixedIntegerRounding2) - 6 row cuts average 14.2 elements, 0 column cuts (0 active)  in 0.006 seconds - new frequency is -100
Cbc0014I Cut generator 5 (FlowCover) - 0 row cuts average 0.0 elements, 0 column cuts (0 active)  in 0.019 seconds - new frequency is -100
Cbc0014I Cut generator 6 (TwoMirCuts) - 17 row cuts average 14.1 elements, 0 column cuts (0 active)  in 0.002 seconds - new frequency is -100
Cbc0010I After 0 nodes, 1 on tree, 699309.69 best solution, best possible 699221.43 (0.16 seconds)
Cbc0001I Search completed - best objective 699309.6887894698, took 858 iterations and 12 nodes (0.19 seconds)
Cbc0032I Strong branching done 46 times (118 iterations), fathomed 7 nodes and fixed 1 variables
Cbc0035I Maximum depth 3, 0 variables fixed on reduced cost
Cuts at root node changed objective from 699113 to 699221
Probing was tried 141 times and created 10 cuts of which 0 were active after adding rounds of cuts (0.009 seconds)
Gomory was tried 141 times and created 305 cuts of which 0 were active after adding rounds of cuts (0.023 seconds)
Knapsack was tried 100 times and created 0 cuts of which 0 were active after adding rounds of cuts (0.014 seconds)
Clique was tried 100 times and created 0 cuts of which 0 were active after adding rounds of cuts (0.002 seconds)
MixedIntegerRounding2 was tried 100 times and created 6 cuts of which 0 were active after adding rounds of cuts (0.006 seconds)
FlowCover was tried 100 times and created 0 cuts of which 0 were active after adding rounds of cuts (0.019 seconds)
TwoMirCuts was tried 100 times and created 17 cuts of which 0 were active after adding rounds of cuts (0.002 seconds)
ZeroHalf was tried 1 times and created 0 cuts of which 0 were active after adding rounds of cuts (0.000 seconds)

Result - Optimal solution found

Objective value:                699309.68878947
Enumerated nodes:               12
Total iterations:               858
Time (CPU seconds):             0.20
Time (Wallclock seconds):       0.20

Option for printingOptions changed from normal to all
Total time (CPU seconds):       0.22   (Wallclock seconds):       0.22

