Welcome to the CBC MILP Solver 
Version: 2.10.3 
Build Date: Dec 15 2019 

command line - E:\dachuang\.venv\Lib\site-packages\pulp\apis\../solverdir/cbc/win/i64/cbc.exe model.mps -primalTolerance 1e-9 -integerTolerance 1e-9 -ratioGap 0 -allowableGap 0 -threads 0 -branch -printingOptions all -solution solution.txt -saveSolution solution.bin -quit (default strategy 1)
At line 2 NAME          MODEL
At line 3 ROWS
At line 317 COLUMNS
At line 1133 RHS
At line 1446 BOUNDS
At line 1521 ENDATA
Problem MODEL has 312 rows, 241 columns and 647 elements
Coin0008I MODEL read with 0 errors
primalTolerance was changed from 1e-07 to 1e-09
integerTolerance was changed from 1e-07 to 1e-09
ratioGap was changed from 0 to 0
allowableGap was changed from 1e-10 to 0
Continuous objective value is 2.02366e+06 - 0.00 seconds
Cgl0004I processed model has 112 rows, 155 columns (24 integer (24 of which binary)) and 327 elements
Cbc0038I Initial state - 9 integers unsatisfied sum - 3.01791
Cbc0038I Pass   1: suminf.    0.00000 (0) obj. 2.19913e+06 iterations 16
Cbc0038I Solution found of 2.19913e+06
Cbc0038I Relaxing continuous gives 2.19282e+06
Cbc0038I Before mini branch and bound, 15 integers at bound fixed and 77 continuous
Cbc0038I Full problem 112 rows 155 columns, reduced to 0 rows 0 columns
Cbc0038I Mini branch and bound improved solution from 2.19282e+06 to 2.02401e+06 (0.01 seconds)
Cbc0038I Round again with cutoff of 2.02397e+06
Cbc0038I Pass   2: suminf.    1.12161 (4) obj. 2.02397e+06 iterations 12
Cbc0038I Pass   3: suminf.    0.46397 (1) obj. 2.02397e+06 iterations 7
Cbc0038I Pass   4: suminf.    0.14761 (1) obj. 2.02397e+06 iterations 3
Cbc0038I Pass   5: suminf.    0.14761 (1) obj. 2.02397e+06 iterations 3
Cbc0038I Pass   6: suminf.    0.14761 (1) obj. 2.02397e+06 iterations 1
Cbc0038I Pass   7: suminf.    0.46397 (1) obj. 2.02397e+06 iterations 4
Cbc0038I Pass   8: suminf.    0.63697 (2) obj. 2.02397e+06 iterations 10
Cbc0038I Pass   9: suminf.    0.63697 (2) obj. 2.02397e+06 iterations 1
Cbc0038I Pass  10: suminf.    0.14761 (1) obj. 2.02397e+06 iterations 4
Cbc0038I Pass  11: suminf.    0.46397 (1) obj. 2.02397e+06 iterations 4
Cbc0038I Pass  12: suminf.    1.14453 (4) obj. 2.02397e+06 iterations 13
Cbc0038I Pass  13: suminf.    0.26411 (2) obj. 2.02397e+06 iterations 5
Cbc0038I Pass  14: suminf.    0.46397 (1) obj. 2.02397e+06 iterations 4
Cbc0038I Pass  15: suminf.    0.14761 (1) obj. 2.02397e+06 iterations 3
Cbc0038I Pass  16: suminf.    1.28660 (6) obj. 2.02397e+06 iterations 15
Cbc0038I Pass  17: suminf.    0.50211 (3) obj. 2.02397e+06 iterations 4
Cbc0038I Pass  18: suminf.    0.46397 (1) obj. 2.02397e+06 iterations 6
Cbc0038I Pass  19: suminf.    0.14761 (1) obj. 2.02397e+06 iterations 3
Cbc0038I Pass  20: suminf.    0.84311 (3) obj. 2.02397e+06 iterations 12
Cbc0038I Pass  21: suminf.    0.35111 (2) obj. 2.02397e+06 iterations 1
Cbc0038I Pass  22: suminf.    0.46397 (1) obj. 2.02397e+06 iterations 5
Cbc0038I Pass  23: suminf.    0.14761 (1) obj. 2.02397e+06 iterations 3
Cbc0038I Pass  24: suminf.    0.84393 (3) obj. 2.02397e+06 iterations 23
Cbc0038I Pass  25: suminf.    0.35193 (2) obj. 2.02397e+06 iterations 3
Cbc0038I Solution found of 2.02397e+06
Cbc0038I Relaxing continuous gives 2.02394e+06
Cbc0038I Before mini branch and bound, 3 integers at bound fixed and 65 continuous
Cbc0038I Full problem 112 rows 155 columns, reduced to 24 rows 30 columns
Cbc0038I Mini branch and bound improved solution from 2.02394e+06 to 2.02393e+06 (0.02 seconds)
Cbc0038I Round again with cutoff of 2.02388e+06
Cbc0038I Pass  26: suminf.    1.53388 (5) obj. 2.02388e+06 iterations 2
Cbc0038I Pass  27: suminf.    0.58800 (2) obj. 2.02388e+06 iterations 16
Cbc0038I Pass  28: suminf.    0.58800 (2) obj. 2.02388e+06 iterations 1
Cbc0038I Pass  29: suminf.    0.76100 (2) obj. 2.02388e+06 iterations 5
Cbc0038I Pass  30: suminf.    0.76100 (2) obj. 2.02388e+06 iterations 1
Cbc0038I Pass  31: suminf.    0.76100 (2) obj. 2.02388e+06 iterations 12
Cbc0038I Pass  32: suminf.    0.76100 (2) obj. 2.02388e+06 iterations 1
Cbc0038I Pass  33: suminf.    0.58800 (2) obj. 2.02388e+06 iterations 4
Cbc0038I Pass  34: suminf.    0.58800 (2) obj. 2.02388e+06 iterations 1
Cbc0038I Pass  35: suminf.    0.76100 (2) obj. 2.02388e+06 iterations 3
Cbc0038I Pass  36: suminf.    0.73288 (3) obj. 2.02388e+06 iterations 5
Cbc0038I Pass  37: suminf.    0.58800 (2) obj. 2.02388e+06 iterations 10
Cbc0038I Pass  38: suminf.    0.58800 (2) obj. 2.02388e+06 iterations 1
Cbc0038I Pass  39: suminf.    0.76100 (2) obj. 2.02388e+06 iterations 5
Cbc0038I Pass  40: suminf.    0.76100 (2) obj. 2.02388e+06 iterations 1
Cbc0038I Pass  41: suminf.    1.39821 (4) obj. 2.02388e+06 iterations 10
Cbc0038I Pass  42: suminf.    0.55988 (2) obj. 2.02388e+06 iterations 7
Cbc0038I Pass  43: suminf.    0.58800 (2) obj. 2.02388e+06 iterations 9
Cbc0038I Pass  44: suminf.    0.58800 (2) obj. 2.02388e+06 iterations 2
Cbc0038I Pass  45: suminf.    0.76100 (2) obj. 2.02388e+06 iterations 8
Cbc0038I Pass  46: suminf.    0.76100 (2) obj. 2.02388e+06 iterations 1
Cbc0038I Pass  47: suminf.    1.51439 (5) obj. 2.02388e+06 iterations 12
Cbc0038I Pass  48: suminf.    1.02239 (4) obj. 2.02388e+06 iterations 1
Cbc0038I Pass  49: suminf.    0.58800 (2) obj. 2.02388e+06 iterations 11
Cbc0038I Pass  50: suminf.    0.58800 (2) obj. 2.02388e+06 iterations 1
Cbc0038I Pass  51: suminf.    0.76100 (2) obj. 2.02388e+06 iterations 5
Cbc0038I Pass  52: suminf.    0.76100 (2) obj. 2.02388e+06 iterations 1
Cbc0038I Pass  53: suminf.    1.38729 (5) obj. 2.02388e+06 iterations 18
Cbc0038I Pass  54: suminf.    1.38729 (5) obj. 2.02388e+06 iterations 0
Cbc0038I Pass  55: suminf.    0.49479 (2) obj. 2.02388e+06 iterations 9
Cbc0038I No solution found this major pass
Cbc0038I Before mini branch and bound, 6 integers at bound fixed and 70 continuous
Cbc0038I Full problem 112 rows 155 columns, reduced to 17 rows 21 columns
Cbc0038I Mini branch and bound did not improve solution (0.04 seconds)
Cbc0038I After 0.04 seconds - Feasibility pump exiting with objective of 2.02393e+06 - took 0.03 seconds
Cbc0012I Integer solution of 2023930 found by feasibility pump after 0 iterations and 0 nodes (0.04 seconds)
Cbc0038I Full problem 112 rows 155 columns, reduced to 75 rows 115 columns
Cbc0031I 9 added rows had average density of 9.4444444
Cbc0013I At root node, 9 cuts changed objective from 2023664.2 to 2023926.4 in 28 passes
Cbc0014I Cut generator 0 (Probing) - 2 row cuts average 2.0 elements, 4 column cuts (4 active)  in 0.003 seconds - new frequency is 1
Cbc0014I Cut generator 1 (Gomory) - 62 row cuts average 26.3 elements, 0 column cuts (0 active)  in 0.001 seconds - new frequency is 1
Cbc0014I Cut generator 2 (Knapsack) - 0 row cuts average 0.0 elements, 0 column cuts (0 active)  in 0.007 seconds - new frequency is -100
Cbc0014I Cut generator 3 (Clique) - 0 row cuts average 0.0 elements, 0 column cuts (0 active)  in 0.000 seconds - new frequency is -100
Cbc0014I Cut generator 4 (MixedIntegerRounding2) - 6 row cuts average 4.3 elements, 0 column cuts (0 active)  in 0.004 seconds - new frequency is -100
Cbc0014I Cut generator 5 (FlowCover) - 0 row cuts average 0.0 elements, 0 column cuts (0 active)  in 0.004 seconds - new frequency is -100
Cbc0014I Cut generator 6 (TwoMirCuts) - 23 row cuts average 15.2 elements, 0 column cuts (0 active)  in 0.001 seconds - new frequency is -100
Cbc0001I Search completed - best objective 2023930.018499739, took 168 iterations and 0 nodes (0.07 seconds)
Cbc0032I Strong branching done 2 times (10 iterations), fathomed 1 nodes and fixed 0 variables
Cbc0035I Maximum depth 0, 0 variables fixed on reduced cost
Cuts at root node changed objective from 2.02366e+06 to 2.02399e+06
Probing was tried 28 times and created 6 cuts of which 0 were active after adding rounds of cuts (0.003 seconds)
Gomory was tried 28 times and created 62 cuts of which 0 were active after adding rounds of cuts (0.001 seconds)
Knapsack was tried 28 times and created 0 cuts of which 0 were active after adding rounds of cuts (0.007 seconds)
Clique was tried 28 times and created 0 cuts of which 0 were active after adding rounds of cuts (0.000 seconds)
MixedIntegerRounding2 was tried 28 times and created 6 cuts of which 0 were active after adding rounds of cuts (0.004 seconds)
FlowCover was tried 28 times and created 0 cuts of which 0 were active after adding rounds of cuts (0.004 seconds)
TwoMirCuts was tried 28 times and created 23 cuts of which 0 were active after adding rounds of cuts (0.001 seconds)
ZeroHalf was tried 1 times and created 0 cuts of which 0 were active after adding rounds of cuts (0.000 seconds)

Result - Optimal solution found

Objective value:                2023930.01849974
Enumerated nodes:               0
Total iterations:               168
Time (CPU seconds):             0.08
Time (Wallclock seconds):       0.08

Option for printingOptions changed from normal to all
Total time (CPU seconds):       0.11   (Wallclock seconds):       0.11

