Welcome to the CBC MILP Solver 
Version: 2.10.3 
Build Date: Dec 15 2019 

command line - E:\dachuang\.venv\Lib\site-packages\pulp\apis\../solverdir/cbc/win/i64/cbc.exe model.mps -primalTolerance 1e-9 -integerTolerance 1e-9 -ratioGap 0 -allowableGap 0 -threads 0 -branch -printingOptions all -solution solution.txt -saveSolution solution.bin -quit (default strategy 1)
At line 2 NAME          MODEL
At line 3 ROWS
At line 317 COLUMNS
At line 1133 RHS
At line 1446 BOUNDS
At line 1521 ENDATA
Problem MODEL has 312 rows, 241 columns and 647 elements
Coin0008I MODEL read with 0 errors
primalTolerance was changed from 1e-07 to 1e-09
integerTolerance was changed from 1e-07 to 1e-09
ratioGap was changed from 0 to 0
allowableGap was changed from 1e-10 to 0
Continuous objective value is 362779 - 0.00 seconds
Cgl0004I processed model has 117 rows, 165 columns (24 integer (24 of which binary)) and 352 elements
Cbc0038I Initial state - 7 integers unsatisfied sum - 1.50206
Cbc0038I Pass   1: suminf.    0.00000 (0) obj. 406740 iterations 20
Cbc0038I Solution found of 406740
Cbc0038I Relaxing continuous gives 368140
Cbc0038I Before mini branch and bound, 17 integers at bound fixed and 88 continuous
Cbc0038I Full problem 117 rows 165 columns, reduced to 3 rows 5 columns
Cbc0038I Mini branch and bound improved solution from 368140 to 363011 (0.01 seconds)
Cbc0038I Freeing continuous variables gives a solution of 362912
Cbc0038I Round again with cutoff of 362899
Cbc0038I Pass   2: suminf.    0.98586 (5) obj. 362899 iterations 11
Cbc0038I Pass   3: suminf.    0.00000 (0) obj. 362899 iterations 10
Cbc0038I Solution found of 362899
Cbc0038I Relaxing continuous gives 362801
Cbc0038I Before mini branch and bound, 16 integers at bound fixed and 86 continuous
Cbc0038I Full problem 117 rows 165 columns, reduced to 9 rows 12 columns
Cbc0038I Mini branch and bound improved solution from 362801 to 362780 (0.02 seconds)
Cbc0038I Freeing continuous variables gives a solution of 362780
Cbc0038I Round again with cutoff of 362780
Cbc0038I Pass   4: suminf.    0.60171 (6) obj. 362780 iterations 2
Cbc0038I Pass   5: suminf.    0.60140 (6) obj. 362780 iterations 3
Cbc0038I Pass   6: suminf.    0.00079 (1) obj. 362780 iterations 12
Cbc0038I Pass   7: suminf.    0.00079 (1) obj. 362780 iterations 0
Cbc0038I Pass   8: suminf.    0.70039 (4) obj. 362780 iterations 3
Cbc0038I Pass   9: suminf.    0.70039 (4) obj. 362780 iterations 0
Cbc0038I Pass  10: suminf.    0.59540 (5) obj. 362780 iterations 10
Cbc0038I Pass  11: suminf.    0.59540 (5) obj. 362780 iterations 1
Cbc0038I Pass  12: suminf.    0.00079 (1) obj. 362780 iterations 8
Cbc0038I Pass  13: suminf.    0.00079 (1) obj. 362780 iterations 0
Cbc0038I Pass  14: suminf.    0.30039 (2) obj. 362780 iterations 6
Cbc0038I Pass  15: suminf.    0.00079 (1) obj. 362780 iterations 1
Cbc0038I Pass  16: suminf.    0.00079 (1) obj. 362780 iterations 0
Cbc0038I Pass  17: suminf.    0.30639 (3) obj. 362780 iterations 11
Cbc0038I Pass  18: suminf.    0.30639 (3) obj. 362780 iterations 0
Cbc0038I Pass  19: suminf.    0.60000 (2) obj. 362780 iterations 4
Cbc0038I Pass  20: suminf.    0.30039 (2) obj. 362780 iterations 7
Cbc0038I Pass  21: suminf.    0.60000 (2) obj. 362780 iterations 17
Cbc0038I Pass  22: suminf.    0.60000 (2) obj. 362780 iterations 0
Cbc0038I Pass  23: suminf.    0.30039 (2) obj. 362780 iterations 3
Cbc0038I Pass  24: suminf.    0.60000 (2) obj. 362780 iterations 4
Cbc0038I Pass  25: suminf.    0.60000 (2) obj. 362780 iterations 8
Cbc0038I Pass  26: suminf.    0.60000 (2) obj. 362780 iterations 3
Cbc0038I Pass  27: suminf.    0.30039 (2) obj. 362780 iterations 3
Cbc0038I Pass  28: suminf.    0.60000 (2) obj. 362780 iterations 4
Cbc0038I Pass  29: suminf.    1.09921 (4) obj. 362780 iterations 15
Cbc0038I Pass  30: suminf.    0.19571 (3) obj. 362780 iterations 3
Cbc0038I Pass  31: suminf.    0.19540 (3) obj. 362780 iterations 1
Cbc0038I Pass  32: suminf.    0.00079 (1) obj. 362780 iterations 5
Cbc0038I Pass  33: suminf.    0.00079 (1) obj. 362780 iterations 0
Cbc0038I No solution found this major pass
Cbc0038I Before mini branch and bound, 2 integers at bound fixed and 72 continuous
Cbc0038I Full problem 117 rows 165 columns, reduced to 20 rows 27 columns
Cbc0038I Mini branch and bound did not improve solution (0.03 seconds)
Cbc0038I After 0.03 seconds - Feasibility pump exiting with objective of 362780 - took 0.02 seconds
Cbc0012I Integer solution of 362780.18 found by feasibility pump after 0 iterations and 0 nodes (0.03 seconds)
Cbc0038I Full problem 117 rows 165 columns, reduced to 70 rows 116 columns
Cbc0031I 2 added rows had average density of 12.5
Cbc0013I At root node, 2 cuts changed objective from 362779.35 to 362779.35 in 5 passes
Cbc0014I Cut generator 0 (Probing) - 0 row cuts average 0.0 elements, 4 column cuts (4 active)  in 0.001 seconds - new frequency is 1
Cbc0014I Cut generator 1 (Gomory) - 10 row cuts average 15.4 elements, 0 column cuts (0 active)  in 0.001 seconds - new frequency is 1
Cbc0014I Cut generator 2 (Knapsack) - 0 row cuts average 0.0 elements, 0 column cuts (0 active)  in 0.002 seconds - new frequency is -100
Cbc0014I Cut generator 3 (Clique) - 0 row cuts average 0.0 elements, 0 column cuts (0 active)  in 0.000 seconds - new frequency is -100
Cbc0014I Cut generator 4 (MixedIntegerRounding2) - 0 row cuts average 0.0 elements, 0 column cuts (0 active)  in 0.000 seconds - new frequency is -100
Cbc0014I Cut generator 5 (FlowCover) - 0 row cuts average 0.0 elements, 0 column cuts (0 active)  in 0.001 seconds - new frequency is -100
Cbc0014I Cut generator 6 (TwoMirCuts) - 10 row cuts average 12.8 elements, 0 column cuts (0 active)  in 0.000 seconds - new frequency is -100
Cbc0010I After 0 nodes, 1 on tree, 362780.18 best solution, best possible 362779.35 (0.05 seconds)
Cbc0001I Search completed - best objective 362780.1779999997, took 89 iterations and 8 nodes (0.07 seconds)
Cbc0032I Strong branching done 20 times (39 iterations), fathomed 4 nodes and fixed 0 variables
Cbc0035I Maximum depth 2, 0 variables fixed on reduced cost
Cuts at root node changed objective from 362779 to 362779
Probing was tried 16 times and created 5 cuts of which 0 were active after adding rounds of cuts (0.002 seconds)
Gomory was tried 16 times and created 19 cuts of which 0 were active after adding rounds of cuts (0.001 seconds)
Knapsack was tried 5 times and created 0 cuts of which 0 were active after adding rounds of cuts (0.002 seconds)
Clique was tried 5 times and created 0 cuts of which 0 were active after adding rounds of cuts (0.000 seconds)
MixedIntegerRounding2 was tried 5 times and created 0 cuts of which 0 were active after adding rounds of cuts (0.000 seconds)
FlowCover was tried 5 times and created 0 cuts of which 0 were active after adding rounds of cuts (0.001 seconds)
TwoMirCuts was tried 5 times and created 10 cuts of which 0 were active after adding rounds of cuts (0.000 seconds)
ZeroHalf was tried 1 times and created 0 cuts of which 0 were active after adding rounds of cuts (0.000 seconds)

Result - Optimal solution found

Objective value:                362780.17800000
Enumerated nodes:               8
Total iterations:               89
Time (CPU seconds):             0.07
Time (Wallclock seconds):       0.07

Option for printingOptions changed from normal to all
Total time (CPU seconds):       0.10   (Wallclock seconds):       0.10

