Welcome to the CBC MILP Solver 
Version: 2.10.3 
Build Date: Dec 15 2019 

command line - E:\dachuang\.venv\Lib\site-packages\pulp\apis\../solverdir/cbc/win/i64/cbc.exe model.mps -primalTolerance 1e-9 -integerTolerance 1e-9 -ratioGap 0 -allowableGap 0 -threads 0 -branch -printingOptions all -solution solution.txt -saveSolution solution.bin -quit (default strategy 1)
At line 2 NAME          MODEL
At line 3 ROWS
At line 317 COLUMNS
At line 1133 RHS
At line 1446 BOUNDS
At line 1521 ENDATA
Problem MODEL has 312 rows, 241 columns and 647 elements
Coin0008I MODEL read with 0 errors
primalTolerance was changed from 1e-07 to 1e-09
integerTolerance was changed from 1e-07 to 1e-09
ratioGap was changed from 0 to 0
allowableGap was changed from 1e-10 to 0
Continuous objective value is 1.66123e+06 - 0.00 seconds
Cgl0004I processed model has 113 rows, 154 columns (24 integer (24 of which binary)) and 329 elements
Cbc0038I Initial state - 10 integers unsatisfied sum - 2.43182
Cbc0038I Pass   1: suminf.    0.00000 (0) obj. 1.68699e+06 iterations 20
Cbc0038I Solution found of 1.68699e+06
Cbc0038I Relaxing continuous gives 1.68612e+06
Cbc0038I Before mini branch and bound, 14 integers at bound fixed and 80 continuous
Cbc0038I Full problem 113 rows 154 columns, reduced to 8 rows 8 columns
Cbc0038I Mini branch and bound improved solution from 1.68612e+06 to 1.66169e+06 (0.01 seconds)
Cbc0038I Freeing continuous variables gives a solution of 1.66169e+06
Cbc0038I Round again with cutoff of 1.66164e+06
Cbc0038I Pass   2: suminf.    0.33604 (3) obj. 1.66164e+06 iterations 5
Cbc0038I Pass   3: suminf.    0.00000 (0) obj. 1.66164e+06 iterations 13
Cbc0038I Solution found of 1.66164e+06
Cbc0038I Relaxing continuous gives 1.66146e+06
Cbc0038I Before mini branch and bound, 13 integers at bound fixed and 77 continuous
Cbc0038I Full problem 113 rows 154 columns, reduced to 16 rows 21 columns
Cbc0038I Mini branch and bound improved solution from 1.66146e+06 to 1.66134e+06 (0.02 seconds)
Cbc0038I Freeing continuous variables gives a solution of 1.66134e+06
Cbc0038I Round again with cutoff of 1.66132e+06
Cbc0038I Pass   4: suminf.    0.75627 (6) obj. 1.66132e+06 iterations 5
Cbc0038I Pass   5: suminf.    0.75627 (6) obj. 1.66132e+06 iterations 4
Cbc0038I Pass   6: suminf.    0.85756 (2) obj. 1.66132e+06 iterations 10
Cbc0038I Pass   7: suminf.    0.85756 (2) obj. 1.66132e+06 iterations 9
Cbc0038I Pass   8: suminf.    0.59869 (3) obj. 1.66132e+06 iterations 5
Cbc0038I Pass   9: suminf.    0.57409 (3) obj. 1.66132e+06 iterations 3
Cbc0038I Pass  10: suminf.    1.10468 (4) obj. 1.66132e+06 iterations 19
Cbc0038I Pass  11: suminf.    0.60928 (4) obj. 1.66132e+06 iterations 4
Cbc0038I Pass  12: suminf.    0.60928 (4) obj. 1.66132e+06 iterations 0
Cbc0038I Pass  13: suminf.    0.90093 (3) obj. 1.66132e+06 iterations 11
Cbc0038I Pass  14: suminf.    0.85756 (2) obj. 1.66132e+06 iterations 2
Cbc0038I Pass  15: suminf.    0.85756 (2) obj. 1.66132e+06 iterations 1
Cbc0038I Pass  16: suminf.    0.59869 (3) obj. 1.66132e+06 iterations 4
Cbc0038I Pass  17: suminf.    0.57409 (3) obj. 1.66132e+06 iterations 3
Cbc0038I Pass  18: suminf.    1.10468 (4) obj. 1.66132e+06 iterations 19
Cbc0038I Pass  19: suminf.    0.60928 (4) obj. 1.66132e+06 iterations 4
Cbc0038I Pass  20: suminf.    0.60928 (4) obj. 1.66132e+06 iterations 0
Cbc0038I Pass  21: suminf.    0.90093 (3) obj. 1.66132e+06 iterations 13
Cbc0038I Pass  22: suminf.    0.85756 (2) obj. 1.66132e+06 iterations 2
Cbc0038I Pass  23: suminf.    0.85756 (2) obj. 1.66132e+06 iterations 3
Cbc0038I Pass  24: suminf.    0.59869 (3) obj. 1.66132e+06 iterations 4
Cbc0038I Pass  25: suminf.    0.57409 (3) obj. 1.66132e+06 iterations 3
Cbc0038I Pass  26: suminf.    1.10468 (4) obj. 1.66132e+06 iterations 19
Cbc0038I Pass  27: suminf.    0.60928 (4) obj. 1.66132e+06 iterations 3
Cbc0038I Pass  28: suminf.    0.60928 (4) obj. 1.66132e+06 iterations 0
Cbc0038I Pass  29: suminf.    0.90093 (3) obj. 1.66132e+06 iterations 10
Cbc0038I Pass  30: suminf.    0.85756 (2) obj. 1.66132e+06 iterations 2
Cbc0038I Pass  31: suminf.    0.85756 (2) obj. 1.66132e+06 iterations 3
Cbc0038I Pass  32: suminf.    0.59869 (3) obj. 1.66132e+06 iterations 4
Cbc0038I Pass  33: suminf.    0.57409 (3) obj. 1.66132e+06 iterations 3
Cbc0038I No solution found this major pass
Cbc0038I Before mini branch and bound, 12 integers at bound fixed and 74 continuous
Cbc0038I Full problem 113 rows 154 columns, reduced to 26 rows 34 columns
Cbc0038I Mini branch and bound did not improve solution (0.03 seconds)
Cbc0038I After 0.03 seconds - Feasibility pump exiting with objective of 1.66134e+06 - took 0.02 seconds
Cbc0012I Integer solution of 1661342.7 found by feasibility pump after 0 iterations and 0 nodes (0.03 seconds)
Cbc0038I Full problem 113 rows 154 columns, reduced to 75 rows 112 columns
Cbc0031I 9 added rows had average density of 18
Cbc0013I At root node, 9 cuts changed objective from 1661233.5 to 1661333.2 in 100 passes
Cbc0014I Cut generator 0 (Probing) - 10 row cuts average 2.2 elements, 3 column cuts (3 active)  in 0.009 seconds - new frequency is 1
Cbc0014I Cut generator 1 (Gomory) - 204 row cuts average 36.4 elements, 0 column cuts (0 active)  in 0.011 seconds - new frequency is 1
Cbc0014I Cut generator 2 (Knapsack) - 0 row cuts average 0.0 elements, 0 column cuts (0 active)  in 0.021 seconds - new frequency is -100
Cbc0014I Cut generator 3 (Clique) - 0 row cuts average 0.0 elements, 0 column cuts (0 active)  in 0.000 seconds - new frequency is -100
Cbc0014I Cut generator 4 (MixedIntegerRounding2) - 11 row cuts average 5.6 elements, 0 column cuts (0 active)  in 0.009 seconds - new frequency is -100
Cbc0014I Cut generator 5 (FlowCover) - 2 row cuts average 2.0 elements, 0 column cuts (0 active)  in 0.011 seconds - new frequency is -100
Cbc0014I Cut generator 6 (TwoMirCuts) - 24 row cuts average 12.5 elements, 0 column cuts (0 active)  in 0.006 seconds - new frequency is -100
Cbc0010I After 0 nodes, 1 on tree, 1661342.7 best solution, best possible 1661333.2 (0.17 seconds)
Cbc0001I Search completed - best objective 1661342.683186764, took 821 iterations and 16 nodes (0.20 seconds)
Cbc0032I Strong branching done 58 times (132 iterations), fathomed 6 nodes and fixed 5 variables
Cbc0035I Maximum depth 3, 1 variables fixed on reduced cost
Cuts at root node changed objective from 1.66123e+06 to 1.66133e+06
Probing was tried 122 times and created 14 cuts of which 0 were active after adding rounds of cuts (0.012 seconds)
Gomory was tried 122 times and created 210 cuts of which 0 were active after adding rounds of cuts (0.012 seconds)
Knapsack was tried 100 times and created 0 cuts of which 0 were active after adding rounds of cuts (0.021 seconds)
Clique was tried 100 times and created 0 cuts of which 0 were active after adding rounds of cuts (0.000 seconds)
MixedIntegerRounding2 was tried 100 times and created 11 cuts of which 0 were active after adding rounds of cuts (0.009 seconds)
FlowCover was tried 100 times and created 2 cuts of which 0 were active after adding rounds of cuts (0.011 seconds)
TwoMirCuts was tried 100 times and created 24 cuts of which 0 were active after adding rounds of cuts (0.006 seconds)
ZeroHalf was tried 1 times and created 0 cuts of which 0 were active after adding rounds of cuts (0.000 seconds)

Result - Optimal solution found

Objective value:                1661342.68318676
Enumerated nodes:               16
Total iterations:               821
Time (CPU seconds):             0.21
Time (Wallclock seconds):       0.21

Option for printingOptions changed from normal to all
Total time (CPU seconds):       0.23   (Wallclock seconds):       0.23

