Welcome to the CBC MILP Solver 
Version: 2.10.3 
Build Date: Dec 15 2019 

command line - E:\dachuang\.venv\Lib\site-packages\pulp\apis\../solverdir/cbc/win/i64/cbc.exe model.mps -primalTolerance 1e-9 -integerTolerance 1e-9 -ratioGap 0 -allowableGap 0 -threads 0 -branch -printingOptions all -solution solution.txt -saveSolution solution.bin -quit (default strategy 1)
At line 2 NAME          MODEL
At line 3 ROWS
At line 317 COLUMNS
At line 1133 RHS
At line 1446 BOUNDS
At line 1521 ENDATA
Problem MODEL has 312 rows, 241 columns and 647 elements
Coin0008I MODEL read with 0 errors
primalTolerance was changed from 1e-07 to 1e-09
integerTolerance was changed from 1e-07 to 1e-09
ratioGap was changed from 0 to 0
allowableGap was changed from 1e-10 to 0
Continuous objective value is 2.17992e+06 - 0.00 seconds
Cgl0004I processed model has 113 rows, 157 columns (24 integer (24 of which binary)) and 332 elements
Cbc0038I Initial state - 6 integers unsatisfied sum - 2.29082
Cbc0038I Pass   1: suminf.    0.00000 (0) obj. 2.18037e+06 iterations 16
Cbc0038I Solution found of 2.18037e+06
Cbc0038I Relaxing continuous gives 2.18037e+06
Cbc0038I Before mini branch and bound, 18 integers at bound fixed and 90 continuous
Cbc0038I Full problem 113 rows 157 columns, reduced to 10 rows 12 columns
Cbc0038I Mini branch and bound did not improve solution (0.01 seconds)
Cbc0038I Freeing continuous variables gives a solution of 2.18037e+06
Cbc0038I Round again with cutoff of 2.18032e+06
Cbc0038I Pass   2: suminf.    0.19504 (1) obj. 2.18032e+06 iterations 2
Cbc0038I Pass   3: suminf.    0.00000 (0) obj. 2.18032e+06 iterations 10
Cbc0038I Solution found of 2.18032e+06
Cbc0038I Relaxing continuous gives 2.18014e+06
Cbc0038I Before mini branch and bound, 17 integers at bound fixed and 84 continuous
Cbc0038I Full problem 113 rows 157 columns, reduced to 18 rows 25 columns
Cbc0038I Mini branch and bound improved solution from 2.18014e+06 to 2.18002e+06 (0.01 seconds)
Cbc0038I Freeing continuous variables gives a solution of 2.18002e+06
Cbc0038I Round again with cutoff of 2.18e+06
Cbc0038I Pass   4: suminf.    0.57409 (2) obj. 2.18e+06 iterations 3
Cbc0038I Pass   5: suminf.    0.57409 (2) obj. 2.18e+06 iterations 0
Cbc0038I Pass   6: suminf.    0.75618 (3) obj. 2.18e+06 iterations 18
Cbc0038I Pass   7: suminf.    0.60928 (3) obj. 2.18e+06 iterations 4
Cbc0038I Pass   8: suminf.    0.77206 (2) obj. 2.18e+06 iterations 13
Cbc0038I Pass   9: suminf.    0.77206 (2) obj. 2.18e+06 iterations 0
Cbc0038I Pass  10: suminf.    0.59869 (2) obj. 2.18e+06 iterations 3
Cbc0038I Pass  11: suminf.    0.57409 (2) obj. 2.18e+06 iterations 2
Cbc0038I Pass  12: suminf.    0.75618 (3) obj. 2.18e+06 iterations 13
Cbc0038I Pass  13: suminf.    0.60928 (3) obj. 2.18e+06 iterations 1
Cbc0038I Pass  14: suminf.    0.77206 (2) obj. 2.18e+06 iterations 4
Cbc0038I Pass  15: suminf.    0.77206 (2) obj. 2.18e+06 iterations 0
Cbc0038I Pass  16: suminf.    0.59869 (2) obj. 2.18e+06 iterations 3
Cbc0038I Pass  17: suminf.    0.57409 (2) obj. 2.18e+06 iterations 2
Cbc0038I Pass  18: suminf.    0.75618 (3) obj. 2.18e+06 iterations 13
Cbc0038I Pass  19: suminf.    0.60928 (3) obj. 2.18e+06 iterations 1
Cbc0038I Pass  20: suminf.    0.77206 (2) obj. 2.18e+06 iterations 4
Cbc0038I Pass  21: suminf.    0.77206 (2) obj. 2.18e+06 iterations 0
Cbc0038I Pass  22: suminf.    0.59869 (2) obj. 2.18e+06 iterations 3
Cbc0038I Pass  23: suminf.    0.57409 (2) obj. 2.18e+06 iterations 2
Cbc0038I Pass  24: suminf.    0.75618 (3) obj. 2.18e+06 iterations 11
Cbc0038I Pass  25: suminf.    0.60928 (3) obj. 2.18e+06 iterations 1
Cbc0038I Pass  26: suminf.    0.77206 (2) obj. 2.18e+06 iterations 4
Cbc0038I Pass  27: suminf.    0.77206 (2) obj. 2.18e+06 iterations 0
Cbc0038I Pass  28: suminf.    0.59869 (2) obj. 2.18e+06 iterations 3
Cbc0038I Pass  29: suminf.    0.57409 (2) obj. 2.18e+06 iterations 2
Cbc0038I Pass  30: suminf.    0.75618 (3) obj. 2.18e+06 iterations 13
Cbc0038I Pass  31: suminf.    0.60928 (3) obj. 2.18e+06 iterations 1
Cbc0038I Pass  32: suminf.    0.77206 (2) obj. 2.18e+06 iterations 4
Cbc0038I Pass  33: suminf.    0.77206 (2) obj. 2.18e+06 iterations 0
Cbc0038I No solution found this major pass
Cbc0038I Before mini branch and bound, 16 integers at bound fixed and 83 continuous
Cbc0038I Full problem 113 rows 157 columns, reduced to 19 rows 26 columns
Cbc0038I Mini branch and bound did not improve solution (0.03 seconds)
Cbc0038I After 0.03 seconds - Feasibility pump exiting with objective of 2.18002e+06 - took 0.02 seconds
Cbc0012I Integer solution of 2180024.2 found by feasibility pump after 0 iterations and 0 nodes (0.03 seconds)
Cbc0038I Full problem 113 rows 157 columns, reduced to 67 rows 108 columns
Cbc0031I 4 added rows had average density of 15
Cbc0013I At root node, 4 cuts changed objective from 2179915 to 2179987.7 in 41 passes
Cbc0014I Cut generator 0 (Probing) - 5 row cuts average 12.6 elements, 2 column cuts (2 active)  in 0.009 seconds - new frequency is 1
Cbc0014I Cut generator 1 (Gomory) - 88 row cuts average 30.1 elements, 0 column cuts (0 active)  in 0.005 seconds - new frequency is 1
Cbc0014I Cut generator 2 (Knapsack) - 0 row cuts average 0.0 elements, 0 column cuts (0 active)  in 0.006 seconds - new frequency is -100
Cbc0014I Cut generator 3 (Clique) - 0 row cuts average 0.0 elements, 0 column cuts (0 active)  in 0.000 seconds - new frequency is -100
Cbc0014I Cut generator 4 (MixedIntegerRounding2) - 6 row cuts average 5.3 elements, 0 column cuts (0 active)  in 0.001 seconds - new frequency is 1
Cbc0014I Cut generator 5 (FlowCover) - 1 row cuts average 7.0 elements, 0 column cuts (0 active)  in 0.007 seconds - new frequency is -100
Cbc0014I Cut generator 6 (TwoMirCuts) - 21 row cuts average 13.0 elements, 0 column cuts (0 active)  in 0.003 seconds - new frequency is -100
Cbc0010I After 0 nodes, 1 on tree, 2180024.2 best solution, best possible 2179987.7 (0.08 seconds)
Cbc0001I Search completed - best objective 2180024.232686773, took 373 iterations and 18 nodes (0.12 seconds)
Cbc0032I Strong branching done 58 times (168 iterations), fathomed 6 nodes and fixed 9 variables
Cbc0035I Maximum depth 3, 1 variables fixed on reduced cost
Cuts at root node changed objective from 2.17992e+06 to 2.17999e+06
Probing was tried 69 times and created 8 cuts of which 0 were active after adding rounds of cuts (0.009 seconds)
Gomory was tried 69 times and created 117 cuts of which 0 were active after adding rounds of cuts (0.006 seconds)
Knapsack was tried 41 times and created 0 cuts of which 0 were active after adding rounds of cuts (0.006 seconds)
Clique was tried 41 times and created 0 cuts of which 0 were active after adding rounds of cuts (0.000 seconds)
MixedIntegerRounding2 was tried 69 times and created 11 cuts of which 0 were active after adding rounds of cuts (0.002 seconds)
FlowCover was tried 41 times and created 1 cuts of which 0 were active after adding rounds of cuts (0.007 seconds)
TwoMirCuts was tried 41 times and created 21 cuts of which 0 were active after adding rounds of cuts (0.003 seconds)
ZeroHalf was tried 1 times and created 0 cuts of which 0 were active after adding rounds of cuts (0.000 seconds)

Result - Optimal solution found

Objective value:                2180024.23268677
Enumerated nodes:               18
Total iterations:               373
Time (CPU seconds):             0.12
Time (Wallclock seconds):       0.12

Option for printingOptions changed from normal to all
Total time (CPU seconds):       0.15   (Wallclock seconds):       0.15

