Welcome to the CBC MILP Solver 
Version: 2.10.3 
Build Date: Dec 15 2019 

command line - E:\dachuang\.venv\Lib\site-packages\pulp\apis\../solverdir/cbc/win/i64/cbc.exe model.mps -primalTolerance 1e-9 -integerTolerance 1e-9 -ratioGap 0 -allowableGap 0 -threads 0 -branch -printingOptions all -solution solution.txt -saveSolution solution.bin -quit (default strategy 1)
At line 2 NAME          MODEL
At line 3 ROWS
At line 317 COLUMNS
At line 1133 RHS
At line 1446 BOUNDS
At line 1521 ENDATA
Problem MODEL has 312 rows, 241 columns and 647 elements
Coin0008I MODEL read with 0 errors
primalTolerance was changed from 1e-07 to 1e-09
integerTolerance was changed from 1e-07 to 1e-09
ratioGap was changed from 0 to 0
allowableGap was changed from 1e-10 to 0
Continuous objective value is 1.69848e+06 - 0.00 seconds
Cgl0004I processed model has 113 rows, 152 columns (24 integer (24 of which binary)) and 327 elements
Cbc0038I Initial state - 7 integers unsatisfied sum - 1.42297
Cbc0038I Pass   1: suminf.    0.00000 (0) obj. 1.711e+06 iterations 15
Cbc0038I Solution found of 1.711e+06
Cbc0038I Relaxing continuous gives 1.70999e+06
Cbc0038I Before mini branch and bound, 17 integers at bound fixed and 79 continuous
Cbc0038I Full problem 113 rows 152 columns, reduced to 6 rows 8 columns
Cbc0038I Mini branch and bound improved solution from 1.70999e+06 to 1.69869e+06 (0.01 seconds)
Cbc0038I Freeing continuous variables gives a solution of 1.69869e+06
Cbc0038I Round again with cutoff of 1.69867e+06
Cbc0038I Pass   2: suminf.    0.28695 (3) obj. 1.69867e+06 iterations 6
Cbc0038I Pass   3: suminf.    0.01498 (1) obj. 1.69867e+06 iterations 11
Cbc0038I Pass   4: suminf.    0.05983 (1) obj. 1.69867e+06 iterations 1
Cbc0038I Pass   5: suminf.    0.87731 (3) obj. 1.69867e+06 iterations 9
Cbc0038I Pass   6: suminf.    0.10098 (1) obj. 1.69867e+06 iterations 3
Cbc0038I Pass   7: suminf.    0.47552 (1) obj. 1.69867e+06 iterations 2
Cbc0038I Pass   8: suminf.    0.10098 (1) obj. 1.69867e+06 iterations 6
Cbc0038I Pass   9: suminf.    0.47552 (1) obj. 1.69867e+06 iterations 2
Cbc0038I Pass  10: suminf.    0.10098 (1) obj. 1.69867e+06 iterations 1
Cbc0038I Pass  11: suminf.    0.88151 (5) obj. 1.69867e+06 iterations 27
Cbc0038I Pass  12: suminf.    0.53957 (4) obj. 1.69867e+06 iterations 4
Cbc0038I Pass  13: suminf.    0.74252 (2) obj. 1.69867e+06 iterations 8
Cbc0038I Pass  14: suminf.    0.00000 (0) obj. 1.69867e+06 iterations 4
Cbc0038I Solution found of 1.69867e+06
Cbc0038I Relaxing continuous gives 1.69866e+06
Cbc0038I Before mini branch and bound, 7 integers at bound fixed and 65 continuous
Cbc0038I Full problem 113 rows 152 columns, reduced to 18 rows 24 columns
Cbc0038I Mini branch and bound improved solution from 1.69866e+06 to 1.69866e+06 (0.02 seconds)
Cbc0038I Freeing continuous variables gives a solution of 1.69866e+06
Cbc0038I Round again with cutoff of 1.69862e+06
Cbc0038I Pass  15: suminf.    0.50877 (3) obj. 1.69862e+06 iterations 0
Cbc0038I Pass  16: suminf.    0.26076 (2) obj. 1.69862e+06 iterations 11
Cbc0038I Pass  17: suminf.    0.39765 (1) obj. 1.69862e+06 iterations 2
Cbc0038I Pass  18: suminf.    0.39765 (1) obj. 1.69862e+06 iterations 1
Cbc0038I Pass  19: suminf.    0.71344 (2) obj. 1.69862e+06 iterations 15
Cbc0038I Pass  20: suminf.    0.39765 (1) obj. 1.69862e+06 iterations 2
Cbc0038I Pass  21: suminf.    0.26076 (2) obj. 1.69862e+06 iterations 5
Cbc0038I Pass  22: suminf.    0.39765 (1) obj. 1.69862e+06 iterations 2
Cbc0038I Pass  23: suminf.    0.75679 (7) obj. 1.69862e+06 iterations 27
Cbc0038I Pass  24: suminf.    0.94010 (3) obj. 1.69862e+06 iterations 8
Cbc0038I Pass  25: suminf.    0.94010 (3) obj. 1.69862e+06 iterations 2
Cbc0038I Pass  26: suminf.    0.52188 (3) obj. 1.69862e+06 iterations 10
Cbc0038I Pass  27: suminf.    0.52188 (2) obj. 1.69862e+06 iterations 7
Cbc0038I Pass  28: suminf.    0.39765 (1) obj. 1.69862e+06 iterations 2
Cbc0038I Pass  29: suminf.    0.39765 (1) obj. 1.69862e+06 iterations 1
Cbc0038I Pass  30: suminf.    0.70038 (6) obj. 1.69862e+06 iterations 14
Cbc0038I Pass  31: suminf.    0.70038 (6) obj. 1.69862e+06 iterations 0
Cbc0038I Pass  32: suminf.    0.49674 (3) obj. 1.69862e+06 iterations 6
Cbc0038I Pass  33: suminf.    0.34676 (3) obj. 1.69862e+06 iterations 2
Cbc0038I Pass  34: suminf.    0.44705 (5) obj. 1.69862e+06 iterations 8
Cbc0038I Pass  35: suminf.    0.49674 (3) obj. 1.69862e+06 iterations 5
Cbc0038I Pass  36: suminf.    0.34676 (3) obj. 1.69862e+06 iterations 2
Cbc0038I Pass  37: suminf.    0.39538 (4) obj. 1.69862e+06 iterations 2
Cbc0038I Pass  38: suminf.    0.49674 (3) obj. 1.69862e+06 iterations 4
Cbc0038I Pass  39: suminf.    0.34676 (3) obj. 1.69862e+06 iterations 2
Cbc0038I Pass  40: suminf.    0.39538 (4) obj. 1.69862e+06 iterations 5
Cbc0038I Pass  41: suminf.    0.39538 (4) obj. 1.69862e+06 iterations 0
Cbc0038I Pass  42: suminf.    0.49674 (3) obj. 1.69862e+06 iterations 4
Cbc0038I Pass  43: suminf.    0.34676 (3) obj. 1.69862e+06 iterations 2
Cbc0038I Pass  44: suminf.    0.72505 (5) obj. 1.69862e+06 iterations 3
Cbc0038I No solution found this major pass
Cbc0038I Before mini branch and bound, 5 integers at bound fixed and 61 continuous
Cbc0038I Full problem 113 rows 152 columns, reduced to 19 rows 26 columns
Cbc0038I Mini branch and bound did not improve solution (0.03 seconds)
Cbc0038I After 0.03 seconds - Feasibility pump exiting with objective of 1.69866e+06 - took 0.03 seconds
Cbc0012I Integer solution of 1698656.6 found by feasibility pump after 0 iterations and 0 nodes (0.03 seconds)
Cbc0038I Full problem 113 rows 152 columns, reduced to 74 rows 110 columns
Cbc0031I 10 added rows had average density of 22.7
Cbc0013I At root node, 10 cuts changed objective from 1698483 to 1698595.2 in 100 passes
Cbc0014I Cut generator 0 (Probing) - 6 row cuts average 2.0 elements, 3 column cuts (3 active)  in 0.012 seconds - new frequency is 1
Cbc0014I Cut generator 1 (Gomory) - 218 row cuts average 42.8 elements, 0 column cuts (0 active)  in 0.014 seconds - new frequency is 1
Cbc0014I Cut generator 2 (Knapsack) - 0 row cuts average 0.0 elements, 0 column cuts (0 active)  in 0.019 seconds - new frequency is -100
Cbc0014I Cut generator 3 (Clique) - 0 row cuts average 0.0 elements, 0 column cuts (0 active)  in 0.000 seconds - new frequency is -100
Cbc0014I Cut generator 4 (MixedIntegerRounding2) - 10 row cuts average 5.6 elements, 0 column cuts (0 active)  in 0.009 seconds - new frequency is -100
Cbc0014I Cut generator 5 (FlowCover) - 0 row cuts average 0.0 elements, 0 column cuts (0 active)  in 0.025 seconds - new frequency is -100
Cbc0014I Cut generator 6 (TwoMirCuts) - 21 row cuts average 19.3 elements, 0 column cuts (0 active)  in 0.002 seconds - new frequency is -100
Cbc0010I After 0 nodes, 1 on tree, 1698656.6 best solution, best possible 1698595.2 (0.18 seconds)
Cbc0001I Search completed - best objective 1698656.59911041, took 876 iterations and 8 nodes (0.20 seconds)
Cbc0032I Strong branching done 24 times (71 iterations), fathomed 2 nodes and fixed 0 variables
Cbc0035I Maximum depth 2, 0 variables fixed on reduced cost
Cuts at root node changed objective from 1.69848e+06 to 1.6986e+06
Probing was tried 127 times and created 9 cuts of which 0 were active after adding rounds of cuts (0.012 seconds)
Gomory was tried 127 times and created 252 cuts of which 0 were active after adding rounds of cuts (0.018 seconds)
Knapsack was tried 100 times and created 0 cuts of which 0 were active after adding rounds of cuts (0.019 seconds)
Clique was tried 100 times and created 0 cuts of which 0 were active after adding rounds of cuts (0.000 seconds)
MixedIntegerRounding2 was tried 100 times and created 10 cuts of which 0 were active after adding rounds of cuts (0.009 seconds)
FlowCover was tried 100 times and created 0 cuts of which 0 were active after adding rounds of cuts (0.025 seconds)
TwoMirCuts was tried 100 times and created 21 cuts of which 0 were active after adding rounds of cuts (0.002 seconds)
ZeroHalf was tried 1 times and created 0 cuts of which 0 were active after adding rounds of cuts (0.000 seconds)

Result - Optimal solution found

Objective value:                1698656.59911041
Enumerated nodes:               8
Total iterations:               876
Time (CPU seconds):             0.21
Time (Wallclock seconds):       0.21

Option for printingOptions changed from normal to all
Total time (CPU seconds):       0.23   (Wallclock seconds):       0.23

