Welcome to the CBC MILP Solver 
Version: 2.10.3 
Build Date: Dec 15 2019 

command line - E:\dachuang\.venv\Lib\site-packages\pulp\apis\../solverdir/cbc/win/i64/cbc.exe model.mps -primalTolerance 1e-9 -integerTolerance 1e-9 -ratioGap 0 -allowableGap 0 -threads 0 -branch -printingOptions all -solution solution.txt -saveSolution solution.bin -quit (default strategy 1)
At line 2 NAME          MODEL
At line 3 ROWS
At line 317 COLUMNS
At line 1133 RHS
At line 1446 BOUNDS
At line 1521 ENDATA
Problem MODEL has 312 rows, 241 columns and 647 elements
Coin0008I MODEL read with 0 errors
primalTolerance was changed from 1e-07 to 1e-09
integerTolerance was changed from 1e-07 to 1e-09
ratioGap was changed from 0 to 0
allowableGap was changed from 1e-10 to 0
Continuous objective value is 2.56689e+06 - 0.00 seconds
Cgl0004I processed model has 112 rows, 150 columns (24 integer (24 of which binary)) and 322 elements
Cbc0038I Initial state - 6 integers unsatisfied sum - 1.39332
Cbc0038I Pass   1: suminf.    0.00000 (0) obj. 2.56714e+06 iterations 14
Cbc0038I Solution found of 2.56714e+06
Cbc0038I Relaxing continuous gives 2.56714e+06
Cbc0038I Before mini branch and bound, 18 integers at bound fixed and 85 continuous
Cbc0038I Full problem 112 rows 150 columns, reduced to 4 rows 4 columns
Cbc0038I Mini branch and bound did not improve solution (0.01 seconds)
Cbc0038I Round again with cutoff of 2.56711e+06
Cbc0038I Pass   2: suminf.    0.10479 (1) obj. 2.56711e+06 iterations 2
Cbc0038I Pass   3: suminf.    0.46654 (2) obj. 2.56711e+06 iterations 13
Cbc0038I Pass   4: suminf.    0.47271 (1) obj. 2.56711e+06 iterations 5
Cbc0038I Pass   5: suminf.    0.46654 (2) obj. 2.56711e+06 iterations 9
Cbc0038I Pass   6: suminf.    0.46654 (2) obj. 2.56711e+06 iterations 0
Cbc0038I Pass   7: suminf.    0.47271 (1) obj. 2.56711e+06 iterations 2
Cbc0038I Pass   8: suminf.    0.10479 (1) obj. 2.56711e+06 iterations 6
Cbc0038I Pass   9: suminf.    0.46654 (2) obj. 2.56711e+06 iterations 4
Cbc0038I Pass  10: suminf.    0.46654 (2) obj. 2.56711e+06 iterations 9
Cbc0038I Pass  11: suminf.    0.47271 (1) obj. 2.56711e+06 iterations 6
Cbc0038I Pass  12: suminf.    0.00000 (0) obj. 2.56711e+06 iterations 2
Cbc0038I Solution found of 2.56711e+06
Cbc0038I Relaxing continuous gives 2.567e+06
Cbc0038I Before mini branch and bound, 13 integers at bound fixed and 72 continuous
Cbc0038I Full problem 112 rows 150 columns, reduced to 19 rows 28 columns
Cbc0038I Mini branch and bound improved solution from 2.567e+06 to 2.567e+06 (0.02 seconds)
Cbc0038I Freeing continuous variables gives a solution of 2.567e+06
Cbc0038I Round again with cutoff of 2.56698e+06
Cbc0038I Pass  13: suminf.    0.67159 (3) obj. 2.56698e+06 iterations 3
Cbc0038I Pass  14: suminf.    1.01068 (3) obj. 2.56698e+06 iterations 14
Cbc0038I Pass  15: suminf.    0.71177 (4) obj. 2.56698e+06 iterations 4
Cbc0038I Pass  16: suminf.    0.94456 (3) obj. 2.56698e+06 iterations 8
Cbc0038I Pass  17: suminf.    0.94456 (3) obj. 2.56698e+06 iterations 0
Cbc0038I Pass  18: suminf.    0.71177 (4) obj. 2.56698e+06 iterations 12
Cbc0038I Pass  19: suminf.    1.54377 (5) obj. 2.56698e+06 iterations 17
Cbc0038I Pass  20: suminf.    1.54377 (5) obj. 2.56698e+06 iterations 2
Cbc0038I Pass  21: suminf.    0.35717 (4) obj. 2.56698e+06 iterations 11
Cbc0038I Pass  22: suminf.    0.35717 (4) obj. 2.56698e+06 iterations 0
Cbc0038I Pass  23: suminf.    0.94456 (4) obj. 2.56698e+06 iterations 12
Cbc0038I Pass  24: suminf.    0.35717 (4) obj. 2.56698e+06 iterations 15
Cbc0038I Pass  25: suminf.    1.10468 (4) obj. 2.56698e+06 iterations 11
Cbc0038I Pass  26: suminf.    0.35717 (4) obj. 2.56698e+06 iterations 1
Cbc0038I Pass  27: suminf.    0.35717 (4) obj. 2.56698e+06 iterations 0
Cbc0038I Pass  28: suminf.    0.94456 (4) obj. 2.56698e+06 iterations 15
Cbc0038I Pass  29: suminf.    0.35717 (4) obj. 2.56698e+06 iterations 14
Cbc0038I Pass  30: suminf.    1.37710 (5) obj. 2.56698e+06 iterations 17
Cbc0038I Pass  31: suminf.    0.26256 (3) obj. 2.56698e+06 iterations 8
Cbc0038I Pass  32: suminf.    0.94456 (4) obj. 2.56698e+06 iterations 8
Cbc0038I Pass  33: suminf.    0.94456 (4) obj. 2.56698e+06 iterations 6
Cbc0038I Pass  34: suminf.    0.35717 (4) obj. 2.56698e+06 iterations 14
Cbc0038I Pass  35: suminf.    0.35717 (4) obj. 2.56698e+06 iterations 0
Cbc0038I Pass  36: suminf.    0.94456 (4) obj. 2.56698e+06 iterations 11
Cbc0038I Pass  37: suminf.    1.02207 (5) obj. 2.56698e+06 iterations 15
Cbc0038I Pass  38: suminf.    0.98793 (4) obj. 2.56698e+06 iterations 1
Cbc0038I Pass  39: suminf.    1.01068 (4) obj. 2.56698e+06 iterations 18
Cbc0038I Pass  40: suminf.    0.60928 (4) obj. 2.56698e+06 iterations 3
Cbc0038I Pass  41: suminf.    0.94456 (4) obj. 2.56698e+06 iterations 9
Cbc0038I Pass  42: suminf.    0.94456 (4) obj. 2.56698e+06 iterations 0
Cbc0038I No solution found this major pass
Cbc0038I Before mini branch and bound, 2 integers at bound fixed and 56 continuous
Cbc0038I Full problem 112 rows 150 columns, reduced to 26 rows 35 columns
Cbc0038I Mini branch and bound did not improve solution (0.03 seconds)
Cbc0038I After 0.03 seconds - Feasibility pump exiting with objective of 2.567e+06 - took 0.03 seconds
Cbc0012I Integer solution of 2567003.2 found by feasibility pump after 0 iterations and 0 nodes (0.03 seconds)
Cbc0038I Full problem 112 rows 150 columns, reduced to 62 rows 95 columns
Cbc0031I 7 added rows had average density of 7.7142857
Cbc0013I At root node, 7 cuts changed objective from 2566894 to 2567002.2 in 5 passes
Cbc0014I Cut generator 0 (Probing) - 1 row cuts average 5.0 elements, 2 column cuts (2 active)  in 0.000 seconds - new frequency is 1
Cbc0014I Cut generator 1 (Gomory) - 13 row cuts average 16.2 elements, 0 column cuts (0 active)  in 0.003 seconds - new frequency is 1
Cbc0014I Cut generator 2 (Knapsack) - 0 row cuts average 0.0 elements, 0 column cuts (0 active)  in 0.002 seconds - new frequency is -100
Cbc0014I Cut generator 3 (Clique) - 0 row cuts average 0.0 elements, 0 column cuts (0 active)  in 0.000 seconds - new frequency is -100
Cbc0014I Cut generator 4 (MixedIntegerRounding2) - 1 row cuts average 4.0 elements, 0 column cuts (0 active)  in 0.000 seconds - new frequency is -100
Cbc0014I Cut generator 5 (FlowCover) - 0 row cuts average 0.0 elements, 0 column cuts (0 active)  in 0.000 seconds - new frequency is -100
Cbc0014I Cut generator 6 (TwoMirCuts) - 13 row cuts average 11.3 elements, 0 column cuts (0 active)  in 0.000 seconds - new frequency is -100
Cbc0010I After 0 nodes, 1 on tree, 2567003.2 best solution, best possible 2567002.2 (0.04 seconds)
Cbc0001I Search completed - best objective 2567003.232686773, took 90 iterations and 8 nodes (0.06 seconds)
Cbc0032I Strong branching done 22 times (58 iterations), fathomed 4 nodes and fixed 0 variables
Cbc0035I Maximum depth 2, 0 variables fixed on reduced cost
Cuts at root node changed objective from 2.56689e+06 to 2.567e+06
Probing was tried 15 times and created 4 cuts of which 0 were active after adding rounds of cuts (0.000 seconds)
Gomory was tried 15 times and created 17 cuts of which 0 were active after adding rounds of cuts (0.003 seconds)
Knapsack was tried 5 times and created 0 cuts of which 0 were active after adding rounds of cuts (0.002 seconds)
Clique was tried 5 times and created 0 cuts of which 0 were active after adding rounds of cuts (0.000 seconds)
MixedIntegerRounding2 was tried 5 times and created 1 cuts of which 0 were active after adding rounds of cuts (0.000 seconds)
FlowCover was tried 5 times and created 0 cuts of which 0 were active after adding rounds of cuts (0.000 seconds)
TwoMirCuts was tried 5 times and created 13 cuts of which 0 were active after adding rounds of cuts (0.000 seconds)
ZeroHalf was tried 1 times and created 0 cuts of which 0 were active after adding rounds of cuts (0.000 seconds)

Result - Optimal solution found

Objective value:                2567003.23268677
Enumerated nodes:               8
Total iterations:               90
Time (CPU seconds):             0.06
Time (Wallclock seconds):       0.06

Option for printingOptions changed from normal to all
Total time (CPU seconds):       0.08   (Wallclock seconds):       0.08

