Welcome to the CBC MILP Solver 
Version: 2.10.3 
Build Date: Dec 15 2019 

command line - E:\dachuang\.venv\Lib\site-packages\pulp\apis\../solverdir/cbc/win/i64/cbc.exe model.mps -primalTolerance 1e-9 -integerTolerance 1e-9 -ratioGap 0 -allowableGap 0 -threads 0 -branch -printingOptions all -solution solution.txt -saveSolution solution.bin -quit (default strategy 1)
At line 2 NAME          MODEL
At line 3 ROWS
At line 317 COLUMNS
At line 1133 RHS
At line 1446 BOUNDS
At line 1521 ENDATA
Problem MODEL has 312 rows, 241 columns and 647 elements
Coin0008I MODEL read with 0 errors
primalTolerance was changed from 1e-07 to 1e-09
integerTolerance was changed from 1e-07 to 1e-09
ratioGap was changed from 0 to 0
allowableGap was changed from 1e-10 to 0
Continuous objective value is 739855 - 0.00 seconds
Cgl0004I processed model has 117 rows, 165 columns (24 integer (24 of which binary)) and 352 elements
Cbc0038I Initial state - 4 integers unsatisfied sum - 1.50066
Cbc0038I Pass   1: suminf.    0.00000 (0) obj. 740198 iterations 11
Cbc0038I Solution found of 740198
Cbc0038I Relaxing continuous gives 740198
Cbc0038I Before mini branch and bound, 20 integers at bound fixed and 87 continuous
Cbc0038I Full problem 117 rows 165 columns, reduced to 5 rows 6 columns
Cbc0038I Mini branch and bound did not improve solution (0.01 seconds)
Cbc0038I Round again with cutoff of 740164
Cbc0038I Pass   2: suminf.    0.14761 (1) obj. 740164 iterations 2
Cbc0038I Pass   3: suminf.    0.00000 (0) obj. 740164 iterations 7
Cbc0038I Solution found of 740164
Cbc0038I Relaxing continuous gives 739988
Cbc0038I Before mini branch and bound, 19 integers at bound fixed and 82 continuous
Cbc0038I Full problem 117 rows 165 columns, reduced to 16 rows 23 columns
Cbc0038I Mini branch and bound improved solution from 739988 to 739877 (0.01 seconds)
Cbc0038I Round again with cutoff of 739873
Cbc0038I Pass   4: suminf.    0.52022 (3) obj. 739873 iterations 5
Cbc0038I Pass   5: suminf.    0.52022 (2) obj. 739873 iterations 1
Cbc0038I Pass   6: suminf.    0.11812 (2) obj. 739873 iterations 8
Cbc0038I Pass   7: suminf.    0.41772 (2) obj. 739873 iterations 5
Cbc0038I Pass   8: suminf.    0.41772 (2) obj. 739873 iterations 2
Cbc0038I Pass   9: suminf.    0.11812 (2) obj. 739873 iterations 5
Cbc0038I Pass  10: suminf.    0.41772 (2) obj. 739873 iterations 2
Cbc0038I Pass  11: suminf.    0.30899 (2) obj. 739873 iterations 15
Cbc0038I Pass  12: suminf.    0.22991 (1) obj. 739873 iterations 5
Cbc0038I Solution found of 739873
Cbc0038I Relaxing continuous gives 739856
Cbc0038I Before mini branch and bound, 11 integers at bound fixed and 80 continuous
Cbc0038I Full problem 117 rows 165 columns, reduced to 18 rows 26 columns
Cbc0038I Mini branch and bound did not improve solution (0.02 seconds)
Cbc0038I Round again with cutoff of 739856
Cbc0038I Pass  13: suminf.    0.60039 (3) obj. 739856 iterations 0
Cbc0038I Pass  14: suminf.    0.60039 (3) obj. 739856 iterations 1
Cbc0038I Pass  15: suminf.    0.49817 (2) obj. 739856 iterations 8
Cbc0038I Pass  16: suminf.    0.49790 (2) obj. 739856 iterations 1
Cbc0038I Pass  17: suminf.    0.19829 (2) obj. 739856 iterations 5
Cbc0038I Pass  18: suminf.    0.22329 (3) obj. 739856 iterations 2
Cbc0038I Pass  19: suminf.    0.49790 (2) obj. 739856 iterations 3
Cbc0038I Pass  20: suminf.    0.19829 (2) obj. 739856 iterations 5
Cbc0038I Pass  21: suminf.    0.39479 (5) obj. 739856 iterations 8
Cbc0038I Pass  22: suminf.    0.39479 (4) obj. 739856 iterations 1
Cbc0038I Pass  23: suminf.    0.49790 (2) obj. 739856 iterations 5
Cbc0038I Pass  24: suminf.    0.19829 (2) obj. 739856 iterations 3
Cbc0038I Pass  25: suminf.    1.59446 (5) obj. 739856 iterations 15
Cbc0038I Pass  26: suminf.    0.84518 (4) obj. 739856 iterations 6
Cbc0038I Pass  27: suminf.    0.00643 (1) obj. 739856 iterations 4
Cbc0038I Pass  28: suminf.    0.00118 (1) obj. 739856 iterations 3
Cbc0038I Pass  29: suminf.    0.09580 (2) obj. 739856 iterations 10
Cbc0038I Pass  30: suminf.    0.09580 (2) obj. 739856 iterations 0
Cbc0038I Pass  31: suminf.    0.60039 (2) obj. 739856 iterations 2
Cbc0038I Pass  32: suminf.    1.50342 (4) obj. 739856 iterations 11
Cbc0038I Pass  33: suminf.    0.60039 (3) obj. 739856 iterations 2
Cbc0038I Pass  34: suminf.    0.60039 (3) obj. 739856 iterations 1
Cbc0038I Pass  35: suminf.    0.49817 (2) obj. 739856 iterations 2
Cbc0038I Pass  36: suminf.    0.49790 (2) obj. 739856 iterations 1
Cbc0038I Pass  37: suminf.    0.19829 (2) obj. 739856 iterations 3
Cbc0038I Pass  38: suminf.    0.02618 (2) obj. 739856 iterations 11
Cbc0038I Pass  39: suminf.    0.02618 (2) obj. 739856 iterations 0
Cbc0038I Pass  40: suminf.    0.45059 (2) obj. 739856 iterations 8
Cbc0038I Pass  41: suminf.    0.09580 (2) obj. 739856 iterations 3
Cbc0038I Pass  42: suminf.    0.45085 (2) obj. 739856 iterations 2
Cbc0038I No solution found this major pass
Cbc0038I Before mini branch and bound, 3 integers at bound fixed and 76 continuous
Cbc0038I Full problem 117 rows 165 columns, reduced to 22 rows 31 columns
Cbc0038I Mini branch and bound did not improve solution (0.04 seconds)
Cbc0038I After 0.04 seconds - Feasibility pump exiting with objective of 739856 - took 0.03 seconds
Cbc0012I Integer solution of 739856 found by feasibility pump after 0 iterations and 0 nodes (0.04 seconds)
Cbc0038I Full problem 117 rows 165 columns, reduced to 80 rows 127 columns
Cbc0031I 1 added rows had average density of 21
Cbc0013I At root node, 1 cuts changed objective from 739855.17 to 739855.17 in 6 passes
Cbc0014I Cut generator 0 (Probing) - 1 row cuts average 2.0 elements, 2 column cuts (2 active)  in 0.000 seconds - new frequency is 1
Cbc0014I Cut generator 1 (Gomory) - 19 row cuts average 14.9 elements, 0 column cuts (0 active)  in 0.001 seconds - new frequency is 1
Cbc0014I Cut generator 2 (Knapsack) - 0 row cuts average 0.0 elements, 0 column cuts (0 active)  in 0.002 seconds - new frequency is -100
Cbc0014I Cut generator 3 (Clique) - 0 row cuts average 0.0 elements, 0 column cuts (0 active)  in 0.000 seconds - new frequency is -100
Cbc0014I Cut generator 4 (MixedIntegerRounding2) - 3 row cuts average 4.3 elements, 0 column cuts (0 active)  in 0.000 seconds - new frequency is 1
Cbc0014I Cut generator 5 (FlowCover) - 0 row cuts average 0.0 elements, 0 column cuts (0 active)  in 0.001 seconds - new frequency is -100
Cbc0014I Cut generator 6 (TwoMirCuts) - 19 row cuts average 12.6 elements, 0 column cuts (0 active)  in 0.001 seconds - new frequency is -100
Cbc0010I After 0 nodes, 1 on tree, 739856 best solution, best possible 739855.17 (0.05 seconds)
Cbc0001I Search completed - best objective 739856.0000000008, took 98 iterations and 12 nodes (0.07 seconds)
Cbc0032I Strong branching done 36 times (76 iterations), fathomed 5 nodes and fixed 2 variables
Cbc0035I Maximum depth 3, 0 variables fixed on reduced cost
Cuts at root node changed objective from 739855 to 739855
Probing was tried 21 times and created 5 cuts of which 0 were active after adding rounds of cuts (0.000 seconds)
Gomory was tried 21 times and created 29 cuts of which 0 were active after adding rounds of cuts (0.001 seconds)
Knapsack was tried 6 times and created 0 cuts of which 0 were active after adding rounds of cuts (0.002 seconds)
Clique was tried 6 times and created 0 cuts of which 0 were active after adding rounds of cuts (0.000 seconds)
MixedIntegerRounding2 was tried 21 times and created 4 cuts of which 0 were active after adding rounds of cuts (0.001 seconds)
FlowCover was tried 6 times and created 0 cuts of which 0 were active after adding rounds of cuts (0.001 seconds)
TwoMirCuts was tried 6 times and created 19 cuts of which 0 were active after adding rounds of cuts (0.001 seconds)
ZeroHalf was tried 1 times and created 0 cuts of which 0 were active after adding rounds of cuts (0.000 seconds)

Result - Optimal solution found

Objective value:                739856.00000000
Enumerated nodes:               12
Total iterations:               98
Time (CPU seconds):             0.08
Time (Wallclock seconds):       0.08

Option for printingOptions changed from normal to all
Total time (CPU seconds):       0.11   (Wallclock seconds):       0.11

