Welcome to the CBC MILP Solver 
Version: 2.10.3 
Build Date: Dec 15 2019 

command line - E:\dachuang\.venv\Lib\site-packages\pulp\apis\../solverdir/cbc/win/i64/cbc.exe model.mps -primalTolerance 1e-9 -integerTolerance 1e-9 -ratioGap 0 -allowableGap 0 -threads 0 -branch -printingOptions all -solution solution.txt -saveSolution solution.bin -quit (default strategy 1)
At line 2 NAME          MODEL
At line 3 ROWS
At line 317 COLUMNS
At line 1133 RHS
At line 1446 BOUNDS
At line 1521 ENDATA
Problem MODEL has 312 rows, 241 columns and 647 elements
Coin0008I MODEL read with 0 errors
primalTolerance was changed from 1e-07 to 1e-09
integerTolerance was changed from 1e-07 to 1e-09
ratioGap was changed from 0 to 0
allowableGap was changed from 1e-10 to 0
Continuous objective value is 2.55861e+06 - 0.00 seconds
Cgl0004I processed model has 113 rows, 157 columns (24 integer (24 of which binary)) and 332 elements
Cbc0038I Initial state - 5 integers unsatisfied sum - 2.01894
Cbc0038I Pass   1: suminf.    0.00000 (0) obj. 2.56769e+06 iterations 10
Cbc0038I Solution found of 2.56769e+06
Cbc0038I Relaxing continuous gives 2.55894e+06
Cbc0038I Before mini branch and bound, 19 integers at bound fixed and 85 continuous
Cbc0038I Full problem 113 rows 157 columns, reduced to 2 rows 3 columns
Cbc0038I Mini branch and bound did not improve solution (0.01 seconds)
Cbc0038I Freeing continuous variables gives a solution of 2.55894e+06
Cbc0038I Round again with cutoff of 2.55891e+06
Cbc0038I Pass   2: suminf.    0.15659 (1) obj. 2.55891e+06 iterations 9
Cbc0038I Pass   3: suminf.    0.32059 (1) obj. 2.55891e+06 iterations 3
Cbc0038I Pass   4: suminf.    0.32059 (1) obj. 2.55891e+06 iterations 2
Cbc0038I Pass   5: suminf.    0.15659 (1) obj. 2.55891e+06 iterations 2
Cbc0038I Pass   6: suminf.    0.32059 (1) obj. 2.55891e+06 iterations 5
Cbc0038I Pass   7: suminf.    0.32059 (1) obj. 2.55891e+06 iterations 2
Cbc0038I Pass   8: suminf.    0.32059 (1) obj. 2.55891e+06 iterations 1
Cbc0038I Pass   9: suminf.    0.15659 (1) obj. 2.55891e+06 iterations 2
Cbc0038I Pass  10: suminf.    0.67941 (2) obj. 2.55891e+06 iterations 13
Cbc0038I Pass  11: suminf.    0.15659 (1) obj. 2.55891e+06 iterations 2
Cbc0038I Pass  12: suminf.    0.32059 (1) obj. 2.55891e+06 iterations 3
Cbc0038I Pass  13: suminf.    1.60959 (4) obj. 2.55891e+06 iterations 10
Cbc0038I Pass  14: suminf.    1.15659 (3) obj. 2.55891e+06 iterations 1
Cbc0038I Pass  15: suminf.    0.38809 (2) obj. 2.55891e+06 iterations 9
Cbc0038I Pass  16: suminf.    0.15659 (1) obj. 2.55891e+06 iterations 3
Cbc0038I Pass  17: suminf.    0.32059 (1) obj. 2.55891e+06 iterations 3
Cbc0038I Pass  18: suminf.    0.32059 (1) obj. 2.55891e+06 iterations 9
Cbc0038I Pass  19: suminf.    0.15659 (1) obj. 2.55891e+06 iterations 2
Cbc0038I Pass  20: suminf.    0.32059 (1) obj. 2.55891e+06 iterations 3
Cbc0038I Pass  21: suminf.    0.84109 (3) obj. 2.55891e+06 iterations 15
Cbc0038I Pass  22: suminf.    0.38809 (2) obj. 2.55891e+06 iterations 2
Cbc0038I Pass  23: suminf.    0.20412 (1) obj. 2.55891e+06 iterations 3
Cbc0038I Pass  24: suminf.    0.32059 (1) obj. 2.55891e+06 iterations 4
Cbc0038I Pass  25: suminf.    1.15659 (3) obj. 2.55891e+06 iterations 16
Cbc0038I Pass  26: suminf.    1.15659 (3) obj. 2.55891e+06 iterations 0
Cbc0038I Pass  27: suminf.    0.38809 (2) obj. 2.55891e+06 iterations 10
Cbc0038I Pass  28: suminf.    0.15659 (1) obj. 2.55891e+06 iterations 3
Cbc0038I Pass  29: suminf.    0.32059 (1) obj. 2.55891e+06 iterations 3
Cbc0038I Pass  30: suminf.    0.38809 (2) obj. 2.55891e+06 iterations 9
Cbc0038I Pass  31: suminf.    0.38809 (2) obj. 2.55891e+06 iterations 1
Cbc0038I No solution found this major pass
Cbc0038I Before mini branch and bound, 4 integers at bound fixed and 71 continuous
Cbc0038I Full problem 113 rows 157 columns, reduced to 13 rows 18 columns
Cbc0038I Mini branch and bound did not improve solution (0.02 seconds)
Cbc0038I After 0.02 seconds - Feasibility pump exiting with objective of 2.55894e+06 - took 0.02 seconds
Cbc0012I Integer solution of 2558939 found by feasibility pump after 0 iterations and 0 nodes (0.02 seconds)
Cbc0038I Full problem 113 rows 157 columns, reduced to 61 rows 102 columns
Cbc0031I 10 added rows had average density of 25.4
Cbc0013I At root node, 10 cuts changed objective from 2558610.9 to 2558869.9 in 82 passes
Cbc0014I Cut generator 0 (Probing) - 0 row cuts average 0.0 elements, 3 column cuts (3 active)  in 0.009 seconds - new frequency is 1
Cbc0014I Cut generator 1 (Gomory) - 146 row cuts average 35.7 elements, 0 column cuts (0 active)  in 0.010 seconds - new frequency is 1
Cbc0014I Cut generator 2 (Knapsack) - 0 row cuts average 0.0 elements, 0 column cuts (0 active)  in 0.013 seconds - new frequency is -100
Cbc0014I Cut generator 3 (Clique) - 0 row cuts average 0.0 elements, 0 column cuts (0 active)  in 0.000 seconds - new frequency is -100
Cbc0014I Cut generator 4 (MixedIntegerRounding2) - 1 row cuts average 4.0 elements, 0 column cuts (0 active)  in 0.006 seconds - new frequency is -100
Cbc0014I Cut generator 5 (FlowCover) - 0 row cuts average 0.0 elements, 0 column cuts (0 active)  in 0.013 seconds - new frequency is -100
Cbc0014I Cut generator 6 (TwoMirCuts) - 14 row cuts average 19.2 elements, 0 column cuts (0 active)  in 0.002 seconds - new frequency is -100
Cbc0016I Integer solution of 2558896.1 found by strong branching after 554 iterations and 0 nodes (0.13 seconds)
Cbc0001I Search completed - best objective 2558896.146289272, took 554 iterations and 0 nodes (0.13 seconds)
Cbc0032I Strong branching done 2 times (2 iterations), fathomed 1 nodes and fixed 0 variables
Cbc0035I Maximum depth 0, 0 variables fixed on reduced cost
Cuts at root node changed objective from 2.55861e+06 to 2.55891e+06
Probing was tried 82 times and created 3 cuts of which 0 were active after adding rounds of cuts (0.009 seconds)
Gomory was tried 82 times and created 146 cuts of which 0 were active after adding rounds of cuts (0.010 seconds)
Knapsack was tried 82 times and created 0 cuts of which 0 were active after adding rounds of cuts (0.013 seconds)
Clique was tried 82 times and created 0 cuts of which 0 were active after adding rounds of cuts (0.000 seconds)
MixedIntegerRounding2 was tried 82 times and created 1 cuts of which 0 were active after adding rounds of cuts (0.006 seconds)
FlowCover was tried 82 times and created 0 cuts of which 0 were active after adding rounds of cuts (0.013 seconds)
TwoMirCuts was tried 82 times and created 14 cuts of which 0 were active after adding rounds of cuts (0.002 seconds)
ZeroHalf was tried 1 times and created 0 cuts of which 0 were active after adding rounds of cuts (0.000 seconds)

Result - Optimal solution found

Objective value:                2558896.14628927
Enumerated nodes:               0
Total iterations:               554
Time (CPU seconds):             0.14
Time (Wallclock seconds):       0.14

Option for printingOptions changed from normal to all
Total time (CPU seconds):       0.17   (Wallclock seconds):       0.17

