Welcome to the CBC MILP Solver 
Version: 2.10.3 
Build Date: Dec 15 2019 

command line - E:\dachuang\.venv\Lib\site-packages\pulp\apis\../solverdir/cbc/win/i64/cbc.exe model.mps -primalTolerance 1e-9 -integerTolerance 1e-9 -ratioGap 0 -allowableGap 0 -threads 0 -branch -printingOptions all -solution solution.txt -saveSolution solution.bin -quit (default strategy 1)
At line 2 NAME          MODEL
At line 3 ROWS
At line 317 COLUMNS
At line 1133 RHS
At line 1446 BOUNDS
At line 1521 ENDATA
Problem MODEL has 312 rows, 241 columns and 647 elements
Coin0008I MODEL read with 0 errors
primalTolerance was changed from 1e-07 to 1e-09
integerTolerance was changed from 1e-07 to 1e-09
ratioGap was changed from 0 to 0
allowableGap was changed from 1e-10 to 0
Continuous objective value is 3.82031e+06 - 0.00 seconds
Cgl0004I processed model has 110 rows, 149 columns (24 integer (24 of which binary)) and 315 elements
Cbc0038I Initial state - 5 integers unsatisfied sum - 1.15528
Cbc0038I Pass   1: suminf.    0.00000 (0) obj. 3.843e+06 iterations 10
Cbc0038I Solution found of 3.843e+06
Cbc0038I Relaxing continuous gives 3.8429e+06
Cbc0038I Before mini branch and bound, 19 integers at bound fixed and 79 continuous
Cbc0038I Full problem 110 rows 149 columns, reduced to 6 rows 8 columns
Cbc0038I Mini branch and bound improved solution from 3.8429e+06 to 3.82055e+06 (0.01 seconds)
Cbc0038I Freeing continuous variables gives a solution of 3.82055e+06
Cbc0038I Round again with cutoff of 3.82052e+06
Cbc0038I Pass   2: suminf.    0.22917 (2) obj. 3.82052e+06 iterations 2
Cbc0038I Pass   3: suminf.    0.10017 (2) obj. 3.82052e+06 iterations 10
Cbc0038I Pass   4: suminf.    0.52059 (2) obj. 3.82052e+06 iterations 7
Cbc0038I Pass   5: suminf.    0.03591 (1) obj. 3.82052e+06 iterations 3
Cbc0038I Pass   6: suminf.    0.47941 (1) obj. 3.82052e+06 iterations 5
Cbc0038I Pass   7: suminf.    0.52059 (2) obj. 3.82052e+06 iterations 6
Cbc0038I Pass   8: suminf.    0.03591 (1) obj. 3.82052e+06 iterations 3
Cbc0038I Pass   9: suminf.    0.47941 (1) obj. 3.82052e+06 iterations 5
Cbc0038I Pass  10: suminf.    0.50591 (2) obj. 3.82052e+06 iterations 11
Cbc0038I Pass  11: suminf.    0.50591 (2) obj. 3.82052e+06 iterations 0
Cbc0038I Pass  12: suminf.    0.10017 (2) obj. 3.82052e+06 iterations 6
Cbc0038I Pass  13: suminf.    0.52059 (2) obj. 3.82052e+06 iterations 7
Cbc0038I Pass  14: suminf.    0.03591 (1) obj. 3.82052e+06 iterations 3
Cbc0038I Pass  15: suminf.    0.47941 (1) obj. 3.82052e+06 iterations 5
Cbc0038I Pass  16: suminf.    0.52059 (2) obj. 3.82052e+06 iterations 23
Cbc0038I Pass  17: suminf.    0.35391 (2) obj. 3.82052e+06 iterations 3
Cbc0038I Pass  18: suminf.    0.52059 (2) obj. 3.82052e+06 iterations 1
Cbc0038I Pass  19: suminf.    0.52059 (2) obj. 3.82052e+06 iterations 5
Cbc0038I Pass  20: suminf.    0.35391 (2) obj. 3.82052e+06 iterations 3
Cbc0038I Pass  21: suminf.    0.52059 (2) obj. 3.82052e+06 iterations 1
Cbc0038I Pass  22: suminf.    0.48291 (3) obj. 3.82052e+06 iterations 17
Cbc0038I Pass  23: suminf.    0.52059 (2) obj. 3.82052e+06 iterations 2
Cbc0038I Pass  24: suminf.    0.35391 (2) obj. 3.82052e+06 iterations 2
Cbc0038I Pass  25: suminf.    0.73259 (2) obj. 3.82052e+06 iterations 20
Cbc0038I Pass  26: suminf.    0.00000 (0) obj. 3.82052e+06 iterations 6
Cbc0038I Solution found of 3.82052e+06
Cbc0038I Relaxing continuous gives 3.82049e+06
Cbc0038I Before mini branch and bound, 4 integers at bound fixed and 63 continuous
Cbc0038I Full problem 110 rows 149 columns, reduced to 22 rows 29 columns
Cbc0038I Mini branch and bound did not improve solution (0.02 seconds)
Cbc0038I Round again with cutoff of 3.82045e+06
Cbc0038I Pass  27: suminf.    0.53661 (2) obj. 3.82045e+06 iterations 1
Cbc0038I Pass  28: suminf.    0.41928 (3) obj. 3.82045e+06 iterations 10
Cbc0038I Pass  29: suminf.    0.37656 (2) obj. 3.82045e+06 iterations 7
Cbc0038I Pass  30: suminf.    0.37656 (2) obj. 3.82045e+06 iterations 3
Cbc0038I Pass  31: suminf.    0.96592 (3) obj. 3.82045e+06 iterations 8
Cbc0038I Pass  32: suminf.    1.16456 (4) obj. 3.82045e+06 iterations 15
Cbc0038I Pass  33: suminf.    1.16456 (4) obj. 3.82045e+06 iterations 0
Cbc0038I Pass  34: suminf.    0.69456 (3) obj. 3.82045e+06 iterations 7
Cbc0038I Pass  35: suminf.    0.69456 (3) obj. 3.82045e+06 iterations 0
Cbc0038I Pass  36: suminf.    0.70994 (2) obj. 3.82045e+06 iterations 5
Cbc0038I Pass  37: suminf.    0.16456 (1) obj. 3.82045e+06 iterations 3
Cbc0038I Pass  38: suminf.    0.39194 (1) obj. 3.82045e+06 iterations 1
Cbc0038I Pass  39: suminf.    0.39194 (1) obj. 3.82045e+06 iterations 2
Cbc0038I Pass  40: suminf.    0.16456 (1) obj. 3.82045e+06 iterations 1
Cbc0038I Pass  41: suminf.    0.39194 (1) obj. 3.82045e+06 iterations 1
Cbc0038I Pass  42: suminf.    0.69456 (3) obj. 3.82045e+06 iterations 10
Cbc0038I Pass  43: suminf.    0.69456 (3) obj. 3.82045e+06 iterations 0
Cbc0038I Pass  44: suminf.    0.70994 (2) obj. 3.82045e+06 iterations 5
Cbc0038I Pass  45: suminf.    0.16456 (1) obj. 3.82045e+06 iterations 3
Cbc0038I Pass  46: suminf.    0.39194 (1) obj. 3.82045e+06 iterations 1
Cbc0038I Pass  47: suminf.    0.52094 (2) obj. 3.82045e+06 iterations 4
Cbc0038I Pass  48: suminf.    0.29356 (2) obj. 3.82045e+06 iterations 2
Cbc0038I Pass  49: suminf.    0.39194 (1) obj. 3.82045e+06 iterations 2
Cbc0038I Pass  50: suminf.    0.16456 (1) obj. 3.82045e+06 iterations 1
Cbc0038I Pass  51: suminf.    0.39194 (2) obj. 3.82045e+06 iterations 9
Cbc0038I Pass  52: suminf.    0.16456 (1) obj. 3.82045e+06 iterations 2
Cbc0038I Pass  53: suminf.    0.39194 (1) obj. 3.82045e+06 iterations 1
Cbc0038I Pass  54: suminf.    1.16456 (4) obj. 3.82045e+06 iterations 12
Cbc0038I Pass  55: suminf.    0.69456 (3) obj. 3.82045e+06 iterations 7
Cbc0038I Pass  56: suminf.    0.69456 (3) obj. 3.82045e+06 iterations 0
Cbc0038I No solution found this major pass
Cbc0038I Before mini branch and bound, 5 integers at bound fixed and 68 continuous
Cbc0038I Full problem 110 rows 149 columns, reduced to 18 rows 24 columns
Cbc0038I Mini branch and bound did not improve solution (0.04 seconds)
Cbc0038I After 0.04 seconds - Feasibility pump exiting with objective of 3.82049e+06 - took 0.03 seconds
Cbc0012I Integer solution of 3820486 found by feasibility pump after 0 iterations and 0 nodes (0.04 seconds)
Cbc0038I Full problem 110 rows 149 columns, reduced to 89 rows 125 columns - 3 fixed gives 80, 116 - ok now
Cbc0038I Full problem 110 rows 149 columns, reduced to 80 rows 116 columns
Cbc0031I 10 added rows had average density of 18.4
Cbc0013I At root node, 10 cuts changed objective from 3820313.6 to 3820481.1 in 100 passes
Cbc0014I Cut generator 0 (Probing) - 2 row cuts average 2.0 elements, 3 column cuts (3 active)  in 0.005 seconds - new frequency is 1
Cbc0014I Cut generator 1 (Gomory) - 236 row cuts average 29.9 elements, 0 column cuts (0 active)  in 0.009 seconds - new frequency is 1
Cbc0014I Cut generator 2 (Knapsack) - 0 row cuts average 0.0 elements, 0 column cuts (0 active)  in 0.011 seconds - new frequency is -100
Cbc0014I Cut generator 3 (Clique) - 0 row cuts average 0.0 elements, 0 column cuts (0 active)  in 0.001 seconds - new frequency is -100
Cbc0014I Cut generator 4 (MixedIntegerRounding2) - 2 row cuts average 4.0 elements, 0 column cuts (0 active)  in 0.006 seconds - new frequency is -100
Cbc0014I Cut generator 5 (FlowCover) - 0 row cuts average 0.0 elements, 0 column cuts (0 active)  in 0.017 seconds - new frequency is -100
Cbc0014I Cut generator 6 (TwoMirCuts) - 16 row cuts average 15.1 elements, 0 column cuts (0 active)  in 0.002 seconds - new frequency is -100
Cbc0001I Search completed - best objective 3820485.957249824, took 766 iterations and 0 nodes (0.15 seconds)
Cbc0032I Strong branching done 8 times (42 iterations), fathomed 1 nodes and fixed 0 variables
Cbc0035I Maximum depth 0, 0 variables fixed on reduced cost
Cuts at root node changed objective from 3.82031e+06 to 3.82049e+06
Probing was tried 100 times and created 5 cuts of which 0 were active after adding rounds of cuts (0.005 seconds)
Gomory was tried 100 times and created 236 cuts of which 0 were active after adding rounds of cuts (0.009 seconds)
Knapsack was tried 100 times and created 0 cuts of which 0 were active after adding rounds of cuts (0.011 seconds)
Clique was tried 100 times and created 0 cuts of which 0 were active after adding rounds of cuts (0.001 seconds)
MixedIntegerRounding2 was tried 100 times and created 2 cuts of which 0 were active after adding rounds of cuts (0.006 seconds)
FlowCover was tried 100 times and created 0 cuts of which 0 were active after adding rounds of cuts (0.017 seconds)
TwoMirCuts was tried 100 times and created 16 cuts of which 0 were active after adding rounds of cuts (0.002 seconds)
ZeroHalf was tried 1 times and created 0 cuts of which 0 were active after adding rounds of cuts (0.000 seconds)

Result - Optimal solution found

Objective value:                3820485.95724982
Enumerated nodes:               0
Total iterations:               766
Time (CPU seconds):             0.15
Time (Wallclock seconds):       0.15

Option for printingOptions changed from normal to all
Total time (CPU seconds):       0.18   (Wallclock seconds):       0.18

