Welcome to the CBC MILP Solver 
Version: 2.10.3 
Build Date: Dec 15 2019 

command line - E:\dachuang\.venv\Lib\site-packages\pulp\apis\../solverdir/cbc/win/i64/cbc.exe model.mps -primalTolerance 1e-9 -integerTolerance 1e-9 -ratioGap 0 -allowableGap 0 -threads 0 -branch -printingOptions all -solution solution.txt -saveSolution solution.bin -quit (default strategy 1)
At line 2 NAME          MODEL
At line 3 ROWS
At line 317 COLUMNS
At line 1133 RHS
At line 1446 BOUNDS
At line 1521 ENDATA
Problem MODEL has 312 rows, 241 columns and 647 elements
Coin0008I MODEL read with 0 errors
primalTolerance was changed from 1e-07 to 1e-09
integerTolerance was changed from 1e-07 to 1e-09
ratioGap was changed from 0 to 0
allowableGap was changed from 1e-10 to 0
Continuous objective value is 1.47026e+06 - 0.00 seconds
Cgl0004I processed model has 115 rows, 159 columns (24 integer (24 of which binary)) and 340 elements
Cbc0038I Initial state - 8 integers unsatisfied sum - 1.91903
Cbc0038I Pass   1: suminf.    0.00000 (0) obj. 1.56323e+06 iterations 19
Cbc0038I Solution found of 1.56323e+06
Cbc0038I Relaxing continuous gives 1.52468e+06
Cbc0038I Before mini branch and bound, 16 integers at bound fixed and 83 continuous
Cbc0038I Full problem 115 rows 159 columns, reduced to 5 rows 7 columns
Cbc0038I Mini branch and bound improved solution from 1.52468e+06 to 1.47049e+06 (0.01 seconds)
Cbc0038I Round again with cutoff of 1.47047e+06
Cbc0038I Pass   2: suminf.    0.67713 (4) obj. 1.47047e+06 iterations 10
Cbc0038I Pass   3: suminf.    0.10017 (1) obj. 1.47047e+06 iterations 14
Cbc0038I Pass   4: suminf.    0.47941 (1) obj. 1.47047e+06 iterations 4
Cbc0038I Pass   5: suminf.    0.00000 (0) obj. 1.47047e+06 iterations 4
Cbc0038I Solution found of 1.47047e+06
Cbc0038I Relaxing continuous gives 1.4704e+06
Cbc0038I Before mini branch and bound, 14 integers at bound fixed and 80 continuous
Cbc0038I Full problem 115 rows 159 columns, reduced to 18 rows 24 columns
Cbc0038I Mini branch and bound improved solution from 1.4704e+06 to 1.47038e+06 (0.02 seconds)
Cbc0038I Round again with cutoff of 1.47035e+06
Cbc0038I Pass   6: suminf.    1.16130 (5) obj. 1.47035e+06 iterations 4
Cbc0038I Pass   7: suminf.    0.21299 (2) obj. 1.47035e+06 iterations 14
Cbc0038I Pass   8: suminf.    0.21299 (2) obj. 1.47035e+06 iterations 0
Cbc0038I Pass   9: suminf.    0.41257 (1) obj. 1.47035e+06 iterations 6
Cbc0038I Pass  10: suminf.    0.10434 (1) obj. 1.47035e+06 iterations 1
Cbc0038I Pass  11: suminf.    0.10434 (1) obj. 1.47035e+06 iterations 9
Cbc0038I Pass  12: suminf.    0.41257 (1) obj. 1.47035e+06 iterations 1
Cbc0038I Pass  13: suminf.    0.10434 (1) obj. 1.47035e+06 iterations 1
Cbc0038I Pass  14: suminf.    0.68128 (4) obj. 1.47035e+06 iterations 12
Cbc0038I Pass  15: suminf.    0.36549 (3) obj. 1.47035e+06 iterations 1
Cbc0038I Pass  16: suminf.    0.41257 (1) obj. 1.47035e+06 iterations 7
Cbc0038I Pass  17: suminf.    0.10434 (1) obj. 1.47035e+06 iterations 1
Cbc0038I Pass  18: suminf.    0.85047 (3) obj. 1.47035e+06 iterations 10
Cbc0038I Pass  19: suminf.    0.11050 (2) obj. 1.47035e+06 iterations 8
Cbc0038I Pass  20: suminf.    0.61510 (2) obj. 1.47035e+06 iterations 6
Cbc0038I Pass  21: suminf.    1.01189 (4) obj. 1.47035e+06 iterations 12
Cbc0038I Pass  22: suminf.    0.83825 (2) obj. 1.47035e+06 iterations 4
Cbc0038I Pass  23: suminf.    0.58743 (2) obj. 1.47035e+06 iterations 2
Cbc0038I Pass  24: suminf.    0.88703 (3) obj. 1.47035e+06 iterations 20
Cbc0038I Pass  25: suminf.    0.88703 (3) obj. 1.47035e+06 iterations 1
Cbc0038I Pass  26: suminf.    0.83825 (2) obj. 1.47035e+06 iterations 6
Cbc0038I Pass  27: suminf.    0.58743 (2) obj. 1.47035e+06 iterations 2
Cbc0038I Pass  28: suminf.    0.83825 (2) obj. 1.47035e+06 iterations 1
Cbc0038I Pass  29: suminf.    1.47601 (5) obj. 1.47035e+06 iterations 12
Cbc0038I Pass  30: suminf.    1.01189 (4) obj. 1.47035e+06 iterations 3
Cbc0038I Pass  31: suminf.    0.73576 (2) obj. 1.47035e+06 iterations 5
Cbc0038I Pass  32: suminf.    0.58743 (2) obj. 1.47035e+06 iterations 5
Cbc0038I Pass  33: suminf.    1.33324 (6) obj. 1.47035e+06 iterations 21
Cbc0038I Pass  34: suminf.    1.02500 (6) obj. 1.47035e+06 iterations 3
Cbc0038I Pass  35: suminf.    0.41257 (1) obj. 1.47035e+06 iterations 7
Cbc0038I No solution found this major pass
Cbc0038I Before mini branch and bound, 2 integers at bound fixed and 67 continuous
Cbc0038I Full problem 115 rows 159 columns, reduced to 21 rows 28 columns
Cbc0038I Mini branch and bound did not improve solution (0.04 seconds)
Cbc0038I After 0.04 seconds - Feasibility pump exiting with objective of 1.47038e+06 - took 0.03 seconds
Cbc0012I Integer solution of 1470378.7 found by feasibility pump after 0 iterations and 0 nodes (0.04 seconds)
Cbc0038I Full problem 115 rows 159 columns, reduced to 75 rows 118 columns
Cbc0031I 6 added rows had average density of 13
Cbc0013I At root node, 6 cuts changed objective from 1470257.6 to 1470320.6 in 31 passes
Cbc0014I Cut generator 0 (Probing) - 3 row cuts average 2.7 elements, 3 column cuts (3 active)  in 0.003 seconds - new frequency is 1
Cbc0014I Cut generator 1 (Gomory) - 73 row cuts average 28.3 elements, 0 column cuts (0 active)  in 0.006 seconds - new frequency is 1
Cbc0014I Cut generator 2 (Knapsack) - 0 row cuts average 0.0 elements, 0 column cuts (0 active)  in 0.004 seconds - new frequency is -100
Cbc0014I Cut generator 3 (Clique) - 0 row cuts average 0.0 elements, 0 column cuts (0 active)  in 0.000 seconds - new frequency is -100
Cbc0014I Cut generator 4 (MixedIntegerRounding2) - 4 row cuts average 4.8 elements, 0 column cuts (0 active)  in 0.000 seconds - new frequency is -100
Cbc0014I Cut generator 5 (FlowCover) - 1 row cuts average 2.0 elements, 0 column cuts (0 active)  in 0.005 seconds - new frequency is -100
Cbc0014I Cut generator 6 (TwoMirCuts) - 17 row cuts average 11.6 elements, 0 column cuts (0 active)  in 0.001 seconds - new frequency is -100
Cbc0010I After 0 nodes, 1 on tree, 1470378.7 best solution, best possible 1470320.6 (0.09 seconds)
Cbc0001I Search completed - best objective 1470378.721856721, took 262 iterations and 16 nodes (0.11 seconds)
Cbc0032I Strong branching done 46 times (113 iterations), fathomed 8 nodes and fixed 1 variables
Cbc0035I Maximum depth 3, 1 variables fixed on reduced cost
Cuts at root node changed objective from 1.47026e+06 to 1.47032e+06
Probing was tried 59 times and created 7 cuts of which 0 were active after adding rounds of cuts (0.003 seconds)
Gomory was tried 59 times and created 85 cuts of which 0 were active after adding rounds of cuts (0.007 seconds)
Knapsack was tried 31 times and created 0 cuts of which 0 were active after adding rounds of cuts (0.004 seconds)
Clique was tried 31 times and created 0 cuts of which 0 were active after adding rounds of cuts (0.000 seconds)
MixedIntegerRounding2 was tried 31 times and created 4 cuts of which 0 were active after adding rounds of cuts (0.000 seconds)
FlowCover was tried 31 times and created 1 cuts of which 0 were active after adding rounds of cuts (0.005 seconds)
TwoMirCuts was tried 31 times and created 17 cuts of which 0 were active after adding rounds of cuts (0.001 seconds)
ZeroHalf was tried 1 times and created 0 cuts of which 0 were active after adding rounds of cuts (0.000 seconds)

Result - Optimal solution found

Objective value:                1470378.72185672
Enumerated nodes:               16
Total iterations:               262
Time (CPU seconds):             0.12
Time (Wallclock seconds):       0.12

Option for printingOptions changed from normal to all
Total time (CPU seconds):       0.15   (Wallclock seconds):       0.15

