Welcome to the CBC MILP Solver 
Version: 2.10.3 
Build Date: Dec 15 2019 

command line - E:\dachuang\.venv\Lib\site-packages\pulp\apis\../solverdir/cbc/win/i64/cbc.exe model.mps -primalTolerance 1e-9 -integerTolerance 1e-9 -ratioGap 0 -allowableGap 0 -threads 0 -branch -printingOptions all -solution solution.txt -saveSolution solution.bin -quit (default strategy 1)
At line 2 NAME          MODEL
At line 3 ROWS
At line 317 COLUMNS
At line 1133 RHS
At line 1446 BOUNDS
At line 1521 ENDATA
Problem MODEL has 312 rows, 241 columns and 647 elements
Coin0008I MODEL read with 0 errors
primalTolerance was changed from 1e-07 to 1e-09
integerTolerance was changed from 1e-07 to 1e-09
ratioGap was changed from 0 to 0
allowableGap was changed from 1e-10 to 0
Continuous objective value is 718124 - 0.00 seconds
Cgl0004I processed model has 117 rows, 165 columns (24 integer (24 of which binary)) and 352 elements
Cbc0038I Initial state - 5 integers unsatisfied sum - 1.50066
Cbc0038I Pass   1: suminf.    0.00000 (0) obj. 718466 iterations 12
Cbc0038I Solution found of 718466
Cbc0038I Relaxing continuous gives 718466
Cbc0038I Before mini branch and bound, 19 integers at bound fixed and 89 continuous
Cbc0038I Full problem 117 rows 165 columns, reduced to 4 rows 4 columns
Cbc0038I Mini branch and bound did not improve solution (0.01 seconds)
Cbc0038I Round again with cutoff of 718432
Cbc0038I Pass   2: suminf.    0.14761 (1) obj. 718432 iterations 2
Cbc0038I Pass   3: suminf.    0.00000 (0) obj. 718432 iterations 5
Cbc0038I Solution found of 718432
Cbc0038I Relaxing continuous gives 718306
Cbc0038I Before mini branch and bound, 18 integers at bound fixed and 83 continuous
Cbc0038I Full problem 117 rows 165 columns, reduced to 15 rows 20 columns
Cbc0038I Mini branch and bound improved solution from 718306 to 718174 (0.02 seconds)
Cbc0038I Round again with cutoff of 718164
Cbc0038I Pass   4: suminf.    0.64730 (4) obj. 718164 iterations 6
Cbc0038I Pass   5: suminf.    0.64730 (3) obj. 718164 iterations 2
Cbc0038I Pass   6: suminf.    0.32706 (2) obj. 718164 iterations 8
Cbc0038I Pass   7: suminf.    0.30830 (3) obj. 718164 iterations 2
Cbc0038I Pass   8: suminf.    0.81159 (3) obj. 718164 iterations 6
Cbc0038I Pass   9: suminf.    0.81159 (3) obj. 718164 iterations 3
Cbc0038I Pass  10: suminf.    0.65393 (3) obj. 718164 iterations 7
Cbc0038I Pass  11: suminf.    0.64730 (3) obj. 718164 iterations 2
Cbc0038I Pass  12: suminf.    0.32706 (2) obj. 718164 iterations 2
Cbc0038I Pass  13: suminf.    0.30830 (3) obj. 718164 iterations 2
Cbc0038I Pass  14: suminf.    0.81159 (3) obj. 718164 iterations 6
Cbc0038I Pass  15: suminf.    0.81159 (3) obj. 718164 iterations 3
Cbc0038I Pass  16: suminf.    0.65393 (3) obj. 718164 iterations 7
Cbc0038I Pass  17: suminf.    0.64730 (3) obj. 718164 iterations 2
Cbc0038I Pass  18: suminf.    0.32706 (2) obj. 718164 iterations 2
Cbc0038I Pass  19: suminf.    0.30830 (3) obj. 718164 iterations 2
Cbc0038I Pass  20: suminf.    0.81159 (3) obj. 718164 iterations 6
Cbc0038I Pass  21: suminf.    0.81159 (3) obj. 718164 iterations 3
Cbc0038I Pass  22: suminf.    0.65393 (3) obj. 718164 iterations 7
Cbc0038I Pass  23: suminf.    0.64730 (3) obj. 718164 iterations 2
Cbc0038I Pass  24: suminf.    0.32706 (2) obj. 718164 iterations 2
Cbc0038I Pass  25: suminf.    0.30830 (3) obj. 718164 iterations 2
Cbc0038I Pass  26: suminf.    0.81159 (3) obj. 718164 iterations 6
Cbc0038I Pass  27: suminf.    0.81159 (3) obj. 718164 iterations 3
Cbc0038I Pass  28: suminf.    0.65393 (3) obj. 718164 iterations 7
Cbc0038I Pass  29: suminf.    0.64730 (3) obj. 718164 iterations 2
Cbc0038I Pass  30: suminf.    0.32706 (2) obj. 718164 iterations 2
Cbc0038I Pass  31: suminf.    0.30830 (3) obj. 718164 iterations 2
Cbc0038I Pass  32: suminf.    0.81159 (3) obj. 718164 iterations 6
Cbc0038I Pass  33: suminf.    0.81159 (3) obj. 718164 iterations 3
Cbc0038I No solution found this major pass
Cbc0038I Before mini branch and bound, 17 integers at bound fixed and 81 continuous
Cbc0038I Full problem 117 rows 165 columns, reduced to 18 rows 24 columns
Cbc0038I Mini branch and bound did not improve solution (0.03 seconds)
Cbc0038I After 0.03 seconds - Feasibility pump exiting with objective of 718174 - took 0.02 seconds
Cbc0012I Integer solution of 718174.05 found by feasibility pump after 0 iterations and 0 nodes (0.03 seconds)
Cbc0038I Full problem 117 rows 165 columns, reduced to 64 rows 112 columns
Cbc0031I 4 added rows had average density of 9.75
Cbc0013I At root node, 4 cuts changed objective from 718123.67 to 718149.72 in 10 passes
Cbc0014I Cut generator 0 (Probing) - 3 row cuts average 2.7 elements, 3 column cuts (3 active)  in 0.000 seconds - new frequency is 1
Cbc0014I Cut generator 1 (Gomory) - 26 row cuts average 17.2 elements, 0 column cuts (0 active)  in 0.003 seconds - new frequency is 1
Cbc0014I Cut generator 2 (Knapsack) - 0 row cuts average 0.0 elements, 0 column cuts (0 active)  in 0.000 seconds - new frequency is -100
Cbc0014I Cut generator 3 (Clique) - 0 row cuts average 0.0 elements, 0 column cuts (0 active)  in 0.000 seconds - new frequency is -100
Cbc0014I Cut generator 4 (MixedIntegerRounding2) - 6 row cuts average 7.8 elements, 0 column cuts (0 active)  in 0.001 seconds - new frequency is 1
Cbc0014I Cut generator 5 (FlowCover) - 0 row cuts average 0.0 elements, 0 column cuts (0 active)  in 0.001 seconds - new frequency is -100
Cbc0014I Cut generator 6 (TwoMirCuts) - 15 row cuts average 12.0 elements, 0 column cuts (0 active)  in 0.000 seconds - new frequency is -100
Cbc0010I After 0 nodes, 1 on tree, 718174.05 best solution, best possible 718149.72 (0.05 seconds)
Cbc0001I Search completed - best objective 718174.0467500006, took 141 iterations and 8 nodes (0.06 seconds)
Cbc0032I Strong branching done 26 times (66 iterations), fathomed 3 nodes and fixed 3 variables
Cbc0035I Maximum depth 2, 0 variables fixed on reduced cost
Cuts at root node changed objective from 718124 to 718150
Probing was tried 20 times and created 8 cuts of which 0 were active after adding rounds of cuts (0.001 seconds)
Gomory was tried 20 times and created 34 cuts of which 0 were active after adding rounds of cuts (0.004 seconds)
Knapsack was tried 10 times and created 0 cuts of which 0 were active after adding rounds of cuts (0.000 seconds)
Clique was tried 10 times and created 0 cuts of which 0 were active after adding rounds of cuts (0.000 seconds)
MixedIntegerRounding2 was tried 20 times and created 8 cuts of which 0 were active after adding rounds of cuts (0.003 seconds)
FlowCover was tried 10 times and created 0 cuts of which 0 were active after adding rounds of cuts (0.001 seconds)
TwoMirCuts was tried 10 times and created 15 cuts of which 0 were active after adding rounds of cuts (0.000 seconds)
ZeroHalf was tried 1 times and created 0 cuts of which 0 were active after adding rounds of cuts (0.000 seconds)

Result - Optimal solution found

Objective value:                718174.04675000
Enumerated nodes:               8
Total iterations:               141
Time (CPU seconds):             0.07
Time (Wallclock seconds):       0.07

Option for printingOptions changed from normal to all
Total time (CPU seconds):       0.09   (Wallclock seconds):       0.09

