Welcome to the CBC MILP Solver 
Version: 2.10.3 
Build Date: Dec 15 2019 

command line - E:\dachuang\.venv\Lib\site-packages\pulp\apis\../solverdir/cbc/win/i64/cbc.exe model.mps -primalTolerance 1e-9 -integerTolerance 1e-9 -ratioGap 0 -allowableGap 0 -threads 0 -branch -printingOptions all -solution solution.txt -saveSolution solution.bin -quit (default strategy 1)
At line 2 NAME          MODEL
At line 3 ROWS
At line 317 COLUMNS
At line 1133 RHS
At line 1446 BOUNDS
At line 1521 ENDATA
Problem MODEL has 312 rows, 241 columns and 647 elements
Coin0008I MODEL read with 0 errors
primalTolerance was changed from 1e-07 to 1e-09
integerTolerance was changed from 1e-07 to 1e-09
ratioGap was changed from 0 to 0
allowableGap was changed from 1e-10 to 0
Continuous objective value is 1.97628e+06 - 0.00 seconds
Cgl0004I processed model has 113 rows, 153 columns (24 integer (24 of which binary)) and 328 elements
Cbc0038I Initial state - 7 integers unsatisfied sum - 1.87895
Cbc0038I Pass   1: suminf.    0.00000 (0) obj. 1.98745e+06 iterations 14
Cbc0038I Solution found of 1.98745e+06
Cbc0038I Relaxing continuous gives 1.98745e+06
Cbc0038I Before mini branch and bound, 17 integers at bound fixed and 85 continuous
Cbc0038I Full problem 113 rows 153 columns, reduced to 6 rows 8 columns
Cbc0038I Mini branch and bound improved solution from 1.98745e+06 to 1.97662e+06 (0.01 seconds)
Cbc0038I Round again with cutoff of 1.97658e+06
Cbc0038I Pass   2: suminf.    0.21011 (2) obj. 1.97658e+06 iterations 4
Cbc0038I Pass   3: suminf.    0.00000 (0) obj. 1.97658e+06 iterations 12
Cbc0038I Solution found of 1.97658e+06
Cbc0038I Relaxing continuous gives 1.9765e+06
Cbc0038I Before mini branch and bound, 16 integers at bound fixed and 81 continuous
Cbc0038I Full problem 113 rows 153 columns, reduced to 17 rows 22 columns
Cbc0038I Mini branch and bound improved solution from 1.9765e+06 to 1.97641e+06 (0.01 seconds)
Cbc0038I Round again with cutoff of 1.97638e+06
Cbc0038I Pass   4: suminf.    0.57499 (3) obj. 1.97638e+06 iterations 2
Cbc0038I Pass   5: suminf.    0.57124 (3) obj. 1.97638e+06 iterations 2
Cbc0038I Pass   6: suminf.    0.01721 (1) obj. 1.97638e+06 iterations 7
Cbc0038I Pass   7: suminf.    0.09047 (1) obj. 1.97638e+06 iterations 4
Cbc0038I Pass   8: suminf.    0.49553 (3) obj. 1.97638e+06 iterations 7
Cbc0038I Pass   9: suminf.    0.49553 (3) obj. 1.97638e+06 iterations 1
Cbc0038I Pass  10: suminf.    0.83253 (3) obj. 1.97638e+06 iterations 7
Cbc0038I Pass  11: suminf.    0.53721 (2) obj. 1.97638e+06 iterations 1
Cbc0038I Pass  12: suminf.    0.53721 (2) obj. 1.97638e+06 iterations 1
Cbc0038I Pass  13: suminf.    0.09047 (1) obj. 1.97638e+06 iterations 2
Cbc0038I Pass  14: suminf.    0.01721 (1) obj. 1.97638e+06 iterations 1
Cbc0038I Pass  15: suminf.    0.33300 (2) obj. 1.97638e+06 iterations 11
Cbc0038I Pass  16: suminf.    0.01721 (1) obj. 1.97638e+06 iterations 1
Cbc0038I Pass  17: suminf.    0.09047 (1) obj. 1.97638e+06 iterations 4
Cbc0038I Pass  18: suminf.    1.11789 (4) obj. 1.97638e+06 iterations 17
Cbc0038I Pass  19: suminf.    0.09047 (1) obj. 1.97638e+06 iterations 5
Cbc0038I Pass  20: suminf.    0.01721 (1) obj. 1.97638e+06 iterations 4
Cbc0038I Pass  21: suminf.    0.09047 (1) obj. 1.97638e+06 iterations 2
Cbc0038I Pass  22: suminf.    0.55803 (4) obj. 1.97638e+06 iterations 21
Cbc0038I Pass  23: suminf.    0.83253 (3) obj. 1.97638e+06 iterations 10
Cbc0038I Pass  24: suminf.    0.53721 (2) obj. 1.97638e+06 iterations 1
Cbc0038I Pass  25: suminf.    0.53721 (2) obj. 1.97638e+06 iterations 1
Cbc0038I Pass  26: suminf.    0.09047 (1) obj. 1.97638e+06 iterations 2
Cbc0038I Pass  27: suminf.    0.01721 (1) obj. 1.97638e+06 iterations 1
Cbc0038I Pass  28: suminf.    1.39603 (6) obj. 1.97638e+06 iterations 24
Cbc0038I Pass  29: suminf.    1.08024 (5) obj. 1.97638e+06 iterations 1
Cbc0038I Pass  30: suminf.    0.49553 (2) obj. 1.97638e+06 iterations 8
Cbc0038I Pass  31: suminf.    0.49553 (2) obj. 1.97638e+06 iterations 0
Cbc0038I Pass  32: suminf.    0.53721 (2) obj. 1.97638e+06 iterations 5
Cbc0038I Pass  33: suminf.    0.11595 (2) obj. 1.97638e+06 iterations 3
Cbc0038I No solution found this major pass
Cbc0038I Before mini branch and bound, 6 integers at bound fixed and 65 continuous
Cbc0038I Full problem 113 rows 153 columns, reduced to 23 rows 30 columns
Cbc0038I Mini branch and bound improved solution from 1.97641e+06 to 1.97639e+06 (0.03 seconds)
Cbc0038I Round again with cutoff of 1.97635e+06
Cbc0038I Pass  33: suminf.    0.72376 (4) obj. 1.97635e+06 iterations 1
Cbc0038I Pass  34: suminf.    0.72376 (4) obj. 1.97635e+06 iterations 2
Cbc0038I Pass  35: suminf.    0.67487 (2) obj. 1.97635e+06 iterations 11
Cbc0038I Pass  36: suminf.    0.16598 (2) obj. 1.97635e+06 iterations 3
Cbc0038I Pass  37: suminf.    0.15487 (2) obj. 1.97635e+06 iterations 2
Cbc0038I Pass  38: suminf.    0.64805 (3) obj. 1.97635e+06 iterations 12
Cbc0038I Pass  39: suminf.    0.64805 (3) obj. 1.97635e+06 iterations 1
Cbc0038I Pass  40: suminf.    0.98505 (3) obj. 1.97635e+06 iterations 7
Cbc0038I Pass  41: suminf.    0.67487 (2) obj. 1.97635e+06 iterations 1
Cbc0038I Pass  42: suminf.    0.67487 (2) obj. 1.97635e+06 iterations 1
Cbc0038I Pass  43: suminf.    0.16598 (2) obj. 1.97635e+06 iterations 3
Cbc0038I Pass  44: suminf.    0.15487 (2) obj. 1.97635e+06 iterations 2
Cbc0038I Pass  45: suminf.    0.64805 (3) obj. 1.97635e+06 iterations 12
Cbc0038I Pass  46: suminf.    0.64805 (3) obj. 1.97635e+06 iterations 1
Cbc0038I Pass  47: suminf.    0.98505 (3) obj. 1.97635e+06 iterations 7
Cbc0038I Pass  48: suminf.    0.67487 (2) obj. 1.97635e+06 iterations 1
Cbc0038I Pass  49: suminf.    0.67487 (2) obj. 1.97635e+06 iterations 1
Cbc0038I Pass  50: suminf.    0.16598 (2) obj. 1.97635e+06 iterations 3
Cbc0038I Pass  51: suminf.    0.15487 (2) obj. 1.97635e+06 iterations 2
Cbc0038I Pass  52: suminf.    0.64805 (3) obj. 1.97635e+06 iterations 12
Cbc0038I Pass  53: suminf.    0.64805 (3) obj. 1.97635e+06 iterations 1
Cbc0038I Pass  54: suminf.    0.98505 (3) obj. 1.97635e+06 iterations 7
Cbc0038I Pass  55: suminf.    0.67487 (2) obj. 1.97635e+06 iterations 1
Cbc0038I Pass  56: suminf.    0.67487 (2) obj. 1.97635e+06 iterations 1
Cbc0038I Pass  57: suminf.    0.16598 (2) obj. 1.97635e+06 iterations 3
Cbc0038I Pass  58: suminf.    0.15487 (2) obj. 1.97635e+06 iterations 2
Cbc0038I Pass  59: suminf.    0.64805 (3) obj. 1.97635e+06 iterations 12
Cbc0038I Pass  60: suminf.    0.64805 (3) obj. 1.97635e+06 iterations 1
Cbc0038I Pass  61: suminf.    0.98505 (3) obj. 1.97635e+06 iterations 7
Cbc0038I Pass  62: suminf.    0.67487 (2) obj. 1.97635e+06 iterations 1
Cbc0038I No solution found this major pass
Cbc0038I Before mini branch and bound, 15 integers at bound fixed and 80 continuous
Cbc0038I Full problem 113 rows 153 columns, reduced to 20 rows 26 columns
Cbc0038I Mini branch and bound did not improve solution (0.04 seconds)
Cbc0038I After 0.04 seconds - Feasibility pump exiting with objective of 1.97639e+06 - took 0.04 seconds
Cbc0012I Integer solution of 1976386.7 found by feasibility pump after 0 iterations and 0 nodes (0.04 seconds)
Cbc0038I Full problem 113 rows 153 columns, reduced to 70 rows 107 columns
Cbc0031I 7 added rows had average density of 27.571429
Cbc0013I At root node, 7 cuts changed objective from 1976276.2 to 1976377.8 in 100 passes
Cbc0014I Cut generator 0 (Probing) - 8 row cuts average 2.0 elements, 4 column cuts (4 active)  in 0.012 seconds - new frequency is 1
Cbc0014I Cut generator 1 (Gomory) - 226 row cuts average 35.2 elements, 0 column cuts (0 active)  in 0.006 seconds - new frequency is 1
Cbc0014I Cut generator 2 (Knapsack) - 0 row cuts average 0.0 elements, 0 column cuts (0 active)  in 0.014 seconds - new frequency is -100
Cbc0014I Cut generator 3 (Clique) - 0 row cuts average 0.0 elements, 0 column cuts (0 active)  in 0.001 seconds - new frequency is -100
Cbc0014I Cut generator 4 (MixedIntegerRounding2) - 2 row cuts average 4.0 elements, 0 column cuts (0 active)  in 0.008 seconds - new frequency is -100
Cbc0014I Cut generator 5 (FlowCover) - 0 row cuts average 0.0 elements, 0 column cuts (0 active)  in 0.012 seconds - new frequency is -100
Cbc0014I Cut generator 6 (TwoMirCuts) - 19 row cuts average 14.0 elements, 0 column cuts (0 active)  in 0.005 seconds - new frequency is -100
Cbc0010I After 0 nodes, 1 on tree, 1976386.7 best solution, best possible 1976377.8 (0.17 seconds)
Cbc0001I Search completed - best objective 1976386.687759483, took 665 iterations and 4 nodes (0.17 seconds)
Cbc0032I Strong branching done 12 times (55 iterations), fathomed 1 nodes and fixed 2 variables
Cbc0035I Maximum depth 1, 0 variables fixed on reduced cost
Cuts at root node changed objective from 1.97628e+06 to 1.97638e+06
Probing was tried 107 times and created 16 cuts of which 0 were active after adding rounds of cuts (0.012 seconds)
Gomory was tried 106 times and created 232 cuts of which 0 were active after adding rounds of cuts (0.006 seconds)
Knapsack was tried 100 times and created 0 cuts of which 0 were active after adding rounds of cuts (0.014 seconds)
Clique was tried 100 times and created 0 cuts of which 0 were active after adding rounds of cuts (0.001 seconds)
MixedIntegerRounding2 was tried 100 times and created 2 cuts of which 0 were active after adding rounds of cuts (0.008 seconds)
FlowCover was tried 100 times and created 0 cuts of which 0 were active after adding rounds of cuts (0.012 seconds)
TwoMirCuts was tried 100 times and created 19 cuts of which 0 were active after adding rounds of cuts (0.005 seconds)
ZeroHalf was tried 1 times and created 0 cuts of which 0 were active after adding rounds of cuts (0.000 seconds)

Result - Optimal solution found

Objective value:                1976386.68775948
Enumerated nodes:               4
Total iterations:               665
Time (CPU seconds):             0.18
Time (Wallclock seconds):       0.18

Option for printingOptions changed from normal to all
Total time (CPU seconds):       0.36   (Wallclock seconds):       0.37

