Welcome to the CBC MILP Solver 
Version: 2.10.3 
Build Date: Dec 15 2019 

command line - E:\dachuang\.venv\Lib\site-packages\pulp\apis\../solverdir/cbc/win/i64/cbc.exe model.mps -primalTolerance 1e-9 -integerTolerance 1e-9 -ratioGap 0 -allowableGap 0 -threads 0 -branch -printingOptions all -solution solution.txt -saveSolution solution.bin -quit (default strategy 1)
At line 2 NAME          MODEL
At line 3 ROWS
At line 317 COLUMNS
At line 1133 RHS
At line 1446 BOUNDS
At line 1521 ENDATA
Problem MODEL has 312 rows, 241 columns and 647 elements
Coin0008I MODEL read with 0 errors
primalTolerance was changed from 1e-07 to 1e-09
integerTolerance was changed from 1e-07 to 1e-09
ratioGap was changed from 0 to 0
allowableGap was changed from 1e-10 to 0
Continuous objective value is 1.16626e+06 - 0.00 seconds
Cgl0004I processed model has 114 rows, 159 columns (24 integer (24 of which binary)) and 337 elements
Cbc0038I Initial state - 10 integers unsatisfied sum - 3.04245
Cbc0038I Pass   1: suminf.    0.00000 (0) obj. 1.17407e+06 iterations 16
Cbc0038I Solution found of 1.17407e+06
Cbc0038I Relaxing continuous gives 1.17133e+06
Cbc0038I Before mini branch and bound, 14 integers at bound fixed and 86 continuous
Cbc0038I Full problem 114 rows 159 columns, reduced to 6 rows 7 columns
Cbc0038I Mini branch and bound improved solution from 1.17133e+06 to 1.1666e+06 (0.01 seconds)
Cbc0038I Round again with cutoff of 1.16657e+06
Cbc0038I Pass   2: suminf.    0.39661 (2) obj. 1.16657e+06 iterations 3
Cbc0038I Pass   3: suminf.    0.00000 (0) obj. 1.16657e+06 iterations 8
Cbc0038I Solution found of 1.16657e+06
Cbc0038I Relaxing continuous gives 1.16648e+06
Cbc0038I Before mini branch and bound, 13 integers at bound fixed and 82 continuous
Cbc0038I Full problem 114 rows 159 columns, reduced to 18 rows 22 columns
Cbc0038I Mini branch and bound improved solution from 1.16648e+06 to 1.16638e+06 (0.01 seconds)
Cbc0038I Freeing continuous variables gives a solution of 1.16638e+06
Cbc0038I Round again with cutoff of 1.16636e+06
Cbc0038I Pass   4: suminf.    0.81870 (4) obj. 1.16636e+06 iterations 4
Cbc0038I Pass   5: suminf.    0.81870 (4) obj. 1.16636e+06 iterations 5
Cbc0038I Pass   6: suminf.    0.31572 (3) obj. 1.16636e+06 iterations 18
Cbc0038I Pass   7: suminf.    0.04472 (2) obj. 1.16636e+06 iterations 1
Cbc0038I Pass   8: suminf.    0.52600 (4) obj. 1.16636e+06 iterations 11
Cbc0038I Pass   9: suminf.    0.52600 (4) obj. 1.16636e+06 iterations 1
Cbc0038I Pass  10: suminf.    0.43528 (2) obj. 1.16636e+06 iterations 10
Cbc0038I Pass  11: suminf.    0.16759 (2) obj. 1.16636e+06 iterations 5
Cbc0038I Pass  12: suminf.    0.04472 (2) obj. 1.16636e+06 iterations 9
Cbc0038I Pass  13: suminf.    0.52600 (4) obj. 1.16636e+06 iterations 10
Cbc0038I Pass  14: suminf.    0.52600 (4) obj. 1.16636e+06 iterations 1
Cbc0038I Pass  15: suminf.    0.43528 (2) obj. 1.16636e+06 iterations 10
Cbc0038I Pass  16: suminf.    0.16759 (2) obj. 1.16636e+06 iterations 5
Cbc0038I Pass  17: suminf.    0.04472 (2) obj. 1.16636e+06 iterations 6
Cbc0038I Pass  18: suminf.    0.52600 (4) obj. 1.16636e+06 iterations 10
Cbc0038I Pass  19: suminf.    0.52600 (4) obj. 1.16636e+06 iterations 1
Cbc0038I Pass  20: suminf.    0.43528 (2) obj. 1.16636e+06 iterations 10
Cbc0038I Pass  21: suminf.    0.16759 (2) obj. 1.16636e+06 iterations 5
Cbc0038I Pass  22: suminf.    0.04472 (2) obj. 1.16636e+06 iterations 6
Cbc0038I Pass  23: suminf.    0.52600 (4) obj. 1.16636e+06 iterations 10
Cbc0038I Pass  24: suminf.    0.52600 (4) obj. 1.16636e+06 iterations 1
Cbc0038I Pass  25: suminf.    0.43528 (2) obj. 1.16636e+06 iterations 10
Cbc0038I Pass  26: suminf.    0.16759 (2) obj. 1.16636e+06 iterations 5
Cbc0038I Pass  27: suminf.    0.04472 (2) obj. 1.16636e+06 iterations 6
Cbc0038I Pass  28: suminf.    0.52600 (4) obj. 1.16636e+06 iterations 10
Cbc0038I Pass  29: suminf.    0.52600 (4) obj. 1.16636e+06 iterations 1
Cbc0038I Pass  30: suminf.    0.43528 (2) obj. 1.16636e+06 iterations 10
Cbc0038I Pass  31: suminf.    0.16759 (2) obj. 1.16636e+06 iterations 5
Cbc0038I Pass  32: suminf.    0.04472 (2) obj. 1.16636e+06 iterations 6
Cbc0038I Pass  33: suminf.    0.52600 (4) obj. 1.16636e+06 iterations 10
Cbc0038I No solution found this major pass
Cbc0038I Before mini branch and bound, 11 integers at bound fixed and 77 continuous
Cbc0038I Full problem 114 rows 159 columns, reduced to 21 rows 28 columns
Cbc0038I Mini branch and bound improved solution from 1.16638e+06 to 1.16637e+06 (0.03 seconds)
Cbc0038I Round again with cutoff of 1.16633e+06
Cbc0038I Pass  33: suminf.    0.96208 (4) obj. 1.16633e+06 iterations 0
Cbc0038I Pass  34: suminf.    0.96208 (5) obj. 1.16633e+06 iterations 5
Cbc0038I Pass  35: suminf.    0.32082 (2) obj. 1.16633e+06 iterations 16
Cbc0038I Pass  36: suminf.    0.31097 (2) obj. 1.16633e+06 iterations 3
Cbc0038I Pass  37: suminf.    0.17412 (2) obj. 1.16633e+06 iterations 4
Cbc0038I Pass  38: suminf.    0.66939 (4) obj. 1.16633e+06 iterations 11
Cbc0038I Pass  39: suminf.    0.66939 (4) obj. 1.16633e+06 iterations 1
Cbc0038I Pass  40: suminf.    0.32082 (3) obj. 1.16633e+06 iterations 9
Cbc0038I Pass  41: suminf.    0.31097 (2) obj. 1.16633e+06 iterations 3
Cbc0038I Pass  42: suminf.    0.17412 (2) obj. 1.16633e+06 iterations 4
Cbc0038I Pass  43: suminf.    0.66939 (4) obj. 1.16633e+06 iterations 10
Cbc0038I Pass  44: suminf.    0.66939 (4) obj. 1.16633e+06 iterations 1
Cbc0038I Pass  45: suminf.    0.32082 (3) obj. 1.16633e+06 iterations 9
Cbc0038I Pass  46: suminf.    0.31097 (2) obj. 1.16633e+06 iterations 3
Cbc0038I Pass  47: suminf.    0.17412 (2) obj. 1.16633e+06 iterations 4
Cbc0038I Pass  48: suminf.    0.66939 (4) obj. 1.16633e+06 iterations 10
Cbc0038I Pass  49: suminf.    0.66939 (4) obj. 1.16633e+06 iterations 1
Cbc0038I Pass  50: suminf.    0.32082 (3) obj. 1.16633e+06 iterations 9
Cbc0038I Pass  51: suminf.    0.31097 (2) obj. 1.16633e+06 iterations 3
Cbc0038I Pass  52: suminf.    0.17412 (2) obj. 1.16633e+06 iterations 4
Cbc0038I Pass  53: suminf.    0.66939 (4) obj. 1.16633e+06 iterations 10
Cbc0038I Pass  54: suminf.    0.66939 (4) obj. 1.16633e+06 iterations 1
Cbc0038I Pass  55: suminf.    0.32082 (3) obj. 1.16633e+06 iterations 9
Cbc0038I Pass  56: suminf.    0.31097 (2) obj. 1.16633e+06 iterations 3
Cbc0038I Pass  57: suminf.    0.17412 (2) obj. 1.16633e+06 iterations 4
Cbc0038I Pass  58: suminf.    0.66939 (4) obj. 1.16633e+06 iterations 10
Cbc0038I Pass  59: suminf.    0.66939 (4) obj. 1.16633e+06 iterations 1
Cbc0038I Pass  60: suminf.    0.32082 (3) obj. 1.16633e+06 iterations 9
Cbc0038I Pass  61: suminf.    0.31097 (2) obj. 1.16633e+06 iterations 3
Cbc0038I Pass  62: suminf.    0.17412 (2) obj. 1.16633e+06 iterations 4
Cbc0038I No solution found this major pass
Cbc0038I Before mini branch and bound, 11 integers at bound fixed and 78 continuous
Cbc0038I Full problem 114 rows 159 columns, reduced to 21 rows 27 columns
Cbc0038I Mini branch and bound did not improve solution (0.05 seconds)
Cbc0038I After 0.05 seconds - Feasibility pump exiting with objective of 1.16637e+06 - took 0.04 seconds
Cbc0012I Integer solution of 1166367.3 found by feasibility pump after 0 iterations and 0 nodes (0.05 seconds)
Cbc0038I Full problem 114 rows 159 columns, reduced to 79 rows 123 columns
Cbc0031I 11 added rows had average density of 9.5454545
Cbc0013I At root node, 11 cuts changed objective from 1166256.8 to 1166322.2 in 9 passes
Cbc0014I Cut generator 0 (Probing) - 5 row cuts average 2.4 elements, 3 column cuts (3 active)  in 0.001 seconds - new frequency is 1
Cbc0014I Cut generator 1 (Gomory) - 26 row cuts average 30.5 elements, 0 column cuts (0 active)  in 0.001 seconds - new frequency is 1
Cbc0014I Cut generator 2 (Knapsack) - 0 row cuts average 0.0 elements, 0 column cuts (0 active)  in 0.002 seconds - new frequency is -100
Cbc0014I Cut generator 3 (Clique) - 0 row cuts average 0.0 elements, 0 column cuts (0 active)  in 0.000 seconds - new frequency is -100
Cbc0014I Cut generator 4 (MixedIntegerRounding2) - 8 row cuts average 4.5 elements, 0 column cuts (0 active)  in 0.001 seconds - new frequency is 1
Cbc0014I Cut generator 5 (FlowCover) - 0 row cuts average 0.0 elements, 0 column cuts (0 active)  in 0.001 seconds - new frequency is -100
Cbc0014I Cut generator 6 (TwoMirCuts) - 24 row cuts average 17.8 elements, 0 column cuts (0 active)  in 0.001 seconds - new frequency is -100
Cbc0010I After 0 nodes, 1 on tree, 1166367.3 best solution, best possible 1166322.2 (0.07 seconds)
Cbc0001I Search completed - best objective 1166367.332509465, took 108 iterations and 8 nodes (0.09 seconds)
Cbc0032I Strong branching done 24 times (60 iterations), fathomed 3 nodes and fixed 2 variables
Cbc0035I Maximum depth 2, 0 variables fixed on reduced cost
Cuts at root node changed objective from 1.16626e+06 to 1.16632e+06
Probing was tried 21 times and created 10 cuts of which 0 were active after adding rounds of cuts (0.001 seconds)
Gomory was tried 21 times and created 32 cuts of which 0 were active after adding rounds of cuts (0.003 seconds)
Knapsack was tried 9 times and created 0 cuts of which 0 were active after adding rounds of cuts (0.002 seconds)
Clique was tried 9 times and created 0 cuts of which 0 were active after adding rounds of cuts (0.000 seconds)
MixedIntegerRounding2 was tried 21 times and created 8 cuts of which 0 were active after adding rounds of cuts (0.001 seconds)
FlowCover was tried 9 times and created 0 cuts of which 0 were active after adding rounds of cuts (0.001 seconds)
TwoMirCuts was tried 9 times and created 24 cuts of which 0 were active after adding rounds of cuts (0.001 seconds)
ZeroHalf was tried 1 times and created 0 cuts of which 0 were active after adding rounds of cuts (0.000 seconds)

Result - Optimal solution found

Objective value:                1166367.33250946
Enumerated nodes:               8
Total iterations:               108
Time (CPU seconds):             0.09
Time (Wallclock seconds):       0.09

Option for printingOptions changed from normal to all
Total time (CPU seconds):       0.12   (Wallclock seconds):       0.12

