Welcome to the CBC MILP Solver 
Version: 2.10.3 
Build Date: Dec 15 2019 

command line - E:\dachuang\.venv\Lib\site-packages\pulp\apis\../solverdir/cbc/win/i64/cbc.exe model.mps -primalTolerance 1e-9 -integerTolerance 1e-9 -ratioGap 0 -allowableGap 0 -threads 0 -branch -printingOptions all -solution solution.txt -saveSolution solution.bin -quit (default strategy 1)
At line 2 NAME          MODEL
At line 3 ROWS
At line 317 COLUMNS
At line 1133 RHS
At line 1446 BOUNDS
At line 1521 ENDATA
Problem MODEL has 312 rows, 241 columns and 647 elements
Coin0008I MODEL read with 0 errors
primalTolerance was changed from 1e-07 to 1e-09
integerTolerance was changed from 1e-07 to 1e-09
ratioGap was changed from 0 to 0
allowableGap was changed from 1e-10 to 0
Continuous objective value is 3.40955e+06 - 0.00 seconds
Cgl0004I processed model has 112 rows, 155 columns (24 integer (24 of which binary)) and 327 elements
Cbc0038I Initial state - 5 integers unsatisfied sum - 1.46503
Cbc0038I Pass   1: suminf.    0.00000 (0) obj. 3.4098e+06 iterations 14
Cbc0038I Solution found of 3.4098e+06
Cbc0038I Relaxing continuous gives 3.4098e+06
Cbc0038I Before mini branch and bound, 19 integers at bound fixed and 84 continuous
Cbc0038I Full problem 112 rows 155 columns, reduced to 0 rows 0 columns
Cbc0038I Mini branch and bound did not improve solution (0.01 seconds)
Cbc0038I Freeing continuous variables gives a solution of 3.4098e+06
Cbc0038I Round again with cutoff of 3.40977e+06
Cbc0038I Pass   2: suminf.    0.10479 (1) obj. 3.40977e+06 iterations 2
Cbc0038I Pass   3: suminf.    0.44054 (2) obj. 3.40977e+06 iterations 5
Cbc0038I Pass   4: suminf.    0.60329 (2) obj. 3.40977e+06 iterations 7
Cbc0038I Pass   5: suminf.    0.60329 (2) obj. 3.40977e+06 iterations 3
Cbc0038I Pass   6: suminf.    0.10479 (1) obj. 3.40977e+06 iterations 1
Cbc0038I Pass   7: suminf.    0.44054 (2) obj. 3.40977e+06 iterations 4
Cbc0038I Pass   8: suminf.    0.60329 (2) obj. 3.40977e+06 iterations 7
Cbc0038I Pass   9: suminf.    0.60329 (2) obj. 3.40977e+06 iterations 1
Cbc0038I Pass  10: suminf.    0.10479 (1) obj. 3.40977e+06 iterations 1
Cbc0038I Pass  11: suminf.    0.44054 (2) obj. 3.40977e+06 iterations 4
Cbc0038I Pass  12: suminf.    0.60329 (2) obj. 3.40977e+06 iterations 7
Cbc0038I Pass  13: suminf.    0.47271 (1) obj. 3.40977e+06 iterations 18
Cbc0038I Solution found of 3.40977e+06
Cbc0038I Relaxing continuous gives 3.4097e+06
Cbc0038I Before mini branch and bound, 11 integers at bound fixed and 72 continuous
Cbc0038I Full problem 112 rows 155 columns, reduced to 15 rows 20 columns
Cbc0038I Mini branch and bound improved solution from 3.4097e+06 to 3.40966e+06 (0.02 seconds)
Cbc0038I Freeing continuous variables gives a solution of 3.40966e+06
Cbc0038I Round again with cutoff of 3.40964e+06
Cbc0038I Pass  14: suminf.    0.67159 (3) obj. 3.40964e+06 iterations 3
Cbc0038I Pass  15: suminf.    0.71177 (4) obj. 3.40964e+06 iterations 12
Cbc0038I Pass  16: suminf.    0.71177 (5) obj. 3.40964e+06 iterations 2
Cbc0038I Pass  17: suminf.    0.94793 (3) obj. 3.40964e+06 iterations 7
Cbc0038I Pass  18: suminf.    0.94793 (3) obj. 3.40964e+06 iterations 1
Cbc0038I Pass  19: suminf.    0.59259 (3) obj. 3.40964e+06 iterations 9
Cbc0038I Pass  20: suminf.    0.09409 (2) obj. 3.40964e+06 iterations 3
Cbc0038I Pass  21: suminf.    0.90456 (3) obj. 3.40964e+06 iterations 7
Cbc0038I Pass  22: suminf.    0.90456 (3) obj. 3.40964e+06 iterations 1
Cbc0038I Pass  23: suminf.    0.16317 (3) obj. 3.40964e+06 iterations 7
Cbc0038I Pass  24: suminf.    0.16317 (3) obj. 3.40964e+06 iterations 2
Cbc0038I Pass  25: suminf.    0.71177 (5) obj. 3.40964e+06 iterations 14
Cbc0038I Pass  26: suminf.    0.71177 (5) obj. 3.40964e+06 iterations 1
Cbc0038I Pass  27: suminf.    0.94793 (3) obj. 3.40964e+06 iterations 7
Cbc0038I Pass  28: suminf.    0.94793 (3) obj. 3.40964e+06 iterations 1
Cbc0038I Pass  29: suminf.    0.59259 (3) obj. 3.40964e+06 iterations 6
Cbc0038I Pass  30: suminf.    0.09409 (2) obj. 3.40964e+06 iterations 3
Cbc0038I Pass  31: suminf.    0.90456 (3) obj. 3.40964e+06 iterations 7
Cbc0038I Pass  32: suminf.    0.90456 (3) obj. 3.40964e+06 iterations 3
Cbc0038I Pass  33: suminf.    0.16317 (3) obj. 3.40964e+06 iterations 7
Cbc0038I Pass  34: suminf.    0.16317 (3) obj. 3.40964e+06 iterations 1
Cbc0038I Pass  35: suminf.    0.70111 (4) obj. 3.40964e+06 iterations 15
Cbc0038I Pass  36: suminf.    0.67159 (3) obj. 3.40964e+06 iterations 2
Cbc0038I Pass  37: suminf.    0.71177 (4) obj. 3.40964e+06 iterations 8
Cbc0038I Pass  38: suminf.    0.71177 (5) obj. 3.40964e+06 iterations 1
Cbc0038I Pass  39: suminf.    0.94793 (3) obj. 3.40964e+06 iterations 7
Cbc0038I Pass  40: suminf.    0.94793 (3) obj. 3.40964e+06 iterations 1
Cbc0038I Pass  41: suminf.    0.59259 (3) obj. 3.40964e+06 iterations 6
Cbc0038I Pass  42: suminf.    0.09409 (2) obj. 3.40964e+06 iterations 3
Cbc0038I Pass  43: suminf.    0.90456 (3) obj. 3.40964e+06 iterations 7
Cbc0038I No solution found this major pass
Cbc0038I Before mini branch and bound, 8 integers at bound fixed and 68 continuous
Cbc0038I Full problem 112 rows 155 columns, reduced to 21 rows 28 columns
Cbc0038I Mini branch and bound did not improve solution (0.03 seconds)
Cbc0038I After 0.03 seconds - Feasibility pump exiting with objective of 3.40966e+06 - took 0.03 seconds
Cbc0012I Integer solution of 3409662.6 found by feasibility pump after 0 iterations and 0 nodes (0.03 seconds)
Cbc0038I Full problem 112 rows 155 columns, reduced to 60 rows 98 columns
Cbc0031I 6 added rows had average density of 10.666667
Cbc0013I At root node, 6 cuts changed objective from 3409553.4 to 3409658.6 in 8 passes
Cbc0014I Cut generator 0 (Probing) - 3 row cuts average 3.7 elements, 2 column cuts (2 active)  in 0.000 seconds - new frequency is 1
Cbc0014I Cut generator 1 (Gomory) - 29 row cuts average 19.7 elements, 0 column cuts (0 active)  in 0.000 seconds - new frequency is 1
Cbc0014I Cut generator 2 (Knapsack) - 0 row cuts average 0.0 elements, 0 column cuts (0 active)  in 0.002 seconds - new frequency is -100
Cbc0014I Cut generator 3 (Clique) - 0 row cuts average 0.0 elements, 0 column cuts (0 active)  in 0.000 seconds - new frequency is -100
Cbc0014I Cut generator 4 (MixedIntegerRounding2) - 3 row cuts average 4.3 elements, 0 column cuts (0 active)  in 0.000 seconds - new frequency is -100
Cbc0014I Cut generator 5 (FlowCover) - 0 row cuts average 0.0 elements, 0 column cuts (0 active)  in 0.002 seconds - new frequency is -100
Cbc0014I Cut generator 6 (TwoMirCuts) - 28 row cuts average 15.7 elements, 0 column cuts (0 active)  in 0.001 seconds - new frequency is -100
Cbc0010I After 0 nodes, 1 on tree, 3409662.6 best solution, best possible 3409658.6 (0.05 seconds)
Cbc0001I Search completed - best objective 3409662.565252567, took 99 iterations and 10 nodes (0.07 seconds)
Cbc0032I Strong branching done 26 times (57 iterations), fathomed 4 nodes and fixed 3 variables
Cbc0035I Maximum depth 2, 0 variables fixed on reduced cost
Cuts at root node changed objective from 3.40955e+06 to 3.40966e+06
Probing was tried 18 times and created 6 cuts of which 0 were active after adding rounds of cuts (0.001 seconds)
Gomory was tried 17 times and created 31 cuts of which 0 were active after adding rounds of cuts (0.001 seconds)
Knapsack was tried 8 times and created 0 cuts of which 0 were active after adding rounds of cuts (0.002 seconds)
Clique was tried 8 times and created 0 cuts of which 0 were active after adding rounds of cuts (0.000 seconds)
MixedIntegerRounding2 was tried 8 times and created 3 cuts of which 0 were active after adding rounds of cuts (0.000 seconds)
FlowCover was tried 8 times and created 0 cuts of which 0 were active after adding rounds of cuts (0.002 seconds)
TwoMirCuts was tried 8 times and created 28 cuts of which 0 were active after adding rounds of cuts (0.001 seconds)
ZeroHalf was tried 1 times and created 0 cuts of which 0 were active after adding rounds of cuts (0.000 seconds)

Result - Optimal solution found

Objective value:                3409662.56525257
Enumerated nodes:               10
Total iterations:               99
Time (CPU seconds):             0.07
Time (Wallclock seconds):       0.07

Option for printingOptions changed from normal to all
Total time (CPU seconds):       0.10   (Wallclock seconds):       0.10

