Welcome to the CBC MILP Solver 
Version: 2.10.3 
Build Date: Dec 15 2019 

command line - E:\dachuang\.venv\Lib\site-packages\pulp\apis\../solverdir/cbc/win/i64/cbc.exe model.mps -primalTolerance 1e-9 -integerTolerance 1e-9 -ratioGap 0 -allowableGap 0 -threads 0 -branch -printingOptions all -solution solution.txt -saveSolution solution.bin -quit (default strategy 1)
At line 2 NAME          MODEL
At line 3 ROWS
At line 317 COLUMNS
At line 1133 RHS
At line 1446 BOUNDS
At line 1521 ENDATA
Problem MODEL has 312 rows, 241 columns and 647 elements
Coin0008I MODEL read with 0 errors
primalTolerance was changed from 1e-07 to 1e-09
integerTolerance was changed from 1e-07 to 1e-09
ratioGap was changed from 0 to 0
allowableGap was changed from 1e-10 to 0
Continuous objective value is 1.68455e+06 - 0.00 seconds
Cgl0004I processed model has 113 rows, 152 columns (24 integer (24 of which binary)) and 327 elements
Cbc0038I Initial state - 7 integers unsatisfied sum - 2.00189
Cbc0038I Pass   1: suminf.    0.00000 (0) obj. 1.70007e+06 iterations 16
Cbc0038I Solution found of 1.70007e+06
Cbc0038I Relaxing continuous gives 1.69684e+06
Cbc0038I Before mini branch and bound, 17 integers at bound fixed and 80 continuous
Cbc0038I Full problem 113 rows 152 columns, reduced to 6 rows 8 columns
Cbc0038I Mini branch and bound improved solution from 1.69684e+06 to 1.68488e+06 (0.01 seconds)
Cbc0038I Round again with cutoff of 1.68485e+06
Cbc0038I Pass   2: suminf.    0.32536 (3) obj. 1.68485e+06 iterations 7
Cbc0038I Pass   3: suminf.    0.14328 (1) obj. 1.68485e+06 iterations 12
Cbc0038I Pass   4: suminf.    0.47282 (1) obj. 1.68485e+06 iterations 8
Cbc0038I Pass   5: suminf.    0.21518 (1) obj. 1.68485e+06 iterations 1
Cbc0038I Pass   6: suminf.    0.78860 (3) obj. 1.68485e+06 iterations 7
Cbc0038I Pass   7: suminf.    0.21518 (1) obj. 1.68485e+06 iterations 2
Cbc0038I Pass   8: suminf.    0.47282 (1) obj. 1.68485e+06 iterations 2
Cbc0038I Pass   9: suminf.    0.47282 (1) obj. 1.68485e+06 iterations 7
Cbc0038I Pass  10: suminf.    0.21518 (1) obj. 1.68485e+06 iterations 1
Cbc0038I Pass  11: suminf.    0.47282 (1) obj. 1.68485e+06 iterations 2
Cbc0038I Pass  12: suminf.    0.84536 (4) obj. 1.68485e+06 iterations 26
Cbc0038I Pass  13: suminf.    0.84536 (4) obj. 1.68485e+06 iterations 1
Cbc0038I Pass  14: suminf.    0.35511 (1) obj. 1.68485e+06 iterations 6
Cbc0038I Pass  15: suminf.    0.04311 (1) obj. 1.68485e+06 iterations 2
Cbc0038I Pass  16: suminf.    0.66328 (2) obj. 1.68485e+06 iterations 11
Cbc0038I Pass  17: suminf.    0.35511 (1) obj. 1.68485e+06 iterations 3
Cbc0038I Pass  18: suminf.    0.04311 (1) obj. 1.68485e+06 iterations 2
Cbc0038I Pass  19: suminf.    1.06830 (5) obj. 1.68485e+06 iterations 14
Cbc0038I Pass  20: suminf.    0.75251 (4) obj. 1.68485e+06 iterations 1
Cbc0038I Pass  21: suminf.    0.35511 (1) obj. 1.68485e+06 iterations 5
Cbc0038I Pass  22: suminf.    0.04311 (1) obj. 1.68485e+06 iterations 1
Cbc0038I Pass  23: suminf.    1.53488 (6) obj. 1.68485e+06 iterations 18
Cbc0038I Pass  24: suminf.    1.21909 (5) obj. 1.68485e+06 iterations 1
Cbc0038I Pass  25: suminf.    0.48061 (1) obj. 1.68485e+06 iterations 7
Cbc0038I Pass  26: suminf.    0.16861 (1) obj. 1.68485e+06 iterations 2
Cbc0038I Pass  27: suminf.    1.59232 (5) obj. 1.68485e+06 iterations 10
Cbc0038I Pass  28: suminf.    1.27653 (4) obj. 1.68485e+06 iterations 1
Cbc0038I Pass  29: suminf.    0.35511 (1) obj. 1.68485e+06 iterations 8
Cbc0038I Pass  30: suminf.    0.04311 (1) obj. 1.68485e+06 iterations 2
Cbc0038I Pass  31: suminf.    1.42651 (4) obj. 1.68485e+06 iterations 4
Cbc0038I No solution found this major pass
Cbc0038I Before mini branch and bound, 2 integers at bound fixed and 61 continuous
Cbc0038I Full problem 113 rows 152 columns, reduced to 21 rows 28 columns
Cbc0038I Mini branch and bound improved solution from 1.68488e+06 to 1.68485e+06 (0.03 seconds)
Cbc0038I Round again with cutoff of 1.68479e+06
Cbc0038I Pass  31: suminf.    0.58328 (3) obj. 1.68479e+06 iterations 1
Cbc0038I Pass  32: suminf.    0.41217 (2) obj. 1.68479e+06 iterations 12
Cbc0038I Pass  33: suminf.    0.50096 (2) obj. 1.68479e+06 iterations 7
Cbc0038I Pass  34: suminf.    0.81675 (3) obj. 1.68479e+06 iterations 12
Cbc0038I Pass  35: suminf.    0.50096 (2) obj. 1.68479e+06 iterations 1
Cbc0038I Pass  36: suminf.    0.41217 (2) obj. 1.68479e+06 iterations 5
Cbc0038I Pass  37: suminf.    1.00058 (4) obj. 1.68479e+06 iterations 4
Cbc0038I Pass  38: suminf.    0.50096 (2) obj. 1.68479e+06 iterations 6
Cbc0038I Pass  39: suminf.    0.41217 (2) obj. 1.68479e+06 iterations 5
Cbc0038I Pass  40: suminf.    2.24965 (7) obj. 1.68479e+06 iterations 16
Cbc0038I Pass  41: suminf.    1.93387 (6) obj. 1.68479e+06 iterations 1
Cbc0038I Pass  42: suminf.    0.45438 (2) obj. 1.68479e+06 iterations 11
Cbc0038I Pass  43: suminf.    0.45438 (2) obj. 1.68479e+06 iterations 0
Cbc0038I Pass  44: suminf.    0.35912 (1) obj. 1.68479e+06 iterations 7
Cbc0038I Pass  45: suminf.    0.32888 (1) obj. 1.68479e+06 iterations 2
Cbc0038I Pass  46: suminf.    1.54210 (5) obj. 1.68479e+06 iterations 10
Cbc0038I Pass  47: suminf.    0.37546 (2) obj. 1.68479e+06 iterations 9
Cbc0038I Pass  48: suminf.    0.37546 (2) obj. 1.68479e+06 iterations 0
Cbc0038I Pass  49: suminf.    0.68746 (2) obj. 1.68479e+06 iterations 4
Cbc0038I Pass  50: suminf.    0.81675 (3) obj. 1.68479e+06 iterations 10
Cbc0038I Pass  51: suminf.    0.50096 (2) obj. 1.68479e+06 iterations 1
Cbc0038I Pass  52: suminf.    0.41217 (2) obj. 1.68479e+06 iterations 5
Cbc0038I Pass  53: suminf.    1.17045 (5) obj. 1.68479e+06 iterations 5
Cbc0038I Pass  54: suminf.    0.85466 (4) obj. 1.68479e+06 iterations 1
Cbc0038I Pass  55: suminf.    1.22808 (6) obj. 1.68479e+06 iterations 4
Cbc0038I Pass  56: suminf.    0.50096 (2) obj. 1.68479e+06 iterations 9
Cbc0038I Pass  57: suminf.    0.41217 (2) obj. 1.68479e+06 iterations 5
Cbc0038I Pass  58: suminf.    1.29687 (4) obj. 1.68479e+06 iterations 9
Cbc0038I Pass  59: suminf.    1.29687 (4) obj. 1.68479e+06 iterations 0
Cbc0038I Pass  60: suminf.    0.37546 (2) obj. 1.68479e+06 iterations 7
Cbc0038I No solution found this major pass
Cbc0038I Before mini branch and bound, 4 integers at bound fixed and 65 continuous
Cbc0038I Full problem 113 rows 152 columns, reduced to 21 rows 27 columns
Cbc0038I Mini branch and bound did not improve solution (0.04 seconds)
Cbc0038I After 0.04 seconds - Feasibility pump exiting with objective of 1.68485e+06 - took 0.03 seconds
Cbc0012I Integer solution of 1684854.2 found by feasibility pump after 0 iterations and 0 nodes (0.04 seconds)
Cbc0038I Full problem 113 rows 152 columns, reduced to 68 rows 104 columns
Cbc0031I 10 added rows had average density of 25.6
Cbc0013I At root node, 10 cuts changed objective from 1684545.8 to 1684805.1 in 100 passes
Cbc0014I Cut generator 0 (Probing) - 13 row cuts average 2.0 elements, 4 column cuts (4 active)  in 0.018 seconds - new frequency is 1
Cbc0014I Cut generator 1 (Gomory) - 310 row cuts average 39.7 elements, 0 column cuts (0 active)  in 0.008 seconds - new frequency is 1
Cbc0014I Cut generator 2 (Knapsack) - 0 row cuts average 0.0 elements, 0 column cuts (0 active)  in 0.020 seconds - new frequency is -100
Cbc0014I Cut generator 3 (Clique) - 0 row cuts average 0.0 elements, 0 column cuts (0 active)  in 0.001 seconds - new frequency is -100
Cbc0014I Cut generator 4 (MixedIntegerRounding2) - 5 row cuts average 4.0 elements, 0 column cuts (0 active)  in 0.007 seconds - new frequency is -100
Cbc0014I Cut generator 5 (FlowCover) - 0 row cuts average 0.0 elements, 0 column cuts (0 active)  in 0.016 seconds - new frequency is -100
Cbc0014I Cut generator 6 (TwoMirCuts) - 20 row cuts average 21.6 elements, 0 column cuts (0 active)  in 0.006 seconds - new frequency is -100
Cbc0001I Search completed - best objective 1684854.161894901, took 728 iterations and 0 nodes (0.18 seconds)
Cbc0032I Strong branching done 10 times (74 iterations), fathomed 1 nodes and fixed 0 variables
Cbc0035I Maximum depth 0, 0 variables fixed on reduced cost
Cuts at root node changed objective from 1.68455e+06 to 1.68486e+06
Probing was tried 100 times and created 17 cuts of which 0 were active after adding rounds of cuts (0.018 seconds)
Gomory was tried 100 times and created 310 cuts of which 0 were active after adding rounds of cuts (0.008 seconds)
Knapsack was tried 100 times and created 0 cuts of which 0 were active after adding rounds of cuts (0.020 seconds)
Clique was tried 100 times and created 0 cuts of which 0 were active after adding rounds of cuts (0.001 seconds)
MixedIntegerRounding2 was tried 100 times and created 5 cuts of which 0 were active after adding rounds of cuts (0.007 seconds)
FlowCover was tried 100 times and created 0 cuts of which 0 were active after adding rounds of cuts (0.016 seconds)
TwoMirCuts was tried 100 times and created 20 cuts of which 0 were active after adding rounds of cuts (0.006 seconds)
ZeroHalf was tried 1 times and created 0 cuts of which 0 were active after adding rounds of cuts (0.000 seconds)

Result - Optimal solution found

Objective value:                1684854.16189490
Enumerated nodes:               0
Total iterations:               728
Time (CPU seconds):             0.19
Time (Wallclock seconds):       0.19

Option for printingOptions changed from normal to all
Total time (CPU seconds):       0.22   (Wallclock seconds):       0.22

