Welcome to the CBC MILP Solver 
Version: 2.10.3 
Build Date: Dec 15 2019 

command line - E:\dachuang\.venv\Lib\site-packages\pulp\apis\../solverdir/cbc/win/i64/cbc.exe model.mps -primalTolerance 1e-9 -integerTolerance 1e-9 -ratioGap 0 -allowableGap 0 -threads 0 -branch -printingOptions all -solution solution.txt -saveSolution solution.bin -quit (default strategy 1)
At line 2 NAME          MODEL
At line 3 ROWS
At line 317 COLUMNS
At line 1133 RHS
At line 1446 BOUNDS
At line 1521 ENDATA
Problem MODEL has 312 rows, 241 columns and 647 elements
Coin0008I MODEL read with 0 errors
primalTolerance was changed from 1e-07 to 1e-09
integerTolerance was changed from 1e-07 to 1e-09
ratioGap was changed from 0 to 0
allowableGap was changed from 1e-10 to 0
Continuous objective value is 3.43228e+06 - 0.00 seconds
Cgl0004I processed model has 111 rows, 149 columns (24 integer (24 of which binary)) and 318 elements
Cbc0038I Initial state - 5 integers unsatisfied sum - 0.918943
Cbc0038I Pass   1: suminf.    0.00000 (0) obj. 3.43242e+06 iterations 10
Cbc0038I Solution found of 3.43242e+06
Cbc0038I Relaxing continuous gives 3.43242e+06
Cbc0038I Before mini branch and bound, 19 integers at bound fixed and 87 continuous
Cbc0038I Full problem 111 rows 149 columns, reduced to 2 rows 2 columns
Cbc0038I Mini branch and bound did not improve solution (0.01 seconds)
Cbc0038I Freeing continuous variables gives a solution of 3.43242e+06
Cbc0038I Round again with cutoff of 3.4324e+06
Cbc0038I Pass   2: suminf.    0.05736 (1) obj. 3.4324e+06 iterations 2
Cbc0038I Pass   3: suminf.    0.64353 (2) obj. 3.4324e+06 iterations 8
Cbc0038I Pass   4: suminf.    0.52659 (2) obj. 3.4324e+06 iterations 13
Cbc0038I Pass   5: suminf.    0.48247 (3) obj. 3.4324e+06 iterations 7
Cbc0038I Pass   6: suminf.    0.52659 (2) obj. 3.4324e+06 iterations 4
Cbc0038I Pass   7: suminf.    0.52659 (2) obj. 3.4324e+06 iterations 1
Cbc0038I Pass   8: suminf.    0.01281 (1) obj. 3.4324e+06 iterations 3
Cbc0038I Pass   9: suminf.    0.01281 (1) obj. 3.4324e+06 iterations 0
Cbc0038I Pass  10: suminf.    0.64353 (2) obj. 3.4324e+06 iterations 8
Cbc0038I Pass  11: suminf.    0.00000 (0) obj. 3.4324e+06 iterations 4
Cbc0038I Solution found of 3.4324e+06
Cbc0038I Relaxing continuous gives 3.43239e+06
Cbc0038I Before mini branch and bound, 17 integers at bound fixed and 81 continuous
Cbc0038I Full problem 111 rows 149 columns, reduced to 14 rows 19 columns
Cbc0038I Mini branch and bound improved solution from 3.43239e+06 to 3.43239e+06 (0.02 seconds)
Cbc0038I Round again with cutoff of 3.43237e+06
Cbc0038I Pass  12: suminf.    0.18589 (2) obj. 3.43237e+06 iterations 1
Cbc0038I Pass  13: suminf.    0.62489 (3) obj. 3.43237e+06 iterations 8
Cbc0038I Pass  14: suminf.    0.62489 (3) obj. 3.43237e+06 iterations 0
Cbc0038I Pass  15: suminf.    0.50111 (2) obj. 3.43237e+06 iterations 3
Cbc0038I Pass  16: suminf.    0.62489 (3) obj. 3.43237e+06 iterations 15
Cbc0038I Pass  17: suminf.    0.62489 (3) obj. 3.43237e+06 iterations 1
Cbc0038I Pass  18: suminf.    0.50111 (2) obj. 3.43237e+06 iterations 3
Cbc0038I Pass  19: suminf.    0.18589 (2) obj. 3.43237e+06 iterations 2
Cbc0038I Pass  20: suminf.    0.62489 (3) obj. 3.43237e+06 iterations 5
Cbc0038I Pass  21: suminf.    0.96539 (4) obj. 3.43237e+06 iterations 14
Cbc0038I Pass  22: suminf.    0.96539 (4) obj. 3.43237e+06 iterations 0
Cbc0038I Pass  23: suminf.    0.50111 (2) obj. 3.43237e+06 iterations 4
Cbc0038I Pass  24: suminf.    0.18589 (2) obj. 3.43237e+06 iterations 2
Cbc0038I Pass  25: suminf.    0.62489 (3) obj. 3.43237e+06 iterations 9
Cbc0038I Pass  26: suminf.    0.62489 (3) obj. 3.43237e+06 iterations 0
Cbc0038I Pass  27: suminf.    0.62489 (3) obj. 3.43237e+06 iterations 9
Cbc0038I Pass  28: suminf.    0.62489 (3) obj. 3.43237e+06 iterations 0
Cbc0038I Pass  29: suminf.    0.50111 (2) obj. 3.43237e+06 iterations 3
Cbc0038I Pass  30: suminf.    0.18589 (2) obj. 3.43237e+06 iterations 3
Cbc0038I Pass  31: suminf.    0.62489 (3) obj. 3.43237e+06 iterations 8
Cbc0038I Pass  32: suminf.    0.62489 (4) obj. 3.43237e+06 iterations 14
Cbc0038I Pass  33: suminf.    0.62489 (4) obj. 3.43237e+06 iterations 0
Cbc0038I Pass  34: suminf.    0.15150 (2) obj. 3.43237e+06 iterations 8
Cbc0038I Pass  35: suminf.    0.15150 (2) obj. 3.43237e+06 iterations 0
Cbc0038I Pass  36: suminf.    0.10739 (1) obj. 3.43237e+06 iterations 12
Cbc0038I Pass  37: suminf.    0.39161 (1) obj. 3.43237e+06 iterations 6
Cbc0038I Pass  38: suminf.    0.62489 (4) obj. 3.43237e+06 iterations 14
Cbc0038I Pass  39: suminf.    0.62489 (4) obj. 3.43237e+06 iterations 0
Cbc0038I Pass  40: suminf.    0.15150 (2) obj. 3.43237e+06 iterations 6
Cbc0038I Pass  41: suminf.    0.15150 (2) obj. 3.43237e+06 iterations 0
Cbc0038I No solution found this major pass
Cbc0038I Before mini branch and bound, 4 integers at bound fixed and 61 continuous
Cbc0038I Full problem 111 rows 149 columns, reduced to 19 rows 26 columns
Cbc0038I Mini branch and bound did not improve solution (0.03 seconds)
Cbc0038I After 0.03 seconds - Feasibility pump exiting with objective of 3.43239e+06 - took 0.03 seconds
Cbc0012I Integer solution of 3432395 found by feasibility pump after 0 iterations and 0 nodes (0.03 seconds)
Cbc0038I Full problem 111 rows 149 columns, reduced to 59 rows 91 columns
Cbc0031I 6 added rows had average density of 22.333333
Cbc0013I At root node, 6 cuts changed objective from 3432282.5 to 3432341.4 in 60 passes
Cbc0014I Cut generator 0 (Probing) - 4 row cuts average 2.8 elements, 2 column cuts (2 active)  in 0.006 seconds - new frequency is 1
Cbc0014I Cut generator 1 (Gomory) - 117 row cuts average 34.4 elements, 0 column cuts (0 active)  in 0.003 seconds - new frequency is 1
Cbc0014I Cut generator 2 (Knapsack) - 0 row cuts average 0.0 elements, 0 column cuts (0 active)  in 0.006 seconds - new frequency is -100
Cbc0014I Cut generator 3 (Clique) - 0 row cuts average 0.0 elements, 0 column cuts (0 active)  in 0.000 seconds - new frequency is -100
Cbc0014I Cut generator 4 (MixedIntegerRounding2) - 9 row cuts average 4.6 elements, 0 column cuts (0 active)  in 0.007 seconds - new frequency is -100
Cbc0014I Cut generator 5 (FlowCover) - 0 row cuts average 0.0 elements, 0 column cuts (0 active)  in 0.007 seconds - new frequency is -100
Cbc0014I Cut generator 6 (TwoMirCuts) - 19 row cuts average 17.1 elements, 0 column cuts (0 active)  in 0.001 seconds - new frequency is -100
Cbc0010I After 0 nodes, 1 on tree, 3432395 best solution, best possible 3432341.4 (0.11 seconds)
Cbc0001I Search completed - best objective 3432394.952973475, took 459 iterations and 16 nodes (0.14 seconds)
Cbc0032I Strong branching done 64 times (178 iterations), fathomed 8 nodes and fixed 3 variables
Cbc0035I Maximum depth 3, 0 variables fixed on reduced cost
Cuts at root node changed objective from 3.43228e+06 to 3.43234e+06
Probing was tried 90 times and created 11 cuts of which 0 were active after adding rounds of cuts (0.007 seconds)
Gomory was tried 90 times and created 138 cuts of which 0 were active after adding rounds of cuts (0.005 seconds)
Knapsack was tried 60 times and created 0 cuts of which 0 were active after adding rounds of cuts (0.006 seconds)
Clique was tried 60 times and created 0 cuts of which 0 were active after adding rounds of cuts (0.000 seconds)
MixedIntegerRounding2 was tried 60 times and created 9 cuts of which 0 were active after adding rounds of cuts (0.007 seconds)
FlowCover was tried 60 times and created 0 cuts of which 0 were active after adding rounds of cuts (0.007 seconds)
TwoMirCuts was tried 60 times and created 19 cuts of which 0 were active after adding rounds of cuts (0.001 seconds)
ZeroHalf was tried 1 times and created 0 cuts of which 0 were active after adding rounds of cuts (0.000 seconds)

Result - Optimal solution found

Objective value:                3432394.95297347
Enumerated nodes:               16
Total iterations:               459
Time (CPU seconds):             0.15
Time (Wallclock seconds):       0.14

Option for printingOptions changed from normal to all
Total time (CPU seconds):       0.17   (Wallclock seconds):       0.17

