Welcome to the CBC MILP Solver 
Version: 2.10.3 
Build Date: Dec 15 2019 

command line - E:\dachuang\.venv\Lib\site-packages\pulp\apis\../solverdir/cbc/win/i64/cbc.exe model.mps -primalTolerance 1e-9 -integerTolerance 1e-9 -ratioGap 0 -allowableGap 0 -threads 0 -branch -printingOptions all -solution solution.txt -saveSolution solution.bin -quit (default strategy 1)
At line 2 NAME          MODEL
At line 3 ROWS
At line 317 COLUMNS
At line 1133 RHS
At line 1446 BOUNDS
At line 1521 ENDATA
Problem MODEL has 312 rows, 241 columns and 647 elements
Coin0008I MODEL read with 0 errors
primalTolerance was changed from 1e-07 to 1e-09
integerTolerance was changed from 1e-07 to 1e-09
ratioGap was changed from 0 to 0
allowableGap was changed from 1e-10 to 0
Continuous objective value is 2.13442e+06 - 0.00 seconds
Cgl0004I processed model has 113 rows, 156 columns (24 integer (24 of which binary)) and 331 elements
Cbc0038I Initial state - 10 integers unsatisfied sum - 2.30082
Cbc0038I Pass   1: suminf.    0.00000 (0) obj. 2.13672e+06 iterations 17
Cbc0038I Solution found of 2.13672e+06
Cbc0038I Relaxing continuous gives 2.13661e+06
Cbc0038I Before mini branch and bound, 14 integers at bound fixed and 85 continuous
Cbc0038I Full problem 113 rows 156 columns, reduced to 4 rows 5 columns
Cbc0038I Mini branch and bound improved solution from 2.13661e+06 to 2.13488e+06 (0.01 seconds)
Cbc0038I Round again with cutoff of 2.13483e+06
Cbc0038I Pass   2: suminf.    0.20504 (3) obj. 2.13483e+06 iterations 5
Cbc0038I Pass   3: suminf.    0.00000 (0) obj. 2.13483e+06 iterations 14
Cbc0038I Solution found of 2.13483e+06
Cbc0038I Relaxing continuous gives 2.13476e+06
Cbc0038I Before mini branch and bound, 14 integers at bound fixed and 84 continuous
Cbc0038I Full problem 113 rows 156 columns, reduced to 12 rows 16 columns
Cbc0038I Mini branch and bound did not improve solution (0.01 seconds)
Cbc0038I Round again with cutoff of 2.1347e+06
Cbc0038I Pass   4: suminf.    0.32878 (4) obj. 2.1347e+06 iterations 4
Cbc0038I Pass   5: suminf.    0.30253 (4) obj. 2.1347e+06 iterations 3
Cbc0038I Pass   6: suminf.    0.80456 (3) obj. 2.1347e+06 iterations 12
Cbc0038I Pass   7: suminf.    0.69255 (2) obj. 2.1347e+06 iterations 2
Cbc0038I Pass   8: suminf.    0.69255 (2) obj. 2.1347e+06 iterations 1
Cbc0038I Pass   9: suminf.    1.12355 (3) obj. 2.1347e+06 iterations 4
Cbc0038I Pass  10: suminf.    0.76444 (2) obj. 2.1347e+06 iterations 1
Cbc0038I Pass  11: suminf.    0.76444 (2) obj. 2.1347e+06 iterations 5
Cbc0038I Pass  12: suminf.    0.69255 (2) obj. 2.1347e+06 iterations 1
Cbc0038I Pass  13: suminf.    1.12355 (3) obj. 2.1347e+06 iterations 4
Cbc0038I Pass  14: suminf.    0.76444 (2) obj. 2.1347e+06 iterations 1
Cbc0038I Pass  15: suminf.    0.98291 (4) obj. 2.1347e+06 iterations 14
Cbc0038I Pass  16: suminf.    0.78101 (3) obj. 2.1347e+06 iterations 1
Cbc0038I Pass  17: suminf.    0.83226 (3) obj. 2.1347e+06 iterations 4
Cbc0038I Pass  18: suminf.    0.83226 (3) obj. 2.1347e+06 iterations 0
Cbc0038I Pass  19: suminf.    0.79105 (3) obj. 2.1347e+06 iterations 2
Cbc0038I Pass  20: suminf.    0.79105 (3) obj. 2.1347e+06 iterations 0
Cbc0038I Pass  21: suminf.    0.83226 (3) obj. 2.1347e+06 iterations 6
Cbc0038I Pass  22: suminf.    0.79105 (3) obj. 2.1347e+06 iterations 4
Cbc0038I Pass  23: suminf.    0.79105 (3) obj. 2.1347e+06 iterations 0
Cbc0038I Pass  24: suminf.    0.83226 (3) obj. 2.1347e+06 iterations 6
Cbc0038I Pass  25: suminf.    0.83226 (3) obj. 2.1347e+06 iterations 0
Cbc0038I Pass  26: suminf.    0.79105 (3) obj. 2.1347e+06 iterations 2
Cbc0038I Pass  27: suminf.    0.79094 (4) obj. 2.1347e+06 iterations 17
Cbc0038I Pass  28: suminf.    0.58905 (3) obj. 2.1347e+06 iterations 1
Cbc0038I Pass  29: suminf.    0.96895 (3) obj. 2.1347e+06 iterations 3
Cbc0038I Pass  30: suminf.    1.07234 (4) obj. 2.1347e+06 iterations 20
Cbc0038I Pass  31: suminf.    0.68755 (3) obj. 2.1347e+06 iterations 2
Cbc0038I Pass  32: suminf.    0.87045 (3) obj. 2.1347e+06 iterations 3
Cbc0038I Pass  33: suminf.    1.22205 (4) obj. 2.1347e+06 iterations 11
Cbc0038I No solution found this major pass
Cbc0038I Before mini branch and bound, 4 integers at bound fixed and 67 continuous
Cbc0038I Full problem 113 rows 156 columns, reduced to 22 rows 29 columns
Cbc0038I Mini branch and bound did not improve solution (0.03 seconds)
Cbc0038I After 0.03 seconds - Feasibility pump exiting with objective of 2.13476e+06 - took 0.02 seconds
Cbc0012I Integer solution of 2134763.9 found by feasibility pump after 0 iterations and 0 nodes (0.03 seconds)
Cbc0038I Full problem 113 rows 156 columns, reduced to 75 rows 115 columns
Cbc0031I 14 added rows had average density of 24.214286
Cbc0013I At root node, 14 cuts changed objective from 2134424.3 to 2134761.5 in 100 passes
Cbc0014I Cut generator 0 (Probing) - 3 row cuts average 2.0 elements, 4 column cuts (4 active)  in 0.014 seconds - new frequency is 1
Cbc0014I Cut generator 1 (Gomory) - 233 row cuts average 42.1 elements, 0 column cuts (0 active)  in 0.010 seconds - new frequency is 1
Cbc0014I Cut generator 2 (Knapsack) - 0 row cuts average 0.0 elements, 0 column cuts (0 active)  in 0.016 seconds - new frequency is -100
Cbc0014I Cut generator 3 (Clique) - 0 row cuts average 0.0 elements, 0 column cuts (0 active)  in 0.001 seconds - new frequency is -100
Cbc0014I Cut generator 4 (MixedIntegerRounding2) - 6 row cuts average 4.2 elements, 0 column cuts (0 active)  in 0.011 seconds - new frequency is -100
Cbc0014I Cut generator 5 (FlowCover) - 0 row cuts average 0.0 elements, 0 column cuts (0 active)  in 0.016 seconds - new frequency is -100
Cbc0014I Cut generator 6 (TwoMirCuts) - 25 row cuts average 16.6 elements, 0 column cuts (0 active)  in 0.005 seconds - new frequency is -100
Cbc0001I Search completed - best objective 2134763.859723473, took 443 iterations and 0 nodes (0.16 seconds)
Cbc0032I Strong branching done 2 times (16 iterations), fathomed 1 nodes and fixed 0 variables
Cbc0035I Maximum depth 0, 0 variables fixed on reduced cost
Cuts at root node changed objective from 2.13442e+06 to 2.13486e+06
Probing was tried 100 times and created 7 cuts of which 0 were active after adding rounds of cuts (0.014 seconds)
Gomory was tried 100 times and created 233 cuts of which 0 were active after adding rounds of cuts (0.010 seconds)
Knapsack was tried 100 times and created 0 cuts of which 0 were active after adding rounds of cuts (0.016 seconds)
Clique was tried 100 times and created 0 cuts of which 0 were active after adding rounds of cuts (0.001 seconds)
MixedIntegerRounding2 was tried 100 times and created 6 cuts of which 0 were active after adding rounds of cuts (0.011 seconds)
FlowCover was tried 100 times and created 0 cuts of which 0 were active after adding rounds of cuts (0.016 seconds)
TwoMirCuts was tried 100 times and created 25 cuts of which 0 were active after adding rounds of cuts (0.005 seconds)
ZeroHalf was tried 1 times and created 0 cuts of which 0 were active after adding rounds of cuts (0.000 seconds)

Result - Optimal solution found

Objective value:                2134763.85972347
Enumerated nodes:               0
Total iterations:               443
Time (CPU seconds):             0.17
Time (Wallclock seconds):       0.17

Option for printingOptions changed from normal to all
Total time (CPU seconds):       0.20   (Wallclock seconds):       0.19

