Welcome to the CBC MILP Solver 
Version: 2.10.3 
Build Date: Dec 15 2019 

command line - E:\dachuang\.venv\Lib\site-packages\pulp\apis\../solverdir/cbc/win/i64/cbc.exe model.mps -primalTolerance 1e-9 -integerTolerance 1e-9 -ratioGap 0 -allowableGap 0 -threads 0 -branch -printingOptions all -solution solution.txt -saveSolution solution.bin -quit (default strategy 1)
At line 2 NAME          MODEL
At line 3 ROWS
At line 317 COLUMNS
At line 1133 RHS
At line 1446 BOUNDS
At line 1521 ENDATA
Problem MODEL has 312 rows, 241 columns and 647 elements
Coin0008I MODEL read with 0 errors
primalTolerance was changed from 1e-07 to 1e-09
integerTolerance was changed from 1e-07 to 1e-09
ratioGap was changed from 0 to 0
allowableGap was changed from 1e-10 to 0
Continuous objective value is 1.08134e+06 - 0.00 seconds
Cgl0004I processed model has 115 rows, 156 columns (24 integer (24 of which binary)) and 337 elements
Cbc0038I Initial state - 5 integers unsatisfied sum - 0.575573
Cbc0038I Pass   1: suminf.    0.00000 (0) obj. 1.0974e+06 iterations 13
Cbc0038I Solution found of 1.0974e+06
Cbc0038I Relaxing continuous gives 1.09715e+06
Cbc0038I Before mini branch and bound, 19 integers at bound fixed and 86 continuous
Cbc0038I Full problem 115 rows 156 columns, reduced to 1 rows 2 columns
Cbc0038I Mini branch and bound improved solution from 1.09715e+06 to 1.08135e+06 (0.01 seconds)
Cbc0038I Round again with cutoff of 1.08135e+06
Cbc0038I Pass   2: suminf.    0.21721 (4) obj. 1.08135e+06 iterations 5
Cbc0038I Pass   3: suminf.    0.09448 (1) obj. 1.08135e+06 iterations 7
Cbc0038I Pass   4: suminf.    0.00473 (1) obj. 1.08135e+06 iterations 1
Cbc0038I Pass   5: suminf.    0.13271 (2) obj. 1.08135e+06 iterations 4
Cbc0038I Pass   6: suminf.    0.09448 (1) obj. 1.08135e+06 iterations 6
Cbc0038I Pass   7: suminf.    0.00473 (1) obj. 1.08135e+06 iterations 1
Cbc0038I Pass   8: suminf.    0.00473 (1) obj. 1.08135e+06 iterations 3
Cbc0038I Pass   9: suminf.    0.09448 (1) obj. 1.08135e+06 iterations 4
Cbc0038I Pass  10: suminf.    0.00473 (1) obj. 1.08135e+06 iterations 1
Cbc0038I Pass  11: suminf.    0.80322 (4) obj. 1.08135e+06 iterations 12
Cbc0038I Pass  12: suminf.    0.06723 (2) obj. 1.08135e+06 iterations 4
Cbc0038I Pass  13: suminf.    0.09448 (1) obj. 1.08135e+06 iterations 2
Cbc0038I Pass  14: suminf.    0.00473 (1) obj. 1.08135e+06 iterations 1
Cbc0038I Pass  15: suminf.    0.88847 (4) obj. 1.08135e+06 iterations 12
Cbc0038I Pass  16: suminf.    0.00473 (1) obj. 1.08135e+06 iterations 3
Cbc0038I Pass  17: suminf.    0.20512 (2) obj. 1.08135e+06 iterations 2
Cbc0038I Pass  18: suminf.    0.20512 (2) obj. 1.08135e+06 iterations 1
Cbc0038I Pass  19: suminf.    1.14636 (7) obj. 1.08135e+06 iterations 12
Cbc0038I Pass  20: suminf.    1.14636 (7) obj. 1.08135e+06 iterations 1
Cbc0038I Pass  21: suminf.    0.00473 (1) obj. 1.08135e+06 iterations 12
Cbc0038I Pass  22: suminf.    0.20512 (2) obj. 1.08135e+06 iterations 3
Cbc0038I Pass  23: suminf.    0.20512 (2) obj. 1.08135e+06 iterations 0
Cbc0038I Pass  24: suminf.    0.56324 (3) obj. 1.08135e+06 iterations 13
Cbc0038I Pass  25: suminf.    0.47349 (3) obj. 1.08135e+06 iterations 3
Cbc0038I Pass  26: suminf.    0.09448 (1) obj. 1.08135e+06 iterations 3
Cbc0038I Pass  27: suminf.    0.00473 (1) obj. 1.08135e+06 iterations 1
Cbc0038I Pass  28: suminf.    0.91965 (6) obj. 1.08135e+06 iterations 13
Cbc0038I Pass  29: suminf.    0.58039 (4) obj. 1.08135e+06 iterations 3
Cbc0038I Pass  30: suminf.    0.00473 (1) obj. 1.08135e+06 iterations 11
Cbc0038I Pass  31: suminf.    0.84612 (2) obj. 1.08135e+06 iterations 3
Cbc0038I No solution found this major pass
Cbc0038I Before mini branch and bound, 2 integers at bound fixed and 73 continuous
Cbc0038I Full problem 115 rows 156 columns, reduced to 17 rows 22 columns
Cbc0038I Mini branch and bound did not improve solution (0.02 seconds)
Cbc0038I After 0.02 seconds - Feasibility pump exiting with objective of 1.08135e+06 - took 0.02 seconds
Cbc0012I Integer solution of 1081349.3 found by feasibility pump after 0 iterations and 0 nodes (0.02 seconds)
Cbc0038I Full problem 115 rows 156 columns, reduced to 67 rows 105 columns
Cbc0031I 9 added rows had average density of 11.222222
Cbc0013I At root node, 9 cuts changed objective from 1081338.3 to 1081338.3 in 39 passes
Cbc0014I Cut generator 0 (Probing) - 4 row cuts average 2.0 elements, 1 column cuts (1 active)  in 0.001 seconds - new frequency is 1
Cbc0014I Cut generator 1 (Gomory) - 53 row cuts average 18.4 elements, 0 column cuts (0 active)  in 0.003 seconds - new frequency is 1
Cbc0014I Cut generator 2 (Knapsack) - 0 row cuts average 0.0 elements, 0 column cuts (0 active)  in 0.003 seconds - new frequency is -100
Cbc0014I Cut generator 3 (Clique) - 0 row cuts average 0.0 elements, 0 column cuts (0 active)  in 0.001 seconds - new frequency is -100
Cbc0014I Cut generator 4 (MixedIntegerRounding2) - 6 row cuts average 5.0 elements, 0 column cuts (0 active)  in 0.002 seconds - new frequency is 1
Cbc0014I Cut generator 5 (FlowCover) - 2 row cuts average 2.0 elements, 0 column cuts (0 active)  in 0.006 seconds - new frequency is -100
Cbc0014I Cut generator 6 (TwoMirCuts) - 12 row cuts average 10.8 elements, 0 column cuts (0 active)  in 0.004 seconds - new frequency is -100
Cbc0010I After 0 nodes, 1 on tree, 1081349.3 best solution, best possible 1081338.3 (0.07 seconds)
Cbc0001I Search completed - best objective 1081349.312776101, took 203 iterations and 6 nodes (0.08 seconds)
Cbc0032I Strong branching done 28 times (71 iterations), fathomed 3 nodes and fixed 0 variables
Cbc0035I Maximum depth 2, 0 variables fixed on reduced cost
Cuts at root node changed objective from 1.08134e+06 to 1.08134e+06
Probing was tried 47 times and created 6 cuts of which 0 were active after adding rounds of cuts (0.002 seconds)
Gomory was tried 47 times and created 61 cuts of which 0 were active after adding rounds of cuts (0.003 seconds)
Knapsack was tried 39 times and created 0 cuts of which 0 were active after adding rounds of cuts (0.003 seconds)
Clique was tried 39 times and created 0 cuts of which 0 were active after adding rounds of cuts (0.001 seconds)
MixedIntegerRounding2 was tried 47 times and created 7 cuts of which 0 were active after adding rounds of cuts (0.002 seconds)
FlowCover was tried 39 times and created 2 cuts of which 0 were active after adding rounds of cuts (0.006 seconds)
TwoMirCuts was tried 39 times and created 12 cuts of which 0 were active after adding rounds of cuts (0.004 seconds)
ZeroHalf was tried 1 times and created 0 cuts of which 0 were active after adding rounds of cuts (0.000 seconds)

Result - Optimal solution found

Objective value:                1081349.31277610
Enumerated nodes:               6
Total iterations:               203
Time (CPU seconds):             0.09
Time (Wallclock seconds):       0.09

Option for printingOptions changed from normal to all
Total time (CPU seconds):       0.11   (Wallclock seconds):       0.11

