Welcome to the CBC MILP Solver 
Version: 2.10.3 
Build Date: Dec 15 2019 

command line - E:\dachuang\.venv\Lib\site-packages\pulp\apis\../solverdir/cbc/win/i64/cbc.exe model.mps -primalTolerance 1e-9 -integerTolerance 1e-9 -ratioGap 0 -allowableGap 0 -threads 0 -branch -printingOptions all -solution solution.txt -saveSolution solution.bin -quit (default strategy 1)
At line 2 NAME          MODEL
At line 3 ROWS
At line 317 COLUMNS
At line 1133 RHS
At line 1446 BOUNDS
At line 1521 ENDATA
Problem MODEL has 312 rows, 241 columns and 647 elements
Coin0008I MODEL read with 0 errors
primalTolerance was changed from 1e-07 to 1e-09
integerTolerance was changed from 1e-07 to 1e-09
ratioGap was changed from 0 to 0
allowableGap was changed from 1e-10 to 0
Continuous objective value is 2.78335e+06 - 0.00 seconds
Cgl0004I processed model has 110 rows, 149 columns (24 integer (24 of which binary)) and 315 elements
Cbc0038I Initial state - 6 integers unsatisfied sum - 1.95191
Cbc0038I Pass   1: suminf.    0.00000 (0) obj. 2.85302e+06 iterations 10
Cbc0038I Solution found of 2.85302e+06
Cbc0038I Relaxing continuous gives 2.85302e+06
Cbc0038I Before mini branch and bound, 18 integers at bound fixed and 78 continuous
Cbc0038I Full problem 110 rows 149 columns, reduced to 4 rows 6 columns
Cbc0038I Mini branch and bound improved solution from 2.85302e+06 to 2.7837e+06 (0.01 seconds)
Cbc0038I Freeing continuous variables gives a solution of 2.7837e+06
Cbc0038I Round again with cutoff of 2.78366e+06
Cbc0038I Pass   2: suminf.    0.54761 (2) obj. 2.78366e+06 iterations 3
Cbc0038I Pass   3: suminf.    0.00000 (0) obj. 2.78366e+06 iterations 8
Cbc0038I Solution found of 2.78366e+06
Cbc0038I Relaxing continuous gives 2.78363e+06
Cbc0038I Before mini branch and bound, 18 integers at bound fixed and 77 continuous
Cbc0038I Full problem 110 rows 149 columns, reduced to 11 rows 15 columns
Cbc0038I Mini branch and bound improved solution from 2.78363e+06 to 2.78352e+06 (0.01 seconds)
Cbc0038I Freeing continuous variables gives a solution of 2.78352e+06
Cbc0038I Round again with cutoff of 2.78348e+06
Cbc0038I Pass   4: suminf.    1.10833 (4) obj. 2.78348e+06 iterations 3
Cbc0038I Pass   5: suminf.    1.10833 (4) obj. 2.78348e+06 iterations 4
Cbc0038I Pass   6: suminf.    0.97954 (3) obj. 2.78348e+06 iterations 4
Cbc0038I Pass   7: suminf.    0.97954 (3) obj. 2.78348e+06 iterations 0
Cbc0038I Pass   8: suminf.    0.70833 (3) obj. 2.78348e+06 iterations 8
Cbc0038I Pass   9: suminf.    0.70833 (3) obj. 2.78348e+06 iterations 0
Cbc0038I Pass  10: suminf.    0.70833 (3) obj. 2.78348e+06 iterations 5
Cbc0038I Pass  11: suminf.    0.70833 (3) obj. 2.78348e+06 iterations 1
Cbc0038I Pass  12: suminf.    0.97954 (3) obj. 2.78348e+06 iterations 3
Cbc0038I Pass  13: suminf.    0.97954 (3) obj. 2.78348e+06 iterations 0
Cbc0038I Pass  14: suminf.    0.70833 (3) obj. 2.78348e+06 iterations 8
Cbc0038I Pass  15: suminf.    0.70833 (3) obj. 2.78348e+06 iterations 6
Cbc0038I Pass  16: suminf.    0.70833 (3) obj. 2.78348e+06 iterations 5
Cbc0038I Pass  17: suminf.    0.97954 (3) obj. 2.78348e+06 iterations 3
Cbc0038I Pass  18: suminf.    0.97954 (3) obj. 2.78348e+06 iterations 0
Cbc0038I Pass  19: suminf.    0.70833 (3) obj. 2.78348e+06 iterations 8
Cbc0038I Pass  20: suminf.    0.97954 (3) obj. 2.78348e+06 iterations 9
Cbc0038I Pass  21: suminf.    0.97954 (4) obj. 2.78348e+06 iterations 3
Cbc0038I Pass  22: suminf.    0.52433 (2) obj. 2.78348e+06 iterations 10
Cbc0038I Pass  23: suminf.    0.52433 (2) obj. 2.78348e+06 iterations 0
Cbc0038I Pass  24: suminf.    0.53320 (2) obj. 2.78348e+06 iterations 5
Cbc0038I Pass  25: suminf.    0.14767 (1) obj. 2.78348e+06 iterations 2
Cbc0038I Pass  26: suminf.    0.14070 (1) obj. 2.78348e+06 iterations 1
Cbc0038I Pass  27: suminf.    0.14070 (1) obj. 2.78348e+06 iterations 6
Cbc0038I Pass  28: suminf.    0.14767 (1) obj. 2.78348e+06 iterations 1
Cbc0038I Pass  29: suminf.    0.14070 (1) obj. 2.78348e+06 iterations 1
Cbc0038I Pass  30: suminf.    0.94017 (3) obj. 2.78348e+06 iterations 17
Cbc0038I Pass  31: suminf.    0.83324 (3) obj. 2.78348e+06 iterations 5
Cbc0038I Pass  32: suminf.    0.14767 (1) obj. 2.78348e+06 iterations 3
Cbc0038I Pass  33: suminf.    0.00000 (0) obj. 2.78348e+06 iterations 3
Cbc0038I Rounding solution of 2.78348e+06 is better than previous of 2.78352e+06

Cbc0038I Before mini branch and bound, 8 integers at bound fixed and 66 continuous
Cbc0038I Full problem 110 rows 149 columns, reduced to 19 rows 26 columns
Cbc0038I Mini branch and bound improved solution from 2.78348e+06 to 2.78346e+06 (0.03 seconds)
Cbc0038I Freeing continuous variables gives a solution of 2.78346e+06
Cbc0038I Round again with cutoff of 2.78343e+06
Cbc0038I Pass  33: suminf.    1.36270 (5) obj. 2.78343e+06 iterations 1
Cbc0038I Pass  34: suminf.    1.36270 (5) obj. 2.78343e+06 iterations 3
Cbc0038I Pass  35: suminf.    1.28556 (5) obj. 2.78343e+06 iterations 8
Cbc0038I Pass  36: suminf.    1.18266 (5) obj. 2.78343e+06 iterations 1
Cbc0038I Pass  37: suminf.    0.96270 (4) obj. 2.78343e+06 iterations 11
Cbc0038I Pass  38: suminf.    0.96270 (4) obj. 2.78343e+06 iterations 0
Cbc0038I Pass  39: suminf.    0.96270 (4) obj. 2.78343e+06 iterations 8
Cbc0038I Pass  40: suminf.    1.28556 (5) obj. 2.78343e+06 iterations 6
Cbc0038I Pass  41: suminf.    1.18266 (5) obj. 2.78343e+06 iterations 1
Cbc0038I Pass  42: suminf.    0.96270 (4) obj. 2.78343e+06 iterations 9
Cbc0038I Pass  43: suminf.    0.96270 (4) obj. 2.78343e+06 iterations 0
Cbc0038I Pass  44: suminf.    0.97280 (4) obj. 2.78343e+06 iterations 10
Cbc0038I Pass  45: suminf.    0.37791 (3) obj. 2.78343e+06 iterations 7
Cbc0038I Pass  46: suminf.    0.77870 (2) obj. 2.78343e+06 iterations 8
Cbc0038I Pass  47: suminf.    0.77870 (2) obj. 2.78343e+06 iterations 1
Cbc0038I Pass  48: suminf.    0.77041 (3) obj. 2.78343e+06 iterations 5
Cbc0038I Pass  49: suminf.    0.77870 (2) obj. 2.78343e+06 iterations 7
Cbc0038I Pass  50: suminf.    1.04980 (4) obj. 2.78343e+06 iterations 15
Cbc0038I Pass  51: suminf.    0.58991 (4) obj. 2.78343e+06 iterations 4
Cbc0038I Pass  52: suminf.    0.77870 (2) obj. 2.78343e+06 iterations 6
Cbc0038I Pass  53: suminf.    0.77870 (2) obj. 2.78343e+06 iterations 0
Cbc0038I Pass  54: suminf.    0.77041 (3) obj. 2.78343e+06 iterations 4
Cbc0038I Pass  55: suminf.    0.77870 (2) obj. 2.78343e+06 iterations 7
Cbc0038I Pass  56: suminf.    1.28556 (5) obj. 2.78343e+06 iterations 7
Cbc0038I Pass  57: suminf.    1.18266 (5) obj. 2.78343e+06 iterations 1
Cbc0038I Pass  58: suminf.    0.96270 (4) obj. 2.78343e+06 iterations 11
Cbc0038I Pass  59: suminf.    0.96270 (4) obj. 2.78343e+06 iterations 0
Cbc0038I Pass  60: suminf.    1.28556 (5) obj. 2.78343e+06 iterations 9
Cbc0038I Pass  61: suminf.    0.50080 (2) obj. 2.78343e+06 iterations 15
Cbc0038I Pass  62: suminf.    0.14282 (2) obj. 2.78343e+06 iterations 3
Cbc0038I No solution found this major pass
Cbc0038I Before mini branch and bound, 7 integers at bound fixed and 68 continuous
Cbc0038I Full problem 110 rows 149 columns, reduced to 17 rows 23 columns
Cbc0038I Mini branch and bound did not improve solution (0.04 seconds)
Cbc0038I After 0.04 seconds - Feasibility pump exiting with objective of 2.78346e+06 - took 0.04 seconds
Cbc0012I Integer solution of 2783463.4 found by feasibility pump after 0 iterations and 0 nodes (0.04 seconds)
Cbc0038I Full problem 110 rows 149 columns, reduced to 63 rows 96 columns
Cbc0031I 5 added rows had average density of 17
Cbc0013I At root node, 5 cuts changed objective from 2783352.9 to 2783462.7 in 21 passes
Cbc0014I Cut generator 0 (Probing) - 1 row cuts average 2.0 elements, 5 column cuts (5 active)  in 0.003 seconds - new frequency is 1
Cbc0014I Cut generator 1 (Gomory) - 27 row cuts average 24.4 elements, 0 column cuts (0 active)  in 0.001 seconds - new frequency is 1
Cbc0014I Cut generator 2 (Knapsack) - 0 row cuts average 0.0 elements, 0 column cuts (0 active)  in 0.004 seconds - new frequency is -100
Cbc0014I Cut generator 3 (Clique) - 0 row cuts average 0.0 elements, 0 column cuts (0 active)  in 0.000 seconds - new frequency is -100
Cbc0014I Cut generator 4 (MixedIntegerRounding2) - 2 row cuts average 3.5 elements, 0 column cuts (0 active)  in 0.000 seconds - new frequency is -100
Cbc0014I Cut generator 5 (FlowCover) - 0 row cuts average 0.0 elements, 0 column cuts (0 active)  in 0.001 seconds - new frequency is -100
Cbc0014I Cut generator 6 (TwoMirCuts) - 13 row cuts average 11.7 elements, 0 column cuts (0 active)  in 0.000 seconds - new frequency is -100
Cbc0010I After 0 nodes, 1 on tree, 2783463.4 best solution, best possible 2783462.7 (0.07 seconds)
Cbc0001I Search completed - best objective 2783463.382825292, took 107 iterations and 2 nodes (0.07 seconds)
Cbc0032I Strong branching done 6 times (19 iterations), fathomed 1 nodes and fixed 1 variables
Cbc0035I Maximum depth 0, 1 variables fixed on reduced cost
Cuts at root node changed objective from 2.78335e+06 to 2.78346e+06
Probing was tried 22 times and created 6 cuts of which 0 were active after adding rounds of cuts (0.003 seconds)
Gomory was tried 22 times and created 27 cuts of which 0 were active after adding rounds of cuts (0.001 seconds)
Knapsack was tried 21 times and created 0 cuts of which 0 were active after adding rounds of cuts (0.004 seconds)
Clique was tried 21 times and created 0 cuts of which 0 were active after adding rounds of cuts (0.000 seconds)
MixedIntegerRounding2 was tried 21 times and created 2 cuts of which 0 were active after adding rounds of cuts (0.000 seconds)
FlowCover was tried 21 times and created 0 cuts of which 0 were active after adding rounds of cuts (0.001 seconds)
TwoMirCuts was tried 21 times and created 13 cuts of which 0 were active after adding rounds of cuts (0.000 seconds)
ZeroHalf was tried 1 times and created 0 cuts of which 0 were active after adding rounds of cuts (0.000 seconds)

Result - Optimal solution found

Objective value:                2783463.38282529
Enumerated nodes:               2
Total iterations:               107
Time (CPU seconds):             0.07
Time (Wallclock seconds):       0.07

Option for printingOptions changed from normal to all
Total time (CPU seconds):       0.10   (Wallclock seconds):       0.10

