Welcome to the CBC MILP Solver 
Version: 2.10.3 
Build Date: Dec 15 2019 

command line - E:\dachuang\.venv\Lib\site-packages\pulp\apis\../solverdir/cbc/win/i64/cbc.exe model.mps -primalTolerance 1e-9 -integerTolerance 1e-9 -ratioGap 0 -allowableGap 0 -threads 0 -branch -printingOptions all -solution solution.txt -saveSolution solution.bin -quit (default strategy 1)
At line 2 NAME          MODEL
At line 3 ROWS
At line 317 COLUMNS
At line 1133 RHS
At line 1446 BOUNDS
At line 1521 ENDATA
Problem MODEL has 312 rows, 241 columns and 647 elements
Coin0008I MODEL read with 0 errors
primalTolerance was changed from 1e-07 to 1e-09
integerTolerance was changed from 1e-07 to 1e-09
ratioGap was changed from 0 to 0
allowableGap was changed from 1e-10 to 0
Continuous objective value is 1.10247e+06 - 0.00 seconds
Cgl0004I processed model has 114 rows, 159 columns (24 integer (24 of which binary)) and 337 elements
Cbc0038I Initial state - 9 integers unsatisfied sum - 2.14509
Cbc0038I Pass   1: suminf.    0.00000 (0) obj. 1.25421e+06 iterations 22
Cbc0038I Solution found of 1.25421e+06
Cbc0038I Relaxing continuous gives 1.22551e+06
Cbc0038I Before mini branch and bound, 15 integers at bound fixed and 81 continuous
Cbc0038I Full problem 114 rows 159 columns, reduced to 7 rows 12 columns
Cbc0038I Mini branch and bound improved solution from 1.22551e+06 to 1.10271e+06 (0.01 seconds)
Cbc0038I Freeing continuous variables gives a solution of 1.10261e+06
Cbc0038I Round again with cutoff of 1.10259e+06
Cbc0038I Pass   2: suminf.    1.62889 (5) obj. 1.10259e+06 iterations 23
Cbc0038I Pass   3: suminf.    0.32253 (1) obj. 1.10259e+06 iterations 13
Cbc0038I Pass   4: suminf.    0.00000 (0) obj. 1.10259e+06 iterations 1
Cbc0038I Solution found of 1.10259e+06
Cbc0038I Relaxing continuous gives 1.10255e+06
Cbc0038I Before mini branch and bound, 13 integers at bound fixed and 77 continuous
Cbc0038I Full problem 114 rows 159 columns, reduced to 15 rows 19 columns
Cbc0038I Mini branch and bound improved solution from 1.10255e+06 to 1.10253e+06 (0.02 seconds)
Cbc0038I Freeing continuous variables gives a solution of 1.10253e+06
Cbc0038I Round again with cutoff of 1.10252e+06
Cbc0038I Pass   5: suminf.    1.77722 (5) obj. 1.10252e+06 iterations 0
Cbc0038I Pass   6: suminf.    1.29353 (5) obj. 1.10252e+06 iterations 12
Cbc0038I Pass   7: suminf.    0.89315 (3) obj. 1.10252e+06 iterations 8
Cbc0038I Pass   8: suminf.    0.14450 (2) obj. 1.10252e+06 iterations 7
Cbc0038I Pass   9: suminf.    0.61932 (4) obj. 1.10252e+06 iterations 3
Cbc0038I Pass  10: suminf.    0.61932 (4) obj. 1.10252e+06 iterations 1
Cbc0038I Pass  11: suminf.    1.49282 (6) obj. 1.10252e+06 iterations 5
Cbc0038I Pass  12: suminf.    1.03882 (5) obj. 1.10252e+06 iterations 3
Cbc0038I Pass  13: suminf.    1.58174 (5) obj. 1.10252e+06 iterations 16
Cbc0038I Pass  14: suminf.    1.58174 (5) obj. 1.10252e+06 iterations 0
Cbc0038I Pass  15: suminf.    0.42306 (2) obj. 1.10252e+06 iterations 7
Cbc0038I Pass  16: suminf.    0.40360 (3) obj. 1.10252e+06 iterations 3
Cbc0038I Pass  17: suminf.    0.84775 (3) obj. 1.10252e+06 iterations 11
Cbc0038I Pass  18: suminf.    0.80439 (2) obj. 1.10252e+06 iterations 2
Cbc0038I Pass  19: suminf.    0.80439 (2) obj. 1.10252e+06 iterations 3
Cbc0038I Pass  20: suminf.    0.42306 (2) obj. 1.10252e+06 iterations 3
Cbc0038I Pass  21: suminf.    0.40360 (3) obj. 1.10252e+06 iterations 3
Cbc0038I Pass  22: suminf.    0.84775 (3) obj. 1.10252e+06 iterations 11
Cbc0038I Pass  23: suminf.    0.80439 (2) obj. 1.10252e+06 iterations 2
Cbc0038I Pass  24: suminf.    0.80439 (2) obj. 1.10252e+06 iterations 3
Cbc0038I Pass  25: suminf.    0.42306 (2) obj. 1.10252e+06 iterations 3
Cbc0038I Pass  26: suminf.    0.40360 (3) obj. 1.10252e+06 iterations 3
Cbc0038I Pass  27: suminf.    0.84775 (3) obj. 1.10252e+06 iterations 11
Cbc0038I Pass  28: suminf.    0.80439 (2) obj. 1.10252e+06 iterations 2
Cbc0038I Pass  29: suminf.    0.80439 (2) obj. 1.10252e+06 iterations 3
Cbc0038I Pass  30: suminf.    0.42306 (2) obj. 1.10252e+06 iterations 3
Cbc0038I Pass  31: suminf.    0.40360 (3) obj. 1.10252e+06 iterations 3
Cbc0038I Pass  32: suminf.    0.84775 (3) obj. 1.10252e+06 iterations 11
Cbc0038I Pass  33: suminf.    0.80439 (2) obj. 1.10252e+06 iterations 2
Cbc0038I Pass  34: suminf.    0.80439 (2) obj. 1.10252e+06 iterations 1
Cbc0038I No solution found this major pass
Cbc0038I Before mini branch and bound, 6 integers at bound fixed and 72 continuous
Cbc0038I Full problem 114 rows 159 columns, reduced to 21 rows 27 columns
Cbc0038I Mini branch and bound did not improve solution (0.03 seconds)
Cbc0038I After 0.03 seconds - Feasibility pump exiting with objective of 1.10253e+06 - took 0.02 seconds
Cbc0012I Integer solution of 1102527 found by feasibility pump after 0 iterations and 0 nodes (0.03 seconds)
Cbc0038I Full problem 114 rows 159 columns, reduced to 78 rows 119 columns
Cbc0031I 10 added rows had average density of 8.2
Cbc0013I At root node, 10 cuts changed objective from 1102474.8 to 1102501.8 in 18 passes
Cbc0014I Cut generator 0 (Probing) - 4 row cuts average 2.0 elements, 0 column cuts (0 active)  in 0.001 seconds - new frequency is 1
Cbc0014I Cut generator 1 (Gomory) - 40 row cuts average 17.4 elements, 0 column cuts (0 active)  in 0.001 seconds - new frequency is 1
Cbc0014I Cut generator 2 (Knapsack) - 0 row cuts average 0.0 elements, 0 column cuts (0 active)  in 0.002 seconds - new frequency is -100
Cbc0014I Cut generator 3 (Clique) - 0 row cuts average 0.0 elements, 0 column cuts (0 active)  in 0.000 seconds - new frequency is -100
Cbc0014I Cut generator 4 (MixedIntegerRounding2) - 11 row cuts average 5.8 elements, 0 column cuts (0 active)  in 0.000 seconds - new frequency is 1
Cbc0014I Cut generator 5 (FlowCover) - 1 row cuts average 2.0 elements, 0 column cuts (0 active)  in 0.001 seconds - new frequency is -100
Cbc0014I Cut generator 6 (TwoMirCuts) - 21 row cuts average 8.6 elements, 0 column cuts (0 active)  in 0.002 seconds - new frequency is -100
Cbc0010I After 0 nodes, 1 on tree, 1102527 best solution, best possible 1102501.8 (0.06 seconds)
Cbc0001I Search completed - best objective 1102527.04554619, took 240 iterations and 14 nodes (0.09 seconds)
Cbc0032I Strong branching done 56 times (159 iterations), fathomed 6 nodes and fixed 2 variables
Cbc0035I Maximum depth 3, 1 variables fixed on reduced cost
Cuts at root node changed objective from 1.10247e+06 to 1.1025e+06
Probing was tried 54 times and created 13 cuts of which 0 were active after adding rounds of cuts (0.003 seconds)
Gomory was tried 54 times and created 91 cuts of which 0 were active after adding rounds of cuts (0.001 seconds)
Knapsack was tried 18 times and created 0 cuts of which 0 were active after adding rounds of cuts (0.002 seconds)
Clique was tried 18 times and created 0 cuts of which 0 were active after adding rounds of cuts (0.000 seconds)
MixedIntegerRounding2 was tried 54 times and created 17 cuts of which 0 were active after adding rounds of cuts (0.001 seconds)
FlowCover was tried 18 times and created 1 cuts of which 0 were active after adding rounds of cuts (0.001 seconds)
TwoMirCuts was tried 18 times and created 21 cuts of which 0 were active after adding rounds of cuts (0.002 seconds)
ZeroHalf was tried 1 times and created 0 cuts of which 0 were active after adding rounds of cuts (0.000 seconds)

Result - Optimal solution found

Objective value:                1102527.04554619
Enumerated nodes:               14
Total iterations:               240
Time (CPU seconds):             0.10
Time (Wallclock seconds):       0.10

Option for printingOptions changed from normal to all
Total time (CPU seconds):       0.13   (Wallclock seconds):       0.13

