Welcome to the CBC MILP Solver 
Version: 2.10.3 
Build Date: Dec 15 2019 

command line - E:\dachuang\.venv\Lib\site-packages\pulp\apis\../solverdir/cbc/win/i64/cbc.exe model.mps -primalTolerance 1e-9 -integerTolerance 1e-9 -ratioGap 0 -allowableGap 0 -threads 0 -branch -printingOptions all -solution solution.txt -saveSolution solution.bin -quit (default strategy 1)
At line 2 NAME          MODEL
At line 3 ROWS
At line 317 COLUMNS
At line 1133 RHS
At line 1446 BOUNDS
At line 1521 ENDATA
Problem MODEL has 312 rows, 241 columns and 647 elements
Coin0008I MODEL read with 0 errors
primalTolerance was changed from 1e-07 to 1e-09
integerTolerance was changed from 1e-07 to 1e-09
ratioGap was changed from 0 to 0
allowableGap was changed from 1e-10 to 0
Continuous objective value is 1.111e+06 - 0.00 seconds
Cgl0004I processed model has 115 rows, 161 columns (24 integer (24 of which binary)) and 342 elements
Cbc0038I Initial state - 8 integers unsatisfied sum - 2.32725
Cbc0038I Pass   1: suminf.    0.00000 (0) obj. 1.13483e+06 iterations 17
Cbc0038I Solution found of 1.13483e+06
Cbc0038I Relaxing continuous gives 1.11686e+06
Cbc0038I Before mini branch and bound, 16 integers at bound fixed and 87 continuous
Cbc0038I Full problem 115 rows 161 columns, reduced to 6 rows 9 columns
Cbc0038I Mini branch and bound improved solution from 1.11686e+06 to 1.11135e+06 (0.01 seconds)
Cbc0038I Round again with cutoff of 1.11131e+06
Cbc0038I Pass   2: suminf.    0.65841 (3) obj. 1.11131e+06 iterations 12
Cbc0038I Pass   3: suminf.    0.00000 (0) obj. 1.11131e+06 iterations 11
Cbc0038I Solution found of 1.11131e+06
Cbc0038I Relaxing continuous gives 1.11114e+06
Cbc0038I Before mini branch and bound, 13 integers at bound fixed and 80 continuous
Cbc0038I Full problem 115 rows 161 columns, reduced to 17 rows 23 columns
Cbc0038I Mini branch and bound improved solution from 1.11114e+06 to 1.11114e+06 (0.02 seconds)
Cbc0038I Round again with cutoff of 1.11111e+06
Cbc0038I Pass   4: suminf.    0.63051 (4) obj. 1.11111e+06 iterations 2
Cbc0038I Pass   5: suminf.    0.62551 (3) obj. 1.11111e+06 iterations 1
Cbc0038I Pass   6: suminf.    0.49553 (1) obj. 1.11111e+06 iterations 11
Cbc0038I Pass   7: suminf.    0.01721 (1) obj. 1.11111e+06 iterations 1
Cbc0038I Pass   8: suminf.    0.41521 (2) obj. 1.11111e+06 iterations 7
Cbc0038I Pass   9: suminf.    0.01721 (1) obj. 1.11111e+06 iterations 1
Cbc0038I Pass  10: suminf.    0.49553 (1) obj. 1.11111e+06 iterations 4
Cbc0038I Pass  11: suminf.    1.68181 (7) obj. 1.11111e+06 iterations 10
Cbc0038I Pass  12: suminf.    0.57003 (5) obj. 1.11111e+06 iterations 6
Cbc0038I Pass  13: suminf.    0.46279 (2) obj. 1.11111e+06 iterations 10
Cbc0038I Pass  14: suminf.    0.16753 (1) obj. 1.11111e+06 iterations 4
Cbc0038I Pass  15: suminf.    0.46279 (1) obj. 1.11111e+06 iterations 1
Cbc0038I Pass  16: suminf.    1.16474 (4) obj. 1.11111e+06 iterations 14
Cbc0038I Pass  17: suminf.    0.76674 (3) obj. 1.11111e+06 iterations 3
Cbc0038I Pass  18: suminf.    0.49553 (2) obj. 1.11111e+06 iterations 6
Cbc0038I Pass  19: suminf.    0.27881 (1) obj. 1.11111e+06 iterations 3
Cbc0038I Pass  20: suminf.    0.16753 (1) obj. 1.11111e+06 iterations 4
Cbc0038I Pass  21: suminf.    1.54353 (5) obj. 1.11111e+06 iterations 11
Cbc0038I Pass  22: suminf.    1.22774 (4) obj. 1.11111e+06 iterations 3
Cbc0038I Pass  23: suminf.    0.49553 (1) obj. 1.11111e+06 iterations 5
Cbc0038I Pass  24: suminf.    0.11471 (1) obj. 1.11111e+06 iterations 2
Cbc0038I Pass  25: suminf.    0.96308 (4) obj. 1.11111e+06 iterations 17
Cbc0038I Pass  26: suminf.    0.38903 (3) obj. 1.11111e+06 iterations 2
Cbc0038I Pass  27: suminf.    0.46279 (1) obj. 1.11111e+06 iterations 3
Cbc0038I Pass  28: suminf.    0.16753 (1) obj. 1.11111e+06 iterations 1
Cbc0038I Pass  29: suminf.    1.52403 (4) obj. 1.11111e+06 iterations 15
Cbc0038I Pass  30: suminf.    1.52403 (4) obj. 1.11111e+06 iterations 1
Cbc0038I Pass  31: suminf.    0.11471 (1) obj. 1.11111e+06 iterations 5
Cbc0038I Pass  32: suminf.    0.49553 (1) obj. 1.11111e+06 iterations 1
Cbc0038I Pass  33: suminf.    1.32279 (5) obj. 1.11111e+06 iterations 15
Cbc0038I No solution found this major pass
Cbc0038I Before mini branch and bound, 3 integers at bound fixed and 72 continuous
Cbc0038I Full problem 115 rows 161 columns, reduced to 20 rows 27 columns
Cbc0038I Mini branch and bound improved solution from 1.11114e+06 to 1.11111e+06 (0.03 seconds)
Cbc0038I Freeing continuous variables gives a solution of 1.11111e+06
Cbc0038I Round again with cutoff of 1.11108e+06
Cbc0038I Pass  33: suminf.    0.76817 (4) obj. 1.11108e+06 iterations 0
Cbc0038I Pass  34: suminf.    0.76317 (3) obj. 1.11108e+06 iterations 1
Cbc0038I Pass  35: suminf.    0.35195 (1) obj. 1.11108e+06 iterations 11
Cbc0038I Pass  36: suminf.    0.15487 (1) obj. 1.11108e+06 iterations 1
Cbc0038I Pass  37: suminf.    0.64805 (3) obj. 1.11108e+06 iterations 10
Cbc0038I Pass  38: suminf.    0.32513 (2) obj. 1.11108e+06 iterations 7
Cbc0038I Pass  39: suminf.    0.32005 (1) obj. 1.11108e+06 iterations 4
Cbc0038I Pass  40: suminf.    0.32513 (1) obj. 1.11108e+06 iterations 1
Cbc0038I Pass  41: suminf.    0.32513 (1) obj. 1.11108e+06 iterations 1
Cbc0038I Pass  42: suminf.    0.32005 (1) obj. 1.11108e+06 iterations 12
Cbc0038I Pass  43: suminf.    0.67487 (2) obj. 1.11108e+06 iterations 2
Cbc0038I Pass  44: suminf.    0.32005 (1) obj. 1.11108e+06 iterations 4
Cbc0038I Pass  45: suminf.    0.32005 (1) obj. 1.11108e+06 iterations 3
Cbc0038I Pass  46: suminf.    0.81972 (4) obj. 1.11108e+06 iterations 16
Cbc0038I Pass  47: suminf.    0.81972 (4) obj. 1.11108e+06 iterations 3
Cbc0038I Pass  48: suminf.    0.35195 (1) obj. 1.11108e+06 iterations 9
Cbc0038I Pass  49: suminf.    0.25237 (1) obj. 1.11108e+06 iterations 4
Cbc0038I Pass  50: suminf.    0.25237 (1) obj. 1.11108e+06 iterations 2
Cbc0038I Pass  51: suminf.    0.35195 (1) obj. 1.11108e+06 iterations 1
Cbc0038I Pass  52: suminf.    0.25237 (1) obj. 1.11108e+06 iterations 4
Cbc0038I Pass  53: suminf.    0.99965 (3) obj. 1.11108e+06 iterations 7
Cbc0038I Pass  54: suminf.    0.72087 (2) obj. 1.11108e+06 iterations 1
Cbc0038I Pass  55: suminf.    0.35195 (1) obj. 1.11108e+06 iterations 2
Cbc0038I Pass  56: suminf.    0.25237 (1) obj. 1.11108e+06 iterations 2
Cbc0038I Pass  57: suminf.    1.48676 (5) obj. 1.11108e+06 iterations 8
Cbc0038I Pass  58: suminf.    1.48676 (5) obj. 1.11108e+06 iterations 1
Cbc0038I Pass  59: suminf.    0.35195 (1) obj. 1.11108e+06 iterations 6
Cbc0038I Pass  60: suminf.    0.25237 (1) obj. 1.11108e+06 iterations 2
Cbc0038I Pass  61: suminf.    0.81295 (2) obj. 1.11108e+06 iterations 10
Cbc0038I Pass  62: suminf.    0.78105 (2) obj. 1.11108e+06 iterations 4
Cbc0038I No solution found this major pass
Cbc0038I Before mini branch and bound, 4 integers at bound fixed and 72 continuous
Cbc0038I Full problem 115 rows 161 columns, reduced to 23 rows 30 columns
Cbc0038I Mini branch and bound did not improve solution (0.05 seconds)
Cbc0038I After 0.05 seconds - Feasibility pump exiting with objective of 1.11111e+06 - took 0.04 seconds
Cbc0012I Integer solution of 1111113.5 found by feasibility pump after 0 iterations and 0 nodes (0.05 seconds)
Cbc0038I Full problem 115 rows 161 columns, reduced to 83 rows 128 columns
Cbc0031I 8 added rows had average density of 21.875
Cbc0013I At root node, 8 cuts changed objective from 1111003 to 1111063.8 in 100 passes
Cbc0014I Cut generator 0 (Probing) - 7 row cuts average 2.0 elements, 3 column cuts (3 active)  in 0.010 seconds - new frequency is 1
Cbc0014I Cut generator 1 (Gomory) - 269 row cuts average 29.3 elements, 0 column cuts (0 active)  in 0.012 seconds - new frequency is 1
Cbc0014I Cut generator 2 (Knapsack) - 0 row cuts average 0.0 elements, 0 column cuts (0 active)  in 0.019 seconds - new frequency is -100
Cbc0014I Cut generator 3 (Clique) - 0 row cuts average 0.0 elements, 0 column cuts (0 active)  in 0.000 seconds - new frequency is -100
Cbc0014I Cut generator 4 (MixedIntegerRounding2) - 4 row cuts average 4.0 elements, 0 column cuts (0 active)  in 0.008 seconds - new frequency is -100
Cbc0014I Cut generator 5 (FlowCover) - 0 row cuts average 0.0 elements, 0 column cuts (0 active)  in 0.021 seconds - new frequency is -100
Cbc0014I Cut generator 6 (TwoMirCuts) - 16 row cuts average 10.9 elements, 0 column cuts (0 active)  in 0.004 seconds - new frequency is -100
Cbc0010I After 0 nodes, 1 on tree, 1111113.5 best solution, best possible 1111063.8 (0.18 seconds)
Cbc0001I Search completed - best objective 1111113.479778183, took 950 iterations and 12 nodes (0.22 seconds)
Cbc0032I Strong branching done 48 times (144 iterations), fathomed 4 nodes and fixed 2 variables
Cbc0035I Maximum depth 3, 0 variables fixed on reduced cost
Cuts at root node changed objective from 1.111e+06 to 1.11106e+06
Probing was tried 149 times and created 11 cuts of which 0 were active after adding rounds of cuts (0.013 seconds)
Gomory was tried 149 times and created 323 cuts of which 0 were active after adding rounds of cuts (0.012 seconds)
Knapsack was tried 100 times and created 0 cuts of which 0 were active after adding rounds of cuts (0.019 seconds)
Clique was tried 100 times and created 0 cuts of which 0 were active after adding rounds of cuts (0.000 seconds)
MixedIntegerRounding2 was tried 100 times and created 4 cuts of which 0 were active after adding rounds of cuts (0.008 seconds)
FlowCover was tried 100 times and created 0 cuts of which 0 were active after adding rounds of cuts (0.021 seconds)
TwoMirCuts was tried 100 times and created 16 cuts of which 0 were active after adding rounds of cuts (0.004 seconds)
ZeroHalf was tried 1 times and created 0 cuts of which 0 were active after adding rounds of cuts (0.000 seconds)

Result - Optimal solution found

Objective value:                1111113.47977818
Enumerated nodes:               12
Total iterations:               950
Time (CPU seconds):             0.22
Time (Wallclock seconds):       0.22

Option for printingOptions changed from normal to all
Total time (CPU seconds):       0.25   (Wallclock seconds):       0.25

