Welcome to the CBC MILP Solver 
Version: 2.10.3 
Build Date: Dec 15 2019 

command line - E:\dachuang\.venv\Lib\site-packages\pulp\apis\../solverdir/cbc/win/i64/cbc.exe model.mps -primalTolerance 1e-9 -integerTolerance 1e-9 -ratioGap 0 -allowableGap 0 -threads 0 -branch -printingOptions all -solution solution.txt -saveSolution solution.bin -quit (default strategy 1)
At line 2 NAME          MODEL
At line 3 ROWS
At line 317 COLUMNS
At line 1133 RHS
At line 1446 BOUNDS
At line 1521 ENDATA
Problem MODEL has 312 rows, 241 columns and 647 elements
Coin0008I MODEL read with 0 errors
primalTolerance was changed from 1e-07 to 1e-09
integerTolerance was changed from 1e-07 to 1e-09
ratioGap was changed from 0 to 0
allowableGap was changed from 1e-10 to 0
Continuous objective value is 1.97693e+06 - 0.00 seconds
Cgl0004I processed model has 113 rows, 157 columns (24 integer (24 of which binary)) and 332 elements
Cbc0038I Initial state - 9 integers unsatisfied sum - 1.96995
Cbc0038I Pass   1: suminf.    0.00000 (0) obj. 1.98913e+06 iterations 14
Cbc0038I Solution found of 1.98913e+06
Cbc0038I Relaxing continuous gives 1.98744e+06
Cbc0038I Before mini branch and bound, 15 integers at bound fixed and 84 continuous
Cbc0038I Full problem 113 rows 157 columns, reduced to 6 rows 8 columns
Cbc0038I Mini branch and bound improved solution from 1.98744e+06 to 1.97727e+06 (0.01 seconds)
Cbc0038I Round again with cutoff of 1.97723e+06
Cbc0038I Pass   2: suminf.    0.30111 (3) obj. 1.97723e+06 iterations 6
Cbc0038I Pass   3: suminf.    0.00000 (0) obj. 1.97723e+06 iterations 11
Cbc0038I Solution found of 1.97723e+06
Cbc0038I Relaxing continuous gives 1.97714e+06
Cbc0038I Before mini branch and bound, 15 integers at bound fixed and 84 continuous
Cbc0038I Full problem 113 rows 157 columns, reduced to 12 rows 16 columns
Cbc0038I Mini branch and bound improved solution from 1.97714e+06 to 1.9771e+06 (0.02 seconds)
Cbc0038I Round again with cutoff of 1.97706e+06
Cbc0038I Pass   4: suminf.    0.48953 (4) obj. 1.97706e+06 iterations 3
Cbc0038I Pass   5: suminf.    0.46873 (5) obj. 1.97706e+06 iterations 3
Cbc0038I Pass   6: suminf.    0.90856 (3) obj. 1.97706e+06 iterations 16
Cbc0038I Pass   7: suminf.    0.71602 (3) obj. 1.97706e+06 iterations 3
Cbc0038I Pass   8: suminf.    0.71602 (2) obj. 1.97706e+06 iterations 2
Cbc0038I Pass   9: suminf.    0.97052 (3) obj. 1.97706e+06 iterations 3
Cbc0038I Pass  10: suminf.    0.83694 (2) obj. 1.97706e+06 iterations 1
Cbc0038I Pass  11: suminf.    0.71602 (2) obj. 1.97706e+06 iterations 7
Cbc0038I Pass  12: suminf.    0.71602 (2) obj. 1.97706e+06 iterations 1
Cbc0038I Pass  13: suminf.    0.97052 (3) obj. 1.97706e+06 iterations 3
Cbc0038I Pass  14: suminf.    0.83694 (2) obj. 1.97706e+06 iterations 1
Cbc0038I Pass  15: suminf.    1.25640 (4) obj. 1.97706e+06 iterations 12
Cbc0038I Pass  16: suminf.    0.94061 (3) obj. 1.97706e+06 iterations 1
Cbc0038I Pass  17: suminf.    0.83694 (2) obj. 1.97706e+06 iterations 4
Cbc0038I Pass  18: suminf.    0.71602 (2) obj. 1.97706e+06 iterations 1
Cbc0038I Pass  19: suminf.    0.97052 (3) obj. 1.97706e+06 iterations 3
Cbc0038I Pass  20: suminf.    1.26743 (5) obj. 1.97706e+06 iterations 12
Cbc0038I Pass  21: suminf.    0.97528 (5) obj. 1.97706e+06 iterations 3
Cbc0038I Pass  22: suminf.    0.97528 (5) obj. 1.97706e+06 iterations 0
Cbc0038I Pass  23: suminf.    0.94061 (4) obj. 1.97706e+06 iterations 9
Cbc0038I Pass  24: suminf.    0.94061 (3) obj. 1.97706e+06 iterations 1
Cbc0038I Pass  25: suminf.    0.83694 (2) obj. 1.97706e+06 iterations 4
Cbc0038I Pass  26: suminf.    0.71602 (2) obj. 1.97706e+06 iterations 1
Cbc0038I Pass  27: suminf.    0.97052 (3) obj. 1.97706e+06 iterations 3
Cbc0038I Pass  28: suminf.    1.44754 (6) obj. 1.97706e+06 iterations 12
Cbc0038I Pass  29: suminf.    1.13175 (5) obj. 1.97706e+06 iterations 2
Cbc0038I Pass  30: suminf.    0.79102 (3) obj. 1.97706e+06 iterations 7
Cbc0038I Pass  31: suminf.    0.79102 (3) obj. 1.97706e+06 iterations 0
Cbc0038I Pass  32: suminf.    0.42013 (2) obj. 1.97706e+06 iterations 4
Cbc0038I Pass  33: suminf.    0.42013 (2) obj. 1.97706e+06 iterations 0
Cbc0038I No solution found this major pass
Cbc0038I Before mini branch and bound, 7 integers at bound fixed and 71 continuous
Cbc0038I Full problem 113 rows 157 columns, reduced to 18 rows 23 columns
Cbc0038I Mini branch and bound did not improve solution (0.03 seconds)
Cbc0038I After 0.03 seconds - Feasibility pump exiting with objective of 1.9771e+06 - took 0.02 seconds
Cbc0012I Integer solution of 1977099.5 found by feasibility pump after 0 iterations and 0 nodes (0.03 seconds)
Cbc0038I Full problem 113 rows 157 columns, reduced to 73 rows 114 columns
Cbc0031I 10 added rows had average density of 18.8
Cbc0013I At root node, 10 cuts changed objective from 1976926 to 1977087.7 in 100 passes
Cbc0014I Cut generator 0 (Probing) - 2 row cuts average 2.0 elements, 4 column cuts (4 active)  in 0.009 seconds - new frequency is 1
Cbc0014I Cut generator 1 (Gomory) - 224 row cuts average 40.7 elements, 0 column cuts (0 active)  in 0.012 seconds - new frequency is 1
Cbc0014I Cut generator 2 (Knapsack) - 0 row cuts average 0.0 elements, 0 column cuts (0 active)  in 0.022 seconds - new frequency is -100
Cbc0014I Cut generator 3 (Clique) - 0 row cuts average 0.0 elements, 0 column cuts (0 active)  in 0.001 seconds - new frequency is -100
Cbc0014I Cut generator 4 (MixedIntegerRounding2) - 5 row cuts average 4.0 elements, 0 column cuts (0 active)  in 0.007 seconds - new frequency is -100
Cbc0014I Cut generator 5 (FlowCover) - 0 row cuts average 0.0 elements, 0 column cuts (0 active)  in 0.015 seconds - new frequency is -100
Cbc0014I Cut generator 6 (TwoMirCuts) - 20 row cuts average 15.8 elements, 0 column cuts (0 active)  in 0.009 seconds - new frequency is -100
Cbc0010I After 0 nodes, 1 on tree, 1977099.5 best solution, best possible 1977087.8 (0.18 seconds)
Cbc0001I Search completed - best objective 1977099.485892747, took 792 iterations and 2 nodes (0.18 seconds)
Cbc0032I Strong branching done 8 times (26 iterations), fathomed 1 nodes and fixed 2 variables
Cbc0035I Maximum depth 0, 0 variables fixed on reduced cost
Cuts at root node changed objective from 1.97693e+06 to 1.97709e+06
Probing was tried 103 times and created 6 cuts of which 0 were active after adding rounds of cuts (0.009 seconds)
Gomory was tried 103 times and created 226 cuts of which 0 were active after adding rounds of cuts (0.012 seconds)
Knapsack was tried 100 times and created 0 cuts of which 0 were active after adding rounds of cuts (0.022 seconds)
Clique was tried 100 times and created 0 cuts of which 0 were active after adding rounds of cuts (0.001 seconds)
MixedIntegerRounding2 was tried 100 times and created 5 cuts of which 0 were active after adding rounds of cuts (0.007 seconds)
FlowCover was tried 100 times and created 0 cuts of which 0 were active after adding rounds of cuts (0.015 seconds)
TwoMirCuts was tried 100 times and created 20 cuts of which 0 were active after adding rounds of cuts (0.009 seconds)
ZeroHalf was tried 1 times and created 0 cuts of which 0 were active after adding rounds of cuts (0.000 seconds)

Result - Optimal solution found

Objective value:                1977099.48589275
Enumerated nodes:               2
Total iterations:               792
Time (CPU seconds):             0.18
Time (Wallclock seconds):       0.18

Option for printingOptions changed from normal to all
Total time (CPU seconds):       0.20   (Wallclock seconds):       0.20

