Welcome to the CBC MILP Solver 
Version: 2.10.3 
Build Date: Dec 15 2019 

command line - E:\dachuang\.venv\Lib\site-packages\pulp\apis\../solverdir/cbc/win/i64/cbc.exe model.mps -primalTolerance 1e-9 -integerTolerance 1e-9 -ratioGap 0 -allowableGap 0 -threads 0 -branch -printingOptions all -solution solution.txt -saveSolution solution.bin -quit (default strategy 1)
At line 2 NAME          MODEL
At line 3 ROWS
At line 317 COLUMNS
At line 1133 RHS
At line 1446 BOUNDS
At line 1521 ENDATA
Problem MODEL has 312 rows, 241 columns and 647 elements
Coin0008I MODEL read with 0 errors
primalTolerance was changed from 1e-07 to 1e-09
integerTolerance was changed from 1e-07 to 1e-09
ratioGap was changed from 0 to 0
allowableGap was changed from 1e-10 to 0
Continuous objective value is 1.14431e+06 - 0.00 seconds
Cgl0004I processed model has 115 rows, 159 columns (24 integer (24 of which binary)) and 340 elements
Cbc0038I Initial state - 11 integers unsatisfied sum - 3.07332
Cbc0038I Pass   1: suminf.    0.00000 (0) obj. 1.28831e+06 iterations 23
Cbc0038I Solution found of 1.28831e+06
Cbc0038I Relaxing continuous gives 1.28039e+06
Cbc0038I Before mini branch and bound, 13 integers at bound fixed and 79 continuous
Cbc0038I Full problem 115 rows 159 columns, reduced to 9 rows 12 columns
Cbc0038I Mini branch and bound improved solution from 1.28039e+06 to 1.14476e+06 (0.01 seconds)
Cbc0038I Round again with cutoff of 1.14472e+06
Cbc0038I Pass   2: suminf.    0.97754 (4) obj. 1.14472e+06 iterations 11
Cbc0038I Pass   3: suminf.    0.00000 (0) obj. 1.14472e+06 iterations 14
Cbc0038I Solution found of 1.14472e+06
Cbc0038I Relaxing continuous gives 1.14453e+06
Cbc0038I Before mini branch and bound, 12 integers at bound fixed and 79 continuous
Cbc0038I Full problem 115 rows 159 columns, reduced to 17 rows 23 columns
Cbc0038I Mini branch and bound improved solution from 1.14453e+06 to 1.14442e+06 (0.02 seconds)
Cbc0038I Freeing continuous variables gives a solution of 1.14442e+06
Cbc0038I Round again with cutoff of 1.1444e+06
Cbc0038I Pass   4: suminf.    1.35659 (6) obj. 1.1444e+06 iterations 4
Cbc0038I Pass   5: suminf.    1.35659 (6) obj. 1.1444e+06 iterations 0
Cbc0038I Pass   6: suminf.    1.06131 (4) obj. 1.1444e+06 iterations 18
Cbc0038I Pass   7: suminf.    0.60928 (4) obj. 1.1444e+06 iterations 7
Cbc0038I Pass   8: suminf.    0.91356 (4) obj. 1.1444e+06 iterations 13
Cbc0038I Pass   9: suminf.    0.91356 (4) obj. 1.1444e+06 iterations 0
Cbc0038I Pass  10: suminf.    0.73927 (5) obj. 1.1444e+06 iterations 15
Cbc0038I Pass  11: suminf.    0.73927 (5) obj. 1.1444e+06 iterations 0
Cbc0038I Pass  12: suminf.    0.91356 (4) obj. 1.1444e+06 iterations 12
Cbc0038I Pass  13: suminf.    1.16119 (6) obj. 1.1444e+06 iterations 6
Cbc0038I Pass  14: suminf.    1.13659 (5) obj. 1.1444e+06 iterations 1
Cbc0038I Pass  15: suminf.    1.06131 (4) obj. 1.1444e+06 iterations 21
Cbc0038I Pass  16: suminf.    0.60928 (4) obj. 1.1444e+06 iterations 6
Cbc0038I Pass  17: suminf.    0.91356 (4) obj. 1.1444e+06 iterations 12
Cbc0038I Pass  18: suminf.    0.91356 (4) obj. 1.1444e+06 iterations 0
Cbc0038I Pass  19: suminf.    0.73927 (5) obj. 1.1444e+06 iterations 15
Cbc0038I Pass  20: suminf.    0.73927 (5) obj. 1.1444e+06 iterations 0
Cbc0038I Pass  21: suminf.    0.91356 (4) obj. 1.1444e+06 iterations 14
Cbc0038I Pass  22: suminf.    1.75777 (9) obj. 1.1444e+06 iterations 18
Cbc0038I Pass  23: suminf.    0.97959 (5) obj. 1.1444e+06 iterations 4
Cbc0038I Pass  24: suminf.    1.06131 (4) obj. 1.1444e+06 iterations 20
Cbc0038I Pass  25: suminf.    0.60928 (4) obj. 1.1444e+06 iterations 6
Cbc0038I Pass  26: suminf.    0.91356 (4) obj. 1.1444e+06 iterations 10
Cbc0038I Pass  27: suminf.    0.91356 (4) obj. 1.1444e+06 iterations 0
Cbc0038I Pass  28: suminf.    0.73927 (5) obj. 1.1444e+06 iterations 12
Cbc0038I Pass  29: suminf.    0.73927 (5) obj. 1.1444e+06 iterations 0
Cbc0038I Pass  30: suminf.    0.91356 (4) obj. 1.1444e+06 iterations 14
Cbc0038I Pass  31: suminf.    1.65806 (8) obj. 1.1444e+06 iterations 11
Cbc0038I Pass  32: suminf.    0.98427 (6) obj. 1.1444e+06 iterations 5
Cbc0038I Pass  33: suminf.    0.33717 (5) obj. 1.1444e+06 iterations 14
Cbc0038I No solution found this major pass
Cbc0038I Before mini branch and bound, 4 integers at bound fixed and 67 continuous
Cbc0038I Full problem 115 rows 159 columns, reduced to 26 rows 35 columns
Cbc0038I Mini branch and bound did not improve solution (0.03 seconds)
Cbc0038I After 0.03 seconds - Feasibility pump exiting with objective of 1.14442e+06 - took 0.03 seconds
Cbc0012I Integer solution of 1144421.2 found by feasibility pump after 0 iterations and 0 nodes (0.04 seconds)
Cbc0038I Full problem 115 rows 159 columns, reduced to 83 rows 126 columns
Cbc0031I 12 added rows had average density of 9.9166667
Cbc0013I At root node, 12 cuts changed objective from 1144312 to 1144403.3 in 36 passes
Cbc0014I Cut generator 0 (Probing) - 5 row cuts average 3.4 elements, 1 column cuts (1 active)  in 0.002 seconds - new frequency is 1
Cbc0014I Cut generator 1 (Gomory) - 71 row cuts average 29.2 elements, 0 column cuts (0 active)  in 0.006 seconds - new frequency is 1
Cbc0014I Cut generator 2 (Knapsack) - 0 row cuts average 0.0 elements, 0 column cuts (0 active)  in 0.008 seconds - new frequency is -100
Cbc0014I Cut generator 3 (Clique) - 0 row cuts average 0.0 elements, 0 column cuts (0 active)  in 0.000 seconds - new frequency is -100
Cbc0014I Cut generator 4 (MixedIntegerRounding2) - 11 row cuts average 4.9 elements, 0 column cuts (0 active)  in 0.003 seconds - new frequency is 1
Cbc0014I Cut generator 5 (FlowCover) - 1 row cuts average 2.0 elements, 0 column cuts (0 active)  in 0.004 seconds - new frequency is -100
Cbc0014I Cut generator 6 (TwoMirCuts) - 27 row cuts average 14.5 elements, 0 column cuts (0 active)  in 0.002 seconds - new frequency is -100
Cbc0010I After 0 nodes, 1 on tree, 1144421.2 best solution, best possible 1144403.3 (0.09 seconds)
Cbc0001I Search completed - best objective 1144421.223936722, took 348 iterations and 16 nodes (0.13 seconds)
Cbc0032I Strong branching done 54 times (133 iterations), fathomed 7 nodes and fixed 4 variables
Cbc0035I Maximum depth 3, 0 variables fixed on reduced cost
Cuts at root node changed objective from 1.14431e+06 to 1.1444e+06
Probing was tried 72 times and created 8 cuts of which 0 were active after adding rounds of cuts (0.002 seconds)
Gomory was tried 72 times and created 104 cuts of which 0 were active after adding rounds of cuts (0.008 seconds)
Knapsack was tried 36 times and created 0 cuts of which 0 were active after adding rounds of cuts (0.008 seconds)
Clique was tried 36 times and created 0 cuts of which 0 were active after adding rounds of cuts (0.000 seconds)
MixedIntegerRounding2 was tried 72 times and created 18 cuts of which 0 were active after adding rounds of cuts (0.006 seconds)
FlowCover was tried 36 times and created 1 cuts of which 0 were active after adding rounds of cuts (0.004 seconds)
TwoMirCuts was tried 36 times and created 27 cuts of which 0 were active after adding rounds of cuts (0.002 seconds)
ZeroHalf was tried 1 times and created 0 cuts of which 0 were active after adding rounds of cuts (0.000 seconds)

Result - Optimal solution found

Objective value:                1144421.22393672
Enumerated nodes:               16
Total iterations:               348
Time (CPU seconds):             0.13
Time (Wallclock seconds):       0.13

Option for printingOptions changed from normal to all
Total time (CPU seconds):       0.15   (Wallclock seconds):       0.15

