Welcome to the CBC MILP Solver 
Version: 2.10.3 
Build Date: Dec 15 2019 

command line - E:\dachuang\.venv\Lib\site-packages\pulp\apis\../solverdir/cbc/win/i64/cbc.exe model.mps -primalTolerance 1e-9 -integerTolerance 1e-9 -ratioGap 0 -allowableGap 0 -threads 0 -branch -printingOptions all -solution solution.txt -saveSolution solution.bin -quit (default strategy 1)
At line 2 NAME          MODEL
At line 3 ROWS
At line 317 COLUMNS
At line 1133 RHS
At line 1446 BOUNDS
At line 1521 ENDATA
Problem MODEL has 312 rows, 241 columns and 647 elements
Coin0008I MODEL read with 0 errors
primalTolerance was changed from 1e-07 to 1e-09
integerTolerance was changed from 1e-07 to 1e-09
ratioGap was changed from 0 to 0
allowableGap was changed from 1e-10 to 0
Continuous objective value is 2.3159e+06 - 0.00 seconds
Cgl0004I processed model has 112 rows, 155 columns (24 integer (24 of which binary)) and 327 elements
Cbc0038I Initial state - 9 integers unsatisfied sum - 2.65682
Cbc0038I Pass   1: suminf.    0.00000 (0) obj. 2.38381e+06 iterations 21
Cbc0038I Solution found of 2.38381e+06
Cbc0038I Relaxing continuous gives 2.37979e+06
Cbc0038I Before mini branch and bound, 15 integers at bound fixed and 81 continuous
Cbc0038I Full problem 112 rows 155 columns, reduced to 5 rows 8 columns
Cbc0038I Mini branch and bound improved solution from 2.37979e+06 to 2.31635e+06 (0.01 seconds)
Cbc0038I Freeing continuous variables gives a solution of 2.31635e+06
Cbc0038I Round again with cutoff of 2.31631e+06
Cbc0038I Pass   2: suminf.    0.56104 (3) obj. 2.31631e+06 iterations 8
Cbc0038I Pass   3: suminf.    0.00000 (0) obj. 2.31631e+06 iterations 11
Cbc0038I Solution found of 2.31631e+06
Cbc0038I Relaxing continuous gives 2.31618e+06
Cbc0038I Before mini branch and bound, 14 integers at bound fixed and 76 continuous
Cbc0038I Full problem 112 rows 155 columns, reduced to 16 rows 23 columns
Cbc0038I Mini branch and bound improved solution from 2.31618e+06 to 2.31605e+06 (0.02 seconds)
Cbc0038I Freeing continuous variables gives a solution of 2.31605e+06
Cbc0038I Round again with cutoff of 2.31602e+06
Cbc0038I Pass   4: suminf.    1.10692 (6) obj. 2.31602e+06 iterations 4
Cbc0038I Pass   5: suminf.    1.10692 (6) obj. 2.31602e+06 iterations 4
Cbc0038I Pass   6: suminf.    0.87121 (3) obj. 2.31602e+06 iterations 15
Cbc0038I Pass   7: suminf.    0.87121 (3) obj. 2.31602e+06 iterations 0
Cbc0038I Pass   8: suminf.    0.74092 (4) obj. 2.31602e+06 iterations 7
Cbc0038I Pass   9: suminf.    0.74092 (4) obj. 2.31602e+06 iterations 1
Cbc0038I Pass  10: suminf.    1.41014 (5) obj. 2.31602e+06 iterations 12
Cbc0038I Pass  11: suminf.    0.75535 (4) obj. 2.31602e+06 iterations 5
Cbc0038I Pass  12: suminf.    0.96271 (3) obj. 2.31602e+06 iterations 22
Cbc0038I Pass  13: suminf.    0.96271 (3) obj. 2.31602e+06 iterations 3
Cbc0038I Pass  14: suminf.    0.32783 (3) obj. 2.31602e+06 iterations 11
Cbc0038I Pass  15: suminf.    0.32783 (3) obj. 2.31602e+06 iterations 1
Cbc0038I Pass  16: suminf.    0.96271 (3) obj. 2.31602e+06 iterations 11
Cbc0038I Pass  17: suminf.    1.27850 (4) obj. 2.31602e+06 iterations 7
Cbc0038I Pass  18: suminf.    0.96271 (3) obj. 2.31602e+06 iterations 1
Cbc0038I Pass  19: suminf.    0.32783 (3) obj. 2.31602e+06 iterations 9
Cbc0038I Pass  20: suminf.    0.32783 (3) obj. 2.31602e+06 iterations 2
Cbc0038I Pass  21: suminf.    0.33882 (4) obj. 2.31602e+06 iterations 11
Cbc0038I Pass  22: suminf.    0.33882 (3) obj. 2.31602e+06 iterations 5
Cbc0038I Pass  23: suminf.    0.87121 (3) obj. 2.31602e+06 iterations 12
Cbc0038I Pass  24: suminf.    0.74092 (4) obj. 2.31602e+06 iterations 7
Cbc0038I Pass  25: suminf.    0.74092 (4) obj. 2.31602e+06 iterations 1
Cbc0038I Pass  26: suminf.    0.87121 (3) obj. 2.31602e+06 iterations 10
Cbc0038I Pass  27: suminf.    1.19082 (5) obj. 2.31602e+06 iterations 13
Cbc0038I Pass  28: suminf.    0.87503 (4) obj. 2.31602e+06 iterations 4
Cbc0038I Pass  29: suminf.    0.23633 (3) obj. 2.31602e+06 iterations 12
Cbc0038I Pass  30: suminf.    0.23633 (3) obj. 2.31602e+06 iterations 1
Cbc0038I Pass  31: suminf.    0.87121 (3) obj. 2.31602e+06 iterations 10
Cbc0038I Pass  32: suminf.    1.51532 (6) obj. 2.31602e+06 iterations 15
Cbc0038I Pass  33: suminf.    1.19953 (5) obj. 2.31602e+06 iterations 2
Cbc0038I No solution found this major pass
Cbc0038I Before mini branch and bound, 3 integers at bound fixed and 65 continuous
Cbc0038I Full problem 112 rows 155 columns, reduced to 25 rows 33 columns
Cbc0038I Mini branch and bound did not improve solution (0.03 seconds)
Cbc0038I After 0.03 seconds - Feasibility pump exiting with objective of 2.31605e+06 - took 0.03 seconds
Cbc0012I Integer solution of 2316046 found by feasibility pump after 0 iterations and 0 nodes (0.03 seconds)
Cbc0038I Full problem 112 rows 155 columns, reduced to 72 rows 112 columns
Cbc0031I 10 added rows had average density of 8.6
Cbc0013I At root node, 10 cuts changed objective from 2315897.6 to 2316027.4 in 18 passes
Cbc0014I Cut generator 0 (Probing) - 2 row cuts average 3.0 elements, 2 column cuts (2 active)  in 0.001 seconds - new frequency is 1
Cbc0014I Cut generator 1 (Gomory) - 43 row cuts average 23.3 elements, 0 column cuts (0 active)  in 0.001 seconds - new frequency is 1
Cbc0014I Cut generator 2 (Knapsack) - 0 row cuts average 0.0 elements, 0 column cuts (0 active)  in 0.005 seconds - new frequency is -100
Cbc0014I Cut generator 3 (Clique) - 0 row cuts average 0.0 elements, 0 column cuts (0 active)  in 0.000 seconds - new frequency is -100
Cbc0014I Cut generator 4 (MixedIntegerRounding2) - 6 row cuts average 4.2 elements, 0 column cuts (0 active)  in 0.005 seconds - new frequency is 1
Cbc0014I Cut generator 5 (FlowCover) - 0 row cuts average 0.0 elements, 0 column cuts (0 active)  in 0.001 seconds - new frequency is -100
Cbc0014I Cut generator 6 (TwoMirCuts) - 21 row cuts average 13.0 elements, 0 column cuts (0 active)  in 0.002 seconds - new frequency is -100
Cbc0010I After 0 nodes, 1 on tree, 2316046 best solution, best possible 2316027.4 (0.06 seconds)
Cbc0001I Search completed - best objective 2316046.03718398, took 186 iterations and 10 nodes (0.08 seconds)
Cbc0032I Strong branching done 40 times (132 iterations), fathomed 2 nodes and fixed 7 variables
Cbc0035I Maximum depth 2, 0 variables fixed on reduced cost
Cuts at root node changed objective from 2.3159e+06 to 2.31603e+06
Probing was tried 31 times and created 5 cuts of which 0 were active after adding rounds of cuts (0.003 seconds)
Gomory was tried 31 times and created 56 cuts of which 0 were active after adding rounds of cuts (0.002 seconds)
Knapsack was tried 18 times and created 0 cuts of which 0 were active after adding rounds of cuts (0.005 seconds)
Clique was tried 18 times and created 0 cuts of which 0 were active after adding rounds of cuts (0.000 seconds)
MixedIntegerRounding2 was tried 31 times and created 6 cuts of which 0 were active after adding rounds of cuts (0.009 seconds)
FlowCover was tried 18 times and created 0 cuts of which 0 were active after adding rounds of cuts (0.001 seconds)
TwoMirCuts was tried 18 times and created 21 cuts of which 0 were active after adding rounds of cuts (0.002 seconds)
ZeroHalf was tried 1 times and created 0 cuts of which 0 were active after adding rounds of cuts (0.000 seconds)

Result - Optimal solution found

Objective value:                2316046.03718398
Enumerated nodes:               10
Total iterations:               186
Time (CPU seconds):             0.08
Time (Wallclock seconds):       0.08

Option for printingOptions changed from normal to all
Total time (CPU seconds):       0.11   (Wallclock seconds):       0.11

