Welcome to the CBC MILP Solver 
Version: 2.10.3 
Build Date: Dec 15 2019 

command line - E:\dachuang\.venv\Lib\site-packages\pulp\apis\../solverdir/cbc/win/i64/cbc.exe model.mps -primalTolerance 1e-9 -integerTolerance 1e-9 -ratioGap 0 -allowableGap 0 -threads 0 -branch -printingOptions all -solution solution.txt -saveSolution solution.bin -quit (default strategy 1)
At line 2 NAME          MODEL
At line 3 ROWS
At line 317 COLUMNS
At line 1133 RHS
At line 1446 BOUNDS
At line 1521 ENDATA
Problem MODEL has 312 rows, 241 columns and 647 elements
Coin0008I MODEL read with 0 errors
primalTolerance was changed from 1e-07 to 1e-09
integerTolerance was changed from 1e-07 to 1e-09
ratioGap was changed from 0 to 0
allowableGap was changed from 1e-10 to 0
Continuous objective value is 2.96421e+06 - 0.00 seconds
Cgl0004I processed model has 111 rows, 153 columns (24 integer (24 of which binary)) and 322 elements
Cbc0038I Initial state - 5 integers unsatisfied sum - 1.08977
Cbc0038I Pass   1: suminf.    0.00000 (0) obj. 2.96439e+06 iterations 7
Cbc0038I Solution found of 2.96439e+06
Cbc0038I Relaxing continuous gives 2.96439e+06
Cbc0038I Before mini branch and bound, 19 integers at bound fixed and 93 continuous
Cbc0038I Full problem 111 rows 153 columns, reduced to 5 rows 6 columns
Cbc0038I Mini branch and bound did not improve solution (0.01 seconds)
Cbc0038I Round again with cutoff of 2.96437e+06
Cbc0038I Pass   2: suminf.    0.07740 (1) obj. 2.96437e+06 iterations 1
Cbc0038I Pass   3: suminf.    0.00000 (0) obj. 2.96437e+06 iterations 9
Cbc0038I Solution found of 2.96437e+06
Cbc0038I Relaxing continuous gives 2.96432e+06
Cbc0038I Before mini branch and bound, 19 integers at bound fixed and 90 continuous
Cbc0038I Full problem 111 rows 153 columns, reduced to 8 rows 11 columns
Cbc0038I Mini branch and bound improved solution from 2.96432e+06 to 2.96432e+06 (0.02 seconds)
Cbc0038I Round again with cutoff of 2.9643e+06
Cbc0038I Pass   4: suminf.    0.40791 (1) obj. 2.9643e+06 iterations 1
Cbc0038I Pass   5: suminf.    0.10140 (1) obj. 2.9643e+06 iterations 12
Cbc0038I Pass   6: suminf.    0.21165 (2) obj. 2.9643e+06 iterations 7
Cbc0038I Pass   7: suminf.    0.40791 (1) obj. 2.9643e+06 iterations 2
Cbc0038I Pass   8: suminf.    0.10140 (1) obj. 2.9643e+06 iterations 10
Cbc0038I Pass   9: suminf.    0.55390 (3) obj. 2.9643e+06 iterations 4
Cbc0038I Pass  10: suminf.    0.21165 (2) obj. 2.9643e+06 iterations 2
Cbc0038I Pass  11: suminf.    0.40791 (1) obj. 2.9643e+06 iterations 2
Cbc0038I Pass  12: suminf.    0.10140 (1) obj. 2.9643e+06 iterations 10
Cbc0038I Pass  13: suminf.    0.84515 (3) obj. 2.9643e+06 iterations 13
Cbc0038I Pass  14: suminf.    0.84515 (3) obj. 2.9643e+06 iterations 0
Cbc0038I Pass  15: suminf.    0.10140 (1) obj. 2.9643e+06 iterations 5
Cbc0038I Pass  16: suminf.    0.40791 (1) obj. 2.9643e+06 iterations 1
Cbc0038I Pass  17: suminf.    0.87756 (3) obj. 2.9643e+06 iterations 14
Cbc0038I Pass  18: suminf.    0.86341 (2) obj. 2.9643e+06 iterations 1
Cbc0038I Pass  19: suminf.    0.10140 (1) obj. 2.9643e+06 iterations 8
Cbc0038I Pass  20: suminf.    0.40791 (1) obj. 2.9643e+06 iterations 1
Cbc0038I Pass  21: suminf.    0.40791 (1) obj. 2.9643e+06 iterations 11
Cbc0038I Pass  22: suminf.    0.10140 (1) obj. 2.9643e+06 iterations 9
Cbc0038I Pass  23: suminf.    0.40791 (1) obj. 2.9643e+06 iterations 1
Cbc0038I Pass  24: suminf.    1.79219 (6) obj. 2.9643e+06 iterations 25
Cbc0038I Pass  25: suminf.    0.73490 (3) obj. 2.9643e+06 iterations 3
Cbc0038I Pass  26: suminf.    0.45390 (2) obj. 2.9643e+06 iterations 10
Cbc0038I Pass  27: suminf.    0.45390 (2) obj. 2.9643e+06 iterations 0
Cbc0038I Pass  28: suminf.    0.10140 (1) obj. 2.9643e+06 iterations 3
Cbc0038I Pass  29: suminf.    0.40791 (1) obj. 2.9643e+06 iterations 1
Cbc0038I Pass  30: suminf.    1.53069 (5) obj. 2.9643e+06 iterations 14
Cbc0038I Pass  31: suminf.    0.73490 (3) obj. 2.9643e+06 iterations 2
Cbc0038I Pass  32: suminf.    0.45390 (2) obj. 2.9643e+06 iterations 10
Cbc0038I Pass  33: suminf.    0.45390 (2) obj. 2.9643e+06 iterations 0
Cbc0038I No solution found this major pass
Cbc0038I Before mini branch and bound, 1 integers at bound fixed and 68 continuous
Cbc0038I Full problem 111 rows 153 columns, reduced to 15 rows 19 columns
Cbc0038I Mini branch and bound did not improve solution (0.03 seconds)
Cbc0038I After 0.03 seconds - Feasibility pump exiting with objective of 2.96432e+06 - took 0.02 seconds
Cbc0012I Integer solution of 2964319.3 found by feasibility pump after 0 iterations and 0 nodes (0.03 seconds)
Cbc0038I Full problem 111 rows 153 columns, reduced to 58 rows 95 columns
Cbc0031I 5 added rows had average density of 13.2
Cbc0013I At root node, 6 cuts changed objective from 2964213.1 to 2964319.3 in 4 passes
Cbc0014I Cut generator 0 (Probing) - 0 row cuts average 0.0 elements, 5 column cuts (5 active)  in 0.000 seconds - new frequency is 1
Cbc0014I Cut generator 1 (Gomory) - 6 row cuts average 17.8 elements, 0 column cuts (0 active)  in 0.000 seconds - new frequency is 1
Cbc0014I Cut generator 2 (Knapsack) - 0 row cuts average 0.0 elements, 0 column cuts (0 active)  in 0.002 seconds - new frequency is -100
Cbc0014I Cut generator 3 (Clique) - 0 row cuts average 0.0 elements, 0 column cuts (0 active)  in 0.000 seconds - new frequency is -100
Cbc0014I Cut generator 4 (MixedIntegerRounding2) - 0 row cuts average 0.0 elements, 0 column cuts (0 active)  in 0.000 seconds - new frequency is -100
Cbc0014I Cut generator 5 (FlowCover) - 0 row cuts average 0.0 elements, 0 column cuts (0 active)  in 0.001 seconds - new frequency is -100
Cbc0014I Cut generator 6 (TwoMirCuts) - 6 row cuts average 14.2 elements, 0 column cuts (0 active)  in 0.000 seconds - new frequency is -100
Cbc0001I Search completed - best objective 2964319.343183996, took 15 iterations and 0 nodes (0.04 seconds)
Cbc0035I Maximum depth 0, 0 variables fixed on reduced cost
Cuts at root node changed objective from 2.96421e+06 to 2.96432e+06
Probing was tried 4 times and created 5 cuts of which 0 were active after adding rounds of cuts (0.000 seconds)
Gomory was tried 4 times and created 6 cuts of which 0 were active after adding rounds of cuts (0.000 seconds)
Knapsack was tried 4 times and created 0 cuts of which 0 were active after adding rounds of cuts (0.002 seconds)
Clique was tried 4 times and created 0 cuts of which 0 were active after adding rounds of cuts (0.000 seconds)
MixedIntegerRounding2 was tried 4 times and created 0 cuts of which 0 were active after adding rounds of cuts (0.000 seconds)
FlowCover was tried 4 times and created 0 cuts of which 0 were active after adding rounds of cuts (0.001 seconds)
TwoMirCuts was tried 4 times and created 6 cuts of which 0 were active after adding rounds of cuts (0.000 seconds)
ZeroHalf was tried 1 times and created 0 cuts of which 0 were active after adding rounds of cuts (0.000 seconds)

Result - Optimal solution found

Objective value:                2964319.34318400
Enumerated nodes:               0
Total iterations:               15
Time (CPU seconds):             0.04
Time (Wallclock seconds):       0.04

Option for printingOptions changed from normal to all
Total time (CPU seconds):       0.07   (Wallclock seconds):       0.07

