Welcome to the CBC MILP Solver 
Version: 2.10.3 
Build Date: Dec 15 2019 

command line - E:\dachuang\.venv\Lib\site-packages\pulp\apis\../solverdir/cbc/win/i64/cbc.exe model.mps -primalTolerance 1e-9 -integerTolerance 1e-9 -ratioGap 0 -allowableGap 0 -threads 0 -branch -printingOptions all -solution solution.txt -saveSolution solution.bin -quit (default strategy 1)
At line 2 NAME          MODEL
At line 3 ROWS
At line 317 COLUMNS
At line 1133 RHS
At line 1446 BOUNDS
At line 1521 ENDATA
Problem MODEL has 312 rows, 241 columns and 647 elements
Coin0008I MODEL read with 0 errors
primalTolerance was changed from 1e-07 to 1e-09
integerTolerance was changed from 1e-07 to 1e-09
ratioGap was changed from 0 to 0
allowableGap was changed from 1e-10 to 0
Continuous objective value is 574401 - 0.00 seconds
Cgl0004I processed model has 117 rows, 165 columns (24 integer (24 of which binary)) and 352 elements
Cbc0038I Initial state - 3 integers unsatisfied sum - 1.02628
Cbc0038I Pass   1: suminf.    0.00000 (0) obj. 574633 iterations 7
Cbc0038I Solution found of 574633
Cbc0038I Relaxing continuous gives 574633
Cbc0038I Before mini branch and bound, 21 integers at bound fixed and 90 continuous
Cbc0038I Full problem 117 rows 165 columns, reduced to 3 rows 4 columns
Cbc0038I Mini branch and bound did not improve solution (0.01 seconds)
Cbc0038I Round again with cutoff of 574610
Cbc0038I Pass   2: suminf.    0.10017 (1) obj. 574610 iterations 2
Cbc0038I Pass   3: suminf.    0.10017 (1) obj. 574610 iterations 5
Cbc0038I Pass   4: suminf.    0.47941 (2) obj. 574610 iterations 6
Cbc0038I Pass   5: suminf.    0.38341 (1) obj. 574610 iterations 4
Cbc0038I Solution found of 574610
Cbc0038I Relaxing continuous gives 574501
Cbc0038I Before mini branch and bound, 19 integers at bound fixed and 83 continuous
Cbc0038I Full problem 117 rows 165 columns, reduced to 16 rows 23 columns
Cbc0038I Mini branch and bound improved solution from 574501 to 574501 (0.01 seconds)
Cbc0038I Round again with cutoff of 574481
Cbc0038I Pass   6: suminf.    0.65634 (2) obj. 574481 iterations 2
Cbc0038I Pass   7: suminf.    0.27784 (2) obj. 574481 iterations 7
Cbc0038I Pass   8: suminf.    0.09566 (1) obj. 574481 iterations 2
Cbc0038I Pass   9: suminf.    0.27784 (1) obj. 574481 iterations 3
Cbc0038I Pass  10: suminf.    0.65634 (2) obj. 574481 iterations 8
Cbc0038I Pass  11: suminf.    0.27784 (2) obj. 574481 iterations 5
Cbc0038I Pass  12: suminf.    0.09566 (1) obj. 574481 iterations 1
Cbc0038I Pass  13: suminf.    0.27784 (1) obj. 574481 iterations 2
Cbc0038I Pass  14: suminf.    0.78334 (3) obj. 574481 iterations 12
Cbc0038I Pass  15: suminf.    0.15666 (2) obj. 574481 iterations 2
Cbc0038I Pass  16: suminf.    0.27784 (1) obj. 574481 iterations 3
Cbc0038I Pass  17: suminf.    0.09566 (1) obj. 574481 iterations 1
Cbc0038I Pass  18: suminf.    0.17634 (1) obj. 574481 iterations 8
Cbc0038I Pass  19: suminf.    0.29277 (2) obj. 574481 iterations 3
Cbc0038I Pass  20: suminf.    0.09566 (1) obj. 574481 iterations 4
Cbc0038I Pass  21: suminf.    0.27784 (1) obj. 574481 iterations 3
Cbc0038I Pass  22: suminf.    0.29277 (3) obj. 574481 iterations 14
Cbc0038I Pass  23: suminf.    0.29277 (2) obj. 574481 iterations 4
Cbc0038I Pass  24: suminf.    0.09566 (1) obj. 574481 iterations 4
Cbc0038I Pass  25: suminf.    0.27784 (1) obj. 574481 iterations 3
Cbc0038I Pass  26: suminf.    0.27784 (1) obj. 574481 iterations 14
Cbc0038I Pass  27: suminf.    0.09566 (1) obj. 574481 iterations 1
Cbc0038I Pass  28: suminf.    0.27784 (1) obj. 574481 iterations 2
Cbc0038I Pass  29: suminf.    0.27784 (2) obj. 574481 iterations 8
Cbc0038I Pass  30: suminf.    0.09566 (1) obj. 574481 iterations 5
Cbc0038I Pass  31: suminf.    0.27784 (1) obj. 574481 iterations 2
Cbc0038I Pass  32: suminf.    0.78334 (4) obj. 574481 iterations 5
Cbc0038I Pass  33: suminf.    0.15666 (2) obj. 574481 iterations 2
Cbc0038I Pass  34: suminf.    0.27784 (1) obj. 574481 iterations 3
Cbc0038I Pass  35: suminf.    0.09566 (1) obj. 574481 iterations 1
Cbc0038I No solution found this major pass
Cbc0038I Before mini branch and bound, 0 integers at bound fixed and 76 continuous
Cbc0038I Full problem 117 rows 165 columns, reduced to 20 rows 27 columns
Cbc0038I Mini branch and bound did not improve solution (0.03 seconds)
Cbc0038I After 0.03 seconds - Feasibility pump exiting with objective of 574501 - took 0.02 seconds
Cbc0012I Integer solution of 574501 found by feasibility pump after 0 iterations and 0 nodes (0.03 seconds)
Cbc0038I Full problem 117 rows 165 columns, reduced to 59 rows 107 columns
Cbc0031I 5 added rows had average density of 9.4
Cbc0013I At root node, 5 cuts changed objective from 574400.79 to 574401.7 in 37 passes
Cbc0014I Cut generator 0 (Probing) - 2 row cuts average 3.0 elements, 0 column cuts (0 active)  in 0.005 seconds - new frequency is -100
Cbc0014I Cut generator 1 (Gomory) - 79 row cuts average 24.0 elements, 0 column cuts (0 active)  in 0.008 seconds - new frequency is 1
Cbc0014I Cut generator 2 (Knapsack) - 0 row cuts average 0.0 elements, 0 column cuts (0 active)  in 0.004 seconds - new frequency is -100
Cbc0014I Cut generator 3 (Clique) - 0 row cuts average 0.0 elements, 0 column cuts (0 active)  in 0.000 seconds - new frequency is -100
Cbc0014I Cut generator 4 (MixedIntegerRounding2) - 8 row cuts average 6.3 elements, 0 column cuts (0 active)  in 0.003 seconds - new frequency is 1
Cbc0014I Cut generator 5 (FlowCover) - 0 row cuts average 0.0 elements, 0 column cuts (0 active)  in 0.001 seconds - new frequency is -100
Cbc0014I Cut generator 6 (TwoMirCuts) - 13 row cuts average 13.2 elements, 0 column cuts (0 active)  in 0.000 seconds - new frequency is -100
Cbc0010I After 0 nodes, 1 on tree, 574501 best solution, best possible 574401.7 (0.08 seconds)
Cbc0001I Search completed - best objective 574500.9999999994, took 477 iterations and 14 nodes (0.11 seconds)
Cbc0032I Strong branching done 48 times (209 iterations), fathomed 3 nodes and fixed 4 variables
Cbc0035I Maximum depth 3, 1 variables fixed on reduced cost
Cuts at root node changed objective from 574401 to 574402
Probing was tried 37 times and created 2 cuts of which 0 were active after adding rounds of cuts (0.005 seconds)
Gomory was tried 84 times and created 149 cuts of which 0 were active after adding rounds of cuts (0.011 seconds)
Knapsack was tried 37 times and created 0 cuts of which 0 were active after adding rounds of cuts (0.004 seconds)
Clique was tried 37 times and created 0 cuts of which 0 were active after adding rounds of cuts (0.000 seconds)
MixedIntegerRounding2 was tried 84 times and created 15 cuts of which 0 were active after adding rounds of cuts (0.004 seconds)
FlowCover was tried 37 times and created 0 cuts of which 0 were active after adding rounds of cuts (0.001 seconds)
TwoMirCuts was tried 37 times and created 13 cuts of which 0 were active after adding rounds of cuts (0.000 seconds)
ZeroHalf was tried 1 times and created 0 cuts of which 0 were active after adding rounds of cuts (0.000 seconds)

Result - Optimal solution found

Objective value:                574501.00000000
Enumerated nodes:               14
Total iterations:               477
Time (CPU seconds):             0.12
Time (Wallclock seconds):       0.12

Option for printingOptions changed from normal to all
Total time (CPU seconds):       0.14   (Wallclock seconds):       0.14

