Welcome to the CBC MILP Solver 
Version: 2.10.3 
Build Date: Dec 15 2019 

command line - E:\dachuang\.venv\Lib\site-packages\pulp\apis\../solverdir/cbc/win/i64/cbc.exe model.mps -primalTolerance 1e-9 -integerTolerance 1e-9 -ratioGap 0 -allowableGap 0 -threads 0 -branch -printingOptions all -solution solution.txt -saveSolution solution.bin -quit (default strategy 1)
At line 2 NAME          MODEL
At line 3 ROWS
At line 317 COLUMNS
At line 1133 RHS
At line 1446 BOUNDS
At line 1521 ENDATA
Problem MODEL has 312 rows, 241 columns and 647 elements
Coin0008I MODEL read with 0 errors
primalTolerance was changed from 1e-07 to 1e-09
integerTolerance was changed from 1e-07 to 1e-09
ratioGap was changed from 0 to 0
allowableGap was changed from 1e-10 to 0
Continuous objective value is 2.95045e+06 - 0.00 seconds
Cgl0004I processed model has 110 rows, 148 columns (24 integer (24 of which binary)) and 314 elements
Cbc0038I Initial state - 5 integers unsatisfied sum - 1.64836
Cbc0038I Pass   1: suminf.    0.00000 (0) obj. 3.02006e+06 iterations 11
Cbc0038I Solution found of 3.02006e+06
Cbc0038I Relaxing continuous gives 3.02006e+06
Cbc0038I Before mini branch and bound, 19 integers at bound fixed and 81 continuous
Cbc0038I Full problem 110 rows 148 columns, reduced to 6 rows 8 columns
Cbc0038I Mini branch and bound improved solution from 3.02006e+06 to 2.95074e+06 (0.01 seconds)
Cbc0038I Round again with cutoff of 2.95071e+06
Cbc0038I Pass   2: suminf.    0.52484 (2) obj. 2.95071e+06 iterations 2
Cbc0038I Pass   3: suminf.    0.00000 (0) obj. 2.95071e+06 iterations 7
Cbc0038I Solution found of 2.95071e+06
Cbc0038I Relaxing continuous gives 2.95059e+06
Cbc0038I Before mini branch and bound, 18 integers at bound fixed and 77 continuous
Cbc0038I Full problem 110 rows 148 columns, reduced to 14 rows 19 columns
Cbc0038I Mini branch and bound improved solution from 2.95059e+06 to 2.95056e+06 (0.01 seconds)
Cbc0038I Round again with cutoff of 2.95054e+06
Cbc0038I Pass   4: suminf.    0.63446 (3) obj. 2.95054e+06 iterations 3
Cbc0038I Pass   5: suminf.    0.61570 (3) obj. 2.95054e+06 iterations 3
Cbc0038I Pass   6: suminf.    0.60743 (3) obj. 2.95054e+06 iterations 15
Cbc0038I Pass   7: suminf.    0.60743 (3) obj. 2.95054e+06 iterations 0
Cbc0038I Pass   8: suminf.    0.85789 (4) obj. 2.95054e+06 iterations 6
Cbc0038I Pass   9: suminf.    1.25789 (5) obj. 2.95054e+06 iterations 3
Cbc0038I Pass  10: suminf.    0.60743 (3) obj. 2.95054e+06 iterations 14
Cbc0038I Pass  11: suminf.    0.60743 (3) obj. 2.95054e+06 iterations 0
Cbc0038I Pass  12: suminf.    0.85789 (4) obj. 2.95054e+06 iterations 6
Cbc0038I Pass  13: suminf.    1.33789 (5) obj. 2.95054e+06 iterations 2
Cbc0038I Pass  14: suminf.    0.85789 (4) obj. 2.95054e+06 iterations 1
Cbc0038I Pass  15: suminf.    0.60743 (3) obj. 2.95054e+06 iterations 13
Cbc0038I Pass  16: suminf.    0.60743 (3) obj. 2.95054e+06 iterations 0
Cbc0038I Pass  17: suminf.    1.08743 (4) obj. 2.95054e+06 iterations 9
Cbc0038I Pass  18: suminf.    0.60743 (3) obj. 2.95054e+06 iterations 1
Cbc0038I Pass  19: suminf.    0.85789 (4) obj. 2.95054e+06 iterations 6
Cbc0038I Pass  20: suminf.    0.60743 (3) obj. 2.95054e+06 iterations 8
Cbc0038I Pass  21: suminf.    0.60743 (3) obj. 2.95054e+06 iterations 0
Cbc0038I Pass  22: suminf.    1.08743 (4) obj. 2.95054e+06 iterations 13
Cbc0038I Pass  23: suminf.    0.60743 (3) obj. 2.95054e+06 iterations 2
Cbc0038I Pass  24: suminf.    0.85789 (4) obj. 2.95054e+06 iterations 5
Cbc0038I Pass  25: suminf.    0.60743 (3) obj. 2.95054e+06 iterations 8
Cbc0038I Pass  26: suminf.    1.02893 (5) obj. 2.95054e+06 iterations 16
Cbc0038I Pass  27: suminf.    0.70993 (4) obj. 2.95054e+06 iterations 1
Cbc0038I Pass  28: suminf.    0.85789 (4) obj. 2.95054e+06 iterations 6
Cbc0038I Pass  29: suminf.    0.60743 (3) obj. 2.95054e+06 iterations 8
Cbc0038I Pass  30: suminf.    0.60743 (3) obj. 2.95054e+06 iterations 0
Cbc0038I Pass  31: suminf.    1.48743 (5) obj. 2.95054e+06 iterations 11
Cbc0038I Pass  32: suminf.    1.00743 (4) obj. 2.95054e+06 iterations 2
Cbc0038I Pass  33: suminf.    0.85789 (4) obj. 2.95054e+06 iterations 6
Cbc0038I No solution found this major pass
Cbc0038I Before mini branch and bound, 2 integers at bound fixed and 64 continuous
Cbc0038I Full problem 110 rows 148 columns, reduced to 18 rows 24 columns
Cbc0038I Mini branch and bound did not improve solution (0.03 seconds)
Cbc0038I After 0.03 seconds - Feasibility pump exiting with objective of 2.95056e+06 - took 0.02 seconds
Cbc0012I Integer solution of 2950561.9 found by feasibility pump after 0 iterations and 0 nodes (0.03 seconds)
Cbc0038I Full problem 110 rows 148 columns, reduced to 58 rows 90 columns
Cbc0031I 4 added rows had average density of 16.75
Cbc0013I At root node, 4 cuts changed objective from 2950446.2 to 2950561.1 in 26 passes
Cbc0014I Cut generator 0 (Probing) - 0 row cuts average 0.0 elements, 5 column cuts (5 active)  in 0.004 seconds - new frequency is 1
Cbc0014I Cut generator 1 (Gomory) - 51 row cuts average 25.6 elements, 0 column cuts (0 active)  in 0.001 seconds - new frequency is 1
Cbc0014I Cut generator 2 (Knapsack) - 0 row cuts average 0.0 elements, 0 column cuts (0 active)  in 0.003 seconds - new frequency is -100
Cbc0014I Cut generator 3 (Clique) - 0 row cuts average 0.0 elements, 0 column cuts (0 active)  in 0.002 seconds - new frequency is -100
Cbc0014I Cut generator 4 (MixedIntegerRounding2) - 0 row cuts average 0.0 elements, 0 column cuts (0 active)  in 0.000 seconds - new frequency is -100
Cbc0014I Cut generator 5 (FlowCover) - 0 row cuts average 0.0 elements, 0 column cuts (0 active)  in 0.001 seconds - new frequency is -100
Cbc0014I Cut generator 6 (TwoMirCuts) - 14 row cuts average 12.6 elements, 0 column cuts (0 active)  in 0.000 seconds - new frequency is -100
Cbc0001I Search completed - best objective 2950561.9047498, took 113 iterations and 0 nodes (0.06 seconds)
Cbc0032I Strong branching done 4 times (14 iterations), fathomed 1 nodes and fixed 0 variables
Cbc0035I Maximum depth 0, 0 variables fixed on reduced cost
Cuts at root node changed objective from 2.95045e+06 to 2.95057e+06
Probing was tried 26 times and created 5 cuts of which 0 were active after adding rounds of cuts (0.004 seconds)
Gomory was tried 26 times and created 51 cuts of which 0 were active after adding rounds of cuts (0.001 seconds)
Knapsack was tried 26 times and created 0 cuts of which 0 were active after adding rounds of cuts (0.003 seconds)
Clique was tried 26 times and created 0 cuts of which 0 were active after adding rounds of cuts (0.002 seconds)
MixedIntegerRounding2 was tried 26 times and created 0 cuts of which 0 were active after adding rounds of cuts (0.000 seconds)
FlowCover was tried 26 times and created 0 cuts of which 0 were active after adding rounds of cuts (0.001 seconds)
TwoMirCuts was tried 26 times and created 14 cuts of which 0 were active after adding rounds of cuts (0.000 seconds)
ZeroHalf was tried 1 times and created 0 cuts of which 0 were active after adding rounds of cuts (0.000 seconds)

Result - Optimal solution found

Objective value:                2950561.90474980
Enumerated nodes:               0
Total iterations:               113
Time (CPU seconds):             0.07
Time (Wallclock seconds):       0.06

Option for printingOptions changed from normal to all
Total time (CPU seconds):       0.09   (Wallclock seconds):       0.09

