Welcome to the CBC MILP Solver 
Version: 2.10.3 
Build Date: Dec 15 2019 

command line - E:\dachuang\.venv\Lib\site-packages\pulp\apis\../solverdir/cbc/win/i64/cbc.exe model.mps -primalTolerance 1e-9 -integerTolerance 1e-9 -ratioGap 0 -allowableGap 0 -threads 0 -branch -printingOptions all -solution solution.txt -saveSolution solution.bin -quit (default strategy 1)
At line 2 NAME          MODEL
At line 3 ROWS
At line 317 COLUMNS
At line 1133 RHS
At line 1446 BOUNDS
At line 1521 ENDATA
Problem MODEL has 312 rows, 241 columns and 647 elements
Coin0008I MODEL read with 0 errors
primalTolerance was changed from 1e-07 to 1e-09
integerTolerance was changed from 1e-07 to 1e-09
ratioGap was changed from 0 to 0
allowableGap was changed from 1e-10 to 0
Continuous objective value is 1.72912e+06 - 0.00 seconds
Cgl0004I processed model has 113 rows, 150 columns (24 integer (24 of which binary)) and 325 elements
Cbc0038I Initial state - 6 integers unsatisfied sum - 1.45582
Cbc0038I Pass   1: suminf.    0.00000 (0) obj. 1.7402e+06 iterations 13
Cbc0038I Solution found of 1.7402e+06
Cbc0038I Relaxing continuous gives 1.7402e+06
Cbc0038I Before mini branch and bound, 18 integers at bound fixed and 78 continuous
Cbc0038I Full problem 113 rows 150 columns, reduced to 2 rows 2 columns
Cbc0038I Mini branch and bound improved solution from 1.7402e+06 to 1.72937e+06 (0.01 seconds)
Cbc0038I Freeing continuous variables gives a solution of 1.72937e+06
Cbc0038I Round again with cutoff of 1.72934e+06
Cbc0038I Reduced cost fixing fixed 1 variables on major pass 2
Cbc0038I Pass   2: suminf.    0.16729 (2) obj. 1.72934e+06 iterations 4
Cbc0038I Pass   3: suminf.    0.04204 (1) obj. 1.72934e+06 iterations 12
Cbc0038I Solution found of 1.72934e+06
Cbc0038I Relaxing continuous gives 1.72928e+06
Cbc0038I Before mini branch and bound, 16 integers at bound fixed and 73 continuous
Cbc0038I Full problem 113 rows 150 columns, reduced to 16 rows 22 columns
Cbc0038I Mini branch and bound improved solution from 1.72928e+06 to 1.72923e+06 (0.02 seconds)
Cbc0038I Freeing continuous variables gives a solution of 1.72923e+06
Cbc0038I Round again with cutoff of 1.72921e+06
Cbc0038I Reduced cost fixing fixed 1 variables on major pass 3
Cbc0038I Pass   4: suminf.    0.73256 (3) obj. 1.72921e+06 iterations 1
Cbc0038I Pass   5: suminf.    0.39244 (2) obj. 1.72921e+06 iterations 4
Cbc0038I Pass   6: suminf.    0.38956 (2) obj. 1.72921e+06 iterations 2
Cbc0038I Pass   7: suminf.    0.32994 (1) obj. 1.72921e+06 iterations 2
Cbc0038I Pass   8: suminf.    0.32706 (1) obj. 1.72921e+06 iterations 2
Cbc0038I Pass   9: suminf.    0.32706 (1) obj. 1.72921e+06 iterations 2
Cbc0038I Pass  10: suminf.    0.32994 (1) obj. 1.72921e+06 iterations 1
Cbc0038I Pass  11: suminf.    0.32706 (1) obj. 1.72921e+06 iterations 2
Cbc0038I Pass  12: suminf.    1.31090 (3) obj. 1.72921e+06 iterations 9
Cbc0038I Pass  13: suminf.    0.32706 (1) obj. 1.72921e+06 iterations 5
Cbc0038I Pass  14: suminf.    0.32994 (1) obj. 1.72921e+06 iterations 1
Cbc0038I Pass  15: suminf.    1.34983 (6) obj. 1.72921e+06 iterations 15
Cbc0038I Pass  16: suminf.    1.30647 (5) obj. 1.72921e+06 iterations 2
Cbc0038I Pass  17: suminf.    1.30647 (5) obj. 1.72921e+06 iterations 3
Cbc0038I Pass  18: suminf.    0.70118 (2) obj. 1.72921e+06 iterations 8
Cbc0038I Pass  19: suminf.    0.67006 (2) obj. 1.72921e+06 iterations 2
Cbc0038I Pass  20: suminf.    0.32994 (1) obj. 1.72921e+06 iterations 3
Cbc0038I Pass  21: suminf.    0.32706 (1) obj. 1.72921e+06 iterations 2
Cbc0038I Pass  22: suminf.    0.38956 (2) obj. 1.72921e+06 iterations 11
Cbc0038I Pass  23: suminf.    0.32994 (1) obj. 1.72921e+06 iterations 2
Cbc0038I Pass  24: suminf.    0.32706 (1) obj. 1.72921e+06 iterations 2
Cbc0038I Pass  25: suminf.    1.10468 (4) obj. 1.72921e+06 iterations 14
Cbc0038I Pass  26: suminf.    0.71177 (3) obj. 1.72921e+06 iterations 3
Cbc0038I Pass  27: suminf.    0.71177 (3) obj. 1.72921e+06 iterations 0
Cbc0038I Pass  28: suminf.    0.32706 (1) obj. 1.72921e+06 iterations 6
Cbc0038I Pass  29: suminf.    0.32994 (1) obj. 1.72921e+06 iterations 1
Cbc0038I Pass  30: suminf.    0.09409 (1) obj. 1.72921e+06 iterations 19
Cbc0038I Pass  31: suminf.    0.67006 (2) obj. 1.72921e+06 iterations 3
Cbc0038I Pass  32: suminf.    0.09409 (1) obj. 1.72921e+06 iterations 2
Cbc0038I Pass  33: suminf.    0.09409 (1) obj. 1.72921e+06 iterations 1
Cbc0038I No solution found this major pass
Cbc0038I Before mini branch and bound, 4 integers at bound fixed and 57 continuous
Cbc0038I Full problem 113 rows 150 columns, reduced to 26 rows 35 columns
Cbc0038I Mini branch and bound did not improve solution (0.03 seconds)
Cbc0038I After 0.03 seconds - Feasibility pump exiting with objective of 1.72923e+06 - took 0.02 seconds
Cbc0012I Integer solution of 1729233.1 found by feasibility pump after 0 iterations and 0 nodes (0.03 seconds)
Cbc0038I Full problem 113 rows 150 columns, reduced to 65 rows 97 columns
Cbc0031I 5 added rows had average density of 19.4
Cbc0013I At root node, 5 cuts changed objective from 1729123.9 to 1729185.3 in 21 passes
Cbc0014I Cut generator 0 (Probing) - 2 row cuts average 4.0 elements, 2 column cuts (2 active)  in 0.003 seconds - new frequency is 1
Cbc0014I Cut generator 1 (Gomory) - 45 row cuts average 26.0 elements, 0 column cuts (0 active)  in 0.000 seconds - new frequency is 1
Cbc0014I Cut generator 2 (Knapsack) - 0 row cuts average 0.0 elements, 0 column cuts (0 active)  in 0.004 seconds - new frequency is -100
Cbc0014I Cut generator 3 (Clique) - 0 row cuts average 0.0 elements, 0 column cuts (0 active)  in 0.000 seconds - new frequency is -100
Cbc0014I Cut generator 4 (MixedIntegerRounding2) - 4 row cuts average 9.8 elements, 0 column cuts (0 active)  in 0.000 seconds - new frequency is -100
Cbc0014I Cut generator 5 (FlowCover) - 0 row cuts average 0.0 elements, 0 column cuts (0 active)  in 0.007 seconds - new frequency is -100
Cbc0014I Cut generator 6 (TwoMirCuts) - 16 row cuts average 15.4 elements, 0 column cuts (0 active)  in 0.002 seconds - new frequency is -100
Cbc0010I After 0 nodes, 1 on tree, 1729233.1 best solution, best possible 1729185.3 (0.06 seconds)
Cbc0001I Search completed - best objective 1729233.079726243, took 249 iterations and 12 nodes (0.10 seconds)
Cbc0032I Strong branching done 50 times (152 iterations), fathomed 5 nodes and fixed 4 variables
Cbc0035I Maximum depth 3, 3 variables fixed on reduced cost
Cuts at root node changed objective from 1.72912e+06 to 1.72919e+06
Probing was tried 57 times and created 9 cuts of which 0 were active after adding rounds of cuts (0.004 seconds)
Gomory was tried 57 times and created 89 cuts of which 0 were active after adding rounds of cuts (0.002 seconds)
Knapsack was tried 21 times and created 0 cuts of which 0 were active after adding rounds of cuts (0.004 seconds)
Clique was tried 21 times and created 0 cuts of which 0 were active after adding rounds of cuts (0.000 seconds)
MixedIntegerRounding2 was tried 21 times and created 4 cuts of which 0 were active after adding rounds of cuts (0.000 seconds)
FlowCover was tried 21 times and created 0 cuts of which 0 were active after adding rounds of cuts (0.007 seconds)
TwoMirCuts was tried 21 times and created 16 cuts of which 0 were active after adding rounds of cuts (0.002 seconds)
ZeroHalf was tried 1 times and created 0 cuts of which 0 were active after adding rounds of cuts (0.000 seconds)

Result - Optimal solution found

Objective value:                1729233.07972624
Enumerated nodes:               12
Total iterations:               249
Time (CPU seconds):             0.10
Time (Wallclock seconds):       0.10

Option for printingOptions changed from normal to all
Total time (CPU seconds):       0.13   (Wallclock seconds):       0.13

