Welcome to the CBC MILP Solver 
Version: 2.10.3 
Build Date: Dec 15 2019 

command line - E:\dachuang\.venv\Lib\site-packages\pulp\apis\../solverdir/cbc/win/i64/cbc.exe model.mps -primalTolerance 1e-9 -integerTolerance 1e-9 -ratioGap 0 -allowableGap 0 -threads 0 -branch -printingOptions all -solution solution.txt -saveSolution solution.bin -quit (default strategy 1)
At line 2 NAME          MODEL
At line 3 ROWS
At line 317 COLUMNS
At line 1133 RHS
At line 1446 BOUNDS
At line 1521 ENDATA
Problem MODEL has 312 rows, 241 columns and 647 elements
Coin0008I MODEL read with 0 errors
primalTolerance was changed from 1e-07 to 1e-09
integerTolerance was changed from 1e-07 to 1e-09
ratioGap was changed from 0 to 0
allowableGap was changed from 1e-10 to 0
Continuous objective value is 918494 - 0.00 seconds
Cgl0004I processed model has 115 rows, 161 columns (24 integer (24 of which binary)) and 342 elements
Cbc0038I Initial state - 8 integers unsatisfied sum - 2.15114
Cbc0038I Pass   1: suminf.    0.00000 (0) obj. 922721 iterations 18
Cbc0038I Solution found of 922721
Cbc0038I Relaxing continuous gives 920252
Cbc0038I Before mini branch and bound, 16 integers at bound fixed and 83 continuous
Cbc0038I Full problem 115 rows 161 columns, reduced to 9 rows 11 columns
Cbc0038I Mini branch and bound improved solution from 920252 to 918837 (0.01 seconds)
Cbc0038I Round again with cutoff of 918803
Cbc0038I Pass   2: suminf.    0.46709 (3) obj. 918803 iterations 9
Cbc0038I Pass   3: suminf.    0.00000 (0) obj. 918803 iterations 11
Cbc0038I Solution found of 918803
Cbc0038I Relaxing continuous gives 918710
Cbc0038I Before mini branch and bound, 15 integers at bound fixed and 77 continuous
Cbc0038I Full problem 115 rows 161 columns, reduced to 18 rows 25 columns
Cbc0038I Mini branch and bound improved solution from 918710 to 918578 (0.02 seconds)
Cbc0038I Round again with cutoff of 918561
Cbc0038I Pass   4: suminf.    0.99858 (5) obj. 918561 iterations 2
Cbc0038I Pass   5: suminf.    0.99858 (5) obj. 918561 iterations 4
Cbc0038I Pass   6: suminf.    0.29234 (1) obj. 918561 iterations 11
Cbc0038I Pass   7: suminf.    0.18766 (2) obj. 918561 iterations 3
Cbc0038I Pass   8: suminf.    0.72775 (3) obj. 918561 iterations 7
Cbc0038I Pass   9: suminf.    0.68439 (2) obj. 918561 iterations 2
Cbc0038I Pass  10: suminf.    0.68439 (2) obj. 918561 iterations 1
Cbc0038I Pass  11: suminf.    0.29234 (1) obj. 918561 iterations 3
Cbc0038I Pass  12: suminf.    0.18766 (2) obj. 918561 iterations 3
Cbc0038I Pass  13: suminf.    0.72775 (3) obj. 918561 iterations 7
Cbc0038I Pass  14: suminf.    0.68439 (2) obj. 918561 iterations 2
Cbc0038I Pass  15: suminf.    0.68439 (2) obj. 918561 iterations 1
Cbc0038I Pass  16: suminf.    0.29234 (1) obj. 918561 iterations 3
Cbc0038I Pass  17: suminf.    0.18766 (2) obj. 918561 iterations 3
Cbc0038I Pass  18: suminf.    0.72775 (3) obj. 918561 iterations 7
Cbc0038I Pass  19: suminf.    0.68439 (2) obj. 918561 iterations 2
Cbc0038I Pass  20: suminf.    0.68439 (2) obj. 918561 iterations 1
Cbc0038I Pass  21: suminf.    0.29234 (1) obj. 918561 iterations 3
Cbc0038I Pass  22: suminf.    0.18766 (2) obj. 918561 iterations 3
Cbc0038I Pass  23: suminf.    0.72775 (3) obj. 918561 iterations 7
Cbc0038I Pass  24: suminf.    0.68439 (2) obj. 918561 iterations 2
Cbc0038I Pass  25: suminf.    0.68439 (2) obj. 918561 iterations 1
Cbc0038I Pass  26: suminf.    0.29234 (1) obj. 918561 iterations 3
Cbc0038I Pass  27: suminf.    0.18766 (2) obj. 918561 iterations 3
Cbc0038I Pass  28: suminf.    0.72775 (3) obj. 918561 iterations 7
Cbc0038I Pass  29: suminf.    0.68439 (2) obj. 918561 iterations 2
Cbc0038I Pass  30: suminf.    0.68439 (2) obj. 918561 iterations 1
Cbc0038I Pass  31: suminf.    0.29234 (1) obj. 918561 iterations 3
Cbc0038I Pass  32: suminf.    0.18766 (2) obj. 918561 iterations 3
Cbc0038I Pass  33: suminf.    0.72775 (3) obj. 918561 iterations 7
Cbc0038I No solution found this major pass
Cbc0038I Before mini branch and bound, 14 integers at bound fixed and 75 continuous
Cbc0038I Full problem 115 rows 161 columns, reduced to 23 rows 30 columns
Cbc0038I Mini branch and bound did not improve solution (0.03 seconds)
Cbc0038I After 0.03 seconds - Feasibility pump exiting with objective of 918578 - took 0.03 seconds
Cbc0012I Integer solution of 918578.15 found by feasibility pump after 0 iterations and 0 nodes (0.03 seconds)
Cbc0038I Full problem 115 rows 161 columns, reduced to 73 rows 117 columns
Cbc0031I 9 added rows had average density of 18
Cbc0013I At root node, 9 cuts changed objective from 918494.47 to 918538.12 in 100 passes
Cbc0014I Cut generator 0 (Probing) - 15 row cuts average 2.1 elements, 1 column cuts (1 active)  in 0.011 seconds - new frequency is 1
Cbc0014I Cut generator 1 (Gomory) - 216 row cuts average 28.6 elements, 0 column cuts (0 active)  in 0.010 seconds - new frequency is 1
Cbc0014I Cut generator 2 (Knapsack) - 0 row cuts average 0.0 elements, 0 column cuts (0 active)  in 0.018 seconds - new frequency is -100
Cbc0014I Cut generator 3 (Clique) - 0 row cuts average 0.0 elements, 0 column cuts (0 active)  in 0.001 seconds - new frequency is -100
Cbc0014I Cut generator 4 (MixedIntegerRounding2) - 19 row cuts average 8.6 elements, 0 column cuts (0 active)  in 0.008 seconds - new frequency is 1
Cbc0014I Cut generator 5 (FlowCover) - 3 row cuts average 2.0 elements, 0 column cuts (0 active)  in 0.014 seconds - new frequency is -100
Cbc0014I Cut generator 6 (TwoMirCuts) - 28 row cuts average 11.7 elements, 0 column cuts (0 active)  in 0.006 seconds - new frequency is -100
Cbc0010I After 0 nodes, 1 on tree, 918578.15 best solution, best possible 918538.12 (0.17 seconds)
Cbc0001I Search completed - best objective 918578.1506015892, took 860 iterations and 16 nodes (0.21 seconds)
Cbc0032I Strong branching done 48 times (123 iterations), fathomed 2 nodes and fixed 5 variables
Cbc0035I Maximum depth 3, 1 variables fixed on reduced cost
Cuts at root node changed objective from 918494 to 918538
Probing was tried 145 times and created 20 cuts of which 0 were active after adding rounds of cuts (0.012 seconds)
Gomory was tried 144 times and created 267 cuts of which 0 were active after adding rounds of cuts (0.011 seconds)
Knapsack was tried 100 times and created 0 cuts of which 0 were active after adding rounds of cuts (0.018 seconds)
Clique was tried 100 times and created 0 cuts of which 0 were active after adding rounds of cuts (0.001 seconds)
MixedIntegerRounding2 was tried 144 times and created 19 cuts of which 0 were active after adding rounds of cuts (0.010 seconds)
FlowCover was tried 100 times and created 3 cuts of which 0 were active after adding rounds of cuts (0.014 seconds)
TwoMirCuts was tried 100 times and created 28 cuts of which 0 were active after adding rounds of cuts (0.006 seconds)
ZeroHalf was tried 1 times and created 0 cuts of which 0 were active after adding rounds of cuts (0.000 seconds)

Result - Optimal solution found

Objective value:                918578.15060159
Enumerated nodes:               16
Total iterations:               860
Time (CPU seconds):             0.21
Time (Wallclock seconds):       0.21

Option for printingOptions changed from normal to all
Total time (CPU seconds):       0.24   (Wallclock seconds):       0.24

