Welcome to the CBC MILP Solver 
Version: 2.10.3 
Build Date: Dec 15 2019 

command line - E:\dachuang\.venv\Lib\site-packages\pulp\apis\../solverdir/cbc/win/i64/cbc.exe model.mps -primalTolerance 1e-9 -integerTolerance 1e-9 -ratioGap 0 -allowableGap 0 -threads 0 -branch -printingOptions all -solution solution.txt -saveSolution solution.bin -quit (default strategy 1)
At line 2 NAME          MODEL
At line 3 ROWS
At line 317 COLUMNS
At line 1133 RHS
At line 1446 BOUNDS
At line 1521 ENDATA
Problem MODEL has 312 rows, 241 columns and 647 elements
Coin0008I MODEL read with 0 errors
primalTolerance was changed from 1e-07 to 1e-09
integerTolerance was changed from 1e-07 to 1e-09
ratioGap was changed from 0 to 0
allowableGap was changed from 1e-10 to 0
Continuous objective value is 2.46004e+06 - 0.00 seconds
Cgl0004I processed model has 112 rows, 155 columns (24 integer (24 of which binary)) and 327 elements
Cbc0038I Initial state - 8 integers unsatisfied sum - 2.3875
Cbc0038I Pass   1: suminf.    0.00000 (0) obj. 2.47689e+06 iterations 18
Cbc0038I Solution found of 2.47689e+06
Cbc0038I Relaxing continuous gives 2.47591e+06
Cbc0038I Before mini branch and bound, 16 integers at bound fixed and 85 continuous
Cbc0038I Full problem 112 rows 155 columns, reduced to 6 rows 6 columns
Cbc0038I Mini branch and bound improved solution from 2.47591e+06 to 2.46049e+06 (0.01 seconds)
Cbc0038I Freeing continuous variables gives a solution of 2.46049e+06
Cbc0038I Round again with cutoff of 2.46044e+06
Cbc0038I Pass   2: suminf.    0.28011 (3) obj. 2.46044e+06 iterations 6
Cbc0038I Pass   3: suminf.    0.00000 (0) obj. 2.46044e+06 iterations 12
Cbc0038I Solution found of 2.46044e+06
Cbc0038I Relaxing continuous gives 2.46028e+06
Cbc0038I Before mini branch and bound, 15 integers at bound fixed and 81 continuous
Cbc0038I Full problem 112 rows 155 columns, reduced to 17 rows 22 columns
Cbc0038I Mini branch and bound improved solution from 2.46028e+06 to 2.46014e+06 (0.02 seconds)
Cbc0038I Freeing continuous variables gives a solution of 2.46014e+06
Cbc0038I Round again with cutoff of 2.46012e+06
Cbc0038I Pass   4: suminf.    0.78541 (6) obj. 2.46012e+06 iterations 8
Cbc0038I Pass   5: suminf.    0.78541 (6) obj. 2.46012e+06 iterations 0
Cbc0038I Pass   6: suminf.    0.58482 (3) obj. 2.46012e+06 iterations 31
Cbc0038I Pass   7: suminf.    0.56022 (2) obj. 2.46012e+06 iterations 1
Cbc0038I Pass   8: suminf.    0.94781 (3) obj. 2.46012e+06 iterations 6
Cbc0038I Pass   9: suminf.    0.59391 (3) obj. 2.46012e+06 iterations 4
Cbc0038I Pass  10: suminf.    0.93872 (3) obj. 2.46012e+06 iterations 20
Cbc0038I Pass  11: suminf.    1.12620 (5) obj. 2.46012e+06 iterations 9
Cbc0038I Pass  12: suminf.    1.12620 (5) obj. 2.46012e+06 iterations 3
Cbc0038I Pass  13: suminf.    0.19181 (3) obj. 2.46012e+06 iterations 8
Cbc0038I Pass  14: suminf.    0.19181 (3) obj. 2.46012e+06 iterations 0
Cbc0038I Pass  15: suminf.    0.08022 (2) obj. 2.46012e+06 iterations 24
Cbc0038I Pass  16: suminf.    0.94781 (3) obj. 2.46012e+06 iterations 11
Cbc0038I Pass  17: suminf.    0.09720 (2) obj. 2.46012e+06 iterations 1
Cbc0038I Pass  18: suminf.    0.08022 (2) obj. 2.46012e+06 iterations 16
Cbc0038I Pass  19: suminf.    1.35260 (6) obj. 2.46012e+06 iterations 15
Cbc0038I Pass  20: suminf.    0.18620 (4) obj. 2.46012e+06 iterations 2
Cbc0038I Pass  21: suminf.    0.08022 (2) obj. 2.46012e+06 iterations 18
Cbc0038I Pass  22: suminf.    0.08022 (2) obj. 2.46012e+06 iterations 0
Cbc0038I Pass  23: suminf.    0.94345 (3) obj. 2.46012e+06 iterations 5
Cbc0038I Pass  24: suminf.    0.09720 (2) obj. 2.46012e+06 iterations 1
Cbc0038I Pass  25: suminf.    0.94781 (3) obj. 2.46012e+06 iterations 4
Cbc0038I Pass  26: suminf.    0.09720 (2) obj. 2.46012e+06 iterations 1
Cbc0038I Pass  27: suminf.    0.08022 (2) obj. 2.46012e+06 iterations 14
Cbc0038I Pass  28: suminf.    0.08022 (2) obj. 2.46012e+06 iterations 0
Cbc0038I Pass  29: suminf.    0.94345 (3) obj. 2.46012e+06 iterations 7
Cbc0038I Pass  30: suminf.    1.25451 (4) obj. 2.46012e+06 iterations 22
Cbc0038I Pass  31: suminf.    0.65772 (2) obj. 2.46012e+06 iterations 9
Cbc0038I Pass  32: suminf.    0.94781 (3) obj. 2.46012e+06 iterations 5
Cbc0038I Pass  33: suminf.    0.69641 (3) obj. 2.46012e+06 iterations 2
Cbc0038I No solution found this major pass
Cbc0038I Before mini branch and bound, 8 integers at bound fixed and 73 continuous
Cbc0038I Full problem 112 rows 155 columns, reduced to 22 rows 31 columns
Cbc0038I Mini branch and bound improved solution from 2.46014e+06 to 2.46014e+06 (0.03 seconds)
Cbc0038I Round again with cutoff of 2.4601e+06
Cbc0038I Pass  33: suminf.    0.90205 (6) obj. 2.4601e+06 iterations 0
Cbc0038I Pass  34: suminf.    0.90205 (6) obj. 2.4601e+06 iterations 0
Cbc0038I Pass  35: suminf.    0.69009 (3) obj. 2.4601e+06 iterations 31
Cbc0038I Pass  36: suminf.    0.66549 (2) obj. 2.4601e+06 iterations 1
Cbc0038I Pass  37: suminf.    1.06445 (3) obj. 2.4601e+06 iterations 6
Cbc0038I Pass  38: suminf.    0.71055 (3) obj. 2.4601e+06 iterations 4
Cbc0038I Pass  39: suminf.    1.04399 (3) obj. 2.4601e+06 iterations 20
Cbc0038I Pass  40: suminf.    1.25595 (7) obj. 2.4601e+06 iterations 16
Cbc0038I Pass  41: suminf.    0.79955 (5) obj. 2.4601e+06 iterations 6
Cbc0038I Pass  42: suminf.    1.03963 (3) obj. 2.4601e+06 iterations 15
Cbc0038I Pass  43: suminf.    0.66549 (2) obj. 2.4601e+06 iterations 6
Cbc0038I Pass  44: suminf.    1.06009 (3) obj. 2.4601e+06 iterations 5
Cbc0038I Pass  45: suminf.    0.71055 (3) obj. 2.4601e+06 iterations 3
Cbc0038I Pass  46: suminf.    0.81305 (4) obj. 2.4601e+06 iterations 7
Cbc0038I Pass  47: suminf.    0.81305 (4) obj. 2.4601e+06 iterations 1
Cbc0038I Pass  48: suminf.    0.69009 (3) obj. 2.4601e+06 iterations 24
Cbc0038I Pass  49: suminf.    0.66549 (2) obj. 2.4601e+06 iterations 1
Cbc0038I Pass  50: suminf.    1.06445 (3) obj. 2.4601e+06 iterations 8
Cbc0038I Pass  51: suminf.    0.71055 (3) obj. 2.4601e+06 iterations 4
Cbc0038I Pass  52: suminf.    1.04399 (3) obj. 2.4601e+06 iterations 17
Cbc0038I Pass  53: suminf.    1.11999 (4) obj. 2.4601e+06 iterations 9
Cbc0038I Pass  54: suminf.    0.26149 (3) obj. 2.4601e+06 iterations 4
Cbc0038I Pass  55: suminf.    1.06445 (3) obj. 2.4601e+06 iterations 10
Cbc0038I Pass  56: suminf.    0.21384 (2) obj. 2.4601e+06 iterations 1
Cbc0038I Pass  57: suminf.    0.18549 (2) obj. 2.4601e+06 iterations 15
Cbc0038I Pass  58: suminf.    0.18549 (2) obj. 2.4601e+06 iterations 0
Cbc0038I Pass  59: suminf.    1.04399 (3) obj. 2.4601e+06 iterations 13
Cbc0038I Pass  60: suminf.    0.18549 (2) obj. 2.4601e+06 iterations 4
Cbc0038I Pass  61: suminf.    1.06009 (3) obj. 2.4601e+06 iterations 8
Cbc0038I Pass  62: suminf.    0.21384 (2) obj. 2.4601e+06 iterations 1
Cbc0038I No solution found this major pass
Cbc0038I Before mini branch and bound, 5 integers at bound fixed and 64 continuous
Cbc0038I Full problem 112 rows 155 columns, reduced to 26 rows 37 columns
Cbc0038I Mini branch and bound did not improve solution (0.04 seconds)
Cbc0038I After 0.04 seconds - Feasibility pump exiting with objective of 2.46014e+06 - took 0.04 seconds
Cbc0012I Integer solution of 2460142.1 found by feasibility pump after 0 iterations and 0 nodes (0.05 seconds)
Cbc0038I Full problem 112 rows 155 columns, reduced to 72 rows 111 columns
Cbc0031I 8 added rows had average density of 15.875
Cbc0013I At root node, 8 cuts changed objective from 2460042 to 2460137.9 in 84 passes
Cbc0014I Cut generator 0 (Probing) - 2 row cuts average 5.5 elements, 2 column cuts (2 active)  in 0.006 seconds - new frequency is 1
Cbc0014I Cut generator 1 (Gomory) - 119 row cuts average 29.3 elements, 0 column cuts (0 active)  in 0.009 seconds - new frequency is 1
Cbc0014I Cut generator 2 (Knapsack) - 0 row cuts average 0.0 elements, 0 column cuts (0 active)  in 0.018 seconds - new frequency is -100
Cbc0014I Cut generator 3 (Clique) - 0 row cuts average 0.0 elements, 0 column cuts (0 active)  in 0.000 seconds - new frequency is -100
Cbc0014I Cut generator 4 (MixedIntegerRounding2) - 7 row cuts average 5.1 elements, 0 column cuts (0 active)  in 0.004 seconds - new frequency is -100
Cbc0014I Cut generator 5 (FlowCover) - 0 row cuts average 0.0 elements, 0 column cuts (0 active)  in 0.013 seconds - new frequency is -100
Cbc0014I Cut generator 6 (TwoMirCuts) - 23 row cuts average 10.9 elements, 0 column cuts (0 active)  in 0.004 seconds - new frequency is -100
Cbc0010I After 0 nodes, 1 on tree, 2460142.1 best solution, best possible 2460138 (0.15 seconds)
Cbc0001I Search completed - best objective 2460142.112976241, took 355 iterations and 6 nodes (0.16 seconds)
Cbc0032I Strong branching done 24 times (59 iterations), fathomed 4 nodes and fixed 2 variables
Cbc0035I Maximum depth 1, 1 variables fixed on reduced cost
Cuts at root node changed objective from 2.46004e+06 to 2.46014e+06
Probing was tried 92 times and created 5 cuts of which 0 were active after adding rounds of cuts (0.006 seconds)
Gomory was tried 92 times and created 123 cuts of which 0 were active after adding rounds of cuts (0.011 seconds)
Knapsack was tried 84 times and created 0 cuts of which 0 were active after adding rounds of cuts (0.018 seconds)
Clique was tried 84 times and created 0 cuts of which 0 were active after adding rounds of cuts (0.000 seconds)
MixedIntegerRounding2 was tried 84 times and created 7 cuts of which 0 were active after adding rounds of cuts (0.004 seconds)
FlowCover was tried 84 times and created 0 cuts of which 0 were active after adding rounds of cuts (0.013 seconds)
TwoMirCuts was tried 84 times and created 23 cuts of which 0 were active after adding rounds of cuts (0.004 seconds)
ZeroHalf was tried 1 times and created 0 cuts of which 0 were active after adding rounds of cuts (0.000 seconds)

Result - Optimal solution found

Objective value:                2460142.11297624
Enumerated nodes:               6
Total iterations:               355
Time (CPU seconds):             0.16
Time (Wallclock seconds):       0.16

Option for printingOptions changed from normal to all
Total time (CPU seconds):       0.18   (Wallclock seconds):       0.18

