Welcome to the CBC MILP Solver 
Version: 2.10.3 
Build Date: Dec 15 2019 

command line - E:\dachuang\.venv\Lib\site-packages\pulp\apis\../solverdir/cbc/win/i64/cbc.exe model.mps -primalTolerance 1e-9 -integerTolerance 1e-9 -ratioGap 0 -allowableGap 0 -threads 0 -branch -printingOptions all -solution solution.txt -saveSolution solution.bin -quit (default strategy 1)
At line 2 NAME          MODEL
At line 3 ROWS
At line 317 COLUMNS
At line 1133 RHS
At line 1446 BOUNDS
At line 1521 ENDATA
Problem MODEL has 312 rows, 241 columns and 647 elements
Coin0008I MODEL read with 0 errors
primalTolerance was changed from 1e-07 to 1e-09
integerTolerance was changed from 1e-07 to 1e-09
ratioGap was changed from 0 to 0
allowableGap was changed from 1e-10 to 0
Continuous objective value is 484123 - 0.00 seconds
Cgl0003I 0 fixed, 0 tightened bounds, 3 strengthened rows, 0 substitutions
Cgl0004I processed model has 119 rows, 167 columns (24 integer (24 of which binary)) and 356 elements
Cbc0038I Initial state - 12 integers unsatisfied sum - 4.78245
Cbc0038I Pass   1: suminf.    0.00000 (0) obj. 486638 iterations 17
Cbc0038I Solution found of 486638
Cbc0038I Relaxing continuous gives 486638
Cbc0038I Before mini branch and bound, 12 integers at bound fixed and 82 continuous
Cbc0038I Full problem 119 rows 167 columns, reduced to 13 rows 14 columns
Cbc0038I Mini branch and bound improved solution from 486638 to 485095 (0.01 seconds)
Cbc0038I Round again with cutoff of 485000
Cbc0038I Pass   2: suminf.    0.78561 (2) obj. 485000 iterations 8
Cbc0038I Solution found of 485000
Cbc0038I Relaxing continuous gives 484863
Cbc0038I Before mini branch and bound, 11 integers at bound fixed and 80 continuous
Cbc0038I Full problem 119 rows 167 columns, reduced to 13 rows 16 columns
Cbc0038I Mini branch and bound did not improve solution (0.02 seconds)
Cbc0038I Freeing continuous variables gives a solution of 484743
Cbc0038I Round again with cutoff of 484623
Cbc0038I Pass   3: suminf.    1.29007 (3) obj. 484623 iterations 7
Cbc0038I Pass   4: suminf.    0.89104 (3) obj. 484623 iterations 11
Cbc0038I Pass   5: suminf.    1.18726 (4) obj. 484623 iterations 18
Cbc0038I Pass   6: suminf.    1.18726 (4) obj. 484623 iterations 0
Cbc0038I Pass   7: suminf.    0.53851 (2) obj. 484623 iterations 19
Cbc0038I Pass   8: suminf.    0.53851 (2) obj. 484623 iterations 0
Cbc0038I Pass   9: suminf.    0.23851 (2) obj. 484623 iterations 2
Cbc0038I Pass  10: suminf.    0.23851 (2) obj. 484623 iterations 0
Cbc0038I Pass  11: suminf.    0.56773 (3) obj. 484623 iterations 11
Cbc0038I Pass  12: suminf.    0.23851 (2) obj. 484623 iterations 10
Cbc0038I Pass  13: suminf.    0.23851 (2) obj. 484623 iterations 0
Cbc0038I Pass  14: suminf.    0.53851 (2) obj. 484623 iterations 3
Cbc0038I Pass  15: suminf.    0.53851 (2) obj. 484623 iterations 0
Cbc0038I Pass  16: suminf.    2.13651 (7) obj. 484623 iterations 12
Cbc0038I Pass  17: suminf.    1.87601 (6) obj. 484623 iterations 1
Cbc0038I Pass  18: suminf.    1.14574 (3) obj. 484623 iterations 4
Cbc0038I Pass  19: suminf.    0.93890 (3) obj. 484623 iterations 2
Cbc0038I Pass  20: suminf.    1.14574 (3) obj. 484623 iterations 2
Cbc0038I Pass  21: suminf.    1.95824 (5) obj. 484623 iterations 5
Cbc0038I Pass  22: suminf.    1.75140 (5) obj. 484623 iterations 2
Cbc0038I Pass  23: suminf.    1.14574 (3) obj. 484623 iterations 4
Cbc0038I Pass  24: suminf.    0.93890 (3) obj. 484623 iterations 2
Cbc0038I Pass  25: suminf.    1.02160 (4) obj. 484623 iterations 12
Cbc0038I Pass  26: suminf.    0.53811 (3) obj. 484623 iterations 3
Cbc0038I Pass  27: suminf.    0.76110 (3) obj. 484623 iterations 5
Cbc0038I Pass  28: suminf.    0.98760 (5) obj. 484623 iterations 19
Cbc0038I Pass  29: suminf.    0.23851 (3) obj. 484623 iterations 5
Cbc0038I Pass  30: suminf.    0.93890 (3) obj. 484623 iterations 5
Cbc0038I Pass  31: suminf.    0.93890 (3) obj. 484623 iterations 0
Cbc0038I Pass  32: suminf.    1.14574 (3) obj. 484623 iterations 2
Cbc0038I No solution found this major pass
Cbc0038I Before mini branch and bound, 0 integers at bound fixed and 70 continuous
Cbc0038I Full problem 119 rows 167 columns, reduced to 34 rows 43 columns
Cbc0038I Mini branch and bound improved solution from 484743 to 484600 (0.04 seconds)
Cbc0038I Round again with cutoff of 484463
Cbc0038I Pass  32: suminf.    1.62628 (6) obj. 484463 iterations 6
Cbc0038I Pass  33: suminf.    1.62628 (6) obj. 484463 iterations 1
Cbc0038I Pass  34: suminf.    1.00175 (6) obj. 484463 iterations 19
Cbc0038I Pass  35: suminf.    1.00175 (6) obj. 484463 iterations 3
Cbc0038I Pass  36: suminf.    1.74825 (6) obj. 484463 iterations 11
Cbc0038I Pass  37: suminf.    1.74825 (6) obj. 484463 iterations 0
Cbc0038I Pass  38: suminf.    0.51586 (3) obj. 484463 iterations 9
Cbc0038I Pass  39: suminf.    0.48375 (2) obj. 484463 iterations 2
Cbc0038I Pass  40: suminf.    0.51586 (2) obj. 484463 iterations 2
Cbc0038I Pass  41: suminf.    1.05309 (4) obj. 484463 iterations 15
Cbc0038I Pass  42: suminf.    1.05309 (4) obj. 484463 iterations 0
Cbc0038I Pass  43: suminf.    0.85075 (3) obj. 484463 iterations 7
Cbc0038I Pass  44: suminf.    0.85075 (3) obj. 484463 iterations 0
Cbc0038I Pass  45: suminf.    0.51586 (2) obj. 484463 iterations 2
Cbc0038I Pass  46: suminf.    0.48375 (2) obj. 484463 iterations 1
Cbc0038I Pass  47: suminf.    0.51586 (3) obj. 484463 iterations 4
Cbc0038I Pass  48: suminf.    0.48375 (2) obj. 484463 iterations 1
Cbc0038I Pass  49: suminf.    0.51586 (2) obj. 484463 iterations 2
Cbc0038I Pass  50: suminf.    0.99786 (4) obj. 484463 iterations 9
Cbc0038I Pass  51: suminf.    0.95050 (3) obj. 484463 iterations 1
Cbc0038I Pass  52: suminf.    1.00175 (6) obj. 484463 iterations 7
Cbc0038I Pass  53: suminf.    1.00175 (6) obj. 484463 iterations 0
Cbc0038I Pass  54: suminf.    1.74825 (6) obj. 484463 iterations 13
Cbc0038I Pass  55: suminf.    1.74825 (6) obj. 484463 iterations 0
Cbc0038I Pass  56: suminf.    0.51586 (3) obj. 484463 iterations 5
Cbc0038I Pass  57: suminf.    0.48375 (2) obj. 484463 iterations 2
Cbc0038I Pass  58: suminf.    0.51586 (2) obj. 484463 iterations 2
Cbc0038I Pass  59: suminf.    0.95336 (5) obj. 484463 iterations 8
Cbc0038I Pass  60: suminf.    0.81875 (4) obj. 484463 iterations 1
Cbc0038I Pass  61: suminf.    0.51586 (2) obj. 484463 iterations 5
Cbc0038I No solution found this major pass
Cbc0038I Before mini branch and bound, 5 integers at bound fixed and 69 continuous
Cbc0038I Full problem 119 rows 167 columns, reduced to 34 rows 45 columns
Cbc0038I Mini branch and bound improved solution from 484600 to 484525 (0.06 seconds)
Cbc0038I Round again with cutoff of 484368
Cbc0038I Pass  61: suminf.    2.08188 (8) obj. 484368 iterations 2
Cbc0038I Pass  62: suminf.    2.08188 (8) obj. 484368 iterations 1
Cbc0038I Pass  63: suminf.    0.93935 (6) obj. 484368 iterations 21
Cbc0038I Pass  64: suminf.    0.93935 (6) obj. 484368 iterations 0
Cbc0038I Pass  65: suminf.    2.27775 (7) obj. 484368 iterations 4
Cbc0038I Pass  66: suminf.    1.83685 (7) obj. 484368 iterations 5
Cbc0038I Pass  67: suminf.    1.38025 (6) obj. 484368 iterations 5
Cbc0038I Pass  68: suminf.    1.45085 (7) obj. 484368 iterations 15
Cbc0038I Pass  69: suminf.    1.45085 (7) obj. 484368 iterations 0
Cbc0038I Pass  70: suminf.    2.16836 (7) obj. 484368 iterations 5
Cbc0038I Pass  71: suminf.    1.69921 (7) obj. 484368 iterations 3
Cbc0038I Pass  72: suminf.    1.45085 (7) obj. 484368 iterations 6
Cbc0038I Pass  73: suminf.    1.45085 (7) obj. 484368 iterations 0
Cbc0038I Pass  74: suminf.    2.16836 (7) obj. 484368 iterations 6
Cbc0038I Pass  75: suminf.    2.16836 (7) obj. 484368 iterations 2
Cbc0038I Pass  76: suminf.    1.69921 (7) obj. 484368 iterations 3
Cbc0038I Pass  77: suminf.    1.45085 (7) obj. 484368 iterations 6
Cbc0038I Pass  78: suminf.    1.45085 (7) obj. 484368 iterations 0
Cbc0038I Pass  79: suminf.    2.16836 (7) obj. 484368 iterations 6
Cbc0038I Pass  80: suminf.    1.60049 (6) obj. 484368 iterations 20
Cbc0038I Pass  81: suminf.    1.44984 (6) obj. 484368 iterations 2
Cbc0038I Pass  82: suminf.    1.55576 (5) obj. 484368 iterations 9
Cbc0038I Pass  83: suminf.    1.40510 (5) obj. 484368 iterations 6
Cbc0038I Pass  84: suminf.    1.45511 (6) obj. 484368 iterations 10
Cbc0038I Pass  85: suminf.    1.19461 (5) obj. 484368 iterations 1
Cbc0038I Pass  86: suminf.    1.99750 (6) obj. 484368 iterations 12
Cbc0038I Pass  87: suminf.    1.45085 (6) obj. 484368 iterations 2
Cbc0038I Pass  88: suminf.    1.76625 (6) obj. 484368 iterations 7
Cbc0038I Pass  89: suminf.    1.99860 (8) obj. 484368 iterations 9
Cbc0038I Pass  90: suminf.    1.89611 (7) obj. 484368 iterations 3
Cbc0038I No solution found this major pass
Cbc0038I Before mini branch and bound, 2 integers at bound fixed and 69 continuous
Cbc0038I Full problem 119 rows 167 columns, reduced to 32 rows 41 columns
Cbc0038I Mini branch and bound did not improve solution (0.07 seconds)
Cbc0038I After 0.07 seconds - Feasibility pump exiting with objective of 484525 - took 0.06 seconds
Cbc0012I Integer solution of 484525.19 found by feasibility pump after 0 iterations and 0 nodes (0.07 seconds)
Cbc0038I Full problem 119 rows 167 columns, reduced to 93 rows 141 columns - 3 fixed gives 85, 133 - still too large
Cbc0038I Full problem 119 rows 167 columns, reduced to 85 rows 133 columns - too large
Cbc0031I 17 added rows had average density of 19.058824
Cbc0013I At root node, 17 cuts changed objective from 484144.98 to 484472.82 in 100 passes
Cbc0014I Cut generator 0 (Probing) - 5 row cuts average 2.0 elements, 0 column cuts (0 active)  in 0.016 seconds - new frequency is -100
Cbc0014I Cut generator 1 (Gomory) - 381 row cuts average 26.9 elements, 0 column cuts (0 active)  in 0.009 seconds - new frequency is 1
Cbc0014I Cut generator 2 (Knapsack) - 0 row cuts average 0.0 elements, 0 column cuts (0 active)  in 0.021 seconds - new frequency is -100
Cbc0014I Cut generator 3 (Clique) - 0 row cuts average 0.0 elements, 0 column cuts (0 active)  in 0.000 seconds - new frequency is -100
Cbc0014I Cut generator 4 (MixedIntegerRounding2) - 6 row cuts average 4.8 elements, 0 column cuts (0 active)  in 0.009 seconds - new frequency is -100
Cbc0014I Cut generator 5 (FlowCover) - 0 row cuts average 0.0 elements, 0 column cuts (0 active)  in 0.020 seconds - new frequency is -100
Cbc0014I Cut generator 6 (TwoMirCuts) - 38 row cuts average 13.3 elements, 0 column cuts (0 active)  in 0.005 seconds - new frequency is -100
Cbc0010I After 0 nodes, 1 on tree, 484525.19 best solution, best possible 484472.85 (0.21 seconds)
Cbc0001I Search completed - best objective 484525.1908587234, took 1054 iterations and 8 nodes (0.24 seconds)
Cbc0032I Strong branching done 42 times (191 iterations), fathomed 1 nodes and fixed 8 variables
Cbc0035I Maximum depth 2, 1 variables fixed on reduced cost
Cuts at root node changed objective from 484145 to 484473
Probing was tried 100 times and created 5 cuts of which 0 were active after adding rounds of cuts (0.016 seconds)
Gomory was tried 136 times and created 458 cuts of which 0 were active after adding rounds of cuts (0.015 seconds)
Knapsack was tried 100 times and created 0 cuts of which 0 were active after adding rounds of cuts (0.021 seconds)
Clique was tried 100 times and created 0 cuts of which 0 were active after adding rounds of cuts (0.000 seconds)
MixedIntegerRounding2 was tried 100 times and created 6 cuts of which 0 were active after adding rounds of cuts (0.009 seconds)
FlowCover was tried 100 times and created 0 cuts of which 0 were active after adding rounds of cuts (0.020 seconds)
TwoMirCuts was tried 100 times and created 38 cuts of which 0 were active after adding rounds of cuts (0.005 seconds)
ZeroHalf was tried 1 times and created 0 cuts of which 0 were active after adding rounds of cuts (0.000 seconds)

Result - Optimal solution found

Objective value:                484525.19085872
Enumerated nodes:               8
Total iterations:               1054
Time (CPU seconds):             0.24
Time (Wallclock seconds):       0.24

Option for printingOptions changed from normal to all
Total time (CPU seconds):       0.27   (Wallclock seconds):       0.27

