Welcome to the CBC MILP Solver 
Version: 2.10.3 
Build Date: Dec 15 2019 

command line - E:\dachuang\.venv\Lib\site-packages\pulp\apis\../solverdir/cbc/win/i64/cbc.exe model.mps -primalTolerance 1e-9 -integerTolerance 1e-9 -ratioGap 0 -allowableGap 0 -threads 0 -branch -printingOptions all -solution solution.txt -saveSolution solution.bin -quit (default strategy 1)
At line 2 NAME          MODEL
At line 3 ROWS
At line 317 COLUMNS
At line 1133 RHS
At line 1446 BOUNDS
At line 1521 ENDATA
Problem MODEL has 312 rows, 241 columns and 647 elements
Coin0008I MODEL read with 0 errors
primalTolerance was changed from 1e-07 to 1e-09
integerTolerance was changed from 1e-07 to 1e-09
ratioGap was changed from 0 to 0
allowableGap was changed from 1e-10 to 0
Continuous objective value is 500482 - 0.00 seconds
Cgl0003I 0 fixed, 0 tightened bounds, 3 strengthened rows, 0 substitutions
Cgl0004I processed model has 119 rows, 167 columns (24 integer (24 of which binary)) and 356 elements
Cbc0038I Initial state - 16 integers unsatisfied sum - 6.09754
Cbc0038I Pass   1: suminf.    0.00000 (0) obj. 504990 iterations 24
Cbc0038I Solution found of 504990
Cbc0038I Relaxing continuous gives 504556
Cbc0038I Before mini branch and bound, 8 integers at bound fixed and 74 continuous
Cbc0038I Full problem 119 rows 167 columns, reduced to 26 rows 30 columns
Cbc0038I Mini branch and bound improved solution from 504556 to 502741 (0.01 seconds)
Cbc0038I Freeing continuous variables gives a solution of 502650
Cbc0038I Round again with cutoff of 502437
Cbc0038I Pass   2: suminf.    0.69058 (3) obj. 502437 iterations 10
Cbc0038I Pass   3: suminf.    0.00000 (0) obj. 502437 iterations 9
Cbc0038I Solution found of 502437
Cbc0038I Relaxing continuous gives 502186
Cbc0038I Before mini branch and bound, 6 integers at bound fixed and 69 continuous
Cbc0038I Full problem 119 rows 167 columns, reduced to 33 rows 42 columns
Cbc0038I Mini branch and bound improved solution from 502186 to 502118 (0.02 seconds)
Cbc0038I Round again with cutoff of 501799
Cbc0038I Pass   4: suminf.    1.06545 (5) obj. 501799 iterations 7
Cbc0038I Pass   5: suminf.    1.06545 (5) obj. 501799 iterations 1
Cbc0038I Pass   6: suminf.    0.83739 (4) obj. 501799 iterations 19
Cbc0038I Pass   7: suminf.    0.83739 (4) obj. 501799 iterations 4
Cbc0038I Pass   8: suminf.    1.09778 (4) obj. 501799 iterations 12
Cbc0038I Pass   9: suminf.    1.09778 (4) obj. 501799 iterations 0
Cbc0038I Pass  10: suminf.    0.59732 (2) obj. 501799 iterations 10
Cbc0038I Pass  11: suminf.    0.53778 (2) obj. 501799 iterations 1
Cbc0038I Pass  12: suminf.    0.71728 (3) obj. 501799 iterations 15
Cbc0038I Pass  13: suminf.    0.57732 (2) obj. 501799 iterations 3
Cbc0038I Pass  14: suminf.    0.55778 (2) obj. 501799 iterations 1
Cbc0038I Pass  15: suminf.    2.49766 (8) obj. 501799 iterations 20
Cbc0038I Pass  16: suminf.    2.03636 (7) obj. 501799 iterations 1
Cbc0038I Pass  17: suminf.    1.24820 (4) obj. 501799 iterations 11
Cbc0038I Pass  18: suminf.    1.20338 (5) obj. 501799 iterations 4
Cbc0038I Pass  19: suminf.    0.96318 (4) obj. 501799 iterations 11
Cbc0038I Pass  20: suminf.    0.96318 (4) obj. 501799 iterations 1
Cbc0038I Pass  21: suminf.    0.89798 (3) obj. 501799 iterations 4
Cbc0038I Pass  22: suminf.    0.89798 (3) obj. 501799 iterations 0
Cbc0038I Pass  23: suminf.    0.62248 (2) obj. 501799 iterations 9
Cbc0038I Pass  24: suminf.    0.62248 (2) obj. 501799 iterations 0
Cbc0038I Pass  25: suminf.    0.45798 (2) obj. 501799 iterations 1
Cbc0038I Pass  26: suminf.    0.45798 (2) obj. 501799 iterations 0
Cbc0038I Pass  27: suminf.    1.39418 (6) obj. 501799 iterations 13
Cbc0038I Pass  28: suminf.    1.39418 (6) obj. 501799 iterations 1
Cbc0038I Pass  29: suminf.    0.89798 (3) obj. 501799 iterations 12
Cbc0038I Pass  30: suminf.    0.89798 (3) obj. 501799 iterations 0
Cbc0038I Pass  31: suminf.    0.62248 (2) obj. 501799 iterations 8
Cbc0038I Pass  32: suminf.    0.62248 (2) obj. 501799 iterations 0
Cbc0038I Pass  33: suminf.    0.45798 (2) obj. 501799 iterations 1
Cbc0038I No solution found this major pass
Cbc0038I Before mini branch and bound, 2 integers at bound fixed and 61 continuous
Cbc0038I Full problem 119 rows 167 columns, reduced to 53 rows 69 columns
Cbc0038I Mini branch and bound improved solution from 502118 to 501567 (0.06 seconds)
Cbc0038I Round again with cutoff of 501254
Cbc0038I Pass  33: suminf.    1.74494 (7) obj. 501254 iterations 4
Cbc0038I Pass  34: suminf.    1.72034 (7) obj. 501254 iterations 3
Cbc0038I Pass  35: suminf.    1.71971 (5) obj. 501254 iterations 21
Cbc0038I Pass  36: suminf.    1.41895 (5) obj. 501254 iterations 5
Cbc0038I Pass  37: suminf.    1.47020 (5) obj. 501254 iterations 4
Cbc0038I Pass  38: suminf.    1.47020 (5) obj. 501254 iterations 0
Cbc0038I Pass  39: suminf.    1.28620 (5) obj. 501254 iterations 4
Cbc0038I Pass  40: suminf.    1.28620 (5) obj. 501254 iterations 0
Cbc0038I Pass  41: suminf.    2.45673 (7) obj. 501254 iterations 18
Cbc0038I Pass  42: suminf.    1.97925 (6) obj. 501254 iterations 6
Cbc0038I Pass  43: suminf.    2.19721 (7) obj. 501254 iterations 12
Cbc0038I Pass  44: suminf.    1.60450 (6) obj. 501254 iterations 5
Cbc0038I Pass  45: suminf.    1.44000 (5) obj. 501254 iterations 2
Cbc0038I Pass  46: suminf.    1.44000 (5) obj. 501254 iterations 0
Cbc0038I Pass  47: suminf.    1.50820 (5) obj. 501254 iterations 5
Cbc0038I Pass  48: suminf.    1.46401 (6) obj. 501254 iterations 4
Cbc0038I Pass  49: suminf.    2.13770 (9) obj. 501254 iterations 13
Cbc0038I Pass  50: suminf.    2.13770 (9) obj. 501254 iterations 0
Cbc0038I Pass  51: suminf.    2.70600 (9) obj. 501254 iterations 10
Cbc0038I Pass  52: suminf.    2.61890 (9) obj. 501254 iterations 3
Cbc0038I Pass  53: suminf.    1.56190 (7) obj. 501254 iterations 8
Cbc0038I Pass  54: suminf.    1.56190 (7) obj. 501254 iterations 3
Cbc0038I Pass  55: suminf.    1.72140 (7) obj. 501254 iterations 9
Cbc0038I Pass  56: suminf.    1.72140 (7) obj. 501254 iterations 0
Cbc0038I Pass  57: suminf.    1.56190 (7) obj. 501254 iterations 2
Cbc0038I Pass  58: suminf.    1.47630 (5) obj. 501254 iterations 14
Cbc0038I Pass  59: suminf.    1.47630 (5) obj. 501254 iterations 0
Cbc0038I Pass  60: suminf.    1.29230 (5) obj. 501254 iterations 4
Cbc0038I Pass  61: suminf.    1.29230 (5) obj. 501254 iterations 0
Cbc0038I Pass  62: suminf.    1.47630 (5) obj. 501254 iterations 2
Cbc0038I No solution found this major pass
Cbc0038I Before mini branch and bound, 0 integers at bound fixed and 61 continuous
Cbc0038I Full problem 119 rows 167 columns, reduced to 53 rows 69 columns
Cbc0038I Mini branch and bound did not improve solution (0.09 seconds)
Cbc0038I After 0.09 seconds - Feasibility pump exiting with objective of 501567 - took 0.08 seconds
Cbc0012I Integer solution of 501566.77 found by feasibility pump after 0 iterations and 0 nodes (0.09 seconds)
Cbc0038I Full problem 119 rows 167 columns, reduced to 106 rows 154 columns - 5 fixed gives 93, 141 - still too large
Cbc0031I 21 added rows had average density of 22.333333
Cbc0013I At root node, 21 cuts changed objective from 500522.69 to 501462.09 in 100 passes
Cbc0014I Cut generator 0 (Probing) - 9 row cuts average 2.0 elements, 0 column cuts (0 active)  in 0.012 seconds - new frequency is -100
Cbc0014I Cut generator 1 (Gomory) - 699 row cuts average 34.6 elements, 0 column cuts (0 active)  in 0.014 seconds - new frequency is 1
Cbc0014I Cut generator 2 (Knapsack) - 0 row cuts average 0.0 elements, 0 column cuts (0 active)  in 0.021 seconds - new frequency is -100
Cbc0014I Cut generator 3 (Clique) - 0 row cuts average 0.0 elements, 0 column cuts (0 active)  in 0.003 seconds - new frequency is -100
Cbc0014I Cut generator 4 (MixedIntegerRounding2) - 11 row cuts average 5.5 elements, 0 column cuts (0 active)  in 0.010 seconds - new frequency is -100
Cbc0014I Cut generator 5 (FlowCover) - 0 row cuts average 0.0 elements, 0 column cuts (0 active)  in 0.021 seconds - new frequency is -100
Cbc0014I Cut generator 6 (TwoMirCuts) - 50 row cuts average 10.9 elements, 0 column cuts (0 active)  in 0.002 seconds - new frequency is -100
Cbc0010I After 0 nodes, 1 on tree, 501566.77 best solution, best possible 501462.09 (0.26 seconds)
Cbc0001I Search completed - best objective 501566.7735556879, took 2350 iterations and 22 nodes (0.34 seconds)
Cbc0032I Strong branching done 144 times (607 iterations), fathomed 3 nodes and fixed 7 variables
Cbc0035I Maximum depth 6, 0 variables fixed on reduced cost
Cuts at root node changed objective from 500523 to 501462
Probing was tried 100 times and created 9 cuts of which 0 were active after adding rounds of cuts (0.012 seconds)
Gomory was tried 173 times and created 865 cuts of which 0 were active after adding rounds of cuts (0.021 seconds)
Knapsack was tried 100 times and created 0 cuts of which 0 were active after adding rounds of cuts (0.021 seconds)
Clique was tried 100 times and created 0 cuts of which 0 were active after adding rounds of cuts (0.003 seconds)
MixedIntegerRounding2 was tried 100 times and created 11 cuts of which 0 were active after adding rounds of cuts (0.010 seconds)
FlowCover was tried 100 times and created 0 cuts of which 0 were active after adding rounds of cuts (0.021 seconds)
TwoMirCuts was tried 100 times and created 50 cuts of which 0 were active after adding rounds of cuts (0.002 seconds)
ZeroHalf was tried 1 times and created 0 cuts of which 0 were active after adding rounds of cuts (0.000 seconds)

Result - Optimal solution found

Objective value:                501566.77355569
Enumerated nodes:               22
Total iterations:               2350
Time (CPU seconds):             0.34
Time (Wallclock seconds):       0.34

Option for printingOptions changed from normal to all
Total time (CPU seconds):       0.37   (Wallclock seconds):       0.37

