Welcome to the CBC MILP Solver 
Version: 2.10.3 
Build Date: Dec 15 2019 

command line - E:\dachuang\.venv\Lib\site-packages\pulp\apis\../solverdir/cbc/win/i64/cbc.exe model.mps -primalTolerance 1e-9 -integerTolerance 1e-9 -ratioGap 0 -allowableGap 0 -threads 0 -branch -printingOptions all -solution solution.txt -saveSolution solution.bin -quit (default strategy 1)
At line 2 NAME          MODEL
At line 3 ROWS
At line 317 COLUMNS
At line 1133 RHS
At line 1446 BOUNDS
At line 1521 ENDATA
Problem MODEL has 312 rows, 241 columns and 647 elements
Coin0008I MODEL read with 0 errors
primalTolerance was changed from 1e-07 to 1e-09
integerTolerance was changed from 1e-07 to 1e-09
ratioGap was changed from 0 to 0
allowableGap was changed from 1e-10 to 0
Continuous objective value is 547344 - 0.00 seconds
Cgl0003I 0 fixed, 0 tightened bounds, 3 strengthened rows, 0 substitutions
Cgl0004I processed model has 119 rows, 167 columns (24 integer (24 of which binary)) and 356 elements
Cbc0038I Initial state - 16 integers unsatisfied sum - 6.59598
Cbc0038I Pass   1: suminf.    0.00000 (0) obj. 554265 iterations 26
Cbc0038I Solution found of 554265
Cbc0038I Relaxing continuous gives 553848
Cbc0038I Before mini branch and bound, 8 integers at bound fixed and 77 continuous
Cbc0038I Full problem 119 rows 167 columns, reduced to 19 rows 20 columns
Cbc0038I Mini branch and bound improved solution from 553848 to 550253 (0.01 seconds)
Cbc0038I Round again with cutoff of 549966
Cbc0038I Pass   2: suminf.    0.22739 (1) obj. 549966 iterations 3
Cbc0038I Solution found of 549966
Cbc0038I Relaxing continuous gives 549836
Cbc0038I Before mini branch and bound, 8 integers at bound fixed and 74 continuous
Cbc0038I Full problem 119 rows 167 columns, reduced to 24 rows 28 columns
Cbc0038I Mini branch and bound improved solution from 549836 to 549583 (0.02 seconds)
Cbc0038I Round again with cutoff of 549143
Cbc0038I Pass   3: suminf.    0.72704 (2) obj. 549143 iterations 8
Cbc0038I Pass   4: suminf.    0.72704 (2) obj. 549143 iterations 1
Cbc0038I Pass   5: suminf.    0.00000 (0) obj. 549143 iterations 7
Cbc0038I Solution found of 549143
Cbc0038I Relaxing continuous gives 549130
Cbc0038I Before mini branch and bound, 8 integers at bound fixed and 70 continuous
Cbc0038I Full problem 119 rows 167 columns, reduced to 40 rows 49 columns
Cbc0038I Mini branch and bound improved solution from 549130 to 548603 (0.03 seconds)
Cbc0038I Round again with cutoff of 548237
Cbc0038I Pass   6: suminf.    1.87898 (7) obj. 548237 iterations 11
Cbc0038I Pass   7: suminf.    1.29615 (6) obj. 548237 iterations 7
Cbc0038I Pass   8: suminf.    1.27156 (5) obj. 548237 iterations 2
Cbc0038I Pass   9: suminf.    1.02177 (4) obj. 548237 iterations 16
Cbc0038I Pass  10: suminf.    1.02177 (4) obj. 548237 iterations 0
Cbc0038I Pass  11: suminf.    0.93282 (3) obj. 548237 iterations 7
Cbc0038I Pass  12: suminf.    0.90243 (3) obj. 548237 iterations 4
Cbc0038I Pass  13: suminf.    1.02869 (3) obj. 548237 iterations 8
Cbc0038I Pass  14: suminf.    0.42867 (2) obj. 548237 iterations 5
Cbc0038I Pass  15: suminf.    0.54092 (2) obj. 548237 iterations 1
Cbc0038I Pass  16: suminf.    0.54092 (2) obj. 548237 iterations 0
Cbc0038I Pass  17: suminf.    0.42867 (2) obj. 548237 iterations 2
Cbc0038I Pass  18: suminf.    0.49872 (3) obj. 548237 iterations 12
Cbc0038I Pass  19: suminf.    0.31022 (2) obj. 548237 iterations 2
Cbc0038I Pass  20: suminf.    0.31022 (2) obj. 548237 iterations 0
Cbc0038I Pass  21: suminf.    0.19797 (2) obj. 548237 iterations 4
Cbc0038I Pass  22: suminf.    0.19797 (2) obj. 548237 iterations 0
Cbc0038I Pass  23: suminf.    1.52122 (6) obj. 548237 iterations 22
Cbc0038I Pass  24: suminf.    1.52122 (6) obj. 548237 iterations 1
Cbc0038I Pass  25: suminf.    1.11798 (5) obj. 548237 iterations 13
Cbc0038I Pass  26: suminf.    1.11798 (5) obj. 548237 iterations 1
Cbc0038I Pass  27: suminf.    1.25624 (5) obj. 548237 iterations 5
Cbc0038I Pass  28: suminf.    2.16923 (8) obj. 548237 iterations 19
Cbc0038I Pass  29: suminf.    2.16923 (8) obj. 548237 iterations 2
Cbc0038I Pass  30: suminf.    1.99299 (7) obj. 548237 iterations 8
Cbc0038I Pass  31: suminf.    1.97198 (7) obj. 548237 iterations 5
Cbc0038I Pass  32: suminf.    1.09354 (4) obj. 548237 iterations 25
Cbc0038I Pass  33: suminf.    1.01374 (5) obj. 548237 iterations 6
Cbc0038I Pass  34: suminf.    2.16923 (8) obj. 548237 iterations 15
Cbc0038I Pass  35: suminf.    2.16923 (8) obj. 548237 iterations 3
Cbc0038I No solution found this major pass
Cbc0038I Before mini branch and bound, 2 integers at bound fixed and 59 continuous
Cbc0038I Full problem 119 rows 167 columns, reduced to 60 rows 76 columns
Cbc0038I Mini branch and bound improved solution from 548603 to 547987 (0.05 seconds)
Cbc0038I Round again with cutoff of 547805
Cbc0038I Pass  35: suminf.    2.31294 (9) obj. 547805 iterations 7
Cbc0038I Pass  36: suminf.    2.24520 (10) obj. 547805 iterations 9
Cbc0038I Pass  37: suminf.    2.09145 (8) obj. 547805 iterations 5
Cbc0038I Pass  38: suminf.    2.09145 (8) obj. 547805 iterations 0
Cbc0038I Pass  39: suminf.    1.78569 (6) obj. 547805 iterations 13
Cbc0038I Pass  40: suminf.    1.78569 (6) obj. 547805 iterations 1
Cbc0038I Pass  41: suminf.    1.59137 (5) obj. 547805 iterations 11
Cbc0038I Pass  42: suminf.    1.32519 (5) obj. 547805 iterations 5
Cbc0038I Pass  43: suminf.    2.58049 (9) obj. 547805 iterations 28
Cbc0038I Pass  44: suminf.    2.27113 (8) obj. 547805 iterations 3
Cbc0038I Pass  45: suminf.    2.27113 (8) obj. 547805 iterations 0
Cbc0038I Pass  46: suminf.    2.44638 (8) obj. 547805 iterations 15
Cbc0038I Pass  47: suminf.    2.44638 (8) obj. 547805 iterations 0
Cbc0038I Pass  48: suminf.    2.29888 (8) obj. 547805 iterations 6
Cbc0038I Pass  49: suminf.    2.29888 (8) obj. 547805 iterations 1
Cbc0038I Pass  50: suminf.    2.64828 (8) obj. 547805 iterations 7
Cbc0038I Pass  51: suminf.    2.10163 (8) obj. 547805 iterations 2
Cbc0038I Pass  52: suminf.    2.84553 (8) obj. 547805 iterations 3
Cbc0038I Pass  53: suminf.    1.81294 (8) obj. 547805 iterations 27
Cbc0038I Pass  54: suminf.    1.58844 (6) obj. 547805 iterations 16
Cbc0038I Pass  55: suminf.    1.58844 (6) obj. 547805 iterations 1
Cbc0038I Pass  56: suminf.    1.91894 (6) obj. 547805 iterations 5
Cbc0038I Pass  57: suminf.    1.24019 (6) obj. 547805 iterations 2
Cbc0038I Pass  58: suminf.    1.58844 (6) obj. 547805 iterations 7
Cbc0038I Pass  59: suminf.    1.45573 (5) obj. 547805 iterations 8
Cbc0038I Pass  60: suminf.    1.21540 (5) obj. 547805 iterations 2
Cbc0038I Pass  61: suminf.    1.22072 (4) obj. 547805 iterations 3
Cbc0038I Pass  62: suminf.    0.98039 (4) obj. 547805 iterations 2
Cbc0038I Pass  63: suminf.    1.10891 (5) obj. 547805 iterations 5
Cbc0038I Pass  64: suminf.    0.98039 (4) obj. 547805 iterations 3
Cbc0038I No solution found this major pass
Cbc0038I Before mini branch and bound, 2 integers at bound fixed and 62 continuous
Cbc0038I Full problem 119 rows 167 columns, reduced to 56 rows 71 columns
Cbc0038I Mini branch and bound did not improve solution (0.07 seconds)
Cbc0038I After 0.07 seconds - Feasibility pump exiting with objective of 547987 - took 0.06 seconds
Cbc0012I Integer solution of 547987.04 found by feasibility pump after 0 iterations and 0 nodes (0.07 seconds)
Cbc0038I Full problem 119 rows 167 columns, reduced to 102 rows 150 columns - 2 fixed gives 97, 145 - still too large
Cbc0031I 19 added rows had average density of 23.684211
Cbc0013I At root node, 19 cuts changed objective from 547381.62 to 547932.98 in 100 passes
Cbc0014I Cut generator 0 (Probing) - 17 row cuts average 2.0 elements, 1 column cuts (1 active)  in 0.016 seconds - new frequency is -100
Cbc0014I Cut generator 1 (Gomory) - 557 row cuts average 56.2 elements, 0 column cuts (0 active)  in 0.010 seconds - new frequency is 1
Cbc0014I Cut generator 2 (Knapsack) - 0 row cuts average 0.0 elements, 0 column cuts (0 active)  in 0.022 seconds - new frequency is -100
Cbc0014I Cut generator 3 (Clique) - 0 row cuts average 0.0 elements, 0 column cuts (0 active)  in 0.002 seconds - new frequency is -100
Cbc0014I Cut generator 4 (MixedIntegerRounding2) - 26 row cuts average 8.0 elements, 0 column cuts (0 active)  in 0.007 seconds - new frequency is -100
Cbc0014I Cut generator 5 (FlowCover) - 0 row cuts average 0.0 elements, 0 column cuts (0 active)  in 0.022 seconds - new frequency is -100
Cbc0014I Cut generator 6 (TwoMirCuts) - 68 row cuts average 16.2 elements, 0 column cuts (0 active)  in 0.004 seconds - new frequency is -100
Cbc0010I After 0 nodes, 1 on tree, 547987.04 best solution, best possible 547932.98 (0.26 seconds)
Cbc0001I Search completed - best objective 547987.0432670506, took 2022 iterations and 12 nodes (0.29 seconds)
Cbc0032I Strong branching done 114 times (500 iterations), fathomed 2 nodes and fixed 9 variables
Cbc0035I Maximum depth 4, 1 variables fixed on reduced cost
Cuts at root node changed objective from 547382 to 547933
Probing was tried 100 times and created 18 cuts of which 0 were active after adding rounds of cuts (0.016 seconds)
Gomory was tried 129 times and created 620 cuts of which 0 were active after adding rounds of cuts (0.012 seconds)
Knapsack was tried 100 times and created 0 cuts of which 0 were active after adding rounds of cuts (0.022 seconds)
Clique was tried 100 times and created 0 cuts of which 0 were active after adding rounds of cuts (0.002 seconds)
MixedIntegerRounding2 was tried 100 times and created 26 cuts of which 0 were active after adding rounds of cuts (0.007 seconds)
FlowCover was tried 100 times and created 0 cuts of which 0 were active after adding rounds of cuts (0.022 seconds)
TwoMirCuts was tried 100 times and created 68 cuts of which 0 were active after adding rounds of cuts (0.004 seconds)
ZeroHalf was tried 1 times and created 0 cuts of which 0 were active after adding rounds of cuts (0.000 seconds)

Result - Optimal solution found

Objective value:                547987.04326705
Enumerated nodes:               12
Total iterations:               2022
Time (CPU seconds):             0.30
Time (Wallclock seconds):       0.30

Option for printingOptions changed from normal to all
Total time (CPU seconds):       0.32   (Wallclock seconds):       0.32

