Welcome to the CBC MILP Solver 
Version: 2.10.3 
Build Date: Dec 15 2019 

command line - E:\dachuang\.venv\Lib\site-packages\pulp\apis\../solverdir/cbc/win/i64/cbc.exe model.mps -primalTolerance 1e-9 -integerTolerance 1e-9 -ratioGap 0 -allowableGap 0 -threads 0 -branch -printingOptions all -solution solution.txt -saveSolution solution.bin -quit (default strategy 1)
At line 2 NAME          MODEL
At line 3 ROWS
At line 317 COLUMNS
At line 1133 RHS
At line 1446 BOUNDS
At line 1521 ENDATA
Problem MODEL has 312 rows, 241 columns and 647 elements
Coin0008I MODEL read with 0 errors
primalTolerance was changed from 1e-07 to 1e-09
integerTolerance was changed from 1e-07 to 1e-09
ratioGap was changed from 0 to 0
allowableGap was changed from 1e-10 to 0
Continuous objective value is 557693 - 0.00 seconds
Cgl0003I 0 fixed, 0 tightened bounds, 3 strengthened rows, 0 substitutions
Cgl0004I processed model has 119 rows, 167 columns (24 integer (24 of which binary)) and 356 elements
Cbc0038I Initial state - 16 integers unsatisfied sum - 6.45721
Cbc0038I Pass   1: suminf.    0.00000 (0) obj. 559072 iterations 29
Cbc0038I Solution found of 559072
Cbc0038I Relaxing continuous gives 558887
Cbc0038I Before mini branch and bound, 8 integers at bound fixed and 78 continuous
Cbc0038I Full problem 119 rows 167 columns, reduced to 21 rows 22 columns
Cbc0038I Mini branch and bound did not improve solution (0.01 seconds)
Cbc0038I Round again with cutoff of 558769
Cbc0038I Pass   2: suminf.    0.49300 (1) obj. 558769 iterations 3
Cbc0038I Solution found of 558769
Cbc0038I Relaxing continuous gives 558655
Cbc0038I Before mini branch and bound, 8 integers at bound fixed and 73 continuous
Cbc0038I Full problem 119 rows 167 columns, reduced to 25 rows 31 columns
Cbc0038I Mini branch and bound improved solution from 558655 to 558445 (0.01 seconds)
Cbc0038I Freeing continuous variables gives a solution of 558317
Cbc0038I Round again with cutoff of 558196
Cbc0038I Pass   3: suminf.    1.02095 (3) obj. 558196 iterations 14
Cbc0038I Pass   4: suminf.    0.48910 (1) obj. 558196 iterations 11
Cbc0038I Pass   5: suminf.    0.00000 (0) obj. 558196 iterations 1
Cbc0038I Solution found of 558196
Cbc0038I Relaxing continuous gives 558193
Cbc0038I Before mini branch and bound, 8 integers at bound fixed and 66 continuous
Cbc0038I Full problem 119 rows 167 columns, reduced to 42 rows 55 columns
Cbc0038I Mini branch and bound improved solution from 558193 to 558025 (0.03 seconds)
Cbc0038I Round again with cutoff of 557930
Cbc0038I Pass   6: suminf.    1.25012 (7) obj. 557930 iterations 7
Cbc0038I Pass   7: suminf.    0.92390 (4) obj. 557930 iterations 10
Cbc0038I Pass   8: suminf.    0.77015 (3) obj. 557930 iterations 3
Cbc0038I Pass   9: suminf.    0.77015 (3) obj. 557930 iterations 0
Cbc0038I Pass  10: suminf.    0.69940 (4) obj. 557930 iterations 14
Cbc0038I Pass  11: suminf.    0.69940 (4) obj. 557930 iterations 0
Cbc0038I Pass  12: suminf.    0.73770 (5) obj. 557930 iterations 9
Cbc0038I Pass  13: suminf.    0.56191 (3) obj. 557930 iterations 5
Cbc0038I Pass  14: suminf.    0.48538 (3) obj. 557930 iterations 2
Cbc0038I Pass  15: suminf.    0.77110 (4) obj. 557930 iterations 10
Cbc0038I Pass  16: suminf.    0.51320 (2) obj. 557930 iterations 3
Cbc0038I Pass  17: suminf.    0.56191 (2) obj. 557930 iterations 1
Cbc0038I Pass  18: suminf.    0.97830 (3) obj. 557930 iterations 9
Cbc0038I Pass  19: suminf.    0.57980 (2) obj. 557930 iterations 1
Cbc0038I Pass  20: suminf.    0.35530 (2) obj. 557930 iterations 2
Cbc0038I Pass  21: suminf.    0.35530 (2) obj. 557930 iterations 0
Cbc0038I Pass  22: suminf.    0.57980 (2) obj. 557930 iterations 1
Cbc0038I Pass  23: suminf.    2.19730 (6) obj. 557930 iterations 20
Cbc0038I Pass  24: suminf.    1.45908 (6) obj. 557930 iterations 7
Cbc0038I Pass  25: suminf.    1.79880 (5) obj. 557930 iterations 10
Cbc0038I Pass  26: suminf.    1.06618 (6) obj. 557930 iterations 8
Cbc0038I Pass  27: suminf.    1.04877 (7) obj. 557930 iterations 2
Cbc0038I Pass  28: suminf.    1.49292 (5) obj. 557930 iterations 10
Cbc0038I Pass  29: suminf.    1.49292 (7) obj. 557930 iterations 4
Cbc0038I Pass  30: suminf.    1.45908 (5) obj. 557930 iterations 6
Cbc0038I Pass  31: suminf.    1.14967 (7) obj. 557930 iterations 4
Cbc0038I Pass  32: suminf.    1.14967 (7) obj. 557930 iterations 0
Cbc0038I Pass  33: suminf.    1.49292 (5) obj. 557930 iterations 6
Cbc0038I Pass  34: suminf.    1.49292 (7) obj. 557930 iterations 4
Cbc0038I Pass  35: suminf.    1.45908 (5) obj. 557930 iterations 11
Cbc0038I No solution found this major pass
Cbc0038I Before mini branch and bound, 5 integers at bound fixed and 60 continuous
Cbc0038I Full problem 119 rows 167 columns, reduced to 54 rows 70 columns
Cbc0038I Mini branch and bound improved solution from 558025 to 557959 (0.06 seconds)
Cbc0038I Round again with cutoff of 557864
Cbc0038I Pass  35: suminf.    1.53465 (8) obj. 557864 iterations 3
Cbc0038I Pass  36: suminf.    1.23917 (4) obj. 557864 iterations 11
Cbc0038I Pass  37: suminf.    1.06044 (3) obj. 557864 iterations 3
Cbc0038I Pass  38: suminf.    0.86092 (3) obj. 557864 iterations 2
Cbc0038I Pass  39: suminf.    1.01467 (4) obj. 557864 iterations 11
Cbc0038I Pass  40: suminf.    1.01467 (4) obj. 557864 iterations 0
Cbc0038I Pass  41: suminf.    1.05297 (5) obj. 557864 iterations 6
Cbc0038I Pass  42: suminf.    0.79673 (4) obj. 557864 iterations 5
Cbc0038I Pass  43: suminf.    0.79673 (4) obj. 557864 iterations 0
Cbc0038I Pass  44: suminf.    0.82847 (4) obj. 557864 iterations 12
Cbc0038I Pass  45: suminf.    0.82847 (4) obj. 557864 iterations 0
Cbc0038I Pass  46: suminf.    1.05297 (5) obj. 557864 iterations 7
Cbc0038I Pass  47: suminf.    0.79673 (4) obj. 557864 iterations 5
Cbc0038I Pass  48: suminf.    0.79673 (4) obj. 557864 iterations 0
Cbc0038I Pass  49: suminf.    0.82847 (4) obj. 557864 iterations 12
Cbc0038I Pass  50: suminf.    0.82847 (4) obj. 557864 iterations 0
Cbc0038I Pass  51: suminf.    1.05297 (5) obj. 557864 iterations 7
Cbc0038I Pass  52: suminf.    0.79673 (4) obj. 557864 iterations 5
Cbc0038I Pass  53: suminf.    0.79673 (4) obj. 557864 iterations 0
Cbc0038I Pass  54: suminf.    0.82847 (4) obj. 557864 iterations 12
Cbc0038I Pass  55: suminf.    0.82847 (4) obj. 557864 iterations 0
Cbc0038I Pass  56: suminf.    1.05297 (5) obj. 557864 iterations 7
Cbc0038I Pass  57: suminf.    0.79673 (4) obj. 557864 iterations 5
Cbc0038I Pass  58: suminf.    0.79673 (4) obj. 557864 iterations 0
Cbc0038I Pass  59: suminf.    0.82847 (4) obj. 557864 iterations 12
Cbc0038I Pass  60: suminf.    0.82847 (4) obj. 557864 iterations 0
Cbc0038I Pass  61: suminf.    1.05297 (5) obj. 557864 iterations 7
Cbc0038I Pass  62: suminf.    0.79673 (4) obj. 557864 iterations 5
Cbc0038I Pass  63: suminf.    0.79673 (4) obj. 557864 iterations 0
Cbc0038I Pass  64: suminf.    0.82847 (4) obj. 557864 iterations 9
Cbc0038I No solution found this major pass
Cbc0038I Before mini branch and bound, 8 integers at bound fixed and 63 continuous
Cbc0038I Full problem 119 rows 167 columns, reduced to 49 rows 65 columns
Cbc0038I Mini branch and bound did not improve solution (0.10 seconds)
Cbc0038I After 0.10 seconds - Feasibility pump exiting with objective of 557959 - took 0.09 seconds
Cbc0012I Integer solution of 557958.53 found by feasibility pump after 0 iterations and 0 nodes (0.10 seconds)
Cbc0038I Full problem 119 rows 167 columns, reduced to 97 rows 144 columns - 3 fixed gives 90, 137 - still too large
Cbc0031I 21 added rows had average density of 37.857143
Cbc0013I At root node, 21 cuts changed objective from 557710.14 to 557816.26 in 100 passes
Cbc0014I Cut generator 0 (Probing) - 6 row cuts average 3.0 elements, 1 column cuts (1 active)  in 0.006 seconds - new frequency is -100
Cbc0014I Cut generator 1 (Gomory) - 623 row cuts average 60.3 elements, 0 column cuts (0 active)  in 0.016 seconds - new frequency is 1
Cbc0014I Cut generator 2 (Knapsack) - 0 row cuts average 0.0 elements, 0 column cuts (0 active)  in 0.017 seconds - new frequency is -100
Cbc0014I Cut generator 3 (Clique) - 0 row cuts average 0.0 elements, 0 column cuts (0 active)  in 0.000 seconds - new frequency is -100
Cbc0014I Cut generator 4 (MixedIntegerRounding2) - 7 row cuts average 5.4 elements, 0 column cuts (0 active)  in 0.019 seconds - new frequency is -100
Cbc0014I Cut generator 5 (FlowCover) - 0 row cuts average 0.0 elements, 0 column cuts (0 active)  in 0.021 seconds - new frequency is -100
Cbc0014I Cut generator 6 (TwoMirCuts) - 69 row cuts average 11.9 elements, 0 column cuts (0 active)  in 0.005 seconds - new frequency is -100
Cbc0010I After 0 nodes, 1 on tree, 557958.53 best solution, best possible 557816.26 (0.31 seconds)
Cbc0012I Integer solution of 557942.01 found by DiveCoefficient after 2559 iterations and 21 nodes (0.37 seconds)
Cbc0038I Full problem 119 rows 167 columns, reduced to 85 rows 131 columns - 1 fixed gives 83, 129 - ok now
Cbc0038I Full problem 119 rows 167 columns, reduced to 83 rows 129 columns
Cbc0038I Full problem 119 rows 167 columns, reduced to 90 rows 137 columns - 2 fixed gives 85, 132 - still too large
Cbc0038I Full problem 119 rows 167 columns, reduced to 85 rows 132 columns - too large
Cbc0001I Search completed - best objective 557942.0126856021, took 6751 iterations and 230 nodes (0.80 seconds)
Cbc0032I Strong branching done 1496 times (6506 iterations), fathomed 65 nodes and fixed 126 variables
Cbc0035I Maximum depth 10, 5 variables fixed on reduced cost
Cuts at root node changed objective from 557710 to 557816
Probing was tried 100 times and created 7 cuts of which 0 were active after adding rounds of cuts (0.006 seconds)
Gomory was tried 570 times and created 1934 cuts of which 0 were active after adding rounds of cuts (0.048 seconds)
Knapsack was tried 100 times and created 0 cuts of which 0 were active after adding rounds of cuts (0.017 seconds)
Clique was tried 100 times and created 0 cuts of which 0 were active after adding rounds of cuts (0.000 seconds)
MixedIntegerRounding2 was tried 100 times and created 7 cuts of which 0 were active after adding rounds of cuts (0.019 seconds)
FlowCover was tried 100 times and created 0 cuts of which 0 were active after adding rounds of cuts (0.021 seconds)
TwoMirCuts was tried 100 times and created 69 cuts of which 0 were active after adding rounds of cuts (0.005 seconds)
ZeroHalf was tried 1 times and created 0 cuts of which 0 were active after adding rounds of cuts (0.000 seconds)

Result - Optimal solution found

Objective value:                557942.01268560
Enumerated nodes:               230
Total iterations:               6751
Time (CPU seconds):             0.81
Time (Wallclock seconds):       0.81

Option for printingOptions changed from normal to all
Total time (CPU seconds):       0.83   (Wallclock seconds):       0.83

