Welcome to the CBC MILP Solver 
Version: 2.10.3 
Build Date: Dec 15 2019 

command line - E:\dachuang\.venv\Lib\site-packages\pulp\apis\../solverdir/cbc/win/i64/cbc.exe model.mps -primalTolerance 1e-9 -integerTolerance 1e-9 -ratioGap 0 -allowableGap 0 -threads 0 -branch -printingOptions all -solution solution.txt -saveSolution solution.bin -quit (default strategy 1)
At line 2 NAME          MODEL
At line 3 ROWS
At line 317 COLUMNS
At line 1133 RHS
At line 1446 BOUNDS
At line 1521 ENDATA
Problem MODEL has 312 rows, 241 columns and 647 elements
Coin0008I MODEL read with 0 errors
primalTolerance was changed from 1e-07 to 1e-09
integerTolerance was changed from 1e-07 to 1e-09
ratioGap was changed from 0 to 0
allowableGap was changed from 1e-10 to 0
Continuous objective value is 462365 - 0.00 seconds
Cgl0003I 0 fixed, 0 tightened bounds, 3 strengthened rows, 0 substitutions
Cgl0004I processed model has 119 rows, 167 columns (24 integer (24 of which binary)) and 356 elements
Cbc0038I Initial state - 14 integers unsatisfied sum - 5.04324
Cbc0038I Pass   1: suminf.    0.00000 (0) obj. 471519 iterations 20
Cbc0038I Solution found of 471519
Cbc0038I Relaxing continuous gives 464957
Cbc0038I Before mini branch and bound, 10 integers at bound fixed and 78 continuous
Cbc0038I Full problem 119 rows 167 columns, reduced to 13 rows 16 columns
Cbc0038I Mini branch and bound improved solution from 464957 to 464520 (0.02 seconds)
Cbc0038I Round again with cutoff of 464305
Cbc0038I Pass   2: suminf.    0.42281 (2) obj. 464305 iterations 6
Cbc0038I Pass   3: suminf.    0.01125 (1) obj. 464305 iterations 9
Cbc0038I Solution found of 464305
Cbc0038I Relaxing continuous gives 464119
Cbc0038I Before mini branch and bound, 10 integers at bound fixed and 76 continuous
Cbc0038I Full problem 119 rows 167 columns, reduced to 15 rows 20 columns
Cbc0038I Mini branch and bound improved solution from 464119 to 464056 (0.03 seconds)
Cbc0038I Freeing continuous variables gives a solution of 463915
Cbc0038I Round again with cutoff of 463605
Cbc0038I Pass   4: suminf.    0.86337 (3) obj. 463605 iterations 6
Cbc0038I Pass   5: suminf.    0.84440 (4) obj. 463605 iterations 8
Cbc0038I Pass   6: suminf.    1.26803 (4) obj. 463605 iterations 11
Cbc0038I Pass   7: suminf.    1.16928 (4) obj. 463605 iterations 4
Cbc0038I Pass   8: suminf.    1.16928 (4) obj. 463605 iterations 0
Cbc0038I Pass   9: suminf.    0.68878 (3) obj. 463605 iterations 5
Cbc0038I Pass  10: suminf.    0.68878 (3) obj. 463605 iterations 0
Cbc0038I Pass  11: suminf.    0.53878 (3) obj. 463605 iterations 4
Cbc0038I Pass  12: suminf.    0.53878 (3) obj. 463605 iterations 0
Cbc0038I Pass  13: suminf.    1.02253 (4) obj. 463605 iterations 3
Cbc0038I Pass  14: suminf.    0.53878 (3) obj. 463605 iterations 1
Cbc0038I Pass  15: suminf.    0.68878 (3) obj. 463605 iterations 1
Cbc0038I Pass  16: suminf.    0.68878 (3) obj. 463605 iterations 0
Cbc0038I Pass  17: suminf.    0.53878 (3) obj. 463605 iterations 4
Cbc0038I Pass  18: suminf.    1.51053 (8) obj. 463605 iterations 19
Cbc0038I Pass  19: suminf.    1.51053 (8) obj. 463605 iterations 0
Cbc0038I Pass  20: suminf.    1.26803 (4) obj. 463605 iterations 11
Cbc0038I Pass  21: suminf.    1.26803 (4) obj. 463605 iterations 0
Cbc0038I Pass  22: suminf.    1.16928 (4) obj. 463605 iterations 4
Cbc0038I Pass  23: suminf.    1.16928 (4) obj. 463605 iterations 0
Cbc0038I Pass  24: suminf.    0.68878 (3) obj. 463605 iterations 5
Cbc0038I Pass  25: suminf.    0.68878 (3) obj. 463605 iterations 0
Cbc0038I Pass  26: suminf.    0.53878 (3) obj. 463605 iterations 4
Cbc0038I Pass  27: suminf.    0.53878 (3) obj. 463605 iterations 0
Cbc0038I Pass  28: suminf.    1.40765 (6) obj. 463605 iterations 12
Cbc0038I Pass  29: suminf.    1.16928 (4) obj. 463605 iterations 7
Cbc0038I Pass  30: suminf.    1.16928 (4) obj. 463605 iterations 0
Cbc0038I Pass  31: suminf.    0.68878 (3) obj. 463605 iterations 5
Cbc0038I Pass  32: suminf.    0.68878 (3) obj. 463605 iterations 0
Cbc0038I Pass  33: suminf.    0.53878 (3) obj. 463605 iterations 4
Cbc0038I No solution found this major pass
Cbc0038I Before mini branch and bound, 4 integers at bound fixed and 69 continuous
Cbc0038I Full problem 119 rows 167 columns, reduced to 33 rows 43 columns
Cbc0038I Mini branch and bound improved solution from 463915 to 463592 (0.05 seconds)
Cbc0038I Round again with cutoff of 463224
Cbc0038I Pass  33: suminf.    1.75317 (7) obj. 463224 iterations 5
Cbc0038I Pass  34: suminf.    1.75317 (6) obj. 463224 iterations 4
Cbc0038I Pass  35: suminf.    1.63030 (5) obj. 463224 iterations 13
Cbc0038I Pass  36: suminf.    1.39630 (5) obj. 463224 iterations 2
Cbc0038I Pass  37: suminf.    1.44755 (6) obj. 463224 iterations 5
Cbc0038I Pass  38: suminf.    1.44755 (6) obj. 463224 iterations 0
Cbc0038I Pass  39: suminf.    1.44755 (6) obj. 463224 iterations 0
Cbc0038I Pass  40: suminf.    3.20531 (12) obj. 463224 iterations 28
Cbc0038I Pass  41: suminf.    3.20531 (12) obj. 463224 iterations 0
Cbc0038I Pass  42: suminf.    3.01681 (8) obj. 463224 iterations 13
Cbc0038I Pass  43: suminf.    3.01681 (8) obj. 463224 iterations 0
Cbc0038I Pass  44: suminf.    2.14795 (7) obj. 463224 iterations 6
Cbc0038I Pass  45: suminf.    2.14795 (7) obj. 463224 iterations 3
Cbc0038I Pass  46: suminf.    2.83805 (8) obj. 463224 iterations 4
Cbc0038I Pass  47: suminf.    2.39630 (8) obj. 463224 iterations 1
Cbc0038I Pass  48: suminf.    2.58970 (7) obj. 463224 iterations 4
Cbc0038I Pass  49: suminf.    4.35556 (12) obj. 463224 iterations 13
Cbc0038I Pass  50: suminf.    3.87181 (11) obj. 463224 iterations 1
Cbc0038I Pass  51: suminf.    2.14795 (7) obj. 463224 iterations 10
Cbc0038I Pass  52: suminf.    2.14795 (7) obj. 463224 iterations 3
Cbc0038I Pass  53: suminf.    2.83805 (8) obj. 463224 iterations 6
Cbc0038I Pass  54: suminf.    2.39630 (8) obj. 463224 iterations 1
Cbc0038I Pass  55: suminf.    2.58970 (7) obj. 463224 iterations 4
Cbc0038I Pass  56: suminf.    2.02380 (7) obj. 463224 iterations 15
Cbc0038I Pass  57: suminf.    1.54005 (6) obj. 463224 iterations 1
Cbc0038I Pass  58: suminf.    1.44755 (6) obj. 463224 iterations 1
Cbc0038I Pass  59: suminf.    1.44755 (6) obj. 463224 iterations 0
Cbc0038I Pass  60: suminf.    1.70655 (7) obj. 463224 iterations 11
Cbc0038I Pass  61: suminf.    1.54005 (6) obj. 463224 iterations 9
Cbc0038I Pass  62: suminf.    1.54005 (6) obj. 463224 iterations 0
Cbc0038I No solution found this major pass
Cbc0038I Before mini branch and bound, 0 integers at bound fixed and 66 continuous
Cbc0038I Full problem 119 rows 167 columns, reduced to 33 rows 45 columns
Cbc0038I Mini branch and bound did not improve solution (0.06 seconds)
Cbc0038I After 0.06 seconds - Feasibility pump exiting with objective of 463592 - took 0.05 seconds
Cbc0012I Integer solution of 463591.87 found by feasibility pump after 0 iterations and 0 nodes (0.06 seconds)
Cbc0038I Full problem 119 rows 167 columns, reduced to 92 rows 140 columns - 4 fixed gives 81, 129 - ok now
Cbc0038I Full problem 119 rows 167 columns, reduced to 81 rows 129 columns
Cbc0031I 17 added rows had average density of 15.588235
Cbc0013I At root node, 17 cuts changed objective from 462365.36 to 463570.55 in 30 passes
Cbc0014I Cut generator 0 (Probing) - 6 row cuts average 2.0 elements, 4 column cuts (4 active)  in 0.004 seconds - new frequency is 1
Cbc0014I Cut generator 1 (Gomory) - 110 row cuts average 51.2 elements, 0 column cuts (0 active)  in 0.004 seconds - new frequency is 1
Cbc0014I Cut generator 2 (Knapsack) - 0 row cuts average 0.0 elements, 0 column cuts (0 active)  in 0.004 seconds - new frequency is -100
Cbc0014I Cut generator 3 (Clique) - 0 row cuts average 0.0 elements, 0 column cuts (0 active)  in 0.000 seconds - new frequency is -100
Cbc0014I Cut generator 4 (MixedIntegerRounding2) - 8 row cuts average 4.8 elements, 0 column cuts (0 active)  in 0.004 seconds - new frequency is -100
Cbc0014I Cut generator 5 (FlowCover) - 0 row cuts average 0.0 elements, 0 column cuts (0 active)  in 0.005 seconds - new frequency is -100
Cbc0014I Cut generator 6 (TwoMirCuts) - 31 row cuts average 19.4 elements, 0 column cuts (0 active)  in 0.002 seconds - new frequency is -100
Cbc0001I Search completed - best objective 463591.8671835251, took 218 iterations and 0 nodes (0.11 seconds)
Cbc0032I Strong branching done 2 times (5 iterations), fathomed 1 nodes and fixed 0 variables
Cbc0035I Maximum depth 0, 0 variables fixed on reduced cost
Cuts at root node changed objective from 462365 to 463721
Probing was tried 30 times and created 10 cuts of which 0 were active after adding rounds of cuts (0.004 seconds)
Gomory was tried 30 times and created 110 cuts of which 0 were active after adding rounds of cuts (0.004 seconds)
Knapsack was tried 30 times and created 0 cuts of which 0 were active after adding rounds of cuts (0.004 seconds)
Clique was tried 30 times and created 0 cuts of which 0 were active after adding rounds of cuts (0.000 seconds)
MixedIntegerRounding2 was tried 30 times and created 8 cuts of which 0 were active after adding rounds of cuts (0.004 seconds)
FlowCover was tried 30 times and created 0 cuts of which 0 were active after adding rounds of cuts (0.005 seconds)
TwoMirCuts was tried 30 times and created 31 cuts of which 0 were active after adding rounds of cuts (0.002 seconds)
ZeroHalf was tried 1 times and created 0 cuts of which 0 were active after adding rounds of cuts (0.000 seconds)

Result - Optimal solution found

Objective value:                463591.86718353
Enumerated nodes:               0
Total iterations:               218
Time (CPU seconds):             0.12
Time (Wallclock seconds):       0.12

Option for printingOptions changed from normal to all
Total time (CPU seconds):       0.14   (Wallclock seconds):       0.14

