Welcome to the CBC MILP Solver 
Version: 2.10.3 
Build Date: Dec 15 2019 

command line - E:\dachuang\.venv\Lib\site-packages\pulp\apis\../solverdir/cbc/win/i64/cbc.exe model.mps -primalTolerance 1e-9 -integerTolerance 1e-9 -ratioGap 0 -allowableGap 0 -threads 0 -branch -printingOptions all -solution solution.txt -saveSolution solution.bin -quit (default strategy 1)
At line 2 NAME          MODEL
At line 3 ROWS
At line 317 COLUMNS
At line 1133 RHS
At line 1446 BOUNDS
At line 1521 ENDATA
Problem MODEL has 312 rows, 241 columns and 647 elements
Coin0008I MODEL read with 0 errors
primalTolerance was changed from 1e-07 to 1e-09
integerTolerance was changed from 1e-07 to 1e-09
ratioGap was changed from 0 to 0
allowableGap was changed from 1e-10 to 0
Continuous objective value is 489449 - 0.00 seconds
Cgl0003I 0 fixed, 0 tightened bounds, 2 strengthened rows, 0 substitutions
Cgl0004I processed model has 119 rows, 167 columns (24 integer (24 of which binary)) and 356 elements
Cbc0038I Initial state - 7 integers unsatisfied sum - 1.81116
Cbc0038I Pass   1: suminf.    0.00000 (0) obj. 495495 iterations 10
Cbc0038I Solution found of 495495
Cbc0038I Relaxing continuous gives 492133
Cbc0038I Before mini branch and bound, 17 integers at bound fixed and 91 continuous
Cbc0038I Full problem 119 rows 167 columns, reduced to 9 rows 11 columns
Cbc0038I Mini branch and bound improved solution from 492133 to 490179 (0.01 seconds)
Cbc0038I Round again with cutoff of 490106
Cbc0038I Pass   2: suminf.    0.39552 (3) obj. 490106 iterations 6
Cbc0038I Pass   3: suminf.    0.00000 (0) obj. 490106 iterations 14
Cbc0038I Solution found of 490106
Cbc0038I Relaxing continuous gives 489967
Cbc0038I Before mini branch and bound, 17 integers at bound fixed and 88 continuous
Cbc0038I Full problem 119 rows 167 columns, reduced to 10 rows 13 columns
Cbc0038I Mini branch and bound improved solution from 489967 to 489967 (0.01 seconds)
Cbc0038I Round again with cutoff of 489864
Cbc0038I Pass   4: suminf.    0.55831 (3) obj. 489864 iterations 1
Cbc0038I Pass   5: suminf.    0.46148 (3) obj. 489864 iterations 8
Cbc0038I Pass   6: suminf.    0.23119 (2) obj. 489864 iterations 11
Cbc0038I Pass   7: suminf.    0.00000 (0) obj. 489864 iterations 7
Cbc0038I Solution found of 489864
Cbc0038I Relaxing continuous gives 489835
Cbc0038I Before mini branch and bound, 17 integers at bound fixed and 88 continuous
Cbc0038I Full problem 119 rows 167 columns, reduced to 17 rows 22 columns
Cbc0038I Mini branch and bound improved solution from 489835 to 489715 (0.02 seconds)
Cbc0038I Round again with cutoff of 489635
Cbc0038I Pass   8: suminf.    0.98129 (4) obj. 489635 iterations 1
Cbc0038I Pass   9: suminf.    0.96328 (5) obj. 489635 iterations 3
Cbc0038I Pass  10: suminf.    0.47669 (2) obj. 489635 iterations 9
Cbc0038I Pass  11: suminf.    0.74306 (2) obj. 489635 iterations 4
Cbc0038I Pass  12: suminf.    0.72505 (3) obj. 489635 iterations 2
Cbc0038I Pass  13: suminf.    0.72505 (3) obj. 489635 iterations 5
Cbc0038I Pass  14: suminf.    0.47669 (2) obj. 489635 iterations 7
Cbc0038I Pass  15: suminf.    0.74306 (2) obj. 489635 iterations 4
Cbc0038I Pass  16: suminf.    0.72505 (3) obj. 489635 iterations 2
Cbc0038I Pass  17: suminf.    0.88225 (4) obj. 489635 iterations 9
Cbc0038I Pass  18: suminf.    0.47669 (2) obj. 489635 iterations 8
Cbc0038I Pass  19: suminf.    0.74306 (2) obj. 489635 iterations 4
Cbc0038I Pass  20: suminf.    0.72505 (3) obj. 489635 iterations 2
Cbc0038I Pass  21: suminf.    1.14345 (4) obj. 489635 iterations 8
Cbc0038I Pass  22: suminf.    0.47669 (2) obj. 489635 iterations 8
Cbc0038I Pass  23: suminf.    0.74306 (2) obj. 489635 iterations 4
Cbc0038I Pass  24: suminf.    0.72505 (3) obj. 489635 iterations 2
Cbc0038I Pass  25: suminf.    0.88697 (4) obj. 489635 iterations 11
Cbc0038I Pass  26: suminf.    0.87504 (4) obj. 489635 iterations 1
Cbc0038I Pass  27: suminf.    0.53810 (3) obj. 489635 iterations 5
Cbc0038I Pass  28: suminf.    0.53810 (3) obj. 489635 iterations 0
Cbc0038I Pass  29: suminf.    0.52331 (2) obj. 489635 iterations 4
Cbc0038I Pass  30: suminf.    0.50024 (2) obj. 489635 iterations 2
Cbc0038I Pass  31: suminf.    0.71784 (3) obj. 489635 iterations 10
Cbc0038I Pass  32: suminf.    0.53810 (3) obj. 489635 iterations 4
Cbc0038I Pass  33: suminf.    0.53810 (3) obj. 489635 iterations 0
Cbc0038I Pass  34: suminf.    0.52331 (2) obj. 489635 iterations 4
Cbc0038I Pass  35: suminf.    0.50024 (2) obj. 489635 iterations 2
Cbc0038I Pass  36: suminf.    1.43571 (4) obj. 489635 iterations 11
Cbc0038I Pass  37: suminf.    0.91864 (3) obj. 489635 iterations 2
Cbc0038I No solution found this major pass
Cbc0038I Before mini branch and bound, 3 integers at bound fixed and 79 continuous
Cbc0038I Full problem 119 rows 167 columns, reduced to 21 rows 28 columns
Cbc0038I Mini branch and bound did not improve solution (0.03 seconds)
Cbc0038I After 0.03 seconds - Feasibility pump exiting with objective of 489715 - took 0.02 seconds
Cbc0012I Integer solution of 489715.23 found by feasibility pump after 0 iterations and 0 nodes (0.03 seconds)
Cbc0038I Full problem 119 rows 167 columns, reduced to 71 rows 119 columns
Cbc0031I 10 added rows had average density of 10.5
Cbc0013I At root node, 10 cuts changed objective from 489449.24 to 489715.23 in 12 passes
Cbc0014I Cut generator 0 (Probing) - 3 row cuts average 2.0 elements, 3 column cuts (3 active)  in 0.000 seconds - new frequency is 1
Cbc0014I Cut generator 1 (Gomory) - 34 row cuts average 15.3 elements, 0 column cuts (0 active)  in 0.000 seconds - new frequency is 1
Cbc0014I Cut generator 2 (Knapsack) - 0 row cuts average 0.0 elements, 0 column cuts (0 active)  in 0.000 seconds - new frequency is -100
Cbc0014I Cut generator 3 (Clique) - 0 row cuts average 0.0 elements, 0 column cuts (0 active)  in 0.000 seconds - new frequency is -100
Cbc0014I Cut generator 4 (MixedIntegerRounding2) - 6 row cuts average 5.2 elements, 0 column cuts (0 active)  in 0.000 seconds - new frequency is 1
Cbc0014I Cut generator 5 (FlowCover) - 0 row cuts average 0.0 elements, 0 column cuts (0 active)  in 0.001 seconds - new frequency is -100
Cbc0014I Cut generator 6 (TwoMirCuts) - 22 row cuts average 9.2 elements, 0 column cuts (0 active)  in 0.004 seconds - new frequency is -100
Cbc0001I Search completed - best objective 489715.2299168917, took 74 iterations and 0 nodes (0.05 seconds)
Cbc0032I Strong branching done 6 times (19 iterations), fathomed 1 nodes and fixed 0 variables
Cbc0035I Maximum depth 0, 0 variables fixed on reduced cost
Cuts at root node changed objective from 489449 to 489715
Probing was tried 12 times and created 6 cuts of which 0 were active after adding rounds of cuts (0.000 seconds)
Gomory was tried 12 times and created 34 cuts of which 0 were active after adding rounds of cuts (0.000 seconds)
Knapsack was tried 12 times and created 0 cuts of which 0 were active after adding rounds of cuts (0.000 seconds)
Clique was tried 12 times and created 0 cuts of which 0 were active after adding rounds of cuts (0.000 seconds)
MixedIntegerRounding2 was tried 12 times and created 6 cuts of which 0 were active after adding rounds of cuts (0.000 seconds)
FlowCover was tried 12 times and created 0 cuts of which 0 were active after adding rounds of cuts (0.001 seconds)
TwoMirCuts was tried 12 times and created 22 cuts of which 0 were active after adding rounds of cuts (0.004 seconds)
ZeroHalf was tried 1 times and created 0 cuts of which 0 were active after adding rounds of cuts (0.000 seconds)

Result - Optimal solution found

Objective value:                489715.22991689
Enumerated nodes:               0
Total iterations:               74
Time (CPU seconds):             0.05
Time (Wallclock seconds):       0.05

Option for printingOptions changed from normal to all
Total time (CPU seconds):       0.07   (Wallclock seconds):       0.07

