Welcome to the CBC MILP Solver 
Version: 2.10.3 
Build Date: Dec 15 2019 

command line - E:\dachuang\.venv\Lib\site-packages\pulp\apis\../solverdir/cbc/win/i64/cbc.exe model.mps -primalTolerance 1e-9 -integerTolerance 1e-9 -ratioGap 0 -allowableGap 0 -threads 0 -branch -printingOptions all -solution solution.txt -saveSolution solution.bin -quit (default strategy 1)
At line 2 NAME          MODEL
At line 3 ROWS
At line 317 COLUMNS
At line 1133 RHS
At line 1446 BOUNDS
At line 1521 ENDATA
Problem MODEL has 312 rows, 241 columns and 647 elements
Coin0008I MODEL read with 0 errors
primalTolerance was changed from 1e-07 to 1e-09
integerTolerance was changed from 1e-07 to 1e-09
ratioGap was changed from 0 to 0
allowableGap was changed from 1e-10 to 0
Continuous objective value is 509458 - 0.00 seconds
Cgl0003I 0 fixed, 0 tightened bounds, 2 strengthened rows, 0 substitutions
Cgl0004I processed model has 119 rows, 167 columns (24 integer (24 of which binary)) and 356 elements
Cbc0038I Initial state - 7 integers unsatisfied sum - 2.8164
Cbc0038I Pass   1: suminf.    0.00000 (0) obj. 513392 iterations 15
Cbc0038I Solution found of 513392
Cbc0038I Relaxing continuous gives 510030
Cbc0038I Before mini branch and bound, 17 integers at bound fixed and 93 continuous
Cbc0038I Full problem 119 rows 167 columns, reduced to 11 rows 13 columns
Cbc0038I Mini branch and bound improved solution from 510030 to 509933 (0.01 seconds)
Cbc0038I Round again with cutoff of 509885
Cbc0038I Pass   2: suminf.    0.21881 (2) obj. 509885 iterations 5
Cbc0038I Solution found of 509885
Cbc0038I Relaxing continuous gives 509723
Cbc0038I Before mini branch and bound, 16 integers at bound fixed and 92 continuous
Cbc0038I Full problem 119 rows 167 columns, reduced to 10 rows 12 columns
Cbc0038I Mini branch and bound did not improve solution (0.01 seconds)
Cbc0038I Round again with cutoff of 509670
Cbc0038I Pass   3: suminf.    0.24803 (3) obj. 509670 iterations 4
Cbc0038I Pass   4: suminf.    0.24304 (2) obj. 509670 iterations 1
Cbc0038I Pass   5: suminf.    0.22896 (1) obj. 509670 iterations 5
Cbc0038I Pass   6: suminf.    0.23751 (2) obj. 509670 iterations 6
Cbc0038I Pass   7: suminf.    0.23751 (2) obj. 509670 iterations 4
Cbc0038I Pass   8: suminf.    0.27709 (1) obj. 509670 iterations 3
Cbc0038I Pass   9: suminf.    0.03492 (1) obj. 509670 iterations 1
Cbc0038I Pass  10: suminf.    0.72291 (2) obj. 509670 iterations 9
Cbc0038I Pass  11: suminf.    1.06209 (3) obj. 509670 iterations 4
Cbc0038I Pass  12: suminf.    0.97126 (3) obj. 509670 iterations 1
Cbc0038I Pass  13: suminf.    0.72291 (2) obj. 509670 iterations 4
Cbc0038I Pass  14: suminf.    0.72291 (2) obj. 509670 iterations 0
Cbc0038I Pass  15: suminf.    0.92156 (3) obj. 509670 iterations 12
Cbc0038I Pass  16: suminf.    0.54336 (2) obj. 509670 iterations 1
Cbc0038I Pass  17: suminf.    0.23751 (2) obj. 509670 iterations 5
Cbc0038I Pass  18: suminf.    0.72291 (2) obj. 509670 iterations 8
Cbc0038I Pass  19: suminf.    1.06209 (3) obj. 509670 iterations 2
Cbc0038I Pass  20: suminf.    0.97126 (3) obj. 509670 iterations 1
Cbc0038I Pass  21: suminf.    0.72291 (2) obj. 509670 iterations 4
Cbc0038I Pass  22: suminf.    1.10111 (3) obj. 509670 iterations 7
Cbc0038I Pass  23: suminf.    0.72291 (2) obj. 509670 iterations 1
Cbc0038I Pass  24: suminf.    1.06209 (3) obj. 509670 iterations 3
Cbc0038I Pass  25: suminf.    0.97126 (3) obj. 509670 iterations 1
Cbc0038I Pass  26: suminf.    0.72291 (2) obj. 509670 iterations 4
Cbc0038I Pass  27: suminf.    1.14367 (4) obj. 509670 iterations 17
Cbc0038I Pass  28: suminf.    0.76547 (3) obj. 509670 iterations 1
Cbc0038I Pass  29: suminf.    0.00000 (0) obj. 509670 iterations 5
Cbc0038I Solution found of 509670
Cbc0038I Relaxing continuous gives 509657
Cbc0038I Before mini branch and bound, 7 integers at bound fixed and 81 continuous
Cbc0038I Full problem 119 rows 167 columns, reduced to 22 rows 31 columns
Cbc0038I Mini branch and bound improved solution from 509657 to 509612 (0.03 seconds)
Cbc0038I Round again with cutoff of 509566
Cbc0038I Pass  30: suminf.    0.69784 (4) obj. 509566 iterations 1
Cbc0038I Pass  31: suminf.    0.69284 (3) obj. 509566 iterations 1
Cbc0038I Pass  32: suminf.    0.58217 (3) obj. 509566 iterations 9
Cbc0038I Pass  33: suminf.    0.58217 (3) obj. 509566 iterations 0
Cbc0038I Pass  34: suminf.    0.52091 (2) obj. 509566 iterations 8
Cbc0038I Pass  35: suminf.    0.52091 (2) obj. 509566 iterations 0
Cbc0038I Pass  36: suminf.    0.56369 (2) obj. 509566 iterations 2
Cbc0038I Pass  37: suminf.    1.53571 (5) obj. 509566 iterations 17
Cbc0038I Pass  38: suminf.    1.53571 (5) obj. 509566 iterations 0
Cbc0038I Pass  39: suminf.    0.68467 (4) obj. 509566 iterations 12
Cbc0038I Pass  40: suminf.    0.68467 (4) obj. 509566 iterations 0
Cbc0038I Pass  41: suminf.    0.52091 (2) obj. 509566 iterations 7
Cbc0038I Pass  42: suminf.    0.56369 (2) obj. 509566 iterations 2
Cbc0038I Pass  43: suminf.    1.36267 (6) obj. 509566 iterations 18
Cbc0038I Pass  44: suminf.    0.66619 (3) obj. 509566 iterations 13
Cbc0038I Pass  45: suminf.    0.52091 (3) obj. 509566 iterations 4
Cbc0038I Pass  46: suminf.    0.56369 (2) obj. 509566 iterations 3
Cbc0038I Pass  47: suminf.    0.52091 (2) obj. 509566 iterations 1
Cbc0038I Pass  48: suminf.    0.56369 (2) obj. 509566 iterations 2
Cbc0038I Pass  49: suminf.    1.46967 (4) obj. 509566 iterations 8
Cbc0038I Pass  50: suminf.    1.22131 (3) obj. 509566 iterations 1
Cbc0038I Pass  51: suminf.    1.22131 (3) obj. 509566 iterations 3
Cbc0038I Pass  52: suminf.    0.43631 (2) obj. 509566 iterations 3
Cbc0038I Pass  53: suminf.    0.43631 (2) obj. 509566 iterations 0
Cbc0038I Pass  54: suminf.    0.41873 (1) obj. 509566 iterations 4
Cbc0038I Pass  55: suminf.    0.22131 (1) obj. 509566 iterations 4
Cbc0038I Pass  56: suminf.    0.22131 (1) obj. 509566 iterations 5
Cbc0038I Pass  57: suminf.    0.41873 (1) obj. 509566 iterations 1
Cbc0038I Pass  58: suminf.    0.22131 (1) obj. 509566 iterations 4
Cbc0038I Pass  59: suminf.    0.78389 (3) obj. 509566 iterations 6
Cbc0038I No solution found this major pass
Cbc0038I Before mini branch and bound, 4 integers at bound fixed and 77 continuous
Cbc0038I Full problem 119 rows 167 columns, reduced to 20 rows 28 columns
Cbc0038I Mini branch and bound did not improve solution (0.04 seconds)
Cbc0038I After 0.04 seconds - Feasibility pump exiting with objective of 509612 - took 0.03 seconds
Cbc0012I Integer solution of 509612.19 found by feasibility pump after 0 iterations and 0 nodes (0.04 seconds)
Cbc0038I Full problem 119 rows 167 columns, reduced to 77 rows 125 columns
Cbc0031I 7 added rows had average density of 15.142857
Cbc0013I At root node, 7 cuts changed objective from 509457.65 to 509593.03 in 42 passes
Cbc0014I Cut generator 0 (Probing) - 1 row cuts average 8.0 elements, 2 column cuts (2 active)  in 0.005 seconds - new frequency is 1
Cbc0014I Cut generator 1 (Gomory) - 120 row cuts average 35.9 elements, 0 column cuts (0 active)  in 0.004 seconds - new frequency is 1
Cbc0014I Cut generator 2 (Knapsack) - 0 row cuts average 0.0 elements, 0 column cuts (0 active)  in 0.012 seconds - new frequency is -100
Cbc0014I Cut generator 3 (Clique) - 0 row cuts average 0.0 elements, 0 column cuts (0 active)  in 0.000 seconds - new frequency is -100
Cbc0014I Cut generator 4 (MixedIntegerRounding2) - 1 row cuts average 4.0 elements, 0 column cuts (0 active)  in 0.003 seconds - new frequency is -100
Cbc0014I Cut generator 5 (FlowCover) - 0 row cuts average 0.0 elements, 0 column cuts (0 active)  in 0.006 seconds - new frequency is -100
Cbc0014I Cut generator 6 (TwoMirCuts) - 21 row cuts average 14.2 elements, 0 column cuts (0 active)  in 0.001 seconds - new frequency is -100
Cbc0010I After 0 nodes, 1 on tree, 509612.19 best solution, best possible 509593.03 (0.09 seconds)
Cbc0001I Search completed - best objective 509612.194342099, took 261 iterations and 4 nodes (0.10 seconds)
Cbc0032I Strong branching done 14 times (40 iterations), fathomed 2 nodes and fixed 0 variables
Cbc0035I Maximum depth 1, 0 variables fixed on reduced cost
Cuts at root node changed objective from 509458 to 509593
Probing was tried 47 times and created 3 cuts of which 0 were active after adding rounds of cuts (0.006 seconds)
Gomory was tried 47 times and created 121 cuts of which 0 were active after adding rounds of cuts (0.004 seconds)
Knapsack was tried 42 times and created 0 cuts of which 0 were active after adding rounds of cuts (0.012 seconds)
Clique was tried 42 times and created 0 cuts of which 0 were active after adding rounds of cuts (0.000 seconds)
MixedIntegerRounding2 was tried 42 times and created 1 cuts of which 0 were active after adding rounds of cuts (0.003 seconds)
FlowCover was tried 42 times and created 0 cuts of which 0 were active after adding rounds of cuts (0.006 seconds)
TwoMirCuts was tried 42 times and created 21 cuts of which 0 were active after adding rounds of cuts (0.001 seconds)
ZeroHalf was tried 1 times and created 0 cuts of which 0 were active after adding rounds of cuts (0.000 seconds)

Result - Optimal solution found

Objective value:                509612.19434210
Enumerated nodes:               4
Total iterations:               261
Time (CPU seconds):             0.10
Time (Wallclock seconds):       0.10

Option for printingOptions changed from normal to all
Total time (CPU seconds):       0.12   (Wallclock seconds):       0.12

