Welcome to the CBC MILP Solver 
Version: 2.10.3 
Build Date: Dec 15 2019 

command line - E:\dachuang\.venv\Lib\site-packages\pulp\apis\../solverdir/cbc/win/i64/cbc.exe model.mps -primalTolerance 1e-9 -integerTolerance 1e-9 -ratioGap 0 -allowableGap 0 -threads 0 -branch -printingOptions all -solution solution.txt -saveSolution solution.bin -quit (default strategy 1)
At line 2 NAME          MODEL
At line 3 ROWS
At line 317 COLUMNS
At line 1133 RHS
At line 1446 BOUNDS
At line 1521 ENDATA
Problem MODEL has 312 rows, 241 columns and 647 elements
Coin0008I MODEL read with 0 errors
primalTolerance was changed from 1e-07 to 1e-09
integerTolerance was changed from 1e-07 to 1e-09
ratioGap was changed from 0 to 0
allowableGap was changed from 1e-10 to 0
Continuous objective value is 633560 - 0.00 seconds
Cgl0003I 0 fixed, 0 tightened bounds, 2 strengthened rows, 0 substitutions
Cgl0004I processed model has 119 rows, 167 columns (24 integer (24 of which binary)) and 356 elements
Cbc0038I Initial state - 6 integers unsatisfied sum - 2.2052
Cbc0038I Pass   1: suminf.    0.00000 (0) obj. 634035 iterations 10
Cbc0038I Solution found of 634035
Cbc0038I Relaxing continuous gives 634035
Cbc0038I Before mini branch and bound, 18 integers at bound fixed and 100 continuous
Cbc0038I Full problem 119 rows 167 columns, reduced to 8 rows 8 columns
Cbc0038I Mini branch and bound did not improve solution (0.02 seconds)
Cbc0038I Round again with cutoff of 633988
Cbc0038I Pass   2: suminf.    0.20473 (1) obj. 633988 iterations 2
Cbc0038I Pass   3: suminf.    0.00000 (0) obj. 633988 iterations 8
Cbc0038I Solution found of 633988
Cbc0038I Relaxing continuous gives 633826
Cbc0038I Before mini branch and bound, 17 integers at bound fixed and 93 continuous
Cbc0038I Full problem 119 rows 167 columns, reduced to 17 rows 23 columns
Cbc0038I Mini branch and bound improved solution from 633826 to 633616 (0.03 seconds)
Cbc0038I Round again with cutoff of 633605
Cbc0038I Pass   4: suminf.    0.14654 (2) obj. 633605 iterations 4
Cbc0038I Pass   5: suminf.    0.04846 (1) obj. 633605 iterations 10
Cbc0038I Pass   6: suminf.    0.73791 (3) obj. 633605 iterations 12
Cbc0038I Pass   7: suminf.    0.88377 (3) obj. 633605 iterations 6
Cbc0038I Pass   8: suminf.    0.88377 (3) obj. 633605 iterations 2
Cbc0038I Pass   9: suminf.    0.33712 (3) obj. 633605 iterations 12
Cbc0038I Pass  10: suminf.    0.33712 (3) obj. 633605 iterations 0
Cbc0038I Pass  11: suminf.    0.88377 (3) obj. 633605 iterations 4
Cbc0038I Pass  12: suminf.    1.87276 (6) obj. 633605 iterations 13
Cbc0038I Pass  13: suminf.    0.88377 (3) obj. 633605 iterations 10
Cbc0038I Pass  14: suminf.    0.88377 (3) obj. 633605 iterations 2
Cbc0038I Pass  15: suminf.    0.33712 (3) obj. 633605 iterations 11
Cbc0038I Pass  16: suminf.    0.33712 (3) obj. 633605 iterations 0
Cbc0038I Pass  17: suminf.    0.88377 (3) obj. 633605 iterations 4
Cbc0038I Pass  18: suminf.    0.88377 (3) obj. 633605 iterations 2
Cbc0038I Pass  19: suminf.    0.88377 (3) obj. 633605 iterations 0
Cbc0038I Pass  20: suminf.    0.33712 (3) obj. 633605 iterations 11
Cbc0038I Pass  21: suminf.    0.33712 (3) obj. 633605 iterations 0
Cbc0038I Pass  22: suminf.    0.88377 (3) obj. 633605 iterations 4
Cbc0038I Pass  23: suminf.    1.34209 (6) obj. 633605 iterations 15
Cbc0038I Pass  24: suminf.    0.66796 (3) obj. 633605 iterations 4
Cbc0038I Pass  25: suminf.    0.26209 (1) obj. 633605 iterations 3
Cbc0038I Pass  26: suminf.    0.04846 (1) obj. 633605 iterations 1
Cbc0038I Pass  27: suminf.    1.17741 (4) obj. 633605 iterations 14
Cbc0038I Pass  28: suminf.    0.93741 (3) obj. 633605 iterations 1
Cbc0038I Pass  29: suminf.    0.05346 (2) obj. 633605 iterations 6
Cbc0038I Pass  30: suminf.    0.04846 (1) obj. 633605 iterations 1
Cbc0038I Pass  31: suminf.    0.73791 (2) obj. 633605 iterations 3
Cbc0038I Pass  32: suminf.    2.51284 (7) obj. 633605 iterations 10
Cbc0038I Pass  33: suminf.    0.89057 (3) obj. 633605 iterations 6
Cbc0038I No solution found this major pass
Cbc0038I Before mini branch and bound, 1 integers at bound fixed and 89 continuous
Cbc0038I Full problem 119 rows 167 columns, reduced to 16 rows 21 columns
Cbc0038I Mini branch and bound did not improve solution (0.04 seconds)
Cbc0038I After 0.05 seconds - Feasibility pump exiting with objective of 633616 - took 0.03 seconds
Cbc0012I Integer solution of 633616.39 found by feasibility pump after 0 iterations and 0 nodes (0.05 seconds)
Cbc0038I Full problem 119 rows 167 columns, reduced to 68 rows 116 columns
Cbc0031I 8 added rows had average density of 15.75
Cbc0013I At root node, 8 cuts changed objective from 633560.15 to 633606 in 100 passes
Cbc0014I Cut generator 0 (Probing) - 0 row cuts average 0.0 elements, 0 column cuts (0 active)  in 0.014 seconds - new frequency is -100
Cbc0014I Cut generator 1 (Gomory) - 316 row cuts average 22.5 elements, 0 column cuts (0 active)  in 0.015 seconds - new frequency is 1
Cbc0014I Cut generator 2 (Knapsack) - 0 row cuts average 0.0 elements, 0 column cuts (0 active)  in 0.018 seconds - new frequency is -100
Cbc0014I Cut generator 3 (Clique) - 0 row cuts average 0.0 elements, 0 column cuts (0 active)  in 0.001 seconds - new frequency is -100
Cbc0014I Cut generator 4 (MixedIntegerRounding2) - 4 row cuts average 4.8 elements, 0 column cuts (0 active)  in 0.012 seconds - new frequency is -100
Cbc0014I Cut generator 5 (FlowCover) - 0 row cuts average 0.0 elements, 0 column cuts (0 active)  in 0.023 seconds - new frequency is -100
Cbc0014I Cut generator 6 (TwoMirCuts) - 22 row cuts average 7.5 elements, 0 column cuts (0 active)  in 0.007 seconds - new frequency is -100
Cbc0010I After 0 nodes, 1 on tree, 633616.39 best solution, best possible 633606.64 (0.22 seconds)
Cbc0001I Search completed - best objective 633616.3947367368, took 1000 iterations and 4 nodes (0.23 seconds)
Cbc0032I Strong branching done 20 times (92 iterations), fathomed 3 nodes and fixed 1 variables
Cbc0035I Maximum depth 1, 0 variables fixed on reduced cost
Cuts at root node changed objective from 633560 to 633607
Probing was tried 100 times and created 0 cuts of which 0 were active after adding rounds of cuts (0.014 seconds)
Gomory was tried 108 times and created 325 cuts of which 0 were active after adding rounds of cuts (0.015 seconds)
Knapsack was tried 100 times and created 0 cuts of which 0 were active after adding rounds of cuts (0.018 seconds)
Clique was tried 100 times and created 0 cuts of which 0 were active after adding rounds of cuts (0.001 seconds)
MixedIntegerRounding2 was tried 100 times and created 4 cuts of which 0 were active after adding rounds of cuts (0.012 seconds)
FlowCover was tried 100 times and created 0 cuts of which 0 were active after adding rounds of cuts (0.023 seconds)
TwoMirCuts was tried 100 times and created 22 cuts of which 0 were active after adding rounds of cuts (0.007 seconds)
ZeroHalf was tried 1 times and created 0 cuts of which 0 were active after adding rounds of cuts (0.000 seconds)

Result - Optimal solution found

Objective value:                633616.39473674
Enumerated nodes:               4
Total iterations:               1000
Time (CPU seconds):             0.23
Time (Wallclock seconds):       0.23

Option for printingOptions changed from normal to all
Total time (CPU seconds):       0.26   (Wallclock seconds):       0.26

