Welcome to the CBC MILP Solver 
Version: 2.10.3 
Build Date: Dec 15 2019 

command line - E:\dachuang\.venv\Lib\site-packages\pulp\apis\../solverdir/cbc/win/i64/cbc.exe model.mps -primalTolerance 1e-9 -integerTolerance 1e-9 -ratioGap 0 -allowableGap 0 -threads 0 -branch -printingOptions all -solution solution.txt -saveSolution solution.bin -quit (default strategy 1)
At line 2 NAME          MODEL
At line 3 ROWS
At line 317 COLUMNS
At line 1133 RHS
At line 1446 BOUNDS
At line 1521 ENDATA
Problem MODEL has 312 rows, 241 columns and 647 elements
Coin0008I MODEL read with 0 errors
primalTolerance was changed from 1e-07 to 1e-09
integerTolerance was changed from 1e-07 to 1e-09
ratioGap was changed from 0 to 0
allowableGap was changed from 1e-10 to 0
Continuous objective value is 2.83943e+06 - 0.00 seconds
Cgl0003I 0 fixed, 0 tightened bounds, 2 strengthened rows, 0 substitutions
Cgl0004I processed model has 115 rows, 159 columns (24 integer (24 of which binary)) and 336 elements
Cbc0038I Initial state - 5 integers unsatisfied sum - 2.04731
Cbc0038I Pass   1: suminf.    0.00000 (0) obj. 2.8399e+06 iterations 11
Cbc0038I Solution found of 2.8399e+06
Cbc0038I Relaxing continuous gives 2.8399e+06
Cbc0038I Before mini branch and bound, 19 integers at bound fixed and 98 continuous
Cbc0038I Full problem 115 rows 159 columns, reduced to 6 rows 7 columns
Cbc0038I Mini branch and bound did not improve solution (0.01 seconds)
Cbc0038I Round again with cutoff of 2.83985e+06
Cbc0038I Pass   2: suminf.    0.20473 (1) obj. 2.83985e+06 iterations 1
Cbc0038I Pass   3: suminf.    0.00000 (0) obj. 2.83985e+06 iterations 5
Cbc0038I Solution found of 2.83985e+06
Cbc0038I Relaxing continuous gives 2.83984e+06
Cbc0038I Before mini branch and bound, 19 integers at bound fixed and 95 continuous
Cbc0038I Full problem 115 rows 159 columns, reduced to 14 rows 16 columns
Cbc0038I Mini branch and bound did not improve solution (0.02 seconds)
Cbc0038I Freeing continuous variables gives a solution of 2.83984e+06
Cbc0038I Round again with cutoff of 2.83976e+06
Cbc0038I Pass   4: suminf.    0.39858 (2) obj. 2.83976e+06 iterations 2
Cbc0038I Pass   5: suminf.    0.36000 (1) obj. 2.83976e+06 iterations 2
Cbc0038I Pass   6: suminf.    0.00000 (0) obj. 2.83976e+06 iterations 2
Cbc0038I Solution found of 2.83976e+06
Cbc0038I Relaxing continuous gives 2.83963e+06
Cbc0038I Before mini branch and bound, 19 integers at bound fixed and 95 continuous
Cbc0038I Full problem 115 rows 159 columns, reduced to 13 rows 17 columns
Cbc0038I Mini branch and bound did not improve solution (0.03 seconds)
Cbc0038I Freeing continuous variables gives a solution of 2.83963e+06
Cbc0038I Round again with cutoff of 2.83957e+06
Cbc0038I Pass   7: suminf.    0.58096 (2) obj. 2.83957e+06 iterations 1
Cbc0038I Pass   8: suminf.    0.28216 (2) obj. 2.83957e+06 iterations 11
Cbc0038I Pass   9: suminf.    0.81856 (3) obj. 2.83957e+06 iterations 8
Cbc0038I Pass  10: suminf.    1.20531 (3) obj. 2.83957e+06 iterations 5
Cbc0038I Pass  11: suminf.    1.09256 (3) obj. 2.83957e+06 iterations 4
Cbc0038I Pass  12: suminf.    0.98256 (3) obj. 2.83957e+06 iterations 4
Cbc0038I Pass  13: suminf.    0.81856 (3) obj. 2.83957e+06 iterations 4
Cbc0038I Pass  14: suminf.    0.81856 (3) obj. 2.83957e+06 iterations 0
Cbc0038I Pass  15: suminf.    1.20531 (3) obj. 2.83957e+06 iterations 5
Cbc0038I Pass  16: suminf.    1.09256 (3) obj. 2.83957e+06 iterations 4
Cbc0038I Pass  17: suminf.    0.98256 (3) obj. 2.83957e+06 iterations 4
Cbc0038I Pass  18: suminf.    0.81856 (3) obj. 2.83957e+06 iterations 2
Cbc0038I Pass  19: suminf.    0.81856 (3) obj. 2.83957e+06 iterations 0
Cbc0038I Pass  20: suminf.    1.20531 (3) obj. 2.83957e+06 iterations 5
Cbc0038I Pass  21: suminf.    1.09256 (3) obj. 2.83957e+06 iterations 4
Cbc0038I Pass  22: suminf.    0.98256 (3) obj. 2.83957e+06 iterations 4
Cbc0038I Pass  23: suminf.    0.81856 (3) obj. 2.83957e+06 iterations 4
Cbc0038I Pass  24: suminf.    0.81856 (3) obj. 2.83957e+06 iterations 0
Cbc0038I Pass  25: suminf.    1.20531 (3) obj. 2.83957e+06 iterations 5
Cbc0038I Pass  26: suminf.    1.09256 (3) obj. 2.83957e+06 iterations 4
Cbc0038I Pass  27: suminf.    0.98256 (3) obj. 2.83957e+06 iterations 4
Cbc0038I Pass  28: suminf.    0.81856 (3) obj. 2.83957e+06 iterations 2
Cbc0038I Pass  29: suminf.    0.81856 (3) obj. 2.83957e+06 iterations 0
Cbc0038I Pass  30: suminf.    1.20531 (3) obj. 2.83957e+06 iterations 5
Cbc0038I Pass  31: suminf.    1.09256 (3) obj. 2.83957e+06 iterations 4
Cbc0038I Pass  32: suminf.    0.98256 (3) obj. 2.83957e+06 iterations 4
Cbc0038I Pass  33: suminf.    0.81856 (3) obj. 2.83957e+06 iterations 4
Cbc0038I Pass  34: suminf.    0.81856 (3) obj. 2.83957e+06 iterations 0
Cbc0038I Pass  35: suminf.    1.20531 (3) obj. 2.83957e+06 iterations 5
Cbc0038I Pass  36: suminf.    1.09256 (3) obj. 2.83957e+06 iterations 4
Cbc0038I No solution found this major pass
Cbc0038I Before mini branch and bound, 19 integers at bound fixed and 94 continuous
Cbc0038I Full problem 115 rows 159 columns, reduced to 16 rows 21 columns
Cbc0038I Mini branch and bound did not improve solution (0.05 seconds)
Cbc0038I After 0.05 seconds - Feasibility pump exiting with objective of 2.83963e+06 - took 0.05 seconds
Cbc0012I Integer solution of 2839634 found by feasibility pump after 0 iterations and 0 nodes (0.05 seconds)
Cbc0038I Full problem 115 rows 159 columns, reduced to 61 rows 102 columns
Cbc0031I 12 added rows had average density of 15.5
Cbc0013I At root node, 12 cuts changed objective from 2839425.6 to 2839620.3 in 100 passes
Cbc0014I Cut generator 0 (Probing) - 0 row cuts average 0.0 elements, 0 column cuts (0 active)  in 0.011 seconds - new frequency is -100
Cbc0014I Cut generator 1 (Gomory) - 298 row cuts average 31.5 elements, 0 column cuts (0 active)  in 0.005 seconds - new frequency is 1
Cbc0014I Cut generator 2 (Knapsack) - 0 row cuts average 0.0 elements, 0 column cuts (0 active)  in 0.031 seconds - new frequency is -100
Cbc0014I Cut generator 3 (Clique) - 0 row cuts average 0.0 elements, 0 column cuts (0 active)  in 0.001 seconds - new frequency is -100
Cbc0014I Cut generator 4 (MixedIntegerRounding2) - 3 row cuts average 5.0 elements, 0 column cuts (0 active)  in 0.014 seconds - new frequency is -100
Cbc0014I Cut generator 5 (FlowCover) - 0 row cuts average 0.0 elements, 0 column cuts (0 active)  in 0.024 seconds - new frequency is -100
Cbc0014I Cut generator 6 (TwoMirCuts) - 23 row cuts average 15.7 elements, 0 column cuts (0 active)  in 0.004 seconds - new frequency is -100
Cbc0010I After 0 nodes, 1 on tree, 2839634 best solution, best possible 2839620.3 (0.22 seconds)
Cbc0001I Search completed - best objective 2839633.991736736, took 809 iterations and 2 nodes (0.23 seconds)
Cbc0032I Strong branching done 14 times (68 iterations), fathomed 2 nodes and fixed 1 variables
Cbc0035I Maximum depth 0, 0 variables fixed on reduced cost
Cuts at root node changed objective from 2.83943e+06 to 2.83962e+06
Probing was tried 100 times and created 0 cuts of which 0 were active after adding rounds of cuts (0.011 seconds)
Gomory was tried 104 times and created 300 cuts of which 0 were active after adding rounds of cuts (0.005 seconds)
Knapsack was tried 100 times and created 0 cuts of which 0 were active after adding rounds of cuts (0.031 seconds)
Clique was tried 100 times and created 0 cuts of which 0 were active after adding rounds of cuts (0.001 seconds)
MixedIntegerRounding2 was tried 100 times and created 3 cuts of which 0 were active after adding rounds of cuts (0.014 seconds)
FlowCover was tried 100 times and created 0 cuts of which 0 were active after adding rounds of cuts (0.024 seconds)
TwoMirCuts was tried 100 times and created 23 cuts of which 0 were active after adding rounds of cuts (0.004 seconds)
ZeroHalf was tried 1 times and created 0 cuts of which 0 were active after adding rounds of cuts (0.000 seconds)

Result - Optimal solution found

Objective value:                2839633.99173674
Enumerated nodes:               2
Total iterations:               809
Time (CPU seconds):             0.23
Time (Wallclock seconds):       0.23

Option for printingOptions changed from normal to all
Total time (CPU seconds):       0.26   (Wallclock seconds):       0.26

