Welcome to the CBC MILP Solver 
Version: 2.10.3 
Build Date: Dec 15 2019 

command line - E:\dachuang\.venv\Lib\site-packages\pulp\apis\../solverdir/cbc/win/i64/cbc.exe model.mps -primalTolerance 1e-9 -integerTolerance 1e-9 -ratioGap 0 -allowableGap 0 -threads 0 -branch -printingOptions all -solution solution.txt -saveSolution solution.bin -quit (default strategy 1)
At line 2 NAME          MODEL
At line 3 ROWS
At line 317 COLUMNS
At line 1133 RHS
At line 1446 BOUNDS
At line 1521 ENDATA
Problem MODEL has 312 rows, 241 columns and 647 elements
Coin0008I MODEL read with 0 errors
primalTolerance was changed from 1e-07 to 1e-09
integerTolerance was changed from 1e-07 to 1e-09
ratioGap was changed from 0 to 0
allowableGap was changed from 1e-10 to 0
Continuous objective value is 1.16219e+06 - 0.00 seconds
Cgl0003I 0 fixed, 0 tightened bounds, 2 strengthened rows, 0 substitutions
Cgl0004I processed model has 117 rows, 163 columns (24 integer (24 of which binary)) and 346 elements
Cbc0038I Initial state - 6 integers unsatisfied sum - 1.85836
Cbc0038I Pass   1: suminf.    0.00000 (0) obj. 1.18506e+06 iterations 10
Cbc0038I Solution found of 1.18506e+06
Cbc0038I Relaxing continuous gives 1.16383e+06
Cbc0038I Before mini branch and bound, 18 integers at bound fixed and 98 continuous
Cbc0038I Full problem 117 rows 163 columns, reduced to 6 rows 7 columns
Cbc0038I Mini branch and bound improved solution from 1.16383e+06 to 1.16255e+06 (0.01 seconds)
Cbc0038I Round again with cutoff of 1.16251e+06
Cbc0038I Pass   2: suminf.    0.22653 (2) obj. 1.16251e+06 iterations 5
Cbc0038I Pass   3: suminf.    0.15729 (1) obj. 1.16251e+06 iterations 10
Cbc0038I Pass   4: suminf.    0.00000 (0) obj. 1.16251e+06 iterations 9
Cbc0038I Solution found of 1.16251e+06
Cbc0038I Relaxing continuous gives 1.16243e+06
Cbc0038I Before mini branch and bound, 17 integers at bound fixed and 94 continuous
Cbc0038I Full problem 117 rows 163 columns, reduced to 13 rows 17 columns
Cbc0038I Mini branch and bound improved solution from 1.16243e+06 to 1.16238e+06 (0.01 seconds)
Cbc0038I Round again with cutoff of 1.16234e+06
Cbc0038I Pass   5: suminf.    0.98200 (3) obj. 1.16234e+06 iterations 3
Cbc0038I Pass   6: suminf.    0.42319 (2) obj. 1.16234e+06 iterations 11
Cbc0038I Pass   7: suminf.    0.91276 (3) obj. 1.16234e+06 iterations 6
Cbc0038I Pass   8: suminf.    0.91276 (3) obj. 1.16234e+06 iterations 1
Cbc0038I Pass   9: suminf.    0.86719 (3) obj. 1.16234e+06 iterations 10
Cbc0038I Pass  10: suminf.    0.86719 (3) obj. 1.16234e+06 iterations 0
Cbc0038I Pass  11: suminf.    0.91276 (3) obj. 1.16234e+06 iterations 2
Cbc0038I Pass  12: suminf.    0.91276 (3) obj. 1.16234e+06 iterations 2
Cbc0038I Pass  13: suminf.    0.91276 (3) obj. 1.16234e+06 iterations 1
Cbc0038I Pass  14: suminf.    0.86719 (3) obj. 1.16234e+06 iterations 10
Cbc0038I Pass  15: suminf.    0.86719 (3) obj. 1.16234e+06 iterations 0
Cbc0038I Pass  16: suminf.    0.91276 (3) obj. 1.16234e+06 iterations 2
Cbc0038I Pass  17: suminf.    0.98200 (4) obj. 1.16234e+06 iterations 12
Cbc0038I Pass  18: suminf.    0.86719 (3) obj. 1.16234e+06 iterations 7
Cbc0038I Pass  19: suminf.    0.86719 (3) obj. 1.16234e+06 iterations 0
Cbc0038I Pass  20: suminf.    0.91276 (3) obj. 1.16234e+06 iterations 2
Cbc0038I Pass  21: suminf.    0.91276 (3) obj. 1.16234e+06 iterations 1
Cbc0038I Pass  22: suminf.    0.91276 (3) obj. 1.16234e+06 iterations 3
Cbc0038I Pass  23: suminf.    0.86719 (3) obj. 1.16234e+06 iterations 8
Cbc0038I Pass  24: suminf.    0.86719 (3) obj. 1.16234e+06 iterations 0
Cbc0038I Pass  25: suminf.    0.91276 (3) obj. 1.16234e+06 iterations 2
Cbc0038I Pass  26: suminf.    0.91276 (3) obj. 1.16234e+06 iterations 1
Cbc0038I Pass  27: suminf.    1.38558 (4) obj. 1.16234e+06 iterations 17
Cbc0038I Pass  28: suminf.    0.73908 (2) obj. 1.16234e+06 iterations 7
Cbc0038I Pass  29: suminf.    0.73908 (2) obj. 1.16234e+06 iterations 0
Cbc0038I Pass  30: suminf.    0.29508 (1) obj. 1.16234e+06 iterations 4
Cbc0038I Pass  31: suminf.    0.16708 (1) obj. 1.16234e+06 iterations 2
Cbc0038I Pass  32: suminf.    0.16708 (1) obj. 1.16234e+06 iterations 11
Cbc0038I Pass  33: suminf.    0.29508 (1) obj. 1.16234e+06 iterations 1
Cbc0038I Pass  34: suminf.    0.16708 (1) obj. 1.16234e+06 iterations 1
Cbc0038I No solution found this major pass
Cbc0038I Before mini branch and bound, 2 integers at bound fixed and 88 continuous
Cbc0038I Full problem 117 rows 163 columns, reduced to 18 rows 23 columns
Cbc0038I Mini branch and bound did not improve solution (0.03 seconds)
Cbc0038I After 0.03 seconds - Feasibility pump exiting with objective of 1.16238e+06 - took 0.02 seconds
Cbc0012I Integer solution of 1162377.8 found by feasibility pump after 0 iterations and 0 nodes (0.03 seconds)
Cbc0038I Full problem 117 rows 163 columns, reduced to 66 rows 111 columns
Cbc0031I 10 added rows had average density of 10.8
Cbc0013I At root node, 10 cuts changed objective from 1162186.3 to 1162377.2 in 10 passes
Cbc0014I Cut generator 0 (Probing) - 2 row cuts average 2.0 elements, 1 column cuts (1 active)  in 0.000 seconds - new frequency is 1
Cbc0014I Cut generator 1 (Gomory) - 21 row cuts average 15.6 elements, 0 column cuts (0 active)  in 0.000 seconds - new frequency is 1
Cbc0014I Cut generator 2 (Knapsack) - 0 row cuts average 0.0 elements, 0 column cuts (0 active)  in 0.000 seconds - new frequency is -100
Cbc0014I Cut generator 3 (Clique) - 0 row cuts average 0.0 elements, 0 column cuts (0 active)  in 0.000 seconds - new frequency is -100
Cbc0014I Cut generator 4 (MixedIntegerRounding2) - 2 row cuts average 5.0 elements, 0 column cuts (0 active)  in 0.000 seconds - new frequency is -100
Cbc0014I Cut generator 5 (FlowCover) - 0 row cuts average 0.0 elements, 0 column cuts (0 active)  in 0.003 seconds - new frequency is -100
Cbc0014I Cut generator 6 (TwoMirCuts) - 18 row cuts average 10.3 elements, 0 column cuts (0 active)  in 0.002 seconds - new frequency is -100
Cbc0001I Search completed - best objective 1162377.823986735, took 54 iterations and 0 nodes (0.04 seconds)
Cbc0032I Strong branching done 2 times (5 iterations), fathomed 1 nodes and fixed 0 variables
Cbc0035I Maximum depth 0, 0 variables fixed on reduced cost
Cuts at root node changed objective from 1.16219e+06 to 1.16238e+06
Probing was tried 10 times and created 3 cuts of which 0 were active after adding rounds of cuts (0.000 seconds)
Gomory was tried 10 times and created 21 cuts of which 0 were active after adding rounds of cuts (0.000 seconds)
Knapsack was tried 10 times and created 0 cuts of which 0 were active after adding rounds of cuts (0.000 seconds)
Clique was tried 10 times and created 0 cuts of which 0 were active after adding rounds of cuts (0.000 seconds)
MixedIntegerRounding2 was tried 10 times and created 2 cuts of which 0 were active after adding rounds of cuts (0.000 seconds)
FlowCover was tried 10 times and created 0 cuts of which 0 were active after adding rounds of cuts (0.003 seconds)
TwoMirCuts was tried 10 times and created 18 cuts of which 0 were active after adding rounds of cuts (0.002 seconds)
ZeroHalf was tried 1 times and created 0 cuts of which 0 were active after adding rounds of cuts (0.000 seconds)

Result - Optimal solution found

Objective value:                1162377.82398673
Enumerated nodes:               0
Total iterations:               54
Time (CPU seconds):             0.05
Time (Wallclock seconds):       0.05

Option for printingOptions changed from normal to all
Total time (CPU seconds):       0.07   (Wallclock seconds):       0.07

