Welcome to the CBC MILP Solver 
Version: 2.10.3 
Build Date: Dec 15 2019 

command line - E:\dachuang\.venv\Lib\site-packages\pulp\apis\../solverdir/cbc/win/i64/cbc.exe model.mps -primalTolerance 1e-9 -integerTolerance 1e-9 -ratioGap 0 -allowableGap 0 -threads 0 -branch -printingOptions all -solution solution.txt -saveSolution solution.bin -quit (default strategy 1)
At line 2 NAME          MODEL
At line 3 ROWS
At line 317 COLUMNS
At line 1133 RHS
At line 1446 BOUNDS
At line 1521 ENDATA
Problem MODEL has 312 rows, 241 columns and 647 elements
Coin0008I MODEL read with 0 errors
primalTolerance was changed from 1e-07 to 1e-09
integerTolerance was changed from 1e-07 to 1e-09
ratioGap was changed from 0 to 0
allowableGap was changed from 1e-10 to 0
Continuous objective value is 2.58318e+06 - 0.00 seconds
Cgl0003I 0 fixed, 0 tightened bounds, 2 strengthened rows, 0 substitutions
Cgl0004I processed model has 115 rows, 159 columns (24 integer (24 of which binary)) and 336 elements
Cbc0038I Initial state - 8 integers unsatisfied sum - 3.07071
Cbc0038I Pass   1: suminf.    0.00000 (0) obj. 2.65278e+06 iterations 14
Cbc0038I Solution found of 2.65278e+06
Cbc0038I Relaxing continuous gives 2.59307e+06
Cbc0038I Before mini branch and bound, 16 integers at bound fixed and 92 continuous
Cbc0038I Full problem 115 rows 159 columns, reduced to 13 rows 15 columns
Cbc0038I Mini branch and bound improved solution from 2.59307e+06 to 2.58376e+06 (0.01 seconds)
Cbc0038I Round again with cutoff of 2.58371e+06
Cbc0038I Pass   2: suminf.    0.46450 (2) obj. 2.58371e+06 iterations 17
Cbc0038I Pass   3: suminf.    0.00000 (0) obj. 2.58371e+06 iterations 10
Cbc0038I Solution found of 2.58371e+06
Cbc0038I Relaxing continuous gives 2.5837e+06
Cbc0038I Before mini branch and bound, 15 integers at bound fixed and 86 continuous
Cbc0038I Full problem 115 rows 159 columns, reduced to 21 rows 28 columns
Cbc0038I Mini branch and bound improved solution from 2.5837e+06 to 2.5833e+06 (0.02 seconds)
Cbc0038I Round again with cutoff of 2.58328e+06
Cbc0038I Pass   4: suminf.    1.17525 (5) obj. 2.58328e+06 iterations 6
Cbc0038I Pass   5: suminf.    1.15907 (4) obj. 2.58328e+06 iterations 4
Cbc0038I Pass   6: suminf.    1.08661 (4) obj. 2.58328e+06 iterations 8
Cbc0038I Pass   7: suminf.    0.33950 (2) obj. 2.58328e+06 iterations 3
Cbc0038I Pass   8: suminf.    0.35999 (4) obj. 2.58328e+06 iterations 7
Cbc0038I Pass   9: suminf.    0.35999 (4) obj. 2.58328e+06 iterations 0
Cbc0038I Pass  10: suminf.    0.80328 (3) obj. 2.58328e+06 iterations 6
Cbc0038I Pass  11: suminf.    0.34372 (2) obj. 2.58328e+06 iterations 4
Cbc0038I Pass  12: suminf.    0.33950 (2) obj. 2.58328e+06 iterations 1
Cbc0038I Pass  13: suminf.    0.35999 (4) obj. 2.58328e+06 iterations 7
Cbc0038I Pass  14: suminf.    0.35999 (4) obj. 2.58328e+06 iterations 0
Cbc0038I Pass  15: suminf.    0.80328 (3) obj. 2.58328e+06 iterations 6
Cbc0038I Pass  16: suminf.    0.34372 (2) obj. 2.58328e+06 iterations 4
Cbc0038I Pass  17: suminf.    0.33950 (2) obj. 2.58328e+06 iterations 1
Cbc0038I Pass  18: suminf.    0.35999 (4) obj. 2.58328e+06 iterations 7
Cbc0038I Pass  19: suminf.    0.35999 (4) obj. 2.58328e+06 iterations 0
Cbc0038I Pass  20: suminf.    0.80328 (3) obj. 2.58328e+06 iterations 6
Cbc0038I Pass  21: suminf.    0.34372 (2) obj. 2.58328e+06 iterations 4
Cbc0038I Pass  22: suminf.    0.33950 (2) obj. 2.58328e+06 iterations 1
Cbc0038I Pass  23: suminf.    0.35999 (4) obj. 2.58328e+06 iterations 7
Cbc0038I Pass  24: suminf.    0.35999 (4) obj. 2.58328e+06 iterations 0
Cbc0038I Pass  25: suminf.    0.80328 (3) obj. 2.58328e+06 iterations 6
Cbc0038I Pass  26: suminf.    0.34372 (2) obj. 2.58328e+06 iterations 4
Cbc0038I Pass  27: suminf.    0.33950 (2) obj. 2.58328e+06 iterations 1
Cbc0038I Pass  28: suminf.    0.35999 (4) obj. 2.58328e+06 iterations 7
Cbc0038I Pass  29: suminf.    0.35999 (4) obj. 2.58328e+06 iterations 0
Cbc0038I Pass  30: suminf.    0.80328 (3) obj. 2.58328e+06 iterations 6
Cbc0038I Pass  31: suminf.    0.34372 (2) obj. 2.58328e+06 iterations 4
Cbc0038I Pass  32: suminf.    0.33950 (2) obj. 2.58328e+06 iterations 1
Cbc0038I Pass  33: suminf.    0.35999 (4) obj. 2.58328e+06 iterations 7
Cbc0038I No solution found this major pass
Cbc0038I Before mini branch and bound, 15 integers at bound fixed and 86 continuous
Cbc0038I Full problem 115 rows 159 columns, reduced to 22 rows 29 columns
Cbc0038I Mini branch and bound did not improve solution (0.03 seconds)
Cbc0038I After 0.03 seconds - Feasibility pump exiting with objective of 2.5833e+06 - took 0.02 seconds
Cbc0012I Integer solution of 2583300.6 found by feasibility pump after 0 iterations and 0 nodes (0.03 seconds)
Cbc0038I Full problem 115 rows 159 columns, reduced to 69 rows 110 columns
Cbc0031I 10 added rows had average density of 19.5
Cbc0013I At root node, 10 cuts changed objective from 2583179.5 to 2583299.5 in 80 passes
Cbc0014I Cut generator 0 (Probing) - 1 row cuts average 2.0 elements, 2 column cuts (2 active)  in 0.004 seconds - new frequency is -100
Cbc0014I Cut generator 1 (Gomory) - 227 row cuts average 33.8 elements, 0 column cuts (0 active)  in 0.015 seconds - new frequency is 1
Cbc0014I Cut generator 2 (Knapsack) - 0 row cuts average 0.0 elements, 0 column cuts (0 active)  in 0.015 seconds - new frequency is -100
Cbc0014I Cut generator 3 (Clique) - 0 row cuts average 0.0 elements, 0 column cuts (0 active)  in 0.000 seconds - new frequency is -100
Cbc0014I Cut generator 4 (MixedIntegerRounding2) - 1 row cuts average 4.0 elements, 0 column cuts (0 active)  in 0.004 seconds - new frequency is -100
Cbc0014I Cut generator 5 (FlowCover) - 0 row cuts average 0.0 elements, 0 column cuts (0 active)  in 0.014 seconds - new frequency is -100
Cbc0014I Cut generator 6 (TwoMirCuts) - 23 row cuts average 12.4 elements, 0 column cuts (0 active)  in 0.006 seconds - new frequency is -100
Cbc0001I Search completed - best objective 2583300.628808758, took 386 iterations and 0 nodes (0.13 seconds)
Cbc0032I Strong branching done 6 times (25 iterations), fathomed 1 nodes and fixed 0 variables
Cbc0035I Maximum depth 0, 0 variables fixed on reduced cost
Cuts at root node changed objective from 2.58318e+06 to 2.5833e+06
Probing was tried 80 times and created 3 cuts of which 0 were active after adding rounds of cuts (0.004 seconds)
Gomory was tried 80 times and created 227 cuts of which 0 were active after adding rounds of cuts (0.015 seconds)
Knapsack was tried 80 times and created 0 cuts of which 0 were active after adding rounds of cuts (0.015 seconds)
Clique was tried 80 times and created 0 cuts of which 0 were active after adding rounds of cuts (0.000 seconds)
MixedIntegerRounding2 was tried 80 times and created 1 cuts of which 0 were active after adding rounds of cuts (0.004 seconds)
FlowCover was tried 80 times and created 0 cuts of which 0 were active after adding rounds of cuts (0.014 seconds)
TwoMirCuts was tried 80 times and created 23 cuts of which 0 were active after adding rounds of cuts (0.006 seconds)
ZeroHalf was tried 1 times and created 0 cuts of which 0 were active after adding rounds of cuts (0.000 seconds)

Result - Optimal solution found

Objective value:                2583300.62880876
Enumerated nodes:               0
Total iterations:               386
Time (CPU seconds):             0.13
Time (Wallclock seconds):       0.13

Option for printingOptions changed from normal to all
Total time (CPU seconds):       0.15   (Wallclock seconds):       0.15

