Welcome to the CBC MILP Solver 
Version: 2.10.3 
Build Date: Dec 15 2019 

command line - E:\dachuang\.venv\Lib\site-packages\pulp\apis\../solverdir/cbc/win/i64/cbc.exe model.mps -primalTolerance 1e-9 -integerTolerance 1e-9 -ratioGap 0 -allowableGap 0 -threads 0 -branch -printingOptions all -solution solution.txt -saveSolution solution.bin -quit (default strategy 1)
At line 2 NAME          MODEL
At line 3 ROWS
At line 317 COLUMNS
At line 1133 RHS
At line 1446 BOUNDS
At line 1521 ENDATA
Problem MODEL has 312 rows, 241 columns and 647 elements
Coin0008I MODEL read with 0 errors
primalTolerance was changed from 1e-07 to 1e-09
integerTolerance was changed from 1e-07 to 1e-09
ratioGap was changed from 0 to 0
allowableGap was changed from 1e-10 to 0
Continuous objective value is 2.61393e+06 - 0.00 seconds
Cgl0003I 0 fixed, 0 tightened bounds, 3 strengthened rows, 0 substitutions
Cgl0004I processed model has 114 rows, 157 columns (24 integer (24 of which binary)) and 331 elements
Cbc0038I Initial state - 12 integers unsatisfied sum - 3.75783
Cbc0038I Pass   1: suminf.    0.00000 (0) obj. 2.65189e+06 iterations 18
Cbc0038I Solution found of 2.65189e+06
Cbc0038I Relaxing continuous gives 2.62834e+06
Cbc0038I Before mini branch and bound, 12 integers at bound fixed and 81 continuous
Cbc0038I Full problem 114 rows 157 columns, reduced to 9 rows 10 columns
Cbc0038I Mini branch and bound improved solution from 2.62834e+06 to 2.61465e+06 (0.01 seconds)
Cbc0038I Round again with cutoff of 2.61458e+06
Cbc0038I Pass   2: suminf.    0.38033 (2) obj. 2.61458e+06 iterations 7
Cbc0038I Pass   3: suminf.    0.00000 (0) obj. 2.61458e+06 iterations 10
Cbc0038I Solution found of 2.61458e+06
Cbc0038I Relaxing continuous gives 2.61443e+06
Cbc0038I Before mini branch and bound, 12 integers at bound fixed and 78 continuous
Cbc0038I Full problem 114 rows 157 columns, reduced to 18 rows 23 columns
Cbc0038I Mini branch and bound improved solution from 2.61443e+06 to 2.61417e+06 (0.02 seconds)
Cbc0038I Freeing continuous variables gives a solution of 2.61415e+06
Cbc0038I Round again with cutoff of 2.61411e+06
Cbc0038I Pass   4: suminf.    0.56761 (6) obj. 2.61411e+06 iterations 9
Cbc0038I Pass   5: suminf.    0.56761 (4) obj. 2.61411e+06 iterations 8
Cbc0038I Pass   6: suminf.    0.47403 (1) obj. 2.61411e+06 iterations 10
Cbc0038I Pass   7: suminf.    0.18901 (1) obj. 2.61411e+06 iterations 2
Cbc0038I Pass   8: suminf.    1.13776 (4) obj. 2.61411e+06 iterations 9
Cbc0038I Pass   9: suminf.    0.48861 (4) obj. 2.61411e+06 iterations 1
Cbc0038I Pass  10: suminf.    0.76672 (4) obj. 2.61411e+06 iterations 6
Cbc0038I Pass  11: suminf.    0.48861 (3) obj. 2.61411e+06 iterations 9
Cbc0038I Pass  12: suminf.    0.48861 (2) obj. 2.61411e+06 iterations 8
Cbc0038I Pass  13: suminf.    0.48861 (2) obj. 2.61411e+06 iterations 1
Cbc0038I Pass  14: suminf.    1.18901 (4) obj. 2.61411e+06 iterations 6
Cbc0038I Pass  15: suminf.    1.13776 (3) obj. 2.61411e+06 iterations 4
Cbc0038I Pass  16: suminf.    0.48861 (3) obj. 2.61411e+06 iterations 1
Cbc0038I Pass  17: suminf.    0.48861 (2) obj. 2.61411e+06 iterations 8
Cbc0038I Pass  18: suminf.    0.48861 (2) obj. 2.61411e+06 iterations 1
Cbc0038I Pass  19: suminf.    1.18901 (4) obj. 2.61411e+06 iterations 6
Cbc0038I Pass  20: suminf.    1.13776 (3) obj. 2.61411e+06 iterations 4
Cbc0038I Pass  21: suminf.    0.48861 (3) obj. 2.61411e+06 iterations 1
Cbc0038I Pass  22: suminf.    0.48861 (2) obj. 2.61411e+06 iterations 8
Cbc0038I Pass  23: suminf.    0.48861 (2) obj. 2.61411e+06 iterations 1
Cbc0038I Pass  24: suminf.    1.18901 (4) obj. 2.61411e+06 iterations 6
Cbc0038I Pass  25: suminf.    1.13776 (3) obj. 2.61411e+06 iterations 4
Cbc0038I Pass  26: suminf.    0.48861 (3) obj. 2.61411e+06 iterations 1
Cbc0038I Pass  27: suminf.    0.48861 (2) obj. 2.61411e+06 iterations 8
Cbc0038I Pass  28: suminf.    0.48861 (2) obj. 2.61411e+06 iterations 1
Cbc0038I Pass  29: suminf.    1.18901 (4) obj. 2.61411e+06 iterations 6
Cbc0038I Pass  30: suminf.    1.13776 (3) obj. 2.61411e+06 iterations 4
Cbc0038I Pass  31: suminf.    0.48861 (3) obj. 2.61411e+06 iterations 1
Cbc0038I Pass  32: suminf.    0.48861 (2) obj. 2.61411e+06 iterations 8
Cbc0038I Pass  33: suminf.    0.48861 (2) obj. 2.61411e+06 iterations 1
Cbc0038I No solution found this major pass
Cbc0038I Before mini branch and bound, 10 integers at bound fixed and 75 continuous
Cbc0038I Full problem 114 rows 157 columns, reduced to 25 rows 33 columns
Cbc0038I Mini branch and bound did not improve solution (0.04 seconds)
Cbc0038I After 0.04 seconds - Feasibility pump exiting with objective of 2.61415e+06 - took 0.03 seconds
Cbc0012I Integer solution of 2614150.2 found by feasibility pump after 0 iterations and 0 nodes (0.04 seconds)
Cbc0038I Full problem 114 rows 157 columns, reduced to 80 rows 119 columns
Cbc0031I 12 added rows had average density of 22.25
Cbc0013I At root node, 12 cuts changed objective from 2613952.2 to 2614099 in 100 passes
Cbc0014I Cut generator 0 (Probing) - 0 row cuts average 0.0 elements, 0 column cuts (0 active)  in 0.011 seconds - new frequency is -100
Cbc0014I Cut generator 1 (Gomory) - 404 row cuts average 38.4 elements, 0 column cuts (0 active)  in 0.016 seconds - new frequency is 1
Cbc0014I Cut generator 2 (Knapsack) - 0 row cuts average 0.0 elements, 0 column cuts (0 active)  in 0.018 seconds - new frequency is -100
Cbc0014I Cut generator 3 (Clique) - 0 row cuts average 0.0 elements, 0 column cuts (0 active)  in 0.002 seconds - new frequency is -100
Cbc0014I Cut generator 4 (MixedIntegerRounding2) - 19 row cuts average 4.4 elements, 0 column cuts (0 active)  in 0.008 seconds - new frequency is -100
Cbc0014I Cut generator 5 (FlowCover) - 0 row cuts average 0.0 elements, 0 column cuts (0 active)  in 0.017 seconds - new frequency is -100
Cbc0014I Cut generator 6 (TwoMirCuts) - 33 row cuts average 8.0 elements, 0 column cuts (0 active)  in 0.006 seconds - new frequency is -100
Cbc0010I After 0 nodes, 1 on tree, 2614150.2 best solution, best possible 2614099 (0.20 seconds)
Cbc0001I Search completed - best objective 2614150.155341997, took 1791 iterations and 10 nodes (0.22 seconds)
Cbc0032I Strong branching done 46 times (217 iterations), fathomed 1 nodes and fixed 8 variables
Cbc0035I Maximum depth 2, 0 variables fixed on reduced cost
Cuts at root node changed objective from 2.61395e+06 to 2.6141e+06
Probing was tried 100 times and created 0 cuts of which 0 were active after adding rounds of cuts (0.011 seconds)
Gomory was tried 128 times and created 443 cuts of which 0 were active after adding rounds of cuts (0.017 seconds)
Knapsack was tried 100 times and created 0 cuts of which 0 were active after adding rounds of cuts (0.018 seconds)
Clique was tried 100 times and created 0 cuts of which 0 were active after adding rounds of cuts (0.002 seconds)
MixedIntegerRounding2 was tried 100 times and created 19 cuts of which 0 were active after adding rounds of cuts (0.008 seconds)
FlowCover was tried 100 times and created 0 cuts of which 0 were active after adding rounds of cuts (0.017 seconds)
TwoMirCuts was tried 100 times and created 33 cuts of which 0 were active after adding rounds of cuts (0.006 seconds)
ZeroHalf was tried 1 times and created 0 cuts of which 0 were active after adding rounds of cuts (0.000 seconds)

Result - Optimal solution found

Objective value:                2614150.15534200
Enumerated nodes:               10
Total iterations:               1791
Time (CPU seconds):             0.23
Time (Wallclock seconds):       0.23

Option for printingOptions changed from normal to all
Total time (CPU seconds):       0.25   (Wallclock seconds):       0.25

