Welcome to the CBC MILP Solver 
Version: 2.10.3 
Build Date: Dec 15 2019 

command line - E:\dachuang\.venv\Lib\site-packages\pulp\apis\../solverdir/cbc/win/i64/cbc.exe model.mps -primalTolerance 1e-9 -integerTolerance 1e-9 -ratioGap 0 -allowableGap 0 -threads 0 -branch -printingOptions all -solution solution.txt -saveSolution solution.bin -quit (default strategy 1)
At line 2 NAME          MODEL
At line 3 ROWS
At line 317 COLUMNS
At line 1133 RHS
At line 1446 BOUNDS
At line 1521 ENDATA
Problem MODEL has 312 rows, 241 columns and 647 elements
Coin0008I MODEL read with 0 errors
primalTolerance was changed from 1e-07 to 1e-09
integerTolerance was changed from 1e-07 to 1e-09
ratioGap was changed from 0 to 0
allowableGap was changed from 1e-10 to 0
Continuous objective value is 1.06527e+06 - 0.00 seconds
Cgl0003I 0 fixed, 0 tightened bounds, 3 strengthened rows, 0 substitutions
Cgl0004I processed model has 118 rows, 165 columns (24 integer (24 of which binary)) and 351 elements
Cbc0038I Initial state - 7 integers unsatisfied sum - 2.0394
Cbc0038I Pass   1: suminf.    0.00000 (0) obj. 1.09637e+06 iterations 14
Cbc0038I Solution found of 1.09637e+06
Cbc0038I Relaxing continuous gives 1.06741e+06
Cbc0038I Before mini branch and bound, 17 integers at bound fixed and 91 continuous
Cbc0038I Full problem 118 rows 165 columns, reduced to 6 rows 7 columns
Cbc0038I Mini branch and bound improved solution from 1.06741e+06 to 1.06566e+06 (0.01 seconds)
Cbc0038I Round again with cutoff of 1.06562e+06
Cbc0038I Pass   2: suminf.    0.25499 (2) obj. 1.06562e+06 iterations 6
Cbc0038I Pass   3: suminf.    0.16052 (1) obj. 1.06562e+06 iterations 10
Cbc0038I Pass   4: suminf.    0.00000 (0) obj. 1.06562e+06 iterations 2
Cbc0038I Solution found of 1.06562e+06
Cbc0038I Relaxing continuous gives 1.06559e+06
Cbc0038I Before mini branch and bound, 16 integers at bound fixed and 87 continuous
Cbc0038I Full problem 118 rows 165 columns, reduced to 14 rows 18 columns
Cbc0038I Mini branch and bound improved solution from 1.06559e+06 to 1.06538e+06 (0.02 seconds)
Cbc0038I Round again with cutoff of 1.06536e+06
Cbc0038I Pass   5: suminf.    1.13578 (4) obj. 1.06536e+06 iterations 3
Cbc0038I Pass   6: suminf.    0.48663 (4) obj. 1.06536e+06 iterations 1
Cbc0038I Pass   7: suminf.    0.73998 (3) obj. 1.06536e+06 iterations 11
Cbc0038I Pass   8: suminf.    0.73998 (2) obj. 1.06536e+06 iterations 2
Cbc0038I Pass   9: suminf.    0.39216 (3) obj. 1.06536e+06 iterations 5
Cbc0038I Pass  10: suminf.    0.39216 (3) obj. 1.06536e+06 iterations 2
Cbc0038I Pass  11: suminf.    0.73998 (3) obj. 1.06536e+06 iterations 10
Cbc0038I Pass  12: suminf.    0.73998 (2) obj. 1.06536e+06 iterations 2
Cbc0038I Pass  13: suminf.    0.39216 (3) obj. 1.06536e+06 iterations 5
Cbc0038I Pass  14: suminf.    0.88394 (5) obj. 1.06536e+06 iterations 14
Cbc0038I Pass  15: suminf.    0.12343 (1) obj. 1.06536e+06 iterations 6
Cbc0038I Solution found of 1.06536e+06
Cbc0038I Relaxing continuous gives 1.06535e+06
Cbc0038I Before mini branch and bound, 7 integers at bound fixed and 75 continuous
Cbc0038I Full problem 118 rows 165 columns, reduced to 26 rows 35 columns
Cbc0038I Mini branch and bound improved solution from 1.06535e+06 to 1.06535e+06 (0.03 seconds)
Cbc0038I Round again with cutoff of 1.06533e+06
Cbc0038I Pass  16: suminf.    1.29386 (4) obj. 1.06533e+06 iterations 0
Cbc0038I Pass  17: suminf.    0.64471 (4) obj. 1.06533e+06 iterations 1
Cbc0038I Pass  18: suminf.    0.89806 (3) obj. 1.06533e+06 iterations 11
Cbc0038I Pass  19: suminf.    0.74936 (2) obj. 1.06533e+06 iterations 2
Cbc0038I Pass  20: suminf.    0.64706 (2) obj. 1.06533e+06 iterations 1
Cbc0038I Pass  21: suminf.    0.55024 (3) obj. 1.06533e+06 iterations 5
Cbc0038I Pass  22: suminf.    0.55024 (3) obj. 1.06533e+06 iterations 0
Cbc0038I Pass  23: suminf.    0.89806 (3) obj. 1.06533e+06 iterations 10
Cbc0038I Pass  24: suminf.    0.74936 (2) obj. 1.06533e+06 iterations 2
Cbc0038I Pass  25: suminf.    0.64706 (2) obj. 1.06533e+06 iterations 1
Cbc0038I Pass  26: suminf.    0.55024 (3) obj. 1.06533e+06 iterations 5
Cbc0038I Pass  27: suminf.    0.55024 (3) obj. 1.06533e+06 iterations 0
Cbc0038I Pass  28: suminf.    0.89806 (3) obj. 1.06533e+06 iterations 10
Cbc0038I Pass  29: suminf.    0.74936 (2) obj. 1.06533e+06 iterations 2
Cbc0038I Pass  30: suminf.    0.64706 (2) obj. 1.06533e+06 iterations 1
Cbc0038I Pass  31: suminf.    0.55024 (3) obj. 1.06533e+06 iterations 5
Cbc0038I Pass  32: suminf.    0.55024 (3) obj. 1.06533e+06 iterations 0
Cbc0038I Pass  33: suminf.    0.89806 (3) obj. 1.06533e+06 iterations 10
Cbc0038I Pass  34: suminf.    0.74936 (2) obj. 1.06533e+06 iterations 2
Cbc0038I Pass  35: suminf.    0.64706 (2) obj. 1.06533e+06 iterations 1
Cbc0038I Pass  36: suminf.    0.55024 (3) obj. 1.06533e+06 iterations 5
Cbc0038I Pass  37: suminf.    0.55024 (3) obj. 1.06533e+06 iterations 0
Cbc0038I Pass  38: suminf.    0.89806 (3) obj. 1.06533e+06 iterations 10
Cbc0038I Pass  39: suminf.    0.74936 (2) obj. 1.06533e+06 iterations 2
Cbc0038I Pass  40: suminf.    0.64706 (2) obj. 1.06533e+06 iterations 1
Cbc0038I Pass  41: suminf.    0.55024 (3) obj. 1.06533e+06 iterations 5
Cbc0038I Pass  42: suminf.    0.55024 (3) obj. 1.06533e+06 iterations 0
Cbc0038I Pass  43: suminf.    0.89806 (3) obj. 1.06533e+06 iterations 10
Cbc0038I Pass  44: suminf.    0.74936 (2) obj. 1.06533e+06 iterations 2
Cbc0038I Pass  45: suminf.    0.64706 (2) obj. 1.06533e+06 iterations 1
Cbc0038I No solution found this major pass
Cbc0038I Before mini branch and bound, 15 integers at bound fixed and 84 continuous
Cbc0038I Full problem 118 rows 165 columns, reduced to 21 rows 27 columns
Cbc0038I Mini branch and bound did not improve solution (0.04 seconds)
Cbc0038I After 0.04 seconds - Feasibility pump exiting with objective of 1.06535e+06 - took 0.03 seconds
Cbc0012I Integer solution of 1065350.7 found by feasibility pump after 0 iterations and 0 nodes (0.04 seconds)
Cbc0038I Full problem 118 rows 165 columns, reduced to 80 rows 127 columns
Cbc0031I 8 added rows had average density of 17.25
Cbc0013I At root node, 8 cuts changed objective from 1065287.2 to 1065314.5 in 100 passes
Cbc0014I Cut generator 0 (Probing) - 2 row cuts average 5.0 elements, 0 column cuts (0 active)  in 0.009 seconds - new frequency is -100
Cbc0014I Cut generator 1 (Gomory) - 339 row cuts average 25.9 elements, 0 column cuts (0 active)  in 0.015 seconds - new frequency is 1
Cbc0014I Cut generator 2 (Knapsack) - 0 row cuts average 0.0 elements, 0 column cuts (0 active)  in 0.008 seconds - new frequency is -100
Cbc0014I Cut generator 3 (Clique) - 0 row cuts average 0.0 elements, 0 column cuts (0 active)  in 0.001 seconds - new frequency is -100
Cbc0014I Cut generator 4 (MixedIntegerRounding2) - 10 row cuts average 5.5 elements, 0 column cuts (0 active)  in 0.012 seconds - new frequency is -100
Cbc0014I Cut generator 5 (FlowCover) - 1 row cuts average 5.0 elements, 0 column cuts (0 active)  in 0.018 seconds - new frequency is -100
Cbc0014I Cut generator 6 (TwoMirCuts) - 29 row cuts average 10.3 elements, 0 column cuts (0 active)  in 0.003 seconds - new frequency is -100
Cbc0010I After 0 nodes, 1 on tree, 1065350.7 best solution, best possible 1065314.5 (0.17 seconds)
Cbc0001I Search completed - best objective 1065350.663434798, took 1453 iterations and 8 nodes (0.19 seconds)
Cbc0032I Strong branching done 40 times (165 iterations), fathomed 4 nodes and fixed 3 variables
Cbc0035I Maximum depth 2, 0 variables fixed on reduced cost
Cuts at root node changed objective from 1.06529e+06 to 1.06531e+06
Probing was tried 100 times and created 2 cuts of which 0 were active after adding rounds of cuts (0.009 seconds)
Gomory was tried 127 times and created 372 cuts of which 0 were active after adding rounds of cuts (0.016 seconds)
Knapsack was tried 100 times and created 0 cuts of which 0 were active after adding rounds of cuts (0.008 seconds)
Clique was tried 100 times and created 0 cuts of which 0 were active after adding rounds of cuts (0.001 seconds)
MixedIntegerRounding2 was tried 100 times and created 10 cuts of which 0 were active after adding rounds of cuts (0.012 seconds)
FlowCover was tried 100 times and created 1 cuts of which 0 were active after adding rounds of cuts (0.018 seconds)
TwoMirCuts was tried 100 times and created 29 cuts of which 0 were active after adding rounds of cuts (0.003 seconds)
ZeroHalf was tried 1 times and created 0 cuts of which 0 were active after adding rounds of cuts (0.000 seconds)

Result - Optimal solution found

Objective value:                1065350.66343480
Enumerated nodes:               8
Total iterations:               1453
Time (CPU seconds):             0.19
Time (Wallclock seconds):       0.19

Option for printingOptions changed from normal to all
Total time (CPU seconds):       0.22   (Wallclock seconds):       0.22

