Welcome to the CBC MILP Solver 
Version: 2.10.3 
Build Date: Dec 15 2019 

command line - E:\dachuang\.venv\Lib\site-packages\pulp\apis\../solverdir/cbc/win/i64/cbc.exe model.mps -primalTolerance 1e-9 -integerTolerance 1e-9 -ratioGap 0 -allowableGap 0 -threads 0 -branch -printingOptions all -solution solution.txt -saveSolution solution.bin -quit (default strategy 1)
At line 2 NAME          MODEL
At line 3 ROWS
At line 317 COLUMNS
At line 1133 RHS
At line 1446 BOUNDS
At line 1521 ENDATA
Problem MODEL has 312 rows, 241 columns and 647 elements
Coin0008I MODEL read with 0 errors
primalTolerance was changed from 1e-07 to 1e-09
integerTolerance was changed from 1e-07 to 1e-09
ratioGap was changed from 0 to 0
allowableGap was changed from 1e-10 to 0
Continuous objective value is 645915 - 0.00 seconds
Cgl0003I 0 fixed, 0 tightened bounds, 3 strengthened rows, 0 substitutions
Cgl0004I processed model has 119 rows, 167 columns (24 integer (24 of which binary)) and 356 elements
Cbc0038I Initial state - 2 integers unsatisfied sum - 0.550024
Cbc0038I Pass   1: suminf.    0.00000 (0) obj. 646019 iterations 4
Cbc0038I Solution found of 646019
Cbc0038I Relaxing continuous gives 646019
Cbc0038I Before mini branch and bound, 22 integers at bound fixed and 93 continuous
Cbc0038I Full problem 119 rows 167 columns, reduced to 0 rows 0 columns
Cbc0038I Mini branch and bound did not improve solution (0.01 seconds)
Cbc0038I Round again with cutoff of 646008
Cbc0038I Pass   2: suminf.    0.04480 (1) obj. 646008 iterations 1
Cbc0038I Pass   3: suminf.    0.47976 (1) obj. 646008 iterations 4
Cbc0038I Pass   4: suminf.    0.68926 (3) obj. 646008 iterations 3
Cbc0038I Pass   5: suminf.    0.25430 (3) obj. 646008 iterations 1
Cbc0038I Pass   6: suminf.    0.47976 (1) obj. 646008 iterations 6
Cbc0038I Pass   7: suminf.    0.04480 (1) obj. 646008 iterations 1
Cbc0038I Pass   8: suminf.    0.04480 (1) obj. 646008 iterations 7
Cbc0038I Pass   9: suminf.    0.47976 (1) obj. 646008 iterations 2
Cbc0038I Pass  10: suminf.    0.04480 (1) obj. 646008 iterations 1
Cbc0038I Pass  11: suminf.    0.04480 (1) obj. 646008 iterations 3
Cbc0038I Pass  12: suminf.    0.47976 (1) obj. 646008 iterations 2
Cbc0038I Pass  13: suminf.    0.04480 (1) obj. 646008 iterations 1
Cbc0038I Pass  14: suminf.    0.28530 (2) obj. 646008 iterations 6
Cbc0038I Pass  15: suminf.    0.47976 (1) obj. 646008 iterations 3
Cbc0038I Pass  16: suminf.    0.04480 (1) obj. 646008 iterations 1
Cbc0038I Pass  17: suminf.    0.06780 (2) obj. 646008 iterations 11
Cbc0038I Pass  18: suminf.    0.47976 (1) obj. 646008 iterations 3
Cbc0038I Pass  19: suminf.    0.04480 (1) obj. 646008 iterations 1
Cbc0038I Pass  20: suminf.    0.04480 (1) obj. 646008 iterations 7
Cbc0038I Pass  21: suminf.    0.47976 (1) obj. 646008 iterations 2
Cbc0038I Pass  22: suminf.    0.04480 (1) obj. 646008 iterations 1
Cbc0038I Pass  23: suminf.    0.47180 (3) obj. 646008 iterations 7
Cbc0038I Pass  24: suminf.    0.47976 (1) obj. 646008 iterations 4
Cbc0038I Pass  25: suminf.    0.04480 (1) obj. 646008 iterations 1
Cbc0038I Pass  26: suminf.    0.04480 (1) obj. 646008 iterations 2
Cbc0038I Pass  27: suminf.    0.47976 (1) obj. 646008 iterations 2
Cbc0038I Pass  28: suminf.    0.04480 (1) obj. 646008 iterations 1
Cbc0038I Pass  29: suminf.    0.28530 (2) obj. 646008 iterations 5
Cbc0038I Pass  30: suminf.    0.47976 (1) obj. 646008 iterations 3
Cbc0038I Pass  31: suminf.    0.04480 (1) obj. 646008 iterations 1
Cbc0038I No solution found this major pass
Cbc0038I Before mini branch and bound, 1 integers at bound fixed and 90 continuous
Cbc0038I Full problem 119 rows 167 columns, reduced to 2 rows 2 columns
Cbc0038I Mini branch and bound did not improve solution (0.02 seconds)
Cbc0038I After 0.02 seconds - Feasibility pump exiting with objective of 646019 - took 0.01 seconds
Cbc0012I Integer solution of 646018.58 found by feasibility pump after 0 iterations and 0 nodes (0.02 seconds)
Cbc0038I Full problem 119 rows 167 columns, reduced to 54 rows 102 columns
Cbc0006I The LP relaxation is infeasible or too expensive
Cbc0013I At root node, 0 cuts changed objective from 645914.59 to 646018.58 in 1 passes
Cbc0014I Cut generator 0 (Probing) - 0 row cuts average 0.0 elements, 4 column cuts (4 active)  in 0.001 seconds - new frequency is 1
Cbc0014I Cut generator 1 (Gomory) - 0 row cuts average 0.0 elements, 0 column cuts (0 active)  in 0.000 seconds - new frequency is -100
Cbc0014I Cut generator 2 (Knapsack) - 0 row cuts average 0.0 elements, 0 column cuts (0 active)  in 0.000 seconds - new frequency is -100
Cbc0014I Cut generator 3 (Clique) - 0 row cuts average 0.0 elements, 0 column cuts (0 active)  in 0.000 seconds - new frequency is -100
Cbc0014I Cut generator 4 (MixedIntegerRounding2) - 0 row cuts average 0.0 elements, 0 column cuts (0 active)  in 0.000 seconds - new frequency is -100
Cbc0014I Cut generator 5 (FlowCover) - 0 row cuts average 0.0 elements, 0 column cuts (0 active)  in 0.000 seconds - new frequency is -100
Cbc0014I Cut generator 6 (TwoMirCuts) - 0 row cuts average 0.0 elements, 0 column cuts (0 active)  in 0.000 seconds - new frequency is -100
Cbc0014I Cut generator 7 (ZeroHalf) - 0 row cuts average 0.0 elements, 0 column cuts (0 active)  in 0.000 seconds - new frequency is -100
Cbc0001I Search completed - best objective 646018.5789473667, took 3 iterations and 0 nodes (0.03 seconds)
Cbc0035I Maximum depth 0, 0 variables fixed on reduced cost
Cuts at root node changed objective from 645915 to 646019
Probing was tried 1 times and created 4 cuts of which 0 were active after adding rounds of cuts (0.001 seconds)
Gomory was tried 0 times and created 0 cuts of which 0 were active after adding rounds of cuts (0.000 seconds)
Knapsack was tried 0 times and created 0 cuts of which 0 were active after adding rounds of cuts (0.000 seconds)
Clique was tried 0 times and created 0 cuts of which 0 were active after adding rounds of cuts (0.000 seconds)
MixedIntegerRounding2 was tried 0 times and created 0 cuts of which 0 were active after adding rounds of cuts (0.000 seconds)
FlowCover was tried 0 times and created 0 cuts of which 0 were active after adding rounds of cuts (0.000 seconds)
TwoMirCuts was tried 0 times and created 0 cuts of which 0 were active after adding rounds of cuts (0.000 seconds)
ZeroHalf was tried 0 times and created 0 cuts of which 0 were active after adding rounds of cuts (0.000 seconds)

Result - Optimal solution found

Objective value:                646018.57894737
Enumerated nodes:               0
Total iterations:               3
Time (CPU seconds):             0.03
Time (Wallclock seconds):       0.03

Option for printingOptions changed from normal to all
Total time (CPU seconds):       0.05   (Wallclock seconds):       0.05

