Welcome to the CBC MILP Solver 
Version: 2.10.3 
Build Date: Dec 15 2019 

command line - E:\dachuang\.venv\Lib\site-packages\pulp\apis\../solverdir/cbc/win/i64/cbc.exe model.mps -primalTolerance 1e-9 -integerTolerance 1e-9 -ratioGap 0 -allowableGap 0 -threads 0 -branch -printingOptions all -solution solution.txt -saveSolution solution.bin -quit (default strategy 1)
At line 2 NAME          MODEL
At line 3 ROWS
At line 317 COLUMNS
At line 1133 RHS
At line 1446 BOUNDS
At line 1521 ENDATA
Problem MODEL has 312 rows, 241 columns and 647 elements
Coin0008I MODEL read with 0 errors
primalTolerance was changed from 1e-07 to 1e-09
integerTolerance was changed from 1e-07 to 1e-09
ratioGap was changed from 0 to 0
allowableGap was changed from 1e-10 to 0
Continuous objective value is 1.39285e+06 - 0.00 seconds
Cgl0003I 0 fixed, 0 tightened bounds, 2 strengthened rows, 0 substitutions
Cgl0004I processed model has 116 rows, 161 columns (24 integer (24 of which binary)) and 341 elements
Cbc0038I Initial state - 7 integers unsatisfied sum - 2.44779
Cbc0038I Pass   1: suminf.    0.00000 (0) obj. 1.39391e+06 iterations 15
Cbc0038I Solution found of 1.39391e+06
Cbc0038I Relaxing continuous gives 1.39391e+06
Cbc0038I Before mini branch and bound, 17 integers at bound fixed and 86 continuous
Cbc0038I Full problem 116 rows 161 columns, reduced to 14 rows 15 columns
Cbc0038I Mini branch and bound improved solution from 1.39391e+06 to 1.39338e+06 (0.01 seconds)
Cbc0038I Freeing continuous variables gives a solution of 1.39338e+06
Cbc0038I Round again with cutoff of 1.39333e+06
Cbc0038I Pass   2: suminf.    0.35794 (2) obj. 1.39333e+06 iterations 8
Cbc0038I Pass   3: suminf.    0.22926 (1) obj. 1.39333e+06 iterations 11
Cbc0038I Pass   4: suminf.    0.00000 (0) obj. 1.39333e+06 iterations 1
Cbc0038I Solution found of 1.39333e+06
Cbc0038I Relaxing continuous gives 1.39317e+06
Cbc0038I Before mini branch and bound, 15 integers at bound fixed and 81 continuous
Cbc0038I Full problem 116 rows 161 columns, reduced to 18 rows 22 columns
Cbc0038I Mini branch and bound improved solution from 1.39317e+06 to 1.39317e+06 (0.02 seconds)
Cbc0038I Freeing continuous variables gives a solution of 1.39317e+06
Cbc0038I Round again with cutoff of 1.39311e+06
Cbc0038I Pass   5: suminf.    0.89692 (3) obj. 1.39311e+06 iterations 2
Cbc0038I Pass   6: suminf.    0.30920 (2) obj. 1.39311e+06 iterations 5
Cbc0038I Pass   7: suminf.    0.27802 (1) obj. 1.39311e+06 iterations 9
Cbc0038I Pass   8: suminf.    0.29187 (2) obj. 1.39311e+06 iterations 6
Cbc0038I Pass   9: suminf.    0.29187 (3) obj. 1.39311e+06 iterations 7
Cbc0038I Pass  10: suminf.    0.27802 (1) obj. 1.39311e+06 iterations 7
Cbc0038I Pass  11: suminf.    0.00000 (0) obj. 1.39311e+06 iterations 1
Cbc0038I Solution found of 1.39311e+06
Cbc0038I Relaxing continuous gives 1.3931e+06
Cbc0038I Before mini branch and bound, 15 integers at bound fixed and 79 continuous
Cbc0038I Full problem 116 rows 161 columns, reduced to 20 rows 26 columns
Cbc0038I Mini branch and bound improved solution from 1.3931e+06 to 1.39296e+06 (0.03 seconds)
Cbc0038I Freeing continuous variables gives a solution of 1.39296e+06
Cbc0038I Round again with cutoff of 1.39293e+06
Cbc0038I Pass  12: suminf.    1.18246 (5) obj. 1.39293e+06 iterations 7
Cbc0038I Pass  13: suminf.    1.07996 (4) obj. 1.39293e+06 iterations 1
Cbc0038I Pass  14: suminf.    0.25620 (3) obj. 1.39293e+06 iterations 13
Cbc0038I Pass  15: suminf.    0.14628 (1) obj. 1.39293e+06 iterations 4
Cbc0038I Pass  16: suminf.    0.15371 (1) obj. 1.39293e+06 iterations 2
Cbc0038I Pass  17: suminf.    0.88621 (3) obj. 1.39293e+06 iterations 9
Cbc0038I Pass  18: suminf.    0.61228 (2) obj. 1.39293e+06 iterations 3
Cbc0038I Pass  19: suminf.    0.18021 (1) obj. 1.39293e+06 iterations 2
Cbc0038I Pass  20: suminf.    0.14628 (1) obj. 1.39293e+06 iterations 1
Cbc0038I Pass  21: suminf.    0.14628 (1) obj. 1.39293e+06 iterations 20
Cbc0038I Pass  22: suminf.    0.15371 (1) obj. 1.39293e+06 iterations 4
Cbc0038I Pass  23: suminf.    0.14628 (1) obj. 1.39293e+06 iterations 1
Cbc0038I Pass  24: suminf.    0.79972 (4) obj. 1.39293e+06 iterations 6
Cbc0038I Pass  25: suminf.    0.56272 (3) obj. 1.39293e+06 iterations 1
Cbc0038I Pass  26: suminf.    0.15371 (1) obj. 1.39293e+06 iterations 4
Cbc0038I Pass  27: suminf.    0.14628 (1) obj. 1.39293e+06 iterations 1
Cbc0038I Pass  28: suminf.    0.84629 (3) obj. 1.39293e+06 iterations 24
Cbc0038I Pass  29: suminf.    0.84629 (3) obj. 1.39293e+06 iterations 1
Cbc0038I Pass  30: suminf.    0.95128 (3) obj. 1.39293e+06 iterations 10
Cbc0038I Pass  31: suminf.    1.09329 (3) obj. 1.39293e+06 iterations 3
Cbc0038I Pass  32: suminf.    1.06815 (4) obj. 1.39293e+06 iterations 2
Cbc0038I Pass  33: suminf.    0.44551 (3) obj. 1.39293e+06 iterations 9
Cbc0038I Pass  34: suminf.    0.44551 (3) obj. 1.39293e+06 iterations 0
Cbc0038I Pass  35: suminf.    1.09465 (3) obj. 1.39293e+06 iterations 5
Cbc0038I Pass  36: suminf.    1.09465 (3) obj. 1.39293e+06 iterations 0
Cbc0038I Pass  37: suminf.    0.61971 (3) obj. 1.39293e+06 iterations 18
Cbc0038I Pass  38: suminf.    0.61228 (2) obj. 1.39293e+06 iterations 1
Cbc0038I Pass  39: suminf.    0.15371 (1) obj. 1.39293e+06 iterations 5
Cbc0038I Pass  40: suminf.    0.14628 (1) obj. 1.39293e+06 iterations 1
Cbc0038I Pass  41: suminf.    0.92511 (2) obj. 1.39293e+06 iterations 16
Cbc0038I No solution found this major pass
Cbc0038I Before mini branch and bound, 1 integers at bound fixed and 68 continuous
Cbc0038I Full problem 116 rows 161 columns, reduced to 22 rows 29 columns
Cbc0038I Mini branch and bound improved solution from 1.39296e+06 to 1.39296e+06 (0.04 seconds)
Cbc0038I Freeing continuous variables gives a solution of 1.39296e+06
Cbc0038I Round again with cutoff of 1.3929e+06
Cbc0038I Pass  41: suminf.    1.28555 (6) obj. 1.3929e+06 iterations 1
Cbc0038I Pass  42: suminf.    1.18305 (5) obj. 1.3929e+06 iterations 2
Cbc0038I Pass  43: suminf.    0.25367 (3) obj. 1.3929e+06 iterations 15
Cbc0038I Pass  44: suminf.    0.24868 (2) obj. 1.3929e+06 iterations 4
Cbc0038I Pass  45: suminf.    0.25936 (3) obj. 1.3929e+06 iterations 3
Cbc0038I Pass  46: suminf.    0.25936 (3) obj. 1.3929e+06 iterations 0
Cbc0038I Pass  47: suminf.    0.90282 (3) obj. 1.3929e+06 iterations 8
Cbc0038I Pass  48: suminf.    1.27150 (5) obj. 1.3929e+06 iterations 5
Cbc0038I Pass  49: suminf.    0.37736 (3) obj. 1.3929e+06 iterations 3
Cbc0038I Pass  50: suminf.    0.25936 (3) obj. 1.3929e+06 iterations 7
Cbc0038I Pass  51: suminf.    0.25936 (3) obj. 1.3929e+06 iterations 0
Cbc0038I Pass  52: suminf.    0.90282 (3) obj. 1.3929e+06 iterations 8
Cbc0038I Pass  53: suminf.    0.24868 (2) obj. 1.3929e+06 iterations 2
Cbc0038I Pass  54: suminf.    1.97011 (6) obj. 1.3929e+06 iterations 10
Cbc0038I Pass  55: suminf.    1.97011 (6) obj. 1.3929e+06 iterations 1
Cbc0038I Pass  56: suminf.    0.55896 (4) obj. 1.3929e+06 iterations 7
Cbc0038I Pass  57: suminf.    0.55896 (4) obj. 1.3929e+06 iterations 0
Cbc0038I Pass  58: suminf.    1.06675 (3) obj. 1.3929e+06 iterations 12
Cbc0038I Pass  59: suminf.    1.05368 (3) obj. 1.3929e+06 iterations 2
Cbc0038I Pass  60: suminf.    1.06675 (3) obj. 1.3929e+06 iterations 3
Cbc0038I Pass  61: suminf.    1.50411 (5) obj. 1.3929e+06 iterations 5
Cbc0038I Pass  62: suminf.    1.50411 (5) obj. 1.3929e+06 iterations 1
Cbc0038I Pass  63: suminf.    0.55896 (4) obj. 1.3929e+06 iterations 7
Cbc0038I Pass  64: suminf.    0.55896 (4) obj. 1.3929e+06 iterations 0
Cbc0038I Pass  65: suminf.    1.06675 (3) obj. 1.3929e+06 iterations 9
Cbc0038I Pass  66: suminf.    1.05368 (3) obj. 1.3929e+06 iterations 2
Cbc0038I Pass  67: suminf.    1.06675 (3) obj. 1.3929e+06 iterations 3
Cbc0038I Pass  68: suminf.    1.32218 (5) obj. 1.3929e+06 iterations 9
Cbc0038I Pass  69: suminf.    1.05436 (4) obj. 1.3929e+06 iterations 6
Cbc0038I Pass  70: suminf.    1.05436 (4) obj. 1.3929e+06 iterations 2
Cbc0038I No solution found this major pass
Cbc0038I Before mini branch and bound, 6 integers at bound fixed and 75 continuous
Cbc0038I Full problem 116 rows 161 columns, reduced to 23 rows 31 columns
Cbc0038I Mini branch and bound did not improve solution (0.05 seconds)
Cbc0038I After 0.06 seconds - Feasibility pump exiting with objective of 1.39296e+06 - took 0.05 seconds
Cbc0012I Integer solution of 1392955.3 found by feasibility pump after 0 iterations and 0 nodes (0.06 seconds)
Cbc0038I Full problem 116 rows 161 columns, reduced to 79 rows 122 columns
Cbc0031I 13 added rows had average density of 20
Cbc0013I At root node, 13 cuts changed objective from 1392847.7 to 1392947.2 in 100 passes
Cbc0014I Cut generator 0 (Probing) - 7 row cuts average 2.9 elements, 1 column cuts (1 active)  in 0.013 seconds - new frequency is -100
Cbc0014I Cut generator 1 (Gomory) - 316 row cuts average 27.2 elements, 0 column cuts (0 active)  in 0.014 seconds - new frequency is 1
Cbc0014I Cut generator 2 (Knapsack) - 0 row cuts average 0.0 elements, 0 column cuts (0 active)  in 0.022 seconds - new frequency is -100
Cbc0014I Cut generator 3 (Clique) - 0 row cuts average 0.0 elements, 0 column cuts (0 active)  in 0.000 seconds - new frequency is -100
Cbc0014I Cut generator 4 (MixedIntegerRounding2) - 8 row cuts average 6.9 elements, 0 column cuts (0 active)  in 0.003 seconds - new frequency is -100
Cbc0014I Cut generator 5 (FlowCover) - 1 row cuts average 5.0 elements, 0 column cuts (0 active)  in 0.021 seconds - new frequency is -100
Cbc0014I Cut generator 6 (TwoMirCuts) - 25 row cuts average 9.4 elements, 0 column cuts (0 active)  in 0.006 seconds - new frequency is -100
Cbc0010I After 0 nodes, 1 on tree, 1392955.3 best solution, best possible 1392947.2 (0.21 seconds)
Cbc0001I Search completed - best objective 1392955.332460419, took 896 iterations and 6 nodes (0.22 seconds)
Cbc0032I Strong branching done 22 times (138 iterations), fathomed 1 nodes and fixed 4 variables
Cbc0035I Maximum depth 1, 0 variables fixed on reduced cost
Cuts at root node changed objective from 1.39285e+06 to 1.39295e+06
Probing was tried 100 times and created 8 cuts of which 0 were active after adding rounds of cuts (0.013 seconds)
Gomory was tried 108 times and created 330 cuts of which 0 were active after adding rounds of cuts (0.016 seconds)
Knapsack was tried 100 times and created 0 cuts of which 0 were active after adding rounds of cuts (0.022 seconds)
Clique was tried 100 times and created 0 cuts of which 0 were active after adding rounds of cuts (0.000 seconds)
MixedIntegerRounding2 was tried 100 times and created 8 cuts of which 0 were active after adding rounds of cuts (0.003 seconds)
FlowCover was tried 100 times and created 1 cuts of which 0 were active after adding rounds of cuts (0.021 seconds)
TwoMirCuts was tried 100 times and created 25 cuts of which 0 were active after adding rounds of cuts (0.006 seconds)
ZeroHalf was tried 1 times and created 0 cuts of which 0 were active after adding rounds of cuts (0.000 seconds)

Result - Optimal solution found

Objective value:                1392955.33246042
Enumerated nodes:               6
Total iterations:               896
Time (CPU seconds):             0.22
Time (Wallclock seconds):       0.22

Option for printingOptions changed from normal to all
Total time (CPU seconds):       0.26   (Wallclock seconds):       0.26

