Welcome to the CBC MILP Solver 
Version: 2.10.3 
Build Date: Dec 15 2019 

command line - E:\dachuang\.venv\Lib\site-packages\pulp\apis\../solverdir/cbc/win/i64/cbc.exe model.mps -primalTolerance 1e-9 -integerTolerance 1e-9 -ratioGap 0 -allowableGap 0 -threads 0 -branch -printingOptions all -solution solution.txt -saveSolution solution.bin -quit (default strategy 1)
At line 2 NAME          MODEL
At line 3 ROWS
At line 317 COLUMNS
At line 1133 RHS
At line 1446 BOUNDS
At line 1521 ENDATA
Problem MODEL has 312 rows, 241 columns and 647 elements
Coin0008I MODEL read with 0 errors
primalTolerance was changed from 1e-07 to 1e-09
integerTolerance was changed from 1e-07 to 1e-09
ratioGap was changed from 0 to 0
allowableGap was changed from 1e-10 to 0
Continuous objective value is 669206 - 0.00 seconds
Cgl0003I 0 fixed, 0 tightened bounds, 2 strengthened rows, 0 substitutions
Cgl0004I processed model has 119 rows, 167 columns (24 integer (24 of which binary)) and 356 elements
Cbc0038I Initial state - 6 integers unsatisfied sum - 2.52168
Cbc0038I Pass   1: suminf.    0.00000 (0) obj. 669791 iterations 13
Cbc0038I Solution found of 669791
Cbc0038I Relaxing continuous gives 669791
Cbc0038I Before mini branch and bound, 18 integers at bound fixed and 87 continuous
Cbc0038I Full problem 119 rows 167 columns, reduced to 9 rows 10 columns
Cbc0038I Mini branch and bound did not improve solution (0.02 seconds)
Cbc0038I Round again with cutoff of 669733
Cbc0038I Pass   2: suminf.    0.25217 (1) obj. 669733 iterations 2
Cbc0038I Pass   3: suminf.    0.00000 (0) obj. 669733 iterations 4
Cbc0038I Solution found of 669733
Cbc0038I Relaxing continuous gives 669664
Cbc0038I Before mini branch and bound, 17 integers at bound fixed and 80 continuous
Cbc0038I Full problem 119 rows 167 columns, reduced to 19 rows 25 columns
Cbc0038I Mini branch and bound improved solution from 669664 to 669327 (0.03 seconds)
Cbc0038I Round again with cutoff of 669303
Cbc0038I Pass   4: suminf.    0.68171 (3) obj. 669303 iterations 5
Cbc0038I Pass   5: suminf.    0.65674 (3) obj. 669303 iterations 3
Cbc0038I Pass   6: suminf.    1.08661 (4) obj. 669303 iterations 7
Cbc0038I Pass   7: suminf.    0.60438 (2) obj. 669303 iterations 3
Cbc0038I Pass   8: suminf.    0.65349 (4) obj. 669303 iterations 6
Cbc0038I Pass   9: suminf.    0.65349 (4) obj. 669303 iterations 0
Cbc0038I Pass  10: suminf.    0.81814 (3) obj. 669303 iterations 5
Cbc0038I Pass  11: suminf.    0.62236 (3) obj. 669303 iterations 2
Cbc0038I Pass  12: suminf.    0.60438 (2) obj. 669303 iterations 2
Cbc0038I Pass  13: suminf.    0.65349 (4) obj. 669303 iterations 6
Cbc0038I Pass  14: suminf.    0.65349 (4) obj. 669303 iterations 0
Cbc0038I Pass  15: suminf.    0.81814 (3) obj. 669303 iterations 5
Cbc0038I Pass  16: suminf.    0.62236 (3) obj. 669303 iterations 2
Cbc0038I Pass  17: suminf.    0.60438 (2) obj. 669303 iterations 2
Cbc0038I Pass  18: suminf.    0.65349 (4) obj. 669303 iterations 6
Cbc0038I Pass  19: suminf.    0.65349 (4) obj. 669303 iterations 0
Cbc0038I Pass  20: suminf.    0.81814 (3) obj. 669303 iterations 5
Cbc0038I Pass  21: suminf.    0.62236 (3) obj. 669303 iterations 2
Cbc0038I Pass  22: suminf.    0.60438 (2) obj. 669303 iterations 2
Cbc0038I Pass  23: suminf.    0.65349 (4) obj. 669303 iterations 6
Cbc0038I Pass  24: suminf.    0.65349 (4) obj. 669303 iterations 0
Cbc0038I Pass  25: suminf.    0.81814 (3) obj. 669303 iterations 5
Cbc0038I Pass  26: suminf.    0.62236 (3) obj. 669303 iterations 2
Cbc0038I Pass  27: suminf.    0.60438 (2) obj. 669303 iterations 2
Cbc0038I Pass  28: suminf.    0.65349 (4) obj. 669303 iterations 6
Cbc0038I Pass  29: suminf.    0.65349 (4) obj. 669303 iterations 0
Cbc0038I Pass  30: suminf.    0.81814 (3) obj. 669303 iterations 5
Cbc0038I Pass  31: suminf.    0.62236 (3) obj. 669303 iterations 2
Cbc0038I Pass  32: suminf.    0.60438 (2) obj. 669303 iterations 2
Cbc0038I Pass  33: suminf.    0.65349 (4) obj. 669303 iterations 6
Cbc0038I No solution found this major pass
Cbc0038I Before mini branch and bound, 17 integers at bound fixed and 80 continuous
Cbc0038I Full problem 119 rows 167 columns, reduced to 22 rows 29 columns
Cbc0038I Mini branch and bound did not improve solution (0.04 seconds)
Cbc0038I After 0.04 seconds - Feasibility pump exiting with objective of 669327 - took 0.03 seconds
Cbc0012I Integer solution of 669327.18 found by feasibility pump after 0 iterations and 0 nodes (0.04 seconds)
Cbc0038I Full problem 119 rows 167 columns, reduced to 67 rows 115 columns
Cbc0031I 9 added rows had average density of 19.444444
Cbc0013I At root node, 9 cuts changed objective from 669206.08 to 669317.22 in 100 passes
Cbc0014I Cut generator 0 (Probing) - 2 row cuts average 2.0 elements, 5 column cuts (5 active)  in 0.009 seconds - new frequency is 1
Cbc0014I Cut generator 1 (Gomory) - 368 row cuts average 29.7 elements, 0 column cuts (0 active)  in 0.016 seconds - new frequency is 1
Cbc0014I Cut generator 2 (Knapsack) - 0 row cuts average 0.0 elements, 0 column cuts (0 active)  in 0.019 seconds - new frequency is -100
Cbc0014I Cut generator 3 (Clique) - 0 row cuts average 0.0 elements, 0 column cuts (0 active)  in 0.000 seconds - new frequency is -100
Cbc0014I Cut generator 4 (MixedIntegerRounding2) - 2 row cuts average 7.5 elements, 0 column cuts (0 active)  in 0.006 seconds - new frequency is -100
Cbc0014I Cut generator 5 (FlowCover) - 0 row cuts average 0.0 elements, 0 column cuts (0 active)  in 0.029 seconds - new frequency is -100
Cbc0014I Cut generator 6 (TwoMirCuts) - 22 row cuts average 12.4 elements, 0 column cuts (0 active)  in 0.003 seconds - new frequency is -100
Cbc0001I Search completed - best objective 669327.179224374, took 715 iterations and 0 nodes (0.20 seconds)
Cbc0032I Strong branching done 2 times (6 iterations), fathomed 1 nodes and fixed 0 variables
Cbc0035I Maximum depth 0, 0 variables fixed on reduced cost
Cuts at root node changed objective from 669206 to 669327
Probing was tried 100 times and created 7 cuts of which 0 were active after adding rounds of cuts (0.009 seconds)
Gomory was tried 100 times and created 368 cuts of which 0 were active after adding rounds of cuts (0.016 seconds)
Knapsack was tried 100 times and created 0 cuts of which 0 were active after adding rounds of cuts (0.019 seconds)
Clique was tried 100 times and created 0 cuts of which 0 were active after adding rounds of cuts (0.000 seconds)
MixedIntegerRounding2 was tried 100 times and created 2 cuts of which 0 were active after adding rounds of cuts (0.006 seconds)
FlowCover was tried 100 times and created 0 cuts of which 0 were active after adding rounds of cuts (0.029 seconds)
TwoMirCuts was tried 100 times and created 22 cuts of which 0 were active after adding rounds of cuts (0.003 seconds)
ZeroHalf was tried 1 times and created 0 cuts of which 0 were active after adding rounds of cuts (0.000 seconds)

Result - Optimal solution found

Objective value:                669327.17922437
Enumerated nodes:               0
Total iterations:               715
Time (CPU seconds):             0.20
Time (Wallclock seconds):       0.20

Option for printingOptions changed from normal to all
Total time (CPU seconds):       0.23   (Wallclock seconds):       0.23

