Welcome to the CBC MILP Solver 
Version: 2.10.3 
Build Date: Dec 15 2019 

command line - E:\dachuang\.venv\Lib\site-packages\pulp\apis\../solverdir/cbc/win/i64/cbc.exe model.mps -primalTolerance 1e-9 -integerTolerance 1e-9 -ratioGap 0 -allowableGap 0 -threads 0 -branch -printingOptions all -solution solution.txt -saveSolution solution.bin -quit (default strategy 1)
At line 2 NAME          MODEL
At line 3 ROWS
At line 317 COLUMNS
At line 1133 RHS
At line 1446 BOUNDS
At line 1521 ENDATA
Problem MODEL has 312 rows, 241 columns and 647 elements
Coin0008I MODEL read with 0 errors
primalTolerance was changed from 1e-07 to 1e-09
integerTolerance was changed from 1e-07 to 1e-09
ratioGap was changed from 0 to 0
allowableGap was changed from 1e-10 to 0
Continuous objective value is 594351 - 0.00 seconds
Cgl0003I 0 fixed, 0 tightened bounds, 3 strengthened rows, 0 substitutions
Cgl0004I processed model has 119 rows, 167 columns (24 integer (24 of which binary)) and 356 elements
Cbc0038I Initial state - 8 integers unsatisfied sum - 2.16074
Cbc0038I Pass   1: suminf.    0.00000 (0) obj. 675937 iterations 14
Cbc0038I Solution found of 675937
Cbc0038I Relaxing continuous gives 599270
Cbc0038I Before mini branch and bound, 16 integers at bound fixed and 83 continuous
Cbc0038I Full problem 119 rows 167 columns, reduced to 10 rows 12 columns
Cbc0038I Mini branch and bound improved solution from 599270 to 594744 (0.01 seconds)
Cbc0038I Freeing continuous variables gives a solution of 594744
Cbc0038I Round again with cutoff of 594707
Cbc0038I Pass   2: suminf.    0.62819 (3) obj. 594707 iterations 26
Cbc0038I Pass   3: suminf.    0.15859 (1) obj. 594707 iterations 11
Cbc0038I Solution found of 594707
Cbc0038I Relaxing continuous gives 594678
Cbc0038I Before mini branch and bound, 15 integers at bound fixed and 80 continuous
Cbc0038I Full problem 119 rows 167 columns, reduced to 16 rows 21 columns
Cbc0038I Mini branch and bound improved solution from 594678 to 594535 (0.02 seconds)
Cbc0038I Round again with cutoff of 594503
Cbc0038I Pass   4: suminf.    1.37918 (4) obj. 594503 iterations 2
Cbc0038I Pass   5: suminf.    0.60628 (3) obj. 594503 iterations 11
Cbc0038I Pass   6: suminf.    0.16435 (1) obj. 594503 iterations 3
Cbc0038I Pass   7: suminf.    0.13668 (1) obj. 594503 iterations 2
Cbc0038I Pass   8: suminf.    0.90958 (2) obj. 594503 iterations 6
Cbc0038I Pass   9: suminf.    0.13668 (1) obj. 594503 iterations 5
Cbc0038I Pass  10: suminf.    0.16435 (1) obj. 594503 iterations 1
Cbc0038I Pass  11: suminf.    1.14226 (5) obj. 594503 iterations 13
Cbc0038I Pass  12: suminf.    0.83664 (3) obj. 594503 iterations 5
Cbc0038I Pass  13: suminf.    0.16533 (2) obj. 594503 iterations 2
Cbc0038I Pass  14: suminf.    0.13766 (2) obj. 594503 iterations 6
Cbc0038I Pass  15: suminf.    0.50991 (3) obj. 594503 iterations 6
Cbc0038I Pass  16: suminf.    0.64483 (3) obj. 594503 iterations 9
Cbc0038I Pass  17: suminf.    0.50991 (3) obj. 594503 iterations 5
Cbc0038I Pass  18: suminf.    0.65674 (4) obj. 594503 iterations 4
Cbc0038I Pass  19: suminf.    0.65674 (4) obj. 594503 iterations 0
Cbc0038I Pass  20: suminf.    0.83664 (3) obj. 594503 iterations 5
Cbc0038I Pass  21: suminf.    0.16533 (2) obj. 594503 iterations 2
Cbc0038I Pass  22: suminf.    0.13766 (2) obj. 594503 iterations 4
Cbc0038I Pass  23: suminf.    1.58399 (6) obj. 594503 iterations 12
Cbc0038I Pass  24: suminf.    1.08499 (5) obj. 594503 iterations 2
Cbc0038I Pass  25: suminf.    0.64483 (3) obj. 594503 iterations 11
Cbc0038I Pass  26: suminf.    0.60741 (3) obj. 594503 iterations 2
Cbc0038I Pass  27: suminf.    2.24357 (6) obj. 594503 iterations 14
Cbc0038I Pass  28: suminf.    0.99143 (3) obj. 594503 iterations 3
Cbc0038I Pass  29: suminf.    0.64385 (2) obj. 594503 iterations 4
Cbc0038I Pass  30: suminf.    0.60643 (2) obj. 594503 iterations 2
Cbc0038I Pass  31: suminf.    1.56655 (7) obj. 594503 iterations 15
Cbc0038I Pass  32: suminf.    1.46405 (6) obj. 594503 iterations 1
Cbc0038I Pass  33: suminf.    0.64385 (2) obj. 594503 iterations 9
Cbc0038I No solution found this major pass
Cbc0038I Before mini branch and bound, 0 integers at bound fixed and 77 continuous
Cbc0038I Full problem 119 rows 167 columns, reduced to 24 rows 32 columns
Cbc0038I Mini branch and bound improved solution from 594535 to 594468 (0.04 seconds)
Cbc0038I Freeing continuous variables gives a solution of 594468
Cbc0038I Round again with cutoff of 594441
Cbc0038I Pass  33: suminf.    1.55078 (5) obj. 594441 iterations 1
Cbc0038I Pass  34: suminf.    0.90164 (5) obj. 594441 iterations 1
Cbc0038I Pass  35: suminf.    1.09872 (3) obj. 594441 iterations 8
Cbc0038I Pass  36: suminf.    0.43203 (3) obj. 594441 iterations 2
Cbc0038I Pass  37: suminf.    0.88269 (4) obj. 594441 iterations 7
Cbc0038I Pass  38: suminf.    0.43203 (3) obj. 594441 iterations 1
Cbc0038I Pass  39: suminf.    0.44957 (3) obj. 594441 iterations 5
Cbc0038I Pass  40: suminf.    0.43203 (3) obj. 594441 iterations 1
Cbc0038I Pass  41: suminf.    1.09872 (3) obj. 594441 iterations 3
Cbc0038I Pass  42: suminf.    1.31464 (6) obj. 594441 iterations 8
Cbc0038I Pass  43: suminf.    1.09872 (3) obj. 594441 iterations 10
Cbc0038I Pass  44: suminf.    0.43203 (3) obj. 594441 iterations 2
Cbc0038I Pass  45: suminf.    0.43203 (3) obj. 594441 iterations 1
Cbc0038I Pass  46: suminf.    1.09872 (3) obj. 594441 iterations 3
Cbc0038I Pass  47: suminf.    0.43203 (3) obj. 594441 iterations 2
Cbc0038I Pass  48: suminf.    0.80014 (3) obj. 594441 iterations 11
Cbc0038I Pass  49: suminf.    0.79879 (3) obj. 594441 iterations 6
Cbc0038I Pass  50: suminf.    0.90128 (3) obj. 594441 iterations 21
Cbc0038I Pass  51: suminf.    0.90128 (3) obj. 594441 iterations 1
Cbc0038I Pass  52: suminf.    0.43203 (2) obj. 594441 iterations 7
Cbc0038I Pass  53: suminf.    0.43203 (2) obj. 594441 iterations 0
Cbc0038I Pass  54: suminf.    0.79879 (3) obj. 594441 iterations 3
Cbc0038I Pass  55: suminf.    0.90128 (3) obj. 594441 iterations 12
Cbc0038I Pass  56: suminf.    0.90128 (3) obj. 594441 iterations 1
Cbc0038I Pass  57: suminf.    0.43203 (2) obj. 594441 iterations 4
Cbc0038I Pass  58: suminf.    0.43203 (2) obj. 594441 iterations 0
Cbc0038I Pass  59: suminf.    0.79879 (3) obj. 594441 iterations 3
Cbc0038I Pass  60: suminf.    0.90128 (3) obj. 594441 iterations 12
Cbc0038I Pass  61: suminf.    0.90128 (3) obj. 594441 iterations 1
Cbc0038I Pass  62: suminf.    0.43203 (2) obj. 594441 iterations 4
Cbc0038I No solution found this major pass
Cbc0038I Before mini branch and bound, 9 integers at bound fixed and 77 continuous
Cbc0038I Full problem 119 rows 167 columns, reduced to 24 rows 32 columns
Cbc0038I Mini branch and bound did not improve solution (0.05 seconds)
Cbc0038I After 0.05 seconds - Feasibility pump exiting with objective of 594468 - took 0.04 seconds
Cbc0012I Integer solution of 594468.43 found by feasibility pump after 0 iterations and 0 nodes (0.05 seconds)
Cbc0038I Full problem 119 rows 167 columns, reduced to 76 rows 124 columns
Cbc0031I 8 added rows had average density of 21.5
Cbc0013I At root node, 8 cuts changed objective from 594375.95 to 594455.44 in 100 passes
Cbc0014I Cut generator 0 (Probing) - 1 row cuts average 2.0 elements, 0 column cuts (0 active)  in 0.016 seconds - new frequency is -100
Cbc0014I Cut generator 1 (Gomory) - 296 row cuts average 30.5 elements, 0 column cuts (0 active)  in 0.008 seconds - new frequency is 1
Cbc0014I Cut generator 2 (Knapsack) - 0 row cuts average 0.0 elements, 0 column cuts (0 active)  in 0.018 seconds - new frequency is -100
Cbc0014I Cut generator 3 (Clique) - 0 row cuts average 0.0 elements, 0 column cuts (0 active)  in 0.001 seconds - new frequency is -100
Cbc0014I Cut generator 4 (MixedIntegerRounding2) - 7 row cuts average 4.6 elements, 0 column cuts (0 active)  in 0.004 seconds - new frequency is -100
Cbc0014I Cut generator 5 (FlowCover) - 0 row cuts average 0.0 elements, 0 column cuts (0 active)  in 0.017 seconds - new frequency is -100
Cbc0014I Cut generator 6 (TwoMirCuts) - 22 row cuts average 10.5 elements, 0 column cuts (0 active)  in 0.004 seconds - new frequency is -100
Cbc0010I After 0 nodes, 1 on tree, 594468.43 best solution, best possible 594455.44 (0.18 seconds)
Cbc0001I Search completed - best objective 594468.4285745724, took 916 iterations and 2 nodes (0.19 seconds)
Cbc0032I Strong branching done 16 times (76 iterations), fathomed 1 nodes and fixed 2 variables
Cbc0035I Maximum depth 0, 0 variables fixed on reduced cost
Cuts at root node changed objective from 594376 to 594455
Probing was tried 100 times and created 1 cuts of which 0 were active after adding rounds of cuts (0.016 seconds)
Gomory was tried 108 times and created 310 cuts of which 0 were active after adding rounds of cuts (0.009 seconds)
Knapsack was tried 100 times and created 0 cuts of which 0 were active after adding rounds of cuts (0.018 seconds)
Clique was tried 100 times and created 0 cuts of which 0 were active after adding rounds of cuts (0.001 seconds)
MixedIntegerRounding2 was tried 100 times and created 7 cuts of which 0 were active after adding rounds of cuts (0.004 seconds)
FlowCover was tried 100 times and created 0 cuts of which 0 were active after adding rounds of cuts (0.017 seconds)
TwoMirCuts was tried 100 times and created 22 cuts of which 0 were active after adding rounds of cuts (0.004 seconds)
ZeroHalf was tried 1 times and created 0 cuts of which 0 were active after adding rounds of cuts (0.000 seconds)

Result - Optimal solution found

Objective value:                594468.42857457
Enumerated nodes:               2
Total iterations:               916
Time (CPU seconds):             0.19
Time (Wallclock seconds):       0.19

Option for printingOptions changed from normal to all
Total time (CPU seconds):       0.23   (Wallclock seconds):       0.22

