Welcome to the CBC MILP Solver 
Version: 2.10.3 
Build Date: Dec 15 2019 

command line - E:\dachuang\.venv\Lib\site-packages\pulp\apis\../solverdir/cbc/win/i64/cbc.exe model.mps -primalTolerance 1e-9 -integerTolerance 1e-9 -ratioGap 0 -allowableGap 0 -threads 0 -branch -printingOptions all -solution solution.txt -saveSolution solution.bin -quit (default strategy 1)
At line 2 NAME          MODEL
At line 3 ROWS
At line 317 COLUMNS
At line 1133 RHS
At line 1446 BOUNDS
At line 1521 ENDATA
Problem MODEL has 312 rows, 241 columns and 647 elements
Coin0008I MODEL read with 0 errors
primalTolerance was changed from 1e-07 to 1e-09
integerTolerance was changed from 1e-07 to 1e-09
ratioGap was changed from 0 to 0
allowableGap was changed from 1e-10 to 0
Continuous objective value is 1.59835e+06 - 0.00 seconds
Cgl0003I 0 fixed, 0 tightened bounds, 3 strengthened rows, 0 substitutions
Cgl0004I processed model has 116 rows, 161 columns (24 integer (24 of which binary)) and 341 elements
Cbc0038I Initial state - 7 integers unsatisfied sum - 2.22689
Cbc0038I Pass   1: suminf.    0.00000 (0) obj. 1.60319e+06 iterations 14
Cbc0038I Solution found of 1.60319e+06
Cbc0038I Relaxing continuous gives 1.60043e+06
Cbc0038I Before mini branch and bound, 17 integers at bound fixed and 85 continuous
Cbc0038I Full problem 116 rows 161 columns, reduced to 9 rows 11 columns
Cbc0038I Mini branch and bound improved solution from 1.60043e+06 to 1.59879e+06 (0.01 seconds)
Cbc0038I Round again with cutoff of 1.59874e+06
Cbc0038I Pass   2: suminf.    0.58173 (2) obj. 1.59874e+06 iterations 8
Cbc0038I Pass   3: suminf.    0.00000 (0) obj. 1.59874e+06 iterations 9
Cbc0038I Solution found of 1.59874e+06
Cbc0038I Relaxing continuous gives 1.59858e+06
Cbc0038I Before mini branch and bound, 15 integers at bound fixed and 78 continuous
Cbc0038I Full problem 116 rows 161 columns, reduced to 19 rows 26 columns
Cbc0038I Mini branch and bound improved solution from 1.59858e+06 to 1.59851e+06 (0.02 seconds)
Cbc0038I Round again with cutoff of 1.59848e+06
Cbc0038I Pass   4: suminf.    0.81428 (3) obj. 1.59848e+06 iterations 5
Cbc0038I Pass   5: suminf.    0.80929 (2) obj. 1.59848e+06 iterations 1
Cbc0038I Pass   6: suminf.    0.13587 (1) obj. 1.59848e+06 iterations 8
Cbc0038I Pass   7: suminf.    0.40763 (1) obj. 1.59848e+06 iterations 2
Cbc0038I Pass   8: suminf.    0.40763 (1) obj. 1.59848e+06 iterations 8
Cbc0038I Pass   9: suminf.    0.13587 (1) obj. 1.59848e+06 iterations 3
Cbc0038I Pass  10: suminf.    0.40763 (1) obj. 1.59848e+06 iterations 2
Cbc0038I Pass  11: suminf.    0.43548 (3) obj. 1.59848e+06 iterations 12
Cbc0038I Pass  12: suminf.    1.06912 (3) obj. 1.59848e+06 iterations 4
Cbc0038I Pass  13: suminf.    0.83013 (2) obj. 1.59848e+06 iterations 4
Cbc0038I Pass  14: suminf.    0.43548 (3) obj. 1.59848e+06 iterations 4
Cbc0038I Pass  15: suminf.    0.43548 (3) obj. 1.59848e+06 iterations 0
Cbc0038I Pass  16: suminf.    0.16987 (1) obj. 1.59848e+06 iterations 14
Cbc0038I Pass  17: suminf.    0.02513 (1) obj. 1.59848e+06 iterations 4
Cbc0038I Pass  18: suminf.    0.13587 (1) obj. 1.59848e+06 iterations 6
Cbc0038I Pass  19: suminf.    0.40763 (1) obj. 1.59848e+06 iterations 2
Cbc0038I Pass  20: suminf.    1.41135 (4) obj. 1.59848e+06 iterations 20
Cbc0038I Pass  21: suminf.    0.43548 (3) obj. 1.59848e+06 iterations 8
Cbc0038I Pass  22: suminf.    1.06912 (3) obj. 1.59848e+06 iterations 11
Cbc0038I Pass  23: suminf.    0.83013 (2) obj. 1.59848e+06 iterations 6
Cbc0038I Pass  24: suminf.    0.43548 (3) obj. 1.59848e+06 iterations 4
Cbc0038I Pass  25: suminf.    1.69909 (4) obj. 1.59848e+06 iterations 13
Cbc0038I Pass  26: suminf.    1.66509 (4) obj. 1.59848e+06 iterations 1
Cbc0038I Pass  27: suminf.    0.43548 (3) obj. 1.59848e+06 iterations 6
Cbc0038I Pass  28: suminf.    0.43548 (3) obj. 1.59848e+06 iterations 0
Cbc0038I Pass  29: suminf.    1.06912 (3) obj. 1.59848e+06 iterations 4
Cbc0038I Pass  30: suminf.    0.83013 (2) obj. 1.59848e+06 iterations 4
Cbc0038I Pass  31: suminf.    0.25937 (3) obj. 1.59848e+06 iterations 12
Cbc0038I Pass  32: suminf.    0.12263 (1) obj. 1.59848e+06 iterations 9
Cbc0038I Pass  33: suminf.    0.13587 (1) obj. 1.59848e+06 iterations 4
Cbc0038I No solution found this major pass
Cbc0038I Before mini branch and bound, 4 integers at bound fixed and 69 continuous
Cbc0038I Full problem 116 rows 161 columns, reduced to 24 rows 32 columns
Cbc0038I Mini branch and bound improved solution from 1.59851e+06 to 1.59844e+06 (0.03 seconds)
Cbc0038I Round again with cutoff of 1.59842e+06
Cbc0038I Pass  33: suminf.    0.83234 (4) obj. 1.59842e+06 iterations 1
Cbc0038I Pass  34: suminf.    0.83234 (4) obj. 1.59842e+06 iterations 1
Cbc0038I Pass  35: suminf.    0.40368 (3) obj. 1.59842e+06 iterations 9
Cbc0038I Pass  36: suminf.    0.38869 (1) obj. 1.59842e+06 iterations 3
Cbc0038I Pass  37: suminf.    0.43068 (3) obj. 1.59842e+06 iterations 6
Cbc0038I Pass  38: suminf.    0.57654 (3) obj. 1.59842e+06 iterations 9
Cbc0038I Pass  39: suminf.    0.57654 (3) obj. 1.59842e+06 iterations 1
Cbc0038I Pass  40: suminf.    0.67904 (3) obj. 1.59842e+06 iterations 8
Cbc0038I Pass  41: suminf.    0.67904 (3) obj. 1.59842e+06 iterations 0
Cbc0038I Pass  42: suminf.    0.57654 (3) obj. 1.59842e+06 iterations 4
Cbc0038I Pass  43: suminf.    1.66785 (4) obj. 1.59842e+06 iterations 13
Cbc0038I Pass  44: suminf.    0.57654 (3) obj. 1.59842e+06 iterations 5
Cbc0038I Pass  45: suminf.    0.57654 (3) obj. 1.59842e+06 iterations 1
Cbc0038I Pass  46: suminf.    0.67904 (3) obj. 1.59842e+06 iterations 8
Cbc0038I Pass  47: suminf.    0.67904 (3) obj. 1.59842e+06 iterations 0
Cbc0038I Pass  48: suminf.    0.57654 (3) obj. 1.59842e+06 iterations 4
Cbc0038I Pass  49: suminf.    0.57654 (3) obj. 1.59842e+06 iterations 2
Cbc0038I Pass  50: suminf.    0.67904 (3) obj. 1.59842e+06 iterations 8
Cbc0038I Pass  51: suminf.    0.67904 (3) obj. 1.59842e+06 iterations 0
Cbc0038I Pass  52: suminf.    0.57654 (3) obj. 1.59842e+06 iterations 4
Cbc0038I Pass  53: suminf.    0.57654 (3) obj. 1.59842e+06 iterations 0
Cbc0038I Pass  54: suminf.    0.57666 (2) obj. 1.59842e+06 iterations 18
Cbc0038I Pass  55: suminf.    0.43068 (1) obj. 1.59842e+06 iterations 3
Cbc0038I Pass  56: suminf.    0.09619 (1) obj. 1.59842e+06 iterations 2
Cbc0038I Pass  57: suminf.    1.12804 (3) obj. 1.59842e+06 iterations 8
Cbc0038I Pass  58: suminf.    0.57666 (2) obj. 1.59842e+06 iterations 3
Cbc0038I Pass  59: suminf.    0.43068 (1) obj. 1.59842e+06 iterations 3
Cbc0038I Pass  60: suminf.    0.09619 (1) obj. 1.59842e+06 iterations 2
Cbc0038I Pass  61: suminf.    0.67182 (3) obj. 1.59842e+06 iterations 3
Cbc0038I Pass  62: suminf.    0.09619 (1) obj. 1.59842e+06 iterations 7
Cbc0038I No solution found this major pass
Cbc0038I Before mini branch and bound, 6 integers at bound fixed and 71 continuous
Cbc0038I Full problem 116 rows 161 columns, reduced to 24 rows 32 columns
Cbc0038I Mini branch and bound did not improve solution (0.04 seconds)
Cbc0038I After 0.04 seconds - Feasibility pump exiting with objective of 1.59844e+06 - took 0.04 seconds
Cbc0012I Integer solution of 1598442.6 found by feasibility pump after 0 iterations and 0 nodes (0.04 seconds)
Cbc0038I Full problem 116 rows 161 columns, reduced to 85 rows 128 columns
Cbc0031I 11 added rows had average density of 21.545455
Cbc0013I At root node, 11 cuts changed objective from 1598368.1 to 1598395.5 in 100 passes
Cbc0014I Cut generator 0 (Probing) - 1 row cuts average 4.0 elements, 0 column cuts (0 active)  in 0.018 seconds - new frequency is -100
Cbc0014I Cut generator 1 (Gomory) - 361 row cuts average 28.9 elements, 0 column cuts (0 active)  in 0.011 seconds - new frequency is 1
Cbc0014I Cut generator 2 (Knapsack) - 0 row cuts average 0.0 elements, 0 column cuts (0 active)  in 0.024 seconds - new frequency is -100
Cbc0014I Cut generator 3 (Clique) - 0 row cuts average 0.0 elements, 0 column cuts (0 active)  in 0.001 seconds - new frequency is -100
Cbc0014I Cut generator 4 (MixedIntegerRounding2) - 5 row cuts average 4.4 elements, 0 column cuts (0 active)  in 0.010 seconds - new frequency is -100
Cbc0014I Cut generator 5 (FlowCover) - 0 row cuts average 0.0 elements, 0 column cuts (0 active)  in 0.025 seconds - new frequency is -100
Cbc0014I Cut generator 6 (TwoMirCuts) - 28 row cuts average 10.1 elements, 0 column cuts (0 active)  in 0.002 seconds - new frequency is -100
Cbc0010I After 0 nodes, 1 on tree, 1598442.6 best solution, best possible 1598395.5 (0.23 seconds)
Cbc0001I Search completed - best objective 1598442.551246432, took 1519 iterations and 12 nodes (0.26 seconds)
Cbc0032I Strong branching done 60 times (258 iterations), fathomed 2 nodes and fixed 4 variables
Cbc0035I Maximum depth 2, 0 variables fixed on reduced cost
Cuts at root node changed objective from 1.59837e+06 to 1.5984e+06
Probing was tried 100 times and created 1 cuts of which 0 were active after adding rounds of cuts (0.018 seconds)
Gomory was tried 148 times and created 448 cuts of which 0 were active after adding rounds of cuts (0.013 seconds)
Knapsack was tried 100 times and created 0 cuts of which 0 were active after adding rounds of cuts (0.024 seconds)
Clique was tried 100 times and created 0 cuts of which 0 were active after adding rounds of cuts (0.001 seconds)
MixedIntegerRounding2 was tried 100 times and created 5 cuts of which 0 were active after adding rounds of cuts (0.010 seconds)
FlowCover was tried 100 times and created 0 cuts of which 0 were active after adding rounds of cuts (0.025 seconds)
TwoMirCuts was tried 100 times and created 28 cuts of which 0 were active after adding rounds of cuts (0.002 seconds)
ZeroHalf was tried 1 times and created 0 cuts of which 0 were active after adding rounds of cuts (0.000 seconds)

Result - Optimal solution found

Objective value:                1598442.55124643
Enumerated nodes:               12
Total iterations:               1519
Time (CPU seconds):             0.27
Time (Wallclock seconds):       0.27

Option for printingOptions changed from normal to all
Total time (CPU seconds):       0.29   (Wallclock seconds):       0.29

