Welcome to the CBC MILP Solver 
Version: 2.10.3 
Build Date: Dec 15 2019 

command line - E:\dachuang\.venv\Lib\site-packages\pulp\apis\../solverdir/cbc/win/i64/cbc.exe model.mps -primalTolerance 1e-9 -integerTolerance 1e-9 -ratioGap 0 -allowableGap 0 -threads 0 -branch -printingOptions all -solution solution.txt -saveSolution solution.bin -quit (default strategy 1)
At line 2 NAME          MODEL
At line 3 ROWS
At line 317 COLUMNS
At line 1133 RHS
At line 1446 BOUNDS
At line 1521 ENDATA
Problem MODEL has 312 rows, 241 columns and 647 elements
Coin0008I MODEL read with 0 errors
primalTolerance was changed from 1e-07 to 1e-09
integerTolerance was changed from 1e-07 to 1e-09
ratioGap was changed from 0 to 0
allowableGap was changed from 1e-10 to 0
Continuous objective value is 864150 - 0.00 seconds
Cgl0003I 0 fixed, 0 tightened bounds, 3 strengthened rows, 0 substitutions
Cgl0004I processed model has 119 rows, 167 columns (24 integer (24 of which binary)) and 356 elements
Cbc0038I Initial state - 9 integers unsatisfied sum - 1.94525
Cbc0038I Pass   1: suminf.    0.00000 (0) obj. 876679 iterations 12
Cbc0038I Solution found of 876679
Cbc0038I Relaxing continuous gives 865314
Cbc0038I Before mini branch and bound, 15 integers at bound fixed and 86 continuous
Cbc0038I Full problem 119 rows 167 columns, reduced to 4 rows 6 columns
Cbc0038I Mini branch and bound improved solution from 865314 to 864475 (0.01 seconds)
Cbc0038I Round again with cutoff of 864445
Cbc0038I Pass   2: suminf.    0.21866 (3) obj. 864445 iterations 17
Cbc0038I Pass   3: suminf.    0.13256 (1) obj. 864445 iterations 10
Cbc0038I Pass   4: suminf.    0.78123 (2) obj. 864445 iterations 5
Cbc0038I Pass   5: suminf.    0.15780 (2) obj. 864445 iterations 7
Cbc0038I Pass   6: suminf.    0.15780 (2) obj. 864445 iterations 4
Cbc0038I Pass   7: suminf.    0.15780 (2) obj. 864445 iterations 7
Cbc0038I Pass   8: suminf.    0.15780 (2) obj. 864445 iterations 4
Cbc0038I Pass   9: suminf.    0.15780 (2) obj. 864445 iterations 4
Cbc0038I Pass  10: suminf.    0.52102 (2) obj. 864445 iterations 20
Cbc0038I Pass  11: suminf.    0.00000 (0) obj. 864445 iterations 3
Cbc0038I Solution found of 864445
Cbc0038I Relaxing continuous gives 864415
Cbc0038I Before mini branch and bound, 8 integers at bound fixed and 79 continuous
Cbc0038I Full problem 119 rows 167 columns, reduced to 15 rows 20 columns
Cbc0038I Mini branch and bound improved solution from 864415 to 864271 (0.02 seconds)
Cbc0038I Round again with cutoff of 864251
Cbc0038I Pass  12: suminf.    1.05365 (5) obj. 864251 iterations 4
Cbc0038I Pass  13: suminf.    1.03175 (3) obj. 864251 iterations 13
Cbc0038I Pass  14: suminf.    1.03175 (3) obj. 864251 iterations 1
Cbc0038I Pass  15: suminf.    1.00603 (3) obj. 864251 iterations 3
Cbc0038I Pass  16: suminf.    1.00603 (3) obj. 864251 iterations 0
Cbc0038I Pass  17: suminf.    1.03175 (3) obj. 864251 iterations 2
Cbc0038I Pass  18: suminf.    1.00603 (3) obj. 864251 iterations 5
Cbc0038I Pass  19: suminf.    1.03175 (3) obj. 864251 iterations 2
Cbc0038I Pass  20: suminf.    1.03175 (3) obj. 864251 iterations 1
Cbc0038I Pass  21: suminf.    1.00603 (3) obj. 864251 iterations 3
Cbc0038I Pass  22: suminf.    1.00603 (3) obj. 864251 iterations 0
Cbc0038I Pass  23: suminf.    1.03175 (3) obj. 864251 iterations 2
Cbc0038I Pass  24: suminf.    1.06455 (4) obj. 864251 iterations 17
Cbc0038I Pass  25: suminf.    0.80205 (3) obj. 864251 iterations 1
Cbc0038I Pass  26: suminf.    0.40161 (3) obj. 864251 iterations 6
Cbc0038I Pass  27: suminf.    0.20755 (3) obj. 864251 iterations 4
Cbc0038I Pass  28: suminf.    0.92525 (4) obj. 864251 iterations 6
Cbc0038I Pass  29: suminf.    0.92525 (4) obj. 864251 iterations 1
Cbc0038I Pass  30: suminf.    1.06725 (3) obj. 864251 iterations 7
Cbc0038I Pass  31: suminf.    1.06725 (3) obj. 864251 iterations 1
Cbc0038I Pass  32: suminf.    0.40161 (3) obj. 864251 iterations 7
Cbc0038I Pass  33: suminf.    0.20755 (3) obj. 864251 iterations 4
Cbc0038I Pass  34: suminf.    0.92525 (4) obj. 864251 iterations 5
Cbc0038I Pass  35: suminf.    0.92525 (4) obj. 864251 iterations 1
Cbc0038I Pass  36: suminf.    1.06725 (3) obj. 864251 iterations 7
Cbc0038I Pass  37: suminf.    1.06725 (3) obj. 864251 iterations 1
Cbc0038I Pass  38: suminf.    0.40161 (3) obj. 864251 iterations 7
Cbc0038I Pass  39: suminf.    0.20755 (3) obj. 864251 iterations 4
Cbc0038I Pass  40: suminf.    0.92525 (4) obj. 864251 iterations 5
Cbc0038I Pass  41: suminf.    0.92525 (4) obj. 864251 iterations 1
Cbc0038I No solution found this major pass
Cbc0038I Before mini branch and bound, 7 integers at bound fixed and 80 continuous
Cbc0038I Full problem 119 rows 167 columns, reduced to 21 rows 26 columns
Cbc0038I Mini branch and bound improved solution from 864271 to 864249 (0.04 seconds)
Cbc0038I Round again with cutoff of 864225
Cbc0038I Pass  41: suminf.    1.16569 (5) obj. 864225 iterations 0
Cbc0038I Pass  42: suminf.    1.09247 (3) obj. 864225 iterations 13
Cbc0038I Pass  43: suminf.    1.07959 (3) obj. 864225 iterations 2
Cbc0038I Pass  44: suminf.    1.56328 (6) obj. 864225 iterations 23
Cbc0038I Pass  45: suminf.    0.95589 (3) obj. 864225 iterations 3
Cbc0038I Pass  46: suminf.    0.23130 (3) obj. 864225 iterations 5
Cbc0038I Pass  47: suminf.    0.23130 (3) obj. 864225 iterations 0
Cbc0038I Pass  48: suminf.    0.85473 (3) obj. 864225 iterations 4
Cbc0038I Pass  49: suminf.    0.85473 (2) obj. 864225 iterations 1
Cbc0038I Pass  50: suminf.    1.41805 (5) obj. 864225 iterations 19
Cbc0038I Pass  51: suminf.    1.41805 (5) obj. 864225 iterations 1
Cbc0038I Pass  52: suminf.    1.03280 (3) obj. 864225 iterations 4
Cbc0038I Pass  53: suminf.    0.86139 (2) obj. 864225 iterations 3
Cbc0038I Pass  54: suminf.    0.34591 (4) obj. 864225 iterations 4
Cbc0038I Pass  55: suminf.    0.34591 (4) obj. 864225 iterations 0
Cbc0038I Pass  56: suminf.    1.07355 (4) obj. 864225 iterations 6
Cbc0038I Pass  57: suminf.    1.07355 (4) obj. 864225 iterations 0
Cbc0038I Pass  58: suminf.    1.03280 (3) obj. 864225 iterations 7
Cbc0038I Pass  59: suminf.    0.86139 (2) obj. 864225 iterations 3
Cbc0038I Pass  60: suminf.    0.34591 (4) obj. 864225 iterations 4
Cbc0038I Pass  61: suminf.    0.34591 (4) obj. 864225 iterations 0
Cbc0038I Pass  62: suminf.    1.07355 (4) obj. 864225 iterations 6
Cbc0038I Pass  63: suminf.    1.07355 (4) obj. 864225 iterations 0
Cbc0038I Pass  64: suminf.    1.03280 (3) obj. 864225 iterations 7
Cbc0038I Pass  65: suminf.    0.86139 (2) obj. 864225 iterations 3
Cbc0038I Pass  66: suminf.    0.34591 (4) obj. 864225 iterations 4
Cbc0038I Pass  67: suminf.    0.34591 (4) obj. 864225 iterations 0
Cbc0038I Pass  68: suminf.    1.07355 (4) obj. 864225 iterations 6
Cbc0038I Pass  69: suminf.    1.07355 (4) obj. 864225 iterations 0
Cbc0038I Pass  70: suminf.    1.03280 (3) obj. 864225 iterations 7
Cbc0038I No solution found this major pass
Cbc0038I Before mini branch and bound, 7 integers at bound fixed and 76 continuous
Cbc0038I Full problem 119 rows 167 columns, reduced to 22 rows 28 columns
Cbc0038I Mini branch and bound did not improve solution (0.05 seconds)
Cbc0038I After 0.05 seconds - Feasibility pump exiting with objective of 864249 - took 0.04 seconds
Cbc0012I Integer solution of 864249.15 found by feasibility pump after 0 iterations and 0 nodes (0.05 seconds)
Cbc0038I Full problem 119 rows 167 columns, reduced to 83 rows 130 columns
Cbc0031I 15 added rows had average density of 15.666667
Cbc0013I At root node, 15 cuts changed objective from 864167.56 to 864236.24 in 100 passes
Cbc0014I Cut generator 0 (Probing) - 5 row cuts average 2.0 elements, 1 column cuts (1 active)  in 0.018 seconds - new frequency is -100
Cbc0014I Cut generator 1 (Gomory) - 352 row cuts average 29.3 elements, 0 column cuts (0 active)  in 0.017 seconds - new frequency is 1
Cbc0014I Cut generator 2 (Knapsack) - 0 row cuts average 0.0 elements, 0 column cuts (0 active)  in 0.015 seconds - new frequency is -100
Cbc0014I Cut generator 3 (Clique) - 0 row cuts average 0.0 elements, 0 column cuts (0 active)  in 0.000 seconds - new frequency is -100
Cbc0014I Cut generator 4 (MixedIntegerRounding2) - 8 row cuts average 4.6 elements, 0 column cuts (0 active)  in 0.012 seconds - new frequency is -100
Cbc0014I Cut generator 5 (FlowCover) - 0 row cuts average 0.0 elements, 0 column cuts (0 active)  in 0.019 seconds - new frequency is -100
Cbc0014I Cut generator 6 (TwoMirCuts) - 28 row cuts average 8.4 elements, 0 column cuts (0 active)  in 0.009 seconds - new frequency is -100
Cbc0010I After 0 nodes, 1 on tree, 864249.15 best solution, best possible 864236.24 (0.21 seconds)
Cbc0001I Search completed - best objective 864249.1458588589, took 917 iterations and 6 nodes (0.23 seconds)
Cbc0032I Strong branching done 28 times (94 iterations), fathomed 1 nodes and fixed 1 variables
Cbc0035I Maximum depth 2, 0 variables fixed on reduced cost
Cuts at root node changed objective from 864168 to 864236
Probing was tried 100 times and created 6 cuts of which 0 were active after adding rounds of cuts (0.018 seconds)
Gomory was tried 117 times and created 378 cuts of which 0 were active after adding rounds of cuts (0.020 seconds)
Knapsack was tried 100 times and created 0 cuts of which 0 were active after adding rounds of cuts (0.015 seconds)
Clique was tried 100 times and created 0 cuts of which 0 were active after adding rounds of cuts (0.000 seconds)
MixedIntegerRounding2 was tried 100 times and created 8 cuts of which 0 were active after adding rounds of cuts (0.012 seconds)
FlowCover was tried 100 times and created 0 cuts of which 0 were active after adding rounds of cuts (0.019 seconds)
TwoMirCuts was tried 100 times and created 28 cuts of which 0 were active after adding rounds of cuts (0.009 seconds)
ZeroHalf was tried 1 times and created 0 cuts of which 0 were active after adding rounds of cuts (0.000 seconds)

Result - Optimal solution found

Objective value:                864249.14585886
Enumerated nodes:               6
Total iterations:               917
Time (CPU seconds):             0.24
Time (Wallclock seconds):       0.24

Option for printingOptions changed from normal to all
Total time (CPU seconds):       0.27   (Wallclock seconds):       0.27

