Welcome to the CBC MILP Solver 
Version: 2.10.3 
Build Date: Dec 15 2019 

command line - E:\dachuang\.venv\Lib\site-packages\pulp\apis\../solverdir/cbc/win/i64/cbc.exe model.mps -primalTolerance 1e-9 -integerTolerance 1e-9 -ratioGap 0 -allowableGap 0 -threads 0 -branch -printingOptions all -solution solution.txt -saveSolution solution.bin -quit (default strategy 1)
At line 2 NAME          MODEL
At line 3 ROWS
At line 317 COLUMNS
At line 1133 RHS
At line 1446 BOUNDS
At line 1521 ENDATA
Problem MODEL has 312 rows, 241 columns and 647 elements
Coin0008I MODEL read with 0 errors
primalTolerance was changed from 1e-07 to 1e-09
integerTolerance was changed from 1e-07 to 1e-09
ratioGap was changed from 0 to 0
allowableGap was changed from 1e-10 to 0
Continuous objective value is 371223 - 0.00 seconds
Cgl0003I 0 fixed, 0 tightened bounds, 3 strengthened rows, 0 substitutions
Cgl0004I processed model has 119 rows, 167 columns (24 integer (24 of which binary)) and 356 elements
Cbc0038I Initial state - 9 integers unsatisfied sum - 2.33123
Cbc0038I Pass   1: suminf.    0.00000 (0) obj. 376788 iterations 14
Cbc0038I Solution found of 376788
Cbc0038I Relaxing continuous gives 376788
Cbc0038I Before mini branch and bound, 15 integers at bound fixed and 87 continuous
Cbc0038I Full problem 119 rows 167 columns, reduced to 6 rows 6 columns
Cbc0038I Mini branch and bound improved solution from 376788 to 371658 (0.02 seconds)
Cbc0038I Round again with cutoff of 371617
Cbc0038I Pass   2: suminf.    0.68606 (5) obj. 371617 iterations 6
Cbc0038I Pass   3: suminf.    0.00000 (0) obj. 371617 iterations 13
Cbc0038I Solution found of 371617
Cbc0038I Relaxing continuous gives 371449
Cbc0038I Before mini branch and bound, 14 integers at bound fixed and 85 continuous
Cbc0038I Full problem 119 rows 167 columns, reduced to 17 rows 23 columns
Cbc0038I Mini branch and bound improved solution from 371449 to 371383 (0.03 seconds)
Cbc0038I Round again with cutoff of 371354
Cbc0038I Pass   4: suminf.    0.91862 (6) obj. 371354 iterations 3
Cbc0038I Pass   5: suminf.    0.91363 (5) obj. 371354 iterations 1
Cbc0038I Pass   6: suminf.    0.13587 (1) obj. 371354 iterations 8
Cbc0038I Pass   7: suminf.    0.40763 (1) obj. 371354 iterations 3
Cbc0038I Pass   8: suminf.    0.51262 (3) obj. 371354 iterations 5
Cbc0038I Pass   9: suminf.    0.50763 (2) obj. 371354 iterations 1
Cbc0038I Pass  10: suminf.    0.13587 (1) obj. 371354 iterations 5
Cbc0038I Pass  11: suminf.    0.40763 (1) obj. 371354 iterations 3
Cbc0038I Pass  12: suminf.    0.87616 (3) obj. 371354 iterations 15
Cbc0038I Pass  13: suminf.    0.00000 (0) obj. 371354 iterations 8
Cbc0038I Solution found of 371354
Cbc0038I Relaxing continuous gives 371350
Cbc0038I Before mini branch and bound, 6 integers at bound fixed and 82 continuous
Cbc0038I Full problem 119 rows 167 columns, reduced to 21 rows 28 columns
Cbc0038I Mini branch and bound did not improve solution (0.04 seconds)
Cbc0038I Round again with cutoff of 371317
Cbc0038I Pass  14: suminf.    1.03481 (6) obj. 371317 iterations 0
Cbc0038I Pass  15: suminf.    0.82034 (5) obj. 371317 iterations 5
Cbc0038I Pass  16: suminf.    0.43131 (1) obj. 371317 iterations 6
Cbc0038I Pass  17: suminf.    0.31434 (1) obj. 371317 iterations 1
Cbc0038I Pass  18: suminf.    0.31434 (1) obj. 371317 iterations 5
Cbc0038I Pass  19: suminf.    0.43131 (1) obj. 371317 iterations 2
Cbc0038I Pass  20: suminf.    0.31434 (1) obj. 371317 iterations 1
Cbc0038I Pass  21: suminf.    0.19719 (3) obj. 371317 iterations 18
Cbc0038I Pass  22: suminf.    0.19219 (2) obj. 371317 iterations 2
Cbc0038I Pass  23: suminf.    0.31434 (1) obj. 371317 iterations 5
Cbc0038I Pass  24: suminf.    0.43131 (1) obj. 371317 iterations 2
Cbc0038I Pass  25: suminf.    0.45468 (4) obj. 371317 iterations 15
Cbc0038I Pass  26: suminf.    0.43969 (3) obj. 371317 iterations 1
Cbc0038I Pass  27: suminf.    0.31434 (1) obj. 371317 iterations 6
Cbc0038I Pass  28: suminf.    0.43131 (1) obj. 371317 iterations 2
Cbc0038I Pass  29: suminf.    0.44618 (4) obj. 371317 iterations 11
Cbc0038I Pass  30: suminf.    0.43619 (2) obj. 371317 iterations 3
Cbc0038I Pass  31: suminf.    0.31434 (1) obj. 371317 iterations 5
Cbc0038I Pass  32: suminf.    0.43131 (1) obj. 371317 iterations 2
Cbc0038I Pass  33: suminf.    1.09481 (4) obj. 371317 iterations 13
Cbc0038I Pass  34: suminf.    0.57994 (2) obj. 371317 iterations 2
Cbc0038I Pass  35: suminf.    0.45605 (2) obj. 371317 iterations 4
Cbc0038I Pass  36: suminf.    0.45605 (2) obj. 371317 iterations 5
Cbc0038I Pass  37: suminf.    0.84956 (4) obj. 371317 iterations 7
Cbc0038I Pass  38: suminf.    0.33469 (2) obj. 371317 iterations 2
Cbc0038I Pass  39: suminf.    0.45605 (2) obj. 371317 iterations 4
Cbc0038I Pass  40: suminf.    0.45605 (2) obj. 371317 iterations 5
Cbc0038I Pass  41: suminf.    0.56869 (2) obj. 371317 iterations 6
Cbc0038I Pass  42: suminf.    0.61394 (2) obj. 371317 iterations 4
Cbc0038I Pass  43: suminf.    0.61394 (2) obj. 371317 iterations 0
Cbc0038I No solution found this major pass
Cbc0038I Before mini branch and bound, 0 integers at bound fixed and 74 continuous
Cbc0038I Full problem 119 rows 167 columns, reduced to 23 rows 30 columns
Cbc0038I Mini branch and bound improved solution from 371350 to 371315 (0.06 seconds)
Cbc0038I Round again with cutoff of 371293
Cbc0038I Pass  43: suminf.    0.93668 (7) obj. 371293 iterations 2
Cbc0038I Pass  44: suminf.    0.93668 (7) obj. 371293 iterations 4
Cbc0038I Pass  45: suminf.    0.40368 (3) obj. 371293 iterations 11
Cbc0038I Pass  46: suminf.    0.38869 (1) obj. 371293 iterations 3
Cbc0038I Pass  47: suminf.    0.43068 (3) obj. 371293 iterations 6
Cbc0038I Pass  48: suminf.    0.29719 (2) obj. 371293 iterations 11
Cbc0038I Pass  49: suminf.    0.43068 (3) obj. 371293 iterations 6
Cbc0038I Pass  50: suminf.    0.40368 (3) obj. 371293 iterations 4
Cbc0038I Pass  51: suminf.    0.38869 (1) obj. 371293 iterations 3
Cbc0038I Pass  52: suminf.    0.79868 (4) obj. 371293 iterations 6
Cbc0038I Pass  53: suminf.    0.78869 (3) obj. 371293 iterations 2
Cbc0038I Pass  54: suminf.    0.43068 (3) obj. 371293 iterations 8
Cbc0038I Pass  55: suminf.    0.40368 (3) obj. 371293 iterations 7
Cbc0038I Pass  56: suminf.    0.38869 (1) obj. 371293 iterations 3
Cbc0038I Pass  57: suminf.    0.38869 (1) obj. 371293 iterations 2
Cbc0038I Pass  58: suminf.    0.43068 (3) obj. 371293 iterations 6
Cbc0038I Pass  59: suminf.    0.40368 (3) obj. 371293 iterations 7
Cbc0038I Pass  60: suminf.    0.38869 (1) obj. 371293 iterations 3
Cbc0038I Pass  61: suminf.    0.67904 (3) obj. 371293 iterations 9
Cbc0038I Pass  62: suminf.    0.67904 (3) obj. 371293 iterations 0
Cbc0038I Pass  63: suminf.    0.57654 (3) obj. 371293 iterations 4
Cbc0038I Pass  64: suminf.    0.57654 (3) obj. 371293 iterations 0
Cbc0038I Pass  65: suminf.    0.67904 (3) obj. 371293 iterations 8
Cbc0038I Pass  66: suminf.    0.30118 (3) obj. 371293 iterations 11
Cbc0038I Pass  67: suminf.    0.29119 (1) obj. 371293 iterations 2
Cbc0038I Pass  68: suminf.    0.43068 (3) obj. 371293 iterations 6
Cbc0038I Pass  69: suminf.    0.40368 (3) obj. 371293 iterations 4
Cbc0038I Pass  70: suminf.    0.38869 (1) obj. 371293 iterations 3
Cbc0038I Pass  71: suminf.    0.37279 (2) obj. 371293 iterations 12
Cbc0038I Pass  72: suminf.    0.46881 (1) obj. 371293 iterations 2
Cbc0038I No solution found this major pass
Cbc0038I Before mini branch and bound, 4 integers at bound fixed and 77 continuous
Cbc0038I Full problem 119 rows 167 columns, reduced to 23 rows 30 columns
Cbc0038I Mini branch and bound did not improve solution (0.07 seconds)
Cbc0038I After 0.07 seconds - Feasibility pump exiting with objective of 371315 - took 0.06 seconds
Cbc0012I Integer solution of 371314.86 found by feasibility pump after 0 iterations and 0 nodes (0.07 seconds)
Cbc0038I Full problem 119 rows 167 columns, reduced to 80 rows 128 columns
Cbc0031I 10 added rows had average density of 26.5
Cbc0013I At root node, 10 cuts changed objective from 371240.43 to 371265.76 in 100 passes
Cbc0014I Cut generator 0 (Probing) - 1 row cuts average 2.0 elements, 4 column cuts (4 active)  in 0.016 seconds - new frequency is -100
Cbc0014I Cut generator 1 (Gomory) - 466 row cuts average 29.4 elements, 0 column cuts (0 active)  in 0.011 seconds - new frequency is 1
Cbc0014I Cut generator 2 (Knapsack) - 0 row cuts average 0.0 elements, 0 column cuts (0 active)  in 0.019 seconds - new frequency is -100
Cbc0014I Cut generator 3 (Clique) - 0 row cuts average 0.0 elements, 0 column cuts (0 active)  in 0.001 seconds - new frequency is -100
Cbc0014I Cut generator 4 (MixedIntegerRounding2) - 1 row cuts average 5.0 elements, 0 column cuts (0 active)  in 0.009 seconds - new frequency is -100
Cbc0014I Cut generator 5 (FlowCover) - 0 row cuts average 0.0 elements, 0 column cuts (0 active)  in 0.021 seconds - new frequency is -100
Cbc0014I Cut generator 6 (TwoMirCuts) - 24 row cuts average 10.8 elements, 0 column cuts (0 active)  in 0.007 seconds - new frequency is -100
Cbc0010I After 0 nodes, 1 on tree, 371314.86 best solution, best possible 371265.76 (0.23 seconds)
Cbc0001I Search completed - best objective 371314.8580554034, took 1347 iterations and 12 nodes (0.25 seconds)
Cbc0032I Strong branching done 56 times (232 iterations), fathomed 0 nodes and fixed 5 variables
Cbc0035I Maximum depth 2, 0 variables fixed on reduced cost
Cuts at root node changed objective from 371240 to 371266
Probing was tried 100 times and created 5 cuts of which 0 were active after adding rounds of cuts (0.016 seconds)
Gomory was tried 136 times and created 543 cuts of which 0 were active after adding rounds of cuts (0.013 seconds)
Knapsack was tried 100 times and created 0 cuts of which 0 were active after adding rounds of cuts (0.019 seconds)
Clique was tried 100 times and created 0 cuts of which 0 were active after adding rounds of cuts (0.001 seconds)
MixedIntegerRounding2 was tried 100 times and created 1 cuts of which 0 were active after adding rounds of cuts (0.009 seconds)
FlowCover was tried 100 times and created 0 cuts of which 0 were active after adding rounds of cuts (0.021 seconds)
TwoMirCuts was tried 100 times and created 24 cuts of which 0 were active after adding rounds of cuts (0.007 seconds)
ZeroHalf was tried 1 times and created 0 cuts of which 0 were active after adding rounds of cuts (0.000 seconds)

Result - Optimal solution found

Objective value:                371314.85805540
Enumerated nodes:               12
Total iterations:               1347
Time (CPU seconds):             0.26
Time (Wallclock seconds):       0.25

Option for printingOptions changed from normal to all
Total time (CPU seconds):       0.28   (Wallclock seconds):       0.29

