Welcome to the CBC MILP Solver 
Version: 2.10.3 
Build Date: Dec 15 2019 

command line - E:\dachuang\.venv\Lib\site-packages\pulp\apis\../solverdir/cbc/win/i64/cbc.exe model.mps -primalTolerance 1e-9 -integerTolerance 1e-9 -ratioGap 0 -allowableGap 0 -threads 0 -branch -printingOptions all -solution solution.txt -saveSolution solution.bin -quit (default strategy 1)
At line 2 NAME          MODEL
At line 3 ROWS
At line 317 COLUMNS
At line 1133 RHS
At line 1446 BOUNDS
At line 1521 ENDATA
Problem MODEL has 312 rows, 241 columns and 647 elements
Coin0008I MODEL read with 0 errors
primalTolerance was changed from 1e-07 to 1e-09
integerTolerance was changed from 1e-07 to 1e-09
ratioGap was changed from 0 to 0
allowableGap was changed from 1e-10 to 0
Continuous objective value is 964118 - 0.00 seconds
Cgl0003I 0 fixed, 0 tightened bounds, 3 strengthened rows, 0 substitutions
Cgl0004I processed model has 119 rows, 167 columns (24 integer (24 of which binary)) and 356 elements
Cbc0038I Initial state - 8 integers unsatisfied sum - 3.01844
Cbc0038I Pass   1: suminf.    0.00000 (0) obj. 996077 iterations 19
Cbc0038I Solution found of 996077
Cbc0038I Relaxing continuous gives 970036
Cbc0038I Before mini branch and bound, 16 integers at bound fixed and 87 continuous
Cbc0038I Full problem 119 rows 167 columns, reduced to 16 rows 20 columns
Cbc0038I Mini branch and bound improved solution from 970036 to 964619 (0.02 seconds)
Cbc0038I Round again with cutoff of 964571
Cbc0038I Pass   2: suminf.    1.03488 (3) obj. 964571 iterations 17
Cbc0038I Pass   3: suminf.    0.21106 (1) obj. 964571 iterations 8
Cbc0038I Solution found of 964571
Cbc0038I Relaxing continuous gives 964410
Cbc0038I Before mini branch and bound, 14 integers at bound fixed and 84 continuous
Cbc0038I Full problem 119 rows 167 columns, reduced to 20 rows 25 columns
Cbc0038I Mini branch and bound improved solution from 964410 to 964409 (0.03 seconds)
Cbc0038I Round again with cutoff of 964355
Cbc0038I Pass   4: suminf.    1.63342 (4) obj. 964355 iterations 3
Cbc0038I Pass   5: suminf.    0.96298 (3) obj. 964355 iterations 8
Cbc0038I Pass   6: suminf.    0.24604 (2) obj. 964355 iterations 9
Cbc0038I Pass   7: suminf.    0.24604 (3) obj. 964355 iterations 6
Cbc0038I Pass   8: suminf.    0.23665 (1) obj. 964355 iterations 8
Cbc0038I Pass   9: suminf.    0.00000 (0) obj. 964355 iterations 2
Cbc0038I Solution found of 964355
Cbc0038I Relaxing continuous gives 964344
Cbc0038I Before mini branch and bound, 14 integers at bound fixed and 82 continuous
Cbc0038I Full problem 119 rows 167 columns, reduced to 23 rows 30 columns
Cbc0038I Mini branch and bound improved solution from 964344 to 964201 (0.04 seconds)
Cbc0038I Round again with cutoff of 964183
Cbc0038I Pass  10: suminf.    1.84312 (6) obj. 964183 iterations 3
Cbc0038I Pass  11: suminf.    1.74063 (5) obj. 964183 iterations 1
Cbc0038I Pass  12: suminf.    0.22906 (1) obj. 964183 iterations 12
Cbc0038I Pass  13: suminf.    0.07827 (1) obj. 964183 iterations 4
Cbc0038I Pass  14: suminf.    0.07827 (1) obj. 964183 iterations 6
Cbc0038I Pass  15: suminf.    0.22906 (1) obj. 964183 iterations 1
Cbc0038I Pass  16: suminf.    0.07827 (1) obj. 964183 iterations 4
Cbc0038I Pass  17: suminf.    2.00200 (6) obj. 964183 iterations 28
Cbc0038I Pass  18: suminf.    0.37015 (3) obj. 964183 iterations 7
Cbc0038I Pass  19: suminf.    0.37015 (3) obj. 964183 iterations 0
Cbc0038I Pass  20: suminf.    1.01930 (3) obj. 964183 iterations 4
Cbc0038I Pass  21: suminf.    1.01930 (3) obj. 964183 iterations 0
Cbc0038I Pass  22: suminf.    0.71806 (4) obj. 964183 iterations 13
Cbc0038I Pass  23: suminf.    0.34077 (3) obj. 964183 iterations 3
Cbc0038I Pass  24: suminf.    0.22906 (1) obj. 964183 iterations 3
Cbc0038I Pass  25: suminf.    0.07827 (1) obj. 964183 iterations 2
Cbc0038I Pass  26: suminf.    0.36327 (2) obj. 964183 iterations 13
Cbc0038I Pass  27: suminf.    0.22906 (1) obj. 964183 iterations 2
Cbc0038I Pass  28: suminf.    0.07827 (1) obj. 964183 iterations 2
Cbc0038I Pass  29: suminf.    0.65618 (4) obj. 964183 iterations 22
Cbc0038I Pass  30: suminf.    0.65618 (4) obj. 964183 iterations 0
Cbc0038I Pass  31: suminf.    1.01930 (3) obj. 964183 iterations 5
Cbc0038I Pass  32: suminf.    1.01930 (3) obj. 964183 iterations 0
Cbc0038I Pass  33: suminf.    0.37015 (3) obj. 964183 iterations 4
Cbc0038I Pass  34: suminf.    0.37015 (3) obj. 964183 iterations 0
Cbc0038I Pass  35: suminf.    0.55688 (3) obj. 964183 iterations 10
Cbc0038I Pass  36: suminf.    0.40610 (2) obj. 964183 iterations 2
Cbc0038I Pass  37: suminf.    0.22906 (1) obj. 964183 iterations 2
Cbc0038I Pass  38: suminf.    0.07827 (1) obj. 964183 iterations 2
Cbc0038I Pass  39: suminf.    1.90852 (6) obj. 964183 iterations 10
Cbc0038I No solution found this major pass
Cbc0038I Before mini branch and bound, 1 integers at bound fixed and 73 continuous
Cbc0038I Full problem 119 rows 167 columns, reduced to 26 rows 33 columns
Cbc0038I Mini branch and bound did not improve solution (0.06 seconds)
Cbc0038I After 0.06 seconds - Feasibility pump exiting with objective of 964201 - took 0.05 seconds
Cbc0012I Integer solution of 964200.85 found by feasibility pump after 0 iterations and 0 nodes (0.07 seconds)
Cbc0038I Full problem 119 rows 167 columns, reduced to 78 rows 126 columns
Cbc0031I 12 added rows had average density of 20.166667
Cbc0013I At root node, 12 cuts changed objective from 964140.29 to 964176.97 in 100 passes
Cbc0014I Cut generator 0 (Probing) - 1 row cuts average 2.0 elements, 0 column cuts (0 active)  in 0.016 seconds - new frequency is -100
Cbc0014I Cut generator 1 (Gomory) - 333 row cuts average 28.0 elements, 0 column cuts (0 active)  in 0.020 seconds - new frequency is 1
Cbc0014I Cut generator 2 (Knapsack) - 0 row cuts average 0.0 elements, 0 column cuts (0 active)  in 0.028 seconds - new frequency is -100
Cbc0014I Cut generator 3 (Clique) - 0 row cuts average 0.0 elements, 0 column cuts (0 active)  in 0.000 seconds - new frequency is -100
Cbc0014I Cut generator 4 (MixedIntegerRounding2) - 20 row cuts average 5.5 elements, 0 column cuts (0 active)  in 0.014 seconds - new frequency is -100
Cbc0014I Cut generator 5 (FlowCover) - 0 row cuts average 0.0 elements, 0 column cuts (0 active)  in 0.026 seconds - new frequency is -100
Cbc0014I Cut generator 6 (TwoMirCuts) - 31 row cuts average 9.3 elements, 0 column cuts (0 active)  in 0.008 seconds - new frequency is -100
Cbc0010I After 0 nodes, 1 on tree, 964200.85 best solution, best possible 964176.97 (0.28 seconds)
Cbc0001I Search completed - best objective 964200.853739508, took 1292 iterations and 4 nodes (0.29 seconds)
Cbc0032I Strong branching done 22 times (125 iterations), fathomed 2 nodes and fixed 2 variables
Cbc0035I Maximum depth 1, 0 variables fixed on reduced cost
Cuts at root node changed objective from 964140 to 964177
Probing was tried 100 times and created 1 cuts of which 0 were active after adding rounds of cuts (0.016 seconds)
Gomory was tried 119 times and created 358 cuts of which 0 were active after adding rounds of cuts (0.021 seconds)
Knapsack was tried 100 times and created 0 cuts of which 0 were active after adding rounds of cuts (0.028 seconds)
Clique was tried 100 times and created 0 cuts of which 0 were active after adding rounds of cuts (0.000 seconds)
MixedIntegerRounding2 was tried 100 times and created 20 cuts of which 0 were active after adding rounds of cuts (0.014 seconds)
FlowCover was tried 100 times and created 0 cuts of which 0 were active after adding rounds of cuts (0.026 seconds)
TwoMirCuts was tried 100 times and created 31 cuts of which 0 were active after adding rounds of cuts (0.008 seconds)
ZeroHalf was tried 1 times and created 0 cuts of which 0 were active after adding rounds of cuts (0.000 seconds)

Result - Optimal solution found

Objective value:                964200.85373951
Enumerated nodes:               4
Total iterations:               1292
Time (CPU seconds):             0.30
Time (Wallclock seconds):       0.30

Option for printingOptions changed from normal to all
Total time (CPU seconds):       0.33   (Wallclock seconds):       0.33

