Welcome to the CBC MILP Solver 
Version: 2.10.3 
Build Date: Dec 15 2019 

command line - E:\dachuang\.venv\Lib\site-packages\pulp\apis\../solverdir/cbc/win/i64/cbc.exe model.mps -primalTolerance 1e-9 -integerTolerance 1e-9 -ratioGap 0 -allowableGap 0 -threads 0 -branch -printingOptions all -solution solution.txt -saveSolution solution.bin -quit (default strategy 1)
At line 2 NAME          MODEL
At line 3 ROWS
At line 317 COLUMNS
At line 1133 RHS
At line 1446 BOUNDS
At line 1521 ENDATA
Problem MODEL has 312 rows, 241 columns and 647 elements
Coin0008I MODEL read with 0 errors
primalTolerance was changed from 1e-07 to 1e-09
integerTolerance was changed from 1e-07 to 1e-09
ratioGap was changed from 0 to 0
allowableGap was changed from 1e-10 to 0
Continuous objective value is 803173 - 0.00 seconds
Cgl0003I 0 fixed, 0 tightened bounds, 3 strengthened rows, 0 substitutions
Cgl0004I processed model has 118 rows, 165 columns (24 integer (24 of which binary)) and 351 elements
Cbc0038I Initial state - 5 integers unsatisfied sum - 1.31004
Cbc0038I Pass   1: suminf.    0.00000 (0) obj. 948278 iterations 8
Cbc0038I Solution found of 948278
Cbc0038I Relaxing continuous gives 845185
Cbc0038I Before mini branch and bound, 19 integers at bound fixed and 90 continuous
Cbc0038I Full problem 118 rows 165 columns, reduced to 6 rows 9 columns
Cbc0038I Mini branch and bound improved solution from 845185 to 803301 (0.01 seconds)
Cbc0038I Round again with cutoff of 803290
Cbc0038I Pass   2: suminf.    0.56731 (3) obj. 803290 iterations 16
Cbc0038I Pass   3: suminf.    0.05256 (1) obj. 803290 iterations 13
Cbc0038I Pass   4: suminf.    0.04744 (1) obj. 803290 iterations 1
Cbc0038I Pass   5: suminf.    0.53394 (3) obj. 803290 iterations 4
Cbc0038I Pass   6: suminf.    0.11144 (2) obj. 803290 iterations 1
Cbc0038I Pass   7: suminf.    0.05256 (1) obj. 803290 iterations 3
Cbc0038I Pass   8: suminf.    0.04744 (1) obj. 803290 iterations 1
Cbc0038I Pass   9: suminf.    1.00518 (4) obj. 803290 iterations 15
Cbc0038I Pass  10: suminf.    0.22437 (1) obj. 803290 iterations 4
Cbc0038I Solution found of 803290
Cbc0038I Relaxing continuous gives 803289
Cbc0038I Before mini branch and bound, 11 integers at bound fixed and 82 continuous
Cbc0038I Full problem 118 rows 165 columns, reduced to 10 rows 14 columns
Cbc0038I Mini branch and bound did not improve solution (0.02 seconds)
Cbc0038I Round again with cutoff of 803269
Cbc0038I Pass  11: suminf.    0.65655 (3) obj. 803269 iterations 0
Cbc0038I Pass  12: suminf.    0.15144 (1) obj. 803269 iterations 13
Cbc0038I Pass  13: suminf.    0.13668 (1) obj. 803269 iterations 1
Cbc0038I Pass  14: suminf.    0.61418 (2) obj. 803269 iterations 3
Cbc0038I Pass  15: suminf.    0.15144 (1) obj. 803269 iterations 4
Cbc0038I Pass  16: suminf.    0.13668 (1) obj. 803269 iterations 1
Cbc0038I Pass  17: suminf.    0.52518 (2) obj. 803269 iterations 10
Cbc0038I Pass  18: suminf.    0.13668 (1) obj. 803269 iterations 1
Cbc0038I Pass  19: suminf.    0.15144 (1) obj. 803269 iterations 3
Cbc0038I Pass  20: suminf.    1.35794 (5) obj. 803269 iterations 10
Cbc0038I Pass  21: suminf.    0.44694 (2) obj. 803269 iterations 3
Cbc0038I Pass  22: suminf.    0.13668 (1) obj. 803269 iterations 2
Cbc0038I Pass  23: suminf.    0.15144 (1) obj. 803269 iterations 2
Cbc0038I Pass  24: suminf.    0.51094 (3) obj. 803269 iterations 10
Cbc0038I Pass  25: suminf.    0.13668 (1) obj. 803269 iterations 3
Cbc0038I Pass  26: suminf.    0.15144 (1) obj. 803269 iterations 2
Cbc0038I Pass  27: suminf.    0.83544 (3) obj. 803269 iterations 11
Cbc0038I Pass  28: suminf.    0.44694 (2) obj. 803269 iterations 1
Cbc0038I Pass  29: suminf.    0.13668 (1) obj. 803269 iterations 2
Cbc0038I Pass  30: suminf.    0.15144 (1) obj. 803269 iterations 2
Cbc0038I Pass  31: suminf.    0.21544 (2) obj. 803269 iterations 2
Cbc0038I Pass  32: suminf.    0.13668 (1) obj. 803269 iterations 2
Cbc0038I Pass  33: suminf.    0.15144 (1) obj. 803269 iterations 2
Cbc0038I Pass  34: suminf.    0.21544 (2) obj. 803269 iterations 5
Cbc0038I Pass  35: suminf.    0.13668 (1) obj. 803269 iterations 2
Cbc0038I Pass  36: suminf.    0.15144 (1) obj. 803269 iterations 2
Cbc0038I Pass  37: suminf.    0.67394 (3) obj. 803269 iterations 5
Cbc0038I Pass  38: suminf.    0.15144 (1) obj. 803269 iterations 2
Cbc0038I Pass  39: suminf.    0.13668 (1) obj. 803269 iterations 1
Cbc0038I Pass  40: suminf.    0.46736 (4) obj. 803269 iterations 9
Cbc0038I No solution found this major pass
Cbc0038I Before mini branch and bound, 2 integers at bound fixed and 83 continuous
Cbc0038I Full problem 118 rows 165 columns, reduced to 6 rows 9 columns
Cbc0038I Mini branch and bound did not improve solution (0.03 seconds)
Cbc0038I After 0.03 seconds - Feasibility pump exiting with objective of 803289 - took 0.02 seconds
Cbc0012I Integer solution of 803288.58 found by feasibility pump after 0 iterations and 0 nodes (0.03 seconds)
Cbc0038I Full problem 118 rows 165 columns, reduced to 84 rows 131 columns
Cbc0031I 6 added rows had average density of 7.5
Cbc0013I At root node, 7 cuts changed objective from 803190.59 to 803288.58 in 2 passes
Cbc0014I Cut generator 0 (Probing) - 0 row cuts average 0.0 elements, 4 column cuts (4 active)  in 0.001 seconds - new frequency is 1
Cbc0014I Cut generator 1 (Gomory) - 6 row cuts average 16.2 elements, 0 column cuts (0 active)  in 0.000 seconds - new frequency is 1
Cbc0014I Cut generator 2 (Knapsack) - 0 row cuts average 0.0 elements, 0 column cuts (0 active)  in 0.001 seconds - new frequency is -100
Cbc0014I Cut generator 3 (Clique) - 0 row cuts average 0.0 elements, 0 column cuts (0 active)  in 0.000 seconds - new frequency is -100
Cbc0014I Cut generator 4 (MixedIntegerRounding2) - 1 row cuts average 4.0 elements, 0 column cuts (0 active)  in 0.000 seconds - new frequency is 1
Cbc0014I Cut generator 5 (FlowCover) - 0 row cuts average 0.0 elements, 0 column cuts (0 active)  in 0.000 seconds - new frequency is -100
Cbc0014I Cut generator 6 (TwoMirCuts) - 6 row cuts average 7.2 elements, 0 column cuts (0 active)  in 0.000 seconds - new frequency is -100
Cbc0001I Search completed - best objective 803288.5773032141, took 12 iterations and 0 nodes (0.04 seconds)
Cbc0035I Maximum depth 0, 0 variables fixed on reduced cost
Cuts at root node changed objective from 803191 to 803289
Probing was tried 2 times and created 4 cuts of which 0 were active after adding rounds of cuts (0.001 seconds)
Gomory was tried 2 times and created 6 cuts of which 0 were active after adding rounds of cuts (0.000 seconds)
Knapsack was tried 2 times and created 0 cuts of which 0 were active after adding rounds of cuts (0.001 seconds)
Clique was tried 2 times and created 0 cuts of which 0 were active after adding rounds of cuts (0.000 seconds)
MixedIntegerRounding2 was tried 2 times and created 1 cuts of which 0 were active after adding rounds of cuts (0.000 seconds)
FlowCover was tried 2 times and created 0 cuts of which 0 were active after adding rounds of cuts (0.000 seconds)
TwoMirCuts was tried 2 times and created 6 cuts of which 0 were active after adding rounds of cuts (0.000 seconds)
ZeroHalf was tried 1 times and created 0 cuts of which 0 were active after adding rounds of cuts (0.000 seconds)

Result - Optimal solution found

Objective value:                803288.57730321
Enumerated nodes:               0
Total iterations:               12
Time (CPU seconds):             0.04
Time (Wallclock seconds):       0.04

Option for printingOptions changed from normal to all
Total time (CPU seconds):       0.07   (Wallclock seconds):       0.07

