Welcome to the CBC MILP Solver 
Version: 2.10.3 
Build Date: Dec 15 2019 

command line - E:\dachuang\.venv\Lib\site-packages\pulp\apis\../solverdir/cbc/win/i64/cbc.exe model.mps -primalTolerance 1e-9 -integerTolerance 1e-9 -ratioGap 0 -allowableGap 0 -threads 0 -branch -printingOptions all -solution solution.txt -saveSolution solution.bin -quit (default strategy 1)
At line 2 NAME          MODEL
At line 3 ROWS
At line 317 COLUMNS
At line 1133 RHS
At line 1446 BOUNDS
At line 1521 ENDATA
Problem MODEL has 312 rows, 241 columns and 647 elements
Coin0008I MODEL read with 0 errors
primalTolerance was changed from 1e-07 to 1e-09
integerTolerance was changed from 1e-07 to 1e-09
ratioGap was changed from 0 to 0
allowableGap was changed from 1e-10 to 0
Continuous objective value is 1.97817e+06 - 0.00 seconds
Cgl0003I 0 fixed, 0 tightened bounds, 3 strengthened rows, 0 substitutions
Cgl0004I processed model has 115 rows, 159 columns (24 integer (24 of which binary)) and 336 elements
Cbc0038I Initial state - 12 integers unsatisfied sum - 3.39305
Cbc0038I Pass   1: suminf.    0.00000 (0) obj. 2.0474e+06 iterations 20
Cbc0038I Solution found of 2.0474e+06
Cbc0038I Relaxing continuous gives 2.01713e+06
Cbc0038I Before mini branch and bound, 12 integers at bound fixed and 79 continuous
Cbc0038I Full problem 115 rows 159 columns, reduced to 13 rows 18 columns
Cbc0038I Mini branch and bound improved solution from 2.01713e+06 to 1.97883e+06 (0.02 seconds)
Cbc0038I Freeing continuous variables gives a solution of 1.97871e+06
Cbc0038I Round again with cutoff of 1.97866e+06
Cbc0038I Pass   2: suminf.    0.57041 (4) obj. 1.97866e+06 iterations 14
Cbc0038I Pass   3: suminf.    0.31063 (3) obj. 1.97866e+06 iterations 9
Cbc0038I Solution found of 1.97866e+06
Cbc0038I Relaxing continuous gives 1.9786e+06
Cbc0038I Before mini branch and bound, 12 integers at bound fixed and 77 continuous
Cbc0038I Full problem 115 rows 159 columns, reduced to 19 rows 27 columns
Cbc0038I Mini branch and bound improved solution from 1.9786e+06 to 1.97837e+06 (0.03 seconds)
Cbc0038I Round again with cutoff of 1.97833e+06
Cbc0038I Pass   4: suminf.    0.47118 (5) obj. 1.97833e+06 iterations 8
Cbc0038I Pass   5: suminf.    0.47118 (5) obj. 1.97833e+06 iterations 1
Cbc0038I Pass   6: suminf.    1.03173 (4) obj. 1.97833e+06 iterations 16
Cbc0038I Pass   7: suminf.    0.48508 (3) obj. 1.97833e+06 iterations 2
Cbc0038I Pass   8: suminf.    0.87115 (4) obj. 1.97833e+06 iterations 6
Cbc0038I Pass   9: suminf.    0.62073 (4) obj. 1.97833e+06 iterations 4
Cbc0038I Pass  10: suminf.    0.15518 (2) obj. 1.97833e+06 iterations 4
Cbc0038I Pass  11: suminf.    1.03173 (4) obj. 1.97833e+06 iterations 16
Cbc0038I Pass  12: suminf.    0.48508 (3) obj. 1.97833e+06 iterations 2
Cbc0038I Pass  13: suminf.    0.87115 (4) obj. 1.97833e+06 iterations 6
Cbc0038I Pass  14: suminf.    0.62073 (4) obj. 1.97833e+06 iterations 4
Cbc0038I Pass  15: suminf.    0.15518 (2) obj. 1.97833e+06 iterations 4
Cbc0038I Pass  16: suminf.    1.03173 (4) obj. 1.97833e+06 iterations 16
Cbc0038I Pass  17: suminf.    0.48508 (3) obj. 1.97833e+06 iterations 2
Cbc0038I Pass  18: suminf.    0.87115 (4) obj. 1.97833e+06 iterations 6
Cbc0038I Pass  19: suminf.    0.62073 (4) obj. 1.97833e+06 iterations 4
Cbc0038I Pass  20: suminf.    0.15518 (2) obj. 1.97833e+06 iterations 4
Cbc0038I Pass  21: suminf.    1.03173 (4) obj. 1.97833e+06 iterations 16
Cbc0038I Pass  22: suminf.    0.48508 (3) obj. 1.97833e+06 iterations 2
Cbc0038I Pass  23: suminf.    0.87115 (4) obj. 1.97833e+06 iterations 6
Cbc0038I Pass  24: suminf.    0.62073 (4) obj. 1.97833e+06 iterations 4
Cbc0038I Pass  25: suminf.    0.15518 (2) obj. 1.97833e+06 iterations 4
Cbc0038I Pass  26: suminf.    1.03173 (4) obj. 1.97833e+06 iterations 16
Cbc0038I Pass  27: suminf.    0.48508 (3) obj. 1.97833e+06 iterations 2
Cbc0038I Pass  28: suminf.    0.87115 (4) obj. 1.97833e+06 iterations 6
Cbc0038I Pass  29: suminf.    0.62073 (4) obj. 1.97833e+06 iterations 4
Cbc0038I Pass  30: suminf.    0.15518 (2) obj. 1.97833e+06 iterations 4
Cbc0038I Pass  31: suminf.    1.03173 (4) obj. 1.97833e+06 iterations 16
Cbc0038I Pass  32: suminf.    0.48508 (3) obj. 1.97833e+06 iterations 2
Cbc0038I Pass  33: suminf.    0.87115 (4) obj. 1.97833e+06 iterations 6
Cbc0038I No solution found this major pass
Cbc0038I Before mini branch and bound, 12 integers at bound fixed and 77 continuous
Cbc0038I Full problem 115 rows 159 columns, reduced to 23 rows 31 columns
Cbc0038I Mini branch and bound did not improve solution (0.05 seconds)
Cbc0038I After 0.05 seconds - Feasibility pump exiting with objective of 1.97837e+06 - took 0.04 seconds
Cbc0012I Integer solution of 1978369.9 found by feasibility pump after 0 iterations and 0 nodes (0.05 seconds)
Cbc0038I Full problem 115 rows 159 columns, reduced to 83 rows 123 columns
Cbc0031I 13 added rows had average density of 26.230769
Cbc0013I At root node, 13 cuts changed objective from 1978189.8 to 1978301.1 in 100 passes
Cbc0014I Cut generator 0 (Probing) - 2 row cuts average 3.0 elements, 0 column cuts (0 active)  in 0.008 seconds - new frequency is -100
Cbc0014I Cut generator 1 (Gomory) - 406 row cuts average 39.4 elements, 0 column cuts (0 active)  in 0.019 seconds - new frequency is 1
Cbc0014I Cut generator 2 (Knapsack) - 0 row cuts average 0.0 elements, 0 column cuts (0 active)  in 0.029 seconds - new frequency is -100
Cbc0014I Cut generator 3 (Clique) - 0 row cuts average 0.0 elements, 0 column cuts (0 active)  in 0.000 seconds - new frequency is -100
Cbc0014I Cut generator 4 (MixedIntegerRounding2) - 8 row cuts average 4.1 elements, 0 column cuts (0 active)  in 0.008 seconds - new frequency is -100
Cbc0014I Cut generator 5 (FlowCover) - 0 row cuts average 0.0 elements, 0 column cuts (0 active)  in 0.023 seconds - new frequency is -100
Cbc0014I Cut generator 6 (TwoMirCuts) - 39 row cuts average 13.7 elements, 0 column cuts (0 active)  in 0.007 seconds - new frequency is -100
Cbc0010I After 0 nodes, 1 on tree, 1978369.9 best solution, best possible 1978301.1 (0.24 seconds)
Cbc0012I Integer solution of 1978318.6 found by DiveCoefficient after 1952 iterations and 3 nodes (0.26 seconds)
Cbc0001I Search completed - best objective 1978318.599591989, took 2095 iterations and 10 nodes (0.28 seconds)
Cbc0032I Strong branching done 54 times (296 iterations), fathomed 2 nodes and fixed 0 variables
Cbc0035I Maximum depth 4, 0 variables fixed on reduced cost
Cuts at root node changed objective from 1.97819e+06 to 1.9783e+06
Probing was tried 100 times and created 2 cuts of which 0 were active after adding rounds of cuts (0.008 seconds)
Gomory was tried 122 times and created 432 cuts of which 0 were active after adding rounds of cuts (0.022 seconds)
Knapsack was tried 100 times and created 0 cuts of which 0 were active after adding rounds of cuts (0.029 seconds)
Clique was tried 100 times and created 0 cuts of which 0 were active after adding rounds of cuts (0.000 seconds)
MixedIntegerRounding2 was tried 100 times and created 8 cuts of which 0 were active after adding rounds of cuts (0.008 seconds)
FlowCover was tried 100 times and created 0 cuts of which 0 were active after adding rounds of cuts (0.023 seconds)
TwoMirCuts was tried 100 times and created 39 cuts of which 0 were active after adding rounds of cuts (0.007 seconds)
ZeroHalf was tried 1 times and created 0 cuts of which 0 were active after adding rounds of cuts (0.000 seconds)

Result - Optimal solution found

Objective value:                1978318.59959199
Enumerated nodes:               10
Total iterations:               2095
Time (CPU seconds):             0.28
Time (Wallclock seconds):       0.28

Option for printingOptions changed from normal to all
Total time (CPU seconds):       0.31   (Wallclock seconds):       0.31

