Welcome to the CBC MILP Solver 
Version: 2.10.3 
Build Date: Dec 15 2019 

command line - E:\dachuang\.venv\Lib\site-packages\pulp\apis\../solverdir/cbc/win/i64/cbc.exe model.mps -primalTolerance 1e-9 -integerTolerance 1e-9 -ratioGap 0 -allowableGap 0 -threads 0 -branch -printingOptions all -solution solution.txt -saveSolution solution.bin -quit (default strategy 1)
At line 2 NAME          MODEL
At line 3 ROWS
At line 317 COLUMNS
At line 1133 RHS
At line 1446 BOUNDS
At line 1521 ENDATA
Problem MODEL has 312 rows, 241 columns and 647 elements
Coin0008I MODEL read with 0 errors
primalTolerance was changed from 1e-07 to 1e-09
integerTolerance was changed from 1e-07 to 1e-09
ratioGap was changed from 0 to 0
allowableGap was changed from 1e-10 to 0
Continuous objective value is 4.08804e+06 - 0.00 seconds
Cgl0003I 0 fixed, 0 tightened bounds, 2 strengthened rows, 0 substitutions
Cgl0004I processed model has 112 rows, 150 columns (24 integer (24 of which binary)) and 318 elements
Cbc0038I Initial state - 4 integers unsatisfied sum - 1.09855
Cbc0038I Pass   1: suminf.    0.00000 (0) obj. 4.0883e+06 iterations 5
Cbc0038I Solution found of 4.0883e+06
Cbc0038I Relaxing continuous gives 4.0883e+06
Cbc0038I Before mini branch and bound, 20 integers at bound fixed and 93 continuous
Cbc0038I Full problem 112 rows 150 columns, reduced to 7 rows 8 columns
Cbc0038I Mini branch and bound did not improve solution (0.01 seconds)
Cbc0038I Round again with cutoff of 4.08827e+06
Cbc0038I Pass   2: suminf.    0.10986 (1) obj. 4.08827e+06 iterations 1
Cbc0038I Pass   3: suminf.    0.20243 (1) obj. 4.08827e+06 iterations 8
Cbc0038I Pass   4: suminf.    0.20243 (1) obj. 4.08827e+06 iterations 2
Cbc0038I Pass   5: suminf.    0.10986 (1) obj. 4.08827e+06 iterations 1
Cbc0038I Pass   6: suminf.    0.20243 (1) obj. 4.08827e+06 iterations 4
Cbc0038I Pass   7: suminf.    0.58962 (3) obj. 4.08827e+06 iterations 3
Cbc0038I Pass   8: suminf.    0.20243 (1) obj. 4.08827e+06 iterations 1
Cbc0038I Pass   9: suminf.    0.10986 (1) obj. 4.08827e+06 iterations 1
Cbc0038I Pass  10: suminf.    0.61493 (3) obj. 4.08827e+06 iterations 15
Cbc0038I Pass  11: suminf.    0.17143 (2) obj. 4.08827e+06 iterations 1
Cbc0038I Pass  12: suminf.    0.20243 (1) obj. 4.08827e+06 iterations 6
Cbc0038I Pass  13: suminf.    0.10986 (1) obj. 4.08827e+06 iterations 1
Cbc0038I Pass  14: suminf.    0.32004 (2) obj. 4.08827e+06 iterations 5
Cbc0038I Pass  15: suminf.    0.10986 (1) obj. 4.08827e+06 iterations 1
Cbc0038I Pass  16: suminf.    0.20243 (1) obj. 4.08827e+06 iterations 4
Cbc0038I Pass  17: suminf.    0.74072 (2) obj. 4.08827e+06 iterations 9
Cbc0038I Pass  18: suminf.    0.40043 (2) obj. 4.08827e+06 iterations 1
Cbc0038I Pass  19: suminf.    0.20243 (1) obj. 4.08827e+06 iterations 6
Cbc0038I Pass  20: suminf.    0.10986 (1) obj. 4.08827e+06 iterations 1
Cbc0038I Pass  21: suminf.    0.34986 (2) obj. 4.08827e+06 iterations 16
Cbc0038I Pass  22: suminf.    0.10986 (1) obj. 4.08827e+06 iterations 1
Cbc0038I Pass  23: suminf.    0.20243 (1) obj. 4.08827e+06 iterations 2
Cbc0038I Pass  24: suminf.    0.65922 (2) obj. 4.08827e+06 iterations 9
Cbc0038I Pass  25: suminf.    0.31893 (2) obj. 4.08827e+06 iterations 1
Cbc0038I Pass  26: suminf.    0.20243 (1) obj. 4.08827e+06 iterations 4
Cbc0038I Pass  27: suminf.    0.10986 (1) obj. 4.08827e+06 iterations 1
Cbc0038I Pass  28: suminf.    0.96243 (4) obj. 4.08827e+06 iterations 13
Cbc0038I Pass  29: suminf.    0.17143 (2) obj. 4.08827e+06 iterations 2
Cbc0038I Pass  30: suminf.    0.20243 (1) obj. 4.08827e+06 iterations 4
Cbc0038I Pass  31: suminf.    0.10986 (1) obj. 4.08827e+06 iterations 1
Cbc0038I No solution found this major pass
Cbc0038I Before mini branch and bound, 1 integers at bound fixed and 76 continuous
Cbc0038I Full problem 112 rows 150 columns, reduced to 16 rows 21 columns
Cbc0038I Mini branch and bound did not improve solution (0.02 seconds)
Cbc0038I After 0.02 seconds - Feasibility pump exiting with objective of 4.0883e+06 - took 0.02 seconds
Cbc0012I Integer solution of 4088296.9 found by feasibility pump after 0 iterations and 0 nodes (0.02 seconds)
Cbc0038I Full problem 112 rows 150 columns, reduced to 54 rows 86 columns
Cbc0031I 4 added rows had average density of 12
Cbc0013I At root node, 4 cuts changed objective from 4088041.9 to 4088296.9 in 8 passes
Cbc0014I Cut generator 0 (Probing) - 2 row cuts average 2.0 elements, 1 column cuts (1 active)  in 0.000 seconds - new frequency is 1
Cbc0014I Cut generator 1 (Gomory) - 10 row cuts average 19.9 elements, 0 column cuts (0 active)  in 0.001 seconds - new frequency is 1
Cbc0014I Cut generator 2 (Knapsack) - 0 row cuts average 0.0 elements, 0 column cuts (0 active)  in 0.001 seconds - new frequency is -100
Cbc0014I Cut generator 3 (Clique) - 0 row cuts average 0.0 elements, 0 column cuts (0 active)  in 0.000 seconds - new frequency is -100
Cbc0014I Cut generator 4 (MixedIntegerRounding2) - 2 row cuts average 5.0 elements, 0 column cuts (0 active)  in 0.002 seconds - new frequency is 1
Cbc0014I Cut generator 5 (FlowCover) - 0 row cuts average 0.0 elements, 0 column cuts (0 active)  in 0.001 seconds - new frequency is -100
Cbc0014I Cut generator 6 (TwoMirCuts) - 9 row cuts average 14.4 elements, 0 column cuts (0 active)  in 0.000 seconds - new frequency is -100
Cbc0001I Search completed - best objective 4088296.894736734, took 24 iterations and 0 nodes (0.04 seconds)
Cbc0032I Strong branching done 2 times (6 iterations), fathomed 1 nodes and fixed 0 variables
Cbc0035I Maximum depth 0, 0 variables fixed on reduced cost
Cuts at root node changed objective from 4.08804e+06 to 4.0883e+06
Probing was tried 8 times and created 3 cuts of which 0 were active after adding rounds of cuts (0.000 seconds)
Gomory was tried 8 times and created 10 cuts of which 0 were active after adding rounds of cuts (0.001 seconds)
Knapsack was tried 8 times and created 0 cuts of which 0 were active after adding rounds of cuts (0.001 seconds)
Clique was tried 8 times and created 0 cuts of which 0 were active after adding rounds of cuts (0.000 seconds)
MixedIntegerRounding2 was tried 8 times and created 2 cuts of which 0 were active after adding rounds of cuts (0.002 seconds)
FlowCover was tried 8 times and created 0 cuts of which 0 were active after adding rounds of cuts (0.001 seconds)
TwoMirCuts was tried 8 times and created 9 cuts of which 0 were active after adding rounds of cuts (0.000 seconds)
ZeroHalf was tried 1 times and created 0 cuts of which 0 were active after adding rounds of cuts (0.000 seconds)

Result - Optimal solution found

Objective value:                4088296.89473673
Enumerated nodes:               0
Total iterations:               24
Time (CPU seconds):             0.04
Time (Wallclock seconds):       0.04

Option for printingOptions changed from normal to all
Total time (CPU seconds):       0.06   (Wallclock seconds):       0.06

