Welcome to the CBC MILP Solver 
Version: 2.10.3 
Build Date: Dec 15 2019 

command line - E:\dachuang\.venv\Lib\site-packages\pulp\apis\../solverdir/cbc/win/i64/cbc.exe model.mps -primalTolerance 1e-9 -integerTolerance 1e-9 -ratioGap 0 -allowableGap 0 -threads 0 -branch -printingOptions all -solution solution.txt -saveSolution solution.bin -quit (default strategy 1)
At line 2 NAME          MODEL
At line 3 ROWS
At line 317 COLUMNS
At line 1133 RHS
At line 1446 BOUNDS
At line 1521 ENDATA
Problem MODEL has 312 rows, 241 columns and 647 elements
Coin0008I MODEL read with 0 errors
primalTolerance was changed from 1e-07 to 1e-09
integerTolerance was changed from 1e-07 to 1e-09
ratioGap was changed from 0 to 0
allowableGap was changed from 1e-10 to 0
Continuous objective value is 1.46262e+06 - 0.00 seconds
Cgl0003I 0 fixed, 0 tightened bounds, 2 strengthened rows, 0 substitutions
Cgl0004I processed model has 117 rows, 161 columns (24 integer (24 of which binary)) and 344 elements
Cbc0038I Initial state - 12 integers unsatisfied sum - 3.71148
Cbc0038I Pass   1: suminf.    0.00000 (0) obj. 1.78997e+06 iterations 26
Cbc0038I Solution found of 1.78997e+06
Cbc0038I Relaxing continuous gives 1.77808e+06
Cbc0038I Before mini branch and bound, 12 integers at bound fixed and 73 continuous
Cbc0038I Full problem 117 rows 161 columns, reduced to 15 rows 22 columns
Cbc0038I Mini branch and bound improved solution from 1.77808e+06 to 1.46303e+06 (0.01 seconds)
Cbc0038I Round again with cutoff of 1.46299e+06
Cbc0038I Pass   2: suminf.    1.86892 (7) obj. 1.46299e+06 iterations 25
Cbc0038I Solution found of 1.46299e+06
Cbc0038I Relaxing continuous gives 1.46288e+06
Cbc0038I Before mini branch and bound, 11 integers at bound fixed and 77 continuous
Cbc0038I Full problem 117 rows 161 columns, reduced to 6 rows 9 columns
Cbc0038I Mini branch and bound improved solution from 1.46288e+06 to 1.46288e+06 (0.02 seconds)
Cbc0038I Round again with cutoff of 1.46283e+06
Cbc0038I Pass   3: suminf.    2.09458 (8) obj. 1.46283e+06 iterations 2
Cbc0038I Pass   4: suminf.    0.00000 (0) obj. 1.46283e+06 iterations 14
Cbc0038I Solution found of 1.46283e+06
Cbc0038I Relaxing continuous gives 1.46282e+06
Cbc0038I Before mini branch and bound, 11 integers at bound fixed and 75 continuous
Cbc0038I Full problem 117 rows 161 columns, reduced to 12 rows 18 columns
Cbc0038I Mini branch and bound improved solution from 1.46282e+06 to 1.46282e+06 (0.03 seconds)
Cbc0038I Round again with cutoff of 1.46276e+06
Cbc0038I Pass   5: suminf.    2.33255 (8) obj. 1.46276e+06 iterations 0
Cbc0038I Pass   6: suminf.    2.14881 (8) obj. 1.46276e+06 iterations 5
Cbc0038I Pass   7: suminf.    0.31410 (1) obj. 1.46276e+06 iterations 9
Cbc0038I Pass   8: suminf.    0.27925 (1) obj. 1.46276e+06 iterations 1
Cbc0038I Pass   9: suminf.    0.47975 (2) obj. 1.46276e+06 iterations 4
Cbc0038I Pass  10: suminf.    0.31410 (1) obj. 1.46276e+06 iterations 3
Cbc0038I Pass  11: suminf.    0.27925 (1) obj. 1.46276e+06 iterations 1
Cbc0038I Pass  12: suminf.    1.08001 (4) obj. 1.46276e+06 iterations 15
Cbc0038I Pass  13: suminf.    1.06735 (5) obj. 1.46276e+06 iterations 2
Cbc0038I Pass  14: suminf.    0.33185 (4) obj. 1.46276e+06 iterations 10
Cbc0038I Pass  15: suminf.    0.33185 (4) obj. 1.46276e+06 iterations 0
Cbc0038I Pass  16: suminf.    1.07375 (4) obj. 1.46276e+06 iterations 10
Cbc0038I Pass  17: suminf.    1.01474 (3) obj. 1.46276e+06 iterations 2
Cbc0038I Pass  18: suminf.    0.27925 (1) obj. 1.46276e+06 iterations 3
Cbc0038I Pass  19: suminf.    0.31410 (1) obj. 1.46276e+06 iterations 6
Cbc0038I Pass  20: suminf.    0.71247 (3) obj. 1.46276e+06 iterations 8
Cbc0038I Pass  21: suminf.    0.69106 (2) obj. 1.46276e+06 iterations 1
Cbc0038I Pass  22: suminf.    0.37335 (3) obj. 1.46276e+06 iterations 4
Cbc0038I Pass  23: suminf.    1.67136 (5) obj. 1.46276e+06 iterations 13
Cbc0038I Pass  24: suminf.    0.78221 (4) obj. 1.46276e+06 iterations 2
Cbc0038I Pass  25: suminf.    0.41364 (1) obj. 1.46276e+06 iterations 6
Cbc0038I Pass  26: suminf.    0.37335 (2) obj. 1.46276e+06 iterations 2
Cbc0038I Pass  27: suminf.    1.07375 (3) obj. 1.46276e+06 iterations 7
Cbc0038I Pass  28: suminf.    1.02250 (3) obj. 1.46276e+06 iterations 2
Cbc0038I Pass  29: suminf.    0.37335 (3) obj. 1.46276e+06 iterations 1
Cbc0038I Pass  30: suminf.    0.41364 (1) obj. 1.46276e+06 iterations 5
Cbc0038I Pass  31: suminf.    0.37335 (2) obj. 1.46276e+06 iterations 2
Cbc0038I Pass  32: suminf.    1.07375 (3) obj. 1.46276e+06 iterations 7
Cbc0038I Pass  33: suminf.    1.02250 (3) obj. 1.46276e+06 iterations 2
Cbc0038I Pass  34: suminf.    0.37335 (3) obj. 1.46276e+06 iterations 1
Cbc0038I No solution found this major pass
Cbc0038I Before mini branch and bound, 5 integers at bound fixed and 71 continuous
Cbc0038I Full problem 117 rows 161 columns, reduced to 24 rows 32 columns
Cbc0038I Mini branch and bound improved solution from 1.46282e+06 to 1.46274e+06 (0.04 seconds)
Cbc0038I Round again with cutoff of 1.46271e+06
Cbc0038I Pass  34: suminf.    2.39576 (9) obj. 1.46271e+06 iterations 1
Cbc0038I Pass  35: suminf.    2.39576 (9) obj. 1.46271e+06 iterations 2
Cbc0038I Pass  36: suminf.    0.56053 (2) obj. 1.46271e+06 iterations 11
Cbc0038I Pass  37: suminf.    0.52619 (2) obj. 1.46271e+06 iterations 3
Cbc0038I Pass  38: suminf.    2.24494 (6) obj. 1.46271e+06 iterations 21
Cbc0038I Pass  39: suminf.    1.35580 (5) obj. 1.46271e+06 iterations 2
Cbc0038I Pass  40: suminf.    0.62249 (2) obj. 1.46271e+06 iterations 8
Cbc0038I Pass  41: suminf.    0.62030 (2) obj. 1.46271e+06 iterations 2
Cbc0038I Pass  42: suminf.    1.26944 (4) obj. 1.46271e+06 iterations 13
Cbc0038I Pass  43: suminf.    0.62030 (3) obj. 1.46271e+06 iterations 2
Cbc0038I Pass  44: suminf.    1.76285 (8) obj. 1.46271e+06 iterations 13
Cbc0038I Pass  45: suminf.    1.52285 (6) obj. 1.46271e+06 iterations 2
Cbc0038I Pass  46: suminf.    0.52619 (2) obj. 1.46271e+06 iterations 12
Cbc0038I Pass  47: suminf.    0.52619 (2) obj. 1.46271e+06 iterations 2
Cbc0038I Pass  48: suminf.    0.56053 (2) obj. 1.46271e+06 iterations 4
Cbc0038I Pass  49: suminf.    1.00990 (3) obj. 1.46271e+06 iterations 7
Cbc0038I Pass  50: suminf.    0.52619 (2) obj. 1.46271e+06 iterations 2
Cbc0038I Pass  51: suminf.    0.56053 (2) obj. 1.46271e+06 iterations 6
Cbc0038I Pass  52: suminf.    0.61930 (4) obj. 1.46271e+06 iterations 13
Cbc0038I Pass  53: suminf.    0.57880 (4) obj. 1.46271e+06 iterations 9
Cbc0038I Pass  54: suminf.    0.57880 (4) obj. 1.46271e+06 iterations 0
Cbc0038I Pass  55: suminf.    1.02745 (4) obj. 1.46271e+06 iterations 9
Cbc0038I Pass  56: suminf.    0.52619 (2) obj. 1.46271e+06 iterations 4
Cbc0038I Pass  57: suminf.    0.56053 (2) obj. 1.46271e+06 iterations 4
Cbc0038I Pass  58: suminf.    0.56669 (3) obj. 1.46271e+06 iterations 8
Cbc0038I Pass  59: suminf.    0.56669 (3) obj. 1.46271e+06 iterations 2
Cbc0038I Pass  60: suminf.    0.56053 (2) obj. 1.46271e+06 iterations 5
Cbc0038I Pass  61: suminf.    0.52619 (2) obj. 1.46271e+06 iterations 3
Cbc0038I Pass  62: suminf.    2.14673 (8) obj. 1.46271e+06 iterations 10
Cbc0038I Pass  63: suminf.    1.49759 (8) obj. 1.46271e+06 iterations 1
Cbc0038I No solution found this major pass
Cbc0038I Before mini branch and bound, 3 integers at bound fixed and 70 continuous
Cbc0038I Full problem 117 rows 161 columns, reduced to 25 rows 35 columns
Cbc0038I Mini branch and bound did not improve solution (0.07 seconds)
Cbc0038I After 0.07 seconds - Feasibility pump exiting with objective of 1.46274e+06 - took 0.06 seconds
Cbc0012I Integer solution of 1462742.6 found by feasibility pump after 0 iterations and 0 nodes (0.07 seconds)
Cbc0038I Full problem 117 rows 161 columns, reduced to 89 rows 132 columns - 2 fixed gives 85, 128 - ok now
Cbc0038I Full problem 117 rows 161 columns, reduced to 85 rows 128 columns
Cbc0031I 15 added rows had average density of 19.666667
Cbc0013I At root node, 15 cuts changed objective from 1462621.5 to 1462707.6 in 100 passes
Cbc0014I Cut generator 0 (Probing) - 4 row cuts average 3.5 elements, 2 column cuts (2 active)  in 0.020 seconds - new frequency is -100
Cbc0014I Cut generator 1 (Gomory) - 274 row cuts average 32.0 elements, 0 column cuts (0 active)  in 0.010 seconds - new frequency is 1
Cbc0014I Cut generator 2 (Knapsack) - 0 row cuts average 0.0 elements, 0 column cuts (0 active)  in 0.035 seconds - new frequency is -100
Cbc0014I Cut generator 3 (Clique) - 0 row cuts average 0.0 elements, 0 column cuts (0 active)  in 0.001 seconds - new frequency is -100
Cbc0014I Cut generator 4 (MixedIntegerRounding2) - 5 row cuts average 5.2 elements, 0 column cuts (0 active)  in 0.010 seconds - new frequency is -100
Cbc0014I Cut generator 5 (FlowCover) - 0 row cuts average 0.0 elements, 0 column cuts (0 active)  in 0.023 seconds - new frequency is -100
Cbc0014I Cut generator 6 (TwoMirCuts) - 33 row cuts average 8.9 elements, 0 column cuts (0 active)  in 0.012 seconds - new frequency is -100
Cbc0010I After 0 nodes, 1 on tree, 1462742.6 best solution, best possible 1462707.6 (0.27 seconds)
Cbc0001I Search completed - best objective 1462742.637058697, took 1312 iterations and 6 nodes (0.29 seconds)
Cbc0032I Strong branching done 28 times (124 iterations), fathomed 2 nodes and fixed 1 variables
Cbc0035I Maximum depth 2, 0 variables fixed on reduced cost
Cuts at root node changed objective from 1.46262e+06 to 1.46271e+06
Probing was tried 100 times and created 6 cuts of which 0 were active after adding rounds of cuts (0.020 seconds)
Gomory was tried 127 times and created 328 cuts of which 0 were active after adding rounds of cuts (0.011 seconds)
Knapsack was tried 100 times and created 0 cuts of which 0 were active after adding rounds of cuts (0.035 seconds)
Clique was tried 100 times and created 0 cuts of which 0 were active after adding rounds of cuts (0.001 seconds)
MixedIntegerRounding2 was tried 100 times and created 5 cuts of which 0 were active after adding rounds of cuts (0.010 seconds)
FlowCover was tried 100 times and created 0 cuts of which 0 were active after adding rounds of cuts (0.023 seconds)
TwoMirCuts was tried 100 times and created 33 cuts of which 0 were active after adding rounds of cuts (0.012 seconds)
ZeroHalf was tried 1 times and created 0 cuts of which 0 were active after adding rounds of cuts (0.000 seconds)

Result - Optimal solution found

Objective value:                1462742.63705870
Enumerated nodes:               6
Total iterations:               1312
Time (CPU seconds):             0.29
Time (Wallclock seconds):       0.29

Option for printingOptions changed from normal to all
Total time (CPU seconds):       0.32   (Wallclock seconds):       0.32

