Welcome to the CBC MILP Solver 
Version: 2.10.3 
Build Date: Dec 15 2019 

command line - E:\dachuang\.venv\Lib\site-packages\pulp\apis\../solverdir/cbc/win/i64/cbc.exe model.mps -primalTolerance 1e-9 -integerTolerance 1e-9 -ratioGap 0 -allowableGap 0 -threads 0 -branch -printingOptions all -solution solution.txt -saveSolution solution.bin -quit (default strategy 1)
At line 2 NAME          MODEL
At line 3 ROWS
At line 317 COLUMNS
At line 1133 RHS
At line 1446 BOUNDS
At line 1521 ENDATA
Problem MODEL has 312 rows, 241 columns and 647 elements
Coin0008I MODEL read with 0 errors
primalTolerance was changed from 1e-07 to 1e-09
integerTolerance was changed from 1e-07 to 1e-09
ratioGap was changed from 0 to 0
allowableGap was changed from 1e-10 to 0
Continuous objective value is 2.53059e+06 - 0.00 seconds
Cgl0003I 0 fixed, 0 tightened bounds, 2 strengthened rows, 0 substitutions
Cgl0004I processed model has 114 rows, 157 columns (24 integer (24 of which binary)) and 331 elements
Cbc0038I Initial state - 10 integers unsatisfied sum - 2.96468
Cbc0038I Pass   1: suminf.    0.00000 (0) obj. 2.65101e+06 iterations 15
Cbc0038I Solution found of 2.65101e+06
Cbc0038I Relaxing continuous gives 2.64385e+06
Cbc0038I Before mini branch and bound, 14 integers at bound fixed and 86 continuous
Cbc0038I Full problem 114 rows 157 columns, reduced to 8 rows 11 columns
Cbc0038I Mini branch and bound improved solution from 2.64385e+06 to 2.53101e+06 (0.02 seconds)
Cbc0038I Round again with cutoff of 2.53097e+06
Cbc0038I Pass   2: suminf.    0.83232 (3) obj. 2.53097e+06 iterations 9
Cbc0038I Pass   3: suminf.    0.00000 (0) obj. 2.53097e+06 iterations 11
Cbc0038I Solution found of 2.53097e+06
Cbc0038I Relaxing continuous gives 2.53084e+06
Cbc0038I Before mini branch and bound, 14 integers at bound fixed and 83 continuous
Cbc0038I Full problem 114 rows 157 columns, reduced to 17 rows 23 columns
Cbc0038I Mini branch and bound improved solution from 2.53084e+06 to 2.53071e+06 (0.02 seconds)
Cbc0038I Round again with cutoff of 2.53069e+06
Cbc0038I Pass   4: suminf.    1.25513 (4) obj. 2.53069e+06 iterations 4
Cbc0038I Pass   5: suminf.    1.05739 (3) obj. 2.53069e+06 iterations 8
Cbc0038I Pass   6: suminf.    0.49337 (1) obj. 2.53069e+06 iterations 3
Cbc0038I Pass   7: suminf.    0.40639 (1) obj. 2.53069e+06 iterations 6
Cbc0038I Pass   8: suminf.    1.63364 (6) obj. 2.53069e+06 iterations 12
Cbc0038I Pass   9: suminf.    0.98449 (6) obj. 2.53069e+06 iterations 1
Cbc0038I Pass  10: suminf.    1.11050 (4) obj. 2.53069e+06 iterations 13
Cbc0038I Pass  11: suminf.    1.11050 (4) obj. 2.53069e+06 iterations 2
Cbc0038I Pass  12: suminf.    1.14014 (3) obj. 2.53069e+06 iterations 7
Cbc0038I Pass  13: suminf.    0.49099 (3) obj. 2.53069e+06 iterations 1
Cbc0038I Pass  14: suminf.    0.50248 (2) obj. 2.53069e+06 iterations 6
Cbc0038I Pass  15: suminf.    0.49099 (2) obj. 2.53069e+06 iterations 1
Cbc0038I Pass  16: suminf.    1.14014 (4) obj. 2.53069e+06 iterations 6
Cbc0038I Pass  17: suminf.    1.07749 (4) obj. 2.53069e+06 iterations 14
Cbc0038I Pass  18: suminf.    0.59399 (4) obj. 2.53069e+06 iterations 3
Cbc0038I Pass  19: suminf.    0.31549 (3) obj. 2.53069e+06 iterations 10
Cbc0038I Pass  20: suminf.    0.31549 (3) obj. 2.53069e+06 iterations 0
Cbc0038I Pass  21: suminf.    0.49099 (4) obj. 2.53069e+06 iterations 7
Cbc0038I Pass  22: suminf.    0.49099 (3) obj. 2.53069e+06 iterations 1
Cbc0038I Pass  23: suminf.    0.50248 (2) obj. 2.53069e+06 iterations 6
Cbc0038I Pass  24: suminf.    0.49099 (2) obj. 2.53069e+06 iterations 1
Cbc0038I Pass  25: suminf.    1.14014 (4) obj. 2.53069e+06 iterations 6
Cbc0038I Pass  26: suminf.    1.33159 (5) obj. 2.53069e+06 iterations 8
Cbc0038I Pass  27: suminf.    1.02565 (4) obj. 2.53069e+06 iterations 2
Cbc0038I Pass  28: suminf.    1.14014 (4) obj. 2.53069e+06 iterations 8
Cbc0038I Pass  29: suminf.    0.49099 (3) obj. 2.53069e+06 iterations 2
Cbc0038I Pass  30: suminf.    0.50248 (2) obj. 2.53069e+06 iterations 6
Cbc0038I Pass  31: suminf.    0.49099 (2) obj. 2.53069e+06 iterations 1
Cbc0038I Pass  32: suminf.    0.76778 (6) obj. 2.53069e+06 iterations 21
Cbc0038I Pass  33: suminf.    1.11050 (4) obj. 2.53069e+06 iterations 13
Cbc0038I No solution found this major pass
Cbc0038I Before mini branch and bound, 5 integers at bound fixed and 74 continuous
Cbc0038I Full problem 114 rows 157 columns, reduced to 22 rows 29 columns
Cbc0038I Mini branch and bound did not improve solution (0.04 seconds)
Cbc0038I After 0.04 seconds - Feasibility pump exiting with objective of 2.53071e+06 - took 0.03 seconds
Cbc0012I Integer solution of 2530714.2 found by feasibility pump after 0 iterations and 0 nodes (0.04 seconds)
Cbc0038I Full problem 114 rows 157 columns, reduced to 74 rows 114 columns
Cbc0031I 14 added rows had average density of 12.071429
Cbc0013I At root node, 14 cuts changed objective from 2530593.1 to 2530669.7 in 100 passes
Cbc0014I Cut generator 0 (Probing) - 14 row cuts average 3.1 elements, 1 column cuts (1 active)  in 0.014 seconds - new frequency is -100
Cbc0014I Cut generator 1 (Gomory) - 354 row cuts average 29.9 elements, 0 column cuts (0 active)  in 0.010 seconds - new frequency is 1
Cbc0014I Cut generator 2 (Knapsack) - 0 row cuts average 0.0 elements, 0 column cuts (0 active)  in 0.020 seconds - new frequency is -100
Cbc0014I Cut generator 3 (Clique) - 0 row cuts average 0.0 elements, 0 column cuts (0 active)  in 0.001 seconds - new frequency is -100
Cbc0014I Cut generator 4 (MixedIntegerRounding2) - 16 row cuts average 5.6 elements, 0 column cuts (0 active)  in 0.015 seconds - new frequency is -100
Cbc0014I Cut generator 5 (FlowCover) - 0 row cuts average 0.0 elements, 0 column cuts (0 active)  in 0.024 seconds - new frequency is -100
Cbc0014I Cut generator 6 (TwoMirCuts) - 34 row cuts average 6.9 elements, 0 column cuts (0 active)  in 0.006 seconds - new frequency is -100
Cbc0010I After 0 nodes, 1 on tree, 2530714.2 best solution, best possible 2530669.7 (0.21 seconds)
Cbc0001I Search completed - best objective 2530714.237058685, took 1089 iterations and 6 nodes (0.22 seconds)
Cbc0032I Strong branching done 20 times (82 iterations), fathomed 0 nodes and fixed 5 variables
Cbc0035I Maximum depth 1, 0 variables fixed on reduced cost
Cuts at root node changed objective from 2.53059e+06 to 2.53067e+06
Probing was tried 100 times and created 15 cuts of which 0 were active after adding rounds of cuts (0.014 seconds)
Gomory was tried 109 times and created 369 cuts of which 0 were active after adding rounds of cuts (0.011 seconds)
Knapsack was tried 100 times and created 0 cuts of which 0 were active after adding rounds of cuts (0.020 seconds)
Clique was tried 100 times and created 0 cuts of which 0 were active after adding rounds of cuts (0.001 seconds)
MixedIntegerRounding2 was tried 100 times and created 16 cuts of which 0 were active after adding rounds of cuts (0.015 seconds)
FlowCover was tried 100 times and created 0 cuts of which 0 were active after adding rounds of cuts (0.024 seconds)
TwoMirCuts was tried 100 times and created 34 cuts of which 0 were active after adding rounds of cuts (0.006 seconds)
ZeroHalf was tried 1 times and created 0 cuts of which 0 were active after adding rounds of cuts (0.000 seconds)

Result - Optimal solution found

Objective value:                2530714.23705868
Enumerated nodes:               6
Total iterations:               1089
Time (CPU seconds):             0.23
Time (Wallclock seconds):       0.23

Option for printingOptions changed from normal to all
Total time (CPU seconds):       0.26   (Wallclock seconds):       0.26

