Welcome to the CBC MILP Solver 
Version: 2.10.3 
Build Date: Dec 15 2019 

command line - E:\dachuang\.venv\Lib\site-packages\pulp\apis\../solverdir/cbc/win/i64/cbc.exe model.mps -primalTolerance 1e-9 -integerTolerance 1e-9 -ratioGap 0 -allowableGap 0 -threads 0 -branch -printingOptions all -solution solution.txt -saveSolution solution.bin -quit (default strategy 1)
At line 2 NAME          MODEL
At line 3 ROWS
At line 317 COLUMNS
At line 1133 RHS
At line 1446 BOUNDS
At line 1521 ENDATA
Problem MODEL has 312 rows, 241 columns and 647 elements
Coin0008I MODEL read with 0 errors
primalTolerance was changed from 1e-07 to 1e-09
integerTolerance was changed from 1e-07 to 1e-09
ratioGap was changed from 0 to 0
allowableGap was changed from 1e-10 to 0
Continuous objective value is 591901 - 0.00 seconds
Cgl0003I 0 fixed, 0 tightened bounds, 3 strengthened rows, 0 substitutions
Cgl0004I processed model has 119 rows, 167 columns (24 integer (24 of which binary)) and 356 elements
Cbc0038I Initial state - 5 integers unsatisfied sum - 1.66534
Cbc0038I Pass   1: suminf.    0.00000 (0) obj. 592293 iterations 7
Cbc0038I Solution found of 592293
Cbc0038I Relaxing continuous gives 592293
Cbc0038I Before mini branch and bound, 19 integers at bound fixed and 88 continuous
Cbc0038I Full problem 119 rows 167 columns, reduced to 3 rows 5 columns
Cbc0038I Mini branch and bound did not improve solution (0.01 seconds)
Cbc0038I Round again with cutoff of 592256
Cbc0038I Pass   2: suminf.    0.15809 (1) obj. 592256 iterations 2
Cbc0038I Pass   3: suminf.    0.00000 (0) obj. 592256 iterations 5
Cbc0038I Solution found of 592256
Cbc0038I Relaxing continuous gives 592238
Cbc0038I Before mini branch and bound, 18 integers at bound fixed and 84 continuous
Cbc0038I Full problem 119 rows 167 columns, reduced to 14 rows 19 columns
Cbc0038I Mini branch and bound improved solution from 592238 to 592137 (0.01 seconds)
Cbc0038I Freeing continuous variables gives a solution of 592061
Cbc0038I Round again with cutoff of 592034
Cbc0038I Pass   4: suminf.    0.95858 (4) obj. 592034 iterations 4
Cbc0038I Pass   5: suminf.    0.95858 (3) obj. 592034 iterations 2
Cbc0038I Pass   6: suminf.    0.60717 (2) obj. 592034 iterations 5
Cbc0038I Pass   7: suminf.    0.65658 (3) obj. 592034 iterations 3
Cbc0038I Pass   8: suminf.    0.65658 (3) obj. 592034 iterations 0
Cbc0038I Pass   9: suminf.    0.62843 (3) obj. 592034 iterations 5
Cbc0038I Pass  10: suminf.    0.90733 (3) obj. 592034 iterations 7
Cbc0038I Pass  11: suminf.    1.07902 (3) obj. 592034 iterations 7
Cbc0038I Pass  12: suminf.    0.60717 (2) obj. 592034 iterations 4
Cbc0038I Pass  13: suminf.    0.65658 (3) obj. 592034 iterations 3
Cbc0038I Pass  14: suminf.    0.65658 (3) obj. 592034 iterations 0
Cbc0038I Pass  15: suminf.    0.62843 (3) obj. 592034 iterations 5
Cbc0038I Pass  16: suminf.    0.65658 (3) obj. 592034 iterations 8
Cbc0038I Pass  17: suminf.    0.65658 (3) obj. 592034 iterations 0
Cbc0038I Pass  18: suminf.    0.62843 (3) obj. 592034 iterations 5
Cbc0038I Pass  19: suminf.    0.60717 (2) obj. 592034 iterations 1
Cbc0038I Pass  20: suminf.    0.65658 (3) obj. 592034 iterations 3
Cbc0038I Pass  21: suminf.    0.65658 (3) obj. 592034 iterations 4
Cbc0038I Pass  22: suminf.    0.65658 (3) obj. 592034 iterations 0
Cbc0038I Pass  23: suminf.    0.62843 (3) obj. 592034 iterations 5
Cbc0038I Pass  24: suminf.    0.60717 (2) obj. 592034 iterations 1
Cbc0038I Pass  25: suminf.    0.65658 (3) obj. 592034 iterations 3
Cbc0038I Pass  26: suminf.    1.03875 (3) obj. 592034 iterations 12
Cbc0038I Pass  27: suminf.    0.60717 (2) obj. 592034 iterations 1
Cbc0038I Pass  28: suminf.    0.65658 (3) obj. 592034 iterations 3
Cbc0038I Pass  29: suminf.    0.65658 (3) obj. 592034 iterations 0
Cbc0038I Pass  30: suminf.    0.62843 (3) obj. 592034 iterations 5
Cbc0038I Pass  31: suminf.    1.07902 (3) obj. 592034 iterations 16
Cbc0038I Pass  32: suminf.    0.11618 (2) obj. 592034 iterations 7
Cbc0038I Pass  33: suminf.    0.34102 (1) obj. 592034 iterations 2
Cbc0038I No solution found this major pass
Cbc0038I Before mini branch and bound, 2 integers at bound fixed and 81 continuous
Cbc0038I Full problem 119 rows 167 columns, reduced to 16 rows 21 columns
Cbc0038I Mini branch and bound did not improve solution (0.02 seconds)
Cbc0038I After 0.02 seconds - Feasibility pump exiting with objective of 592061 - took 0.02 seconds
Cbc0012I Integer solution of 592060.52 found by feasibility pump after 0 iterations and 0 nodes (0.02 seconds)
Cbc0038I Full problem 119 rows 167 columns, reduced to 64 rows 112 columns
Cbc0031I 5 added rows had average density of 10.2
Cbc0013I At root node, 5 cuts changed objective from 591925.68 to 592060.28 in 8 passes
Cbc0014I Cut generator 0 (Probing) - 2 row cuts average 2.0 elements, 1 column cuts (1 active)  in 0.000 seconds - new frequency is 1
Cbc0014I Cut generator 1 (Gomory) - 17 row cuts average 13.9 elements, 0 column cuts (0 active)  in 0.000 seconds - new frequency is 1
Cbc0014I Cut generator 2 (Knapsack) - 0 row cuts average 0.0 elements, 0 column cuts (0 active)  in 0.000 seconds - new frequency is -100
Cbc0014I Cut generator 3 (Clique) - 0 row cuts average 0.0 elements, 0 column cuts (0 active)  in 0.000 seconds - new frequency is -100
Cbc0014I Cut generator 4 (MixedIntegerRounding2) - 3 row cuts average 4.7 elements, 0 column cuts (0 active)  in 0.000 seconds - new frequency is 1
Cbc0014I Cut generator 5 (FlowCover) - 0 row cuts average 0.0 elements, 0 column cuts (0 active)  in 0.000 seconds - new frequency is -100
Cbc0014I Cut generator 6 (TwoMirCuts) - 16 row cuts average 10.7 elements, 0 column cuts (0 active)  in 0.002 seconds - new frequency is -100
Cbc0001I Search completed - best objective 592060.5249307487, took 54 iterations and 0 nodes (0.04 seconds)
Cbc0032I Strong branching done 4 times (11 iterations), fathomed 1 nodes and fixed 0 variables
Cbc0035I Maximum depth 0, 1 variables fixed on reduced cost
Cuts at root node changed objective from 591926 to 592061
Probing was tried 8 times and created 3 cuts of which 0 were active after adding rounds of cuts (0.000 seconds)
Gomory was tried 8 times and created 17 cuts of which 0 were active after adding rounds of cuts (0.000 seconds)
Knapsack was tried 8 times and created 0 cuts of which 0 were active after adding rounds of cuts (0.000 seconds)
Clique was tried 8 times and created 0 cuts of which 0 were active after adding rounds of cuts (0.000 seconds)
MixedIntegerRounding2 was tried 8 times and created 3 cuts of which 0 were active after adding rounds of cuts (0.000 seconds)
FlowCover was tried 8 times and created 0 cuts of which 0 were active after adding rounds of cuts (0.000 seconds)
TwoMirCuts was tried 8 times and created 16 cuts of which 0 were active after adding rounds of cuts (0.002 seconds)
ZeroHalf was tried 1 times and created 0 cuts of which 0 were active after adding rounds of cuts (0.000 seconds)

Result - Optimal solution found

Objective value:                592060.52493075
Enumerated nodes:               0
Total iterations:               54
Time (CPU seconds):             0.04
Time (Wallclock seconds):       0.04

Option for printingOptions changed from normal to all
Total time (CPU seconds):       0.07   (Wallclock seconds):       0.07

