Welcome to the CBC MILP Solver 
Version: 2.10.3 
Build Date: Dec 15 2019 

command line - E:\dachuang\.venv\Lib\site-packages\pulp\apis\../solverdir/cbc/win/i64/cbc.exe model.mps -primalTolerance 1e-9 -integerTolerance 1e-9 -ratioGap 0 -allowableGap 0 -threads 0 -branch -printingOptions all -solution solution.txt -saveSolution solution.bin -quit (default strategy 1)
At line 2 NAME          MODEL
At line 3 ROWS
At line 317 COLUMNS
At line 1133 RHS
At line 1446 BOUNDS
At line 1521 ENDATA
Problem MODEL has 312 rows, 241 columns and 647 elements
Coin0008I MODEL read with 0 errors
primalTolerance was changed from 1e-07 to 1e-09
integerTolerance was changed from 1e-07 to 1e-09
ratioGap was changed from 0 to 0
allowableGap was changed from 1e-10 to 0
Continuous objective value is 2.21952e+06 - 0.00 seconds
Cgl0003I 0 fixed, 0 tightened bounds, 2 strengthened rows, 0 substitutions
Cgl0004I processed model has 115 rows, 155 columns (24 integer (24 of which binary)) and 332 elements
Cbc0038I Initial state - 8 integers unsatisfied sum - 2.43331
Cbc0038I Pass   1: suminf.    0.00000 (0) obj. 2.28626e+06 iterations 13
Cbc0038I Solution found of 2.28626e+06
Cbc0038I Relaxing continuous gives 2.28163e+06
Cbc0038I Before mini branch and bound, 16 integers at bound fixed and 82 continuous
Cbc0038I Full problem 115 rows 155 columns, reduced to 10 rows 12 columns
Cbc0038I Mini branch and bound improved solution from 2.28163e+06 to 2.22e+06 (0.02 seconds)
Cbc0038I Round again with cutoff of 2.21995e+06
Cbc0038I Pass   2: suminf.    0.59073 (4) obj. 2.21995e+06 iterations 11
Cbc0038I Pass   3: suminf.    0.00000 (0) obj. 2.21995e+06 iterations 14
Cbc0038I Solution found of 2.21995e+06
Cbc0038I Relaxing continuous gives 2.21989e+06
Cbc0038I Before mini branch and bound, 16 integers at bound fixed and 80 continuous
Cbc0038I Full problem 115 rows 155 columns, reduced to 15 rows 21 columns
Cbc0038I Mini branch and bound improved solution from 2.21989e+06 to 2.21968e+06 (0.03 seconds)
Cbc0038I Round again with cutoff of 2.21965e+06
Cbc0038I Pass   4: suminf.    0.87477 (5) obj. 2.21965e+06 iterations 4
Cbc0038I Pass   5: suminf.    0.52002 (4) obj. 2.21965e+06 iterations 14
Cbc0038I Pass   6: suminf.    0.61373 (3) obj. 2.21965e+06 iterations 10
Cbc0038I Pass   7: suminf.    0.60873 (2) obj. 2.21965e+06 iterations 1
Cbc0038I Pass   8: suminf.    0.65831 (3) obj. 2.21965e+06 iterations 9
Cbc0038I Pass   9: suminf.    0.65831 (3) obj. 2.21965e+06 iterations 0
Cbc0038I Pass  10: suminf.    0.83271 (3) obj. 2.21965e+06 iterations 3
Cbc0038I Pass  11: suminf.    0.61373 (3) obj. 2.21965e+06 iterations 1
Cbc0038I Pass  12: suminf.    0.60873 (2) obj. 2.21965e+06 iterations 1
Cbc0038I Pass  13: suminf.    0.65831 (3) obj. 2.21965e+06 iterations 9
Cbc0038I Pass  14: suminf.    0.65831 (3) obj. 2.21965e+06 iterations 0
Cbc0038I Pass  15: suminf.    0.83271 (3) obj. 2.21965e+06 iterations 3
Cbc0038I Pass  16: suminf.    0.61373 (3) obj. 2.21965e+06 iterations 1
Cbc0038I Pass  17: suminf.    0.60873 (2) obj. 2.21965e+06 iterations 1
Cbc0038I Pass  18: suminf.    0.65831 (3) obj. 2.21965e+06 iterations 9
Cbc0038I Pass  19: suminf.    0.65831 (3) obj. 2.21965e+06 iterations 0
Cbc0038I Pass  20: suminf.    0.83271 (3) obj. 2.21965e+06 iterations 3
Cbc0038I Pass  21: suminf.    0.61373 (3) obj. 2.21965e+06 iterations 1
Cbc0038I Pass  22: suminf.    0.60873 (2) obj. 2.21965e+06 iterations 1
Cbc0038I Pass  23: suminf.    0.65831 (3) obj. 2.21965e+06 iterations 9
Cbc0038I Pass  24: suminf.    0.65831 (3) obj. 2.21965e+06 iterations 0
Cbc0038I Pass  25: suminf.    0.83271 (3) obj. 2.21965e+06 iterations 3
Cbc0038I Pass  26: suminf.    0.61373 (3) obj. 2.21965e+06 iterations 1
Cbc0038I Pass  27: suminf.    0.60873 (2) obj. 2.21965e+06 iterations 1
Cbc0038I Pass  28: suminf.    0.65831 (3) obj. 2.21965e+06 iterations 9
Cbc0038I Pass  29: suminf.    0.65831 (3) obj. 2.21965e+06 iterations 0
Cbc0038I Pass  30: suminf.    0.83271 (3) obj. 2.21965e+06 iterations 3
Cbc0038I Pass  31: suminf.    0.61373 (3) obj. 2.21965e+06 iterations 1
Cbc0038I Pass  32: suminf.    0.60873 (2) obj. 2.21965e+06 iterations 1
Cbc0038I Pass  33: suminf.    0.65831 (3) obj. 2.21965e+06 iterations 9
Cbc0038I No solution found this major pass
Cbc0038I Before mini branch and bound, 16 integers at bound fixed and 82 continuous
Cbc0038I Full problem 115 rows 155 columns, reduced to 16 rows 21 columns
Cbc0038I Mini branch and bound did not improve solution (0.04 seconds)
Cbc0038I After 0.04 seconds - Feasibility pump exiting with objective of 2.21968e+06 - took 0.03 seconds
Cbc0012I Integer solution of 2219676.4 found by feasibility pump after 0 iterations and 0 nodes (0.04 seconds)
Cbc0038I Full problem 115 rows 155 columns, reduced to 72 rows 109 columns
Cbc0012I Integer solution of 2219653.3 found by DiveCoefficient after 816 iterations and 0 nodes (0.21 seconds)
Cbc0031I 9 added rows had average density of 14
Cbc0013I At root node, 9 cuts changed objective from 2219520.8 to 2219634.8 in 100 passes
Cbc0014I Cut generator 0 (Probing) - 0 row cuts average 0.0 elements, 2 column cuts (2 active)  in 0.011 seconds - new frequency is -100
Cbc0014I Cut generator 1 (Gomory) - 280 row cuts average 30.2 elements, 0 column cuts (0 active)  in 0.013 seconds - new frequency is 1
Cbc0014I Cut generator 2 (Knapsack) - 0 row cuts average 0.0 elements, 0 column cuts (0 active)  in 0.020 seconds - new frequency is -100
Cbc0014I Cut generator 3 (Clique) - 0 row cuts average 0.0 elements, 0 column cuts (0 active)  in 0.000 seconds - new frequency is -100
Cbc0014I Cut generator 4 (MixedIntegerRounding2) - 1 row cuts average 4.0 elements, 0 column cuts (0 active)  in 0.011 seconds - new frequency is -100
Cbc0014I Cut generator 5 (FlowCover) - 0 row cuts average 0.0 elements, 0 column cuts (0 active)  in 0.026 seconds - new frequency is -100
Cbc0014I Cut generator 6 (TwoMirCuts) - 20 row cuts average 9.5 elements, 0 column cuts (0 active)  in 0.005 seconds - new frequency is -100
Cbc0010I After 0 nodes, 1 on tree, 2219653.3 best solution, best possible 2219634.8 (0.21 seconds)
Cbc0001I Search completed - best objective 2219653.268841987, took 869 iterations and 2 nodes (0.21 seconds)
Cbc0032I Strong branching done 8 times (22 iterations), fathomed 1 nodes and fixed 0 variables
Cbc0035I Maximum depth 0, 0 variables fixed on reduced cost
Cuts at root node changed objective from 2.21952e+06 to 2.21963e+06
Probing was tried 100 times and created 2 cuts of which 0 were active after adding rounds of cuts (0.011 seconds)
Gomory was tried 108 times and created 294 cuts of which 0 were active after adding rounds of cuts (0.014 seconds)
Knapsack was tried 100 times and created 0 cuts of which 0 were active after adding rounds of cuts (0.020 seconds)
Clique was tried 100 times and created 0 cuts of which 0 were active after adding rounds of cuts (0.000 seconds)
MixedIntegerRounding2 was tried 100 times and created 1 cuts of which 0 were active after adding rounds of cuts (0.011 seconds)
FlowCover was tried 100 times and created 0 cuts of which 0 were active after adding rounds of cuts (0.026 seconds)
TwoMirCuts was tried 100 times and created 20 cuts of which 0 were active after adding rounds of cuts (0.005 seconds)
ZeroHalf was tried 1 times and created 0 cuts of which 0 were active after adding rounds of cuts (0.000 seconds)

Result - Optimal solution found

Objective value:                2219653.26884199
Enumerated nodes:               2
Total iterations:               869
Time (CPU seconds):             0.22
Time (Wallclock seconds):       0.22

Option for printingOptions changed from normal to all
Total time (CPU seconds):       0.24   (Wallclock seconds):       0.24

