Welcome to the CBC MILP Solver 
Version: 2.10.3 
Build Date: Dec 15 2019 

command line - E:\dachuang\.venv\Lib\site-packages\pulp\apis\../solverdir/cbc/win/i64/cbc.exe model.mps -primalTolerance 1e-9 -integerTolerance 1e-9 -ratioGap 0 -allowableGap 0 -threads 0 -branch -printingOptions all -solution solution.txt -saveSolution solution.bin -quit (default strategy 1)
At line 2 NAME          MODEL
At line 3 ROWS
At line 317 COLUMNS
At line 1133 RHS
At line 1446 BOUNDS
At line 1521 ENDATA
Problem MODEL has 312 rows, 241 columns and 647 elements
Coin0008I MODEL read with 0 errors
primalTolerance was changed from 1e-07 to 1e-09
integerTolerance was changed from 1e-07 to 1e-09
ratioGap was changed from 0 to 0
allowableGap was changed from 1e-10 to 0
Continuous objective value is 1.38255e+06 - 0.00 seconds
Cgl0003I 0 fixed, 0 tightened bounds, 3 strengthened rows, 0 substitutions
Cgl0004I processed model has 117 rows, 158 columns (24 integer (24 of which binary)) and 341 elements
Cbc0038I Initial state - 6 integers unsatisfied sum - 1.08896
Cbc0038I Pass   1: suminf.    0.00000 (0) obj. 1.41984e+06 iterations 13
Cbc0038I Solution found of 1.41984e+06
Cbc0038I Relaxing continuous gives 1.39857e+06
Cbc0038I Before mini branch and bound, 18 integers at bound fixed and 84 continuous
Cbc0038I Full problem 117 rows 158 columns, reduced to 5 rows 9 columns
Cbc0038I Mini branch and bound improved solution from 1.39857e+06 to 1.38277e+06 (0.01 seconds)
Cbc0038I Round again with cutoff of 1.38275e+06
Cbc0038I Pass   2: suminf.    0.29767 (4) obj. 1.38275e+06 iterations 11
Cbc0038I Pass   3: suminf.    0.00000 (0) obj. 1.38275e+06 iterations 10
Cbc0038I Solution found of 1.38275e+06
Cbc0038I Relaxing continuous gives 1.3827e+06
Cbc0038I Before mini branch and bound, 18 integers at bound fixed and 82 continuous
Cbc0038I Full problem 117 rows 158 columns, reduced to 9 rows 12 columns
Cbc0038I Mini branch and bound improved solution from 1.3827e+06 to 1.3827e+06 (0.02 seconds)
Cbc0038I Round again with cutoff of 1.38267e+06
Cbc0038I Pass   4: suminf.    0.61085 (4) obj. 1.38267e+06 iterations 1
Cbc0038I Pass   5: suminf.    0.12562 (1) obj. 1.38267e+06 iterations 9
Cbc0038I Pass   6: suminf.    0.39838 (1) obj. 1.38267e+06 iterations 1
Cbc0038I Pass   7: suminf.    0.46998 (4) obj. 1.38267e+06 iterations 11
Cbc0038I Pass   8: suminf.    0.87438 (2) obj. 1.38267e+06 iterations 8
Cbc0038I Pass   9: suminf.    0.39838 (2) obj. 1.38267e+06 iterations 1
Cbc0038I Pass  10: suminf.    0.42523 (2) obj. 1.38267e+06 iterations 1
Cbc0038I Pass  11: suminf.    0.42523 (2) obj. 1.38267e+06 iterations 0
Cbc0038I Pass  12: suminf.    0.42523 (2) obj. 1.38267e+06 iterations 5
Cbc0038I Pass  13: suminf.    0.42523 (2) obj. 1.38267e+06 iterations 1
Cbc0038I Pass  14: suminf.    0.87438 (2) obj. 1.38267e+06 iterations 7
Cbc0038I Pass  15: suminf.    0.39838 (2) obj. 1.38267e+06 iterations 1
Cbc0038I Pass  16: suminf.    0.42523 (2) obj. 1.38267e+06 iterations 1
Cbc0038I Pass  17: suminf.    0.26734 (2) obj. 1.38267e+06 iterations 6
Cbc0038I Pass  18: suminf.    0.26734 (2) obj. 1.38267e+06 iterations 1
Cbc0038I Pass  19: suminf.    0.26734 (2) obj. 1.38267e+06 iterations 9
Cbc0038I Pass  20: suminf.    0.26734 (2) obj. 1.38267e+06 iterations 3
Cbc0038I Pass  21: suminf.    0.40484 (5) obj. 1.38267e+06 iterations 9
Cbc0038I Pass  22: suminf.    0.40484 (5) obj. 1.38267e+06 iterations 0
Cbc0038I Pass  23: suminf.    0.25588 (1) obj. 1.38267e+06 iterations 7
Cbc0038I Pass  24: suminf.    0.00000 (0) obj. 1.38267e+06 iterations 3
Cbc0038I Solution found of 1.38267e+06
Cbc0038I Relaxing continuous gives 1.38267e+06
Cbc0038I Before mini branch and bound, 8 integers at bound fixed and 77 continuous
Cbc0038I Full problem 117 rows 158 columns, reduced to 16 rows 22 columns
Cbc0038I Mini branch and bound improved solution from 1.38267e+06 to 1.38266e+06 (0.03 seconds)
Cbc0038I Round again with cutoff of 1.38263e+06
Cbc0038I Pass  25: suminf.    0.62091 (4) obj. 1.38263e+06 iterations 0
Cbc0038I Pass  26: suminf.    0.55216 (4) obj. 1.38263e+06 iterations 6
Cbc0038I Pass  27: suminf.    0.40844 (1) obj. 1.38263e+06 iterations 5
Cbc0038I Pass  28: suminf.    0.33968 (1) obj. 1.38263e+06 iterations 2
Cbc0038I Pass  29: suminf.    0.44693 (4) obj. 1.38263e+06 iterations 13
Cbc0038I Pass  30: suminf.    0.40844 (1) obj. 1.38263e+06 iterations 4
Cbc0038I Pass  31: suminf.    0.33968 (1) obj. 1.38263e+06 iterations 2
Cbc0038I Pass  32: suminf.    0.60937 (3) obj. 1.38263e+06 iterations 17
Cbc0038I Pass  33: suminf.    0.60937 (3) obj. 1.38263e+06 iterations 0
Cbc0038I Pass  34: suminf.    0.18179 (1) obj. 1.38263e+06 iterations 7
Cbc0038I Pass  35: suminf.    0.44906 (1) obj. 1.38263e+06 iterations 1
Cbc0038I Pass  36: suminf.    0.45406 (2) obj. 1.38263e+06 iterations 13
Cbc0038I Pass  37: suminf.    0.44906 (1) obj. 1.38263e+06 iterations 1
Cbc0038I Pass  38: suminf.    0.48139 (3) obj. 1.38263e+06 iterations 6
Cbc0038I Pass  39: suminf.    0.44906 (1) obj. 1.38263e+06 iterations 7
Cbc0038I Pass  40: suminf.    0.18179 (1) obj. 1.38263e+06 iterations 2
Cbc0038I Pass  41: suminf.    0.18179 (1) obj. 1.38263e+06 iterations 2
Cbc0038I Pass  42: suminf.    0.18179 (1) obj. 1.38263e+06 iterations 1
Cbc0038I Pass  43: suminf.    0.44906 (1) obj. 1.38263e+06 iterations 1
Cbc0038I Pass  44: suminf.    0.31656 (2) obj. 1.38263e+06 iterations 7
Cbc0038I Pass  45: suminf.    0.30656 (1) obj. 1.38263e+06 iterations 2
Cbc0038I Pass  46: suminf.    0.33968 (1) obj. 1.38263e+06 iterations 4
Cbc0038I Pass  47: suminf.    0.40844 (1) obj. 1.38263e+06 iterations 1
Cbc0038I Pass  48: suminf.    0.33704 (2) obj. 1.38263e+06 iterations 17
Cbc0038I Pass  49: suminf.    0.33968 (1) obj. 1.38263e+06 iterations 6
Cbc0038I Pass  50: suminf.    0.40844 (1) obj. 1.38263e+06 iterations 1
Cbc0038I Pass  51: suminf.    1.36595 (4) obj. 1.38263e+06 iterations 13
Cbc0038I Pass  52: suminf.    0.33968 (1) obj. 1.38263e+06 iterations 4
Cbc0038I Pass  53: suminf.    0.40844 (1) obj. 1.38263e+06 iterations 1
Cbc0038I Pass  54: suminf.    0.94005 (5) obj. 1.38263e+06 iterations 6
Cbc0038I No solution found this major pass
Cbc0038I Before mini branch and bound, 5 integers at bound fixed and 73 continuous
Cbc0038I Full problem 117 rows 158 columns, reduced to 18 rows 25 columns
Cbc0038I Mini branch and bound did not improve solution (0.04 seconds)
Cbc0038I After 0.04 seconds - Feasibility pump exiting with objective of 1.38266e+06 - took 0.04 seconds
Cbc0012I Integer solution of 1382655.3 found by feasibility pump after 0 iterations and 0 nodes (0.04 seconds)
Cbc0038I Full problem 117 rows 158 columns, reduced to 72 rows 112 columns
Cbc0031I 8 added rows had average density of 12.375
Cbc0013I At root node, 8 cuts changed objective from 1382568.9 to 1382604.2 in 100 passes
Cbc0014I Cut generator 0 (Probing) - 2 row cuts average 4.0 elements, 2 column cuts (2 active)  in 0.009 seconds - new frequency is -100
Cbc0014I Cut generator 1 (Gomory) - 391 row cuts average 21.7 elements, 0 column cuts (0 active)  in 0.009 seconds - new frequency is 1
Cbc0014I Cut generator 2 (Knapsack) - 0 row cuts average 0.0 elements, 0 column cuts (0 active)  in 0.020 seconds - new frequency is -100
Cbc0014I Cut generator 3 (Clique) - 0 row cuts average 0.0 elements, 0 column cuts (0 active)  in 0.001 seconds - new frequency is -100
Cbc0014I Cut generator 4 (MixedIntegerRounding2) - 7 row cuts average 5.6 elements, 0 column cuts (0 active)  in 0.007 seconds - new frequency is -100
Cbc0014I Cut generator 5 (FlowCover) - 0 row cuts average 0.0 elements, 0 column cuts (0 active)  in 0.027 seconds - new frequency is -100
Cbc0014I Cut generator 6 (TwoMirCuts) - 19 row cuts average 8.2 elements, 0 column cuts (0 active)  in 0.004 seconds - new frequency is -100
Cbc0010I After 0 nodes, 1 on tree, 1382655.3 best solution, best possible 1382604.2 (0.21 seconds)
Cbc0001I Search completed - best objective 1382655.260144627, took 955 iterations and 6 nodes (0.22 seconds)
Cbc0032I Strong branching done 24 times (91 iterations), fathomed 1 nodes and fixed 2 variables
Cbc0035I Maximum depth 1, 0 variables fixed on reduced cost
Cuts at root node changed objective from 1.38257e+06 to 1.3826e+06
Probing was tried 100 times and created 4 cuts of which 0 were active after adding rounds of cuts (0.009 seconds)
Gomory was tried 127 times and created 425 cuts of which 0 were active after adding rounds of cuts (0.010 seconds)
Knapsack was tried 100 times and created 0 cuts of which 0 were active after adding rounds of cuts (0.020 seconds)
Clique was tried 100 times and created 0 cuts of which 0 were active after adding rounds of cuts (0.001 seconds)
MixedIntegerRounding2 was tried 100 times and created 7 cuts of which 0 were active after adding rounds of cuts (0.007 seconds)
FlowCover was tried 100 times and created 0 cuts of which 0 were active after adding rounds of cuts (0.027 seconds)
TwoMirCuts was tried 100 times and created 19 cuts of which 0 were active after adding rounds of cuts (0.004 seconds)
ZeroHalf was tried 1 times and created 0 cuts of which 0 were active after adding rounds of cuts (0.000 seconds)

Result - Optimal solution found

Objective value:                1382655.26014463
Enumerated nodes:               6
Total iterations:               955
Time (CPU seconds):             0.23
Time (Wallclock seconds):       0.23

Option for printingOptions changed from normal to all
Total time (CPU seconds):       0.24   (Wallclock seconds):       0.25

