Welcome to the CBC MILP Solver 
Version: 2.10.3 
Build Date: Dec 15 2019 

command line - E:\dachuang\.venv\Lib\site-packages\pulp\apis\../solverdir/cbc/win/i64/cbc.exe model.mps -primalTolerance 1e-9 -integerTolerance 1e-9 -ratioGap 0 -allowableGap 0 -threads 0 -branch -printingOptions all -solution solution.txt -saveSolution solution.bin -quit (default strategy 1)
At line 2 NAME          MODEL
At line 3 ROWS
At line 317 COLUMNS
At line 1133 RHS
At line 1446 BOUNDS
At line 1521 ENDATA
Problem MODEL has 312 rows, 241 columns and 647 elements
Coin0008I MODEL read with 0 errors
primalTolerance was changed from 1e-07 to 1e-09
integerTolerance was changed from 1e-07 to 1e-09
ratioGap was changed from 0 to 0
allowableGap was changed from 1e-10 to 0
Continuous objective value is 2.25543e+06 - 0.00 seconds
Cgl0003I 0 fixed, 0 tightened bounds, 2 strengthened rows, 0 substitutions
Cgl0004I processed model has 115 rows, 159 columns (24 integer (24 of which binary)) and 336 elements
Cbc0038I Initial state - 9 integers unsatisfied sum - 2.2443
Cbc0038I Pass   1: suminf.    0.00000 (0) obj. 2.39438e+06 iterations 13
Cbc0038I Solution found of 2.39438e+06
Cbc0038I Relaxing continuous gives 2.28924e+06
Cbc0038I Before mini branch and bound, 15 integers at bound fixed and 86 continuous
Cbc0038I Full problem 115 rows 159 columns, reduced to 11 rows 15 columns
Cbc0038I Mini branch and bound improved solution from 2.28924e+06 to 2.25569e+06 (0.01 seconds)
Cbc0038I Freeing continuous variables gives a solution of 2.25569e+06
Cbc0038I Round again with cutoff of 2.25566e+06
Cbc0038I Pass   2: suminf.    0.82440 (5) obj. 2.25566e+06 iterations 16
Cbc0038I Pass   3: suminf.    0.10986 (1) obj. 2.25566e+06 iterations 15
Cbc0038I Pass   4: suminf.    0.49943 (2) obj. 2.25566e+06 iterations 7
Cbc0038I Pass   5: suminf.    0.10986 (1) obj. 2.25566e+06 iterations 2
Cbc0038I Pass   6: suminf.    1.07085 (4) obj. 2.25566e+06 iterations 11
Cbc0038I Pass   7: suminf.    0.63965 (3) obj. 2.25566e+06 iterations 1
Cbc0038I Pass   8: suminf.    0.10986 (1) obj. 2.25566e+06 iterations 9
Cbc0038I Pass   9: suminf.    0.49943 (2) obj. 2.25566e+06 iterations 6
Cbc0038I Pass  10: suminf.    0.10986 (1) obj. 2.25566e+06 iterations 2
Cbc0038I Pass  11: suminf.    0.10986 (1) obj. 2.25566e+06 iterations 7
Cbc0038I Pass  12: suminf.    0.10986 (1) obj. 2.25566e+06 iterations 6
Cbc0038I Pass  13: suminf.    0.49943 (2) obj. 2.25566e+06 iterations 6
Cbc0038I Pass  14: suminf.    0.10986 (1) obj. 2.25566e+06 iterations 2
Cbc0038I Pass  15: suminf.    0.24749 (2) obj. 2.25566e+06 iterations 9
Cbc0038I Pass  16: suminf.    0.26543 (1) obj. 2.25566e+06 iterations 4
Cbc0038I Pass  17: suminf.    0.10986 (1) obj. 2.25566e+06 iterations 1
Cbc0038I Pass  18: suminf.    0.37886 (3) obj. 2.25566e+06 iterations 5
Cbc0038I Pass  19: suminf.    0.26543 (1) obj. 2.25566e+06 iterations 10
Cbc0038I Pass  20: suminf.    0.10986 (1) obj. 2.25566e+06 iterations 2
Cbc0038I Pass  21: suminf.    1.25832 (6) obj. 2.25566e+06 iterations 16
Cbc0038I Pass  22: suminf.    0.97632 (5) obj. 2.25566e+06 iterations 1
Cbc0038I Pass  23: suminf.    0.10986 (1) obj. 2.25566e+06 iterations 11
Cbc0038I Pass  24: suminf.    0.49943 (2) obj. 2.25566e+06 iterations 7
Cbc0038I Pass  25: suminf.    0.10986 (1) obj. 2.25566e+06 iterations 2
Cbc0038I Pass  26: suminf.    0.56907 (4) obj. 2.25566e+06 iterations 7
Cbc0038I Pass  27: suminf.    0.10986 (1) obj. 2.25566e+06 iterations 10
Cbc0038I Pass  28: suminf.    0.49943 (2) obj. 2.25566e+06 iterations 6
Cbc0038I Pass  29: suminf.    0.10986 (1) obj. 2.25566e+06 iterations 2
Cbc0038I Pass  30: suminf.    1.22410 (5) obj. 2.25566e+06 iterations 6
Cbc0038I Pass  31: suminf.    0.79290 (4) obj. 2.25566e+06 iterations 1
Cbc0038I No solution found this major pass
Cbc0038I Before mini branch and bound, 4 integers at bound fixed and 80 continuous
Cbc0038I Full problem 115 rows 159 columns, reduced to 15 rows 21 columns
Cbc0038I Mini branch and bound did not improve solution (0.03 seconds)
Cbc0038I After 0.03 seconds - Feasibility pump exiting with objective of 2.25569e+06 - took 0.02 seconds
Cbc0012I Integer solution of 2255688.7 found by feasibility pump after 0 iterations and 0 nodes (0.03 seconds)
Cbc0038I Full problem 115 rows 159 columns, reduced to 74 rows 115 columns
Cbc0031I 10 added rows had average density of 14.2
Cbc0013I At root node, 10 cuts changed objective from 2255433.7 to 2255680.1 in 8 passes
Cbc0014I Cut generator 0 (Probing) - 5 row cuts average 2.0 elements, 0 column cuts (0 active)  in 0.002 seconds - new frequency is 1
Cbc0014I Cut generator 1 (Gomory) - 18 row cuts average 23.7 elements, 0 column cuts (0 active)  in 0.002 seconds - new frequency is 1
Cbc0014I Cut generator 2 (Knapsack) - 0 row cuts average 0.0 elements, 0 column cuts (0 active)  in 0.001 seconds - new frequency is -100
Cbc0014I Cut generator 3 (Clique) - 0 row cuts average 0.0 elements, 0 column cuts (0 active)  in 0.000 seconds - new frequency is -100
Cbc0014I Cut generator 4 (MixedIntegerRounding2) - 9 row cuts average 4.6 elements, 0 column cuts (0 active)  in 0.002 seconds - new frequency is 1
Cbc0014I Cut generator 5 (FlowCover) - 0 row cuts average 0.0 elements, 0 column cuts (0 active)  in 0.001 seconds - new frequency is -100
Cbc0014I Cut generator 6 (TwoMirCuts) - 22 row cuts average 22.6 elements, 0 column cuts (0 active)  in 0.002 seconds - new frequency is -100
Cbc0010I After 0 nodes, 1 on tree, 2255688.7 best solution, best possible 2255680.1 (0.06 seconds)
Cbc0001I Search completed - best objective 2255688.742861724, took 61 iterations and 2 nodes (0.07 seconds)
Cbc0032I Strong branching done 10 times (48 iterations), fathomed 2 nodes and fixed 2 variables
Cbc0035I Maximum depth 0, 0 variables fixed on reduced cost
Cuts at root node changed objective from 2.25543e+06 to 2.25568e+06
Probing was tried 10 times and created 5 cuts of which 0 were active after adding rounds of cuts (0.002 seconds)
Gomory was tried 10 times and created 18 cuts of which 0 were active after adding rounds of cuts (0.002 seconds)
Knapsack was tried 8 times and created 0 cuts of which 0 were active after adding rounds of cuts (0.001 seconds)
Clique was tried 8 times and created 0 cuts of which 0 were active after adding rounds of cuts (0.000 seconds)
MixedIntegerRounding2 was tried 10 times and created 9 cuts of which 0 were active after adding rounds of cuts (0.002 seconds)
FlowCover was tried 8 times and created 0 cuts of which 0 were active after adding rounds of cuts (0.001 seconds)
TwoMirCuts was tried 8 times and created 22 cuts of which 0 were active after adding rounds of cuts (0.002 seconds)
ZeroHalf was tried 1 times and created 0 cuts of which 0 were active after adding rounds of cuts (0.000 seconds)

Result - Optimal solution found

Objective value:                2255688.74286172
Enumerated nodes:               2
Total iterations:               61
Time (CPU seconds):             0.07
Time (Wallclock seconds):       0.07

Option for printingOptions changed from normal to all
Total time (CPU seconds):       0.10   (Wallclock seconds):       0.10

