Welcome to the CBC MILP Solver 
Version: 2.10.3 
Build Date: Dec 15 2019 

command line - E:\dachuang\.venv\Lib\site-packages\pulp\apis\../solverdir/cbc/win/i64/cbc.exe model.mps -primalTolerance 1e-9 -integerTolerance 1e-9 -ratioGap 0 -allowableGap 0 -threads 0 -branch -printingOptions all -solution solution.txt -saveSolution solution.bin -quit (default strategy 1)
At line 2 NAME          MODEL
At line 3 ROWS
At line 317 COLUMNS
At line 1133 RHS
At line 1446 BOUNDS
At line 1521 ENDATA
Problem MODEL has 312 rows, 241 columns and 647 elements
Coin0008I MODEL read with 0 errors
primalTolerance was changed from 1e-07 to 1e-09
integerTolerance was changed from 1e-07 to 1e-09
ratioGap was changed from 0 to 0
allowableGap was changed from 1e-10 to 0
Continuous objective value is 1.48793e+06 - 0.00 seconds
Cgl0003I 0 fixed, 0 tightened bounds, 3 strengthened rows, 0 substitutions
Cgl0004I processed model has 116 rows, 161 columns (24 integer (24 of which binary)) and 341 elements
Cbc0038I Initial state - 9 integers unsatisfied sum - 2.76065
Cbc0038I Pass   1: suminf.    0.00000 (0) obj. 1.59124e+06 iterations 14
Cbc0038I Solution found of 1.59124e+06
Cbc0038I Relaxing continuous gives 1.49516e+06
Cbc0038I Before mini branch and bound, 15 integers at bound fixed and 86 continuous
Cbc0038I Full problem 116 rows 161 columns, reduced to 9 rows 12 columns
Cbc0038I Mini branch and bound improved solution from 1.49516e+06 to 1.48832e+06 (0.01 seconds)
Cbc0038I Freeing continuous variables gives a solution of 1.48832e+06
Cbc0038I Round again with cutoff of 1.48828e+06
Cbc0038I Pass   2: suminf.    0.77578 (5) obj. 1.48828e+06 iterations 10
Cbc0038I Pass   3: suminf.    0.00000 (0) obj. 1.48828e+06 iterations 15
Cbc0038I Solution found of 1.48828e+06
Cbc0038I Relaxing continuous gives 1.48817e+06
Cbc0038I Before mini branch and bound, 12 integers at bound fixed and 80 continuous
Cbc0038I Full problem 116 rows 161 columns, reduced to 18 rows 23 columns
Cbc0038I Mini branch and bound improved solution from 1.48817e+06 to 1.48816e+06 (0.02 seconds)
Cbc0038I Freeing continuous variables gives a solution of 1.48816e+06
Cbc0038I Round again with cutoff of 1.48812e+06
Cbc0038I Pass   4: suminf.    0.85331 (6) obj. 1.48812e+06 iterations 3
Cbc0038I Pass   5: suminf.    0.83802 (6) obj. 1.48812e+06 iterations 2
Cbc0038I Pass   6: suminf.    0.89758 (3) obj. 1.48812e+06 iterations 11
Cbc0038I Pass   7: suminf.    0.87833 (3) obj. 1.48812e+06 iterations 9
Cbc0038I Pass   8: suminf.    0.87833 (3) obj. 1.48812e+06 iterations 0
Cbc0038I Pass   9: suminf.    0.91142 (2) obj. 1.48812e+06 iterations 3
Cbc0038I Pass  10: suminf.    1.21858 (4) obj. 1.48812e+06 iterations 8
Cbc0038I Pass  11: suminf.    0.87833 (3) obj. 1.48812e+06 iterations 4
Cbc0038I Pass  12: suminf.    0.87833 (3) obj. 1.48812e+06 iterations 0
Cbc0038I Pass  13: suminf.    0.91142 (2) obj. 1.48812e+06 iterations 3
Cbc0038I Pass  14: suminf.    0.89758 (3) obj. 1.48812e+06 iterations 1
Cbc0038I Pass  15: suminf.    0.87833 (3) obj. 1.48812e+06 iterations 7
Cbc0038I Pass  16: suminf.    1.59123 (8) obj. 1.48812e+06 iterations 20
Cbc0038I Pass  17: suminf.    1.03839 (6) obj. 1.48812e+06 iterations 2
Cbc0038I Pass  18: suminf.    0.21973 (2) obj. 1.48812e+06 iterations 9
Cbc0038I Pass  19: suminf.    0.89758 (3) obj. 1.48812e+06 iterations 6
Cbc0038I Pass  20: suminf.    0.87833 (3) obj. 1.48812e+06 iterations 8
Cbc0038I Pass  21: suminf.    0.87833 (3) obj. 1.48812e+06 iterations 0
Cbc0038I Pass  22: suminf.    0.91142 (2) obj. 1.48812e+06 iterations 3
Cbc0038I Pass  23: suminf.    0.94947 (3) obj. 1.48812e+06 iterations 10
Cbc0038I Pass  24: suminf.    0.82708 (3) obj. 1.48812e+06 iterations 2
Cbc0038I Pass  25: suminf.    0.87833 (3) obj. 1.48812e+06 iterations 3
Cbc0038I Pass  26: suminf.    0.87833 (3) obj. 1.48812e+06 iterations 0
Cbc0038I Pass  27: suminf.    0.91142 (2) obj. 1.48812e+06 iterations 3
Cbc0038I Pass  28: suminf.    0.89758 (3) obj. 1.48812e+06 iterations 1
Cbc0038I Pass  29: suminf.    0.87833 (3) obj. 1.48812e+06 iterations 5
Cbc0038I Pass  30: suminf.    0.34357 (3) obj. 1.48812e+06 iterations 22
Cbc0038I Pass  31: suminf.    0.21973 (2) obj. 1.48812e+06 iterations 3
Cbc0038I Pass  32: suminf.    0.89758 (3) obj. 1.48812e+06 iterations 6
Cbc0038I Pass  33: suminf.    0.87833 (3) obj. 1.48812e+06 iterations 9
Cbc0038I No solution found this major pass
Cbc0038I Before mini branch and bound, 3 integers at bound fixed and 71 continuous
Cbc0038I Full problem 116 rows 161 columns, reduced to 21 rows 28 columns
Cbc0038I Mini branch and bound did not improve solution (0.03 seconds)
Cbc0038I After 0.04 seconds - Feasibility pump exiting with objective of 1.48816e+06 - took 0.03 seconds
Cbc0012I Integer solution of 1488158.2 found by feasibility pump after 0 iterations and 0 nodes (0.04 seconds)
Cbc0038I Full problem 116 rows 161 columns, reduced to 83 rows 126 columns
Cbc0031I 12 added rows had average density of 8.75
Cbc0013I At root node, 12 cuts changed objective from 1487953.9 to 1488158 in 12 passes
Cbc0014I Cut generator 0 (Probing) - 4 row cuts average 2.0 elements, 3 column cuts (3 active)  in 0.001 seconds - new frequency is 1
Cbc0014I Cut generator 1 (Gomory) - 42 row cuts average 16.6 elements, 0 column cuts (0 active)  in 0.001 seconds - new frequency is 1
Cbc0014I Cut generator 2 (Knapsack) - 0 row cuts average 0.0 elements, 0 column cuts (0 active)  in 0.002 seconds - new frequency is -100
Cbc0014I Cut generator 3 (Clique) - 0 row cuts average 0.0 elements, 0 column cuts (0 active)  in 0.000 seconds - new frequency is -100
Cbc0014I Cut generator 4 (MixedIntegerRounding2) - 10 row cuts average 7.4 elements, 0 column cuts (0 active)  in 0.001 seconds - new frequency is 1
Cbc0014I Cut generator 5 (FlowCover) - 0 row cuts average 0.0 elements, 0 column cuts (0 active)  in 0.001 seconds - new frequency is -100
Cbc0014I Cut generator 6 (TwoMirCuts) - 30 row cuts average 10.9 elements, 0 column cuts (0 active)  in 0.001 seconds - new frequency is -100
Cbc0001I Search completed - best objective 1488158.158684104, took 92 iterations and 0 nodes (0.06 seconds)
Cbc0032I Strong branching done 4 times (16 iterations), fathomed 1 nodes and fixed 0 variables
Cbc0035I Maximum depth 0, 0 variables fixed on reduced cost
Cuts at root node changed objective from 1.48795e+06 to 1.48816e+06
Probing was tried 12 times and created 7 cuts of which 0 were active after adding rounds of cuts (0.001 seconds)
Gomory was tried 12 times and created 42 cuts of which 0 were active after adding rounds of cuts (0.001 seconds)
Knapsack was tried 12 times and created 0 cuts of which 0 were active after adding rounds of cuts (0.002 seconds)
Clique was tried 12 times and created 0 cuts of which 0 were active after adding rounds of cuts (0.000 seconds)
MixedIntegerRounding2 was tried 12 times and created 10 cuts of which 0 were active after adding rounds of cuts (0.001 seconds)
FlowCover was tried 12 times and created 0 cuts of which 0 were active after adding rounds of cuts (0.001 seconds)
TwoMirCuts was tried 12 times and created 30 cuts of which 0 were active after adding rounds of cuts (0.001 seconds)
ZeroHalf was tried 1 times and created 0 cuts of which 0 were active after adding rounds of cuts (0.000 seconds)

Result - Optimal solution found

Objective value:                1488158.15868410
Enumerated nodes:               0
Total iterations:               92
Time (CPU seconds):             0.06
Time (Wallclock seconds):       0.06

Option for printingOptions changed from normal to all
Total time (CPU seconds):       0.10   (Wallclock seconds):       0.10

