Welcome to the CBC MILP Solver 
Version: 2.10.3 
Build Date: Dec 15 2019 

command line - E:\dachuang\.venv\Lib\site-packages\pulp\apis\../solverdir/cbc/win/i64/cbc.exe model.mps -primalTolerance 1e-9 -integerTolerance 1e-9 -ratioGap 0 -allowableGap 0 -threads 0 -branch -printingOptions all -solution solution.txt -saveSolution solution.bin -quit (default strategy 1)
At line 2 NAME          MODEL
At line 3 ROWS
At line 317 COLUMNS
At line 1133 RHS
At line 1446 BOUNDS
At line 1521 ENDATA
Problem MODEL has 312 rows, 241 columns and 647 elements
Coin0008I MODEL read with 0 errors
primalTolerance was changed from 1e-07 to 1e-09
integerTolerance was changed from 1e-07 to 1e-09
ratioGap was changed from 0 to 0
allowableGap was changed from 1e-10 to 0
Continuous objective value is 1.40355e+06 - 0.00 seconds
Cgl0003I 0 fixed, 0 tightened bounds, 3 strengthened rows, 0 substitutions
Cgl0004I processed model has 116 rows, 161 columns (24 integer (24 of which binary)) and 341 elements
Cbc0038I Initial state - 11 integers unsatisfied sum - 3.13216
Cbc0038I Pass   1: suminf.    0.00000 (0) obj. 1.58286e+06 iterations 24
Cbc0038I Solution found of 1.58286e+06
Cbc0038I Relaxing continuous gives 1.55415e+06
Cbc0038I Before mini branch and bound, 13 integers at bound fixed and 78 continuous
Cbc0038I Full problem 116 rows 161 columns, reduced to 11 rows 15 columns
Cbc0038I Mini branch and bound improved solution from 1.55415e+06 to 1.40399e+06 (0.02 seconds)
Cbc0038I Freeing continuous variables gives a solution of 1.40399e+06
Cbc0038I Round again with cutoff of 1.40395e+06
Cbc0038I Pass   2: suminf.    1.48699 (4) obj. 1.40395e+06 iterations 25
Cbc0038I Pass   3: suminf.    0.00000 (0) obj. 1.40395e+06 iterations 14
Cbc0038I Solution found of 1.40395e+06
Cbc0038I Relaxing continuous gives 1.40383e+06
Cbc0038I Before mini branch and bound, 12 integers at bound fixed and 77 continuous
Cbc0038I Full problem 116 rows 161 columns, reduced to 15 rows 20 columns
Cbc0038I Mini branch and bound improved solution from 1.40383e+06 to 1.40375e+06 (0.02 seconds)
Cbc0038I Freeing continuous variables gives a solution of 1.40375e+06
Cbc0038I Round again with cutoff of 1.40372e+06
Cbc0038I Pass   4: suminf.    1.80247 (5) obj. 1.40372e+06 iterations 3
Cbc0038I Pass   5: suminf.    1.78612 (4) obj. 1.40372e+06 iterations 1
Cbc0038I Pass   6: suminf.    0.21517 (1) obj. 1.40372e+06 iterations 12
Cbc0038I Pass   7: suminf.    0.25763 (1) obj. 1.40372e+06 iterations 2
Cbc0038I Pass   8: suminf.    0.25763 (1) obj. 1.40372e+06 iterations 5
Cbc0038I Pass   9: suminf.    0.21517 (1) obj. 1.40372e+06 iterations 4
Cbc0038I Pass  10: suminf.    0.25763 (1) obj. 1.40372e+06 iterations 3
Cbc0038I Pass  11: suminf.    0.62833 (4) obj. 1.40372e+06 iterations 13
Cbc0038I Pass  12: suminf.    0.91842 (3) obj. 1.40372e+06 iterations 5
Cbc0038I Pass  13: suminf.    0.91842 (2) obj. 1.40372e+06 iterations 2
Cbc0038I Pass  14: suminf.    0.26927 (3) obj. 1.40372e+06 iterations 5
Cbc0038I Pass  15: suminf.    1.06013 (3) obj. 1.40372e+06 iterations 14
Cbc0038I Pass  16: suminf.    1.06013 (3) obj. 1.40372e+06 iterations 1
Cbc0038I Pass  17: suminf.    1.00603 (3) obj. 1.40372e+06 iterations 3
Cbc0038I Pass  18: suminf.    0.35688 (3) obj. 1.40372e+06 iterations 1
Cbc0038I Pass  19: suminf.    1.06013 (3) obj. 1.40372e+06 iterations 4
Cbc0038I Pass  20: suminf.    0.18823 (3) obj. 1.40372e+06 iterations 12
Cbc0038I Pass  21: suminf.    0.11513 (2) obj. 1.40372e+06 iterations 3
Cbc0038I Pass  22: suminf.    0.81177 (2) obj. 1.40372e+06 iterations 8
Cbc0038I Pass  23: suminf.    0.81177 (2) obj. 1.40372e+06 iterations 0
Cbc0038I Pass  24: suminf.    0.35688 (3) obj. 1.40372e+06 iterations 5
Cbc0038I Pass  25: suminf.    0.35688 (3) obj. 1.40372e+06 iterations 0
Cbc0038I Pass  26: suminf.    1.06013 (3) obj. 1.40372e+06 iterations 4
Cbc0038I Pass  27: suminf.    1.06013 (3) obj. 1.40372e+06 iterations 1
Cbc0038I Pass  28: suminf.    1.00603 (3) obj. 1.40372e+06 iterations 3
Cbc0038I Pass  29: suminf.    0.40013 (1) obj. 1.40372e+06 iterations 23
Cbc0038I Pass  30: suminf.    0.35688 (2) obj. 1.40372e+06 iterations 4
Cbc0038I Pass  31: suminf.    1.05727 (3) obj. 1.40372e+06 iterations 6
Cbc0038I Pass  32: suminf.    1.00603 (3) obj. 1.40372e+06 iterations 2
Cbc0038I Pass  33: suminf.    0.35688 (3) obj. 1.40372e+06 iterations 1
Cbc0038I No solution found this major pass
Cbc0038I Before mini branch and bound, 1 integers at bound fixed and 68 continuous
Cbc0038I Full problem 116 rows 161 columns, reduced to 27 rows 34 columns
Cbc0038I Mini branch and bound improved solution from 1.40375e+06 to 1.40364e+06 (0.04 seconds)
Cbc0038I Freeing continuous variables gives a solution of 1.40364e+06
Cbc0038I Round again with cutoff of 1.40362e+06
Cbc0038I Pass  33: suminf.    1.98311 (7) obj. 1.40362e+06 iterations 2
Cbc0038I Pass  34: suminf.    1.98311 (6) obj. 1.40362e+06 iterations 2
Cbc0038I Pass  35: suminf.    0.63660 (3) obj. 1.40362e+06 iterations 9
Cbc0038I Pass  36: suminf.    0.62493 (2) obj. 1.40362e+06 iterations 3
Cbc0038I Pass  37: suminf.    0.67618 (4) obj. 1.40362e+06 iterations 6
Cbc0038I Pass  38: suminf.    0.67618 (3) obj. 1.40362e+06 iterations 1
Cbc0038I Pass  39: suminf.    0.99189 (4) obj. 1.40362e+06 iterations 11
Cbc0038I Pass  40: suminf.    0.99189 (4) obj. 1.40362e+06 iterations 0
Cbc0038I Pass  41: suminf.    0.51829 (2) obj. 1.40362e+06 iterations 7
Cbc0038I Pass  42: suminf.    0.51829 (2) obj. 1.40362e+06 iterations 2
Cbc0038I Pass  43: suminf.    0.56631 (2) obj. 1.40362e+06 iterations 2
Cbc0038I Pass  44: suminf.    1.32382 (3) obj. 1.40362e+06 iterations 9
Cbc0038I Pass  45: suminf.    1.09619 (3) obj. 1.40362e+06 iterations 1
Cbc0038I Pass  46: suminf.    0.58912 (3) obj. 1.40362e+06 iterations 3
Cbc0038I Pass  47: suminf.    0.57654 (4) obj. 1.40362e+06 iterations 2
Cbc0038I Pass  48: suminf.    1.22569 (4) obj. 1.40362e+06 iterations 7
Cbc0038I Pass  49: suminf.    1.22569 (4) obj. 1.40362e+06 iterations 0
Cbc0038I Pass  50: suminf.    0.67618 (4) obj. 1.40362e+06 iterations 6
Cbc0038I Pass  51: suminf.    0.67618 (3) obj. 1.40362e+06 iterations 1
Cbc0038I Pass  52: suminf.    0.63660 (3) obj. 1.40362e+06 iterations 5
Cbc0038I Pass  53: suminf.    0.62493 (2) obj. 1.40362e+06 iterations 3
Cbc0038I Pass  54: suminf.    1.33625 (5) obj. 1.40362e+06 iterations 8
Cbc0038I Pass  55: suminf.    1.33625 (4) obj. 1.40362e+06 iterations 2
Cbc0038I Pass  56: suminf.    0.67618 (4) obj. 1.40362e+06 iterations 7
Cbc0038I Pass  57: suminf.    0.67618 (3) obj. 1.40362e+06 iterations 1
Cbc0038I Pass  58: suminf.    0.63660 (3) obj. 1.40362e+06 iterations 5
Cbc0038I Pass  59: suminf.    0.62493 (2) obj. 1.40362e+06 iterations 3
Cbc0038I Pass  60: suminf.    1.19528 (4) obj. 1.40362e+06 iterations 7
Cbc0038I Pass  61: suminf.    0.67618 (4) obj. 1.40362e+06 iterations 8
Cbc0038I Pass  62: suminf.    0.67618 (3) obj. 1.40362e+06 iterations 1
Cbc0038I No solution found this major pass
Cbc0038I Before mini branch and bound, 5 integers at bound fixed and 68 continuous
Cbc0038I Full problem 116 rows 161 columns, reduced to 27 rows 35 columns
Cbc0038I Mini branch and bound did not improve solution (0.05 seconds)
Cbc0038I After 0.05 seconds - Feasibility pump exiting with objective of 1.40364e+06 - took 0.04 seconds
Cbc0012I Integer solution of 1403643.6 found by feasibility pump after 0 iterations and 0 nodes (0.05 seconds)
Cbc0038I Full problem 116 rows 161 columns, reduced to 89 rows 132 columns - 1 fixed gives 87, 130 - still too large
Cbc0031I 14 added rows had average density of 23.928571
Cbc0013I At root node, 14 cuts changed objective from 1403569.1 to 1403611 in 100 passes
Cbc0014I Cut generator 0 (Probing) - 3 row cuts average 2.7 elements, 0 column cuts (0 active)  in 0.013 seconds - new frequency is -100
Cbc0014I Cut generator 1 (Gomory) - 303 row cuts average 31.0 elements, 0 column cuts (0 active)  in 0.016 seconds - new frequency is 1
Cbc0014I Cut generator 2 (Knapsack) - 0 row cuts average 0.0 elements, 0 column cuts (0 active)  in 0.015 seconds - new frequency is -100
Cbc0014I Cut generator 3 (Clique) - 0 row cuts average 0.0 elements, 0 column cuts (0 active)  in 0.000 seconds - new frequency is -100
Cbc0014I Cut generator 4 (MixedIntegerRounding2) - 15 row cuts average 5.3 elements, 0 column cuts (0 active)  in 0.008 seconds - new frequency is -100
Cbc0014I Cut generator 5 (FlowCover) - 0 row cuts average 0.0 elements, 0 column cuts (0 active)  in 0.022 seconds - new frequency is -100
Cbc0014I Cut generator 6 (TwoMirCuts) - 30 row cuts average 8.1 elements, 0 column cuts (0 active)  in 0.003 seconds - new frequency is -100
Cbc0010I After 0 nodes, 1 on tree, 1403643.6 best solution, best possible 1403611 (0.20 seconds)
Cbc0001I Search completed - best objective 1403643.556509593, took 1368 iterations and 4 nodes (0.21 seconds)
Cbc0032I Strong branching done 26 times (173 iterations), fathomed 1 nodes and fixed 5 variables
Cbc0035I Maximum depth 1, 1 variables fixed on reduced cost
Cuts at root node changed objective from 1.40357e+06 to 1.40361e+06
Probing was tried 100 times and created 3 cuts of which 0 were active after adding rounds of cuts (0.013 seconds)
Gomory was tried 111 times and created 324 cuts of which 0 were active after adding rounds of cuts (0.017 seconds)
Knapsack was tried 100 times and created 0 cuts of which 0 were active after adding rounds of cuts (0.015 seconds)
Clique was tried 100 times and created 0 cuts of which 0 were active after adding rounds of cuts (0.000 seconds)
MixedIntegerRounding2 was tried 100 times and created 15 cuts of which 0 were active after adding rounds of cuts (0.008 seconds)
FlowCover was tried 100 times and created 0 cuts of which 0 were active after adding rounds of cuts (0.022 seconds)
TwoMirCuts was tried 100 times and created 30 cuts of which 0 were active after adding rounds of cuts (0.003 seconds)
ZeroHalf was tried 1 times and created 0 cuts of which 0 were active after adding rounds of cuts (0.000 seconds)

Result - Optimal solution found

Objective value:                1403643.55650959
Enumerated nodes:               4
Total iterations:               1368
Time (CPU seconds):             0.22
Time (Wallclock seconds):       0.22

Option for printingOptions changed from normal to all
Total time (CPU seconds):       0.25   (Wallclock seconds):       0.25

