Welcome to the CBC MILP Solver 
Version: 2.10.3 
Build Date: Dec 15 2019 

command line - E:\dachuang\.venv\Lib\site-packages\pulp\apis\../solverdir/cbc/win/i64/cbc.exe model.mps -primalTolerance 1e-9 -integerTolerance 1e-9 -ratioGap 0 -allowableGap 0 -threads 0 -branch -printingOptions all -solution solution.txt -saveSolution solution.bin -quit (default strategy 1)
At line 2 NAME          MODEL
At line 3 ROWS
At line 317 COLUMNS
At line 1133 RHS
At line 1446 BOUNDS
At line 1521 ENDATA
Problem MODEL has 312 rows, 241 columns and 647 elements
Coin0008I MODEL read with 0 errors
primalTolerance was changed from 1e-07 to 1e-09
integerTolerance was changed from 1e-07 to 1e-09
ratioGap was changed from 0 to 0
allowableGap was changed from 1e-10 to 0
Continuous objective value is 582844 - 0.00 seconds
Cgl0003I 0 fixed, 0 tightened bounds, 3 strengthened rows, 0 substitutions
Cgl0004I processed model has 119 rows, 167 columns (24 integer (24 of which binary)) and 356 elements
Cbc0038I Initial state - 6 integers unsatisfied sum - 2.11531
Cbc0038I Pass   1: suminf.    0.00000 (0) obj. 583346 iterations 12
Cbc0038I Solution found of 583346
Cbc0038I Relaxing continuous gives 583346
Cbc0038I Before mini branch and bound, 18 integers at bound fixed and 89 continuous
Cbc0038I Full problem 119 rows 167 columns, reduced to 6 rows 6 columns
Cbc0038I Mini branch and bound did not improve solution (0.01 seconds)
Cbc0038I Round again with cutoff of 583299
Cbc0038I Pass   2: suminf.    0.20506 (1) obj. 583299 iterations 4
Cbc0038I Pass   3: suminf.    0.20506 (1) obj. 583299 iterations 3
Cbc0038I Solution found of 583299
Cbc0038I Relaxing continuous gives 583137
Cbc0038I Before mini branch and bound, 17 integers at bound fixed and 85 continuous
Cbc0038I Full problem 119 rows 167 columns, reduced to 12 rows 15 columns
Cbc0038I Mini branch and bound did not improve solution (0.02 seconds)
Cbc0038I Round again with cutoff of 583083
Cbc0038I Pass   4: suminf.    0.81664 (2) obj. 583083 iterations 3
Cbc0038I Pass   5: suminf.    0.13211 (1) obj. 583083 iterations 6
Cbc0038I Pass   6: suminf.    0.23823 (2) obj. 583083 iterations 4
Cbc0038I Pass   7: suminf.    0.23823 (3) obj. 583083 iterations 6
Cbc0038I Pass   8: suminf.    0.22961 (1) obj. 583083 iterations 6
Cbc0038I Pass   9: suminf.    0.00000 (0) obj. 583083 iterations 2
Cbc0038I Solution found of 583083
Cbc0038I Relaxing continuous gives 583071
Cbc0038I Before mini branch and bound, 17 integers at bound fixed and 82 continuous
Cbc0038I Full problem 119 rows 167 columns, reduced to 17 rows 23 columns
Cbc0038I Mini branch and bound improved solution from 583071 to 582927 (0.03 seconds)
Cbc0038I Round again with cutoff of 582910
Cbc0038I Pass  10: suminf.    1.01419 (4) obj. 582910 iterations 2
Cbc0038I Pass  11: suminf.    0.91170 (3) obj. 582910 iterations 1
Cbc0038I Pass  12: suminf.    0.23417 (1) obj. 582910 iterations 4
Cbc0038I Pass  13: suminf.    0.07367 (1) obj. 582910 iterations 1
Cbc0038I Pass  14: suminf.    0.07367 (1) obj. 582910 iterations 7
Cbc0038I Pass  15: suminf.    0.23417 (1) obj. 582910 iterations 1
Cbc0038I Pass  16: suminf.    0.07367 (1) obj. 582910 iterations 1
Cbc0038I Pass  17: suminf.    0.93967 (3) obj. 582910 iterations 21
Cbc0038I Pass  18: suminf.    0.36505 (3) obj. 582910 iterations 5
Cbc0038I Pass  19: suminf.    0.36505 (3) obj. 582910 iterations 0
Cbc0038I Pass  20: suminf.    1.01419 (3) obj. 582910 iterations 7
Cbc0038I Pass  21: suminf.    1.01419 (3) obj. 582910 iterations 0
Cbc0038I Pass  22: suminf.    0.23417 (1) obj. 582910 iterations 11
Cbc0038I Pass  23: suminf.    0.07367 (1) obj. 582910 iterations 2
Cbc0038I Pass  24: suminf.    0.23417 (1) obj. 582910 iterations 1
Cbc0038I Pass  25: suminf.    0.38282 (2) obj. 582910 iterations 11
Cbc0038I Pass  26: suminf.    0.07367 (1) obj. 582910 iterations 1
Cbc0038I Pass  27: suminf.    0.23417 (1) obj. 582910 iterations 1
Cbc0038I Pass  28: suminf.    1.35620 (4) obj. 582910 iterations 15
Cbc0038I Pass  29: suminf.    0.91170 (3) obj. 582910 iterations 1
Cbc0038I Pass  30: suminf.    1.01419 (3) obj. 582910 iterations 6
Cbc0038I Pass  31: suminf.    1.01419 (3) obj. 582910 iterations 1
Cbc0038I Pass  32: suminf.    0.36505 (3) obj. 582910 iterations 8
Cbc0038I Pass  33: suminf.    0.36505 (3) obj. 582910 iterations 0
Cbc0038I Pass  34: suminf.    1.01419 (3) obj. 582910 iterations 4
Cbc0038I Pass  35: suminf.    0.23417 (2) obj. 582910 iterations 10
Cbc0038I Pass  36: suminf.    0.07367 (1) obj. 582910 iterations 3
Cbc0038I Pass  37: suminf.    0.23417 (1) obj. 582910 iterations 1
Cbc0038I Pass  38: suminf.    0.68105 (4) obj. 582910 iterations 9
Cbc0038I Pass  39: suminf.    0.36505 (3) obj. 582910 iterations 1
Cbc0038I No solution found this major pass
Cbc0038I Before mini branch and bound, 3 integers at bound fixed and 81 continuous
Cbc0038I Full problem 119 rows 167 columns, reduced to 17 rows 23 columns
Cbc0038I Mini branch and bound did not improve solution (0.05 seconds)
Cbc0038I After 0.05 seconds - Feasibility pump exiting with objective of 582927 - took 0.04 seconds
Cbc0012I Integer solution of 582927.16 found by feasibility pump after 0 iterations and 0 nodes (0.05 seconds)
Cbc0038I Full problem 119 rows 167 columns, reduced to 67 rows 115 columns
Cbc0031I 7 added rows had average density of 17.428571
Cbc0013I At root node, 7 cuts changed objective from 582870.16 to 582899.33 in 100 passes
Cbc0014I Cut generator 0 (Probing) - 0 row cuts average 0.0 elements, 0 column cuts (0 active)  in 0.016 seconds - new frequency is -100
Cbc0014I Cut generator 1 (Gomory) - 259 row cuts average 23.5 elements, 0 column cuts (0 active)  in 0.018 seconds - new frequency is 1
Cbc0014I Cut generator 2 (Knapsack) - 0 row cuts average 0.0 elements, 0 column cuts (0 active)  in 0.025 seconds - new frequency is -100
Cbc0014I Cut generator 3 (Clique) - 0 row cuts average 0.0 elements, 0 column cuts (0 active)  in 0.000 seconds - new frequency is -100
Cbc0014I Cut generator 4 (MixedIntegerRounding2) - 3 row cuts average 6.7 elements, 0 column cuts (0 active)  in 0.007 seconds - new frequency is -100
Cbc0014I Cut generator 5 (FlowCover) - 0 row cuts average 0.0 elements, 0 column cuts (0 active)  in 0.019 seconds - new frequency is -100
Cbc0014I Cut generator 6 (TwoMirCuts) - 25 row cuts average 13.9 elements, 0 column cuts (0 active)  in 0.007 seconds - new frequency is -100
Cbc0010I After 0 nodes, 1 on tree, 582927.16 best solution, best possible 582899.33 (0.23 seconds)
Cbc0001I Search completed - best objective 582927.1578947388, took 827 iterations and 4 nodes (0.24 seconds)
Cbc0032I Strong branching done 26 times (132 iterations), fathomed 3 nodes and fixed 0 variables
Cbc0035I Maximum depth 1, 2 variables fixed on reduced cost
Cuts at root node changed objective from 582870 to 582899
Probing was tried 100 times and created 0 cuts of which 0 were active after adding rounds of cuts (0.016 seconds)
Gomory was tried 110 times and created 269 cuts of which 0 were active after adding rounds of cuts (0.018 seconds)
Knapsack was tried 100 times and created 0 cuts of which 0 were active after adding rounds of cuts (0.025 seconds)
Clique was tried 100 times and created 0 cuts of which 0 were active after adding rounds of cuts (0.000 seconds)
MixedIntegerRounding2 was tried 100 times and created 3 cuts of which 0 were active after adding rounds of cuts (0.007 seconds)
FlowCover was tried 100 times and created 0 cuts of which 0 were active after adding rounds of cuts (0.019 seconds)
TwoMirCuts was tried 100 times and created 25 cuts of which 0 were active after adding rounds of cuts (0.007 seconds)
ZeroHalf was tried 1 times and created 0 cuts of which 0 were active after adding rounds of cuts (0.000 seconds)

Result - Optimal solution found

Objective value:                582927.15789474
Enumerated nodes:               4
Total iterations:               827
Time (CPU seconds):             0.25
Time (Wallclock seconds):       0.24

Option for printingOptions changed from normal to all
Total time (CPU seconds):       0.27   (Wallclock seconds):       0.27

