Welcome to the CBC MILP Solver 
Version: 2.10.3 
Build Date: Dec 15 2019 

command line - E:\dachuang\.venv\Lib\site-packages\pulp\apis\../solverdir/cbc/win/i64/cbc.exe model.mps -primalTolerance 1e-9 -integerTolerance 1e-9 -ratioGap 0 -allowableGap 0 -threads 0 -branch -printingOptions all -solution solution.txt -saveSolution solution.bin -quit (default strategy 1)
At line 2 NAME          MODEL
At line 3 ROWS
At line 317 COLUMNS
At line 1133 RHS
At line 1446 BOUNDS
At line 1521 ENDATA
Problem MODEL has 312 rows, 241 columns and 647 elements
Coin0008I MODEL read with 0 errors
primalTolerance was changed from 1e-07 to 1e-09
integerTolerance was changed from 1e-07 to 1e-09
ratioGap was changed from 0 to 0
allowableGap was changed from 1e-10 to 0
Continuous objective value is 1.21957e+06 - 0.00 seconds
Cgl0003I 0 fixed, 0 tightened bounds, 3 strengthened rows, 0 substitutions
Cgl0004I processed model has 117 rows, 163 columns (24 integer (24 of which binary)) and 346 elements
Cbc0038I Initial state - 9 integers unsatisfied sum - 2.69089
Cbc0038I Pass   1: suminf.    0.00000 (0) obj. 1.22688e+06 iterations 16
Cbc0038I Solution found of 1.22688e+06
Cbc0038I Relaxing continuous gives 1.22125e+06
Cbc0038I Before mini branch and bound, 15 integers at bound fixed and 83 continuous
Cbc0038I Full problem 117 rows 163 columns, reduced to 12 rows 14 columns
Cbc0038I Mini branch and bound improved solution from 1.22125e+06 to 1.22001e+06 (0.02 seconds)
Cbc0038I Round again with cutoff of 1.21997e+06
Cbc0038I Pass   2: suminf.    0.48452 (2) obj. 1.21997e+06 iterations 10
Cbc0038I Pass   3: suminf.    0.00000 (0) obj. 1.21997e+06 iterations 13
Cbc0038I Solution found of 1.21997e+06
Cbc0038I Relaxing continuous gives 1.21988e+06
Cbc0038I Before mini branch and bound, 14 integers at bound fixed and 80 continuous
Cbc0038I Full problem 117 rows 163 columns, reduced to 17 rows 22 columns
Cbc0038I Mini branch and bound improved solution from 1.21988e+06 to 1.21966e+06 (0.03 seconds)
Cbc0038I Round again with cutoff of 1.21965e+06
Cbc0038I Pass   4: suminf.    1.09702 (4) obj. 1.21965e+06 iterations 2
Cbc0038I Pass   5: suminf.    0.97015 (4) obj. 1.21965e+06 iterations 3
Cbc0038I Pass   6: suminf.    0.94988 (4) obj. 1.21965e+06 iterations 3
Cbc0038I Pass   7: suminf.    1.34600 (4) obj. 1.21965e+06 iterations 13
Cbc0038I Pass   8: suminf.    0.69685 (4) obj. 1.21965e+06 iterations 1
Cbc0038I Pass   9: suminf.    0.73950 (3) obj. 1.21965e+06 iterations 10
Cbc0038I Pass  10: suminf.    0.73950 (2) obj. 1.21965e+06 iterations 5
Cbc0038I Pass  11: suminf.    0.64561 (3) obj. 1.21965e+06 iterations 5
Cbc0038I Pass  12: suminf.    1.34600 (4) obj. 1.21965e+06 iterations 5
Cbc0038I Pass  13: suminf.    0.69685 (4) obj. 1.21965e+06 iterations 1
Cbc0038I Pass  14: suminf.    0.73950 (3) obj. 1.21965e+06 iterations 6
Cbc0038I Pass  15: suminf.    0.73950 (2) obj. 1.21965e+06 iterations 2
Cbc0038I Pass  16: suminf.    0.64561 (3) obj. 1.21965e+06 iterations 5
Cbc0038I Pass  17: suminf.    1.34600 (4) obj. 1.21965e+06 iterations 5
Cbc0038I Pass  18: suminf.    0.69685 (4) obj. 1.21965e+06 iterations 1
Cbc0038I Pass  19: suminf.    0.73950 (3) obj. 1.21965e+06 iterations 6
Cbc0038I Pass  20: suminf.    0.73950 (2) obj. 1.21965e+06 iterations 2
Cbc0038I Pass  21: suminf.    0.64561 (3) obj. 1.21965e+06 iterations 5
Cbc0038I Pass  22: suminf.    1.34600 (4) obj. 1.21965e+06 iterations 5
Cbc0038I Pass  23: suminf.    0.69685 (4) obj. 1.21965e+06 iterations 1
Cbc0038I Pass  24: suminf.    0.73950 (3) obj. 1.21965e+06 iterations 6
Cbc0038I Pass  25: suminf.    0.73950 (2) obj. 1.21965e+06 iterations 2
Cbc0038I Pass  26: suminf.    0.64561 (3) obj. 1.21965e+06 iterations 5
Cbc0038I Pass  27: suminf.    1.34600 (4) obj. 1.21965e+06 iterations 5
Cbc0038I Pass  28: suminf.    0.69685 (4) obj. 1.21965e+06 iterations 1
Cbc0038I Pass  29: suminf.    0.73950 (3) obj. 1.21965e+06 iterations 6
Cbc0038I Pass  30: suminf.    0.73950 (2) obj. 1.21965e+06 iterations 2
Cbc0038I Pass  31: suminf.    0.64561 (3) obj. 1.21965e+06 iterations 5
Cbc0038I Pass  32: suminf.    1.34600 (4) obj. 1.21965e+06 iterations 5
Cbc0038I Pass  33: suminf.    0.69685 (4) obj. 1.21965e+06 iterations 1
Cbc0038I No solution found this major pass
Cbc0038I Before mini branch and bound, 13 integers at bound fixed and 77 continuous
Cbc0038I Full problem 117 rows 163 columns, reduced to 23 rows 30 columns
Cbc0038I Mini branch and bound did not improve solution (0.05 seconds)
Cbc0038I After 0.05 seconds - Feasibility pump exiting with objective of 1.21966e+06 - took 0.04 seconds
Cbc0012I Integer solution of 1219663.2 found by feasibility pump after 0 iterations and 0 nodes (0.05 seconds)
Cbc0038I Full problem 117 rows 163 columns, reduced to 77 rows 121 columns
Cbc0031I 11 added rows had average density of 20.272727
Cbc0013I At root node, 11 cuts changed objective from 1219588.8 to 1219639 in 100 passes
Cbc0014I Cut generator 0 (Probing) - 17 row cuts average 3.1 elements, 1 column cuts (1 active)  in 0.013 seconds - new frequency is 1
Cbc0014I Cut generator 1 (Gomory) - 294 row cuts average 33.3 elements, 0 column cuts (0 active)  in 0.015 seconds - new frequency is 1
Cbc0014I Cut generator 2 (Knapsack) - 0 row cuts average 0.0 elements, 0 column cuts (0 active)  in 0.022 seconds - new frequency is -100
Cbc0014I Cut generator 3 (Clique) - 0 row cuts average 0.0 elements, 0 column cuts (0 active)  in 0.000 seconds - new frequency is -100
Cbc0014I Cut generator 4 (MixedIntegerRounding2) - 17 row cuts average 4.9 elements, 0 column cuts (0 active)  in 0.008 seconds - new frequency is -100
Cbc0014I Cut generator 5 (FlowCover) - 0 row cuts average 0.0 elements, 0 column cuts (0 active)  in 0.026 seconds - new frequency is -100
Cbc0014I Cut generator 6 (TwoMirCuts) - 24 row cuts average 14.7 elements, 0 column cuts (0 active)  in 0.005 seconds - new frequency is -100
Cbc0010I After 0 nodes, 1 on tree, 1219663.2 best solution, best possible 1219639 (0.22 seconds)
Cbc0001I Search completed - best objective 1219663.236564992, took 928 iterations and 6 nodes (0.24 seconds)
Cbc0032I Strong branching done 32 times (150 iterations), fathomed 1 nodes and fixed 3 variables
Cbc0035I Maximum depth 1, 0 variables fixed on reduced cost
Cuts at root node changed objective from 1.21959e+06 to 1.21964e+06
Probing was tried 126 times and created 23 cuts of which 0 were active after adding rounds of cuts (0.015 seconds)
Gomory was tried 126 times and created 339 cuts of which 0 were active after adding rounds of cuts (0.016 seconds)
Knapsack was tried 100 times and created 0 cuts of which 0 were active after adding rounds of cuts (0.022 seconds)
Clique was tried 100 times and created 0 cuts of which 0 were active after adding rounds of cuts (0.000 seconds)
MixedIntegerRounding2 was tried 100 times and created 17 cuts of which 0 were active after adding rounds of cuts (0.008 seconds)
FlowCover was tried 100 times and created 0 cuts of which 0 were active after adding rounds of cuts (0.026 seconds)
TwoMirCuts was tried 100 times and created 24 cuts of which 0 were active after adding rounds of cuts (0.005 seconds)
ZeroHalf was tried 1 times and created 0 cuts of which 0 were active after adding rounds of cuts (0.000 seconds)

Result - Optimal solution found

Objective value:                1219663.23656499
Enumerated nodes:               6
Total iterations:               928
Time (CPU seconds):             0.25
Time (Wallclock seconds):       0.25

Option for printingOptions changed from normal to all
Total time (CPU seconds):       0.28   (Wallclock seconds):       0.29

