Welcome to the CBC MILP Solver 
Version: 2.10.3 
Build Date: Dec 15 2019 

command line - E:\dachuang\.venv\Lib\site-packages\pulp\apis\../solverdir/cbc/win/i64/cbc.exe model.mps -primalTolerance 1e-9 -integerTolerance 1e-9 -ratioGap 0 -allowableGap 0 -threads 0 -branch -printingOptions all -solution solution.txt -saveSolution solution.bin -quit (default strategy 1)
At line 2 NAME          MODEL
At line 3 ROWS
At line 317 COLUMNS
At line 1133 RHS
At line 1446 BOUNDS
At line 1521 ENDATA
Problem MODEL has 312 rows, 241 columns and 647 elements
Coin0008I MODEL read with 0 errors
primalTolerance was changed from 1e-07 to 1e-09
integerTolerance was changed from 1e-07 to 1e-09
ratioGap was changed from 0 to 0
allowableGap was changed from 1e-10 to 0
Continuous objective value is 789393 - 0.00 seconds
Cgl0003I 0 fixed, 0 tightened bounds, 3 strengthened rows, 0 substitutions
Cgl0004I processed model has 119 rows, 167 columns (24 integer (24 of which binary)) and 356 elements
Cbc0038I Initial state - 11 integers unsatisfied sum - 2.89414
Cbc0038I Pass   1: suminf.    0.00000 (0) obj. 812398 iterations 20
Cbc0038I Solution found of 812398
Cbc0038I Relaxing continuous gives 794341
Cbc0038I Before mini branch and bound, 13 integers at bound fixed and 79 continuous
Cbc0038I Full problem 119 rows 167 columns, reduced to 15 rows 21 columns
Cbc0038I Mini branch and bound improved solution from 794341 to 789939 (0.01 seconds)
Cbc0038I Round again with cutoff of 789886
Cbc0038I Pass   2: suminf.    0.71895 (4) obj. 789886 iterations 15
Cbc0038I Solution found of 789886
Cbc0038I Relaxing continuous gives 789707
Cbc0038I Before mini branch and bound, 11 integers at bound fixed and 78 continuous
Cbc0038I Full problem 119 rows 167 columns, reduced to 16 rows 21 columns
Cbc0038I Mini branch and bound improved solution from 789707 to 789526 (0.02 seconds)
Cbc0038I Round again with cutoff of 789503
Cbc0038I Pass   3: suminf.    0.61535 (4) obj. 789503 iterations 2
Cbc0038I Pass   4: suminf.    0.60195 (5) obj. 789503 iterations 4
Cbc0038I Pass   5: suminf.    0.12389 (1) obj. 789503 iterations 5
Cbc0038I Pass   6: suminf.    0.11050 (2) obj. 789503 iterations 3
Cbc0038I Pass   7: suminf.    0.88950 (2) obj. 789503 iterations 8
Cbc0038I Pass   8: suminf.    0.41079 (2) obj. 789503 iterations 2
Cbc0038I Pass   9: suminf.    0.41010 (2) obj. 789503 iterations 1
Cbc0038I Pass  10: suminf.    1.01136 (3) obj. 789503 iterations 3
Cbc0038I Pass  11: suminf.    0.90886 (4) obj. 789503 iterations 9
Cbc0038I Pass  12: suminf.    0.90886 (4) obj. 789503 iterations 0
Cbc0038I Pass  13: suminf.    0.97792 (3) obj. 789503 iterations 7
Cbc0038I Pass  14: suminf.    0.97361 (3) obj. 789503 iterations 1
Cbc0038I Pass  15: suminf.    0.90886 (4) obj. 789503 iterations 6
Cbc0038I Pass  16: suminf.    1.42746 (7) obj. 789503 iterations 12
Cbc0038I Pass  17: suminf.    1.17910 (6) obj. 789503 iterations 1
Cbc0038I Pass  18: suminf.    1.17910 (6) obj. 789503 iterations 6
Cbc0038I Pass  19: suminf.    0.39611 (1) obj. 789503 iterations 7
Cbc0038I Pass  20: suminf.    0.39611 (1) obj. 789503 iterations 1
Cbc0038I Pass  21: suminf.    0.11050 (2) obj. 789503 iterations 5
Cbc0038I Pass  22: suminf.    0.12389 (1) obj. 789503 iterations 2
Cbc0038I Pass  23: suminf.    1.46641 (5) obj. 789503 iterations 14
Cbc0038I Pass  24: suminf.    0.98770 (5) obj. 789503 iterations 2
Cbc0038I Pass  25: suminf.    0.98701 (5) obj. 789503 iterations 1
Cbc0038I Pass  26: suminf.    1.01136 (3) obj. 789503 iterations 7
Cbc0038I Pass  27: suminf.    0.90886 (4) obj. 789503 iterations 10
Cbc0038I Pass  28: suminf.    0.90886 (4) obj. 789503 iterations 1
Cbc0038I Pass  29: suminf.    0.97792 (3) obj. 789503 iterations 10
Cbc0038I Pass  30: suminf.    0.97361 (3) obj. 789503 iterations 1
Cbc0038I Pass  31: suminf.    0.90886 (4) obj. 789503 iterations 6
Cbc0038I Pass  32: suminf.    1.79765 (8) obj. 789503 iterations 17
Cbc0038I No solution found this major pass
Cbc0038I Before mini branch and bound, 4 integers at bound fixed and 70 continuous
Cbc0038I Full problem 119 rows 167 columns, reduced to 27 rows 36 columns
Cbc0038I Mini branch and bound did not improve solution (0.03 seconds)
Cbc0038I After 0.03 seconds - Feasibility pump exiting with objective of 789526 - took 0.03 seconds
Cbc0012I Integer solution of 789526.33 found by feasibility pump after 0 iterations and 0 nodes (0.03 seconds)
Cbc0038I Full problem 119 rows 167 columns, reduced to 91 rows 138 columns - 3 fixed gives 83, 130 - ok now
Cbc0038I Full problem 119 rows 167 columns, reduced to 83 rows 130 columns
Cbc0012I Integer solution of 789493.25 found by DiveCoefficient after 1105 iterations and 0 nodes (0.18 seconds)
Cbc0031I 13 added rows had average density of 23.153846
Cbc0013I At root node, 13 cuts changed objective from 789410.58 to 789458.03 in 100 passes
Cbc0014I Cut generator 0 (Probing) - 3 row cuts average 4.7 elements, 1 column cuts (1 active)  in 0.012 seconds - new frequency is -100
Cbc0014I Cut generator 1 (Gomory) - 460 row cuts average 35.6 elements, 0 column cuts (0 active)  in 0.012 seconds - new frequency is 1
Cbc0014I Cut generator 2 (Knapsack) - 0 row cuts average 0.0 elements, 0 column cuts (0 active)  in 0.021 seconds - new frequency is -100
Cbc0014I Cut generator 3 (Clique) - 0 row cuts average 0.0 elements, 0 column cuts (0 active)  in 0.000 seconds - new frequency is -100
Cbc0014I Cut generator 4 (MixedIntegerRounding2) - 6 row cuts average 8.2 elements, 0 column cuts (0 active)  in 0.006 seconds - new frequency is -100
Cbc0014I Cut generator 5 (FlowCover) - 0 row cuts average 0.0 elements, 0 column cuts (0 active)  in 0.017 seconds - new frequency is -100
Cbc0014I Cut generator 6 (TwoMirCuts) - 30 row cuts average 11.7 elements, 0 column cuts (0 active)  in 0.002 seconds - new frequency is -100
Cbc0010I After 0 nodes, 1 on tree, 789493.25 best solution, best possible 789458.03 (0.18 seconds)
Cbc0001I Search completed - best objective 789493.2517528866, took 1397 iterations and 8 nodes (0.21 seconds)
Cbc0032I Strong branching done 60 times (310 iterations), fathomed 3 nodes and fixed 5 variables
Cbc0035I Maximum depth 2, 0 variables fixed on reduced cost
Cuts at root node changed objective from 789411 to 789458
Probing was tried 100 times and created 4 cuts of which 0 were active after adding rounds of cuts (0.012 seconds)
Gomory was tried 141 times and created 554 cuts of which 0 were active after adding rounds of cuts (0.015 seconds)
Knapsack was tried 100 times and created 0 cuts of which 0 were active after adding rounds of cuts (0.021 seconds)
Clique was tried 100 times and created 0 cuts of which 0 were active after adding rounds of cuts (0.000 seconds)
MixedIntegerRounding2 was tried 100 times and created 6 cuts of which 0 were active after adding rounds of cuts (0.006 seconds)
FlowCover was tried 100 times and created 0 cuts of which 0 were active after adding rounds of cuts (0.017 seconds)
TwoMirCuts was tried 100 times and created 30 cuts of which 0 were active after adding rounds of cuts (0.002 seconds)
ZeroHalf was tried 1 times and created 0 cuts of which 0 were active after adding rounds of cuts (0.000 seconds)

Result - Optimal solution found

Objective value:                789493.25175289
Enumerated nodes:               8
Total iterations:               1397
Time (CPU seconds):             0.22
Time (Wallclock seconds):       0.22

Option for printingOptions changed from normal to all
Total time (CPU seconds):       0.25   (Wallclock seconds):       0.25

