Welcome to the CBC MILP Solver 
Version: 2.10.3 
Build Date: Dec 15 2019 

command line - E:\dachuang\.venv\Lib\site-packages\pulp\apis\../solverdir/cbc/win/i64/cbc.exe model.mps -primalTolerance 1e-9 -integerTolerance 1e-9 -ratioGap 0 -allowableGap 0 -threads 0 -branch -printingOptions all -solution solution.txt -saveSolution solution.bin -quit (default strategy 1)
At line 2 NAME          MODEL
At line 3 ROWS
At line 317 COLUMNS
At line 1133 RHS
At line 1446 BOUNDS
At line 1521 ENDATA
Problem MODEL has 312 rows, 241 columns and 647 elements
Coin0008I MODEL read with 0 errors
primalTolerance was changed from 1e-07 to 1e-09
integerTolerance was changed from 1e-07 to 1e-09
ratioGap was changed from 0 to 0
allowableGap was changed from 1e-10 to 0
Continuous objective value is 2.92443e+06 - 0.00 seconds
Cgl0003I 0 fixed, 0 tightened bounds, 2 strengthened rows, 0 substitutions
Cgl0004I processed model has 114 rows, 155 columns (24 integer (24 of which binary)) and 329 elements
Cbc0038I Initial state - 6 integers unsatisfied sum - 2.04731
Cbc0038I Pass   1: suminf.    0.00000 (0) obj. 2.92491e+06 iterations 12
Cbc0038I Solution found of 2.92491e+06
Cbc0038I Relaxing continuous gives 2.92491e+06
Cbc0038I Before mini branch and bound, 18 integers at bound fixed and 94 continuous
Cbc0038I Full problem 114 rows 155 columns, reduced to 7 rows 8 columns
Cbc0038I Mini branch and bound did not improve solution (0.01 seconds)
Cbc0038I Round again with cutoff of 2.92486e+06
Cbc0038I Pass   2: suminf.    0.20473 (1) obj. 2.92486e+06 iterations 1
Cbc0038I Pass   3: suminf.    0.00000 (0) obj. 2.92486e+06 iterations 10
Cbc0038I Solution found of 2.92486e+06
Cbc0038I Relaxing continuous gives 2.92482e+06
Cbc0038I Before mini branch and bound, 18 integers at bound fixed and 89 continuous
Cbc0038I Full problem 114 rows 155 columns, reduced to 15 rows 20 columns
Cbc0038I Mini branch and bound improved solution from 2.92482e+06 to 2.92465e+06 (0.02 seconds)
Cbc0038I Round again with cutoff of 2.92461e+06
Cbc0038I Pass   4: suminf.    0.71310 (2) obj. 2.92461e+06 iterations 5
Cbc0038I Pass   5: suminf.    0.21064 (1) obj. 2.92461e+06 iterations 12
Cbc0038I Pass   6: suminf.    0.28690 (1) obj. 2.92461e+06 iterations 3
Cbc0038I Pass   7: suminf.    0.28690 (1) obj. 2.92461e+06 iterations 1
Cbc0038I Pass   8: suminf.    0.21064 (1) obj. 2.92461e+06 iterations 10
Cbc0038I Pass   9: suminf.    0.28690 (1) obj. 2.92461e+06 iterations 2
Cbc0038I Pass  10: suminf.    0.76190 (2) obj. 2.92461e+06 iterations 4
Cbc0038I Pass  11: suminf.    0.28690 (1) obj. 2.92461e+06 iterations 1
Cbc0038I Pass  12: suminf.    0.21064 (1) obj. 2.92461e+06 iterations 2
Cbc0038I Pass  13: suminf.    1.06539 (4) obj. 2.92461e+06 iterations 11
Cbc0038I Pass  14: suminf.    0.40974 (4) obj. 2.92461e+06 iterations 1
Cbc0038I Pass  15: suminf.    0.33386 (2) obj. 2.92461e+06 iterations 7
Cbc0038I Pass  16: suminf.    0.28690 (2) obj. 2.92461e+06 iterations 1
Cbc0038I Pass  17: suminf.    0.33386 (2) obj. 2.92461e+06 iterations 9
Cbc0038I Pass  18: suminf.    0.28690 (2) obj. 2.92461e+06 iterations 17
Cbc0038I Pass  19: suminf.    0.33386 (2) obj. 2.92461e+06 iterations 8
Cbc0038I Pass  20: suminf.    0.28690 (2) obj. 2.92461e+06 iterations 2
Cbc0038I Pass  21: suminf.    0.44774 (4) obj. 2.92461e+06 iterations 14
Cbc0038I Pass  22: suminf.    0.38732 (2) obj. 2.92461e+06 iterations 6
Cbc0038I Pass  23: suminf.    0.38440 (3) obj. 2.92461e+06 iterations 2
Cbc0038I Pass  24: suminf.    0.44774 (4) obj. 2.92461e+06 iterations 12
Cbc0038I Pass  25: suminf.    0.44774 (4) obj. 2.92461e+06 iterations 0
Cbc0038I Pass  26: suminf.    0.41870 (2) obj. 2.92461e+06 iterations 13
Cbc0038I Pass  27: suminf.    0.44774 (4) obj. 2.92461e+06 iterations 10
Cbc0038I Pass  28: suminf.    0.44774 (4) obj. 2.92461e+06 iterations 0
Cbc0038I Pass  29: suminf.    0.38732 (2) obj. 2.92461e+06 iterations 6
Cbc0038I Pass  30: suminf.    0.38440 (3) obj. 2.92461e+06 iterations 2
Cbc0038I Pass  31: suminf.    0.44774 (4) obj. 2.92461e+06 iterations 12
Cbc0038I Pass  32: suminf.    0.76190 (3) obj. 2.92461e+06 iterations 12
Cbc0038I Pass  33: suminf.    0.28690 (2) obj. 2.92461e+06 iterations 1
Cbc0038I No solution found this major pass
Cbc0038I Before mini branch and bound, 3 integers at bound fixed and 72 continuous
Cbc0038I Full problem 114 rows 155 columns, reduced to 21 rows 27 columns
Cbc0038I Mini branch and bound did not improve solution (0.04 seconds)
Cbc0038I After 0.04 seconds - Feasibility pump exiting with objective of 2.92465e+06 - took 0.03 seconds
Cbc0012I Integer solution of 2924653.8 found by feasibility pump after 0 iterations and 0 nodes (0.04 seconds)
Cbc0038I Full problem 114 rows 155 columns, reduced to 62 rows 99 columns
Cbc0031I 8 added rows had average density of 22.75
Cbc0013I At root node, 8 cuts changed objective from 2924433.1 to 2924606.3 in 100 passes
Cbc0014I Cut generator 0 (Probing) - 1 row cuts average 2.0 elements, 0 column cuts (0 active)  in 0.009 seconds - new frequency is -100
Cbc0014I Cut generator 1 (Gomory) - 311 row cuts average 35.9 elements, 0 column cuts (0 active)  in 0.005 seconds - new frequency is 1
Cbc0014I Cut generator 2 (Knapsack) - 0 row cuts average 0.0 elements, 0 column cuts (0 active)  in 0.018 seconds - new frequency is -100
Cbc0014I Cut generator 3 (Clique) - 0 row cuts average 0.0 elements, 0 column cuts (0 active)  in 0.000 seconds - new frequency is -100
Cbc0014I Cut generator 4 (MixedIntegerRounding2) - 1 row cuts average 5.0 elements, 0 column cuts (0 active)  in 0.011 seconds - new frequency is -100
Cbc0014I Cut generator 5 (FlowCover) - 0 row cuts average 0.0 elements, 0 column cuts (0 active)  in 0.023 seconds - new frequency is -100
Cbc0014I Cut generator 6 (TwoMirCuts) - 19 row cuts average 17.6 elements, 0 column cuts (0 active)  in 0.004 seconds - new frequency is -100
Cbc0010I After 0 nodes, 1 on tree, 2924653.8 best solution, best possible 2924606.3 (0.18 seconds)
Cbc0001I Search completed - best objective 2924653.791591999, took 928 iterations and 4 nodes (0.19 seconds)
Cbc0032I Strong branching done 16 times (83 iterations), fathomed 0 nodes and fixed 3 variables
Cbc0035I Maximum depth 1, 0 variables fixed on reduced cost
Cuts at root node changed objective from 2.92443e+06 to 2.92461e+06
Probing was tried 100 times and created 1 cuts of which 0 were active after adding rounds of cuts (0.009 seconds)
Gomory was tried 107 times and created 330 cuts of which 0 were active after adding rounds of cuts (0.007 seconds)
Knapsack was tried 100 times and created 0 cuts of which 0 were active after adding rounds of cuts (0.018 seconds)
Clique was tried 100 times and created 0 cuts of which 0 were active after adding rounds of cuts (0.000 seconds)
MixedIntegerRounding2 was tried 100 times and created 1 cuts of which 0 were active after adding rounds of cuts (0.011 seconds)
FlowCover was tried 100 times and created 0 cuts of which 0 were active after adding rounds of cuts (0.023 seconds)
TwoMirCuts was tried 100 times and created 19 cuts of which 0 were active after adding rounds of cuts (0.004 seconds)
ZeroHalf was tried 1 times and created 0 cuts of which 0 were active after adding rounds of cuts (0.000 seconds)

Result - Optimal solution found

Objective value:                2924653.79159200
Enumerated nodes:               4
Total iterations:               928
Time (CPU seconds):             0.19
Time (Wallclock seconds):       0.19

Option for printingOptions changed from normal to all
Total time (CPU seconds):       0.22   (Wallclock seconds):       0.22

