Welcome to the CBC MILP Solver 
Version: 2.10.3 
Build Date: Dec 15 2019 

command line - E:\dachuang\.venv\Lib\site-packages\pulp\apis\../solverdir/cbc/win/i64/cbc.exe model.mps -primalTolerance 1e-9 -integerTolerance 1e-9 -ratioGap 0 -allowableGap 0 -threads 0 -branch -printingOptions all -solution solution.txt -saveSolution solution.bin -quit (default strategy 1)
At line 2 NAME          MODEL
At line 3 ROWS
At line 317 COLUMNS
At line 1133 RHS
At line 1446 BOUNDS
At line 1521 ENDATA
Problem MODEL has 312 rows, 241 columns and 647 elements
Coin0008I MODEL read with 0 errors
primalTolerance was changed from 1e-07 to 1e-09
integerTolerance was changed from 1e-07 to 1e-09
ratioGap was changed from 0 to 0
allowableGap was changed from 1e-10 to 0
Continuous objective value is 1.92341e+06 - 0.00 seconds
Cgl0003I 0 fixed, 0 tightened bounds, 2 strengthened rows, 0 substitutions
Cgl0004I processed model has 116 rows, 155 columns (24 integer (24 of which binary)) and 335 elements
Cbc0038I Initial state - 10 integers unsatisfied sum - 2.60747
Cbc0038I Pass   1: suminf.    0.00000 (0) obj. 1.94155e+06 iterations 14
Cbc0038I Solution found of 1.94155e+06
Cbc0038I Relaxing continuous gives 1.93516e+06
Cbc0038I Before mini branch and bound, 14 integers at bound fixed and 82 continuous
Cbc0038I Full problem 116 rows 155 columns, reduced to 8 rows 9 columns
Cbc0038I Mini branch and bound improved solution from 1.93516e+06 to 1.92394e+06 (0.02 seconds)
Cbc0038I Round again with cutoff of 1.92389e+06
Cbc0038I Pass   2: suminf.    0.31065 (3) obj. 1.92389e+06 iterations 6
Cbc0038I Pass   3: suminf.    0.00000 (0) obj. 1.92389e+06 iterations 14
Cbc0038I Solution found of 1.92389e+06
Cbc0038I Relaxing continuous gives 1.92378e+06
Cbc0038I Before mini branch and bound, 14 integers at bound fixed and 79 continuous
Cbc0038I Full problem 116 rows 155 columns, reduced to 18 rows 24 columns
Cbc0038I Mini branch and bound improved solution from 1.92378e+06 to 1.92353e+06 (0.03 seconds)
Cbc0038I Round again with cutoff of 1.92351e+06
Cbc0038I Pass   4: suminf.    1.06323 (6) obj. 1.92351e+06 iterations 4
Cbc0038I Pass   5: suminf.    1.06323 (6) obj. 1.92351e+06 iterations 5
Cbc0038I Pass   6: suminf.    1.68914 (4) obj. 1.92351e+06 iterations 7
Cbc0038I Pass   7: suminf.    1.03999 (4) obj. 1.92351e+06 iterations 1
Cbc0038I Pass   8: suminf.    0.97989 (4) obj. 1.92351e+06 iterations 4
Cbc0038I Pass   9: suminf.    0.97989 (4) obj. 1.92351e+06 iterations 4
Cbc0038I Pass  10: suminf.    1.92864 (5) obj. 1.92351e+06 iterations 11
Cbc0038I Pass  11: suminf.    1.27949 (5) obj. 1.92351e+06 iterations 2
Cbc0038I Pass  12: suminf.    1.11050 (4) obj. 1.92351e+06 iterations 6
Cbc0038I Pass  13: suminf.    1.11050 (4) obj. 1.92351e+06 iterations 3
Cbc0038I Pass  14: suminf.    1.20414 (3) obj. 1.92351e+06 iterations 13
Cbc0038I Pass  15: suminf.    0.55499 (3) obj. 1.92351e+06 iterations 1
Cbc0038I Pass  16: suminf.    0.97989 (3) obj. 1.92351e+06 iterations 5
Cbc0038I Pass  17: suminf.    0.97989 (3) obj. 1.92351e+06 iterations 2
Cbc0038I Pass  18: suminf.    0.55499 (4) obj. 1.92351e+06 iterations 5
Cbc0038I Pass  19: suminf.    0.80289 (4) obj. 1.92351e+06 iterations 10
Cbc0038I Pass  20: suminf.    0.80289 (4) obj. 1.92351e+06 iterations 0
Cbc0038I Pass  21: suminf.    0.55499 (4) obj. 1.92351e+06 iterations 7
Cbc0038I Pass  22: suminf.    0.55499 (3) obj. 1.92351e+06 iterations 1
Cbc0038I Pass  23: suminf.    0.97989 (3) obj. 1.92351e+06 iterations 5
Cbc0038I Pass  24: suminf.    0.97989 (3) obj. 1.92351e+06 iterations 2
Cbc0038I Pass  25: suminf.    0.97989 (3) obj. 1.92351e+06 iterations 4
Cbc0038I Pass  26: suminf.    0.55499 (4) obj. 1.92351e+06 iterations 5
Cbc0038I Pass  27: suminf.    0.55499 (3) obj. 1.92351e+06 iterations 1
Cbc0038I Pass  28: suminf.    0.97989 (3) obj. 1.92351e+06 iterations 5
Cbc0038I Pass  29: suminf.    0.97989 (3) obj. 1.92351e+06 iterations 2
Cbc0038I Pass  30: suminf.    1.18238 (5) obj. 1.92351e+06 iterations 15
Cbc0038I Pass  31: suminf.    0.53633 (3) obj. 1.92351e+06 iterations 4
Cbc0038I Pass  32: suminf.    0.97989 (4) obj. 1.92351e+06 iterations 9
Cbc0038I Pass  33: suminf.    0.97989 (4) obj. 1.92351e+06 iterations 0
Cbc0038I No solution found this major pass
Cbc0038I Before mini branch and bound, 6 integers at bound fixed and 71 continuous
Cbc0038I Full problem 116 rows 155 columns, reduced to 25 rows 34 columns
Cbc0038I Mini branch and bound did not improve solution (0.04 seconds)
Cbc0038I After 0.04 seconds - Feasibility pump exiting with objective of 1.92353e+06 - took 0.03 seconds
Cbc0012I Integer solution of 1923532.7 found by feasibility pump after 0 iterations and 0 nodes (0.04 seconds)
Cbc0038I Full problem 116 rows 155 columns, reduced to 76 rows 113 columns
Cbc0031I 13 added rows had average density of 11.384615
Cbc0013I At root node, 13 cuts changed objective from 1923411.6 to 1923531.5 in 15 passes
Cbc0014I Cut generator 0 (Probing) - 3 row cuts average 2.0 elements, 2 column cuts (2 active)  in 0.002 seconds - new frequency is 1
Cbc0014I Cut generator 1 (Gomory) - 48 row cuts average 18.7 elements, 0 column cuts (0 active)  in 0.001 seconds - new frequency is 1
Cbc0014I Cut generator 2 (Knapsack) - 0 row cuts average 0.0 elements, 0 column cuts (0 active)  in 0.003 seconds - new frequency is -100
Cbc0014I Cut generator 3 (Clique) - 0 row cuts average 0.0 elements, 0 column cuts (0 active)  in 0.000 seconds - new frequency is -100
Cbc0014I Cut generator 4 (MixedIntegerRounding2) - 3 row cuts average 7.3 elements, 0 column cuts (0 active)  in 0.003 seconds - new frequency is -100
Cbc0014I Cut generator 5 (FlowCover) - 1 row cuts average 2.0 elements, 0 column cuts (0 active)  in 0.003 seconds - new frequency is -100
Cbc0014I Cut generator 6 (TwoMirCuts) - 29 row cuts average 9.3 elements, 0 column cuts (0 active)  in 0.001 seconds - new frequency is -100
Cbc0001I Search completed - best objective 1923532.660058756, took 111 iterations and 0 nodes (0.08 seconds)
Cbc0032I Strong branching done 8 times (30 iterations), fathomed 1 nodes and fixed 0 variables
Cbc0035I Maximum depth 0, 0 variables fixed on reduced cost
Cuts at root node changed objective from 1.92341e+06 to 1.92353e+06
Probing was tried 15 times and created 5 cuts of which 0 were active after adding rounds of cuts (0.002 seconds)
Gomory was tried 15 times and created 48 cuts of which 0 were active after adding rounds of cuts (0.001 seconds)
Knapsack was tried 15 times and created 0 cuts of which 0 were active after adding rounds of cuts (0.003 seconds)
Clique was tried 15 times and created 0 cuts of which 0 were active after adding rounds of cuts (0.000 seconds)
MixedIntegerRounding2 was tried 15 times and created 3 cuts of which 0 were active after adding rounds of cuts (0.003 seconds)
FlowCover was tried 15 times and created 1 cuts of which 0 were active after adding rounds of cuts (0.003 seconds)
TwoMirCuts was tried 15 times and created 29 cuts of which 0 were active after adding rounds of cuts (0.001 seconds)
ZeroHalf was tried 1 times and created 0 cuts of which 0 were active after adding rounds of cuts (0.000 seconds)

Result - Optimal solution found

Objective value:                1923532.66005876
Enumerated nodes:               0
Total iterations:               111
Time (CPU seconds):             0.09
Time (Wallclock seconds):       0.09

Option for printingOptions changed from normal to all
Total time (CPU seconds):       0.12   (Wallclock seconds):       0.12

