Welcome to the CBC MILP Solver 
Version: 2.10.3 
Build Date: Dec 15 2019 

command line - E:\dachuang\.venv\Lib\site-packages\pulp\apis\../solverdir/cbc/win/i64/cbc.exe model.mps -primalTolerance 1e-9 -integerTolerance 1e-9 -ratioGap 0 -allowableGap 0 -threads 0 -branch -printingOptions all -solution solution.txt -saveSolution solution.bin -quit (default strategy 1)
At line 2 NAME          MODEL
At line 3 ROWS
At line 317 COLUMNS
At line 1133 RHS
At line 1446 BOUNDS
At line 1521 ENDATA
Problem MODEL has 312 rows, 241 columns and 647 elements
Coin0008I MODEL read with 0 errors
primalTolerance was changed from 1e-07 to 1e-09
integerTolerance was changed from 1e-07 to 1e-09
ratioGap was changed from 0 to 0
allowableGap was changed from 1e-10 to 0
Continuous objective value is 665167 - 0.00 seconds
Cgl0003I 0 fixed, 0 tightened bounds, 2 strengthened rows, 0 substitutions
Cgl0004I processed model has 119 rows, 167 columns (24 integer (24 of which binary)) and 356 elements
Cbc0038I Initial state - 4 integers unsatisfied sum - 1.7466
Cbc0038I Pass   1: suminf.    0.00000 (0) obj. 990497 iterations 12
Cbc0038I Solution found of 990497
Cbc0038I Relaxing continuous gives 824624
Cbc0038I Before mini branch and bound, 20 integers at bound fixed and 99 continuous
Cbc0038I Full problem 119 rows 167 columns, reduced to 7 rows 11 columns
Cbc0038I Mini branch and bound improved solution from 824624 to 665167 (0.02 seconds)
Cbc0038I After 0.02 seconds - Feasibility pump exiting with objective of 665167 - took 0.01 seconds
Cbc0012I Integer solution of 665167.47 found by feasibility pump after 0 iterations and 0 nodes (0.02 seconds)
Cbc0001I Search completed - best objective 665167.4736841042, took 0 iterations and 0 nodes (0.02 seconds)
Cbc0035I Maximum depth 0, 0 variables fixed on reduced cost
Cuts at root node changed objective from 665167 to 665167
Probing was tried 0 times and created 0 cuts of which 0 were active after adding rounds of cuts (0.000 seconds)
Gomory was tried 0 times and created 0 cuts of which 0 were active after adding rounds of cuts (0.000 seconds)
Knapsack was tried 0 times and created 0 cuts of which 0 were active after adding rounds of cuts (0.000 seconds)
Clique was tried 0 times and created 0 cuts of which 0 were active after adding rounds of cuts (0.000 seconds)
MixedIntegerRounding2 was tried 0 times and created 0 cuts of which 0 were active after adding rounds of cuts (0.000 seconds)
FlowCover was tried 0 times and created 0 cuts of which 0 were active after adding rounds of cuts (0.000 seconds)
TwoMirCuts was tried 0 times and created 0 cuts of which 0 were active after adding rounds of cuts (0.000 seconds)
ZeroHalf was tried 0 times and created 0 cuts of which 0 were active after adding rounds of cuts (0.000 seconds)

Result - Optimal solution found

Objective value:                665167.47368410
Enumerated nodes:               0
Total iterations:               0
Time (CPU seconds):             0.02
Time (Wallclock seconds):       0.02

Option for printingOptions changed from normal to all
Total time (CPU seconds):       0.05   (Wallclock seconds):       0.05

