Welcome to the CBC MILP Solver 
Version: 2.10.3 
Build Date: Dec 15 2019 

command line - E:\dachuang\.venv\Lib\site-packages\pulp\apis\../solverdir/cbc/win/i64/cbc.exe model.mps -primalTolerance 1e-9 -integerTolerance 1e-9 -ratioGap 0 -allowableGap 0 -threads 0 -branch -printingOptions all -solution solution.txt -saveSolution solution.bin -quit (default strategy 1)
At line 2 NAME          MODEL
At line 3 ROWS
At line 317 COLUMNS
At line 1133 RHS
At line 1446 BOUNDS
At line 1521 ENDATA
Problem MODEL has 312 rows, 241 columns and 647 elements
Coin0008I MODEL read with 0 errors
primalTolerance was changed from 1e-07 to 1e-09
integerTolerance was changed from 1e-07 to 1e-09
ratioGap was changed from 0 to 0
allowableGap was changed from 1e-10 to 0
Continuous objective value is 2.58555e+06 - 0.00 seconds
Cgl0003I 0 fixed, 0 tightened bounds, 2 strengthened rows, 0 substitutions
Cgl0004I processed model has 115 rows, 159 columns (24 integer (24 of which binary)) and 336 elements
Cbc0038I Initial state - 9 integers unsatisfied sum - 2.46172
Cbc0038I Pass   1: suminf.    0.00000 (0) obj. 2.76902e+06 iterations 15
Cbc0038I Solution found of 2.76902e+06
Cbc0038I Relaxing continuous gives 2.67678e+06
Cbc0038I Before mini branch and bound, 15 integers at bound fixed and 86 continuous
Cbc0038I Full problem 115 rows 159 columns, reduced to 6 rows 9 columns
Cbc0038I Mini branch and bound improved solution from 2.67678e+06 to 2.58583e+06 (0.02 seconds)
Cbc0038I Freeing continuous variables gives a solution of 2.58582e+06
Cbc0038I Round again with cutoff of 2.5858e+06
Cbc0038I Pass   2: suminf.    0.81611 (5) obj. 2.5858e+06 iterations 19
Cbc0038I Pass   3: suminf.    0.56997 (2) obj. 2.5858e+06 iterations 18
Cbc0038I Pass   4: suminf.    0.20240 (2) obj. 2.5858e+06 iterations 3
Cbc0038I Pass   5: suminf.    0.59636 (3) obj. 2.5858e+06 iterations 9
Cbc0038I Pass   6: suminf.    0.42104 (2) obj. 2.5858e+06 iterations 9
Cbc0038I Pass   7: suminf.    0.12027 (1) obj. 2.5858e+06 iterations 3
Cbc0038I Pass   8: suminf.    0.25877 (2) obj. 2.5858e+06 iterations 4
Cbc0038I Pass   9: suminf.    0.42104 (2) obj. 2.5858e+06 iterations 5
Cbc0038I Pass  10: suminf.    0.12027 (1) obj. 2.5858e+06 iterations 3
Cbc0038I Pass  11: suminf.    0.97897 (4) obj. 2.5858e+06 iterations 19
Cbc0038I Pass  12: suminf.    0.97897 (4) obj. 2.5858e+06 iterations 0
Cbc0038I Pass  13: suminf.    0.56997 (3) obj. 2.5858e+06 iterations 3
Cbc0038I Pass  14: suminf.    0.56997 (3) obj. 2.5858e+06 iterations 0
Cbc0038I Pass  15: suminf.    0.88797 (3) obj. 2.5858e+06 iterations 7
Cbc0038I Pass  16: suminf.    0.88797 (3) obj. 2.5858e+06 iterations 0
Cbc0038I Pass  17: suminf.    1.11747 (5) obj. 2.5858e+06 iterations 7
Cbc0038I Pass  18: suminf.    0.56997 (3) obj. 2.5858e+06 iterations 4
Cbc0038I Pass  19: suminf.    0.56997 (3) obj. 2.5858e+06 iterations 0
Cbc0038I Pass  20: suminf.    0.88797 (3) obj. 2.5858e+06 iterations 7
Cbc0038I Pass  21: suminf.    0.88797 (3) obj. 2.5858e+06 iterations 0
Cbc0038I Pass  22: suminf.    1.46598 (7) obj. 2.5858e+06 iterations 21
Cbc0038I Pass  23: suminf.    1.22598 (6) obj. 2.5858e+06 iterations 1
Cbc0038I Pass  24: suminf.    0.64658 (3) obj. 2.5858e+06 iterations 13
Cbc0038I Pass  25: suminf.    0.64658 (3) obj. 2.5858e+06 iterations 0
Cbc0038I Pass  26: suminf.    0.49154 (2) obj. 2.5858e+06 iterations 4
Cbc0038I Pass  27: suminf.    0.19077 (2) obj. 2.5858e+06 iterations 2
Cbc0038I Pass  28: suminf.    0.42104 (2) obj. 2.5858e+06 iterations 5
Cbc0038I Pass  29: suminf.    0.12027 (1) obj. 2.5858e+06 iterations 3
Cbc0038I Pass  30: suminf.    0.13828 (1) obj. 2.5858e+06 iterations 22
Cbc0038I Solution found of 2.5858e+06
Cbc0038I Relaxing continuous gives 2.58576e+06
Cbc0038I Before mini branch and bound, 2 integers at bound fixed and 71 continuous
Cbc0038I Full problem 115 rows 159 columns, reduced to 26 rows 36 columns
Cbc0038I Mini branch and bound improved solution from 2.58576e+06 to 2.58571e+06 (0.04 seconds)
Cbc0038I Round again with cutoff of 2.58567e+06
Cbc0038I Pass  31: suminf.    1.34682 (7) obj. 2.58567e+06 iterations 2
Cbc0038I Pass  32: suminf.    0.77147 (4) obj. 2.58567e+06 iterations 17
Cbc0038I Pass  33: suminf.    0.77147 (4) obj. 2.58567e+06 iterations 0
Cbc0038I Pass  34: suminf.    0.68180 (4) obj. 2.58567e+06 iterations 8
Cbc0038I Pass  35: suminf.    0.64972 (3) obj. 2.58567e+06 iterations 2
Cbc0038I Pass  36: suminf.    0.94791 (3) obj. 2.58567e+06 iterations 17
Cbc0038I Pass  37: suminf.    0.93172 (4) obj. 2.58567e+06 iterations 4
Cbc0038I Pass  38: suminf.    1.24972 (4) obj. 2.58567e+06 iterations 5
Cbc0038I Pass  39: suminf.    0.70097 (4) obj. 2.58567e+06 iterations 7
Cbc0038I Pass  40: suminf.    0.70097 (4) obj. 2.58567e+06 iterations 0
Cbc0038I Pass  41: suminf.    0.75230 (4) obj. 2.58567e+06 iterations 8
Cbc0038I Pass  42: suminf.    0.72936 (3) obj. 2.58567e+06 iterations 1
Cbc0038I Pass  43: suminf.    1.13495 (4) obj. 2.58567e+06 iterations 2
Cbc0038I Pass  44: suminf.    0.70097 (4) obj. 2.58567e+06 iterations 6
Cbc0038I Pass  45: suminf.    0.70097 (4) obj. 2.58567e+06 iterations 0
Cbc0038I Pass  46: suminf.    0.75230 (4) obj. 2.58567e+06 iterations 8
Cbc0038I Pass  47: suminf.    0.72936 (3) obj. 2.58567e+06 iterations 1
Cbc0038I Pass  48: suminf.    1.02367 (3) obj. 2.58567e+06 iterations 6
Cbc0038I Pass  49: suminf.    1.00222 (4) obj. 2.58567e+06 iterations 2
Cbc0038I Pass  50: suminf.    1.17922 (4) obj. 2.58567e+06 iterations 5
Cbc0038I Pass  51: suminf.    0.77147 (4) obj. 2.58567e+06 iterations 7
Cbc0038I Pass  52: suminf.    0.77147 (4) obj. 2.58567e+06 iterations 0
Cbc0038I Pass  53: suminf.    0.68180 (4) obj. 2.58567e+06 iterations 8
Cbc0038I Pass  54: suminf.    0.64972 (3) obj. 2.58567e+06 iterations 2
Cbc0038I Pass  55: suminf.    1.17922 (4) obj. 2.58567e+06 iterations 8
Cbc0038I Pass  56: suminf.    0.77147 (4) obj. 2.58567e+06 iterations 7
Cbc0038I Pass  57: suminf.    0.77147 (4) obj. 2.58567e+06 iterations 0
Cbc0038I Pass  58: suminf.    0.68180 (4) obj. 2.58567e+06 iterations 8
Cbc0038I Pass  59: suminf.    0.64972 (3) obj. 2.58567e+06 iterations 2
Cbc0038I Pass  60: suminf.    1.58482 (5) obj. 2.58567e+06 iterations 10
Cbc0038I No solution found this major pass
Cbc0038I Before mini branch and bound, 6 integers at bound fixed and 74 continuous
Cbc0038I Full problem 115 rows 159 columns, reduced to 24 rows 33 columns
Cbc0038I Mini branch and bound did not improve solution (0.06 seconds)
Cbc0038I After 0.06 seconds - Feasibility pump exiting with objective of 2.58571e+06 - took 0.05 seconds
Cbc0012I Integer solution of 2585706.3 found by feasibility pump after 0 iterations and 0 nodes (0.06 seconds)
Cbc0038I Full problem 115 rows 159 columns, reduced to 74 rows 115 columns
Cbc0031I 12 added rows had average density of 7.6666667
Cbc0013I At root node, 12 cuts changed objective from 2585545.2 to 2585706.2 in 7 passes
Cbc0014I Cut generator 0 (Probing) - 4 row cuts average 2.0 elements, 1 column cuts (1 active)  in 0.002 seconds - new frequency is 1
Cbc0014I Cut generator 1 (Gomory) - 23 row cuts average 13.2 elements, 0 column cuts (0 active)  in 0.001 seconds - new frequency is 1
Cbc0014I Cut generator 2 (Knapsack) - 0 row cuts average 0.0 elements, 0 column cuts (0 active)  in 0.002 seconds - new frequency is -100
Cbc0014I Cut generator 3 (Clique) - 0 row cuts average 0.0 elements, 0 column cuts (0 active)  in 0.001 seconds - new frequency is -100
Cbc0014I Cut generator 4 (MixedIntegerRounding2) - 5 row cuts average 4.4 elements, 0 column cuts (0 active)  in 0.000 seconds - new frequency is 1
Cbc0014I Cut generator 5 (FlowCover) - 1 row cuts average 2.0 elements, 0 column cuts (0 active)  in 0.001 seconds - new frequency is -100
Cbc0014I Cut generator 6 (TwoMirCuts) - 24 row cuts average 10.0 elements, 0 column cuts (0 active)  in 0.001 seconds - new frequency is -100
Cbc0001I Search completed - best objective 2585706.331091986, took 61 iterations and 0 nodes (0.08 seconds)
Cbc0032I Strong branching done 2 times (10 iterations), fathomed 1 nodes and fixed 0 variables
Cbc0035I Maximum depth 0, 0 variables fixed on reduced cost
Cuts at root node changed objective from 2.58555e+06 to 2.58575e+06
Probing was tried 7 times and created 5 cuts of which 0 were active after adding rounds of cuts (0.002 seconds)
Gomory was tried 7 times and created 23 cuts of which 0 were active after adding rounds of cuts (0.001 seconds)
Knapsack was tried 7 times and created 0 cuts of which 0 were active after adding rounds of cuts (0.002 seconds)
Clique was tried 7 times and created 0 cuts of which 0 were active after adding rounds of cuts (0.001 seconds)
MixedIntegerRounding2 was tried 7 times and created 5 cuts of which 0 were active after adding rounds of cuts (0.000 seconds)
FlowCover was tried 7 times and created 1 cuts of which 0 were active after adding rounds of cuts (0.001 seconds)
TwoMirCuts was tried 7 times and created 24 cuts of which 0 were active after adding rounds of cuts (0.001 seconds)
ZeroHalf was tried 1 times and created 0 cuts of which 0 were active after adding rounds of cuts (0.000 seconds)

Result - Optimal solution found

Objective value:                2585706.33109199
Enumerated nodes:               0
Total iterations:               61
Time (CPU seconds):             0.09
Time (Wallclock seconds):       0.09

Option for printingOptions changed from normal to all
Total time (CPU seconds):       0.12   (Wallclock seconds):       0.12

