Welcome to the CBC MILP Solver 
Version: 2.10.3 
Build Date: Dec 15 2019 

command line - E:\dachuang\.venv\Lib\site-packages\pulp\apis\../solverdir/cbc/win/i64/cbc.exe model.mps -primalTolerance 1e-9 -integerTolerance 1e-9 -ratioGap 0 -allowableGap 0 -threads 0 -branch -printingOptions all -solution solution.txt -saveSolution solution.bin -quit (default strategy 1)
At line 2 NAME          MODEL
At line 3 ROWS
At line 317 COLUMNS
At line 1133 RHS
At line 1446 BOUNDS
At line 1521 ENDATA
Problem MODEL has 312 rows, 241 columns and 647 elements
Coin0008I MODEL read with 0 errors
primalTolerance was changed from 1e-07 to 1e-09
integerTolerance was changed from 1e-07 to 1e-09
ratioGap was changed from 0 to 0
allowableGap was changed from 1e-10 to 0
Continuous objective value is 577131 - 0.00 seconds
Cgl0003I 0 fixed, 0 tightened bounds, 3 strengthened rows, 0 substitutions
Cgl0004I processed model has 119 rows, 167 columns (24 integer (24 of which binary)) and 356 elements
Cbc0038I Initial state - 7 integers unsatisfied sum - 1.58175
Cbc0038I Pass   1: suminf.    0.00000 (0) obj. 583955 iterations 11
Cbc0038I Solution found of 583955
Cbc0038I Relaxing continuous gives 577657
Cbc0038I Before mini branch and bound, 17 integers at bound fixed and 90 continuous
Cbc0038I Full problem 119 rows 167 columns, reduced to 11 rows 14 columns
Cbc0038I Mini branch and bound improved solution from 577657 to 577457 (0.02 seconds)
Cbc0038I Round again with cutoff of 577426
Cbc0038I Pass   2: suminf.    0.16913 (3) obj. 577426 iterations 24
Cbc0038I Pass   3: suminf.    0.13263 (1) obj. 577426 iterations 10
Cbc0038I Pass   4: suminf.    0.00000 (0) obj. 577426 iterations 4
Cbc0038I Solution found of 577426
Cbc0038I Relaxing continuous gives 577391
Cbc0038I Before mini branch and bound, 17 integers at bound fixed and 89 continuous
Cbc0038I Full problem 119 rows 167 columns, reduced to 14 rows 20 columns
Cbc0038I Mini branch and bound improved solution from 577391 to 577345 (0.02 seconds)
Cbc0038I Round again with cutoff of 577306
Cbc0038I Pass   5: suminf.    0.68575 (4) obj. 577306 iterations 3
Cbc0038I Pass   6: suminf.    0.40360 (1) obj. 577306 iterations 10
Cbc0038I Pass   7: suminf.    0.31235 (1) obj. 577306 iterations 2
Cbc0038I Pass   8: suminf.    0.64925 (2) obj. 577306 iterations 7
Cbc0038I Pass   9: suminf.    0.40360 (1) obj. 577306 iterations 4
Cbc0038I Pass  10: suminf.    0.31235 (1) obj. 577306 iterations 2
Cbc0038I Pass  11: suminf.    0.28490 (2) obj. 577306 iterations 16
Cbc0038I Pass  12: suminf.    0.31235 (1) obj. 577306 iterations 9
Cbc0038I Pass  13: suminf.    0.40360 (1) obj. 577306 iterations 1
Cbc0038I Pass  14: suminf.    0.68546 (4) obj. 577306 iterations 9
Cbc0038I Pass  15: suminf.    0.68546 (4) obj. 577306 iterations 1
Cbc0038I Pass  16: suminf.    1.26110 (3) obj. 577306 iterations 6
Cbc0038I Pass  17: suminf.    1.26110 (3) obj. 577306 iterations 0
Cbc0038I Pass  18: suminf.    0.65196 (3) obj. 577306 iterations 4
Cbc0038I Pass  19: suminf.    0.65196 (3) obj. 577306 iterations 0
Cbc0038I Pass  20: suminf.    0.65496 (4) obj. 577306 iterations 6
Cbc0038I Pass  21: suminf.    1.26110 (3) obj. 577306 iterations 8
Cbc0038I Pass  22: suminf.    1.26110 (3) obj. 577306 iterations 0
Cbc0038I Pass  23: suminf.    0.65196 (3) obj. 577306 iterations 4
Cbc0038I Pass  24: suminf.    0.65196 (3) obj. 577306 iterations 0
Cbc0038I Pass  25: suminf.    0.50675 (2) obj. 577306 iterations 18
Cbc0038I Pass  26: suminf.    0.75429 (2) obj. 577306 iterations 2
Cbc0038I Pass  27: suminf.    0.50675 (2) obj. 577306 iterations 2
Cbc0038I Pass  28: suminf.    0.40925 (1) obj. 577306 iterations 14
Cbc0038I Pass  29: suminf.    0.40925 (1) obj. 577306 iterations 3
Cbc0038I Pass  30: suminf.    0.54531 (2) obj. 577306 iterations 5
Cbc0038I Pass  31: suminf.    0.75429 (2) obj. 577306 iterations 4
Cbc0038I Pass  32: suminf.    0.50675 (2) obj. 577306 iterations 2
Cbc0038I Pass  33: suminf.    0.75429 (2) obj. 577306 iterations 2
Cbc0038I Pass  34: suminf.    0.59940 (3) obj. 577306 iterations 10
Cbc0038I No solution found this major pass
Cbc0038I Before mini branch and bound, 2 integers at bound fixed and 74 continuous
Cbc0038I Full problem 119 rows 167 columns, reduced to 23 rows 35 columns
Cbc0038I Mini branch and bound improved solution from 577345 to 577338 (0.04 seconds)
Cbc0038I Round again with cutoff of 577259
Cbc0038I Pass  34: suminf.    0.88885 (4) obj. 577259 iterations 0
Cbc0038I Pass  35: suminf.    0.53740 (2) obj. 577259 iterations 7
Cbc0038I Pass  36: suminf.    0.53740 (2) obj. 577259 iterations 0
Cbc0038I Pass  37: suminf.    0.62865 (2) obj. 577259 iterations 3
Cbc0038I Pass  38: suminf.    1.27739 (5) obj. 577259 iterations 11
Cbc0038I Pass  39: suminf.    0.41600 (3) obj. 577259 iterations 9
Cbc0038I Pass  40: suminf.    0.47075 (1) obj. 577259 iterations 5
Cbc0038I Pass  41: suminf.    0.37950 (1) obj. 577259 iterations 1
Cbc0038I Pass  42: suminf.    0.37950 (1) obj. 577259 iterations 3
Cbc0038I Pass  43: suminf.    0.47075 (1) obj. 577259 iterations 1
Cbc0038I Pass  44: suminf.    0.37950 (1) obj. 577259 iterations 1
Cbc0038I Pass  45: suminf.    1.57661 (5) obj. 577259 iterations 10
Cbc0038I Pass  46: suminf.    1.57661 (5) obj. 577259 iterations 0
Cbc0038I Pass  47: suminf.    1.24089 (3) obj. 577259 iterations 5
Cbc0038I Pass  48: suminf.    0.37950 (1) obj. 577259 iterations 5
Cbc0038I Pass  49: suminf.    0.47075 (1) obj. 577259 iterations 1
Cbc0038I Pass  50: suminf.    0.94586 (4) obj. 577259 iterations 7
Cbc0038I Pass  51: suminf.    0.71911 (3) obj. 577259 iterations 1
Cbc0038I Pass  52: suminf.    1.24089 (3) obj. 577259 iterations 6
Cbc0038I Pass  53: suminf.    0.37950 (1) obj. 577259 iterations 5
Cbc0038I Pass  54: suminf.    0.47075 (1) obj. 577259 iterations 1
Cbc0038I Pass  55: suminf.    1.28089 (3) obj. 577259 iterations 5
Cbc0038I Pass  56: suminf.    1.27739 (5) obj. 577259 iterations 4
Cbc0038I Pass  57: suminf.    0.41600 (3) obj. 577259 iterations 5
Cbc0038I Pass  58: suminf.    0.47075 (1) obj. 577259 iterations 3
Cbc0038I Pass  59: suminf.    0.37950 (1) obj. 577259 iterations 1
Cbc0038I Pass  60: suminf.    0.37950 (1) obj. 577259 iterations 4
Cbc0038I Pass  61: suminf.    0.47075 (1) obj. 577259 iterations 1
Cbc0038I Pass  62: suminf.    0.37950 (1) obj. 577259 iterations 1
Cbc0038I Pass  63: suminf.    1.24389 (4) obj. 577259 iterations 6
Cbc0038I No solution found this major pass
Cbc0038I Before mini branch and bound, 3 integers at bound fixed and 81 continuous
Cbc0038I Full problem 119 rows 167 columns, reduced to 24 rows 33 columns
Cbc0038I Mini branch and bound did not improve solution (0.06 seconds)
Cbc0038I After 0.06 seconds - Feasibility pump exiting with objective of 577338 - took 0.05 seconds
Cbc0012I Integer solution of 577338.37 found by feasibility pump after 0 iterations and 0 nodes (0.06 seconds)
Cbc0038I Full problem 119 rows 167 columns, reduced to 97 rows 145 columns - 1 fixed gives 95, 143 - still too large
Cbc0031I 11 added rows had average density of 26.909091
Cbc0013I At root node, 11 cuts changed objective from 577148.86 to 577287.46 in 100 passes
Cbc0014I Cut generator 0 (Probing) - 1 row cuts average 4.0 elements, 0 column cuts (0 active)  in 0.015 seconds - new frequency is -100
Cbc0014I Cut generator 1 (Gomory) - 341 row cuts average 36.6 elements, 0 column cuts (0 active)  in 0.012 seconds - new frequency is 1
Cbc0014I Cut generator 2 (Knapsack) - 0 row cuts average 0.0 elements, 0 column cuts (0 active)  in 0.034 seconds - new frequency is -100
Cbc0014I Cut generator 3 (Clique) - 0 row cuts average 0.0 elements, 0 column cuts (0 active)  in 0.003 seconds - new frequency is -100
Cbc0014I Cut generator 4 (MixedIntegerRounding2) - 0 row cuts average 0.0 elements, 0 column cuts (0 active)  in 0.011 seconds - new frequency is -100
Cbc0014I Cut generator 5 (FlowCover) - 0 row cuts average 0.0 elements, 0 column cuts (0 active)  in 0.022 seconds - new frequency is -100
Cbc0014I Cut generator 6 (TwoMirCuts) - 22 row cuts average 13.9 elements, 0 column cuts (0 active)  in 0.010 seconds - new frequency is -100
Cbc0010I After 0 nodes, 1 on tree, 577338.37 best solution, best possible 577287.46 (0.26 seconds)
Cbc0001I Search completed - best objective 577338.3699671017, took 980 iterations and 10 nodes (0.28 seconds)
Cbc0032I Strong branching done 50 times (195 iterations), fathomed 2 nodes and fixed 3 variables
Cbc0035I Maximum depth 2, 0 variables fixed on reduced cost
Cuts at root node changed objective from 577149 to 577287
Probing was tried 100 times and created 1 cuts of which 0 were active after adding rounds of cuts (0.015 seconds)
Gomory was tried 131 times and created 387 cuts of which 0 were active after adding rounds of cuts (0.013 seconds)
Knapsack was tried 100 times and created 0 cuts of which 0 were active after adding rounds of cuts (0.034 seconds)
Clique was tried 100 times and created 0 cuts of which 0 were active after adding rounds of cuts (0.003 seconds)
MixedIntegerRounding2 was tried 100 times and created 0 cuts of which 0 were active after adding rounds of cuts (0.011 seconds)
FlowCover was tried 100 times and created 0 cuts of which 0 were active after adding rounds of cuts (0.022 seconds)
TwoMirCuts was tried 100 times and created 22 cuts of which 0 were active after adding rounds of cuts (0.010 seconds)
ZeroHalf was tried 1 times and created 0 cuts of which 0 were active after adding rounds of cuts (0.000 seconds)

Result - Optimal solution found

Objective value:                577338.36996710
Enumerated nodes:               10
Total iterations:               980
Time (CPU seconds):             0.28
Time (Wallclock seconds):       0.28

Option for printingOptions changed from normal to all
Total time (CPU seconds):       0.31   (Wallclock seconds):       0.31

