Welcome to the CBC MILP Solver 
Version: 2.10.3 
Build Date: Dec 15 2019 

command line - E:\dachuang\.venv\Lib\site-packages\pulp\apis\../solverdir/cbc/win/i64/cbc.exe model.mps -primalTolerance 1e-9 -integerTolerance 1e-9 -ratioGap 0 -allowableGap 0 -threads 0 -branch -printingOptions all -solution solution.txt -saveSolution solution.bin -quit (default strategy 1)
At line 2 NAME          MODEL
At line 3 ROWS
At line 317 COLUMNS
At line 1133 RHS
At line 1446 BOUNDS
At line 1521 ENDATA
Problem MODEL has 312 rows, 241 columns and 647 elements
Coin0008I MODEL read with 0 errors
primalTolerance was changed from 1e-07 to 1e-09
integerTolerance was changed from 1e-07 to 1e-09
ratioGap was changed from 0 to 0
allowableGap was changed from 1e-10 to 0
Continuous objective value is 2.06345e+06 - 0.00 seconds
Cgl0003I 0 fixed, 0 tightened bounds, 3 strengthened rows, 0 substitutions
Cgl0004I processed model has 115 rows, 154 columns (24 integer (24 of which binary)) and 331 elements
Cbc0038I Initial state - 10 integers unsatisfied sum - 3.86356
Cbc0038I Pass   1: suminf.    0.00000 (0) obj. 2.17328e+06 iterations 17
Cbc0038I Solution found of 2.17328e+06
Cbc0038I Relaxing continuous gives 2.07495e+06
Cbc0038I Before mini branch and bound, 14 integers at bound fixed and 78 continuous
Cbc0038I Full problem 115 rows 154 columns, reduced to 12 rows 15 columns
Cbc0038I Mini branch and bound improved solution from 2.07495e+06 to 2.06411e+06 (0.01 seconds)
Cbc0038I Freeing continuous variables gives a solution of 2.06399e+06
Cbc0038I Round again with cutoff of 2.06394e+06
Cbc0038I Pass   2: suminf.    0.31689 (2) obj. 2.06394e+06 iterations 7
Cbc0038I Pass   3: suminf.    0.06216 (1) obj. 2.06394e+06 iterations 5
Cbc0038I Solution found of 2.06394e+06
Cbc0038I Relaxing continuous gives 2.06388e+06
Cbc0038I Before mini branch and bound, 13 integers at bound fixed and 75 continuous
Cbc0038I Full problem 115 rows 154 columns, reduced to 17 rows 23 columns
Cbc0038I Mini branch and bound improved solution from 2.06388e+06 to 2.06367e+06 (0.02 seconds)
Cbc0038I Round again with cutoff of 2.06363e+06
Cbc0038I Pass   4: suminf.    0.24371 (5) obj. 2.06363e+06 iterations 5
Cbc0038I Pass   5: suminf.    0.24371 (5) obj. 2.06363e+06 iterations 4
Cbc0038I Pass   6: suminf.    1.19722 (5) obj. 2.06363e+06 iterations 14
Cbc0038I Pass   7: suminf.    0.43121 (4) obj. 2.06363e+06 iterations 5
Cbc0038I Pass   8: suminf.    0.43121 (4) obj. 2.06363e+06 iterations 5
Cbc0038I Pass   9: suminf.    0.99847 (5) obj. 2.06363e+06 iterations 6
Cbc0038I Pass  10: suminf.    0.89597 (4) obj. 2.06363e+06 iterations 3
Cbc0038I Pass  11: suminf.    0.97786 (5) obj. 2.06363e+06 iterations 20
Cbc0038I Pass  12: suminf.    0.58232 (6) obj. 2.06363e+06 iterations 9
Cbc0038I Pass  13: suminf.    0.58232 (6) obj. 2.06363e+06 iterations 4
Cbc0038I Pass  14: suminf.    0.89597 (4) obj. 2.06363e+06 iterations 9
Cbc0038I Pass  15: suminf.    0.97786 (5) obj. 2.06363e+06 iterations 17
Cbc0038I Pass  16: suminf.    0.43121 (4) obj. 2.06363e+06 iterations 2
Cbc0038I Pass  17: suminf.    0.99847 (5) obj. 2.06363e+06 iterations 6
Cbc0038I Pass  18: suminf.    0.18121 (4) obj. 2.06363e+06 iterations 10
Cbc0038I Pass  19: suminf.    0.18121 (4) obj. 2.06363e+06 iterations 3
Cbc0038I Pass  20: suminf.    1.19722 (5) obj. 2.06363e+06 iterations 13
Cbc0038I Pass  21: suminf.    0.43121 (4) obj. 2.06363e+06 iterations 4
Cbc0038I Pass  22: suminf.    0.43121 (4) obj. 2.06363e+06 iterations 4
Cbc0038I Pass  23: suminf.    0.99847 (5) obj. 2.06363e+06 iterations 6
Cbc0038I Pass  24: suminf.    0.89597 (4) obj. 2.06363e+06 iterations 2
Cbc0038I Pass  25: suminf.    0.97786 (5) obj. 2.06363e+06 iterations 16
Cbc0038I Pass  26: suminf.    0.18121 (4) obj. 2.06363e+06 iterations 7
Cbc0038I Pass  27: suminf.    0.18121 (4) obj. 2.06363e+06 iterations 4
Cbc0038I Pass  28: suminf.    1.19722 (5) obj. 2.06363e+06 iterations 13
Cbc0038I Pass  29: suminf.    0.43121 (4) obj. 2.06363e+06 iterations 4
Cbc0038I Pass  30: suminf.    0.43121 (4) obj. 2.06363e+06 iterations 4
Cbc0038I Pass  31: suminf.    0.99847 (5) obj. 2.06363e+06 iterations 6
Cbc0038I Pass  32: suminf.    0.89597 (4) obj. 2.06363e+06 iterations 2
Cbc0038I Pass  33: suminf.    0.97786 (5) obj. 2.06363e+06 iterations 16
Cbc0038I No solution found this major pass
Cbc0038I Before mini branch and bound, 7 integers at bound fixed and 69 continuous
Cbc0038I Full problem 115 rows 154 columns, reduced to 27 rows 37 columns
Cbc0038I Mini branch and bound did not improve solution (0.03 seconds)
Cbc0038I After 0.03 seconds - Feasibility pump exiting with objective of 2.06367e+06 - took 0.02 seconds
Cbc0012I Integer solution of 2063672 found by feasibility pump after 0 iterations and 0 nodes (0.03 seconds)
Cbc0038I Full problem 115 rows 154 columns, reduced to 79 rows 114 columns
Cbc0012I Integer solution of 2063639 found by DiveCoefficient after 1165 iterations and 0 nodes (0.17 seconds)
Cbc0031I 10 added rows had average density of 23
Cbc0013I At root node, 10 cuts changed objective from 2063470.3 to 2063583.5 in 90 passes
Cbc0014I Cut generator 0 (Probing) - 5 row cuts average 2.8 elements, 1 column cuts (1 active)  in 0.009 seconds - new frequency is -100
Cbc0014I Cut generator 1 (Gomory) - 360 row cuts average 41.9 elements, 0 column cuts (0 active)  in 0.010 seconds - new frequency is 1
Cbc0014I Cut generator 2 (Knapsack) - 0 row cuts average 0.0 elements, 0 column cuts (0 active)  in 0.017 seconds - new frequency is -100
Cbc0014I Cut generator 3 (Clique) - 0 row cuts average 0.0 elements, 0 column cuts (0 active)  in 0.001 seconds - new frequency is -100
Cbc0014I Cut generator 4 (MixedIntegerRounding2) - 5 row cuts average 5.8 elements, 0 column cuts (0 active)  in 0.009 seconds - new frequency is -100
Cbc0014I Cut generator 5 (FlowCover) - 0 row cuts average 0.0 elements, 0 column cuts (0 active)  in 0.015 seconds - new frequency is -100
Cbc0014I Cut generator 6 (TwoMirCuts) - 35 row cuts average 11.4 elements, 0 column cuts (0 active)  in 0.005 seconds - new frequency is -100
Cbc0010I After 0 nodes, 1 on tree, 2063639 best solution, best possible 2063583.5 (0.17 seconds)
Cbc0001I Search completed - best objective 2063638.968591999, took 1352 iterations and 8 nodes (0.19 seconds)
Cbc0032I Strong branching done 36 times (175 iterations), fathomed 1 nodes and fixed 3 variables
Cbc0035I Maximum depth 2, 0 variables fixed on reduced cost
Cuts at root node changed objective from 2.06347e+06 to 2.06358e+06
Probing was tried 90 times and created 6 cuts of which 0 were active after adding rounds of cuts (0.009 seconds)
Gomory was tried 119 times and created 419 cuts of which 0 were active after adding rounds of cuts (0.013 seconds)
Knapsack was tried 90 times and created 0 cuts of which 0 were active after adding rounds of cuts (0.017 seconds)
Clique was tried 90 times and created 0 cuts of which 0 were active after adding rounds of cuts (0.001 seconds)
MixedIntegerRounding2 was tried 90 times and created 5 cuts of which 0 were active after adding rounds of cuts (0.009 seconds)
FlowCover was tried 90 times and created 0 cuts of which 0 were active after adding rounds of cuts (0.015 seconds)
TwoMirCuts was tried 90 times and created 35 cuts of which 0 were active after adding rounds of cuts (0.005 seconds)
ZeroHalf was tried 1 times and created 0 cuts of which 0 were active after adding rounds of cuts (0.000 seconds)

Result - Optimal solution found

Objective value:                2063638.96859200
Enumerated nodes:               8
Total iterations:               1352
Time (CPU seconds):             0.19
Time (Wallclock seconds):       0.19

Option for printingOptions changed from normal to all
Total time (CPU seconds):       0.22   (Wallclock seconds):       0.22

