Welcome to the CBC MILP Solver 
Version: 2.10.3 
Build Date: Dec 15 2019 

command line - E:\dachuang\.venv\Lib\site-packages\pulp\apis\../solverdir/cbc/win/i64/cbc.exe model.mps -primalTolerance 1e-9 -integerTolerance 1e-9 -ratioGap 0 -allowableGap 0 -threads 0 -branch -printingOptions all -solution solution.txt -saveSolution solution.bin -quit (default strategy 1)
At line 2 NAME          MODEL
At line 3 ROWS
At line 629 COLUMNS
At line 2261 RHS
At line 2886 BOUNDS
At line 3033 ENDATA
Problem MODEL has 624 rows, 481 columns and 1295 elements
Coin0008I MODEL read with 0 errors
primalTolerance was changed from 1e-07 to 1e-09
integerTolerance was changed from 1e-07 to 1e-09
ratioGap was changed from 0 to 0
allowableGap was changed from 1e-10 to 0
Continuous objective value is 485341 - 0.00 seconds
Cgl0004I processed model has 237 rows, 333 columns (48 integer (48 of which binary)) and 712 elements
Cbc0038I Initial state - 24 integers unsatisfied sum - 9.26713
Cbc0038I Pass   1: suminf.    0.00000 (0) obj. 500453 iterations 42
Cbc0038I Solution found of 500453
Cbc0038I Relaxing continuous gives 492507
Cbc0038I Before mini branch and bound, 24 integers at bound fixed and 158 continuous
Cbc0038I Full problem 237 rows 333 columns, reduced to 37 rows 44 columns
Cbc0038I Mini branch and bound improved solution from 492507 to 486266 (0.02 seconds)
Cbc0038I Round again with cutoff of 486174
Cbc0038I Pass   2: suminf.    0.82719 (3) obj. 486174 iterations 30
Cbc0038I Pass   3: suminf.    0.62462 (2) obj. 486174 iterations 12
Cbc0038I Solution found of 486174
Cbc0038I Relaxing continuous gives 486173
Cbc0038I Before mini branch and bound, 24 integers at bound fixed and 153 continuous
Cbc0038I Full problem 237 rows 333 columns, reduced to 42 rows 54 columns
Cbc0038I Mini branch and bound improved solution from 486173 to 485825 (0.04 seconds)
Cbc0038I Round again with cutoff of 485728
Cbc0038I Pass   4: suminf.    2.23568 (7) obj. 485728 iterations 15
Cbc0038I Pass   5: suminf.    1.45873 (5) obj. 485728 iterations 7
Cbc0038I Pass   6: suminf.    1.34407 (5) obj. 485728 iterations 21
Cbc0038I Pass   7: suminf.    1.33854 (6) obj. 485728 iterations 3
Cbc0038I Pass   8: suminf.    1.94982 (7) obj. 485728 iterations 27
Cbc0038I Pass   9: suminf.    1.60028 (7) obj. 485728 iterations 1
Cbc0038I Pass  10: suminf.    1.97357 (7) obj. 485728 iterations 13
Cbc0038I Pass  11: suminf.    0.87829 (5) obj. 485728 iterations 9
Cbc0038I Pass  12: suminf.    0.87829 (5) obj. 485728 iterations 1
Cbc0038I Pass  13: suminf.    1.73933 (5) obj. 485728 iterations 8
Cbc0038I Pass  14: suminf.    1.38979 (5) obj. 485728 iterations 2
Cbc0038I Pass  15: suminf.    1.97357 (7) obj. 485728 iterations 13
Cbc0038I Pass  16: suminf.    0.87829 (5) obj. 485728 iterations 9
Cbc0038I Pass  17: suminf.    0.87829 (5) obj. 485728 iterations 0
Cbc0038I Pass  18: suminf.    1.73933 (5) obj. 485728 iterations 5
Cbc0038I Pass  19: suminf.    1.38979 (5) obj. 485728 iterations 1
Cbc0038I Pass  20: suminf.    1.97357 (7) obj. 485728 iterations 10
Cbc0038I Pass  21: suminf.    0.87829 (5) obj. 485728 iterations 9
Cbc0038I Pass  22: suminf.    0.87829 (5) obj. 485728 iterations 0
Cbc0038I Pass  23: suminf.    1.73933 (5) obj. 485728 iterations 5
Cbc0038I Pass  24: suminf.    1.38979 (5) obj. 485728 iterations 1
Cbc0038I Pass  25: suminf.    1.97357 (7) obj. 485728 iterations 10
Cbc0038I Pass  26: suminf.    0.87829 (5) obj. 485728 iterations 9
Cbc0038I Pass  27: suminf.    0.87829 (5) obj. 485728 iterations 0
Cbc0038I Pass  28: suminf.    1.73933 (5) obj. 485728 iterations 5
Cbc0038I Pass  29: suminf.    1.38979 (5) obj. 485728 iterations 1
Cbc0038I Pass  30: suminf.    1.97357 (7) obj. 485728 iterations 10
Cbc0038I Pass  31: suminf.    0.87829 (5) obj. 485728 iterations 9
Cbc0038I Pass  32: suminf.    0.87829 (5) obj. 485728 iterations 0
Cbc0038I Pass  33: suminf.    1.73933 (5) obj. 485728 iterations 5
Cbc0038I No solution found this major pass
Cbc0038I Before mini branch and bound, 23 integers at bound fixed and 147 continuous
Cbc0038I Full problem 237 rows 333 columns, reduced to 56 rows 75 columns
Cbc0038I Mini branch and bound improved solution from 485825 to 485699 (0.09 seconds)
Cbc0038I Round again with cutoff of 485592
Cbc0038I Pass  33: suminf.    2.91269 (12) obj. 485592 iterations 11
Cbc0038I Pass  34: suminf.    2.70770 (10) obj. 485592 iterations 4
Cbc0038I Pass  35: suminf.    2.36877 (8) obj. 485592 iterations 22
Cbc0038I Pass  36: suminf.    2.36877 (8) obj. 485592 iterations 0
Cbc0038I Pass  37: suminf.    2.32472 (7) obj. 485592 iterations 7
Cbc0038I Pass  38: suminf.    1.87250 (8) obj. 485592 iterations 2
Cbc0038I Pass  39: suminf.    2.70623 (10) obj. 485592 iterations 16
Cbc0038I Pass  40: suminf.    2.50124 (9) obj. 485592 iterations 2
Cbc0038I Pass  41: suminf.    2.49574 (9) obj. 485592 iterations 12
Cbc0038I Pass  42: suminf.    2.29074 (8) obj. 485592 iterations 3
Cbc0038I Pass  43: suminf.    2.61761 (8) obj. 485592 iterations 10
Cbc0038I Pass  44: suminf.    2.49574 (8) obj. 485592 iterations 4
Cbc0038I Pass  45: suminf.    2.29074 (7) obj. 485592 iterations 2
Cbc0038I Pass  46: suminf.    2.49574 (9) obj. 485592 iterations 11
Cbc0038I Pass  47: suminf.    2.29074 (8) obj. 485592 iterations 3
Cbc0038I Pass  48: suminf.    2.61761 (8) obj. 485592 iterations 8
Cbc0038I Pass  49: suminf.    2.49574 (8) obj. 485592 iterations 4
Cbc0038I Pass  50: suminf.    2.29074 (7) obj. 485592 iterations 2
Cbc0038I Pass  51: suminf.    2.49574 (9) obj. 485592 iterations 11
Cbc0038I Pass  52: suminf.    2.29074 (8) obj. 485592 iterations 3
Cbc0038I Pass  53: suminf.    2.61761 (8) obj. 485592 iterations 10
Cbc0038I Pass  54: suminf.    2.49574 (8) obj. 485592 iterations 4
Cbc0038I Pass  55: suminf.    2.29074 (7) obj. 485592 iterations 2
Cbc0038I Pass  56: suminf.    2.49574 (9) obj. 485592 iterations 11
Cbc0038I Pass  57: suminf.    2.29074 (8) obj. 485592 iterations 3
Cbc0038I Pass  58: suminf.    2.61761 (8) obj. 485592 iterations 8
Cbc0038I Pass  59: suminf.    2.49574 (8) obj. 485592 iterations 4
Cbc0038I Pass  60: suminf.    2.29074 (7) obj. 485592 iterations 2
Cbc0038I Pass  61: suminf.    2.49574 (9) obj. 485592 iterations 11
Cbc0038I Pass  62: suminf.    2.29074 (8) obj. 485592 iterations 3
Cbc0038I No solution found this major pass
Cbc0038I Before mini branch and bound, 23 integers at bound fixed and 147 continuous
Cbc0038I Full problem 237 rows 333 columns, reduced to 57 rows 76 columns
Cbc0038I Mini branch and bound did not improve solution (0.13 seconds)
Cbc0038I After 0.13 seconds - Feasibility pump exiting with objective of 485699 - took 0.12 seconds
Cbc0012I Integer solution of 485699.07 found by feasibility pump after 0 iterations and 0 nodes (0.14 seconds)
Cbc0038I Full problem 237 rows 333 columns, reduced to 172 rows 268 columns - 9 fixed gives 147, 243 - still too large
Cbc0038I Full problem 237 rows 333 columns, reduced to 146 rows 242 columns - too large
Cbc0031I 22 added rows had average density of 12.727273
Cbc0013I At root node, 22 cuts changed objective from 485340.7 to 485692.08 in 11 passes
Cbc0014I Cut generator 0 (Probing) - 10 row cuts average 2.0 elements, 4 column cuts (4 active)  in 0.004 seconds - new frequency is 1
Cbc0014I Cut generator 1 (Gomory) - 66 row cuts average 22.4 elements, 0 column cuts (0 active)  in 0.001 seconds - new frequency is 1
Cbc0014I Cut generator 2 (Knapsack) - 0 row cuts average 0.0 elements, 0 column cuts (0 active)  in 0.002 seconds - new frequency is -100
Cbc0014I Cut generator 3 (Clique) - 0 row cuts average 0.0 elements, 0 column cuts (0 active)  in 0.000 seconds - new frequency is -100
Cbc0014I Cut generator 4 (MixedIntegerRounding2) - 13 row cuts average 7.2 elements, 0 column cuts (0 active)  in 0.001 seconds - new frequency is 1
Cbc0014I Cut generator 5 (FlowCover) - 0 row cuts average 0.0 elements, 0 column cuts (0 active)  in 0.003 seconds - new frequency is -100
Cbc0014I Cut generator 6 (TwoMirCuts) - 58 row cuts average 15.2 elements, 0 column cuts (0 active)  in 0.004 seconds - new frequency is -100
Cbc0010I After 0 nodes, 1 on tree, 485699.07 best solution, best possible 485692.08 (0.17 seconds)
Cbc0038I Full problem 237 rows 333 columns, reduced to 133 rows 228 columns - 2 fixed gives 128, 223 - still too large
Cbc0038I Full problem 237 rows 333 columns, reduced to 127 rows 222 columns - too large
Cbc0038I Full problem 237 rows 333 columns, reduced to 127 rows 221 columns - 1 fixed gives 123, 217 - still too large
Cbc0038I Full problem 237 rows 333 columns, reduced to 122 rows 216 columns - too large
Cbc0001I Search completed - best objective 485699.0686908934, took 1391 iterations and 210 nodes (0.55 seconds)
Cbc0032I Strong branching done 414 times (1241 iterations), fathomed 28 nodes and fixed 84 variables
Cbc0035I Maximum depth 8, 3 variables fixed on reduced cost
Cuts at root node changed objective from 485341 to 485692
Probing was tried 158 times and created 16 cuts of which 0 were active after adding rounds of cuts (0.014 seconds)
Gomory was tried 158 times and created 251 cuts of which 0 were active after adding rounds of cuts (0.019 seconds)
Knapsack was tried 11 times and created 0 cuts of which 0 were active after adding rounds of cuts (0.002 seconds)
Clique was tried 11 times and created 0 cuts of which 0 were active after adding rounds of cuts (0.000 seconds)
MixedIntegerRounding2 was tried 158 times and created 13 cuts of which 0 were active after adding rounds of cuts (0.013 seconds)
FlowCover was tried 11 times and created 0 cuts of which 0 were active after adding rounds of cuts (0.003 seconds)
TwoMirCuts was tried 11 times and created 58 cuts of which 0 were active after adding rounds of cuts (0.004 seconds)
ZeroHalf was tried 1 times and created 0 cuts of which 0 were active after adding rounds of cuts (0.000 seconds)

Result - Optimal solution found

Objective value:                485699.06869089
Enumerated nodes:               210
Total iterations:               1391
Time (CPU seconds):             0.56
Time (Wallclock seconds):       0.56

Option for printingOptions changed from normal to all
Total time (CPU seconds):       0.58   (Wallclock seconds):       0.58

