Welcome to the CBC MILP Solver 
Version: 2.10.3 
Build Date: Dec 15 2019 

command line - E:\dachuang\.venv\Lib\site-packages\pulp\apis\../solverdir/cbc/win/i64/cbc.exe model.mps -primalTolerance 1e-9 -integerTolerance 1e-9 -ratioGap 0 -allowableGap 0 -threads 0 -branch -printingOptions all -solution solution.txt -saveSolution solution.bin -quit (default strategy 1)
At line 2 NAME          MODEL
At line 3 ROWS
At line 317 COLUMNS
At line 1133 RHS
At line 1446 BOUNDS
At line 1521 ENDATA
Problem MODEL has 312 rows, 241 columns and 647 elements
Coin0008I MODEL read with 0 errors
primalTolerance was changed from 1e-07 to 1e-09
integerTolerance was changed from 1e-07 to 1e-09
ratioGap was changed from 0 to 0
allowableGap was changed from 1e-10 to 0
Continuous objective value is 564016 - 0.00 seconds
Cgl0003I 0 fixed, 0 tightened bounds, 4 strengthened rows, 0 substitutions
Cgl0004I processed model has 119 rows, 167 columns (24 integer (24 of which binary)) and 356 elements
Cbc0038I Initial state - 9 integers unsatisfied sum - 2.86194
Cbc0038I Pass   1: suminf.    0.00000 (0) obj. 595975 iterations 15
Cbc0038I Solution found of 595975
Cbc0038I Relaxing continuous gives 566309
Cbc0038I Before mini branch and bound, 15 integers at bound fixed and 84 continuous
Cbc0038I Full problem 119 rows 167 columns, reduced to 9 rows 10 columns
Cbc0038I Mini branch and bound improved solution from 566309 to 564656 (0.02 seconds)
Cbc0038I Round again with cutoff of 564597
Cbc0038I Pass   2: suminf.    0.42029 (2) obj. 564597 iterations 3
Cbc0038I Pass   3: suminf.    0.00000 (0) obj. 564597 iterations 6
Cbc0038I Solution found of 564597
Cbc0038I Relaxing continuous gives 564424
Cbc0038I Before mini branch and bound, 14 integers at bound fixed and 79 continuous
Cbc0038I Full problem 119 rows 167 columns, reduced to 18 rows 23 columns
Cbc0038I Mini branch and bound improved solution from 564424 to 564247 (0.03 seconds)
Cbc0038I Round again with cutoff of 564209
Cbc0038I Pass   4: suminf.    0.34201 (3) obj. 564209 iterations 4
Cbc0038I Pass   5: suminf.    0.32456 (2) obj. 564209 iterations 9
Cbc0038I Pass   6: suminf.    0.17901 (4) obj. 564209 iterations 8
Cbc0038I Pass   7: suminf.    1.06737 (5) obj. 564209 iterations 8
Cbc0038I Pass   8: suminf.    1.06737 (4) obj. 564209 iterations 1
Cbc0038I Pass   9: suminf.    0.44638 (4) obj. 564209 iterations 9
Cbc0038I Pass  10: suminf.    1.07337 (5) obj. 564209 iterations 14
Cbc0038I Pass  11: suminf.    0.44638 (4) obj. 564209 iterations 9
Cbc0038I Pass  12: suminf.    0.17901 (4) obj. 564209 iterations 7
Cbc0038I Pass  13: suminf.    1.06737 (5) obj. 564209 iterations 8
Cbc0038I Pass  14: suminf.    1.06737 (4) obj. 564209 iterations 1
Cbc0038I Pass  15: suminf.    1.85047 (6) obj. 564209 iterations 7
Cbc0038I Pass  16: suminf.    1.85047 (6) obj. 564209 iterations 1
Cbc0038I Pass  17: suminf.    0.47862 (4) obj. 564209 iterations 6
Cbc0038I Pass  18: suminf.    0.47862 (4) obj. 564209 iterations 3
Cbc0038I Pass  19: suminf.    1.36697 (5) obj. 564209 iterations 7
Cbc0038I Pass  20: suminf.    1.99785 (7) obj. 564209 iterations 5
Cbc0038I Pass  21: suminf.    1.47872 (6) obj. 564209 iterations 5
Cbc0038I Pass  22: suminf.    0.96487 (4) obj. 564209 iterations 12
Cbc0038I Pass  23: suminf.    0.96487 (4) obj. 564209 iterations 4
Cbc0038I Pass  24: suminf.    1.33376 (5) obj. 564209 iterations 7
Cbc0038I Pass  25: suminf.    1.31572 (5) obj. 564209 iterations 2
Cbc0038I Pass  26: suminf.    2.49661 (8) obj. 564209 iterations 10
Cbc0038I Pass  27: suminf.    1.36697 (5) obj. 564209 iterations 4
Cbc0038I Pass  28: suminf.    0.96487 (4) obj. 564209 iterations 9
Cbc0038I Pass  29: suminf.    0.96487 (4) obj. 564209 iterations 1
Cbc0038I Pass  30: suminf.    1.33376 (5) obj. 564209 iterations 6
Cbc0038I Pass  31: suminf.    1.31572 (5) obj. 564209 iterations 2
Cbc0038I Pass  32: suminf.    0.96487 (4) obj. 564209 iterations 11
Cbc0038I Pass  33: suminf.    1.49360 (8) obj. 564209 iterations 22
Cbc0038I No solution found this major pass
Cbc0038I Before mini branch and bound, 1 integers at bound fixed and 72 continuous
Cbc0038I Full problem 119 rows 167 columns, reduced to 30 rows 42 columns
Cbc0038I Mini branch and bound did not improve solution (0.05 seconds)
Cbc0038I After 0.05 seconds - Feasibility pump exiting with objective of 564247 - took 0.04 seconds
Cbc0012I Integer solution of 564246.67 found by feasibility pump after 0 iterations and 0 nodes (0.05 seconds)
Cbc0038I Full problem 119 rows 167 columns, reduced to 80 rows 127 columns
Cbc0031I 11 added rows had average density of 18.818182
Cbc0013I At root node, 11 cuts changed objective from 564059.16 to 564233.73 in 100 passes
Cbc0014I Cut generator 0 (Probing) - 2 row cuts average 2.0 elements, 2 column cuts (2 active)  in 0.013 seconds - new frequency is -100
Cbc0014I Cut generator 1 (Gomory) - 394 row cuts average 32.9 elements, 0 column cuts (0 active)  in 0.011 seconds - new frequency is 1
Cbc0014I Cut generator 2 (Knapsack) - 0 row cuts average 0.0 elements, 0 column cuts (0 active)  in 0.025 seconds - new frequency is -100
Cbc0014I Cut generator 3 (Clique) - 0 row cuts average 0.0 elements, 0 column cuts (0 active)  in 0.000 seconds - new frequency is -100
Cbc0014I Cut generator 4 (MixedIntegerRounding2) - 3 row cuts average 5.3 elements, 0 column cuts (0 active)  in 0.013 seconds - new frequency is -100
Cbc0014I Cut generator 5 (FlowCover) - 0 row cuts average 0.0 elements, 0 column cuts (0 active)  in 0.024 seconds - new frequency is -100
Cbc0014I Cut generator 6 (TwoMirCuts) - 27 row cuts average 9.7 elements, 0 column cuts (0 active)  in 0.006 seconds - new frequency is -100
Cbc0010I After 0 nodes, 1 on tree, 564246.67 best solution, best possible 564233.74 (0.23 seconds)
Cbc0001I Search completed - best objective 564246.6679473695, took 906 iterations and 4 nodes (0.24 seconds)
Cbc0032I Strong branching done 18 times (109 iterations), fathomed 1 nodes and fixed 2 variables
Cbc0035I Maximum depth 1, 1 variables fixed on reduced cost
Cuts at root node changed objective from 564059 to 564234
Probing was tried 100 times and created 4 cuts of which 0 were active after adding rounds of cuts (0.013 seconds)
Gomory was tried 108 times and created 410 cuts of which 0 were active after adding rounds of cuts (0.012 seconds)
Knapsack was tried 100 times and created 0 cuts of which 0 were active after adding rounds of cuts (0.025 seconds)
Clique was tried 100 times and created 0 cuts of which 0 were active after adding rounds of cuts (0.000 seconds)
MixedIntegerRounding2 was tried 100 times and created 3 cuts of which 0 were active after adding rounds of cuts (0.013 seconds)
FlowCover was tried 100 times and created 0 cuts of which 0 were active after adding rounds of cuts (0.024 seconds)
TwoMirCuts was tried 100 times and created 27 cuts of which 0 were active after adding rounds of cuts (0.006 seconds)
ZeroHalf was tried 1 times and created 0 cuts of which 0 were active after adding rounds of cuts (0.000 seconds)

Result - Optimal solution found

Objective value:                564246.66794737
Enumerated nodes:               4
Total iterations:               906
Time (CPU seconds):             0.24
Time (Wallclock seconds):       0.24

Option for printingOptions changed from normal to all
Total time (CPU seconds):       0.27   (Wallclock seconds):       0.27

