Welcome to the CBC MILP Solver 
Version: 2.10.3 
Build Date: Dec 15 2019 

command line - E:\dachuang\.venv\Lib\site-packages\pulp\apis\../solverdir/cbc/win/i64/cbc.exe model.mps -primalTolerance 1e-9 -integerTolerance 1e-9 -ratioGap 0 -allowableGap 0 -threads 0 -branch -printingOptions all -solution solution.txt -saveSolution solution.bin -quit (default strategy 1)
At line 2 NAME          MODEL
At line 3 ROWS
At line 317 COLUMNS
At line 1133 RHS
At line 1446 BOUNDS
At line 1521 ENDATA
Problem MODEL has 312 rows, 241 columns and 647 elements
Coin0008I MODEL read with 0 errors
primalTolerance was changed from 1e-07 to 1e-09
integerTolerance was changed from 1e-07 to 1e-09
ratioGap was changed from 0 to 0
allowableGap was changed from 1e-10 to 0
Continuous objective value is 1.0217e+06 - 0.00 seconds
Cgl0003I 0 fixed, 0 tightened bounds, 2 strengthened rows, 0 substitutions
Cgl0004I processed model has 118 rows, 165 columns (24 integer (24 of which binary)) and 351 elements
Cbc0038I Initial state - 11 integers unsatisfied sum - 3.69787
Cbc0038I Pass   1: suminf.    0.00000 (0) obj. 1.1648e+06 iterations 24
Cbc0038I Solution found of 1.1648e+06
Cbc0038I Relaxing continuous gives 1.06023e+06
Cbc0038I Before mini branch and bound, 13 integers at bound fixed and 79 continuous
Cbc0038I Full problem 118 rows 165 columns, reduced to 16 rows 22 columns
Cbc0038I Mini branch and bound improved solution from 1.06023e+06 to 1.02229e+06 (0.01 seconds)
Cbc0038I Round again with cutoff of 1.02223e+06
Cbc0038I Pass   2: suminf.    0.42499 (3) obj. 1.02223e+06 iterations 18
Cbc0038I Pass   3: suminf.    0.26470 (2) obj. 1.02223e+06 iterations 2
Cbc0038I Pass   4: suminf.    0.00000 (0) obj. 1.02223e+06 iterations 8
Cbc0038I Solution found of 1.02223e+06
Cbc0038I Relaxing continuous gives 1.02221e+06
Cbc0038I Before mini branch and bound, 11 integers at bound fixed and 75 continuous
Cbc0038I Full problem 118 rows 165 columns, reduced to 26 rows 35 columns
Cbc0038I Mini branch and bound improved solution from 1.02221e+06 to 1.02182e+06 (0.02 seconds)
Cbc0038I Round again with cutoff of 1.0218e+06
Cbc0038I Pass   5: suminf.    1.09300 (6) obj. 1.0218e+06 iterations 8
Cbc0038I Pass   6: suminf.    0.91652 (4) obj. 1.0218e+06 iterations 6
Cbc0038I Pass   7: suminf.    1.08661 (4) obj. 1.0218e+06 iterations 8
Cbc0038I Pass   8: suminf.    0.55745 (2) obj. 1.0218e+06 iterations 3
Cbc0038I Pass   9: suminf.    0.60149 (4) obj. 1.0218e+06 iterations 6
Cbc0038I Pass  10: suminf.    0.60149 (4) obj. 1.0218e+06 iterations 0
Cbc0038I Pass  11: suminf.    0.94164 (4) obj. 1.0218e+06 iterations 3
Cbc0038I Pass  12: suminf.    0.57639 (4) obj. 1.0218e+06 iterations 1
Cbc0038I Pass  13: suminf.    0.55745 (2) obj. 1.0218e+06 iterations 2
Cbc0038I Pass  14: suminf.    0.60149 (4) obj. 1.0218e+06 iterations 6
Cbc0038I Pass  15: suminf.    0.60149 (4) obj. 1.0218e+06 iterations 0
Cbc0038I Pass  16: suminf.    0.94164 (4) obj. 1.0218e+06 iterations 3
Cbc0038I Pass  17: suminf.    0.57639 (4) obj. 1.0218e+06 iterations 1
Cbc0038I Pass  18: suminf.    0.55745 (2) obj. 1.0218e+06 iterations 2
Cbc0038I Pass  19: suminf.    0.60149 (4) obj. 1.0218e+06 iterations 6
Cbc0038I Pass  20: suminf.    0.60149 (4) obj. 1.0218e+06 iterations 0
Cbc0038I Pass  21: suminf.    0.94164 (4) obj. 1.0218e+06 iterations 3
Cbc0038I Pass  22: suminf.    0.57639 (4) obj. 1.0218e+06 iterations 1
Cbc0038I Pass  23: suminf.    0.55745 (2) obj. 1.0218e+06 iterations 2
Cbc0038I Pass  24: suminf.    0.60149 (4) obj. 1.0218e+06 iterations 6
Cbc0038I Pass  25: suminf.    0.60149 (4) obj. 1.0218e+06 iterations 0
Cbc0038I Pass  26: suminf.    0.94164 (4) obj. 1.0218e+06 iterations 3
Cbc0038I Pass  27: suminf.    0.57639 (4) obj. 1.0218e+06 iterations 1
Cbc0038I Pass  28: suminf.    0.55745 (2) obj. 1.0218e+06 iterations 2
Cbc0038I Pass  29: suminf.    0.60149 (4) obj. 1.0218e+06 iterations 6
Cbc0038I Pass  30: suminf.    0.60149 (4) obj. 1.0218e+06 iterations 0
Cbc0038I Pass  31: suminf.    0.94164 (4) obj. 1.0218e+06 iterations 3
Cbc0038I Pass  32: suminf.    0.57639 (4) obj. 1.0218e+06 iterations 1
Cbc0038I Pass  33: suminf.    0.55745 (2) obj. 1.0218e+06 iterations 2
Cbc0038I Pass  34: suminf.    0.60149 (4) obj. 1.0218e+06 iterations 6
Cbc0038I No solution found this major pass
Cbc0038I Before mini branch and bound, 11 integers at bound fixed and 76 continuous
Cbc0038I Full problem 118 rows 165 columns, reduced to 24 rows 32 columns
Cbc0038I Mini branch and bound did not improve solution (0.03 seconds)
Cbc0038I After 0.03 seconds - Feasibility pump exiting with objective of 1.02182e+06 - took 0.02 seconds
Cbc0012I Integer solution of 1021821.9 found by feasibility pump after 0 iterations and 0 nodes (0.03 seconds)
Cbc0038I Full problem 118 rows 165 columns, reduced to 86 rows 133 columns - 2 fixed gives 82, 129 - ok now
Cbc0038I Full problem 118 rows 165 columns, reduced to 82 rows 129 columns
Cbc0031I 12 added rows had average density of 13.5
Cbc0013I At root node, 12 cuts changed objective from 1021700.8 to 1021817.2 in 19 passes
Cbc0014I Cut generator 0 (Probing) - 1 row cuts average 2.0 elements, 6 column cuts (6 active)  in 0.001 seconds - new frequency is 1
Cbc0014I Cut generator 1 (Gomory) - 50 row cuts average 27.1 elements, 0 column cuts (0 active)  in 0.002 seconds - new frequency is 1
Cbc0014I Cut generator 2 (Knapsack) - 0 row cuts average 0.0 elements, 0 column cuts (0 active)  in 0.005 seconds - new frequency is -100
Cbc0014I Cut generator 3 (Clique) - 0 row cuts average 0.0 elements, 0 column cuts (0 active)  in 0.000 seconds - new frequency is -100
Cbc0014I Cut generator 4 (MixedIntegerRounding2) - 3 row cuts average 10.3 elements, 0 column cuts (0 active)  in 0.000 seconds - new frequency is -100
Cbc0014I Cut generator 5 (FlowCover) - 0 row cuts average 0.0 elements, 0 column cuts (0 active)  in 0.007 seconds - new frequency is -100
Cbc0014I Cut generator 6 (TwoMirCuts) - 28 row cuts average 12.8 elements, 0 column cuts (0 active)  in 0.002 seconds - new frequency is -100
Cbc0001I Search completed - best objective 1021821.852492964, took 95 iterations and 0 nodes (0.06 seconds)
Cbc0032I Strong branching done 4 times (17 iterations), fathomed 1 nodes and fixed 0 variables
Cbc0035I Maximum depth 0, 0 variables fixed on reduced cost
Cuts at root node changed objective from 1.0217e+06 to 1.02182e+06
Probing was tried 19 times and created 7 cuts of which 0 were active after adding rounds of cuts (0.001 seconds)
Gomory was tried 19 times and created 50 cuts of which 0 were active after adding rounds of cuts (0.002 seconds)
Knapsack was tried 19 times and created 0 cuts of which 0 were active after adding rounds of cuts (0.005 seconds)
Clique was tried 19 times and created 0 cuts of which 0 were active after adding rounds of cuts (0.000 seconds)
MixedIntegerRounding2 was tried 19 times and created 3 cuts of which 0 were active after adding rounds of cuts (0.000 seconds)
FlowCover was tried 19 times and created 0 cuts of which 0 were active after adding rounds of cuts (0.007 seconds)
TwoMirCuts was tried 19 times and created 28 cuts of which 0 were active after adding rounds of cuts (0.002 seconds)
ZeroHalf was tried 1 times and created 0 cuts of which 0 were active after adding rounds of cuts (0.000 seconds)

Result - Optimal solution found

Objective value:                1021821.85249296
Enumerated nodes:               0
Total iterations:               95
Time (CPU seconds):             0.07
Time (Wallclock seconds):       0.07

Option for printingOptions changed from normal to all
Total time (CPU seconds):       0.09   (Wallclock seconds):       0.09

