Welcome to the CBC MILP Solver 
Version: 2.10.3 
Build Date: Dec 15 2019 

command line - E:\dachuang\.venv\Lib\site-packages\pulp\apis\../solverdir/cbc/win/i64/cbc.exe model.mps -primalTolerance 1e-9 -integerTolerance 1e-9 -ratioGap 0 -allowableGap 0 -threads 0 -branch -printingOptions all -solution solution.txt -saveSolution solution.bin -quit (default strategy 1)
At line 2 NAME          MODEL
At line 3 ROWS
At line 317 COLUMNS
At line 1133 RHS
At line 1446 BOUNDS
At line 1521 ENDATA
Problem MODEL has 312 rows, 241 columns and 647 elements
Coin0008I MODEL read with 0 errors
primalTolerance was changed from 1e-07 to 1e-09
integerTolerance was changed from 1e-07 to 1e-09
ratioGap was changed from 0 to 0
allowableGap was changed from 1e-10 to 0
Continuous objective value is 482801 - 0.00 seconds
Cgl0003I 0 fixed, 0 tightened bounds, 36 strengthened rows, 0 substitutions
Cgl0004I processed model has 119 rows, 167 columns (24 integer (24 of which binary)) and 356 elements
Cbc0038I Initial state - 14 integers unsatisfied sum - 5.36403
Cbc0038I Pass   1: suminf.    0.00000 (0) obj. 538365 iterations 17
Cbc0038I Solution found of 538365
Cbc0038I Relaxing continuous gives 486637
Cbc0038I Before mini branch and bound, 10 integers at bound fixed and 79 continuous
Cbc0038I Full problem 119 rows 167 columns, reduced to 25 rows 29 columns
Cbc0038I Mini branch and bound improved solution from 486637 to 485095 (0.01 seconds)
Cbc0038I Freeing continuous variables gives a solution of 485094
Cbc0038I Round again with cutoff of 484925
Cbc0038I Pass   2: suminf.    0.70300 (2) obj. 484925 iterations 8
Cbc0038I Pass   3: suminf.    0.00000 (0) obj. 484925 iterations 8
Cbc0038I Solution found of 484925
Cbc0038I Relaxing continuous gives 484741
Cbc0038I Before mini branch and bound, 10 integers at bound fixed and 77 continuous
Cbc0038I Full problem 119 rows 167 columns, reduced to 22 rows 26 columns
Cbc0038I Mini branch and bound improved solution from 484741 to 484637 (0.02 seconds)
Cbc0038I Round again with cutoff of 484390
Cbc0038I Pass   4: suminf.    1.21976 (3) obj. 484390 iterations 3
Cbc0038I Pass   5: suminf.    1.21976 (3) obj. 484390 iterations 0
Cbc0038I Pass   6: suminf.    1.21976 (3) obj. 484390 iterations 0
Cbc0038I Pass   7: suminf.    0.99641 (2) obj. 484390 iterations 9
Cbc0038I Pass   8: suminf.    0.99641 (2) obj. 484390 iterations 0
Cbc0038I Pass   9: suminf.    0.99641 (2) obj. 484390 iterations 3
Cbc0038I Pass  10: suminf.    0.99641 (2) obj. 484390 iterations 0
Cbc0038I Pass  11: suminf.    0.68469 (3) obj. 484390 iterations 10
Cbc0038I Pass  12: suminf.    0.68469 (3) obj. 484390 iterations 0
Cbc0038I Pass  13: suminf.    0.46678 (1) obj. 484390 iterations 6
Cbc0038I Pass  14: suminf.    0.46678 (1) obj. 484390 iterations 1
Cbc0038I Pass  15: suminf.    1.50542 (6) obj. 484390 iterations 17
Cbc0038I Pass  16: suminf.    1.50542 (6) obj. 484390 iterations 1
Cbc0038I Pass  17: suminf.    1.50542 (6) obj. 484390 iterations 0
Cbc0038I Pass  18: suminf.    0.46678 (1) obj. 484390 iterations 9
Cbc0038I Pass  19: suminf.    0.46678 (1) obj. 484390 iterations 2
Cbc0038I Pass  20: suminf.    0.46678 (1) obj. 484390 iterations 6
Cbc0038I Pass  21: suminf.    0.46678 (1) obj. 484390 iterations 3
Cbc0038I Pass  22: suminf.    0.46678 (1) obj. 484390 iterations 2
Cbc0038I Pass  23: suminf.    1.18202 (4) obj. 484390 iterations 21
Cbc0038I Pass  24: suminf.    1.18202 (4) obj. 484390 iterations 0
Cbc0038I Pass  25: suminf.    1.18202 (4) obj. 484390 iterations 0
Cbc0038I Pass  26: suminf.    0.42166 (1) obj. 484390 iterations 5
Cbc0038I Pass  27: suminf.    0.42166 (1) obj. 484390 iterations 1
Cbc0038I Pass  28: suminf.    1.23050 (5) obj. 484390 iterations 24
Cbc0038I Pass  29: suminf.    1.23050 (5) obj. 484390 iterations 0
Cbc0038I Pass  30: suminf.    0.87083 (2) obj. 484390 iterations 13
Cbc0038I Pass  31: suminf.    0.70000 (3) obj. 484390 iterations 3
Cbc0038I Pass  32: suminf.    0.87083 (2) obj. 484390 iterations 5
Cbc0038I Pass  33: suminf.    0.70000 (3) obj. 484390 iterations 2
Cbc0038I No solution found this major pass
Cbc0038I Before mini branch and bound, 0 integers at bound fixed and 68 continuous
Cbc0038I Full problem 119 rows 167 columns, reduced to 31 rows 41 columns
Cbc0038I Mini branch and bound improved solution from 484637 to 484186 (0.03 seconds)
Cbc0038I Round again with cutoff of 483950
Cbc0038I Pass  33: suminf.    1.95908 (6) obj. 483950 iterations 5
Cbc0038I Pass  34: suminf.    1.93498 (5) obj. 483950 iterations 3
Cbc0038I Pass  35: suminf.    1.93498 (5) obj. 483950 iterations 0
Cbc0038I Pass  36: suminf.    0.94484 (3) obj. 483950 iterations 11
Cbc0038I Pass  37: suminf.    0.94484 (3) obj. 483950 iterations 0
Cbc0038I Pass  38: suminf.    0.97966 (3) obj. 483950 iterations 4
Cbc0038I Pass  39: suminf.    0.94484 (3) obj. 483950 iterations 1
Cbc0038I Pass  40: suminf.    0.97966 (3) obj. 483950 iterations 8
Cbc0038I Pass  41: suminf.    2.05305 (6) obj. 483950 iterations 13
Cbc0038I Pass  42: suminf.    1.97814 (6) obj. 483950 iterations 4
Cbc0038I Pass  43: suminf.    1.97814 (6) obj. 483950 iterations 0
Cbc0038I Pass  44: suminf.    0.97966 (3) obj. 483950 iterations 10
Cbc0038I Pass  45: suminf.    0.94484 (3) obj. 483950 iterations 1
Cbc0038I Pass  46: suminf.    0.97966 (3) obj. 483950 iterations 5
Cbc0038I Pass  47: suminf.    0.94484 (3) obj. 483950 iterations 1
Cbc0038I Pass  48: suminf.    0.97966 (3) obj. 483950 iterations 8
Cbc0038I Pass  49: suminf.    1.97966 (5) obj. 483950 iterations 5
Cbc0038I Pass  50: suminf.    1.20900 (5) obj. 483950 iterations 3
Cbc0038I Pass  51: suminf.    1.19612 (4) obj. 483950 iterations 1
Cbc0038I Pass  52: suminf.    1.97966 (5) obj. 483950 iterations 6
Cbc0038I Pass  53: suminf.    1.20900 (5) obj. 483950 iterations 2
Cbc0038I Pass  54: suminf.    1.19612 (4) obj. 483950 iterations 1
Cbc0038I Pass  55: suminf.    1.97966 (5) obj. 483950 iterations 7
Cbc0038I Pass  56: suminf.    1.20900 (5) obj. 483950 iterations 2
Cbc0038I Pass  57: suminf.    1.19612 (4) obj. 483950 iterations 1
Cbc0038I Pass  58: suminf.    1.97966 (5) obj. 483950 iterations 6
Cbc0038I Pass  59: suminf.    1.20900 (5) obj. 483950 iterations 2
Cbc0038I Pass  60: suminf.    1.19612 (4) obj. 483950 iterations 1
Cbc0038I Pass  61: suminf.    1.97966 (5) obj. 483950 iterations 7
Cbc0038I Pass  62: suminf.    1.20900 (5) obj. 483950 iterations 2
Cbc0038I No solution found this major pass
Cbc0038I Before mini branch and bound, 7 integers at bound fixed and 73 continuous
Cbc0038I Full problem 119 rows 167 columns, reduced to 28 rows 37 columns
Cbc0038I Mini branch and bound did not improve solution (0.04 seconds)
Cbc0038I After 0.04 seconds - Feasibility pump exiting with objective of 484186 - took 0.03 seconds
Cbc0012I Integer solution of 484185.56 found by feasibility pump after 0 iterations and 0 nodes (0.04 seconds)
Cbc0038I Full problem 119 rows 167 columns, reduced to 98 rows 146 columns - 3 fixed gives 91, 139 - still too large
Cbc0031I 17 added rows had average density of 10.882353
Cbc0013I At root node, 17 cuts changed objective from 483401.67 to 484184.87 in 9 passes
Cbc0014I Cut generator 0 (Probing) - 8 row cuts average 2.0 elements, 3 column cuts (3 active)  in 0.003 seconds - new frequency is 1
Cbc0014I Cut generator 1 (Gomory) - 39 row cuts average 17.4 elements, 0 column cuts (0 active)  in 0.000 seconds - new frequency is 1
Cbc0014I Cut generator 2 (Knapsack) - 0 row cuts average 0.0 elements, 0 column cuts (0 active)  in 0.002 seconds - new frequency is -100
Cbc0014I Cut generator 3 (Clique) - 0 row cuts average 0.0 elements, 0 column cuts (0 active)  in 0.000 seconds - new frequency is -100
Cbc0014I Cut generator 4 (MixedIntegerRounding2) - 9 row cuts average 4.7 elements, 0 column cuts (0 active)  in 0.000 seconds - new frequency is 1
Cbc0014I Cut generator 5 (FlowCover) - 0 row cuts average 0.0 elements, 0 column cuts (0 active)  in 0.000 seconds - new frequency is -100
Cbc0014I Cut generator 6 (TwoMirCuts) - 39 row cuts average 13.8 elements, 0 column cuts (0 active)  in 0.001 seconds - new frequency is -100
Cbc0001I Search completed - best objective 484185.56118144, took 76 iterations and 0 nodes (0.06 seconds)
Cbc0032I Strong branching done 2 times (6 iterations), fathomed 1 nodes and fixed 0 variables
Cbc0035I Maximum depth 0, 0 variables fixed on reduced cost
Cuts at root node changed objective from 483402 to 484186
Probing was tried 9 times and created 11 cuts of which 0 were active after adding rounds of cuts (0.003 seconds)
Gomory was tried 9 times and created 39 cuts of which 0 were active after adding rounds of cuts (0.000 seconds)
Knapsack was tried 9 times and created 0 cuts of which 0 were active after adding rounds of cuts (0.002 seconds)
Clique was tried 9 times and created 0 cuts of which 0 were active after adding rounds of cuts (0.000 seconds)
MixedIntegerRounding2 was tried 9 times and created 9 cuts of which 0 were active after adding rounds of cuts (0.000 seconds)
FlowCover was tried 9 times and created 0 cuts of which 0 were active after adding rounds of cuts (0.000 seconds)
TwoMirCuts was tried 9 times and created 39 cuts of which 0 were active after adding rounds of cuts (0.001 seconds)
ZeroHalf was tried 1 times and created 0 cuts of which 0 were active after adding rounds of cuts (0.000 seconds)

Result - Optimal solution found

Objective value:                484185.56118144
Enumerated nodes:               0
Total iterations:               76
Time (CPU seconds):             0.06
Time (Wallclock seconds):       0.06

Option for printingOptions changed from normal to all
Total time (CPU seconds):       0.08   (Wallclock seconds):       0.08

