Welcome to the CBC MILP Solver 
Version: 2.10.3 
Build Date: Dec 15 2019 

command line - E:\dachuang\.venv\Lib\site-packages\pulp\apis\../solverdir/cbc/win/i64/cbc.exe model.mps -primalTolerance 1e-9 -integerTolerance 1e-9 -ratioGap 0 -allowableGap 0 -threads 0 -branch -printingOptions all -solution solution.txt -saveSolution solution.bin -quit (default strategy 1)
At line 2 NAME          MODEL
At line 3 ROWS
At line 317 COLUMNS
At line 1133 RHS
At line 1446 BOUNDS
At line 1521 ENDATA
Problem MODEL has 312 rows, 241 columns and 647 elements
Coin0008I MODEL read with 0 errors
primalTolerance was changed from 1e-07 to 1e-09
integerTolerance was changed from 1e-07 to 1e-09
ratioGap was changed from 0 to 0
allowableGap was changed from 1e-10 to 0
Continuous objective value is 476947 - 0.00 seconds
Cgl0003I 0 fixed, 0 tightened bounds, 3 strengthened rows, 0 substitutions
Cgl0004I processed model has 119 rows, 167 columns (24 integer (24 of which binary)) and 356 elements
Cbc0038I Initial state - 12 integers unsatisfied sum - 4.75892
Cbc0038I Pass   1: suminf.    0.00000 (0) obj. 479203 iterations 19
Cbc0038I Solution found of 479203
Cbc0038I Relaxing continuous gives 479126
Cbc0038I Before mini branch and bound, 12 integers at bound fixed and 81 continuous
Cbc0038I Full problem 119 rows 167 columns, reduced to 17 rows 19 columns
Cbc0038I Mini branch and bound improved solution from 479126 to 478447 (0.01 seconds)
Cbc0038I Round again with cutoff of 478303
Cbc0038I Pass   2: suminf.    0.52517 (2) obj. 478303 iterations 9
Cbc0038I Pass   3: suminf.    0.00000 (0) obj. 478303 iterations 7
Cbc0038I Solution found of 478303
Cbc0038I Relaxing continuous gives 478099
Cbc0038I Before mini branch and bound, 11 integers at bound fixed and 79 continuous
Cbc0038I Full problem 119 rows 167 columns, reduced to 19 rows 23 columns
Cbc0038I Mini branch and bound did not improve solution (0.02 seconds)
Cbc0038I Freeing continuous variables gives a solution of 478006
Cbc0038I Round again with cutoff of 477805
Cbc0038I Pass   4: suminf.    0.95323 (3) obj. 477805 iterations 11
Cbc0038I Pass   5: suminf.    0.95323 (3) obj. 477805 iterations 0
Cbc0038I Pass   6: suminf.    0.57724 (3) obj. 477805 iterations 13
Cbc0038I Pass   7: suminf.    1.01132 (3) obj. 477805 iterations 15
Cbc0038I Pass   8: suminf.    0.37065 (2) obj. 477805 iterations 8
Cbc0038I Pass   9: suminf.    0.37065 (2) obj. 477805 iterations 0
Cbc0038I Pass  10: suminf.    0.39527 (1) obj. 477805 iterations 3
Cbc0038I Pass  11: suminf.    0.18160 (1) obj. 477805 iterations 1
Cbc0038I Pass  12: suminf.    1.02712 (4) obj. 477805 iterations 10
Cbc0038I Pass  13: suminf.    0.58212 (3) obj. 477805 iterations 1
Cbc0038I Pass  14: suminf.    0.37065 (2) obj. 477805 iterations 4
Cbc0038I Pass  15: suminf.    0.37065 (2) obj. 477805 iterations 0
Cbc0038I Pass  16: suminf.    0.39527 (1) obj. 477805 iterations 3
Cbc0038I Pass  17: suminf.    0.18160 (1) obj. 477805 iterations 1
Cbc0038I Pass  18: suminf.    1.50357 (6) obj. 477805 iterations 36
Cbc0038I Pass  19: suminf.    1.50357 (6) obj. 477805 iterations 0
Cbc0038I Pass  20: suminf.    1.01361 (3) obj. 477805 iterations 16
Cbc0038I Pass  21: suminf.    0.51165 (2) obj. 477805 iterations 2
Cbc0038I Pass  22: suminf.    0.71165 (2) obj. 477805 iterations 4
Cbc0038I Pass  23: suminf.    0.71165 (2) obj. 477805 iterations 0
Cbc0038I Pass  24: suminf.    0.51165 (2) obj. 477805 iterations 2
Cbc0038I Pass  25: suminf.    1.57580 (4) obj. 477805 iterations 13
Cbc0038I Pass  26: suminf.    0.85757 (3) obj. 477805 iterations 8
Cbc0038I Pass  27: suminf.    0.85757 (3) obj. 477805 iterations 0
Cbc0038I Pass  28: suminf.    1.01132 (3) obj. 477805 iterations 6
Cbc0038I Pass  29: suminf.    1.01132 (3) obj. 477805 iterations 0
Cbc0038I Pass  30: suminf.    0.37065 (2) obj. 477805 iterations 7
Cbc0038I Pass  31: suminf.    0.37065 (2) obj. 477805 iterations 0
Cbc0038I Pass  32: suminf.    0.39527 (1) obj. 477805 iterations 3
Cbc0038I Pass  33: suminf.    0.18160 (1) obj. 477805 iterations 1
Cbc0038I No solution found this major pass
Cbc0038I Before mini branch and bound, 3 integers at bound fixed and 70 continuous
Cbc0038I Full problem 119 rows 167 columns, reduced to 39 rows 50 columns
Cbc0038I Mini branch and bound improved solution from 478006 to 477751 (0.03 seconds)
Cbc0038I Round again with cutoff of 477526
Cbc0038I Pass  33: suminf.    1.52555 (5) obj. 477526 iterations 4
Cbc0038I Pass  34: suminf.    1.52440 (5) obj. 477526 iterations 2
Cbc0038I Pass  35: suminf.    1.05863 (4) obj. 477526 iterations 8
Cbc0038I Pass  36: suminf.    1.05863 (4) obj. 477526 iterations 0
Cbc0038I Pass  37: suminf.    1.22196 (4) obj. 477526 iterations 5
Cbc0038I Pass  38: suminf.    2.38417 (10) obj. 477526 iterations 24
Cbc0038I Pass  39: suminf.    2.38417 (10) obj. 477526 iterations 0
Cbc0038I Pass  40: suminf.    1.59871 (6) obj. 477526 iterations 12
Cbc0038I Pass  41: suminf.    1.59871 (6) obj. 477526 iterations 0
Cbc0038I Pass  42: suminf.    1.65738 (5) obj. 477526 iterations 7
Cbc0038I Pass  43: suminf.    1.65738 (5) obj. 477526 iterations 0
Cbc0038I Pass  44: suminf.    0.89804 (4) obj. 477526 iterations 4
Cbc0038I Pass  45: suminf.    0.89804 (4) obj. 477526 iterations 0
Cbc0038I Pass  46: suminf.    2.77022 (10) obj. 477526 iterations 19
Cbc0038I Pass  47: suminf.    2.77022 (10) obj. 477526 iterations 0
Cbc0038I Pass  48: suminf.    2.34838 (9) obj. 477526 iterations 13
Cbc0038I Pass  49: suminf.    2.34838 (9) obj. 477526 iterations 0
Cbc0038I Pass  50: suminf.    1.59871 (6) obj. 477526 iterations 12
Cbc0038I Pass  51: suminf.    1.59871 (6) obj. 477526 iterations 0
Cbc0038I Pass  52: suminf.    1.65738 (5) obj. 477526 iterations 7
Cbc0038I Pass  53: suminf.    1.65738 (5) obj. 477526 iterations 0
Cbc0038I Pass  54: suminf.    0.89804 (4) obj. 477526 iterations 4
Cbc0038I Pass  55: suminf.    0.89804 (4) obj. 477526 iterations 0
Cbc0038I Pass  56: suminf.    1.21981 (5) obj. 477526 iterations 16
Cbc0038I Pass  57: suminf.    1.21981 (5) obj. 477526 iterations 0
Cbc0038I Pass  58: suminf.    1.05863 (4) obj. 477526 iterations 7
Cbc0038I Pass  59: suminf.    1.05863 (4) obj. 477526 iterations 0
Cbc0038I Pass  60: suminf.    1.22196 (4) obj. 477526 iterations 5
Cbc0038I Pass  61: suminf.    1.22196 (4) obj. 477526 iterations 4
Cbc0038I Pass  62: suminf.    1.05863 (4) obj. 477526 iterations 2
Cbc0038I No solution found this major pass
Cbc0038I Before mini branch and bound, 4 integers at bound fixed and 66 continuous
Cbc0038I Full problem 119 rows 167 columns, reduced to 39 rows 51 columns
Cbc0038I Mini branch and bound did not improve solution (0.04 seconds)
Cbc0038I After 0.05 seconds - Feasibility pump exiting with objective of 477751 - took 0.04 seconds
Cbc0012I Integer solution of 477750.59 found by feasibility pump after 0 iterations and 0 nodes (0.05 seconds)
Cbc0038I Full problem 119 rows 167 columns, reduced to 92 rows 140 columns - 5 fixed gives 77, 125 - ok now
Cbc0038I Full problem 119 rows 167 columns, reduced to 77 rows 125 columns
Cbc0031I 21 added rows had average density of 10
Cbc0013I At root node, 21 cuts changed objective from 477002.89 to 477728.93 in 100 passes
Cbc0014I Cut generator 0 (Probing) - 16 row cuts average 2.0 elements, 0 column cuts (0 active)  in 0.016 seconds - new frequency is -100
Cbc0014I Cut generator 1 (Gomory) - 372 row cuts average 30.4 elements, 0 column cuts (0 active)  in 0.010 seconds - new frequency is 1
Cbc0014I Cut generator 2 (Knapsack) - 0 row cuts average 0.0 elements, 0 column cuts (0 active)  in 0.017 seconds - new frequency is -100
Cbc0014I Cut generator 3 (Clique) - 0 row cuts average 0.0 elements, 0 column cuts (0 active)  in 0.002 seconds - new frequency is -100
Cbc0014I Cut generator 4 (MixedIntegerRounding2) - 17 row cuts average 4.9 elements, 0 column cuts (0 active)  in 0.006 seconds - new frequency is -100
Cbc0014I Cut generator 5 (FlowCover) - 0 row cuts average 0.0 elements, 0 column cuts (0 active)  in 0.025 seconds - new frequency is -100
Cbc0014I Cut generator 6 (TwoMirCuts) - 37 row cuts average 11.5 elements, 0 column cuts (0 active)  in 0.003 seconds - new frequency is -100
Cbc0010I After 0 nodes, 1 on tree, 477750.59 best solution, best possible 477728.93 (0.20 seconds)
Cbc0001I Search completed - best objective 477750.5885131559, took 1001 iterations and 4 nodes (0.21 seconds)
Cbc0032I Strong branching done 22 times (77 iterations), fathomed 2 nodes and fixed 1 variables
Cbc0035I Maximum depth 1, 1 variables fixed on reduced cost
Cuts at root node changed objective from 477003 to 477729
Probing was tried 100 times and created 16 cuts of which 0 were active after adding rounds of cuts (0.016 seconds)
Gomory was tried 114 times and created 394 cuts of which 0 were active after adding rounds of cuts (0.011 seconds)
Knapsack was tried 100 times and created 0 cuts of which 0 were active after adding rounds of cuts (0.017 seconds)
Clique was tried 100 times and created 0 cuts of which 0 were active after adding rounds of cuts (0.002 seconds)
MixedIntegerRounding2 was tried 100 times and created 17 cuts of which 0 were active after adding rounds of cuts (0.006 seconds)
FlowCover was tried 100 times and created 0 cuts of which 0 were active after adding rounds of cuts (0.025 seconds)
TwoMirCuts was tried 100 times and created 37 cuts of which 0 were active after adding rounds of cuts (0.003 seconds)
ZeroHalf was tried 1 times and created 0 cuts of which 0 were active after adding rounds of cuts (0.000 seconds)

Result - Optimal solution found

Objective value:                477750.58851316
Enumerated nodes:               4
Total iterations:               1001
Time (CPU seconds):             0.22
Time (Wallclock seconds):       0.22

Option for printingOptions changed from normal to all
Total time (CPU seconds):       0.24   (Wallclock seconds):       0.24

