Welcome to the CBC MILP Solver 
Version: 2.10.3 
Build Date: Dec 15 2019 

command line - E:\dachuang\.venv\Lib\site-packages\pulp\apis\../solverdir/cbc/win/i64/cbc.exe model.mps -primalTolerance 1e-9 -integerTolerance 1e-9 -ratioGap 0 -allowableGap 0 -threads 0 -branch -printingOptions all -solution solution.txt -saveSolution solution.bin -quit (default strategy 1)
At line 2 NAME          MODEL
At line 3 ROWS
At line 317 COLUMNS
At line 1133 RHS
At line 1446 BOUNDS
At line 1521 ENDATA
Problem MODEL has 312 rows, 241 columns and 647 elements
Coin0008I MODEL read with 0 errors
primalTolerance was changed from 1e-07 to 1e-09
integerTolerance was changed from 1e-07 to 1e-09
ratioGap was changed from 0 to 0
allowableGap was changed from 1e-10 to 0
Continuous objective value is 488442 - 0.00 seconds
Cgl0004I processed model has 107 rows, 155 columns (24 integer (24 of which binary)) and 332 elements
Cbc0038I Initial state - 3 integers unsatisfied sum - 0.992594
Cbc0038I Pass   1: suminf.    0.00000 (0) obj. 488449 iterations 15
Cbc0038I Solution found of 488449
Cbc0038I Relaxing continuous gives 488449
Cbc0038I Before mini branch and bound, 21 integers at bound fixed and 88 continuous
Cbc0038I Full problem 107 rows 155 columns, reduced to 1 rows 2 columns
Cbc0038I Mini branch and bound did not improve solution (0.01 seconds)
Cbc0038I Round again with cutoff of 488448
Cbc0038I Pass   2: suminf.    0.01314 (1) obj. 488448 iterations 1
Cbc0038I Pass   3: suminf.    0.23814 (1) obj. 488448 iterations 2
Cbc0038I Pass   4: suminf.    1.09314 (4) obj. 488448 iterations 8
Cbc0038I Pass   5: suminf.    1.09314 (4) obj. 488448 iterations 0
Cbc0038I Pass   6: suminf.    0.24686 (2) obj. 488448 iterations 7
Cbc0038I Pass   7: suminf.    1.09314 (4) obj. 488448 iterations 9
Cbc0038I Pass   8: suminf.    1.09314 (4) obj. 488448 iterations 1
Cbc0038I Pass   9: suminf.    1.09314 (4) obj. 488448 iterations 10
Cbc0038I Pass  10: suminf.    1.09314 (4) obj. 488448 iterations 6
Cbc0038I Pass  11: suminf.    1.09314 (4) obj. 488448 iterations 5
Cbc0038I Pass  12: suminf.    1.09314 (4) obj. 488448 iterations 3
Cbc0038I Pass  13: suminf.    1.09314 (4) obj. 488448 iterations 3
Cbc0038I Pass  14: suminf.    1.09314 (4) obj. 488448 iterations 3
Cbc0038I Pass  15: suminf.    0.24686 (2) obj. 488448 iterations 7
Cbc0038I Pass  16: suminf.    0.01314 (1) obj. 488448 iterations 5
Cbc0038I Pass  17: suminf.    0.23814 (1) obj. 488448 iterations 1
Cbc0038I Pass  18: suminf.    1.09314 (4) obj. 488448 iterations 11
Cbc0038I Pass  19: suminf.    1.09314 (4) obj. 488448 iterations 4
Cbc0038I Pass  20: suminf.    1.09314 (4) obj. 488448 iterations 5
Cbc0038I Pass  21: suminf.    1.09314 (4) obj. 488448 iterations 5
Cbc0038I Pass  22: suminf.    0.24686 (2) obj. 488448 iterations 7
Cbc0038I Pass  23: suminf.    0.01314 (1) obj. 488448 iterations 5
Cbc0038I Pass  24: suminf.    0.23814 (1) obj. 488448 iterations 1
Cbc0038I Pass  25: suminf.    1.09314 (4) obj. 488448 iterations 9
Cbc0038I Pass  26: suminf.    1.09314 (4) obj. 488448 iterations 2
Cbc0038I Pass  27: suminf.    1.09314 (4) obj. 488448 iterations 3
Cbc0038I Pass  28: suminf.    1.09314 (4) obj. 488448 iterations 1
Cbc0038I Pass  29: suminf.    0.24686 (2) obj. 488448 iterations 8
Cbc0038I Pass  30: suminf.    0.01314 (1) obj. 488448 iterations 5
Cbc0038I Pass  31: suminf.    0.23814 (1) obj. 488448 iterations 1
Cbc0038I No solution found this major pass
Cbc0038I Before mini branch and bound, 12 integers at bound fixed and 72 continuous
Cbc0038I Full problem 107 rows 155 columns, reduced to 2 rows 3 columns
Cbc0038I Mini branch and bound did not improve solution (0.02 seconds)
Cbc0038I After 0.02 seconds - Feasibility pump exiting with objective of 488449 - took 0.01 seconds
Cbc0012I Integer solution of 488449 found by feasibility pump after 0 iterations and 0 nodes (0.02 seconds)
Cbc0038I Full problem 107 rows 155 columns, reduced to 55 rows 103 columns
Cbc0031I 1 added rows had average density of 3
Cbc0013I At root node, 5 cuts changed objective from 488442.12 to 488449 in 1 passes
Cbc0014I Cut generator 0 (Probing) - 0 row cuts average 0.0 elements, 11 column cuts (11 active)  in 0.000 seconds - new frequency is 1
Cbc0014I Cut generator 1 (Gomory) - 2 row cuts average 20.5 elements, 0 column cuts (0 active)  in 0.000 seconds - new frequency is 1
Cbc0014I Cut generator 2 (Knapsack) - 0 row cuts average 0.0 elements, 0 column cuts (0 active)  in 0.000 seconds - new frequency is -100
Cbc0014I Cut generator 3 (Clique) - 0 row cuts average 0.0 elements, 0 column cuts (0 active)  in 0.000 seconds - new frequency is -100
Cbc0014I Cut generator 4 (MixedIntegerRounding2) - 1 row cuts average 4.0 elements, 0 column cuts (0 active)  in 0.000 seconds - new frequency is 1
Cbc0014I Cut generator 5 (FlowCover) - 0 row cuts average 0.0 elements, 0 column cuts (0 active)  in 0.001 seconds - new frequency is -100
Cbc0014I Cut generator 6 (TwoMirCuts) - 2 row cuts average 18.0 elements, 0 column cuts (0 active)  in 0.000 seconds - new frequency is -100
Cbc0001I Search completed - best objective 488448.9999999981, took 5 iterations and 0 nodes (0.02 seconds)
Cbc0035I Maximum depth 0, 0 variables fixed on reduced cost
Cuts at root node changed objective from 488442 to 488449
Probing was tried 1 times and created 11 cuts of which 0 were active after adding rounds of cuts (0.000 seconds)
Gomory was tried 1 times and created 2 cuts of which 0 were active after adding rounds of cuts (0.000 seconds)
Knapsack was tried 1 times and created 0 cuts of which 0 were active after adding rounds of cuts (0.000 seconds)
Clique was tried 1 times and created 0 cuts of which 0 were active after adding rounds of cuts (0.000 seconds)
MixedIntegerRounding2 was tried 1 times and created 1 cuts of which 0 were active after adding rounds of cuts (0.000 seconds)
FlowCover was tried 1 times and created 0 cuts of which 0 were active after adding rounds of cuts (0.001 seconds)
TwoMirCuts was tried 1 times and created 2 cuts of which 0 were active after adding rounds of cuts (0.000 seconds)
ZeroHalf was tried 1 times and created 0 cuts of which 0 were active after adding rounds of cuts (0.000 seconds)

Result - Optimal solution found

Objective value:                488449.00000000
Enumerated nodes:               0
Total iterations:               5
Time (CPU seconds):             0.03
Time (Wallclock seconds):       0.03

Option for printingOptions changed from normal to all
Total time (CPU seconds):       0.06   (Wallclock seconds):       0.06

