Welcome to the CBC MILP Solver 
Version: 2.10.3 
Build Date: Dec 15 2019 

command line - E:\dachuang\.venv\Lib\site-packages\pulp\apis\../solverdir/cbc/win/i64/cbc.exe model.mps -primalTolerance 1e-9 -integerTolerance 1e-9 -ratioGap 0 -allowableGap 0 -threads 0 -branch -printingOptions all -solution solution.txt -saveSolution solution.bin -quit (default strategy 1)
At line 2 NAME          MODEL
At line 3 ROWS
At line 317 COLUMNS
At line 1133 RHS
At line 1446 BOUNDS
At line 1521 ENDATA
Problem MODEL has 312 rows, 241 columns and 647 elements
Coin0008I MODEL read with 0 errors
primalTolerance was changed from 1e-07 to 1e-09
integerTolerance was changed from 1e-07 to 1e-09
ratioGap was changed from 0 to 0
allowableGap was changed from 1e-10 to 0
Continuous objective value is 460660 - 0.00 seconds
Cgl0004I processed model has 117 rows, 165 columns (24 integer (24 of which binary)) and 352 elements
Cbc0038I Initial state - 14 integers unsatisfied sum - 5.12261
Cbc0038I Pass   1: suminf.    0.00000 (0) obj. 462342 iterations 22
Cbc0038I Solution found of 462342
Cbc0038I Relaxing continuous gives 462342
Cbc0038I Before mini branch and bound, 10 integers at bound fixed and 79 continuous
Cbc0038I Full problem 117 rows 165 columns, reduced to 9 rows 10 columns
Cbc0038I Mini branch and bound did not improve solution (0.01 seconds)
Cbc0038I Round again with cutoff of 462174
Cbc0038I Pass   2: suminf.    0.48301 (1) obj. 462174 iterations 4
Cbc0038I Pass   3: suminf.    0.00000 (0) obj. 462174 iterations 3
Cbc0038I Solution found of 462174
Cbc0038I Relaxing continuous gives 461994
Cbc0038I Before mini branch and bound, 10 integers at bound fixed and 74 continuous
Cbc0038I Full problem 117 rows 165 columns, reduced to 13 rows 18 columns
Cbc0038I Mini branch and bound improved solution from 461994 to 461994 (0.01 seconds)
Cbc0038I Freeing continuous variables gives a solution of 461841
Cbc0038I Round again with cutoff of 461605
Cbc0038I Pass   4: suminf.    1.11736 (3) obj. 461605 iterations 11
Cbc0038I Pass   5: suminf.    1.11736 (3) obj. 461605 iterations 0
Cbc0038I Pass   6: suminf.    1.21934 (4) obj. 461605 iterations 12
Cbc0038I Pass   7: suminf.    1.21934 (4) obj. 461605 iterations 0
Cbc0038I Pass   8: suminf.    1.31657 (4) obj. 461605 iterations 3
Cbc0038I Pass   9: suminf.    1.44517 (6) obj. 461605 iterations 11
Cbc0038I Pass  10: suminf.    1.44517 (6) obj. 461605 iterations 1
Cbc0038I Pass  11: suminf.    1.23176 (4) obj. 461605 iterations 13
Cbc0038I Pass  12: suminf.    1.23176 (4) obj. 461605 iterations 0
Cbc0038I Pass  13: suminf.    1.38024 (4) obj. 461605 iterations 5
Cbc0038I Pass  14: suminf.    1.03176 (3) obj. 461605 iterations 2
Cbc0038I Pass  15: suminf.    2.56624 (8) obj. 461605 iterations 25
Cbc0038I Pass  16: suminf.    2.33776 (8) obj. 461605 iterations 2
Cbc0038I Pass  17: suminf.    2.26024 (7) obj. 461605 iterations 6
Cbc0038I Pass  18: suminf.    2.03176 (7) obj. 461605 iterations 1
Cbc0038I Pass  19: suminf.    2.03176 (7) obj. 461605 iterations 7
Cbc0038I Pass  20: suminf.    2.03176 (7) obj. 461605 iterations 1
Cbc0038I Pass  21: suminf.    2.26024 (7) obj. 461605 iterations 5
Cbc0038I Pass  22: suminf.    2.52476 (8) obj. 461605 iterations 9
Cbc0038I Pass  23: suminf.    2.52476 (8) obj. 461605 iterations 0
Cbc0038I Pass  24: suminf.    2.26024 (7) obj. 461605 iterations 6
Cbc0038I Pass  25: suminf.    2.03176 (7) obj. 461605 iterations 1
Cbc0038I Pass  26: suminf.    1.61276 (7) obj. 461605 iterations 21
Cbc0038I Pass  27: suminf.    1.61276 (7) obj. 461605 iterations 3
Cbc0038I Pass  28: suminf.    1.27643 (5) obj. 461605 iterations 10
Cbc0038I Pass  29: suminf.    1.27643 (5) obj. 461605 iterations 0
Cbc0038I Pass  30: suminf.    1.31657 (4) obj. 461605 iterations 2
Cbc0038I Pass  31: suminf.    1.03176 (3) obj. 461605 iterations 2
Cbc0038I Pass  32: suminf.    1.15724 (3) obj. 461605 iterations 2
Cbc0038I Pass  33: suminf.    1.47217 (5) obj. 461605 iterations 21
Cbc0038I No solution found this major pass
Cbc0038I Before mini branch and bound, 0 integers at bound fixed and 63 continuous
Cbc0038I Full problem 117 rows 165 columns, reduced to 39 rows 50 columns
Cbc0038I Mini branch and bound improved solution from 461841 to 461742 (0.03 seconds)
Cbc0038I Round again with cutoff of 461322
Cbc0038I Pass  33: suminf.    2.01857 (6) obj. 461322 iterations 5
Cbc0038I Pass  34: suminf.    2.01857 (6) obj. 461322 iterations 0
Cbc0038I Pass  35: suminf.    2.06982 (6) obj. 461322 iterations 13
Cbc0038I Pass  36: suminf.    2.06982 (6) obj. 461322 iterations 1
Cbc0038I Pass  37: suminf.    2.17018 (6) obj. 461322 iterations 4
Cbc0038I Pass  38: suminf.    2.96682 (10) obj. 461322 iterations 6
Cbc0038I Pass  39: suminf.    2.65515 (9) obj. 461322 iterations 2
Cbc0038I Pass  40: suminf.    2.29351 (7) obj. 461322 iterations 10
Cbc0038I Pass  41: suminf.    2.19315 (7) obj. 461322 iterations 3
Cbc0038I Pass  42: suminf.    3.02865 (10) obj. 461322 iterations 5
Cbc0038I Pass  43: suminf.    3.02865 (10) obj. 461322 iterations 0
Cbc0038I Pass  44: suminf.    2.17018 (6) obj. 461322 iterations 7
Cbc0038I Pass  45: suminf.    2.06982 (6) obj. 461322 iterations 2
Cbc0038I Pass  46: suminf.    2.17018 (6) obj. 461322 iterations 4
Cbc0038I Pass  47: suminf.    2.06982 (6) obj. 461322 iterations 2
Cbc0038I Pass  48: suminf.    2.06982 (6) obj. 461322 iterations 1
Cbc0038I Pass  49: suminf.    2.17018 (6) obj. 461322 iterations 4
Cbc0038I Pass  50: suminf.    2.85865 (10) obj. 461322 iterations 9
Cbc0038I Pass  51: suminf.    2.85865 (10) obj. 461322 iterations 0
Cbc0038I Pass  52: suminf.    2.29351 (7) obj. 461322 iterations 10
Cbc0038I Pass  53: suminf.    2.19315 (7) obj. 461322 iterations 3
Cbc0038I Pass  54: suminf.    2.17018 (6) obj. 461322 iterations 5
Cbc0038I Pass  55: suminf.    2.06982 (6) obj. 461322 iterations 2
Cbc0038I Pass  56: suminf.    2.58616 (9) obj. 461322 iterations 15
Cbc0038I Pass  57: suminf.    2.27449 (8) obj. 461322 iterations 4
Cbc0038I Pass  58: suminf.    2.29351 (7) obj. 461322 iterations 9
Cbc0038I Pass  59: suminf.    2.05682 (7) obj. 461322 iterations 3
Cbc0038I Pass  60: suminf.    2.05682 (7) obj. 461322 iterations 0
Cbc0038I Pass  61: suminf.    2.17018 (6) obj. 461322 iterations 5
Cbc0038I Pass  62: suminf.    1.93349 (6) obj. 461322 iterations 2
Cbc0038I No solution found this major pass
Cbc0038I Before mini branch and bound, 4 integers at bound fixed and 66 continuous
Cbc0038I Full problem 117 rows 165 columns, reduced to 33 rows 42 columns
Cbc0038I Mini branch and bound did not improve solution (0.04 seconds)
Cbc0038I After 0.04 seconds - Feasibility pump exiting with objective of 461742 - took 0.04 seconds
Cbc0012I Integer solution of 461742.28 found by feasibility pump after 0 iterations and 0 nodes (0.04 seconds)
Cbc0038I Full problem 117 rows 165 columns, reduced to 93 rows 141 columns - 7 fixed gives 74, 122 - ok now
Cbc0038I Full problem 117 rows 165 columns, reduced to 74 rows 122 columns
Cbc0031I 13 added rows had average density of 14.230769
Cbc0013I At root node, 13 cuts changed objective from 460660.36 to 461706.58 in 100 passes
Cbc0014I Cut generator 0 (Probing) - 12 row cuts average 2.0 elements, 3 column cuts (3 active)  in 0.015 seconds - new frequency is 1
Cbc0014I Cut generator 1 (Gomory) - 290 row cuts average 29.7 elements, 0 column cuts (0 active)  in 0.006 seconds - new frequency is 1
Cbc0014I Cut generator 2 (Knapsack) - 0 row cuts average 0.0 elements, 0 column cuts (0 active)  in 0.018 seconds - new frequency is -100
Cbc0014I Cut generator 3 (Clique) - 0 row cuts average 0.0 elements, 0 column cuts (0 active)  in 0.000 seconds - new frequency is -100
Cbc0014I Cut generator 4 (MixedIntegerRounding2) - 20 row cuts average 6.3 elements, 0 column cuts (0 active)  in 0.003 seconds - new frequency is -100
Cbc0014I Cut generator 5 (FlowCover) - 0 row cuts average 0.0 elements, 0 column cuts (0 active)  in 0.025 seconds - new frequency is -100
Cbc0014I Cut generator 6 (TwoMirCuts) - 27 row cuts average 10.4 elements, 0 column cuts (0 active)  in 0.001 seconds - new frequency is -100
Cbc0010I After 0 nodes, 1 on tree, 461742.28 best solution, best possible 461706.58 (0.18 seconds)
Cbc0001I Search completed - best objective 461742.2797500045, took 926 iterations and 4 nodes (0.19 seconds)
Cbc0032I Strong branching done 22 times (112 iterations), fathomed 2 nodes and fixed 2 variables
Cbc0035I Maximum depth 1, 1 variables fixed on reduced cost
Cuts at root node changed objective from 460660 to 461707
Probing was tried 116 times and created 16 cuts of which 0 were active after adding rounds of cuts (0.018 seconds)
Gomory was tried 116 times and created 309 cuts of which 0 were active after adding rounds of cuts (0.006 seconds)
Knapsack was tried 100 times and created 0 cuts of which 0 were active after adding rounds of cuts (0.018 seconds)
Clique was tried 100 times and created 0 cuts of which 0 were active after adding rounds of cuts (0.000 seconds)
MixedIntegerRounding2 was tried 100 times and created 20 cuts of which 0 were active after adding rounds of cuts (0.003 seconds)
FlowCover was tried 100 times and created 0 cuts of which 0 were active after adding rounds of cuts (0.025 seconds)
TwoMirCuts was tried 100 times and created 27 cuts of which 0 were active after adding rounds of cuts (0.001 seconds)
ZeroHalf was tried 1 times and created 0 cuts of which 0 were active after adding rounds of cuts (0.000 seconds)

Result - Optimal solution found

Objective value:                461742.27975000
Enumerated nodes:               4
Total iterations:               926
Time (CPU seconds):             0.20
Time (Wallclock seconds):       0.20

Option for printingOptions changed from normal to all
Total time (CPU seconds):       0.22   (Wallclock seconds):       0.22

