Welcome to the CBC MILP Solver 
Version: 2.10.3 
Build Date: Dec 15 2019 

command line - E:\dachuang\.venv\Lib\site-packages\pulp\apis\../solverdir/cbc/win/i64/cbc.exe model.mps -primalTolerance 1e-9 -integerTolerance 1e-9 -ratioGap 0 -allowableGap 0 -threads 0 -branch -printingOptions all -solution solution.txt -saveSolution solution.bin -quit (default strategy 1)
At line 2 NAME          MODEL
At line 3 ROWS
At line 317 COLUMNS
At line 1133 RHS
At line 1446 BOUNDS
At line 1521 ENDATA
Problem MODEL has 312 rows, 241 columns and 647 elements
Coin0008I MODEL read with 0 errors
primalTolerance was changed from 1e-07 to 1e-09
integerTolerance was changed from 1e-07 to 1e-09
ratioGap was changed from 0 to 0
allowableGap was changed from 1e-10 to 0
Continuous objective value is 459788 - 0.00 seconds
Cgl0004I processed model has 117 rows, 165 columns (24 integer (24 of which binary)) and 352 elements
Cbc0038I Initial state - 10 integers unsatisfied sum - 3.35869
Cbc0038I Pass   1: suminf.    0.00000 (0) obj. 460521 iterations 17
Cbc0038I Solution found of 460521
Cbc0038I Relaxing continuous gives 460521
Cbc0038I Before mini branch and bound, 14 integers at bound fixed and 83 continuous
Cbc0038I Full problem 117 rows 165 columns, reduced to 4 rows 4 columns
Cbc0038I Mini branch and bound did not improve solution (0.01 seconds)
Cbc0038I Round again with cutoff of 460448
Cbc0038I Pass   2: suminf.    0.31602 (1) obj. 460448 iterations 1
Cbc0038I Pass   3: suminf.    0.00000 (0) obj. 460448 iterations 4
Cbc0038I Solution found of 460448
Cbc0038I Relaxing continuous gives 460289
Cbc0038I Before mini branch and bound, 13 integers at bound fixed and 79 continuous
Cbc0038I Full problem 117 rows 165 columns, reduced to 12 rows 16 columns
Cbc0038I Mini branch and bound did not improve solution (0.01 seconds)
Cbc0038I Round again with cutoff of 460189
Cbc0038I Pass   4: suminf.    0.44380 (3) obj. 460189 iterations 6
Cbc0038I Pass   5: suminf.    0.44380 (3) obj. 460189 iterations 0
Cbc0038I Pass   6: suminf.    1.54630 (5) obj. 460189 iterations 14
Cbc0038I Pass   7: suminf.    1.54630 (5) obj. 460189 iterations 0
Cbc0038I Pass   8: suminf.    1.09728 (4) obj. 460189 iterations 7
Cbc0038I Pass   9: suminf.    1.09728 (4) obj. 460189 iterations 0
Cbc0038I Pass  10: suminf.    0.79728 (4) obj. 460189 iterations 1
Cbc0038I Pass  11: suminf.    0.79728 (4) obj. 460189 iterations 0
Cbc0038I Pass  12: suminf.    1.09728 (4) obj. 460189 iterations 3
Cbc0038I Pass  13: suminf.    1.26980 (5) obj. 460189 iterations 15
Cbc0038I Pass  14: suminf.    1.86205 (6) obj. 460189 iterations 7
Cbc0038I Pass  15: suminf.    1.16428 (5) obj. 460189 iterations 2
Cbc0038I Pass  16: suminf.    1.16428 (5) obj. 460189 iterations 3
Cbc0038I Pass  17: suminf.    2.87678 (9) obj. 460189 iterations 18
Cbc0038I Pass  18: suminf.    2.61628 (8) obj. 460189 iterations 2
Cbc0038I Pass  19: suminf.    1.34928 (5) obj. 460189 iterations 10
Cbc0038I Pass  20: suminf.    1.34928 (5) obj. 460189 iterations 0
Cbc0038I Pass  21: suminf.    0.98622 (3) obj. 460189 iterations 4
Cbc0038I Pass  22: suminf.    0.79728 (3) obj. 460189 iterations 1
Cbc0038I Pass  23: suminf.    1.15728 (4) obj. 460189 iterations 4
Cbc0038I Pass  24: suminf.    1.15728 (4) obj. 460189 iterations 1
Cbc0038I Pass  25: suminf.    0.98622 (3) obj. 460189 iterations 3
Cbc0038I Pass  26: suminf.    0.79728 (3) obj. 460189 iterations 2
Cbc0038I Pass  27: suminf.    1.42478 (5) obj. 460189 iterations 17
Cbc0038I Pass  28: suminf.    1.16428 (4) obj. 460189 iterations 1
Cbc0038I Pass  29: suminf.    0.98622 (3) obj. 460189 iterations 3
Cbc0038I Pass  30: suminf.    0.79728 (3) obj. 460189 iterations 2
Cbc0038I Pass  31: suminf.    2.61628 (8) obj. 460189 iterations 24
Cbc0038I Pass  32: suminf.    2.61628 (8) obj. 460189 iterations 7
Cbc0038I Pass  33: suminf.    1.34928 (5) obj. 460189 iterations 8
Cbc0038I No solution found this major pass
Cbc0038I Before mini branch and bound, 3 integers at bound fixed and 66 continuous
Cbc0038I Full problem 117 rows 165 columns, reduced to 32 rows 42 columns
Cbc0038I Mini branch and bound did not improve solution (0.03 seconds)
Cbc0038I After 0.03 seconds - Feasibility pump exiting with objective of 460289 - took 0.02 seconds
Cbc0012I Integer solution of 460289.35 found by feasibility pump after 0 iterations and 0 nodes (0.03 seconds)
Cbc0038I Full problem 117 rows 165 columns, reduced to 82 rows 130 columns
Cbc0031I 17 added rows had average density of 9.1764706
Cbc0013I At root node, 17 cuts changed objective from 459787.88 to 460228.57 in 100 passes
Cbc0014I Cut generator 0 (Probing) - 6 row cuts average 2.0 elements, 3 column cuts (3 active)  in 0.010 seconds - new frequency is 1
Cbc0014I Cut generator 1 (Gomory) - 220 row cuts average 25.6 elements, 0 column cuts (0 active)  in 0.012 seconds - new frequency is 1
Cbc0014I Cut generator 2 (Knapsack) - 0 row cuts average 0.0 elements, 0 column cuts (0 active)  in 0.020 seconds - new frequency is -100
Cbc0014I Cut generator 3 (Clique) - 0 row cuts average 0.0 elements, 0 column cuts (0 active)  in 0.001 seconds - new frequency is -100
Cbc0014I Cut generator 4 (MixedIntegerRounding2) - 8 row cuts average 4.6 elements, 0 column cuts (0 active)  in 0.006 seconds - new frequency is -100
Cbc0014I Cut generator 5 (FlowCover) - 0 row cuts average 0.0 elements, 0 column cuts (0 active)  in 0.016 seconds - new frequency is -100
Cbc0014I Cut generator 6 (TwoMirCuts) - 20 row cuts average 9.4 elements, 0 column cuts (0 active)  in 0.005 seconds - new frequency is -100
Cbc0010I After 0 nodes, 1 on tree, 460289.35 best solution, best possible 460228.57 (0.15 seconds)
Cbc0001I Search completed - best objective 460289.3450228553, took 720 iterations and 8 nodes (0.17 seconds)
Cbc0032I Strong branching done 34 times (108 iterations), fathomed 3 nodes and fixed 1 variables
Cbc0035I Maximum depth 3, 5 variables fixed on reduced cost
Cuts at root node changed objective from 459788 to 460229
Probing was tried 134 times and created 10 cuts of which 0 were active after adding rounds of cuts (0.014 seconds)
Gomory was tried 134 times and created 259 cuts of which 0 were active after adding rounds of cuts (0.015 seconds)
Knapsack was tried 100 times and created 0 cuts of which 0 were active after adding rounds of cuts (0.020 seconds)
Clique was tried 100 times and created 0 cuts of which 0 were active after adding rounds of cuts (0.001 seconds)
MixedIntegerRounding2 was tried 100 times and created 8 cuts of which 0 were active after adding rounds of cuts (0.006 seconds)
FlowCover was tried 100 times and created 0 cuts of which 0 were active after adding rounds of cuts (0.016 seconds)
TwoMirCuts was tried 100 times and created 20 cuts of which 0 were active after adding rounds of cuts (0.005 seconds)
ZeroHalf was tried 1 times and created 0 cuts of which 0 were active after adding rounds of cuts (0.000 seconds)

Result - Optimal solution found

Objective value:                460289.34502286
Enumerated nodes:               8
Total iterations:               720
Time (CPU seconds):             0.17
Time (Wallclock seconds):       0.17

Option for printingOptions changed from normal to all
Total time (CPU seconds):       0.19   (Wallclock seconds):       0.19

