Welcome to the CBC MILP Solver 
Version: 2.10.3 
Build Date: Dec 15 2019 

command line - E:\dachuang\.venv\Lib\site-packages\pulp\apis\../solverdir/cbc/win/i64/cbc.exe model.mps -primalTolerance 1e-9 -integerTolerance 1e-9 -ratioGap 0 -allowableGap 0 -threads 0 -branch -printingOptions all -solution solution.txt -saveSolution solution.bin -quit (default strategy 1)
At line 2 NAME          MODEL
At line 3 ROWS
At line 317 COLUMNS
At line 1133 RHS
At line 1446 BOUNDS
At line 1521 ENDATA
Problem MODEL has 312 rows, 241 columns and 647 elements
Coin0008I MODEL read with 0 errors
primalTolerance was changed from 1e-07 to 1e-09
integerTolerance was changed from 1e-07 to 1e-09
ratioGap was changed from 0 to 0
allowableGap was changed from 1e-10 to 0
Continuous objective value is 465098 - 0.00 seconds
Cgl0003I 0 fixed, 0 tightened bounds, 2 strengthened rows, 0 substitutions
Cgl0004I processed model has 119 rows, 167 columns (24 integer (24 of which binary)) and 356 elements
Cbc0038I Initial state - 12 integers unsatisfied sum - 4.09291
Cbc0038I Pass   1: suminf.    0.00000 (0) obj. 466699 iterations 18
Cbc0038I Solution found of 466699
Cbc0038I Relaxing continuous gives 466699
Cbc0038I Before mini branch and bound, 12 integers at bound fixed and 81 continuous
Cbc0038I Full problem 119 rows 167 columns, reduced to 12 rows 14 columns
Cbc0038I Mini branch and bound did not improve solution (0.01 seconds)
Cbc0038I Round again with cutoff of 466539
Cbc0038I Pass   2: suminf.    0.39397 (1) obj. 466539 iterations 6
Cbc0038I Pass   3: suminf.    0.00000 (0) obj. 466539 iterations 5
Cbc0038I Solution found of 466539
Cbc0038I Relaxing continuous gives 466292
Cbc0038I Before mini branch and bound, 12 integers at bound fixed and 78 continuous
Cbc0038I Full problem 119 rows 167 columns, reduced to 15 rows 20 columns
Cbc0038I Mini branch and bound did not improve solution (0.02 seconds)
Cbc0038I Freeing continuous variables gives a solution of 466145
Cbc0038I Round again with cutoff of 465936
Cbc0038I Pass   4: suminf.    0.87796 (2) obj. 465936 iterations 8
Cbc0038I Pass   5: suminf.    0.87796 (2) obj. 465936 iterations 1
Cbc0038I Pass   6: suminf.    0.55494 (3) obj. 465936 iterations 14
Cbc0038I Pass   7: suminf.    1.01341 (4) obj. 465936 iterations 6
Cbc0038I Pass   8: suminf.    1.01341 (4) obj. 465936 iterations 0
Cbc0038I Pass   9: suminf.    1.06466 (4) obj. 465936 iterations 6
Cbc0038I Pass  10: suminf.    1.06466 (4) obj. 465936 iterations 0
Cbc0038I Pass  11: suminf.    0.51551 (3) obj. 465936 iterations 9
Cbc0038I Pass  12: suminf.    0.51551 (3) obj. 465936 iterations 0
Cbc0038I Pass  13: suminf.    0.45124 (2) obj. 465936 iterations 3
Cbc0038I Pass  14: suminf.    0.34408 (2) obj. 465936 iterations 1
Cbc0038I Pass  15: suminf.    0.62123 (4) obj. 465936 iterations 11
Cbc0038I Pass  16: suminf.    0.45124 (2) obj. 465936 iterations 6
Cbc0038I Pass  17: suminf.    0.34408 (2) obj. 465936 iterations 1
Cbc0038I Pass  18: suminf.    1.45466 (7) obj. 465936 iterations 21
Cbc0038I Pass  19: suminf.    1.45466 (7) obj. 465936 iterations 1
Cbc0038I Pass  20: suminf.    1.01341 (4) obj. 465936 iterations 12
Cbc0038I Pass  21: suminf.    1.01341 (4) obj. 465936 iterations 0
Cbc0038I Pass  22: suminf.    1.06466 (4) obj. 465936 iterations 6
Cbc0038I Pass  23: suminf.    1.06466 (4) obj. 465936 iterations 0
Cbc0038I Pass  24: suminf.    0.51551 (3) obj. 465936 iterations 9
Cbc0038I Pass  25: suminf.    0.51551 (3) obj. 465936 iterations 0
Cbc0038I Pass  26: suminf.    0.45124 (2) obj. 465936 iterations 3
Cbc0038I Pass  27: suminf.    0.34408 (2) obj. 465936 iterations 1
Cbc0038I Pass  28: suminf.    1.41544 (4) obj. 465936 iterations 20
Cbc0038I Pass  29: suminf.    1.08234 (4) obj. 465936 iterations 5
Cbc0038I Pass  30: suminf.    1.08234 (4) obj. 465936 iterations 0
Cbc0038I Pass  31: suminf.    1.06466 (4) obj. 465936 iterations 6
Cbc0038I Pass  32: suminf.    1.06466 (4) obj. 465936 iterations 0
Cbc0038I Pass  33: suminf.    0.51551 (3) obj. 465936 iterations 9
Cbc0038I No solution found this major pass
Cbc0038I Before mini branch and bound, 4 integers at bound fixed and 70 continuous
Cbc0038I Full problem 119 rows 167 columns, reduced to 31 rows 41 columns
Cbc0038I Mini branch and bound improved solution from 466145 to 465886 (0.04 seconds)
Cbc0038I Round again with cutoff of 465650
Cbc0038I Pass  33: suminf.    1.28370 (5) obj. 465650 iterations 6
Cbc0038I Pass  34: suminf.    1.28370 (5) obj. 465650 iterations 6
Cbc0038I Pass  35: suminf.    1.77923 (5) obj. 465650 iterations 7
Cbc0038I Pass  36: suminf.    1.07284 (4) obj. 465650 iterations 6
Cbc0038I Pass  37: suminf.    1.12409 (5) obj. 465650 iterations 7
Cbc0038I Pass  38: suminf.    1.12409 (5) obj. 465650 iterations 0
Cbc0038I Pass  39: suminf.    1.33381 (5) obj. 465650 iterations 1
Cbc0038I Pass  40: suminf.    1.33381 (5) obj. 465650 iterations 0
Cbc0038I Pass  41: suminf.    1.12409 (5) obj. 465650 iterations 1
Cbc0038I Pass  42: suminf.    2.22438 (8) obj. 465650 iterations 16
Cbc0038I Pass  43: suminf.    2.22438 (8) obj. 465650 iterations 0
Cbc0038I Pass  44: suminf.    1.12409 (5) obj. 465650 iterations 4
Cbc0038I Pass  45: suminf.    1.12409 (5) obj. 465650 iterations 0
Cbc0038I Pass  46: suminf.    1.33381 (5) obj. 465650 iterations 3
Cbc0038I Pass  47: suminf.    1.33381 (5) obj. 465650 iterations 0
Cbc0038I Pass  48: suminf.    1.89827 (7) obj. 465650 iterations 14
Cbc0038I Pass  49: suminf.    1.48827 (6) obj. 465650 iterations 1
Cbc0038I Pass  50: suminf.    1.12409 (5) obj. 465650 iterations 11
Cbc0038I Pass  51: suminf.    1.12409 (5) obj. 465650 iterations 0
Cbc0038I Pass  52: suminf.    1.33381 (5) obj. 465650 iterations 1
Cbc0038I Pass  53: suminf.    1.33381 (5) obj. 465650 iterations 0
Cbc0038I Pass  54: suminf.    1.12409 (5) obj. 465650 iterations 1
Cbc0038I Pass  55: suminf.    1.83009 (8) obj. 465650 iterations 12
Cbc0038I Pass  56: suminf.    1.42009 (7) obj. 465650 iterations 1
Cbc0038I Pass  57: suminf.    1.33381 (5) obj. 465650 iterations 9
Cbc0038I Pass  58: suminf.    1.33381 (5) obj. 465650 iterations 0
Cbc0038I Pass  59: suminf.    1.12409 (5) obj. 465650 iterations 4
Cbc0038I Pass  60: suminf.    1.12409 (5) obj. 465650 iterations 0
Cbc0038I Pass  61: suminf.    1.33381 (5) obj. 465650 iterations 3
Cbc0038I Pass  62: suminf.    1.71035 (6) obj. 465650 iterations 16
Cbc0038I No solution found this major pass
Cbc0038I Before mini branch and bound, 2 integers at bound fixed and 71 continuous
Cbc0038I Full problem 119 rows 167 columns, reduced to 31 rows 41 columns
Cbc0038I Mini branch and bound did not improve solution (0.05 seconds)
Cbc0038I After 0.05 seconds - Feasibility pump exiting with objective of 465886 - took 0.05 seconds
Cbc0012I Integer solution of 465886.14 found by feasibility pump after 0 iterations and 0 nodes (0.06 seconds)
Cbc0038I Full problem 119 rows 167 columns, reduced to 86 rows 134 columns - 8 fixed gives 65, 113 - ok now
Cbc0038I Full problem 119 rows 167 columns, reduced to 65 rows 113 columns
Cbc0031I 13 added rows had average density of 25.615385
Cbc0013I At root node, 13 cuts changed objective from 465098.17 to 465868.92 in 100 passes
Cbc0014I Cut generator 0 (Probing) - 2 row cuts average 2.0 elements, 6 column cuts (6 active)  in 0.013 seconds - new frequency is 1
Cbc0014I Cut generator 1 (Gomory) - 307 row cuts average 39.1 elements, 0 column cuts (0 active)  in 0.011 seconds - new frequency is 1
Cbc0014I Cut generator 2 (Knapsack) - 0 row cuts average 0.0 elements, 0 column cuts (0 active)  in 0.010 seconds - new frequency is -100
Cbc0014I Cut generator 3 (Clique) - 0 row cuts average 0.0 elements, 0 column cuts (0 active)  in 0.001 seconds - new frequency is -100
Cbc0014I Cut generator 4 (MixedIntegerRounding2) - 12 row cuts average 12.8 elements, 0 column cuts (0 active)  in 0.007 seconds - new frequency is -100
Cbc0014I Cut generator 5 (FlowCover) - 0 row cuts average 0.0 elements, 0 column cuts (0 active)  in 0.018 seconds - new frequency is -100
Cbc0014I Cut generator 6 (TwoMirCuts) - 32 row cuts average 9.8 elements, 0 column cuts (0 active)  in 0.005 seconds - new frequency is -100
Cbc0010I After 0 nodes, 1 on tree, 465886.14 best solution, best possible 465868.92 (0.19 seconds)
Cbc0001I Search completed - best objective 465886.1441918347, took 848 iterations and 2 nodes (0.19 seconds)
Cbc0032I Strong branching done 12 times (74 iterations), fathomed 1 nodes and fixed 1 variables
Cbc0035I Maximum depth 0, 0 variables fixed on reduced cost
Cuts at root node changed objective from 465098 to 465869
Probing was tried 104 times and created 8 cuts of which 0 were active after adding rounds of cuts (0.015 seconds)
Gomory was tried 104 times and created 311 cuts of which 0 were active after adding rounds of cuts (0.011 seconds)
Knapsack was tried 100 times and created 0 cuts of which 0 were active after adding rounds of cuts (0.010 seconds)
Clique was tried 100 times and created 0 cuts of which 0 were active after adding rounds of cuts (0.001 seconds)
MixedIntegerRounding2 was tried 100 times and created 12 cuts of which 0 were active after adding rounds of cuts (0.007 seconds)
FlowCover was tried 100 times and created 0 cuts of which 0 were active after adding rounds of cuts (0.018 seconds)
TwoMirCuts was tried 100 times and created 32 cuts of which 0 were active after adding rounds of cuts (0.005 seconds)
ZeroHalf was tried 1 times and created 0 cuts of which 0 were active after adding rounds of cuts (0.000 seconds)

Result - Optimal solution found

Objective value:                465886.14419183
Enumerated nodes:               2
Total iterations:               848
Time (CPU seconds):             0.20
Time (Wallclock seconds):       0.20

Option for printingOptions changed from normal to all
Total time (CPU seconds):       0.22   (Wallclock seconds):       0.22

