Welcome to the CBC MILP Solver 
Version: 2.10.3 
Build Date: Dec 15 2019 

command line - E:\dachuang\.venv\Lib\site-packages\pulp\apis\../solverdir/cbc/win/i64/cbc.exe model.mps -primalTolerance 1e-9 -integerTolerance 1e-9 -ratioGap 0 -allowableGap 0 -threads 0 -branch -printingOptions all -solution solution.txt -saveSolution solution.bin -quit (default strategy 1)
At line 2 NAME          MODEL
At line 3 ROWS
At line 317 COLUMNS
At line 1133 RHS
At line 1446 BOUNDS
At line 1521 ENDATA
Problem MODEL has 312 rows, 241 columns and 647 elements
Coin0008I MODEL read with 0 errors
primalTolerance was changed from 1e-07 to 1e-09
integerTolerance was changed from 1e-07 to 1e-09
ratioGap was changed from 0 to 0
allowableGap was changed from 1e-10 to 0
Continuous objective value is 488985 - 0.00 seconds
Cgl0003I 0 fixed, 0 tightened bounds, 36 strengthened rows, 0 substitutions
Cgl0004I processed model has 119 rows, 167 columns (24 integer (24 of which binary)) and 356 elements
Cbc0038I Initial state - 11 integers unsatisfied sum - 4.57105
Cbc0038I Pass   1: suminf.    0.00000 (0) obj. 491656 iterations 22
Cbc0038I Solution found of 491656
Cbc0038I Relaxing continuous gives 491618
Cbc0038I Before mini branch and bound, 13 integers at bound fixed and 82 continuous
Cbc0038I Full problem 119 rows 167 columns, reduced to 17 rows 19 columns
Cbc0038I Mini branch and bound did not improve solution (0.01 seconds)
Cbc0038I Round again with cutoff of 491498
Cbc0038I Pass   2: suminf.    0.45000 (1) obj. 491498 iterations 8
Cbc0038I Solution found of 491498
Cbc0038I Relaxing continuous gives 491353
Cbc0038I Before mini branch and bound, 13 integers at bound fixed and 82 continuous
Cbc0038I Full problem 119 rows 167 columns, reduced to 18 rows 22 columns
Cbc0038I Mini branch and bound did not improve solution (0.02 seconds)
Cbc0038I Freeing continuous variables gives a solution of 491353
Cbc0038I Round again with cutoff of 491168
Cbc0038I Pass   3: suminf.    0.70000 (2) obj. 491168 iterations 6
Cbc0038I Pass   4: suminf.    0.70000 (2) obj. 491168 iterations 0
Cbc0038I Pass   5: suminf.    0.70000 (2) obj. 491168 iterations 0
Cbc0038I Pass   6: suminf.    0.70000 (2) obj. 491168 iterations 8
Cbc0038I Pass   7: suminf.    0.70000 (2) obj. 491168 iterations 0
Cbc0038I Pass   8: suminf.    0.70000 (2) obj. 491168 iterations 10
Cbc0038I Pass   9: suminf.    0.70000 (2) obj. 491168 iterations 0
Cbc0038I Pass  10: suminf.    0.70000 (2) obj. 491168 iterations 0
Cbc0038I Pass  11: suminf.    0.70000 (2) obj. 491168 iterations 3
Cbc0038I Pass  12: suminf.    0.70000 (2) obj. 491168 iterations 0
Cbc0038I Pass  13: suminf.    0.13189 (2) obj. 491168 iterations 21
Cbc0038I Solution found of 491168
Cbc0038I Relaxing continuous gives 491166
Cbc0038I Before mini branch and bound, 6 integers at bound fixed and 74 continuous
Cbc0038I Full problem 119 rows 167 columns, reduced to 31 rows 39 columns
Cbc0038I Mini branch and bound did not improve solution (0.02 seconds)
Cbc0038I Round again with cutoff of 490944
Cbc0038I Pass  14: suminf.    1.54432 (4) obj. 490944 iterations 6
Cbc0038I Pass  15: suminf.    1.54432 (4) obj. 490944 iterations 0
Cbc0038I Pass  16: suminf.    1.54432 (4) obj. 490944 iterations 0
Cbc0038I Pass  17: suminf.    1.54432 (4) obj. 490944 iterations 11
Cbc0038I Pass  18: suminf.    1.54432 (4) obj. 490944 iterations 0
Cbc0038I Pass  19: suminf.    1.54432 (4) obj. 490944 iterations 0
Cbc0038I Pass  20: suminf.    1.54432 (4) obj. 490944 iterations 5
Cbc0038I Pass  21: suminf.    1.54432 (4) obj. 490944 iterations 0
Cbc0038I Pass  22: suminf.    1.54432 (4) obj. 490944 iterations 5
Cbc0038I Pass  23: suminf.    1.70432 (5) obj. 490944 iterations 8
Cbc0038I Pass  24: suminf.    1.70432 (5) obj. 490944 iterations 0
Cbc0038I Pass  25: suminf.    1.54432 (4) obj. 490944 iterations 6
Cbc0038I Pass  26: suminf.    1.54432 (4) obj. 490944 iterations 0
Cbc0038I Pass  27: suminf.    1.54432 (4) obj. 490944 iterations 5
Cbc0038I Pass  28: suminf.    1.54432 (4) obj. 490944 iterations 0
Cbc0038I Pass  29: suminf.    1.54603 (4) obj. 490944 iterations 20
Cbc0038I Pass  30: suminf.    0.54603 (2) obj. 490944 iterations 8
Cbc0038I Pass  31: suminf.    0.54603 (2) obj. 490944 iterations 0
Cbc0038I Pass  32: suminf.    0.54603 (2) obj. 490944 iterations 5
Cbc0038I Pass  33: suminf.    0.54603 (2) obj. 490944 iterations 0
Cbc0038I Pass  34: suminf.    0.54603 (2) obj. 490944 iterations 5
Cbc0038I Pass  35: suminf.    2.11932 (6) obj. 490944 iterations 12
Cbc0038I Pass  36: suminf.    1.93434 (6) obj. 490944 iterations 1
Cbc0038I Pass  37: suminf.    0.54603 (2) obj. 490944 iterations 10
Cbc0038I Pass  38: suminf.    0.54603 (2) obj. 490944 iterations 0
Cbc0038I Pass  39: suminf.    0.54603 (2) obj. 490944 iterations 5
Cbc0038I Pass  40: suminf.    0.54603 (2) obj. 490944 iterations 0
Cbc0038I Pass  41: suminf.    0.54603 (2) obj. 490944 iterations 5
Cbc0038I Pass  42: suminf.    1.04516 (4) obj. 490944 iterations 11
Cbc0038I Pass  43: suminf.    0.60567 (3) obj. 490944 iterations 4
Cbc0038I No solution found this major pass
Cbc0038I Before mini branch and bound, 2 integers at bound fixed and 72 continuous
Cbc0038I Full problem 119 rows 167 columns, reduced to 36 rows 45 columns
Cbc0038I Mini branch and bound improved solution from 491166 to 490902 (0.03 seconds)
Cbc0038I Round again with cutoff of 490759
Cbc0038I Pass  43: suminf.    2.24312 (5) obj. 490759 iterations 2
Cbc0038I Pass  44: suminf.    2.24312 (5) obj. 490759 iterations 0
Cbc0038I Pass  45: suminf.    2.24312 (5) obj. 490759 iterations 1
Cbc0038I Pass  46: suminf.    1.24483 (3) obj. 490759 iterations 11
Cbc0038I Pass  47: suminf.    1.24483 (3) obj. 490759 iterations 0
Cbc0038I Pass  48: suminf.    1.24483 (3) obj. 490759 iterations 7
Cbc0038I Pass  49: suminf.    1.24483 (3) obj. 490759 iterations 0
Cbc0038I Pass  50: suminf.    1.24483 (3) obj. 490759 iterations 4
Cbc0038I Pass  51: suminf.    0.64204 (3) obj. 490759 iterations 18
Cbc0038I Pass  52: suminf.    0.53866 (3) obj. 490759 iterations 3
Cbc0038I Pass  53: suminf.    0.53866 (2) obj. 490759 iterations 6
Cbc0038I Pass  54: suminf.    0.53866 (2) obj. 490759 iterations 5
Cbc0038I Pass  55: suminf.    0.53866 (2) obj. 490759 iterations 0
Cbc0038I Pass  56: suminf.    0.53866 (2) obj. 490759 iterations 5
Cbc0038I Pass  57: suminf.    0.59831 (3) obj. 490759 iterations 8
Cbc0038I Pass  58: suminf.    0.59831 (3) obj. 490759 iterations 0
Cbc0038I Pass  59: suminf.    0.53866 (2) obj. 490759 iterations 6
Cbc0038I Pass  60: suminf.    0.53866 (2) obj. 490759 iterations 0
Cbc0038I Pass  61: suminf.    0.53866 (2) obj. 490759 iterations 5
Cbc0038I Pass  62: suminf.    0.53866 (2) obj. 490759 iterations 0
Cbc0038I Pass  63: suminf.    1.24483 (3) obj. 490759 iterations 7
Cbc0038I Pass  64: suminf.    1.24483 (3) obj. 490759 iterations 0
Cbc0038I Pass  65: suminf.    1.24483 (3) obj. 490759 iterations 0
Cbc0038I Pass  66: suminf.    1.24483 (3) obj. 490759 iterations 10
Cbc0038I Pass  67: suminf.    1.24483 (3) obj. 490759 iterations 0
Cbc0038I Pass  68: suminf.    1.24483 (3) obj. 490759 iterations 0
Cbc0038I Pass  69: suminf.    1.24483 (3) obj. 490759 iterations 4
Cbc0038I Pass  70: suminf.    1.24483 (3) obj. 490759 iterations 0
Cbc0038I Pass  71: suminf.    1.24483 (3) obj. 490759 iterations 0
Cbc0038I Pass  72: suminf.    1.24483 (3) obj. 490759 iterations 10
Cbc0038I No solution found this major pass
Cbc0038I Before mini branch and bound, 9 integers at bound fixed and 73 continuous
Cbc0038I Full problem 119 rows 167 columns, reduced to 38 rows 49 columns
Cbc0038I Mini branch and bound did not improve solution (0.04 seconds)
Cbc0038I After 0.04 seconds - Feasibility pump exiting with objective of 490902 - took 0.04 seconds
Cbc0012I Integer solution of 490901.88 found by feasibility pump after 0 iterations and 0 nodes (0.04 seconds)
Cbc0038I Full problem 119 rows 167 columns, reduced to 85 rows 133 columns - 4 fixed gives 75, 123 - ok now
Cbc0038I Full problem 119 rows 167 columns, reduced to 75 rows 123 columns
Cbc0031I 16 added rows had average density of 12.125
Cbc0013I At root node, 16 cuts changed objective from 490426.72 to 490901.65 in 34 passes
Cbc0014I Cut generator 0 (Probing) - 13 row cuts average 2.0 elements, 2 column cuts (2 active)  in 0.009 seconds - new frequency is 1
Cbc0014I Cut generator 1 (Gomory) - 97 row cuts average 23.0 elements, 0 column cuts (0 active)  in 0.002 seconds - new frequency is 1
Cbc0014I Cut generator 2 (Knapsack) - 0 row cuts average 0.0 elements, 0 column cuts (0 active)  in 0.005 seconds - new frequency is -100
Cbc0014I Cut generator 3 (Clique) - 0 row cuts average 0.0 elements, 0 column cuts (0 active)  in 0.000 seconds - new frequency is -100
Cbc0014I Cut generator 4 (MixedIntegerRounding2) - 13 row cuts average 4.7 elements, 0 column cuts (0 active)  in 0.003 seconds - new frequency is 1
Cbc0014I Cut generator 5 (FlowCover) - 0 row cuts average 0.0 elements, 0 column cuts (0 active)  in 0.007 seconds - new frequency is -100
Cbc0014I Cut generator 6 (TwoMirCuts) - 30 row cuts average 8.8 elements, 0 column cuts (0 active)  in 0.001 seconds - new frequency is -100
Cbc0001I Search completed - best objective 490901.8769709138, took 236 iterations and 0 nodes (0.09 seconds)
Cbc0032I Strong branching done 2 times (5 iterations), fathomed 1 nodes and fixed 0 variables
Cbc0035I Maximum depth 0, 0 variables fixed on reduced cost
Cuts at root node changed objective from 490427 to 490902
Probing was tried 34 times and created 15 cuts of which 0 were active after adding rounds of cuts (0.009 seconds)
Gomory was tried 34 times and created 97 cuts of which 0 were active after adding rounds of cuts (0.002 seconds)
Knapsack was tried 34 times and created 0 cuts of which 0 were active after adding rounds of cuts (0.005 seconds)
Clique was tried 34 times and created 0 cuts of which 0 were active after adding rounds of cuts (0.000 seconds)
MixedIntegerRounding2 was tried 34 times and created 13 cuts of which 0 were active after adding rounds of cuts (0.003 seconds)
FlowCover was tried 34 times and created 0 cuts of which 0 were active after adding rounds of cuts (0.007 seconds)
TwoMirCuts was tried 34 times and created 30 cuts of which 0 were active after adding rounds of cuts (0.001 seconds)
ZeroHalf was tried 1 times and created 0 cuts of which 0 were active after adding rounds of cuts (0.000 seconds)

Result - Optimal solution found

Objective value:                490901.87697091
Enumerated nodes:               0
Total iterations:               236
Time (CPU seconds):             0.09
Time (Wallclock seconds):       0.09

Option for printingOptions changed from normal to all
Total time (CPU seconds):       0.11   (Wallclock seconds):       0.11

