Welcome to the CBC MILP Solver 
Version: 2.10.3 
Build Date: Dec 15 2019 

command line - E:\dachuang\.venv\Lib\site-packages\pulp\apis\../solverdir/cbc/win/i64/cbc.exe model.mps -primalTolerance 1e-9 -integerTolerance 1e-9 -ratioGap 0 -allowableGap 0 -threads 0 -branch -printingOptions all -solution solution.txt -saveSolution solution.bin -quit (default strategy 1)
At line 2 NAME          MODEL
At line 3 ROWS
At line 317 COLUMNS
At line 1133 RHS
At line 1446 BOUNDS
At line 1521 ENDATA
Problem MODEL has 312 rows, 241 columns and 647 elements
Coin0008I MODEL read with 0 errors
primalTolerance was changed from 1e-07 to 1e-09
integerTolerance was changed from 1e-07 to 1e-09
ratioGap was changed from 0 to 0
allowableGap was changed from 1e-10 to 0
Continuous objective value is 470472 - 0.00 seconds
Cgl0003I 0 fixed, 0 tightened bounds, 3 strengthened rows, 0 substitutions
Cgl0004I processed model has 119 rows, 167 columns (24 integer (24 of which binary)) and 356 elements
Cbc0038I Initial state - 12 integers unsatisfied sum - 4.44816
Cbc0038I Pass   1: suminf.    0.00000 (0) obj. 472029 iterations 17
Cbc0038I Solution found of 472029
Cbc0038I Relaxing continuous gives 471946
Cbc0038I Before mini branch and bound, 12 integers at bound fixed and 82 continuous
Cbc0038I Full problem 119 rows 167 columns, reduced to 11 rows 12 columns
Cbc0038I Mini branch and bound did not improve solution (0.01 seconds)
Cbc0038I Round again with cutoff of 471802
Cbc0038I Pass   2: suminf.    0.41374 (1) obj. 471802 iterations 3
Cbc0038I Pass   3: suminf.    0.00000 (0) obj. 471802 iterations 3
Cbc0038I Solution found of 471802
Cbc0038I Relaxing continuous gives 471598
Cbc0038I Before mini branch and bound, 12 integers at bound fixed and 79 continuous
Cbc0038I Full problem 119 rows 167 columns, reduced to 14 rows 18 columns
Cbc0038I Mini branch and bound did not improve solution (0.02 seconds)
Cbc0038I Freeing continuous variables gives a solution of 471445
Cbc0038I Round again with cutoff of 471257
Cbc0038I Pass   4: suminf.    0.96992 (2) obj. 471257 iterations 12
Cbc0038I Pass   5: suminf.    0.53965 (2) obj. 471257 iterations 4
Cbc0038I Pass   6: suminf.    1.14596 (3) obj. 471257 iterations 9
Cbc0038I Pass   7: suminf.    1.12518 (4) obj. 471257 iterations 2
Cbc0038I Pass   8: suminf.    0.53577 (2) obj. 471257 iterations 11
Cbc0038I Pass   9: suminf.    0.53577 (2) obj. 471257 iterations 0
Cbc0038I Pass  10: suminf.    0.33577 (2) obj. 471257 iterations 1
Cbc0038I Pass  11: suminf.    0.33577 (2) obj. 471257 iterations 0
Cbc0038I Pass  12: suminf.    1.01719 (5) obj. 471257 iterations 10
Cbc0038I Pass  13: suminf.    0.70552 (4) obj. 471257 iterations 1
Cbc0038I Pass  14: suminf.    0.53577 (2) obj. 471257 iterations 4
Cbc0038I Pass  15: suminf.    0.53577 (2) obj. 471257 iterations 0
Cbc0038I Pass  16: suminf.    0.33577 (2) obj. 471257 iterations 2
Cbc0038I Pass  17: suminf.    0.33577 (2) obj. 471257 iterations 0
Cbc0038I Pass  18: suminf.    1.50810 (7) obj. 471257 iterations 25
Cbc0038I Pass  19: suminf.    1.50810 (6) obj. 471257 iterations 1
Cbc0038I Pass  20: suminf.    1.12518 (4) obj. 471257 iterations 13
Cbc0038I Pass  21: suminf.    1.12518 (4) obj. 471257 iterations 0
Cbc0038I Pass  22: suminf.    0.53577 (2) obj. 471257 iterations 11
Cbc0038I Pass  23: suminf.    0.53577 (2) obj. 471257 iterations 0
Cbc0038I Pass  24: suminf.    0.33577 (2) obj. 471257 iterations 1
Cbc0038I Pass  25: suminf.    0.33577 (2) obj. 471257 iterations 0
Cbc0038I Pass  26: suminf.    2.15731 (7) obj. 471257 iterations 15
Cbc0038I Pass  27: suminf.    1.87449 (6) obj. 471257 iterations 3
Cbc0038I Pass  28: suminf.    1.87449 (6) obj. 471257 iterations 1
Cbc0038I Pass  29: suminf.    1.28083 (4) obj. 471257 iterations 10
Cbc0038I Pass  30: suminf.    1.28083 (4) obj. 471257 iterations 1
Cbc0038I Pass  31: suminf.    1.03616 (4) obj. 471257 iterations 3
Cbc0038I Pass  32: suminf.    1.03616 (4) obj. 471257 iterations 3
Cbc0038I Pass  33: suminf.    1.64816 (7) obj. 471257 iterations 11
Cbc0038I No solution found this major pass
Cbc0038I Before mini branch and bound, 2 integers at bound fixed and 69 continuous
Cbc0038I Full problem 119 rows 167 columns, reduced to 36 rows 46 columns
Cbc0038I Mini branch and bound improved solution from 471445 to 471249 (0.03 seconds)
Cbc0038I Round again with cutoff of 471026
Cbc0038I Pass  33: suminf.    1.26447 (5) obj. 471026 iterations 7
Cbc0038I Pass  34: suminf.    1.26447 (4) obj. 471026 iterations 6
Cbc0038I Pass  35: suminf.    1.18922 (4) obj. 471026 iterations 7
Cbc0038I Pass  36: suminf.    1.01847 (3) obj. 471026 iterations 3
Cbc0038I Pass  37: suminf.    1.06972 (6) obj. 471026 iterations 10
Cbc0038I Pass  38: suminf.    1.06972 (6) obj. 471026 iterations 0
Cbc0038I Pass  39: suminf.    2.04705 (6) obj. 471026 iterations 6
Cbc0038I Pass  40: suminf.    1.80789 (6) obj. 471026 iterations 2
Cbc0038I Pass  41: suminf.    1.06972 (6) obj. 471026 iterations 8
Cbc0038I Pass  42: suminf.    1.92347 (8) obj. 471026 iterations 23
Cbc0038I Pass  43: suminf.    1.90912 (7) obj. 471026 iterations 7
Cbc0038I Pass  44: suminf.    2.09764 (7) obj. 471026 iterations 5
Cbc0038I Pass  45: suminf.    2.09764 (7) obj. 471026 iterations 2
Cbc0038I Pass  46: suminf.    1.52329 (5) obj. 471026 iterations 13
Cbc0038I Pass  47: suminf.    1.50731 (5) obj. 471026 iterations 3
Cbc0038I Pass  48: suminf.    1.40664 (4) obj. 471026 iterations 9
Cbc0038I Pass  49: suminf.    1.40664 (4) obj. 471026 iterations 2
Cbc0038I Pass  50: suminf.    1.16198 (4) obj. 471026 iterations 6
Cbc0038I Pass  51: suminf.    1.16198 (4) obj. 471026 iterations 1
Cbc0038I Pass  52: suminf.    1.69619 (5) obj. 471026 iterations 11
Cbc0038I Pass  53: suminf.    0.91039 (4) obj. 471026 iterations 5
Cbc0038I Pass  54: suminf.    1.69619 (4) obj. 471026 iterations 5
Cbc0038I Pass  55: suminf.    1.40805 (5) obj. 471026 iterations 7
Cbc0038I Pass  56: suminf.    0.91039 (4) obj. 471026 iterations 1
Cbc0038I Pass  57: suminf.    1.69619 (4) obj. 471026 iterations 5
Cbc0038I Pass  58: suminf.    1.67704 (6) obj. 471026 iterations 4
Cbc0038I Pass  59: suminf.    1.10412 (5) obj. 471026 iterations 5
Cbc0038I Pass  60: suminf.    1.80237 (5) obj. 471026 iterations 7
Cbc0038I Pass  61: suminf.    1.25572 (5) obj. 471026 iterations 1
Cbc0038I Pass  62: suminf.    1.95081 (7) obj. 471026 iterations 17
Cbc0038I No solution found this major pass
Cbc0038I Before mini branch and bound, 8 integers at bound fixed and 70 continuous
Cbc0038I Full problem 119 rows 167 columns, reduced to 38 rows 50 columns
Cbc0038I Mini branch and bound did not improve solution (0.04 seconds)
Cbc0038I After 0.04 seconds - Feasibility pump exiting with objective of 471249 - took 0.04 seconds
Cbc0012I Integer solution of 471249.42 found by feasibility pump after 0 iterations and 0 nodes (0.05 seconds)
Cbc0038I Full problem 119 rows 167 columns, reduced to 85 rows 133 columns - 8 fixed gives 64, 112 - ok now
Cbc0038I Full problem 119 rows 167 columns, reduced to 64 rows 112 columns
Cbc0031I 17 added rows had average density of 13.588235
Cbc0013I At root node, 17 cuts changed objective from 470505.17 to 471204.96 in 100 passes
Cbc0014I Cut generator 0 (Probing) - 5 row cuts average 2.0 elements, 1 column cuts (1 active)  in 0.015 seconds - new frequency is -100
Cbc0014I Cut generator 1 (Gomory) - 229 row cuts average 26.1 elements, 0 column cuts (0 active)  in 0.013 seconds - new frequency is 1
Cbc0014I Cut generator 2 (Knapsack) - 0 row cuts average 0.0 elements, 0 column cuts (0 active)  in 0.012 seconds - new frequency is -100
Cbc0014I Cut generator 3 (Clique) - 0 row cuts average 0.0 elements, 0 column cuts (0 active)  in 0.000 seconds - new frequency is -100
Cbc0014I Cut generator 4 (MixedIntegerRounding2) - 12 row cuts average 5.6 elements, 0 column cuts (0 active)  in 0.010 seconds - new frequency is -100
Cbc0014I Cut generator 5 (FlowCover) - 0 row cuts average 0.0 elements, 0 column cuts (0 active)  in 0.020 seconds - new frequency is -100
Cbc0014I Cut generator 6 (TwoMirCuts) - 29 row cuts average 9.4 elements, 0 column cuts (0 active)  in 0.007 seconds - new frequency is -100
Cbc0010I After 0 nodes, 1 on tree, 471249.42 best solution, best possible 471204.96 (0.20 seconds)
Cbc0001I Search completed - best objective 471249.4212001357, took 914 iterations and 4 nodes (0.20 seconds)
Cbc0032I Strong branching done 20 times (105 iterations), fathomed 1 nodes and fixed 3 variables
Cbc0035I Maximum depth 1, 0 variables fixed on reduced cost
Cuts at root node changed objective from 470505 to 471205
Probing was tried 100 times and created 6 cuts of which 0 were active after adding rounds of cuts (0.015 seconds)
Gomory was tried 106 times and created 241 cuts of which 0 were active after adding rounds of cuts (0.013 seconds)
Knapsack was tried 100 times and created 0 cuts of which 0 were active after adding rounds of cuts (0.012 seconds)
Clique was tried 100 times and created 0 cuts of which 0 were active after adding rounds of cuts (0.000 seconds)
MixedIntegerRounding2 was tried 100 times and created 12 cuts of which 0 were active after adding rounds of cuts (0.010 seconds)
FlowCover was tried 100 times and created 0 cuts of which 0 were active after adding rounds of cuts (0.020 seconds)
TwoMirCuts was tried 100 times and created 29 cuts of which 0 were active after adding rounds of cuts (0.007 seconds)
ZeroHalf was tried 1 times and created 0 cuts of which 0 were active after adding rounds of cuts (0.000 seconds)

Result - Optimal solution found

Objective value:                471249.42120014
Enumerated nodes:               4
Total iterations:               914
Time (CPU seconds):             0.21
Time (Wallclock seconds):       0.21

Option for printingOptions changed from normal to all
Total time (CPU seconds):       0.23   (Wallclock seconds):       0.23

