Welcome to the CBC MILP Solver 
Version: 2.10.3 
Build Date: Dec 15 2019 

command line - E:\dachuang\.venv\Lib\site-packages\pulp\apis\../solverdir/cbc/win/i64/cbc.exe model.mps -primalTolerance 1e-9 -integerTolerance 1e-9 -ratioGap 0 -allowableGap 0 -threads 0 -branch -printingOptions all -solution solution.txt -saveSolution solution.bin -quit (default strategy 1)
At line 2 NAME          MODEL
At line 3 ROWS
At line 317 COLUMNS
At line 1133 RHS
At line 1446 BOUNDS
At line 1521 ENDATA
Problem MODEL has 312 rows, 241 columns and 647 elements
Coin0008I MODEL read with 0 errors
primalTolerance was changed from 1e-07 to 1e-09
integerTolerance was changed from 1e-07 to 1e-09
ratioGap was changed from 0 to 0
allowableGap was changed from 1e-10 to 0
Continuous objective value is 489646 - 0.00 seconds
Cgl0003I 0 fixed, 0 tightened bounds, 36 strengthened rows, 0 substitutions
Cgl0004I processed model has 119 rows, 167 columns (24 integer (24 of which binary)) and 356 elements
Cbc0038I Initial state - 11 integers unsatisfied sum - 4.57105
Cbc0038I Pass   1: suminf.    0.00000 (0) obj. 491656 iterations 16
Cbc0038I Solution found of 491656
Cbc0038I Relaxing continuous gives 491618
Cbc0038I Before mini branch and bound, 13 integers at bound fixed and 82 continuous
Cbc0038I Full problem 119 rows 167 columns, reduced to 17 rows 19 columns
Cbc0038I Mini branch and bound did not improve solution (0.01 seconds)
Cbc0038I Freeing continuous variables gives a solution of 491618
Cbc0038I Round again with cutoff of 491498
Cbc0038I Pass   2: suminf.    0.45000 (1) obj. 491498 iterations 5
Cbc0038I Pass   3: suminf.    0.00000 (0) obj. 491498 iterations 4
Cbc0038I Solution found of 491498
Cbc0038I Relaxing continuous gives 491353
Cbc0038I Before mini branch and bound, 13 integers at bound fixed and 82 continuous
Cbc0038I Full problem 119 rows 167 columns, reduced to 20 rows 24 columns
Cbc0038I Mini branch and bound did not improve solution (0.02 seconds)
Cbc0038I Round again with cutoff of 491168
Cbc0038I Pass   4: suminf.    0.70000 (2) obj. 491168 iterations 4
Cbc0038I Pass   5: suminf.    0.70000 (2) obj. 491168 iterations 0
Cbc0038I Pass   6: suminf.    0.70000 (2) obj. 491168 iterations 0
Cbc0038I Pass   7: suminf.    0.70000 (2) obj. 491168 iterations 4
Cbc0038I Pass   8: suminf.    0.70000 (2) obj. 491168 iterations 0
Cbc0038I Pass   9: suminf.    0.99938 (2) obj. 491168 iterations 18
Cbc0038I Pass  10: suminf.    0.76188 (2) obj. 491168 iterations 5
Cbc0038I Pass  11: suminf.    0.76188 (2) obj. 491168 iterations 0
Cbc0038I Pass  12: suminf.    0.76188 (2) obj. 491168 iterations 1
Cbc0038I Pass  13: suminf.    0.76188 (2) obj. 491168 iterations 0
Cbc0038I Pass  14: suminf.    1.25102 (4) obj. 491168 iterations 21
Cbc0038I Pass  15: suminf.    1.25102 (4) obj. 491168 iterations 0
Cbc0038I Pass  16: suminf.    0.76188 (2) obj. 491168 iterations 8
Cbc0038I Pass  17: suminf.    0.76188 (2) obj. 491168 iterations 0
Cbc0038I Pass  18: suminf.    0.76188 (2) obj. 491168 iterations 4
Cbc0038I Pass  19: suminf.    0.76188 (2) obj. 491168 iterations 0
Cbc0038I Pass  20: suminf.    1.26778 (5) obj. 491168 iterations 13
Cbc0038I Pass  21: suminf.    1.26778 (5) obj. 491168 iterations 0
Cbc0038I Pass  22: suminf.    0.76188 (2) obj. 491168 iterations 6
Cbc0038I Pass  23: suminf.    0.76188 (2) obj. 491168 iterations 0
Cbc0038I Pass  24: suminf.    0.76188 (2) obj. 491168 iterations 4
Cbc0038I Pass  25: suminf.    0.76188 (2) obj. 491168 iterations 0
Cbc0038I Pass  26: suminf.    1.19983 (5) obj. 491168 iterations 16
Cbc0038I Pass  27: suminf.    1.19975 (4) obj. 491168 iterations 1
Cbc0038I Pass  28: suminf.    1.19975 (4) obj. 491168 iterations 0
Cbc0038I Pass  29: suminf.    0.94587 (2) obj. 491168 iterations 6
Cbc0038I Pass  30: suminf.    0.76358 (2) obj. 491168 iterations 4
Cbc0038I Pass  31: suminf.    0.23642 (1) obj. 491168 iterations 6
Cbc0038I Solution found of 491168
Cbc0038I Relaxing continuous gives 491105
Cbc0038I Before mini branch and bound, 2 integers at bound fixed and 72 continuous
Cbc0038I Full problem 119 rows 167 columns, reduced to 31 rows 41 columns
Cbc0038I Mini branch and bound improved solution from 491105 to 491088 (0.03 seconds)
Cbc0038I Round again with cutoff of 490890
Cbc0038I Pass  32: suminf.    1.75000 (4) obj. 490890 iterations 3
Cbc0038I Pass  33: suminf.    1.75000 (4) obj. 490890 iterations 0
Cbc0038I Pass  34: suminf.    1.75000 (4) obj. 490890 iterations 8
Cbc0038I Pass  35: suminf.    1.75000 (4) obj. 490890 iterations 0
Cbc0038I Pass  36: suminf.    1.75000 (4) obj. 490890 iterations 4
Cbc0038I Pass  37: suminf.    1.75000 (4) obj. 490890 iterations 0
Cbc0038I Pass  38: suminf.    1.56915 (5) obj. 490890 iterations 15
Cbc0038I Pass  39: suminf.    1.52828 (4) obj. 490890 iterations 3
Cbc0038I Pass  40: suminf.    1.52828 (4) obj. 490890 iterations 2
Cbc0038I Pass  41: suminf.    1.52828 (4) obj. 490890 iterations 0
Cbc0038I Pass  42: suminf.    0.81188 (2) obj. 490890 iterations 6
Cbc0038I Pass  43: suminf.    0.81188 (2) obj. 490890 iterations 0
Cbc0038I Pass  44: suminf.    0.81188 (2) obj. 490890 iterations 3
Cbc0038I Pass  45: suminf.    0.81188 (2) obj. 490890 iterations 0
Cbc0038I Pass  46: suminf.    0.81188 (2) obj. 490890 iterations 4
Cbc0038I Pass  47: suminf.    1.04554 (3) obj. 490890 iterations 17
Cbc0038I Pass  48: suminf.    1.04554 (3) obj. 490890 iterations 0
Cbc0038I Pass  49: suminf.    1.04554 (3) obj. 490890 iterations 4
Cbc0038I Pass  50: suminf.    1.04554 (3) obj. 490890 iterations 0
Cbc0038I Pass  51: suminf.    1.04554 (3) obj. 490890 iterations 4
Cbc0038I Pass  52: suminf.    0.85781 (2) obj. 490890 iterations 9
Cbc0038I Pass  53: suminf.    0.81702 (2) obj. 490890 iterations 3
Cbc0038I Pass  54: suminf.    0.81702 (2) obj. 490890 iterations 3
Cbc0038I Pass  55: suminf.    0.75000 (2) obj. 490890 iterations 5
Cbc0038I Pass  56: suminf.    0.75000 (2) obj. 490890 iterations 0
Cbc0038I Pass  57: suminf.    0.75000 (2) obj. 490890 iterations 2
Cbc0038I Pass  58: suminf.    0.75000 (2) obj. 490890 iterations 0
Cbc0038I Pass  59: suminf.    1.27982 (4) obj. 490890 iterations 9
Cbc0038I Pass  60: suminf.    1.27982 (4) obj. 490890 iterations 1
Cbc0038I Pass  61: suminf.    0.75000 (2) obj. 490890 iterations 7
Cbc0038I No solution found this major pass
Cbc0038I Before mini branch and bound, 6 integers at bound fixed and 73 continuous
Cbc0038I Full problem 119 rows 167 columns, reduced to 36 rows 46 columns
Cbc0038I Mini branch and bound improved solution from 491088 to 490902 (0.04 seconds)
Cbc0038I Round again with cutoff of 490751
Cbc0038I Pass  61: suminf.    2.27500 (6) obj. 490751 iterations 4
Cbc0038I Pass  62: suminf.    2.27500 (6) obj. 490751 iterations 0
Cbc0038I Pass  63: suminf.    1.67221 (4) obj. 490751 iterations 17
Cbc0038I Pass  64: suminf.    1.56883 (4) obj. 490751 iterations 3
Cbc0038I Pass  65: suminf.    1.56883 (4) obj. 490751 iterations 7
Cbc0038I Pass  66: suminf.    1.56883 (4) obj. 490751 iterations 0
Cbc0038I Pass  67: suminf.    1.56883 (4) obj. 490751 iterations 4
Cbc0038I Pass  68: suminf.    1.56883 (4) obj. 490751 iterations 0
Cbc0038I Pass  69: suminf.    1.56883 (4) obj. 490751 iterations 4
Cbc0038I Pass  70: suminf.    2.86116 (8) obj. 490751 iterations 16
Cbc0038I Pass  71: suminf.    0.86295 (6) obj. 490751 iterations 2
Cbc0038I Pass  72: suminf.    0.86287 (5) obj. 490751 iterations 1
Cbc0038I Pass  73: suminf.    1.40517 (5) obj. 490751 iterations 13
Cbc0038I Pass  74: suminf.    1.33858 (4) obj. 490751 iterations 3
Cbc0038I Pass  75: suminf.    1.33858 (4) obj. 490751 iterations 1
Cbc0038I Pass  76: suminf.    1.33858 (4) obj. 490751 iterations 0
Cbc0038I Pass  77: suminf.    1.27671 (3) obj. 490751 iterations 22
Cbc0038I Pass  78: suminf.    1.27671 (3) obj. 490751 iterations 0
Cbc0038I Pass  79: suminf.    1.27500 (3) obj. 490751 iterations 8
Cbc0038I Pass  80: suminf.    1.27500 (3) obj. 490751 iterations 1
Cbc0038I Pass  81: suminf.    1.27500 (3) obj. 490751 iterations 6
Cbc0038I Pass  82: suminf.    1.53014 (5) obj. 490751 iterations 9
Cbc0038I Pass  83: suminf.    1.33465 (5) obj. 490751 iterations 4
Cbc0038I Pass  84: suminf.    1.33465 (5) obj. 490751 iterations 2
Cbc0038I Pass  85: suminf.    1.38110 (3) obj. 490751 iterations 8
Cbc0038I Pass  86: suminf.    1.27500 (3) obj. 490751 iterations 3
Cbc0038I Pass  87: suminf.    1.27500 (3) obj. 490751 iterations 7
Cbc0038I Pass  88: suminf.    1.27500 (3) obj. 490751 iterations 0
Cbc0038I Pass  89: suminf.    1.27500 (3) obj. 490751 iterations 5
Cbc0038I Pass  90: suminf.    1.86116 (6) obj. 490751 iterations 17
Cbc0038I No solution found this major pass
Cbc0038I Before mini branch and bound, 7 integers at bound fixed and 72 continuous
Cbc0038I Full problem 119 rows 167 columns, reduced to 38 rows 50 columns
Cbc0038I Mini branch and bound did not improve solution (0.05 seconds)
Cbc0038I After 0.05 seconds - Feasibility pump exiting with objective of 490902 - took 0.04 seconds
Cbc0012I Integer solution of 490901.88 found by feasibility pump after 0 iterations and 0 nodes (0.05 seconds)
Cbc0038I Full problem 119 rows 167 columns, reduced to 85 rows 133 columns - 3 fixed gives 78, 126 - ok now
Cbc0038I Full problem 119 rows 167 columns, reduced to 78 rows 126 columns
Cbc0031I 16 added rows had average density of 11.3125
Cbc0013I At root node, 16 cuts changed objective from 490426.72 to 490901.65 in 34 passes
Cbc0014I Cut generator 0 (Probing) - 13 row cuts average 2.0 elements, 2 column cuts (2 active)  in 0.003 seconds - new frequency is 1
Cbc0014I Cut generator 1 (Gomory) - 96 row cuts average 23.0 elements, 0 column cuts (0 active)  in 0.002 seconds - new frequency is 1
Cbc0014I Cut generator 2 (Knapsack) - 0 row cuts average 0.0 elements, 0 column cuts (0 active)  in 0.006 seconds - new frequency is -100
Cbc0014I Cut generator 3 (Clique) - 0 row cuts average 0.0 elements, 0 column cuts (0 active)  in 0.000 seconds - new frequency is -100
Cbc0014I Cut generator 4 (MixedIntegerRounding2) - 13 row cuts average 4.7 elements, 0 column cuts (0 active)  in 0.002 seconds - new frequency is 1
Cbc0014I Cut generator 5 (FlowCover) - 0 row cuts average 0.0 elements, 0 column cuts (0 active)  in 0.007 seconds - new frequency is -100
Cbc0014I Cut generator 6 (TwoMirCuts) - 29 row cuts average 8.4 elements, 0 column cuts (0 active)  in 0.002 seconds - new frequency is -100
Cbc0001I Search completed - best objective 490901.8769709138, took 234 iterations and 0 nodes (0.10 seconds)
Cbc0032I Strong branching done 2 times (5 iterations), fathomed 1 nodes and fixed 0 variables
Cbc0035I Maximum depth 0, 0 variables fixed on reduced cost
Cuts at root node changed objective from 490427 to 490902
Probing was tried 34 times and created 15 cuts of which 0 were active after adding rounds of cuts (0.003 seconds)
Gomory was tried 34 times and created 96 cuts of which 0 were active after adding rounds of cuts (0.002 seconds)
Knapsack was tried 34 times and created 0 cuts of which 0 were active after adding rounds of cuts (0.006 seconds)
Clique was tried 34 times and created 0 cuts of which 0 were active after adding rounds of cuts (0.000 seconds)
MixedIntegerRounding2 was tried 34 times and created 13 cuts of which 0 were active after adding rounds of cuts (0.002 seconds)
FlowCover was tried 34 times and created 0 cuts of which 0 were active after adding rounds of cuts (0.007 seconds)
TwoMirCuts was tried 34 times and created 29 cuts of which 0 were active after adding rounds of cuts (0.002 seconds)
ZeroHalf was tried 1 times and created 0 cuts of which 0 were active after adding rounds of cuts (0.000 seconds)

Result - Optimal solution found

Objective value:                490901.87697091
Enumerated nodes:               0
Total iterations:               234
Time (CPU seconds):             0.10
Time (Wallclock seconds):       0.10

Option for printingOptions changed from normal to all
Total time (CPU seconds):       0.13   (Wallclock seconds):       0.13

