Welcome to the CBC MILP Solver 
Version: 2.10.3 
Build Date: Dec 15 2019 

command line - E:\dachuang\.venv\Lib\site-packages\pulp\apis\../solverdir/cbc/win/i64/cbc.exe model.mps -primalTolerance 1e-9 -integerTolerance 1e-9 -ratioGap 0 -allowableGap 0 -threads 0 -branch -printingOptions all -solution solution.txt -saveSolution solution.bin -quit (default strategy 1)
At line 2 NAME          MODEL
At line 3 ROWS
At line 317 COLUMNS
At line 1133 RHS
At line 1446 BOUNDS
At line 1521 ENDATA
Problem MODEL has 312 rows, 241 columns and 647 elements
Coin0008I MODEL read with 0 errors
primalTolerance was changed from 1e-07 to 1e-09
integerTolerance was changed from 1e-07 to 1e-09
ratioGap was changed from 0 to 0
allowableGap was changed from 1e-10 to 0
Continuous objective value is 477178 - 0.00 seconds
Cgl0004I processed model has 113 rows, 161 columns (24 integer (24 of which binary)) and 344 elements
Cbc0038I Initial state - 7 integers unsatisfied sum - 1.48049
Cbc0038I Pass   1: suminf.    0.00000 (0) obj. 477331 iterations 23
Cbc0038I Solution found of 477331
Cbc0038I Relaxing continuous gives 477331
Cbc0038I Before mini branch and bound, 17 integers at bound fixed and 85 continuous
Cbc0038I Full problem 113 rows 161 columns, reduced to 2 rows 3 columns
Cbc0038I Mini branch and bound did not improve solution (0.01 seconds)
Cbc0038I Round again with cutoff of 477316
Cbc0038I Pass   2: suminf.    0.13201 (1) obj. 477316 iterations 2
Cbc0038I Pass   3: suminf.    0.40411 (1) obj. 477316 iterations 6
Cbc0038I Pass   4: suminf.    0.47211 (1) obj. 477316 iterations 3
Cbc0038I Pass   5: suminf.    1.40411 (6) obj. 477316 iterations 13
Cbc0038I Pass   6: suminf.    1.40411 (6) obj. 477316 iterations 0
Cbc0038I Pass   7: suminf.    2.08489 (6) obj. 477316 iterations 10
Cbc0038I Pass   8: suminf.    1.45153 (5) obj. 477316 iterations 5
Cbc0038I Pass   9: suminf.    1.13278 (4) obj. 477316 iterations 10
Cbc0038I Pass  10: suminf.    1.13278 (4) obj. 477316 iterations 3
Cbc0038I Pass  11: suminf.    1.09944 (4) obj. 477316 iterations 5
Cbc0038I Pass  12: suminf.    1.08153 (4) obj. 477316 iterations 3
Cbc0038I Pass  13: suminf.    1.40411 (6) obj. 477316 iterations 13
Cbc0038I Pass  14: suminf.    1.40411 (6) obj. 477316 iterations 3
Cbc0038I Pass  15: suminf.    2.08489 (6) obj. 477316 iterations 11
Cbc0038I Pass  16: suminf.    1.45153 (5) obj. 477316 iterations 5
Cbc0038I Pass  17: suminf.    1.13278 (4) obj. 477316 iterations 10
Cbc0038I Pass  18: suminf.    1.13278 (4) obj. 477316 iterations 3
Cbc0038I Pass  19: suminf.    1.09944 (4) obj. 477316 iterations 5
Cbc0038I Pass  20: suminf.    1.08153 (4) obj. 477316 iterations 3
Cbc0038I Pass  21: suminf.    0.40411 (1) obj. 477316 iterations 11
Cbc0038I Pass  22: suminf.    0.47211 (1) obj. 477316 iterations 3
Cbc0038I Pass  23: suminf.    0.40411 (1) obj. 477316 iterations 1
Cbc0038I Pass  24: suminf.    1.13811 (4) obj. 477316 iterations 12
Cbc0038I Pass  25: suminf.    1.13811 (4) obj. 477316 iterations 0
Cbc0038I Pass  26: suminf.    0.88311 (3) obj. 477316 iterations 7
Cbc0038I Pass  27: suminf.    0.88311 (3) obj. 477316 iterations 0
Cbc0038I Pass  28: suminf.    0.92789 (2) obj. 477316 iterations 3
Cbc0038I Pass  29: suminf.    0.40411 (1) obj. 477316 iterations 2
Cbc0038I Pass  30: suminf.    0.47211 (1) obj. 477316 iterations 2
Cbc0038I Pass  31: suminf.    1.78061 (8) obj. 477316 iterations 24
Cbc0038I No solution found this major pass
Cbc0038I Before mini branch and bound, 5 integers at bound fixed and 66 continuous
Cbc0038I Full problem 113 rows 161 columns, reduced to 27 rows 40 columns
Cbc0038I Mini branch and bound improved solution from 477331 to 477253 (0.02 seconds)
Cbc0038I Round again with cutoff of 477238
Cbc0038I Pass  31: suminf.    0.82152 (3) obj. 477238 iterations 5
Cbc0038I Pass  32: suminf.    0.87828 (4) obj. 477238 iterations 12
Cbc0038I Pass  33: suminf.    0.87277 (4) obj. 477238 iterations 5
Cbc0038I Pass  34: suminf.    1.55552 (5) obj. 477238 iterations 11
Cbc0038I Pass  35: suminf.    1.55552 (5) obj. 477238 iterations 5
Cbc0038I Pass  36: suminf.    0.87828 (4) obj. 477238 iterations 12
Cbc0038I Pass  37: suminf.    1.60490 (6) obj. 477238 iterations 23
Cbc0038I Pass  38: suminf.    1.14410 (5) obj. 477238 iterations 6
Cbc0038I Pass  39: suminf.    1.51410 (5) obj. 477238 iterations 2
Cbc0038I Pass  40: suminf.    1.51410 (5) obj. 477238 iterations 0
Cbc0038I Pass  41: suminf.    1.14410 (5) obj. 477238 iterations 1
Cbc0038I Pass  42: suminf.    1.22610 (6) obj. 477238 iterations 13
Cbc0038I Pass  43: suminf.    1.14410 (5) obj. 477238 iterations 2
Cbc0038I Pass  44: suminf.    1.51410 (5) obj. 477238 iterations 2
Cbc0038I Pass  45: suminf.    1.51410 (5) obj. 477238 iterations 0
Cbc0038I Pass  46: suminf.    1.14410 (5) obj. 477238 iterations 1
Cbc0038I Pass  47: suminf.    1.84590 (7) obj. 477238 iterations 10
Cbc0038I Pass  48: suminf.    1.38510 (6) obj. 477238 iterations 5
Cbc0038I Pass  49: suminf.    1.51410 (5) obj. 477238 iterations 3
Cbc0038I Pass  50: suminf.    1.51410 (5) obj. 477238 iterations 0
Cbc0038I Pass  51: suminf.    1.14410 (5) obj. 477238 iterations 1
Cbc0038I Pass  52: suminf.    1.14410 (5) obj. 477238 iterations 0
Cbc0038I Pass  53: suminf.    1.14410 (5) obj. 477238 iterations 2
Cbc0038I Pass  54: suminf.    1.51410 (5) obj. 477238 iterations 2
Cbc0038I Pass  55: suminf.    1.51410 (5) obj. 477238 iterations 0
Cbc0038I Pass  56: suminf.    1.14410 (5) obj. 477238 iterations 1
Cbc0038I Pass  57: suminf.    1.14410 (5) obj. 477238 iterations 0
Cbc0038I Pass  58: suminf.    1.60490 (6) obj. 477238 iterations 9
Cbc0038I Pass  59: suminf.    1.14410 (5) obj. 477238 iterations 3
Cbc0038I Pass  60: suminf.    1.51410 (5) obj. 477238 iterations 6
Cbc0038I No solution found this major pass
Cbc0038I Before mini branch and bound, 7 integers at bound fixed and 67 continuous
Cbc0038I Full problem 113 rows 161 columns, reduced to 26 rows 39 columns
Cbc0038I Mini branch and bound did not improve solution (0.03 seconds)
Cbc0038I After 0.03 seconds - Feasibility pump exiting with objective of 477253 - took 0.02 seconds
Cbc0012I Integer solution of 477253.09 found by feasibility pump after 0 iterations and 0 nodes (0.03 seconds)
Cbc0038I Full problem 113 rows 161 columns, reduced to 71 rows 119 columns
Cbc0031I 7 added rows had average density of 17
Cbc0013I At root node, 7 cuts changed objective from 477177.61 to 477242.97 in 12 passes
Cbc0014I Cut generator 0 (Probing) - 2 row cuts average 2.0 elements, 5 column cuts (5 active)  in 0.004 seconds - new frequency is 1
Cbc0014I Cut generator 1 (Gomory) - 28 row cuts average 31.7 elements, 0 column cuts (0 active)  in 0.001 seconds - new frequency is 1
Cbc0014I Cut generator 2 (Knapsack) - 0 row cuts average 0.0 elements, 0 column cuts (0 active)  in 0.001 seconds - new frequency is -100
Cbc0014I Cut generator 3 (Clique) - 0 row cuts average 0.0 elements, 0 column cuts (0 active)  in 0.000 seconds - new frequency is -100
Cbc0014I Cut generator 4 (MixedIntegerRounding2) - 4 row cuts average 4.5 elements, 0 column cuts (0 active)  in 0.000 seconds - new frequency is 1
Cbc0014I Cut generator 5 (FlowCover) - 0 row cuts average 0.0 elements, 0 column cuts (0 active)  in 0.001 seconds - new frequency is -100
Cbc0014I Cut generator 6 (TwoMirCuts) - 21 row cuts average 19.9 elements, 0 column cuts (0 active)  in 0.001 seconds - new frequency is -100
Cbc0010I After 0 nodes, 1 on tree, 477253.09 best solution, best possible 477242.97 (0.05 seconds)
Cbc0001I Search completed - best objective 477253.0882500006, took 152 iterations and 12 nodes (0.07 seconds)
Cbc0032I Strong branching done 34 times (110 iterations), fathomed 5 nodes and fixed 5 variables
Cbc0035I Maximum depth 4, 2 variables fixed on reduced cost
Cuts at root node changed objective from 477178 to 477243
Probing was tried 28 times and created 7 cuts of which 0 were active after adding rounds of cuts (0.006 seconds)
Gomory was tried 28 times and created 30 cuts of which 0 were active after adding rounds of cuts (0.001 seconds)
Knapsack was tried 12 times and created 0 cuts of which 0 were active after adding rounds of cuts (0.001 seconds)
Clique was tried 12 times and created 0 cuts of which 0 were active after adding rounds of cuts (0.000 seconds)
MixedIntegerRounding2 was tried 28 times and created 11 cuts of which 0 were active after adding rounds of cuts (0.000 seconds)
FlowCover was tried 12 times and created 0 cuts of which 0 were active after adding rounds of cuts (0.001 seconds)
TwoMirCuts was tried 12 times and created 21 cuts of which 0 were active after adding rounds of cuts (0.001 seconds)
ZeroHalf was tried 1 times and created 0 cuts of which 0 were active after adding rounds of cuts (0.000 seconds)

Result - Optimal solution found

Objective value:                477253.08825000
Enumerated nodes:               12
Total iterations:               152
Time (CPU seconds):             0.07
Time (Wallclock seconds):       0.07

Option for printingOptions changed from normal to all
Total time (CPU seconds):       0.09   (Wallclock seconds):       0.09

