Welcome to the CBC MILP Solver 
Version: 2.10.3 
Build Date: Dec 15 2019 

command line - E:\dachuang\.venv\Lib\site-packages\pulp\apis\../solverdir/cbc/win/i64/cbc.exe model.mps -primalTolerance 1e-9 -integerTolerance 1e-9 -ratioGap 0 -allowableGap 0 -threads 0 -branch -printingOptions all -solution solution.txt -saveSolution solution.bin -quit (default strategy 1)
At line 2 NAME          MODEL
At line 3 ROWS
At line 317 COLUMNS
At line 1133 RHS
At line 1446 BOUNDS
At line 1521 ENDATA
Problem MODEL has 312 rows, 241 columns and 647 elements
Coin0008I MODEL read with 0 errors
primalTolerance was changed from 1e-07 to 1e-09
integerTolerance was changed from 1e-07 to 1e-09
ratioGap was changed from 0 to 0
allowableGap was changed from 1e-10 to 0
Continuous objective value is 476617 - 0.00 seconds
Cgl0003I 0 fixed, 0 tightened bounds, 3 strengthened rows, 0 substitutions
Cgl0004I processed model has 119 rows, 167 columns (24 integer (24 of which binary)) and 356 elements
Cbc0038I Initial state - 13 integers unsatisfied sum - 4.88986
Cbc0038I Pass   1: suminf.    0.00000 (0) obj. 479203 iterations 19
Cbc0038I Solution found of 479203
Cbc0038I Relaxing continuous gives 479126
Cbc0038I Before mini branch and bound, 11 integers at bound fixed and 81 continuous
Cbc0038I Full problem 119 rows 167 columns, reduced to 16 rows 18 columns
Cbc0038I Mini branch and bound improved solution from 479126 to 478447 (0.01 seconds)
Cbc0038I Round again with cutoff of 478272
Cbc0038I Pass   2: suminf.    0.52469 (2) obj. 478272 iterations 10
Cbc0038I Pass   3: suminf.    0.00000 (0) obj. 478272 iterations 7
Cbc0038I Solution found of 478272
Cbc0038I Relaxing continuous gives 478041
Cbc0038I Before mini branch and bound, 10 integers at bound fixed and 79 continuous
Cbc0038I Full problem 119 rows 167 columns, reduced to 19 rows 23 columns
Cbc0038I Mini branch and bound did not improve solution (0.01 seconds)
Cbc0038I Freeing continuous variables gives a solution of 478006
Cbc0038I Round again with cutoff of 477745
Cbc0038I Pass   4: suminf.    0.82329 (3) obj. 477745 iterations 7
Cbc0038I Pass   5: suminf.    0.82329 (3) obj. 477745 iterations 0
Cbc0038I Pass   6: suminf.    0.64292 (2) obj. 477745 iterations 14
Cbc0038I Pass   7: suminf.    0.87454 (3) obj. 477745 iterations 9
Cbc0038I Pass   8: suminf.    0.87454 (3) obj. 477745 iterations 0
Cbc0038I Pass   9: suminf.    0.43075 (1) obj. 477745 iterations 8
Cbc0038I Pass  10: suminf.    0.33053 (1) obj. 477745 iterations 1
Cbc0038I Pass  11: suminf.    0.52319 (3) obj. 477745 iterations 10
Cbc0038I Pass  12: suminf.    0.39247 (1) obj. 477745 iterations 5
Cbc0038I Pass  13: suminf.    0.36508 (1) obj. 477745 iterations 2
Cbc0038I Pass  14: suminf.    2.67761 (7) obj. 477745 iterations 14
Cbc0038I Pass  15: suminf.    1.99386 (6) obj. 477745 iterations 3
Cbc0038I Pass  16: suminf.    1.36368 (4) obj. 477745 iterations 7
Cbc0038I Pass  17: suminf.    1.36368 (4) obj. 477745 iterations 0
Cbc0038I Pass  18: suminf.    1.15397 (4) obj. 477745 iterations 1
Cbc0038I Pass  19: suminf.    1.15397 (4) obj. 477745 iterations 0
Cbc0038I Pass  20: suminf.    1.15397 (4) obj. 477745 iterations 8
Cbc0038I Pass  21: suminf.    1.36368 (4) obj. 477745 iterations 1
Cbc0038I Pass  22: suminf.    1.36368 (4) obj. 477745 iterations 0
Cbc0038I Pass  23: suminf.    1.15397 (4) obj. 477745 iterations 1
Cbc0038I Pass  24: suminf.    1.15397 (4) obj. 477745 iterations 0
Cbc0038I Pass  25: suminf.    0.69394 (2) obj. 477745 iterations 13
Cbc0038I Pass  26: suminf.    0.42062 (1) obj. 477745 iterations 3
Cbc0038I Solution found of 477745
Cbc0038I Relaxing continuous gives 477714
Cbc0038I Before mini branch and bound, 2 integers at bound fixed and 69 continuous
Cbc0038I Full problem 119 rows 167 columns, reduced to 35 rows 44 columns
Cbc0038I Mini branch and bound improved solution from 477714 to 477639 (0.03 seconds)
Cbc0038I Round again with cutoff of 477358
Cbc0038I Pass  27: suminf.    1.73764 (5) obj. 477358 iterations 8
Cbc0038I Pass  28: suminf.    1.73028 (5) obj. 477358 iterations 2
Cbc0038I Pass  29: suminf.    1.21015 (4) obj. 477358 iterations 8
Cbc0038I Pass  30: suminf.    1.21015 (4) obj. 477358 iterations 0
Cbc0038I Pass  31: suminf.    1.41987 (4) obj. 477358 iterations 1
Cbc0038I Pass  32: suminf.    1.41987 (4) obj. 477358 iterations 0
Cbc0038I Pass  33: suminf.    1.21015 (4) obj. 477358 iterations 1
Cbc0038I Pass  34: suminf.    2.34041 (10) obj. 477358 iterations 30
Cbc0038I Pass  35: suminf.    2.04966 (9) obj. 477358 iterations 4
Cbc0038I Pass  36: suminf.    1.23055 (4) obj. 477358 iterations 10
Cbc0038I Pass  37: suminf.    1.14044 (4) obj. 477358 iterations 1
Cbc0038I Pass  38: suminf.    1.02083 (4) obj. 477358 iterations 2
Cbc0038I Pass  39: suminf.    0.93073 (4) obj. 477358 iterations 1
Cbc0038I Pass  40: suminf.    3.53134 (9) obj. 477358 iterations 21
Cbc0038I Pass  41: suminf.    3.53134 (9) obj. 477358 iterations 0
Cbc0038I Pass  42: suminf.    1.45401 (6) obj. 477358 iterations 10
Cbc0038I Pass  43: suminf.    1.45401 (6) obj. 477358 iterations 3
Cbc0038I Pass  44: suminf.    3.07298 (7) obj. 477358 iterations 5
Cbc0038I Pass  45: suminf.    3.07298 (7) obj. 477358 iterations 0
Cbc0038I Pass  46: suminf.    3.07298 (7) obj. 477358 iterations 3
Cbc0038I Pass  47: suminf.    1.45401 (6) obj. 477358 iterations 4
Cbc0038I Pass  48: suminf.    1.45401 (6) obj. 477358 iterations 3
Cbc0038I Pass  49: suminf.    3.07298 (7) obj. 477358 iterations 5
Cbc0038I Pass  50: suminf.    3.07298 (7) obj. 477358 iterations 0
Cbc0038I Pass  51: suminf.    4.04441 (9) obj. 477358 iterations 4
Cbc0038I Pass  52: suminf.    3.54870 (8) obj. 477358 iterations 1
Cbc0038I Pass  53: suminf.    1.45401 (6) obj. 477358 iterations 5
Cbc0038I Pass  54: suminf.    1.45401 (6) obj. 477358 iterations 3
Cbc0038I Pass  55: suminf.    3.07298 (7) obj. 477358 iterations 5
Cbc0038I Pass  56: suminf.    3.07298 (7) obj. 477358 iterations 0
Cbc0038I No solution found this major pass
Cbc0038I Before mini branch and bound, 2 integers at bound fixed and 71 continuous
Cbc0038I Full problem 119 rows 167 columns, reduced to 32 rows 41 columns
Cbc0038I Mini branch and bound did not improve solution (0.04 seconds)
Cbc0038I After 0.04 seconds - Feasibility pump exiting with objective of 477639 - took 0.04 seconds
Cbc0012I Integer solution of 477639.31 found by feasibility pump after 0 iterations and 0 nodes (0.04 seconds)
Cbc0038I Full problem 119 rows 167 columns, reduced to 98 rows 146 columns - 6 fixed gives 81, 129 - ok now
Cbc0038I Full problem 119 rows 167 columns, reduced to 81 rows 129 columns
Cbc0031I 21 added rows had average density of 10.238095
Cbc0013I At root node, 21 cuts changed objective from 476700.06 to 477639.05 in 24 passes
Cbc0014I Cut generator 0 (Probing) - 6 row cuts average 2.5 elements, 2 column cuts (2 active)  in 0.003 seconds - new frequency is 1
Cbc0014I Cut generator 1 (Gomory) - 81 row cuts average 16.7 elements, 0 column cuts (0 active)  in 0.002 seconds - new frequency is 1
Cbc0014I Cut generator 2 (Knapsack) - 0 row cuts average 0.0 elements, 0 column cuts (0 active)  in 0.002 seconds - new frequency is -100
Cbc0014I Cut generator 3 (Clique) - 0 row cuts average 0.0 elements, 0 column cuts (0 active)  in 0.000 seconds - new frequency is -100
Cbc0014I Cut generator 4 (MixedIntegerRounding2) - 7 row cuts average 6.0 elements, 0 column cuts (0 active)  in 0.004 seconds - new frequency is -100
Cbc0014I Cut generator 5 (FlowCover) - 0 row cuts average 0.0 elements, 0 column cuts (0 active)  in 0.007 seconds - new frequency is -100
Cbc0014I Cut generator 6 (TwoMirCuts) - 35 row cuts average 7.1 elements, 0 column cuts (0 active)  in 0.003 seconds - new frequency is -100
Cbc0010I After 0 nodes, 1 on tree, 477639.31 best solution, best possible 477639.31 (0.08 seconds)
Cbc0001I Search completed - best objective 477639.3097735442, took 213 iterations and 2 nodes (0.08 seconds)
Cbc0032I Strong branching done 10 times (60 iterations), fathomed 0 nodes and fixed 4 variables
Cbc0035I Maximum depth 0, 0 variables fixed on reduced cost
Cuts at root node changed objective from 476700 to 477639
Probing was tried 24 times and created 8 cuts of which 0 were active after adding rounds of cuts (0.003 seconds)
Gomory was tried 24 times and created 81 cuts of which 0 were active after adding rounds of cuts (0.002 seconds)
Knapsack was tried 24 times and created 0 cuts of which 0 were active after adding rounds of cuts (0.002 seconds)
Clique was tried 24 times and created 0 cuts of which 0 were active after adding rounds of cuts (0.000 seconds)
MixedIntegerRounding2 was tried 24 times and created 7 cuts of which 0 were active after adding rounds of cuts (0.004 seconds)
FlowCover was tried 24 times and created 0 cuts of which 0 were active after adding rounds of cuts (0.007 seconds)
TwoMirCuts was tried 24 times and created 35 cuts of which 0 were active after adding rounds of cuts (0.003 seconds)
ZeroHalf was tried 1 times and created 0 cuts of which 0 were active after adding rounds of cuts (0.000 seconds)

Result - Optimal solution found

Objective value:                477639.30977354
Enumerated nodes:               2
Total iterations:               213
Time (CPU seconds):             0.09
Time (Wallclock seconds):       0.09

Option for printingOptions changed from normal to all
Total time (CPU seconds):       0.12   (Wallclock seconds):       0.11

