Welcome to the CBC MILP Solver 
Version: 2.10.3 
Build Date: Dec 15 2019 

command line - E:\dachuang\.venv\Lib\site-packages\pulp\apis\../solverdir/cbc/win/i64/cbc.exe model.mps -primalTolerance 1e-9 -integerTolerance 1e-9 -ratioGap 0 -allowableGap 0 -threads 0 -branch -printingOptions all -solution solution.txt -saveSolution solution.bin -quit (default strategy 1)
At line 2 NAME          MODEL
At line 3 ROWS
At line 317 COLUMNS
At line 1133 RHS
At line 1446 BOUNDS
At line 1521 ENDATA
Problem MODEL has 312 rows, 241 columns and 647 elements
Coin0008I MODEL read with 0 errors
primalTolerance was changed from 1e-07 to 1e-09
integerTolerance was changed from 1e-07 to 1e-09
ratioGap was changed from 0 to 0
allowableGap was changed from 1e-10 to 0
Continuous objective value is 503059 - 0.00 seconds
Cgl0004I processed model has 117 rows, 165 columns (24 integer (24 of which binary)) and 352 elements
Cbc0038I Initial state - 6 integers unsatisfied sum - 2.62418
Cbc0038I Pass   1: suminf.    0.00000 (0) obj. 503209 iterations 23
Cbc0038I Solution found of 503209
Cbc0038I Relaxing continuous gives 503209
Cbc0038I Before mini branch and bound, 18 integers at bound fixed and 87 continuous
Cbc0038I Full problem 117 rows 165 columns, reduced to 9 rows 10 columns
Cbc0038I Mini branch and bound did not improve solution (0.01 seconds)
Cbc0038I Round again with cutoff of 503194
Cbc0038I Pass   2: suminf.    0.25825 (1) obj. 503194 iterations 2
Cbc0038I Solution found of 503194
Cbc0038I Relaxing continuous gives 503151
Cbc0038I Before mini branch and bound, 18 integers at bound fixed and 86 continuous
Cbc0038I Full problem 117 rows 165 columns, reduced to 9 rows 11 columns
Cbc0038I Mini branch and bound did not improve solution (0.01 seconds)
Cbc0038I Round again with cutoff of 503133
Cbc0038I Pass   3: suminf.    0.31651 (1) obj. 503133 iterations 5
Cbc0038I Pass   4: suminf.    0.31651 (1) obj. 503133 iterations 0
Cbc0038I Pass   5: suminf.    0.00000 (0) obj. 503133 iterations 4
Cbc0038I Solution found of 503133
Cbc0038I Relaxing continuous gives 503099
Cbc0038I Before mini branch and bound, 17 integers at bound fixed and 80 continuous
Cbc0038I Full problem 117 rows 165 columns, reduced to 18 rows 25 columns
Cbc0038I Mini branch and bound improved solution from 503099 to 503093 (0.02 seconds)
Cbc0038I Round again with cutoff of 503083
Cbc0038I Pass   6: suminf.    0.27726 (2) obj. 503083 iterations 3
Cbc0038I Pass   7: suminf.    0.27484 (2) obj. 503083 iterations 5
Cbc0038I Pass   8: suminf.    0.77813 (2) obj. 503083 iterations 12
Cbc0038I Pass   9: suminf.    0.77813 (2) obj. 503083 iterations 6
Cbc0038I Pass  10: suminf.    0.45976 (1) obj. 503083 iterations 4
Cbc0038I Pass  11: suminf.    0.27484 (2) obj. 503083 iterations 4
Cbc0038I Pass  12: suminf.    1.22399 (5) obj. 503083 iterations 12
Cbc0038I Pass  13: suminf.    1.29086 (4) obj. 503083 iterations 16
Cbc0038I Pass  14: suminf.    0.37734 (2) obj. 503083 iterations 6
Cbc0038I Pass  15: suminf.    0.77813 (2) obj. 503083 iterations 8
Cbc0038I Pass  16: suminf.    0.77813 (2) obj. 503083 iterations 0
Cbc0038I Pass  17: suminf.    0.45976 (1) obj. 503083 iterations 4
Cbc0038I Pass  18: suminf.    0.27484 (2) obj. 503083 iterations 4
Cbc0038I Pass  19: suminf.    0.93049 (5) obj. 503083 iterations 21
Cbc0038I Pass  20: suminf.    0.81813 (4) obj. 503083 iterations 2
Cbc0038I Pass  21: suminf.    0.54024 (2) obj. 503083 iterations 8
Cbc0038I Pass  22: suminf.    0.17476 (1) obj. 503083 iterations 2
Cbc0038I Pass  23: suminf.    0.77813 (3) obj. 503083 iterations 4
Cbc0038I Pass  24: suminf.    0.81813 (4) obj. 503083 iterations 9
Cbc0038I Pass  25: suminf.    0.81813 (4) obj. 503083 iterations 0
Cbc0038I Pass  26: suminf.    0.54024 (2) obj. 503083 iterations 3
Cbc0038I Pass  27: suminf.    0.17476 (1) obj. 503083 iterations 2
Cbc0038I Pass  28: suminf.    0.77813 (3) obj. 503083 iterations 4
Cbc0038I Pass  29: suminf.    0.77813 (3) obj. 503083 iterations 15
Cbc0038I Pass  30: suminf.    0.77813 (3) obj. 503083 iterations 1
Cbc0038I Pass  31: suminf.    0.54024 (2) obj. 503083 iterations 4
Cbc0038I Pass  32: suminf.    0.17476 (1) obj. 503083 iterations 4
Cbc0038I Pass  33: suminf.    0.77813 (2) obj. 503083 iterations 5
Cbc0038I Pass  34: suminf.    0.40640 (2) obj. 503083 iterations 1
Cbc0038I Pass  35: suminf.    0.37734 (2) obj. 503083 iterations 2
Cbc0038I No solution found this major pass
Cbc0038I Before mini branch and bound, 3 integers at bound fixed and 66 continuous
Cbc0038I Full problem 117 rows 165 columns, reduced to 35 rows 48 columns
Cbc0038I Mini branch and bound did not improve solution (0.04 seconds)
Cbc0038I After 0.04 seconds - Feasibility pump exiting with objective of 503093 - took 0.04 seconds
Cbc0012I Integer solution of 503092.89 found by feasibility pump after 0 iterations and 0 nodes (0.05 seconds)
Cbc0038I Full problem 117 rows 165 columns, reduced to 69 rows 117 columns
Cbc0031I 11 added rows had average density of 21.363636
Cbc0013I At root node, 11 cuts changed objective from 503059.08 to 503077.93 in 100 passes
Cbc0014I Cut generator 0 (Probing) - 0 row cuts average 0.0 elements, 2 column cuts (2 active)  in 0.013 seconds - new frequency is -100
Cbc0014I Cut generator 1 (Gomory) - 604 row cuts average 25.0 elements, 0 column cuts (0 active)  in 0.011 seconds - new frequency is 1
Cbc0014I Cut generator 2 (Knapsack) - 0 row cuts average 0.0 elements, 0 column cuts (0 active)  in 0.029 seconds - new frequency is -100
Cbc0014I Cut generator 3 (Clique) - 0 row cuts average 0.0 elements, 0 column cuts (0 active)  in 0.001 seconds - new frequency is -100
Cbc0014I Cut generator 4 (MixedIntegerRounding2) - 12 row cuts average 10.2 elements, 0 column cuts (0 active)  in 0.013 seconds - new frequency is -100
Cbc0014I Cut generator 5 (FlowCover) - 0 row cuts average 0.0 elements, 0 column cuts (0 active)  in 0.020 seconds - new frequency is -100
Cbc0014I Cut generator 6 (TwoMirCuts) - 30 row cuts average 13.2 elements, 0 column cuts (0 active)  in 0.006 seconds - new frequency is -100
Cbc0010I After 0 nodes, 1 on tree, 503092.89 best solution, best possible 503077.93 (0.23 seconds)
Cbc0038I Full problem 117 rows 165 columns, reduced to 70 rows 117 columns
Cbc0001I Search completed - best objective 503092.8874653724, took 2132 iterations and 46 nodes (0.38 seconds)
Cbc0032I Strong branching done 196 times (552 iterations), fathomed 11 nodes and fixed 12 variables
Cbc0035I Maximum depth 6, 1 variables fixed on reduced cost
Cuts at root node changed objective from 503059 to 503078
Probing was tried 100 times and created 2 cuts of which 0 were active after adding rounds of cuts (0.013 seconds)
Gomory was tried 262 times and created 840 cuts of which 0 were active after adding rounds of cuts (0.028 seconds)
Knapsack was tried 100 times and created 0 cuts of which 0 were active after adding rounds of cuts (0.029 seconds)
Clique was tried 100 times and created 0 cuts of which 0 were active after adding rounds of cuts (0.001 seconds)
MixedIntegerRounding2 was tried 100 times and created 12 cuts of which 0 were active after adding rounds of cuts (0.013 seconds)
FlowCover was tried 100 times and created 0 cuts of which 0 were active after adding rounds of cuts (0.020 seconds)
TwoMirCuts was tried 100 times and created 30 cuts of which 0 were active after adding rounds of cuts (0.006 seconds)
ZeroHalf was tried 1 times and created 0 cuts of which 0 were active after adding rounds of cuts (0.000 seconds)

Result - Optimal solution found

Objective value:                503092.88746537
Enumerated nodes:               46
Total iterations:               2132
Time (CPU seconds):             0.38
Time (Wallclock seconds):       0.38

Option for printingOptions changed from normal to all
Total time (CPU seconds):       0.41   (Wallclock seconds):       0.41

