Welcome to the CBC MILP Solver 
Version: 2.10.3 
Build Date: Dec 15 2019 

command line - E:\dachuang\.venv\Lib\site-packages\pulp\apis\../solverdir/cbc/win/i64/cbc.exe model.mps -primalTolerance 1e-9 -integerTolerance 1e-9 -ratioGap 0 -allowableGap 0 -threads 0 -branch -printingOptions all -solution solution.txt -saveSolution solution.bin -quit (default strategy 1)
At line 2 NAME          MODEL
At line 3 ROWS
At line 317 COLUMNS
At line 1133 RHS
At line 1446 BOUNDS
At line 1521 ENDATA
Problem MODEL has 312 rows, 241 columns and 647 elements
Coin0008I MODEL read with 0 errors
primalTolerance was changed from 1e-07 to 1e-09
integerTolerance was changed from 1e-07 to 1e-09
ratioGap was changed from 0 to 0
allowableGap was changed from 1e-10 to 0
Continuous objective value is 469722 - 0.00 seconds
Cgl0003I 0 fixed, 0 tightened bounds, 3 strengthened rows, 0 substitutions
Cgl0004I processed model has 119 rows, 167 columns (24 integer (24 of which binary)) and 356 elements
Cbc0038I Initial state - 11 integers unsatisfied sum - 4.75095
Cbc0038I Pass   1: suminf.    0.00000 (0) obj. 472029 iterations 19
Cbc0038I Solution found of 472029
Cbc0038I Relaxing continuous gives 472009
Cbc0038I Before mini branch and bound, 13 integers at bound fixed and 81 continuous
Cbc0038I Full problem 119 rows 167 columns, reduced to 17 rows 19 columns
Cbc0038I Mini branch and bound did not improve solution (0.01 seconds)
Cbc0038I Round again with cutoff of 471780
Cbc0038I Pass   2: suminf.    0.43774 (1) obj. 471780 iterations 4
Cbc0038I Pass   3: suminf.    0.00000 (0) obj. 471780 iterations 4
Cbc0038I Solution found of 471780
Cbc0038I Relaxing continuous gives 471486
Cbc0038I Before mini branch and bound, 13 integers at bound fixed and 79 continuous
Cbc0038I Full problem 119 rows 167 columns, reduced to 16 rows 20 columns
Cbc0038I Mini branch and bound improved solution from 471486 to 471424 (0.02 seconds)
Cbc0038I Freeing continuous variables gives a solution of 471417
Cbc0038I Round again with cutoff of 471078
Cbc0038I Pass   4: suminf.    0.78241 (2) obj. 471078 iterations 7
Cbc0038I Pass   5: suminf.    0.78241 (2) obj. 471078 iterations 1
Cbc0038I Pass   6: suminf.    0.76908 (2) obj. 471078 iterations 11
Cbc0038I Pass   7: suminf.    0.90222 (2) obj. 471078 iterations 11
Cbc0038I Pass   8: suminf.    0.79668 (2) obj. 471078 iterations 2
Cbc0038I Pass   9: suminf.    0.87148 (3) obj. 471078 iterations 9
Cbc0038I Pass  10: suminf.    0.63133 (3) obj. 471078 iterations 2
Cbc0038I Pass  11: suminf.    0.90222 (2) obj. 471078 iterations 5
Cbc0038I Pass  12: suminf.    0.40400 (1) obj. 471078 iterations 3
Cbc0038I Pass  13: suminf.    0.46267 (1) obj. 471078 iterations 1
Cbc0038I Pass  14: suminf.    1.89467 (6) obj. 471078 iterations 16
Cbc0038I Pass  15: suminf.    1.89467 (6) obj. 471078 iterations 0
Cbc0038I Pass  16: suminf.    1.13556 (3) obj. 471078 iterations 5
Cbc0038I Pass  17: suminf.    1.00756 (3) obj. 471078 iterations 1
Cbc0038I Pass  18: suminf.    1.18499 (3) obj. 471078 iterations 10
Cbc0038I Pass  19: suminf.    1.23624 (4) obj. 471078 iterations 5
Cbc0038I Pass  20: suminf.    1.23624 (4) obj. 471078 iterations 0
Cbc0038I Pass  21: suminf.    1.39935 (4) obj. 471078 iterations 2
Cbc0038I Pass  22: suminf.    1.39935 (4) obj. 471078 iterations 0
Cbc0038I Pass  23: suminf.    1.23624 (4) obj. 471078 iterations 1
Cbc0038I Pass  24: suminf.    1.54540 (7) obj. 471078 iterations 21
Cbc0038I Pass  25: suminf.    1.54540 (7) obj. 471078 iterations 0
Cbc0038I Pass  26: suminf.    0.46267 (1) obj. 471078 iterations 10
Cbc0038I Pass  27: suminf.    0.37411 (1) obj. 471078 iterations 1
Cbc0038I Pass  28: suminf.    1.71352 (5) obj. 471078 iterations 21
Cbc0038I Pass  29: suminf.    1.71352 (5) obj. 471078 iterations 1
Cbc0038I Pass  30: suminf.    0.90222 (2) obj. 471078 iterations 10
Cbc0038I Pass  31: suminf.    0.87991 (2) obj. 471078 iterations 1
Cbc0038I Pass  32: suminf.    0.90222 (2) obj. 471078 iterations 5
Cbc0038I Pass  33: suminf.    0.79668 (2) obj. 471078 iterations 2
Cbc0038I No solution found this major pass
Cbc0038I Before mini branch and bound, 2 integers at bound fixed and 72 continuous
Cbc0038I Full problem 119 rows 167 columns, reduced to 32 rows 41 columns
Cbc0038I Mini branch and bound improved solution from 471417 to 470945 (0.03 seconds)
Cbc0038I Round again with cutoff of 470578
Cbc0038I Pass  33: suminf.    1.73853 (4) obj. 470578 iterations 8
Cbc0038I Pass  34: suminf.    1.73853 (4) obj. 470578 iterations 1
Cbc0038I Pass  35: suminf.    1.29565 (4) obj. 470578 iterations 12
Cbc0038I Pass  36: suminf.    1.29565 (4) obj. 470578 iterations 0
Cbc0038I Pass  37: suminf.    1.45877 (4) obj. 470578 iterations 2
Cbc0038I Pass  38: suminf.    1.45877 (4) obj. 470578 iterations 0
Cbc0038I Pass  39: suminf.    2.23137 (8) obj. 470578 iterations 18
Cbc0038I Pass  40: suminf.    1.29565 (4) obj. 470578 iterations 11
Cbc0038I Pass  41: suminf.    1.29565 (4) obj. 470578 iterations 0
Cbc0038I Pass  42: suminf.    1.45877 (4) obj. 470578 iterations 2
Cbc0038I Pass  43: suminf.    1.45877 (4) obj. 470578 iterations 0
Cbc0038I Pass  44: suminf.    1.62342 (7) obj. 470578 iterations 8
Cbc0038I Pass  45: suminf.    1.62342 (7) obj. 470578 iterations 0
Cbc0038I Pass  46: suminf.    2.93258 (7) obj. 470578 iterations 7
Cbc0038I Pass  47: suminf.    2.93258 (7) obj. 470578 iterations 0
Cbc0038I Pass  48: suminf.    1.46342 (6) obj. 470578 iterations 7
Cbc0038I Pass  49: suminf.    1.46342 (6) obj. 470578 iterations 0
Cbc0038I Pass  50: suminf.    1.60586 (5) obj. 470578 iterations 9
Cbc0038I Pass  51: suminf.    1.07614 (3) obj. 470578 iterations 4
Cbc0038I Pass  52: suminf.    1.06697 (3) obj. 470578 iterations 1
Cbc0038I Pass  53: suminf.    2.00796 (6) obj. 470578 iterations 6
Cbc0038I Pass  54: suminf.    1.07614 (3) obj. 470578 iterations 5
Cbc0038I Pass  55: suminf.    1.06697 (3) obj. 470578 iterations 1
Cbc0038I Pass  56: suminf.    1.07614 (3) obj. 470578 iterations 2
Cbc0038I Pass  57: suminf.    2.04155 (7) obj. 470578 iterations 15
Cbc0038I Pass  58: suminf.    1.29565 (4) obj. 470578 iterations 17
Cbc0038I Pass  59: suminf.    1.29565 (4) obj. 470578 iterations 0
Cbc0038I Pass  60: suminf.    1.45877 (4) obj. 470578 iterations 2
Cbc0038I Pass  61: suminf.    1.45877 (4) obj. 470578 iterations 0
Cbc0038I Pass  62: suminf.    1.29565 (4) obj. 470578 iterations 1
Cbc0038I No solution found this major pass
Cbc0038I Before mini branch and bound, 5 integers at bound fixed and 72 continuous
Cbc0038I Full problem 119 rows 167 columns, reduced to 25 rows 33 columns
Cbc0038I Mini branch and bound did not improve solution (0.04 seconds)
Cbc0038I After 0.04 seconds - Feasibility pump exiting with objective of 470945 - took 0.03 seconds
Cbc0012I Integer solution of 470945.18 found by feasibility pump after 0 iterations and 0 nodes (0.04 seconds)
Cbc0038I Full problem 119 rows 167 columns, reduced to 83 rows 131 columns
Cbc0031I 18 added rows had average density of 8.3888889
Cbc0013I At root node, 18 cuts changed objective from 469722.36 to 470945.18 in 21 passes
Cbc0014I Cut generator 0 (Probing) - 6 row cuts average 3.2 elements, 4 column cuts (4 active)  in 0.000 seconds - new frequency is 1
Cbc0014I Cut generator 1 (Gomory) - 55 row cuts average 14.9 elements, 0 column cuts (0 active)  in 0.001 seconds - new frequency is 1
Cbc0014I Cut generator 2 (Knapsack) - 0 row cuts average 0.0 elements, 0 column cuts (0 active)  in 0.000 seconds - new frequency is -100
Cbc0014I Cut generator 3 (Clique) - 0 row cuts average 0.0 elements, 0 column cuts (0 active)  in 0.000 seconds - new frequency is -100
Cbc0014I Cut generator 4 (MixedIntegerRounding2) - 6 row cuts average 4.8 elements, 0 column cuts (0 active)  in 0.001 seconds - new frequency is -100
Cbc0014I Cut generator 5 (FlowCover) - 0 row cuts average 0.0 elements, 0 column cuts (0 active)  in 0.004 seconds - new frequency is -100
Cbc0014I Cut generator 6 (TwoMirCuts) - 30 row cuts average 6.4 elements, 0 column cuts (0 active)  in 0.005 seconds - new frequency is -100
Cbc0001I Search completed - best objective 470945.1819342094, took 106 iterations and 0 nodes (0.07 seconds)
Cbc0032I Strong branching done 4 times (23 iterations), fathomed 1 nodes and fixed 0 variables
Cbc0035I Maximum depth 0, 0 variables fixed on reduced cost
Cuts at root node changed objective from 469722 to 471149
Probing was tried 21 times and created 10 cuts of which 0 were active after adding rounds of cuts (0.000 seconds)
Gomory was tried 21 times and created 55 cuts of which 0 were active after adding rounds of cuts (0.001 seconds)
Knapsack was tried 21 times and created 0 cuts of which 0 were active after adding rounds of cuts (0.000 seconds)
Clique was tried 21 times and created 0 cuts of which 0 were active after adding rounds of cuts (0.000 seconds)
MixedIntegerRounding2 was tried 21 times and created 6 cuts of which 0 were active after adding rounds of cuts (0.001 seconds)
FlowCover was tried 21 times and created 0 cuts of which 0 were active after adding rounds of cuts (0.004 seconds)
TwoMirCuts was tried 21 times and created 30 cuts of which 0 were active after adding rounds of cuts (0.005 seconds)
ZeroHalf was tried 1 times and created 0 cuts of which 0 were active after adding rounds of cuts (0.000 seconds)

Result - Optimal solution found

Objective value:                470945.18193421
Enumerated nodes:               0
Total iterations:               106
Time (CPU seconds):             0.07
Time (Wallclock seconds):       0.07

Option for printingOptions changed from normal to all
Total time (CPU seconds):       0.10   (Wallclock seconds):       0.10

