Welcome to the CBC MILP Solver 
Version: 2.10.3 
Build Date: Dec 15 2019 

command line - E:\dachuang\.venv\Lib\site-packages\pulp\apis\../solverdir/cbc/win/i64/cbc.exe model.mps -primalTolerance 1e-9 -integerTolerance 1e-9 -ratioGap 0 -allowableGap 0 -threads 0 -branch -printingOptions all -solution solution.txt -saveSolution solution.bin -quit (default strategy 1)
At line 2 NAME          MODEL
At line 3 ROWS
At line 317 COLUMNS
At line 1133 RHS
At line 1446 BOUNDS
At line 1521 ENDATA
Problem MODEL has 312 rows, 241 columns and 647 elements
Coin0008I MODEL read with 0 errors
primalTolerance was changed from 1e-07 to 1e-09
integerTolerance was changed from 1e-07 to 1e-09
ratioGap was changed from 0 to 0
allowableGap was changed from 1e-10 to 0
Continuous objective value is 465484 - 0.00 seconds
Cgl0004I processed model has 117 rows, 165 columns (24 integer (24 of which binary)) and 352 elements
Cbc0038I Initial state - 14 integers unsatisfied sum - 4.57703
Cbc0038I Pass   1: suminf.    0.00000 (0) obj. 511421 iterations 25
Cbc0038I Solution found of 511421
Cbc0038I Relaxing continuous gives 469154
Cbc0038I Before mini branch and bound, 10 integers at bound fixed and 77 continuous
Cbc0038I Full problem 117 rows 165 columns, reduced to 17 rows 21 columns
Cbc0038I Mini branch and bound improved solution from 469154 to 466737 (0.01 seconds)
Cbc0038I Freeing continuous variables gives a solution of 466699
Cbc0038I Round again with cutoff of 466577
Cbc0038I Pass   2: suminf.    0.60974 (3) obj. 466577 iterations 9
Cbc0038I Pass   3: suminf.    0.56674 (2) obj. 466577 iterations 2
Cbc0038I Pass   4: suminf.    0.00000 (0) obj. 466577 iterations 6
Cbc0038I Solution found of 466577
Cbc0038I Relaxing continuous gives 466408
Cbc0038I Before mini branch and bound, 10 integers at bound fixed and 77 continuous
Cbc0038I Full problem 117 rows 165 columns, reduced to 12 rows 16 columns
Cbc0038I Mini branch and bound did not improve solution (0.02 seconds)
Cbc0038I Freeing continuous variables gives a solution of 466250
Cbc0038I Round again with cutoff of 466097
Cbc0038I Pass   5: suminf.    1.30464 (4) obj. 466097 iterations 7
Cbc0038I Pass   6: suminf.    1.03987 (4) obj. 466097 iterations 7
Cbc0038I Pass   7: suminf.    0.70032 (3) obj. 466097 iterations 6
Cbc0038I Pass   8: suminf.    0.94312 (3) obj. 466097 iterations 8
Cbc0038I Pass   9: suminf.    0.94312 (3) obj. 466097 iterations 6
Cbc0038I Pass  10: suminf.    1.23712 (4) obj. 466097 iterations 4
Cbc0038I Pass  11: suminf.    1.35232 (5) obj. 466097 iterations 9
Cbc0038I Pass  12: suminf.    1.35232 (5) obj. 466097 iterations 0
Cbc0038I Pass  13: suminf.    1.11352 (4) obj. 466097 iterations 7
Cbc0038I Pass  14: suminf.    0.81952 (3) obj. 466097 iterations 1
Cbc0038I Pass  15: suminf.    0.94312 (3) obj. 466097 iterations 9
Cbc0038I Pass  16: suminf.    1.08368 (3) obj. 466097 iterations 2
Cbc0038I Pass  17: suminf.    3.05792 (10) obj. 466097 iterations 22
Cbc0038I Pass  18: suminf.    2.35552 (8) obj. 466097 iterations 5
Cbc0038I Pass  19: suminf.    1.19349 (4) obj. 466097 iterations 15
Cbc0038I Pass  20: suminf.    0.79232 (3) obj. 466097 iterations 2
Cbc0038I Pass  21: suminf.    0.94312 (3) obj. 466097 iterations 6
Cbc0038I Pass  22: suminf.    0.93901 (2) obj. 466097 iterations 5
Cbc0038I Pass  23: suminf.    0.55232 (2) obj. 466097 iterations 2
Cbc0038I Pass  24: suminf.    1.25472 (4) obj. 466097 iterations 8
Cbc0038I Pass  25: suminf.    0.55232 (2) obj. 466097 iterations 2
Cbc0038I Pass  26: suminf.    0.94312 (3) obj. 466097 iterations 8
Cbc0038I Pass  27: suminf.    0.93901 (2) obj. 466097 iterations 5
Cbc0038I Pass  28: suminf.    2.08689 (6) obj. 466097 iterations 19
Cbc0038I Pass  29: suminf.    1.23112 (4) obj. 466097 iterations 7
Cbc0038I Pass  30: suminf.    1.08368 (3) obj. 466097 iterations 3
Cbc0038I Pass  31: suminf.    0.94312 (3) obj. 466097 iterations 5
Cbc0038I Pass  32: suminf.    1.96152 (7) obj. 466097 iterations 21
Cbc0038I Pass  33: suminf.    1.37912 (5) obj. 466097 iterations 5
Cbc0038I Pass  34: suminf.    1.23712 (4) obj. 466097 iterations 8
Cbc0038I No solution found this major pass
Cbc0038I Before mini branch and bound, 2 integers at bound fixed and 66 continuous
Cbc0038I Full problem 117 rows 165 columns, reduced to 30 rows 42 columns
Cbc0038I Mini branch and bound improved solution from 466250 to 466118 (0.03 seconds)
Cbc0038I Round again with cutoff of 465913
Cbc0038I Pass  34: suminf.    1.97464 (6) obj. 465913 iterations 4
Cbc0038I Pass  35: suminf.    1.74214 (6) obj. 465913 iterations 11
Cbc0038I Pass  36: suminf.    1.40259 (6) obj. 465913 iterations 5
Cbc0038I Pass  37: suminf.    1.69711 (6) obj. 465913 iterations 7
Cbc0038I Pass  38: suminf.    1.64539 (5) obj. 465913 iterations 5
Cbc0038I Pass  39: suminf.    1.49459 (6) obj. 465913 iterations 5
Cbc0038I Pass  40: suminf.    1.49459 (5) obj. 465913 iterations 1
Cbc0038I Pass  41: suminf.    1.93939 (6) obj. 465913 iterations 8
Cbc0038I Pass  42: suminf.    2.46819 (7) obj. 465913 iterations 22
Cbc0038I Pass  43: suminf.    2.05979 (6) obj. 465913 iterations 4
Cbc0038I Pass  44: suminf.    1.80891 (5) obj. 465913 iterations 4
Cbc0038I Pass  45: suminf.    1.79339 (5) obj. 465913 iterations 1
Cbc0038I Pass  46: suminf.    1.66091 (5) obj. 465913 iterations 5
Cbc0038I Pass  47: suminf.    1.64539 (5) obj. 465913 iterations 1
Cbc0038I Pass  48: suminf.    2.01259 (6) obj. 465913 iterations 5
Cbc0038I Pass  49: suminf.    1.80891 (5) obj. 465913 iterations 4
Cbc0038I Pass  50: suminf.    1.79339 (5) obj. 465913 iterations 1
Cbc0038I Pass  51: suminf.    1.66091 (5) obj. 465913 iterations 5
Cbc0038I Pass  52: suminf.    1.64539 (5) obj. 465913 iterations 1
Cbc0038I Pass  53: suminf.    2.46549 (8) obj. 465913 iterations 10
Cbc0038I Pass  54: suminf.    2.01259 (6) obj. 465913 iterations 4
Cbc0038I Pass  55: suminf.    1.80891 (5) obj. 465913 iterations 3
Cbc0038I Pass  56: suminf.    1.79339 (5) obj. 465913 iterations 1
Cbc0038I Pass  57: suminf.    1.66091 (5) obj. 465913 iterations 4
Cbc0038I Pass  58: suminf.    1.64539 (5) obj. 465913 iterations 1
Cbc0038I Pass  59: suminf.    2.21569 (7) obj. 465913 iterations 16
Cbc0038I Pass  60: suminf.    1.80729 (6) obj. 465913 iterations 1
Cbc0038I Pass  61: suminf.    1.38141 (4) obj. 465913 iterations 7
Cbc0038I Pass  62: suminf.    1.15209 (4) obj. 465913 iterations 3
Cbc0038I Pass  63: suminf.    1.64539 (6) obj. 465913 iterations 13
Cbc0038I No solution found this major pass
Cbc0038I Before mini branch and bound, 2 integers at bound fixed and 66 continuous
Cbc0038I Full problem 117 rows 165 columns, reduced to 34 rows 45 columns
Cbc0038I Mini branch and bound did not improve solution (0.05 seconds)
Cbc0038I After 0.05 seconds - Feasibility pump exiting with objective of 466118 - took 0.04 seconds
Cbc0012I Integer solution of 466118.28 found by feasibility pump after 0 iterations and 0 nodes (0.05 seconds)
Cbc0038I Full problem 117 rows 165 columns, reduced to 93 rows 141 columns - 5 fixed gives 79, 127 - ok now
Cbc0038I Full problem 117 rows 165 columns, reduced to 79 rows 127 columns
Cbc0031I 9 added rows had average density of 15.444444
Cbc0013I At root node, 9 cuts changed objective from 465483.58 to 466103.41 in 100 passes
Cbc0014I Cut generator 0 (Probing) - 0 row cuts average 0.0 elements, 7 column cuts (7 active)  in 0.008 seconds - new frequency is 1
Cbc0014I Cut generator 1 (Gomory) - 286 row cuts average 26.7 elements, 0 column cuts (0 active)  in 0.007 seconds - new frequency is 1
Cbc0014I Cut generator 2 (Knapsack) - 0 row cuts average 0.0 elements, 0 column cuts (0 active)  in 0.017 seconds - new frequency is -100
Cbc0014I Cut generator 3 (Clique) - 0 row cuts average 0.0 elements, 0 column cuts (0 active)  in 0.000 seconds - new frequency is -100
Cbc0014I Cut generator 4 (MixedIntegerRounding2) - 3 row cuts average 4.0 elements, 0 column cuts (0 active)  in 0.005 seconds - new frequency is -100
Cbc0014I Cut generator 5 (FlowCover) - 0 row cuts average 0.0 elements, 0 column cuts (0 active)  in 0.019 seconds - new frequency is -100
Cbc0014I Cut generator 6 (TwoMirCuts) - 25 row cuts average 9.9 elements, 0 column cuts (0 active)  in 0.005 seconds - new frequency is -100
Cbc0010I After 0 nodes, 1 on tree, 466118.28 best solution, best possible 466103.41 (0.17 seconds)
Cbc0001I Search completed - best objective 466118.2771558221, took 736 iterations and 2 nodes (0.18 seconds)
Cbc0032I Strong branching done 12 times (48 iterations), fathomed 1 nodes and fixed 1 variables
Cbc0035I Maximum depth 0, 0 variables fixed on reduced cost
Cuts at root node changed objective from 465484 to 466103
Probing was tried 108 times and created 7 cuts of which 0 were active after adding rounds of cuts (0.009 seconds)
Gomory was tried 108 times and created 295 cuts of which 0 were active after adding rounds of cuts (0.007 seconds)
Knapsack was tried 100 times and created 0 cuts of which 0 were active after adding rounds of cuts (0.017 seconds)
Clique was tried 100 times and created 0 cuts of which 0 were active after adding rounds of cuts (0.000 seconds)
MixedIntegerRounding2 was tried 100 times and created 3 cuts of which 0 were active after adding rounds of cuts (0.005 seconds)
FlowCover was tried 100 times and created 0 cuts of which 0 were active after adding rounds of cuts (0.019 seconds)
TwoMirCuts was tried 100 times and created 25 cuts of which 0 were active after adding rounds of cuts (0.005 seconds)
ZeroHalf was tried 1 times and created 0 cuts of which 0 were active after adding rounds of cuts (0.000 seconds)

Result - Optimal solution found

Objective value:                466118.27715582
Enumerated nodes:               2
Total iterations:               736
Time (CPU seconds):             0.18
Time (Wallclock seconds):       0.18

Option for printingOptions changed from normal to all
Total time (CPU seconds):       0.20   (Wallclock seconds):       0.20

