Welcome to the CBC MILP Solver 
Version: 2.10.3 
Build Date: Dec 15 2019 

command line - E:\dachuang\.venv\Lib\site-packages\pulp\apis\../solverdir/cbc/win/i64/cbc.exe model.mps -primalTolerance 1e-9 -integerTolerance 1e-9 -ratioGap 0 -allowableGap 0 -threads 0 -branch -printingOptions all -solution solution.txt -saveSolution solution.bin -quit (default strategy 1)
At line 2 NAME          MODEL
At line 3 ROWS
At line 317 COLUMNS
At line 1133 RHS
At line 1446 BOUNDS
At line 1521 ENDATA
Problem MODEL has 312 rows, 241 columns and 647 elements
Coin0008I MODEL read with 0 errors
primalTolerance was changed from 1e-07 to 1e-09
integerTolerance was changed from 1e-07 to 1e-09
ratioGap was changed from 0 to 0
allowableGap was changed from 1e-10 to 0
Continuous objective value is 506467 - 0.00 seconds
Cgl0003I 0 fixed, 0 tightened bounds, 37 strengthened rows, 0 substitutions
Cgl0004I processed model has 119 rows, 167 columns (24 integer (24 of which binary)) and 356 elements
Cbc0038I Initial state - 11 integers unsatisfied sum - 5
Cbc0038I Pass   1: suminf.    0.00000 (0) obj. 508055 iterations 22
Cbc0038I Solution found of 508055
Cbc0038I Relaxing continuous gives 508055
Cbc0038I Before mini branch and bound, 13 integers at bound fixed and 87 continuous
Cbc0038I Full problem 119 rows 167 columns, reduced to 21 rows 23 columns
Cbc0038I Mini branch and bound improved solution from 508055 to 508055 (0.02 seconds)
Cbc0038I Round again with cutoff of 508020
Cbc0038I Pass   2: suminf.    0.40000 (1) obj. 508020 iterations 3
Cbc0038I Solution found of 508020
Cbc0038I Relaxing continuous gives 507967
Cbc0038I Before mini branch and bound, 13 integers at bound fixed and 86 continuous
Cbc0038I Full problem 119 rows 167 columns, reduced to 21 rows 24 columns
Cbc0038I Mini branch and bound did not improve solution (0.02 seconds)
Cbc0038I Round again with cutoff of 507914
Cbc0038I Pass   3: suminf.    0.60000 (2) obj. 507914 iterations 8
Cbc0038I Pass   4: suminf.    0.60000 (2) obj. 507914 iterations 0
Cbc0038I Pass   5: suminf.    0.00000 (0) obj. 507914 iterations 15
Cbc0038I Solution found of 507914
Cbc0038I Relaxing continuous gives 507891
Cbc0038I Before mini branch and bound, 13 integers at bound fixed and 84 continuous
Cbc0038I Full problem 119 rows 167 columns, reduced to 25 rows 30 columns
Cbc0038I Mini branch and bound did not improve solution (0.03 seconds)
Cbc0038I Round again with cutoff of 507834
Cbc0038I Pass   6: suminf.    0.65094 (3) obj. 507834 iterations 2
Cbc0038I Pass   7: suminf.    0.64368 (3) obj. 507834 iterations 8
Cbc0038I Pass   8: suminf.    0.65094 (3) obj. 507834 iterations 4
Cbc0038I Pass   9: suminf.    0.64368 (3) obj. 507834 iterations 3
Cbc0038I Pass  10: suminf.    0.65094 (3) obj. 507834 iterations 4
Cbc0038I Pass  11: suminf.    1.23315 (4) obj. 507834 iterations 9
Cbc0038I Pass  12: suminf.    0.65094 (3) obj. 507834 iterations 4
Cbc0038I Pass  13: suminf.    0.64368 (3) obj. 507834 iterations 3
Cbc0038I Pass  14: suminf.    0.65094 (3) obj. 507834 iterations 4
Cbc0038I Pass  15: suminf.    0.64368 (3) obj. 507834 iterations 5
Cbc0038I Pass  16: suminf.    0.94158 (3) obj. 507834 iterations 27
Cbc0038I Pass  17: suminf.    0.94158 (3) obj. 507834 iterations 0
Cbc0038I Pass  18: suminf.    0.00000 (0) obj. 507834 iterations 5
Cbc0038I Solution found of 507834
Cbc0038I Relaxing continuous gives 507828
Cbc0038I Before mini branch and bound, 7 integers at bound fixed and 78 continuous
Cbc0038I Full problem 119 rows 167 columns, reduced to 32 rows 41 columns
Cbc0038I Mini branch and bound did not improve solution (0.04 seconds)
Cbc0038I Round again with cutoff of 507790
Cbc0038I Pass  19: suminf.    1.14989 (4) obj. 507790 iterations 2
Cbc0038I Pass  20: suminf.    1.14243 (4) obj. 507790 iterations 3
Cbc0038I Pass  21: suminf.    1.14989 (4) obj. 507790 iterations 9
Cbc0038I Pass  22: suminf.    1.00317 (3) obj. 507790 iterations 1
Cbc0038I Pass  23: suminf.    0.27080 (1) obj. 507790 iterations 5
Cbc0038I Pass  24: suminf.    0.27080 (1) obj. 507790 iterations 2
Cbc0038I Pass  25: suminf.    2.13199 (7) obj. 507790 iterations 17
Cbc0038I Pass  26: suminf.    1.27846 (6) obj. 507790 iterations 2
Cbc0038I Pass  27: suminf.    1.27100 (5) obj. 507790 iterations 1
Cbc0038I Pass  28: suminf.    0.87499 (3) obj. 507790 iterations 11
Cbc0038I Pass  29: suminf.    0.27100 (2) obj. 507790 iterations 4
Cbc0038I Pass  30: suminf.    0.27100 (2) obj. 507790 iterations 2
Cbc0038I Pass  31: suminf.    1.28121 (4) obj. 507790 iterations 15
Cbc0038I Pass  32: suminf.    1.28121 (4) obj. 507790 iterations 1
Cbc0038I Pass  33: suminf.    0.27080 (1) obj. 507790 iterations 9
Cbc0038I Pass  34: suminf.    0.27080 (1) obj. 507790 iterations 5
Cbc0038I Pass  35: suminf.    3.51037 (9) obj. 507790 iterations 19
Cbc0038I Pass  36: suminf.    2.66343 (9) obj. 507790 iterations 2
Cbc0038I Pass  37: suminf.    2.12065 (7) obj. 507790 iterations 4
Cbc0038I Pass  38: suminf.    1.24544 (4) obj. 507790 iterations 5
Cbc0038I Pass  39: suminf.    0.42993 (1) obj. 507790 iterations 5
Cbc0038I Pass  40: suminf.    0.42993 (1) obj. 507790 iterations 3
Cbc0038I Pass  41: suminf.    0.89461 (3) obj. 507790 iterations 10
Cbc0038I Pass  42: suminf.    0.60888 (2) obj. 507790 iterations 4
Cbc0038I Pass  43: suminf.    0.42993 (1) obj. 507790 iterations 4
Cbc0038I Pass  44: suminf.    0.42993 (1) obj. 507790 iterations 2
Cbc0038I Pass  45: suminf.    1.28433 (3) obj. 507790 iterations 7
Cbc0038I Pass  46: suminf.    1.28433 (3) obj. 507790 iterations 1
Cbc0038I Pass  47: suminf.    1.28433 (3) obj. 507790 iterations 0
Cbc0038I Pass  48: suminf.    1.14243 (4) obj. 507790 iterations 20
Cbc0038I No solution found this major pass
Cbc0038I Before mini branch and bound, 2 integers at bound fixed and 66 continuous
Cbc0038I Full problem 119 rows 167 columns, reduced to 35 rows 46 columns
Cbc0038I Mini branch and bound improved solution from 507828 to 507814 (0.06 seconds)
Cbc0038I Round again with cutoff of 507755
Cbc0038I Pass  48: suminf.    1.55116 (5) obj. 507755 iterations 2
Cbc0038I Pass  49: suminf.    1.54369 (4) obj. 507755 iterations 1
Cbc0038I Pass  50: suminf.    1.54369 (4) obj. 507755 iterations 0
Cbc0038I Pass  51: suminf.    0.75495 (4) obj. 507755 iterations 10
Cbc0038I Pass  52: suminf.    0.67207 (4) obj. 507755 iterations 19
Cbc0038I Pass  53: suminf.    1.55116 (5) obj. 507755 iterations 11
Cbc0038I Pass  54: suminf.    1.54369 (4) obj. 507755 iterations 2
Cbc0038I Pass  55: suminf.    1.54369 (4) obj. 507755 iterations 0
Cbc0038I Pass  56: suminf.    0.75495 (4) obj. 507755 iterations 7
Cbc0038I Pass  57: suminf.    0.67207 (4) obj. 507755 iterations 20
Cbc0038I Pass  58: suminf.    1.55116 (5) obj. 507755 iterations 10
Cbc0038I Pass  59: suminf.    1.54369 (4) obj. 507755 iterations 1
Cbc0038I Pass  60: suminf.    1.54369 (4) obj. 507755 iterations 0
Cbc0038I Pass  61: suminf.    0.75495 (4) obj. 507755 iterations 7
Cbc0038I Pass  62: suminf.    0.67207 (4) obj. 507755 iterations 22
Cbc0038I Pass  63: suminf.    1.55116 (5) obj. 507755 iterations 11
Cbc0038I Pass  64: suminf.    1.54369 (4) obj. 507755 iterations 2
Cbc0038I Pass  65: suminf.    1.54369 (4) obj. 507755 iterations 0
Cbc0038I Pass  66: suminf.    0.75495 (4) obj. 507755 iterations 7
Cbc0038I Pass  67: suminf.    0.67207 (4) obj. 507755 iterations 20
Cbc0038I Pass  68: suminf.    1.55116 (5) obj. 507755 iterations 10
Cbc0038I Pass  69: suminf.    1.54369 (4) obj. 507755 iterations 1
Cbc0038I Pass  70: suminf.    1.54369 (4) obj. 507755 iterations 0
Cbc0038I Pass  71: suminf.    0.75495 (4) obj. 507755 iterations 7
Cbc0038I Pass  72: suminf.    0.67207 (4) obj. 507755 iterations 22
Cbc0038I Pass  73: suminf.    1.55116 (5) obj. 507755 iterations 11
Cbc0038I Pass  74: suminf.    1.54369 (4) obj. 507755 iterations 2
Cbc0038I Pass  75: suminf.    1.54369 (4) obj. 507755 iterations 0
Cbc0038I Pass  76: suminf.    0.75495 (4) obj. 507755 iterations 7
Cbc0038I Pass  77: suminf.    0.67207 (4) obj. 507755 iterations 22
Cbc0038I No solution found this major pass
Cbc0038I Before mini branch and bound, 13 integers at bound fixed and 83 continuous
Cbc0038I Full problem 119 rows 167 columns, reduced to 25 rows 31 columns
Cbc0038I Mini branch and bound did not improve solution (0.07 seconds)
Cbc0038I After 0.07 seconds - Feasibility pump exiting with objective of 507814 - took 0.06 seconds
Cbc0012I Integer solution of 507814.34 found by feasibility pump after 0 iterations and 0 nodes (0.07 seconds)
Cbc0012I Integer solution of 507801.5 found by DiveCoefficient after 0 iterations and 0 nodes (0.07 seconds)
Cbc0038I Full problem 119 rows 167 columns, reduced to 83 rows 131 columns
Cbc0031I 14 added rows had average density of 16.857143
Cbc0013I At root node, 14 cuts changed objective from 507701.96 to 507800.45 in 100 passes
Cbc0014I Cut generator 0 (Probing) - 18 row cuts average 2.0 elements, 0 column cuts (0 active)  in 0.023 seconds - new frequency is 1
Cbc0014I Cut generator 1 (Gomory) - 235 row cuts average 25.2 elements, 0 column cuts (0 active)  in 0.005 seconds - new frequency is 1
Cbc0014I Cut generator 2 (Knapsack) - 0 row cuts average 0.0 elements, 0 column cuts (0 active)  in 0.022 seconds - new frequency is -100
Cbc0014I Cut generator 3 (Clique) - 0 row cuts average 0.0 elements, 0 column cuts (0 active)  in 0.000 seconds - new frequency is -100
Cbc0014I Cut generator 4 (MixedIntegerRounding2) - 25 row cuts average 5.4 elements, 0 column cuts (0 active)  in 0.006 seconds - new frequency is 1
Cbc0014I Cut generator 5 (FlowCover) - 1 row cuts average 10.0 elements, 0 column cuts (0 active)  in 0.025 seconds - new frequency is -100
Cbc0014I Cut generator 6 (TwoMirCuts) - 32 row cuts average 10.3 elements, 0 column cuts (0 active)  in 0.003 seconds - new frequency is -100
Cbc0010I After 0 nodes, 1 on tree, 507801.5 best solution, best possible 507800.46 (0.21 seconds)
Cbc0001I Search completed - best objective 507801.4950789472, took 873 iterations and 2 nodes (0.21 seconds)
Cbc0032I Strong branching done 22 times (92 iterations), fathomed 1 nodes and fixed 3 variables
Cbc0035I Maximum depth 0, 0 variables fixed on reduced cost
Cuts at root node changed objective from 507702 to 507800
Probing was tried 103 times and created 18 cuts of which 0 were active after adding rounds of cuts (0.023 seconds)
Gomory was tried 103 times and created 237 cuts of which 0 were active after adding rounds of cuts (0.005 seconds)
Knapsack was tried 100 times and created 0 cuts of which 0 were active after adding rounds of cuts (0.022 seconds)
Clique was tried 100 times and created 0 cuts of which 0 were active after adding rounds of cuts (0.000 seconds)
MixedIntegerRounding2 was tried 103 times and created 25 cuts of which 0 were active after adding rounds of cuts (0.006 seconds)
FlowCover was tried 100 times and created 1 cuts of which 0 were active after adding rounds of cuts (0.025 seconds)
TwoMirCuts was tried 100 times and created 32 cuts of which 0 were active after adding rounds of cuts (0.003 seconds)
ZeroHalf was tried 1 times and created 0 cuts of which 0 were active after adding rounds of cuts (0.000 seconds)

Result - Optimal solution found

Objective value:                507801.49507895
Enumerated nodes:               2
Total iterations:               873
Time (CPU seconds):             0.22
Time (Wallclock seconds):       0.22

Option for printingOptions changed from normal to all
Total time (CPU seconds):       0.24   (Wallclock seconds):       0.24

