Welcome to the CBC MILP Solver 
Version: 2.10.3 
Build Date: Dec 15 2019 

command line - E:\dachuang\.venv\Lib\site-packages\pulp\apis\../solverdir/cbc/win/i64/cbc.exe model.mps -primalTolerance 1e-9 -integerTolerance 1e-9 -ratioGap 0 -allowableGap 0 -threads 0 -branch -printingOptions all -solution solution.txt -saveSolution solution.bin -quit (default strategy 1)
At line 2 NAME          MODEL
At line 3 ROWS
At line 317 COLUMNS
At line 1133 RHS
At line 1446 BOUNDS
At line 1521 ENDATA
Problem MODEL has 312 rows, 241 columns and 647 elements
Coin0008I MODEL read with 0 errors
primalTolerance was changed from 1e-07 to 1e-09
integerTolerance was changed from 1e-07 to 1e-09
ratioGap was changed from 0 to 0
allowableGap was changed from 1e-10 to 0
Continuous objective value is 475067 - 0.00 seconds
Cgl0004I processed model has 113 rows, 161 columns (24 integer (24 of which binary)) and 344 elements
Cbc0038I Initial state - 6 integers unsatisfied sum - 1.34875
Cbc0038I Pass   1: suminf.    0.00000 (0) obj. 475214 iterations 30
Cbc0038I Solution found of 475214
Cbc0038I Relaxing continuous gives 475214
Cbc0038I Before mini branch and bound, 18 integers at bound fixed and 85 continuous
Cbc0038I Full problem 113 rows 161 columns, reduced to 6 rows 7 columns
Cbc0038I Mini branch and bound did not improve solution (0.01 seconds)
Cbc0038I Round again with cutoff of 475199
Cbc0038I Pass   2: suminf.    0.12668 (1) obj. 475199 iterations 4
Cbc0038I Pass   3: suminf.    0.00000 (0) obj. 475199 iterations 3
Cbc0038I Solution found of 475199
Cbc0038I Relaxing continuous gives 475163
Cbc0038I Before mini branch and bound, 17 integers at bound fixed and 80 continuous
Cbc0038I Full problem 113 rows 161 columns, reduced to 14 rows 21 columns
Cbc0038I Mini branch and bound improved solution from 475163 to 475163 (0.02 seconds)
Cbc0038I Round again with cutoff of 475144
Cbc0038I Pass   4: suminf.    0.39766 (1) obj. 475144 iterations 1
Cbc0038I Pass   5: suminf.    0.18405 (1) obj. 475144 iterations 4
Cbc0038I Pass   6: suminf.    0.39766 (1) obj. 475144 iterations 1
Cbc0038I Pass   7: suminf.    0.63866 (2) obj. 475144 iterations 4
Cbc0038I Pass   8: suminf.    0.42505 (2) obj. 475144 iterations 5
Cbc0038I Pass   9: suminf.    0.39766 (1) obj. 475144 iterations 2
Cbc0038I Pass  10: suminf.    0.18405 (1) obj. 475144 iterations 1
Cbc0038I Pass  11: suminf.    1.81969 (5) obj. 475144 iterations 16
Cbc0038I Pass  12: suminf.    0.90405 (4) obj. 475144 iterations 3
Cbc0038I Pass  13: suminf.    0.39766 (1) obj. 475144 iterations 6
Cbc0038I Pass  14: suminf.    0.26305 (1) obj. 475144 iterations 1
Cbc0038I Pass  15: suminf.    0.75095 (3) obj. 475144 iterations 11
Cbc0038I Pass  16: suminf.    0.66305 (2) obj. 475144 iterations 3
Cbc0038I Pass  17: suminf.    0.66895 (2) obj. 475144 iterations 2
Cbc0038I Pass  18: suminf.    1.56495 (6) obj. 475144 iterations 24
Cbc0038I Pass  19: suminf.    1.18405 (5) obj. 475144 iterations 3
Cbc0038I Pass  20: suminf.    1.55405 (5) obj. 475144 iterations 3
Cbc0038I Pass  21: suminf.    1.55405 (5) obj. 475144 iterations 0
Cbc0038I Pass  22: suminf.    1.18405 (5) obj. 475144 iterations 2
Cbc0038I Pass  23: suminf.    2.65295 (10) obj. 475144 iterations 15
Cbc0038I Pass  24: suminf.    1.75055 (7) obj. 475144 iterations 5
Cbc0038I Pass  25: suminf.    1.55405 (5) obj. 475144 iterations 5
Cbc0038I Pass  26: suminf.    1.55405 (5) obj. 475144 iterations 0
Cbc0038I Pass  27: suminf.    1.18405 (5) obj. 475144 iterations 2
Cbc0038I Pass  28: suminf.    1.18405 (5) obj. 475144 iterations 0
Cbc0038I Pass  29: suminf.    2.13145 (8) obj. 475144 iterations 7
Cbc0038I Pass  30: suminf.    1.75055 (7) obj. 475144 iterations 3
Cbc0038I Pass  31: suminf.    1.55405 (5) obj. 475144 iterations 5
Cbc0038I Pass  32: suminf.    1.55405 (5) obj. 475144 iterations 0
Cbc0038I Pass  33: suminf.    1.18405 (5) obj. 475144 iterations 2
Cbc0038I No solution found this major pass
Cbc0038I Before mini branch and bound, 6 integers at bound fixed and 66 continuous
Cbc0038I Full problem 113 rows 161 columns, reduced to 26 rows 39 columns
Cbc0038I Mini branch and bound improved solution from 475163 to 475121 (0.03 seconds)
Cbc0038I Round again with cutoff of 475105
Cbc0038I Pass  33: suminf.    0.55607 (3) obj. 475105 iterations 2
Cbc0038I Pass  34: suminf.    0.55607 (3) obj. 475105 iterations 2
Cbc0038I Pass  35: suminf.    0.88583 (4) obj. 475105 iterations 6
Cbc0038I Pass  36: suminf.    0.63507 (3) obj. 475105 iterations 2
Cbc0038I Pass  37: suminf.    0.89007 (2) obj. 475105 iterations 7
Cbc0038I Pass  38: suminf.    0.89007 (2) obj. 475105 iterations 0
Cbc0038I Pass  39: suminf.    0.29007 (2) obj. 475105 iterations 4
Cbc0038I Pass  40: suminf.    0.29007 (2) obj. 475105 iterations 1
Cbc0038I Pass  41: suminf.    1.63807 (7) obj. 475105 iterations 13
Cbc0038I Pass  42: suminf.    1.55607 (6) obj. 475105 iterations 2
Cbc0038I Pass  43: suminf.    1.66007 (5) obj. 475105 iterations 7
Cbc0038I Pass  44: suminf.    1.66007 (5) obj. 475105 iterations 0
Cbc0038I Pass  45: suminf.    1.03507 (3) obj. 475105 iterations 6
Cbc0038I Pass  46: suminf.    1.03507 (3) obj. 475105 iterations 0
Cbc0038I Pass  47: suminf.    0.87009 (3) obj. 475105 iterations 4
Cbc0038I Pass  48: suminf.    0.55607 (3) obj. 475105 iterations 1
Cbc0038I Pass  49: suminf.    1.55607 (6) obj. 475105 iterations 12
Cbc0038I Pass  50: suminf.    1.55607 (6) obj. 475105 iterations 1
Cbc0038I Pass  51: suminf.    1.66007 (5) obj. 475105 iterations 7
Cbc0038I Pass  52: suminf.    1.66007 (5) obj. 475105 iterations 0
Cbc0038I Pass  53: suminf.    1.03507 (3) obj. 475105 iterations 6
Cbc0038I Pass  54: suminf.    1.03507 (3) obj. 475105 iterations 0
Cbc0038I Pass  55: suminf.    0.87009 (3) obj. 475105 iterations 4
Cbc0038I Pass  56: suminf.    0.55607 (3) obj. 475105 iterations 1
Cbc0038I Pass  57: suminf.    2.00207 (7) obj. 475105 iterations 11
Cbc0038I Pass  58: suminf.    1.66007 (5) obj. 475105 iterations 8
Cbc0038I Pass  59: suminf.    1.66007 (5) obj. 475105 iterations 0
Cbc0038I Pass  60: suminf.    1.03507 (3) obj. 475105 iterations 6
Cbc0038I Pass  61: suminf.    1.03507 (3) obj. 475105 iterations 0
Cbc0038I Pass  62: suminf.    0.87009 (3) obj. 475105 iterations 4
Cbc0038I No solution found this major pass
Cbc0038I Before mini branch and bound, 8 integers at bound fixed and 67 continuous
Cbc0038I Full problem 113 rows 161 columns, reduced to 29 rows 42 columns
Cbc0038I Mini branch and bound did not improve solution (0.04 seconds)
Cbc0038I After 0.04 seconds - Feasibility pump exiting with objective of 475121 - took 0.04 seconds
Cbc0012I Integer solution of 475121.19 found by feasibility pump after 0 iterations and 0 nodes (0.04 seconds)
Cbc0038I Full problem 113 rows 161 columns, reduced to 66 rows 114 columns
Cbc0031I 7 added rows had average density of 12.857143
Cbc0013I At root node, 8 cuts changed objective from 475066.69 to 475121.19 in 4 passes
Cbc0014I Cut generator 0 (Probing) - 2 row cuts average 2.0 elements, 12 column cuts (12 active)  in 0.000 seconds - new frequency is 1
Cbc0014I Cut generator 1 (Gomory) - 9 row cuts average 23.2 elements, 0 column cuts (0 active)  in 0.001 seconds - new frequency is 1
Cbc0014I Cut generator 2 (Knapsack) - 0 row cuts average 0.0 elements, 0 column cuts (0 active)  in 0.002 seconds - new frequency is -100
Cbc0014I Cut generator 3 (Clique) - 0 row cuts average 0.0 elements, 0 column cuts (0 active)  in 0.000 seconds - new frequency is -100
Cbc0014I Cut generator 4 (MixedIntegerRounding2) - 4 row cuts average 4.5 elements, 0 column cuts (0 active)  in 0.000 seconds - new frequency is 1
Cbc0014I Cut generator 5 (FlowCover) - 0 row cuts average 0.0 elements, 0 column cuts (0 active)  in 0.001 seconds - new frequency is -100
Cbc0014I Cut generator 6 (TwoMirCuts) - 9 row cuts average 18.2 elements, 0 column cuts (0 active)  in 0.000 seconds - new frequency is -100
Cbc0001I Search completed - best objective 475121.1882500002, took 31 iterations and 0 nodes (0.06 seconds)
Cbc0035I Maximum depth 0, 0 variables fixed on reduced cost
Cuts at root node changed objective from 475067 to 475121
Probing was tried 4 times and created 14 cuts of which 0 were active after adding rounds of cuts (0.000 seconds)
Gomory was tried 4 times and created 9 cuts of which 0 were active after adding rounds of cuts (0.001 seconds)
Knapsack was tried 4 times and created 0 cuts of which 0 were active after adding rounds of cuts (0.002 seconds)
Clique was tried 4 times and created 0 cuts of which 0 were active after adding rounds of cuts (0.000 seconds)
MixedIntegerRounding2 was tried 4 times and created 4 cuts of which 0 were active after adding rounds of cuts (0.000 seconds)
FlowCover was tried 4 times and created 0 cuts of which 0 were active after adding rounds of cuts (0.001 seconds)
TwoMirCuts was tried 4 times and created 9 cuts of which 0 were active after adding rounds of cuts (0.000 seconds)
ZeroHalf was tried 1 times and created 0 cuts of which 0 were active after adding rounds of cuts (0.000 seconds)

Result - Optimal solution found

Objective value:                475121.18825000
Enumerated nodes:               0
Total iterations:               31
Time (CPU seconds):             0.06
Time (Wallclock seconds):       0.06

Option for printingOptions changed from normal to all
Total time (CPU seconds):       0.08   (Wallclock seconds):       0.08

