Welcome to the CBC MILP Solver 
Version: 2.10.3 
Build Date: Dec 15 2019 

command line - E:\dachuang\.venv\Lib\site-packages\pulp\apis\../solverdir/cbc/win/i64/cbc.exe model.mps -primalTolerance 1e-9 -integerTolerance 1e-9 -ratioGap 0 -allowableGap 0 -threads 0 -branch -printingOptions all -solution solution.txt -saveSolution solution.bin -quit (default strategy 1)
At line 2 NAME          MODEL
At line 3 ROWS
At line 317 COLUMNS
At line 1133 RHS
At line 1446 BOUNDS
At line 1521 ENDATA
Problem MODEL has 312 rows, 241 columns and 647 elements
Coin0008I MODEL read with 0 errors
primalTolerance was changed from 1e-07 to 1e-09
integerTolerance was changed from 1e-07 to 1e-09
ratioGap was changed from 0 to 0
allowableGap was changed from 1e-10 to 0
Continuous objective value is 479289 - 0.00 seconds
Cgl0004I processed model has 115 rows, 163 columns (24 integer (24 of which binary)) and 348 elements
Cbc0038I Initial state - 8 integers unsatisfied sum - 1.99714
Cbc0038I Pass   1: suminf.    0.00000 (0) obj. 538395 iterations 21
Cbc0038I Solution found of 538395
Cbc0038I Relaxing continuous gives 479509
Cbc0038I Before mini branch and bound, 16 integers at bound fixed and 83 continuous
Cbc0038I Full problem 115 rows 163 columns, reduced to 5 rows 7 columns
Cbc0038I Mini branch and bound did not improve solution (0.01 seconds)
Cbc0038I Round again with cutoff of 479487
Cbc0038I Pass   2: suminf.    0.18998 (1) obj. 479487 iterations 3
Cbc0038I Pass   3: suminf.    0.00000 (0) obj. 479487 iterations 5
Cbc0038I Solution found of 479487
Cbc0038I Relaxing continuous gives 479448
Cbc0038I Before mini branch and bound, 16 integers at bound fixed and 82 continuous
Cbc0038I Full problem 115 rows 163 columns, reduced to 6 rows 10 columns
Cbc0038I Mini branch and bound did not improve solution (0.01 seconds)
Cbc0038I Round again with cutoff of 479416
Cbc0038I Pass   4: suminf.    0.30415 (2) obj. 479416 iterations 1
Cbc0038I Pass   5: suminf.    0.30415 (1) obj. 479416 iterations 4
Cbc0038I Pass   6: suminf.    0.37215 (1) obj. 479416 iterations 3
Cbc0038I Pass   7: suminf.    0.88302 (4) obj. 479416 iterations 9
Cbc0038I Pass   8: suminf.    0.88302 (4) obj. 479416 iterations 4
Cbc0038I Pass   9: suminf.    1.02785 (3) obj. 479416 iterations 13
Cbc0038I Pass  10: suminf.    0.83177 (3) obj. 479416 iterations 3
Cbc0038I Pass  11: suminf.    0.88302 (4) obj. 479416 iterations 4
Cbc0038I Pass  12: suminf.    1.44485 (6) obj. 479416 iterations 18
Cbc0038I Pass  13: suminf.    1.30415 (5) obj. 479416 iterations 2
Cbc0038I Pass  14: suminf.    1.44485 (5) obj. 479416 iterations 3
Cbc0038I Pass  15: suminf.    1.30415 (5) obj. 479416 iterations 3
Cbc0038I Pass  16: suminf.    1.44485 (6) obj. 479416 iterations 10
Cbc0038I Pass  17: suminf.    1.30415 (5) obj. 479416 iterations 5
Cbc0038I Pass  18: suminf.    1.44485 (5) obj. 479416 iterations 3
Cbc0038I Pass  19: suminf.    1.51759 (6) obj. 479416 iterations 23
Cbc0038I Pass  20: suminf.    1.30415 (6) obj. 479416 iterations 1
Cbc0038I Pass  21: suminf.    1.40815 (5) obj. 479416 iterations 9
Cbc0038I Pass  22: suminf.    1.40815 (5) obj. 479416 iterations 0
Cbc0038I Pass  23: suminf.    0.99659 (4) obj. 479416 iterations 7
Cbc0038I Pass  24: suminf.    0.78315 (4) obj. 479416 iterations 1
Cbc0038I Pass  25: suminf.    1.03815 (4) obj. 479416 iterations 6
Cbc0038I Pass  26: suminf.    1.03815 (4) obj. 479416 iterations 0
Cbc0038I Pass  27: suminf.    1.75859 (7) obj. 479416 iterations 11
Cbc0038I Pass  28: suminf.    1.54515 (7) obj. 479416 iterations 3
Cbc0038I Pass  29: suminf.    1.40815 (5) obj. 479416 iterations 10
Cbc0038I Pass  30: suminf.    1.40815 (5) obj. 479416 iterations 0
Cbc0038I Pass  31: suminf.    0.99659 (4) obj. 479416 iterations 7
Cbc0038I Pass  32: suminf.    0.78315 (4) obj. 479416 iterations 1
Cbc0038I Pass  33: suminf.    1.03815 (4) obj. 479416 iterations 6
Cbc0038I No solution found this major pass
Cbc0038I Before mini branch and bound, 5 integers at bound fixed and 65 continuous
Cbc0038I Full problem 115 rows 163 columns, reduced to 33 rows 48 columns
Cbc0038I Mini branch and bound improved solution from 479448 to 479366 (0.03 seconds)
Cbc0038I Round again with cutoff of 479343
Cbc0038I Pass  33: suminf.    1.00403 (4) obj. 479343 iterations 8
Cbc0038I Pass  34: suminf.    1.00403 (4) obj. 479343 iterations 10
Cbc0038I Pass  35: suminf.    1.48303 (4) obj. 479343 iterations 6
Cbc0038I Pass  36: suminf.    1.48303 (4) obj. 479343 iterations 4
Cbc0038I Pass  37: suminf.    1.37260 (4) obj. 479343 iterations 5
Cbc0038I Pass  38: suminf.    1.82697 (8) obj. 479343 iterations 16
Cbc0038I Pass  39: suminf.    1.53165 (6) obj. 479343 iterations 4
Cbc0038I Pass  40: suminf.    1.74497 (6) obj. 479343 iterations 7
Cbc0038I Pass  41: suminf.    1.53165 (6) obj. 479343 iterations 6
Cbc0038I Pass  42: suminf.    1.53165 (6) obj. 479343 iterations 2
Cbc0038I Pass  43: suminf.    1.74497 (6) obj. 479343 iterations 4
Cbc0038I Pass  44: suminf.    1.53165 (6) obj. 479343 iterations 2
Cbc0038I Pass  45: suminf.    1.00403 (4) obj. 479343 iterations 14
Cbc0038I Pass  46: suminf.    1.00403 (4) obj. 479343 iterations 1
Cbc0038I Pass  47: suminf.    1.11497 (4) obj. 479343 iterations 3
Cbc0038I Pass  48: suminf.    1.29947 (6) obj. 479343 iterations 20
Cbc0038I Pass  49: suminf.    1.00403 (5) obj. 479343 iterations 3
Cbc0038I Pass  50: suminf.    1.58747 (5) obj. 479343 iterations 6
Cbc0038I Pass  51: suminf.    1.37403 (5) obj. 479343 iterations 1
Cbc0038I Pass  52: suminf.    1.21747 (5) obj. 479343 iterations 3
Cbc0038I Pass  53: suminf.    1.11497 (3) obj. 479343 iterations 6
Cbc0038I Pass  54: suminf.    0.73803 (3) obj. 479343 iterations 4
Cbc0038I Pass  55: suminf.    1.11497 (3) obj. 479343 iterations 3
Cbc0038I Pass  56: suminf.    1.72597 (6) obj. 479343 iterations 12
Cbc0038I Pass  57: suminf.    1.61503 (6) obj. 479343 iterations 2
Cbc0038I Pass  58: suminf.    1.11497 (4) obj. 479343 iterations 5
Cbc0038I Pass  59: suminf.    1.00403 (4) obj. 479343 iterations 1
Cbc0038I Pass  60: suminf.    0.77298 (4) obj. 479343 iterations 18
Cbc0038I Pass  61: suminf.    1.09090 (3) obj. 479343 iterations 10
Cbc0038I Pass  62: suminf.    0.73803 (3) obj. 479343 iterations 1
Cbc0038I No solution found this major pass
Cbc0038I Before mini branch and bound, 5 integers at bound fixed and 66 continuous
Cbc0038I Full problem 115 rows 163 columns, reduced to 30 rows 42 columns
Cbc0038I Mini branch and bound did not improve solution (0.04 seconds)
Cbc0038I After 0.04 seconds - Feasibility pump exiting with objective of 479366 - took 0.04 seconds
Cbc0012I Integer solution of 479365.86 found by feasibility pump after 0 iterations and 0 nodes (0.04 seconds)
Cbc0038I Full problem 115 rows 163 columns, reduced to 77 rows 125 columns
Cbc0031I 13 added rows had average density of 32.615385
Cbc0013I At root node, 13 cuts changed objective from 479288.54 to 479353.93 in 100 passes
Cbc0014I Cut generator 0 (Probing) - 2 row cuts average 2.0 elements, 6 column cuts (6 active)  in 0.010 seconds - new frequency is 1
Cbc0014I Cut generator 1 (Gomory) - 133 row cuts average 53.8 elements, 0 column cuts (0 active)  in 0.009 seconds - new frequency is 1
Cbc0014I Cut generator 2 (Knapsack) - 0 row cuts average 0.0 elements, 0 column cuts (0 active)  in 0.014 seconds - new frequency is -100
Cbc0014I Cut generator 3 (Clique) - 0 row cuts average 0.0 elements, 0 column cuts (0 active)  in 0.002 seconds - new frequency is -100
Cbc0014I Cut generator 4 (MixedIntegerRounding2) - 7 row cuts average 4.3 elements, 0 column cuts (0 active)  in 0.008 seconds - new frequency is -100
Cbc0014I Cut generator 5 (FlowCover) - 0 row cuts average 0.0 elements, 0 column cuts (0 active)  in 0.021 seconds - new frequency is -100
Cbc0014I Cut generator 6 (TwoMirCuts) - 19 row cuts average 18.1 elements, 0 column cuts (0 active)  in 0.009 seconds - new frequency is -100
Cbc0010I After 0 nodes, 1 on tree, 479365.86 best solution, best possible 479353.93 (0.17 seconds)
Cbc0001I Search completed - best objective 479365.8642659295, took 560 iterations and 14 nodes (0.20 seconds)
Cbc0032I Strong branching done 56 times (198 iterations), fathomed 4 nodes and fixed 2 variables
Cbc0035I Maximum depth 5, 0 variables fixed on reduced cost
Cuts at root node changed objective from 479289 to 479354
Probing was tried 115 times and created 8 cuts of which 0 were active after adding rounds of cuts (0.011 seconds)
Gomory was tried 115 times and created 139 cuts of which 0 were active after adding rounds of cuts (0.012 seconds)
Knapsack was tried 100 times and created 0 cuts of which 0 were active after adding rounds of cuts (0.014 seconds)
Clique was tried 100 times and created 0 cuts of which 0 were active after adding rounds of cuts (0.002 seconds)
MixedIntegerRounding2 was tried 100 times and created 7 cuts of which 0 were active after adding rounds of cuts (0.008 seconds)
FlowCover was tried 100 times and created 0 cuts of which 0 were active after adding rounds of cuts (0.021 seconds)
TwoMirCuts was tried 100 times and created 19 cuts of which 0 were active after adding rounds of cuts (0.009 seconds)
ZeroHalf was tried 1 times and created 0 cuts of which 0 were active after adding rounds of cuts (0.000 seconds)

Result - Optimal solution found

Objective value:                479365.86426593
Enumerated nodes:               14
Total iterations:               560
Time (CPU seconds):             0.21
Time (Wallclock seconds):       0.21

Option for printingOptions changed from normal to all
Total time (CPU seconds):       0.23   (Wallclock seconds):       0.23

