Welcome to the CBC MILP Solver 
Version: 2.10.3 
Build Date: Dec 15 2019 

command line - E:\dachuang\.venv\Lib\site-packages\pulp\apis\../solverdir/cbc/win/i64/cbc.exe model.mps -primalTolerance 1e-9 -integerTolerance 1e-9 -ratioGap 0 -allowableGap 0 -threads 0 -branch -printingOptions all -solution solution.txt -saveSolution solution.bin -quit (default strategy 1)
At line 2 NAME          MODEL
At line 3 ROWS
At line 317 COLUMNS
At line 1133 RHS
At line 1446 BOUNDS
At line 1521 ENDATA
Problem MODEL has 312 rows, 241 columns and 647 elements
Coin0008I MODEL read with 0 errors
primalTolerance was changed from 1e-07 to 1e-09
integerTolerance was changed from 1e-07 to 1e-09
ratioGap was changed from 0 to 0
allowableGap was changed from 1e-10 to 0
Continuous objective value is 459633 - 0.00 seconds
Cgl0003I 0 fixed, 0 tightened bounds, 3 strengthened rows, 0 substitutions
Cgl0004I processed model has 119 rows, 167 columns (24 integer (24 of which binary)) and 356 elements
Cbc0038I Initial state - 15 integers unsatisfied sum - 5.69136
Cbc0038I Pass   1: suminf.    0.00000 (0) obj. 507018 iterations 21
Cbc0038I Solution found of 507018
Cbc0038I Relaxing continuous gives 464751
Cbc0038I Before mini branch and bound, 9 integers at bound fixed and 78 continuous
Cbc0038I Full problem 119 rows 167 columns, reduced to 16 rows 19 columns
Cbc0038I Mini branch and bound improved solution from 464751 to 462342 (0.01 seconds)
Cbc0038I Round again with cutoff of 462071
Cbc0038I Pass   2: suminf.    0.58331 (3) obj. 462071 iterations 8
Cbc0038I Pass   3: suminf.    0.08874 (2) obj. 462071 iterations 7
Cbc0038I Solution found of 462071
Cbc0038I Relaxing continuous gives 461820
Cbc0038I Before mini branch and bound, 9 integers at bound fixed and 77 continuous
Cbc0038I Full problem 119 rows 167 columns, reduced to 17 rows 21 columns
Cbc0038I Mini branch and bound improved solution from 461820 to 461820 (0.02 seconds)
Cbc0038I Freeing continuous variables gives a solution of 461684
Cbc0038I Round again with cutoff of 461274
Cbc0038I Pass   4: suminf.    1.00504 (4) obj. 461274 iterations 6
Cbc0038I Pass   5: suminf.    0.90506 (5) obj. 461274 iterations 6
Cbc0038I Pass   6: suminf.    1.19940 (4) obj. 461274 iterations 11
Cbc0038I Pass   7: suminf.    1.25065 (4) obj. 461274 iterations 5
Cbc0038I Pass   8: suminf.    1.25065 (4) obj. 461274 iterations 0
Cbc0038I Pass   9: suminf.    0.82353 (3) obj. 461274 iterations 6
Cbc0038I Pass  10: suminf.    0.82353 (3) obj. 461274 iterations 0
Cbc0038I Pass  11: suminf.    0.69020 (3) obj. 461274 iterations 1
Cbc0038I Pass  12: suminf.    0.69020 (3) obj. 461274 iterations 0
Cbc0038I Pass  13: suminf.    1.14909 (4) obj. 461274 iterations 6
Cbc0038I Pass  14: suminf.    0.82353 (3) obj. 461274 iterations 2
Cbc0038I Pass  15: suminf.    0.82353 (3) obj. 461274 iterations 0
Cbc0038I Pass  16: suminf.    0.69020 (3) obj. 461274 iterations 1
Cbc0038I Pass  17: suminf.    0.69020 (3) obj. 461274 iterations 0
Cbc0038I Pass  18: suminf.    1.55398 (7) obj. 461274 iterations 25
Cbc0038I Pass  19: suminf.    1.55398 (7) obj. 461274 iterations 2
Cbc0038I Pass  20: suminf.    1.42673 (5) obj. 461274 iterations 15
Cbc0038I Pass  21: suminf.    1.42673 (5) obj. 461274 iterations 0
Cbc0038I Pass  22: suminf.    0.91753 (4) obj. 461274 iterations 9
Cbc0038I Pass  23: suminf.    0.91753 (4) obj. 461274 iterations 0
Cbc0038I Pass  24: suminf.    1.29607 (4) obj. 461274 iterations 1
Cbc0038I Pass  25: suminf.    1.53448 (5) obj. 461274 iterations 14
Cbc0038I Pass  26: suminf.    1.25065 (4) obj. 461274 iterations 9
Cbc0038I Pass  27: suminf.    1.25065 (4) obj. 461274 iterations 0
Cbc0038I Pass  28: suminf.    0.82353 (3) obj. 461274 iterations 4
Cbc0038I Pass  29: suminf.    0.82353 (3) obj. 461274 iterations 0
Cbc0038I Pass  30: suminf.    0.69020 (3) obj. 461274 iterations 1
Cbc0038I Pass  31: suminf.    0.69020 (3) obj. 461274 iterations 0
Cbc0038I Pass  32: suminf.    2.31629 (8) obj. 461274 iterations 22
Cbc0038I Pass  33: suminf.    0.99415 (4) obj. 461274 iterations 9
Cbc0038I No solution found this major pass
Cbc0038I Before mini branch and bound, 3 integers at bound fixed and 64 continuous
Cbc0038I Full problem 119 rows 167 columns, reduced to 34 rows 47 columns
Cbc0038I Mini branch and bound improved solution from 461684 to 461298 (0.03 seconds)
Cbc0038I Round again with cutoff of 460781
Cbc0038I Pass  33: suminf.    1.94952 (8) obj. 460781 iterations 7
Cbc0038I Pass  34: suminf.    1.94952 (8) obj. 460781 iterations 5
Cbc0038I Pass  35: suminf.    1.84653 (6) obj. 460781 iterations 8
Cbc0038I Pass  36: suminf.    1.84653 (6) obj. 460781 iterations 0
Cbc0038I Pass  37: suminf.    1.73466 (6) obj. 460781 iterations 4
Cbc0038I Pass  38: suminf.    1.73466 (6) obj. 460781 iterations 0
Cbc0038I Pass  39: suminf.    1.81689 (6) obj. 460781 iterations 1
Cbc0038I Pass  40: suminf.    1.81689 (6) obj. 460781 iterations 0
Cbc0038I Pass  41: suminf.    1.73466 (6) obj. 460781 iterations 1
Cbc0038I Pass  42: suminf.    2.75455 (9) obj. 460781 iterations 16
Cbc0038I Pass  43: suminf.    2.75455 (9) obj. 460781 iterations 1
Cbc0038I Pass  44: suminf.    2.68247 (7) obj. 460781 iterations 6
Cbc0038I Pass  45: suminf.    2.68247 (7) obj. 460781 iterations 1
Cbc0038I Pass  46: suminf.    2.14136 (6) obj. 460781 iterations 3
Cbc0038I Pass  47: suminf.    2.14136 (6) obj. 460781 iterations 1
Cbc0038I Pass  48: suminf.    2.22358 (6) obj. 460781 iterations 2
Cbc0038I Pass  49: suminf.    2.22358 (6) obj. 460781 iterations 1
Cbc0038I Pass  50: suminf.    3.08037 (10) obj. 460781 iterations 11
Cbc0038I Pass  51: suminf.    2.71725 (10) obj. 460781 iterations 2
Cbc0038I Pass  52: suminf.    2.68247 (7) obj. 460781 iterations 9
Cbc0038I Pass  53: suminf.    2.68247 (7) obj. 460781 iterations 1
Cbc0038I Pass  54: suminf.    2.14136 (6) obj. 460781 iterations 3
Cbc0038I Pass  55: suminf.    2.14136 (6) obj. 460781 iterations 1
Cbc0038I Pass  56: suminf.    2.22358 (6) obj. 460781 iterations 2
Cbc0038I Pass  57: suminf.    2.22358 (6) obj. 460781 iterations 1
Cbc0038I Pass  58: suminf.    2.38358 (7) obj. 460781 iterations 5
Cbc0038I Pass  59: suminf.    2.14136 (6) obj. 460781 iterations 3
Cbc0038I Pass  60: suminf.    2.14136 (6) obj. 460781 iterations 1
Cbc0038I Pass  61: suminf.    2.22358 (6) obj. 460781 iterations 2
Cbc0038I Pass  62: suminf.    2.22358 (6) obj. 460781 iterations 1
Cbc0038I No solution found this major pass
Cbc0038I Before mini branch and bound, 2 integers at bound fixed and 69 continuous
Cbc0038I Full problem 119 rows 167 columns, reduced to 25 rows 33 columns
Cbc0038I Mini branch and bound did not improve solution (0.04 seconds)
Cbc0038I After 0.04 seconds - Feasibility pump exiting with objective of 461298 - took 0.04 seconds
Cbc0012I Integer solution of 461297.59 found by feasibility pump after 0 iterations and 0 nodes (0.04 seconds)
Cbc0038I Full problem 119 rows 167 columns, reduced to 94 rows 142 columns - 4 fixed gives 83, 131 - ok now
Cbc0038I Full problem 119 rows 167 columns, reduced to 83 rows 131 columns
Cbc0031I 17 added rows had average density of 14.294118
Cbc0013I At root node, 17 cuts changed objective from 459632.55 to 461297.59 in 14 passes
Cbc0014I Cut generator 0 (Probing) - 7 row cuts average 3.6 elements, 7 column cuts (7 active)  in 0.003 seconds - new frequency is 1
Cbc0014I Cut generator 1 (Gomory) - 44 row cuts average 35.5 elements, 0 column cuts (0 active)  in 0.001 seconds - new frequency is 1
Cbc0014I Cut generator 2 (Knapsack) - 0 row cuts average 0.0 elements, 0 column cuts (0 active)  in 0.002 seconds - new frequency is -100
Cbc0014I Cut generator 3 (Clique) - 0 row cuts average 0.0 elements, 0 column cuts (0 active)  in 0.001 seconds - new frequency is -100
Cbc0014I Cut generator 4 (MixedIntegerRounding2) - 9 row cuts average 4.6 elements, 0 column cuts (0 active)  in 0.000 seconds - new frequency is 1
Cbc0014I Cut generator 5 (FlowCover) - 0 row cuts average 0.0 elements, 0 column cuts (0 active)  in 0.001 seconds - new frequency is -100
Cbc0014I Cut generator 6 (TwoMirCuts) - 27 row cuts average 21.3 elements, 0 column cuts (0 active)  in 0.003 seconds - new frequency is -100
Cbc0001I Search completed - best objective 461297.5901752154, took 93 iterations and 0 nodes (0.07 seconds)
Cbc0032I Strong branching done 8 times (27 iterations), fathomed 1 nodes and fixed 0 variables
Cbc0035I Maximum depth 0, 0 variables fixed on reduced cost
Cuts at root node changed objective from 459633 to 461298
Probing was tried 14 times and created 14 cuts of which 0 were active after adding rounds of cuts (0.003 seconds)
Gomory was tried 14 times and created 44 cuts of which 0 were active after adding rounds of cuts (0.001 seconds)
Knapsack was tried 14 times and created 0 cuts of which 0 were active after adding rounds of cuts (0.002 seconds)
Clique was tried 14 times and created 0 cuts of which 0 were active after adding rounds of cuts (0.001 seconds)
MixedIntegerRounding2 was tried 14 times and created 9 cuts of which 0 were active after adding rounds of cuts (0.000 seconds)
FlowCover was tried 14 times and created 0 cuts of which 0 were active after adding rounds of cuts (0.001 seconds)
TwoMirCuts was tried 14 times and created 27 cuts of which 0 were active after adding rounds of cuts (0.003 seconds)
ZeroHalf was tried 1 times and created 0 cuts of which 0 were active after adding rounds of cuts (0.000 seconds)

Result - Optimal solution found

Objective value:                461297.59017522
Enumerated nodes:               0
Total iterations:               93
Time (CPU seconds):             0.07
Time (Wallclock seconds):       0.07

Option for printingOptions changed from normal to all
Total time (CPU seconds):       0.09   (Wallclock seconds):       0.09

