Welcome to the CBC MILP Solver 
Version: 2.10.3 
Build Date: Dec 15 2019 

command line - E:\dachuang\.venv\Lib\site-packages\pulp\apis\../solverdir/cbc/win/i64/cbc.exe model.mps -primalTolerance 1e-9 -integerTolerance 1e-9 -ratioGap 0 -allowableGap 0 -threads 0 -branch -printingOptions all -solution solution.txt -saveSolution solution.bin -quit (default strategy 1)
At line 2 NAME          MODEL
At line 3 ROWS
At line 317 COLUMNS
At line 1133 RHS
At line 1446 BOUNDS
At line 1521 ENDATA
Problem MODEL has 312 rows, 241 columns and 647 elements
Coin0008I MODEL read with 0 errors
primalTolerance was changed from 1e-07 to 1e-09
integerTolerance was changed from 1e-07 to 1e-09
ratioGap was changed from 0 to 0
allowableGap was changed from 1e-10 to 0
Continuous objective value is 476287 - 0.00 seconds
Cgl0003I 0 fixed, 0 tightened bounds, 13 strengthened rows, 0 substitutions
Cgl0003I 0 fixed, 0 tightened bounds, 1 strengthened rows, 0 substitutions
Cgl0004I processed model has 119 rows, 167 columns (24 integer (24 of which binary)) and 356 elements
Cbc0038I Initial state - 13 integers unsatisfied sum - 4.53838
Cbc0038I Pass   1: suminf.    0.00000 (0) obj. 479765 iterations 19
Cbc0038I Solution found of 479765
Cbc0038I Relaxing continuous gives 478862
Cbc0038I Before mini branch and bound, 11 integers at bound fixed and 81 continuous
Cbc0038I Full problem 119 rows 167 columns, reduced to 16 rows 19 columns
Cbc0038I Mini branch and bound improved solution from 478862 to 478290 (0.02 seconds)
Cbc0038I Round again with cutoff of 478106
Cbc0038I Pass   2: suminf.    0.25760 (2) obj. 478106 iterations 10
Cbc0038I Pass   3: suminf.    0.00000 (0) obj. 478106 iterations 7
Cbc0038I Solution found of 478106
Cbc0038I Relaxing continuous gives 477742
Cbc0038I Before mini branch and bound, 10 integers at bound fixed and 79 continuous
Cbc0038I Full problem 119 rows 167 columns, reduced to 16 rows 21 columns
Cbc0038I Mini branch and bound did not improve solution (0.02 seconds)
Cbc0038I Round again with cutoff of 477483
Cbc0038I Pass   4: suminf.    0.66970 (3) obj. 477483 iterations 5
Cbc0038I Pass   5: suminf.    0.66970 (3) obj. 477483 iterations 0
Cbc0038I Pass   6: suminf.    0.64611 (3) obj. 477483 iterations 17
Cbc0038I Pass   7: suminf.    0.64611 (3) obj. 477483 iterations 0
Cbc0038I Pass   8: suminf.    1.23585 (3) obj. 477483 iterations 7
Cbc0038I Pass   9: suminf.    0.65558 (3) obj. 477483 iterations 5
Cbc0038I Pass  10: suminf.    0.53603 (3) obj. 477483 iterations 15
Cbc0038I Pass  11: suminf.    0.53603 (3) obj. 477483 iterations 1
Cbc0038I Pass  12: suminf.    1.76215 (4) obj. 477483 iterations 7
Cbc0038I Pass  13: suminf.    0.28650 (3) obj. 477483 iterations 4
Cbc0038I Pass  14: suminf.    0.27809 (3) obj. 477483 iterations 3
Cbc0038I Pass  15: suminf.    1.90465 (4) obj. 477483 iterations 8
Cbc0038I Pass  16: suminf.    0.92932 (2) obj. 477483 iterations 7
Cbc0038I Pass  17: suminf.    0.28650 (3) obj. 477483 iterations 6
Cbc0038I Pass  18: suminf.    1.70571 (6) obj. 477483 iterations 25
Cbc0038I Pass  19: suminf.    1.62200 (5) obj. 477483 iterations 4
Cbc0038I Pass  20: suminf.    1.24526 (5) obj. 477483 iterations 2
Cbc0038I Pass  21: suminf.    1.68672 (4) obj. 477483 iterations 6
Cbc0038I Pass  22: suminf.    1.44473 (4) obj. 477483 iterations 4
Cbc0038I Pass  23: suminf.    1.21071 (3) obj. 477483 iterations 6
Cbc0038I Pass  24: suminf.    1.21071 (3) obj. 477483 iterations 1
Cbc0038I Pass  25: suminf.    0.54680 (4) obj. 477483 iterations 4
Cbc0038I Pass  26: suminf.    0.54730 (3) obj. 477483 iterations 1
Cbc0038I Pass  27: suminf.    2.15943 (5) obj. 477483 iterations 6
Cbc0038I Pass  28: suminf.    0.54680 (4) obj. 477483 iterations 4
Cbc0038I Pass  29: suminf.    1.42979 (4) obj. 477483 iterations 15
Cbc0038I Pass  30: suminf.    0.53236 (3) obj. 477483 iterations 9
Cbc0038I Pass  31: suminf.    0.53236 (3) obj. 477483 iterations 2
Cbc0038I Pass  32: suminf.    0.53236 (3) obj. 477483 iterations 8
Cbc0038I Pass  33: suminf.    0.53236 (3) obj. 477483 iterations 0
Cbc0038I No solution found this major pass
Cbc0038I Before mini branch and bound, 5 integers at bound fixed and 71 continuous
Cbc0038I Full problem 119 rows 167 columns, reduced to 31 rows 41 columns
Cbc0038I Mini branch and bound improved solution from 477742 to 477587 (0.05 seconds)
Cbc0038I Round again with cutoff of 477172
Cbc0038I Pass  33: suminf.    1.40289 (5) obj. 477172 iterations 5
Cbc0038I Pass  34: suminf.    1.40289 (5) obj. 477172 iterations 0
Cbc0038I Pass  35: suminf.    1.93715 (5) obj. 477172 iterations 14
Cbc0038I Pass  36: suminf.    1.90515 (4) obj. 477172 iterations 1
Cbc0038I Pass  37: suminf.    1.89010 (4) obj. 477172 iterations 3
Cbc0038I Pass  38: suminf.    1.38669 (5) obj. 477172 iterations 5
Cbc0038I Pass  39: suminf.    1.37135 (5) obj. 477172 iterations 4
Cbc0038I Pass  40: suminf.    1.98844 (6) obj. 477172 iterations 11
Cbc0038I Pass  41: suminf.    1.95644 (5) obj. 477172 iterations 1
Cbc0038I Pass  42: suminf.    1.89010 (4) obj. 477172 iterations 4
Cbc0038I Pass  43: suminf.    1.38669 (5) obj. 477172 iterations 6
Cbc0038I Pass  44: suminf.    1.37135 (5) obj. 477172 iterations 4
Cbc0038I Pass  45: suminf.    1.98844 (6) obj. 477172 iterations 11
Cbc0038I Pass  46: suminf.    1.95644 (5) obj. 477172 iterations 1
Cbc0038I Pass  47: suminf.    1.89010 (4) obj. 477172 iterations 4
Cbc0038I Pass  48: suminf.    1.38669 (5) obj. 477172 iterations 6
Cbc0038I Pass  49: suminf.    1.37135 (5) obj. 477172 iterations 4
Cbc0038I Pass  50: suminf.    1.98844 (6) obj. 477172 iterations 11
Cbc0038I Pass  51: suminf.    1.95644 (5) obj. 477172 iterations 1
Cbc0038I Pass  52: suminf.    1.89010 (4) obj. 477172 iterations 4
Cbc0038I Pass  53: suminf.    1.38669 (5) obj. 477172 iterations 6
Cbc0038I Pass  54: suminf.    1.37135 (5) obj. 477172 iterations 4
Cbc0038I Pass  55: suminf.    1.98844 (6) obj. 477172 iterations 11
Cbc0038I Pass  56: suminf.    1.95644 (5) obj. 477172 iterations 1
Cbc0038I Pass  57: suminf.    1.89010 (4) obj. 477172 iterations 4
Cbc0038I Pass  58: suminf.    1.38669 (5) obj. 477172 iterations 6
Cbc0038I Pass  59: suminf.    1.37135 (5) obj. 477172 iterations 4
Cbc0038I Pass  60: suminf.    1.98844 (6) obj. 477172 iterations 11
Cbc0038I Pass  61: suminf.    1.95644 (5) obj. 477172 iterations 1
Cbc0038I Pass  62: suminf.    1.89010 (4) obj. 477172 iterations 4
Cbc0038I No solution found this major pass
Cbc0038I Before mini branch and bound, 10 integers at bound fixed and 76 continuous
Cbc0038I Full problem 119 rows 167 columns, reduced to 25 rows 33 columns
Cbc0038I Mini branch and bound did not improve solution (0.06 seconds)
Cbc0038I After 0.06 seconds - Feasibility pump exiting with objective of 477587 - took 0.05 seconds
Cbc0012I Integer solution of 477586.93 found by feasibility pump after 0 iterations and 0 nodes (0.06 seconds)
Cbc0038I Full problem 119 rows 167 columns, reduced to 98 rows 146 columns - 5 fixed gives 86, 134 - still too large
Cbc0031I 21 added rows had average density of 10.047619
Cbc0013I At root node, 21 cuts changed objective from 476447.54 to 477580.23 in 100 passes
Cbc0014I Cut generator 0 (Probing) - 9 row cuts average 2.0 elements, 0 column cuts (0 active)  in 0.011 seconds - new frequency is -100
Cbc0014I Cut generator 1 (Gomory) - 281 row cuts average 28.9 elements, 0 column cuts (0 active)  in 0.021 seconds - new frequency is 1
Cbc0014I Cut generator 2 (Knapsack) - 0 row cuts average 0.0 elements, 0 column cuts (0 active)  in 0.016 seconds - new frequency is -100
Cbc0014I Cut generator 3 (Clique) - 0 row cuts average 0.0 elements, 0 column cuts (0 active)  in 0.000 seconds - new frequency is -100
Cbc0014I Cut generator 4 (MixedIntegerRounding2) - 10 row cuts average 4.7 elements, 0 column cuts (0 active)  in 0.012 seconds - new frequency is -100
Cbc0014I Cut generator 5 (FlowCover) - 0 row cuts average 0.0 elements, 0 column cuts (0 active)  in 0.023 seconds - new frequency is -100
Cbc0014I Cut generator 6 (TwoMirCuts) - 33 row cuts average 9.9 elements, 0 column cuts (0 active)  in 0.005 seconds - new frequency is -100
Cbc0010I After 0 nodes, 1 on tree, 477586.93 best solution, best possible 477580.23 (0.22 seconds)
Cbc0001I Search completed - best objective 477586.9347735445, took 899 iterations and 4 nodes (0.23 seconds)
Cbc0032I Strong branching done 20 times (81 iterations), fathomed 1 nodes and fixed 4 variables
Cbc0035I Maximum depth 1, 0 variables fixed on reduced cost
Cuts at root node changed objective from 476448 to 477580
Probing was tried 100 times and created 9 cuts of which 0 were active after adding rounds of cuts (0.011 seconds)
Gomory was tried 105 times and created 286 cuts of which 0 were active after adding rounds of cuts (0.021 seconds)
Knapsack was tried 100 times and created 0 cuts of which 0 were active after adding rounds of cuts (0.016 seconds)
Clique was tried 100 times and created 0 cuts of which 0 were active after adding rounds of cuts (0.000 seconds)
MixedIntegerRounding2 was tried 100 times and created 10 cuts of which 0 were active after adding rounds of cuts (0.012 seconds)
FlowCover was tried 100 times and created 0 cuts of which 0 were active after adding rounds of cuts (0.023 seconds)
TwoMirCuts was tried 100 times and created 33 cuts of which 0 were active after adding rounds of cuts (0.005 seconds)
ZeroHalf was tried 1 times and created 0 cuts of which 0 were active after adding rounds of cuts (0.000 seconds)

Result - Optimal solution found

Objective value:                477586.93477354
Enumerated nodes:               4
Total iterations:               899
Time (CPU seconds):             0.23
Time (Wallclock seconds):       0.23

Option for printingOptions changed from normal to all
Total time (CPU seconds):       0.26   (Wallclock seconds):       0.25

