Welcome to the CBC MILP Solver 
Version: 2.10.3 
Build Date: Dec 15 2019 

command line - E:\dachuang\.venv\Lib\site-packages\pulp\apis\../solverdir/cbc/win/i64/cbc.exe model.mps -primalTolerance 1e-9 -integerTolerance 1e-9 -ratioGap 0 -allowableGap 0 -threads 0 -branch -printingOptions all -solution solution.txt -saveSolution solution.bin -quit (default strategy 1)
At line 2 NAME          MODEL
At line 3 ROWS
At line 317 COLUMNS
At line 1133 RHS
At line 1446 BOUNDS
At line 1521 ENDATA
Problem MODEL has 312 rows, 241 columns and 647 elements
Coin0008I MODEL read with 0 errors
primalTolerance was changed from 1e-07 to 1e-09
integerTolerance was changed from 1e-07 to 1e-09
ratioGap was changed from 0 to 0
allowableGap was changed from 1e-10 to 0
Continuous objective value is 461899 - 0.00 seconds
Cgl0004I processed model has 117 rows, 165 columns (24 integer (24 of which binary)) and 352 elements
Cbc0038I Initial state - 11 integers unsatisfied sum - 3.6583
Cbc0038I Pass   1: suminf.    0.00000 (0) obj. 462700 iterations 16
Cbc0038I Solution found of 462700
Cbc0038I Relaxing continuous gives 462700
Cbc0038I Before mini branch and bound, 13 integers at bound fixed and 81 continuous
Cbc0038I Full problem 117 rows 165 columns, reduced to 8 rows 8 columns
Cbc0038I Mini branch and bound did not improve solution (0.01 seconds)
Cbc0038I Round again with cutoff of 462620
Cbc0038I Pass   2: suminf.    0.34501 (1) obj. 462620 iterations 2
Cbc0038I Solution found of 462620
Cbc0038I Relaxing continuous gives 462468
Cbc0038I Before mini branch and bound, 13 integers at bound fixed and 79 continuous
Cbc0038I Full problem 117 rows 165 columns, reduced to 10 rows 12 columns
Cbc0038I Mini branch and bound did not improve solution (0.01 seconds)
Cbc0038I Round again with cutoff of 462354
Cbc0038I Pass   3: suminf.    0.49002 (2) obj. 462354 iterations 9
Cbc0038I Pass   4: suminf.    0.49002 (2) obj. 462354 iterations 0
Cbc0038I Pass   5: suminf.    1.44047 (5) obj. 462354 iterations 9
Cbc0038I Pass   6: suminf.    0.94020 (5) obj. 462354 iterations 6
Cbc0038I Pass   7: suminf.    0.94020 (5) obj. 462354 iterations 0
Cbc0038I Pass   8: suminf.    1.44047 (5) obj. 462354 iterations 4
Cbc0038I Pass   9: suminf.    1.62547 (5) obj. 462354 iterations 17
Cbc0038I Pass  10: suminf.    1.62547 (5) obj. 462354 iterations 0
Cbc0038I Pass  11: suminf.    1.44047 (5) obj. 462354 iterations 1
Cbc0038I Pass  12: suminf.    1.44047 (5) obj. 462354 iterations 0
Cbc0038I Pass  13: suminf.    1.62547 (5) obj. 462354 iterations 3
Cbc0038I Pass  14: suminf.    2.13953 (7) obj. 462354 iterations 14
Cbc0038I Pass  15: suminf.    1.19247 (5) obj. 462354 iterations 5
Cbc0038I Pass  16: suminf.    0.84847 (3) obj. 462354 iterations 4
Cbc0038I Pass  17: suminf.    0.84847 (3) obj. 462354 iterations 0
Cbc0038I Pass  18: suminf.    0.54847 (3) obj. 462354 iterations 1
Cbc0038I Pass  19: suminf.    0.54847 (3) obj. 462354 iterations 0
Cbc0038I Pass  20: suminf.    1.54847 (5) obj. 462354 iterations 6
Cbc0038I Pass  21: suminf.    1.68303 (5) obj. 462354 iterations 3
Cbc0038I Pass  22: suminf.    1.54847 (5) obj. 462354 iterations 1
Cbc0038I Pass  23: suminf.    2.41997 (7) obj. 462354 iterations 11
Cbc0038I Pass  24: suminf.    1.54153 (5) obj. 462354 iterations 8
Cbc0038I Pass  25: suminf.    1.24497 (5) obj. 462354 iterations 1
Cbc0038I Pass  26: suminf.    1.35653 (4) obj. 462354 iterations 3
Cbc0038I Pass  27: suminf.    1.05997 (4) obj. 462354 iterations 1
Cbc0038I Pass  28: suminf.    2.67147 (8) obj. 462354 iterations 27
Cbc0038I Pass  29: suminf.    2.41097 (7) obj. 462354 iterations 2
Cbc0038I Pass  30: suminf.    1.60121 (6) obj. 462354 iterations 11
Cbc0038I Pass  31: suminf.    1.60121 (6) obj. 462354 iterations 0
Cbc0038I Pass  32: suminf.    1.04921 (5) obj. 462354 iterations 2
Cbc0038I No solution found this major pass
Cbc0038I Before mini branch and bound, 1 integers at bound fixed and 66 continuous
Cbc0038I Full problem 117 rows 165 columns, reduced to 28 rows 37 columns
Cbc0038I Mini branch and bound did not improve solution (0.03 seconds)
Cbc0038I After 0.03 seconds - Feasibility pump exiting with objective of 462468 - took 0.02 seconds
Cbc0012I Integer solution of 462467.56 found by feasibility pump after 0 iterations and 0 nodes (0.03 seconds)
Cbc0038I Full problem 117 rows 165 columns, reduced to 82 rows 130 columns
Cbc0031I 20 added rows had average density of 10.6
Cbc0013I At root node, 20 cuts changed objective from 461898.81 to 462362.95 in 96 passes
Cbc0014I Cut generator 0 (Probing) - 6 row cuts average 2.0 elements, 3 column cuts (3 active)  in 0.009 seconds - new frequency is 1
Cbc0014I Cut generator 1 (Gomory) - 256 row cuts average 28.0 elements, 0 column cuts (0 active)  in 0.006 seconds - new frequency is 1
Cbc0014I Cut generator 2 (Knapsack) - 0 row cuts average 0.0 elements, 0 column cuts (0 active)  in 0.020 seconds - new frequency is -100
Cbc0014I Cut generator 3 (Clique) - 0 row cuts average 0.0 elements, 0 column cuts (0 active)  in 0.000 seconds - new frequency is -100
Cbc0014I Cut generator 4 (MixedIntegerRounding2) - 8 row cuts average 4.6 elements, 0 column cuts (0 active)  in 0.005 seconds - new frequency is -100
Cbc0014I Cut generator 5 (FlowCover) - 0 row cuts average 0.0 elements, 0 column cuts (0 active)  in 0.017 seconds - new frequency is -100
Cbc0014I Cut generator 6 (TwoMirCuts) - 25 row cuts average 11.2 elements, 0 column cuts (0 active)  in 0.006 seconds - new frequency is -100
Cbc0010I After 0 nodes, 1 on tree, 462467.56 best solution, best possible 462362.95 (0.15 seconds)
Cbc0001I Search completed - best objective 462467.5555491712, took 828 iterations and 12 nodes (0.18 seconds)
Cbc0032I Strong branching done 42 times (141 iterations), fathomed 5 nodes and fixed 2 variables
Cbc0035I Maximum depth 4, 0 variables fixed on reduced cost
Cuts at root node changed objective from 461899 to 462363
Probing was tried 144 times and created 11 cuts of which 0 were active after adding rounds of cuts (0.014 seconds)
Gomory was tried 143 times and created 318 cuts of which 0 were active after adding rounds of cuts (0.009 seconds)
Knapsack was tried 96 times and created 0 cuts of which 0 were active after adding rounds of cuts (0.020 seconds)
Clique was tried 96 times and created 0 cuts of which 0 were active after adding rounds of cuts (0.000 seconds)
MixedIntegerRounding2 was tried 96 times and created 8 cuts of which 0 were active after adding rounds of cuts (0.005 seconds)
FlowCover was tried 96 times and created 0 cuts of which 0 were active after adding rounds of cuts (0.017 seconds)
TwoMirCuts was tried 96 times and created 25 cuts of which 0 were active after adding rounds of cuts (0.006 seconds)
ZeroHalf was tried 1 times and created 0 cuts of which 0 were active after adding rounds of cuts (0.000 seconds)

Result - Optimal solution found

Objective value:                462467.55554917
Enumerated nodes:               12
Total iterations:               828
Time (CPU seconds):             0.19
Time (Wallclock seconds):       0.19

Option for printingOptions changed from normal to all
Total time (CPU seconds):       0.20   (Wallclock seconds):       0.20

