Welcome to the CBC MILP Solver 
Version: 2.10.3 
Build Date: Dec 15 2019 

command line - E:\dachuang\.venv\Lib\site-packages\pulp\apis\../solverdir/cbc/win/i64/cbc.exe model.mps -primalTolerance 1e-9 -integerTolerance 1e-9 -ratioGap 0 -allowableGap 0 -threads 0 -branch -printingOptions all -solution solution.txt -saveSolution solution.bin -quit (default strategy 1)
At line 2 NAME          MODEL
At line 3 ROWS
At line 317 COLUMNS
At line 1133 RHS
At line 1446 BOUNDS
At line 1521 ENDATA
Problem MODEL has 312 rows, 241 columns and 647 elements
Coin0008I MODEL read with 0 errors
primalTolerance was changed from 1e-07 to 1e-09
integerTolerance was changed from 1e-07 to 1e-09
ratioGap was changed from 0 to 0
allowableGap was changed from 1e-10 to 0
Continuous objective value is 465291 - 0.00 seconds
Cgl0003I 0 fixed, 0 tightened bounds, 3 strengthened rows, 0 substitutions
Cgl0004I processed model has 119 rows, 167 columns (24 integer (24 of which binary)) and 356 elements
Cbc0038I Initial state - 14 integers unsatisfied sum - 4.44719
Cbc0038I Pass   1: suminf.    0.00000 (0) obj. 489427 iterations 23
Cbc0038I Solution found of 489427
Cbc0038I Relaxing continuous gives 467135
Cbc0038I Before mini branch and bound, 10 integers at bound fixed and 79 continuous
Cbc0038I Full problem 119 rows 167 columns, reduced to 14 rows 16 columns
Cbc0038I Mini branch and bound improved solution from 467135 to 466737 (0.01 seconds)
Cbc0038I Freeing continuous variables gives a solution of 466699
Cbc0038I Round again with cutoff of 466558
Cbc0038I Pass   2: suminf.    0.44451 (3) obj. 466558 iterations 8
Cbc0038I Pass   3: suminf.    0.01568 (1) obj. 466558 iterations 6
Cbc0038I Solution found of 466558
Cbc0038I Relaxing continuous gives 466443
Cbc0038I Before mini branch and bound, 10 integers at bound fixed and 77 continuous
Cbc0038I Full problem 119 rows 167 columns, reduced to 16 rows 20 columns
Cbc0038I Mini branch and bound improved solution from 466443 to 466389 (0.02 seconds)
Cbc0038I Freeing continuous variables gives a solution of 466197
Cbc0038I Round again with cutoff of 466016
Cbc0038I Pass   4: suminf.    0.83762 (4) obj. 466016 iterations 7
Cbc0038I Pass   5: suminf.    0.74952 (5) obj. 466016 iterations 7
Cbc0038I Pass   6: suminf.    1.11901 (5) obj. 466016 iterations 11
Cbc0038I Pass   7: suminf.    1.10065 (5) obj. 466016 iterations 8
Cbc0038I Pass   8: suminf.    0.43569 (3) obj. 466016 iterations 6
Cbc0038I Pass   9: suminf.    0.52920 (3) obj. 466016 iterations 4
Cbc0038I Pass  10: suminf.    0.52920 (3) obj. 466016 iterations 0
Cbc0038I Pass  11: suminf.    0.32920 (3) obj. 466016 iterations 6
Cbc0038I Pass  12: suminf.    0.32920 (3) obj. 466016 iterations 0
Cbc0038I Pass  13: suminf.    0.52920 (3) obj. 466016 iterations 1
Cbc0038I Pass  14: suminf.    0.45254 (4) obj. 466016 iterations 10
Cbc0038I Pass  15: suminf.    0.45254 (4) obj. 466016 iterations 0
Cbc0038I Pass  16: suminf.    0.52920 (3) obj. 466016 iterations 2
Cbc0038I Pass  17: suminf.    0.52920 (3) obj. 466016 iterations 0
Cbc0038I Pass  18: suminf.    0.32920 (3) obj. 466016 iterations 5
Cbc0038I Pass  19: suminf.    0.32920 (3) obj. 466016 iterations 0
Cbc0038I Pass  20: suminf.    1.62414 (8) obj. 466016 iterations 23
Cbc0038I Pass  21: suminf.    1.31248 (7) obj. 466016 iterations 4
Cbc0038I Pass  22: suminf.    1.54974 (6) obj. 466016 iterations 11
Cbc0038I Pass  23: suminf.    1.54974 (5) obj. 466016 iterations 1
Cbc0038I Pass  24: suminf.    0.92681 (5) obj. 466016 iterations 6
Cbc0038I Pass  25: suminf.    0.92681 (4) obj. 466016 iterations 1
Cbc0038I Pass  26: suminf.    0.70125 (4) obj. 466016 iterations 7
Cbc0038I Pass  27: suminf.    0.70125 (3) obj. 466016 iterations 1
Cbc0038I Pass  28: suminf.    0.90125 (4) obj. 466016 iterations 2
Cbc0038I Pass  29: suminf.    0.90125 (3) obj. 466016 iterations 1
Cbc0038I Pass  30: suminf.    1.41770 (6) obj. 466016 iterations 24
Cbc0038I Pass  31: suminf.    1.41770 (6) obj. 466016 iterations 0
Cbc0038I Pass  32: suminf.    0.55477 (4) obj. 466016 iterations 6
Cbc0038I Pass  33: suminf.    0.55477 (4) obj. 466016 iterations 0
Cbc0038I No solution found this major pass
Cbc0038I Before mini branch and bound, 4 integers at bound fixed and 65 continuous
Cbc0038I Full problem 119 rows 167 columns, reduced to 35 rows 46 columns
Cbc0038I Mini branch and bound improved solution from 466197 to 466002 (0.03 seconds)
Cbc0038I Round again with cutoff of 465789
Cbc0038I Pass  33: suminf.    1.47300 (7) obj. 465789 iterations 9
Cbc0038I Pass  34: suminf.    1.47300 (6) obj. 465789 iterations 8
Cbc0038I Pass  35: suminf.    1.84993 (6) obj. 465789 iterations 10
Cbc0038I Pass  36: suminf.    1.84993 (6) obj. 465789 iterations 0
Cbc0038I Pass  37: suminf.    1.11646 (6) obj. 465789 iterations 10
Cbc0038I Pass  38: suminf.    1.08863 (5) obj. 465789 iterations 4
Cbc0038I Pass  39: suminf.    1.65047 (7) obj. 465789 iterations 11
Cbc0038I Pass  40: suminf.    1.65047 (7) obj. 465789 iterations 0
Cbc0038I Pass  41: suminf.    1.11646 (6) obj. 465789 iterations 6
Cbc0038I Pass  42: suminf.    2.17151 (9) obj. 465789 iterations 12
Cbc0038I Pass  43: suminf.    2.12763 (8) obj. 465789 iterations 6
Cbc0038I Pass  44: suminf.    1.65047 (7) obj. 465789 iterations 14
Cbc0038I Pass  45: suminf.    1.65047 (7) obj. 465789 iterations 0
Cbc0038I Pass  46: suminf.    1.11646 (6) obj. 465789 iterations 6
Cbc0038I Pass  47: suminf.    1.08863 (5) obj. 465789 iterations 4
Cbc0038I Pass  48: suminf.    2.41933 (11) obj. 465789 iterations 17
Cbc0038I Pass  49: suminf.    2.10766 (10) obj. 465789 iterations 1
Cbc0038I Pass  50: suminf.    1.99147 (8) obj. 465789 iterations 20
Cbc0038I Pass  51: suminf.    1.99147 (8) obj. 465789 iterations 0
Cbc0038I Pass  52: suminf.    1.11646 (6) obj. 465789 iterations 7
Cbc0038I Pass  53: suminf.    1.08863 (5) obj. 465789 iterations 4
Cbc0038I Pass  54: suminf.    1.65047 (7) obj. 465789 iterations 11
Cbc0038I Pass  55: suminf.    1.65047 (7) obj. 465789 iterations 0
Cbc0038I Pass  56: suminf.    2.45858 (8) obj. 465789 iterations 14
Cbc0038I Pass  57: suminf.    2.37284 (8) obj. 465789 iterations 1
Cbc0038I Pass  58: suminf.    2.06439 (9) obj. 465789 iterations 17
Cbc0038I Pass  59: suminf.    2.02700 (10) obj. 465789 iterations 3
Cbc0038I Pass  60: suminf.    2.79958 (9) obj. 465789 iterations 14
Cbc0038I Pass  61: suminf.    2.71384 (9) obj. 465789 iterations 1
Cbc0038I Pass  62: suminf.    2.53654 (8) obj. 465789 iterations 8
Cbc0038I No solution found this major pass
Cbc0038I Before mini branch and bound, 0 integers at bound fixed and 63 continuous
Cbc0038I Full problem 119 rows 167 columns, reduced to 41 rows 55 columns
Cbc0038I Mini branch and bound did not improve solution (0.05 seconds)
Cbc0038I After 0.05 seconds - Feasibility pump exiting with objective of 466002 - took 0.04 seconds
Cbc0012I Integer solution of 466002.21 found by feasibility pump after 0 iterations and 0 nodes (0.05 seconds)
Cbc0038I Full problem 119 rows 167 columns, reduced to 92 rows 140 columns - 3 fixed gives 84, 132 - ok now
Cbc0038I Full problem 119 rows 167 columns, reduced to 84 rows 132 columns
Cbc0031I 11 added rows had average density of 20.454545
Cbc0013I At root node, 11 cuts changed objective from 465290.87 to 465981.21 in 100 passes
Cbc0014I Cut generator 0 (Probing) - 2 row cuts average 5.0 elements, 7 column cuts (7 active)  in 0.015 seconds - new frequency is 1
Cbc0014I Cut generator 1 (Gomory) - 336 row cuts average 42.8 elements, 0 column cuts (0 active)  in 0.010 seconds - new frequency is 1
Cbc0014I Cut generator 2 (Knapsack) - 0 row cuts average 0.0 elements, 0 column cuts (0 active)  in 0.016 seconds - new frequency is -100
Cbc0014I Cut generator 3 (Clique) - 0 row cuts average 0.0 elements, 0 column cuts (0 active)  in 0.000 seconds - new frequency is -100
Cbc0014I Cut generator 4 (MixedIntegerRounding2) - 5 row cuts average 4.6 elements, 0 column cuts (0 active)  in 0.005 seconds - new frequency is -100
Cbc0014I Cut generator 5 (FlowCover) - 0 row cuts average 0.0 elements, 0 column cuts (0 active)  in 0.022 seconds - new frequency is -100
Cbc0014I Cut generator 6 (TwoMirCuts) - 28 row cuts average 12.4 elements, 0 column cuts (0 active)  in 0.007 seconds - new frequency is -100
Cbc0010I After 0 nodes, 1 on tree, 466002.21 best solution, best possible 465981.22 (0.19 seconds)
Cbc0001I Search completed - best objective 466002.2106738284, took 894 iterations and 2 nodes (0.19 seconds)
Cbc0032I Strong branching done 8 times (35 iterations), fathomed 1 nodes and fixed 1 variables
Cbc0035I Maximum depth 0, 0 variables fixed on reduced cost
Cuts at root node changed objective from 465291 to 465981
Probing was tried 103 times and created 9 cuts of which 0 were active after adding rounds of cuts (0.015 seconds)
Gomory was tried 103 times and created 339 cuts of which 0 were active after adding rounds of cuts (0.010 seconds)
Knapsack was tried 100 times and created 0 cuts of which 0 were active after adding rounds of cuts (0.016 seconds)
Clique was tried 100 times and created 0 cuts of which 0 were active after adding rounds of cuts (0.000 seconds)
MixedIntegerRounding2 was tried 100 times and created 5 cuts of which 0 were active after adding rounds of cuts (0.005 seconds)
FlowCover was tried 100 times and created 0 cuts of which 0 were active after adding rounds of cuts (0.022 seconds)
TwoMirCuts was tried 100 times and created 28 cuts of which 0 were active after adding rounds of cuts (0.007 seconds)
ZeroHalf was tried 1 times and created 0 cuts of which 0 were active after adding rounds of cuts (0.000 seconds)

Result - Optimal solution found

Objective value:                466002.21067383
Enumerated nodes:               2
Total iterations:               894
Time (CPU seconds):             0.19
Time (Wallclock seconds):       0.19

Option for printingOptions changed from normal to all
Total time (CPU seconds):       0.21   (Wallclock seconds):       0.21

