Welcome to the CBC MILP Solver 
Version: 2.10.3 
Build Date: Dec 15 2019 

command line - E:\dachuang\.venv\Lib\site-packages\pulp\apis\../solverdir/cbc/win/i64/cbc.exe model.mps -primalTolerance 1e-9 -integerTolerance 1e-9 -ratioGap 0 -allowableGap 0 -threads 0 -branch -printingOptions all -solution solution.txt -saveSolution solution.bin -quit (default strategy 1)
At line 2 NAME          MODEL
At line 3 ROWS
At line 317 COLUMNS
At line 1133 RHS
At line 1446 BOUNDS
At line 1521 ENDATA
Problem MODEL has 312 rows, 241 columns and 647 elements
Coin0008I MODEL read with 0 errors
primalTolerance was changed from 1e-07 to 1e-09
integerTolerance was changed from 1e-07 to 1e-09
ratioGap was changed from 0 to 0
allowableGap was changed from 1e-10 to 0
Continuous objective value is 470769 - 0.00 seconds
Cgl0004I processed model has 117 rows, 165 columns (24 integer (24 of which binary)) and 352 elements
Cbc0038I Initial state - 11 integers unsatisfied sum - 2.99293
Cbc0038I Pass   1: suminf.    0.00000 (0) obj. 471264 iterations 18
Cbc0038I Solution found of 471264
Cbc0038I Relaxing continuous gives 471264
Cbc0038I Before mini branch and bound, 13 integers at bound fixed and 82 continuous
Cbc0038I Full problem 117 rows 165 columns, reduced to 6 rows 6 columns
Cbc0038I Mini branch and bound did not improve solution (0.01 seconds)
Cbc0038I Round again with cutoff of 471214
Cbc0038I Pass   2: suminf.    0.28431 (1) obj. 471214 iterations 2
Cbc0038I Solution found of 471214
Cbc0038I Relaxing continuous gives 471090
Cbc0038I Before mini branch and bound, 13 integers at bound fixed and 81 continuous
Cbc0038I Full problem 117 rows 165 columns, reduced to 6 rows 7 columns
Cbc0038I Mini branch and bound did not improve solution (0.02 seconds)
Cbc0038I Round again with cutoff of 471025
Cbc0038I Pass   3: suminf.    0.36862 (1) obj. 471025 iterations 5
Cbc0038I Pass   4: suminf.    0.36862 (1) obj. 471025 iterations 1
Cbc0038I Pass   5: suminf.    0.44631 (3) obj. 471025 iterations 8
Cbc0038I Pass   6: suminf.    0.84631 (3) obj. 471025 iterations 4
Cbc0038I Pass   7: suminf.    0.84631 (3) obj. 471025 iterations 3
Cbc0038I Pass   8: suminf.    0.44631 (3) obj. 471025 iterations 2
Cbc0038I Pass   9: suminf.    1.20050 (4) obj. 471025 iterations 12
Cbc0038I Pass  10: suminf.    0.69297 (3) obj. 471025 iterations 3
Cbc0038I Pass  11: suminf.    0.84631 (2) obj. 471025 iterations 5
Cbc0038I Pass  12: suminf.    0.84631 (2) obj. 471025 iterations 0
Cbc0038I Pass  13: suminf.    0.44631 (2) obj. 471025 iterations 2
Cbc0038I Pass  14: suminf.    0.44631 (2) obj. 471025 iterations 0
Cbc0038I Pass  15: suminf.    1.83431 (6) obj. 471025 iterations 20
Cbc0038I Pass  16: suminf.    1.44631 (5) obj. 471025 iterations 3
Cbc0038I Pass  17: suminf.    1.68169 (5) obj. 471025 iterations 6
Cbc0038I Pass  18: suminf.    1.13697 (4) obj. 471025 iterations 2
Cbc0038I Pass  19: suminf.    1.38364 (4) obj. 471025 iterations 5
Cbc0038I Pass  20: suminf.    1.38364 (4) obj. 471025 iterations 0
Cbc0038I Pass  21: suminf.    1.13697 (4) obj. 471025 iterations 1
Cbc0038I Pass  22: suminf.    1.52497 (5) obj. 471025 iterations 8
Cbc0038I Pass  23: suminf.    1.13697 (4) obj. 471025 iterations 1
Cbc0038I Pass  24: suminf.    1.38364 (4) obj. 471025 iterations 5
Cbc0038I Pass  25: suminf.    1.38364 (4) obj. 471025 iterations 0
Cbc0038I Pass  26: suminf.    1.13697 (4) obj. 471025 iterations 1
Cbc0038I Pass  27: suminf.    1.69569 (6) obj. 471025 iterations 6
Cbc0038I Pass  28: suminf.    1.13697 (4) obj. 471025 iterations 4
Cbc0038I Pass  29: suminf.    1.38364 (4) obj. 471025 iterations 5
Cbc0038I Pass  30: suminf.    1.38364 (4) obj. 471025 iterations 0
Cbc0038I Pass  31: suminf.    1.13697 (4) obj. 471025 iterations 1
Cbc0038I Pass  32: suminf.    2.15836 (6) obj. 471025 iterations 26
Cbc0038I No solution found this major pass
Cbc0038I Before mini branch and bound, 3 integers at bound fixed and 67 continuous
Cbc0038I Full problem 117 rows 165 columns, reduced to 31 rows 42 columns
Cbc0038I Mini branch and bound did not improve solution (0.04 seconds)
Cbc0038I After 0.04 seconds - Feasibility pump exiting with objective of 471090 - took 0.03 seconds
Cbc0012I Integer solution of 471089.51 found by feasibility pump after 0 iterations and 0 nodes (0.04 seconds)
Cbc0038I Full problem 117 rows 165 columns, reduced to 82 rows 130 columns
Cbc0031I 9 added rows had average density of 7.7777778
Cbc0013I At root node, 9 cuts changed objective from 470768.62 to 471010.16 in 26 passes
Cbc0014I Cut generator 0 (Probing) - 4 row cuts average 2.0 elements, 3 column cuts (3 active)  in 0.007 seconds - new frequency is 1
Cbc0014I Cut generator 1 (Gomory) - 47 row cuts average 17.9 elements, 0 column cuts (0 active)  in 0.003 seconds - new frequency is 1
Cbc0014I Cut generator 2 (Knapsack) - 0 row cuts average 0.0 elements, 0 column cuts (0 active)  in 0.002 seconds - new frequency is -100
Cbc0014I Cut generator 3 (Clique) - 0 row cuts average 0.0 elements, 0 column cuts (0 active)  in 0.000 seconds - new frequency is -100
Cbc0014I Cut generator 4 (MixedIntegerRounding2) - 6 row cuts average 4.7 elements, 0 column cuts (0 active)  in 0.001 seconds - new frequency is 1
Cbc0014I Cut generator 5 (FlowCover) - 0 row cuts average 0.0 elements, 0 column cuts (0 active)  in 0.003 seconds - new frequency is -100
Cbc0014I Cut generator 6 (TwoMirCuts) - 24 row cuts average 10.5 elements, 0 column cuts (0 active)  in 0.000 seconds - new frequency is -100
Cbc0010I After 0 nodes, 1 on tree, 471089.51 best solution, best possible 471010.16 (0.07 seconds)
Cbc0001I Search completed - best objective 471089.5098428, took 215 iterations and 6 nodes (0.10 seconds)
Cbc0032I Strong branching done 26 times (88 iterations), fathomed 4 nodes and fixed 2 variables
Cbc0035I Maximum depth 2, 0 variables fixed on reduced cost
Cuts at root node changed objective from 470769 to 471010
Probing was tried 47 times and created 7 cuts of which 0 were active after adding rounds of cuts (0.014 seconds)
Gomory was tried 47 times and created 71 cuts of which 0 were active after adding rounds of cuts (0.004 seconds)
Knapsack was tried 26 times and created 0 cuts of which 0 were active after adding rounds of cuts (0.002 seconds)
Clique was tried 26 times and created 0 cuts of which 0 were active after adding rounds of cuts (0.000 seconds)
MixedIntegerRounding2 was tried 47 times and created 7 cuts of which 0 were active after adding rounds of cuts (0.002 seconds)
FlowCover was tried 26 times and created 0 cuts of which 0 were active after adding rounds of cuts (0.003 seconds)
TwoMirCuts was tried 26 times and created 24 cuts of which 0 were active after adding rounds of cuts (0.000 seconds)
ZeroHalf was tried 1 times and created 0 cuts of which 0 were active after adding rounds of cuts (0.000 seconds)

Result - Optimal solution found

Objective value:                471089.50984280
Enumerated nodes:               6
Total iterations:               215
Time (CPU seconds):             0.11
Time (Wallclock seconds):       0.11

Option for printingOptions changed from normal to all
Total time (CPU seconds):       0.13   (Wallclock seconds):       0.13

