Welcome to the CBC MILP Solver 
Version: 2.10.3 
Build Date: Dec 15 2019 

command line - E:\dachuang\.venv\Lib\site-packages\pulp\apis\../solverdir/cbc/win/i64/cbc.exe model.mps -primalTolerance 1e-9 -integerTolerance 1e-9 -ratioGap 0 -allowableGap 0 -threads 0 -branch -printingOptions all -solution solution.txt -saveSolution solution.bin -quit (default strategy 1)
At line 2 NAME          MODEL
At line 3 ROWS
At line 317 COLUMNS
At line 1133 RHS
At line 1446 BOUNDS
At line 1521 ENDATA
Problem MODEL has 312 rows, 241 columns and 647 elements
Coin0008I MODEL read with 0 errors
primalTolerance was changed from 1e-07 to 1e-09
integerTolerance was changed from 1e-07 to 1e-09
ratioGap was changed from 0 to 0
allowableGap was changed from 1e-10 to 0
Continuous objective value is 488655 - 0.00 seconds
Cgl0003I 0 fixed, 0 tightened bounds, 36 strengthened rows, 0 substitutions
Cgl0004I processed model has 119 rows, 167 columns (24 integer (24 of which binary)) and 356 elements
Cbc0038I Initial state - 12 integers unsatisfied sum - 4.96704
Cbc0038I Pass   1: suminf.    0.00000 (0) obj. 491674 iterations 20
Cbc0038I Solution found of 491674
Cbc0038I Relaxing continuous gives 491635
Cbc0038I Before mini branch and bound, 12 integers at bound fixed and 82 continuous
Cbc0038I Full problem 119 rows 167 columns, reduced to 14 rows 15 columns
Cbc0038I Mini branch and bound did not improve solution (0.02 seconds)
Cbc0038I Round again with cutoff of 491514
Cbc0038I Pass   2: suminf.    0.45670 (1) obj. 491514 iterations 7
Cbc0038I Pass   3: suminf.    0.00000 (0) obj. 491514 iterations 6
Cbc0038I Solution found of 491514
Cbc0038I Relaxing continuous gives 491371
Cbc0038I Before mini branch and bound, 12 integers at bound fixed and 80 continuous
Cbc0038I Full problem 119 rows 167 columns, reduced to 16 rows 20 columns
Cbc0038I Mini branch and bound did not improve solution (0.02 seconds)
Cbc0038I Round again with cutoff of 491182
Cbc0038I Pass   4: suminf.    0.71340 (2) obj. 491182 iterations 8
Cbc0038I Pass   5: suminf.    0.71340 (2) obj. 491182 iterations 0
Cbc0038I Pass   6: suminf.    0.71340 (2) obj. 491182 iterations 9
Cbc0038I Pass   7: suminf.    0.71340 (2) obj. 491182 iterations 0
Cbc0038I Pass   8: suminf.    0.71340 (2) obj. 491182 iterations 3
Cbc0038I Pass   9: suminf.    0.71340 (2) obj. 491182 iterations 0
Cbc0038I Pass  10: suminf.    0.64638 (2) obj. 491182 iterations 11
Cbc0038I Pass  11: suminf.    0.64638 (2) obj. 491182 iterations 2
Cbc0038I Pass  12: suminf.    0.64638 (2) obj. 491182 iterations 0
Cbc0038I Pass  13: suminf.    0.64638 (2) obj. 491182 iterations 3
Cbc0038I Pass  14: suminf.    0.64638 (2) obj. 491182 iterations 0
Cbc0038I Pass  15: suminf.    1.13089 (5) obj. 491182 iterations 17
Cbc0038I Pass  16: suminf.    1.13089 (5) obj. 491182 iterations 0
Cbc0038I Pass  17: suminf.    0.64809 (2) obj. 491182 iterations 7
Cbc0038I Pass  18: suminf.    0.64809 (2) obj. 491182 iterations 1
Cbc0038I Pass  19: suminf.    0.00000 (0) obj. 491182 iterations 11
Cbc0038I Solution found of 491182
Cbc0038I Relaxing continuous gives 491167
Cbc0038I Before mini branch and bound, 4 integers at bound fixed and 71 continuous
Cbc0038I Full problem 119 rows 167 columns, reduced to 33 rows 44 columns
Cbc0038I Mini branch and bound improved solution from 491167 to 490902 (0.04 seconds)
Cbc0038I Round again with cutoff of 490759
Cbc0038I Pass  20: suminf.    2.24312 (5) obj. 490759 iterations 5
Cbc0038I Pass  21: suminf.    1.24483 (3) obj. 490759 iterations 11
Cbc0038I Pass  22: suminf.    1.24483 (3) obj. 490759 iterations 0
Cbc0038I Pass  23: suminf.    1.24483 (3) obj. 490759 iterations 5
Cbc0038I Pass  24: suminf.    1.24483 (3) obj. 490759 iterations 0
Cbc0038I Pass  25: suminf.    1.24483 (3) obj. 490759 iterations 2
Cbc0038I Pass  26: suminf.    1.83275 (5) obj. 490759 iterations 19
Cbc0038I Pass  27: suminf.    1.83275 (5) obj. 490759 iterations 0
Cbc0038I Pass  28: suminf.    1.83275 (5) obj. 490759 iterations 1
Cbc0038I Pass  29: suminf.    1.83275 (5) obj. 490759 iterations 0
Cbc0038I Pass  30: suminf.    1.65296 (5) obj. 490759 iterations 20
Cbc0038I Pass  31: suminf.    1.59883 (4) obj. 490759 iterations 4
Cbc0038I Pass  32: suminf.    1.59883 (4) obj. 490759 iterations 2
Cbc0038I Pass  33: suminf.    1.59883 (4) obj. 490759 iterations 1
Cbc0038I Pass  34: suminf.    1.24312 (3) obj. 490759 iterations 7
Cbc0038I Pass  35: suminf.    1.24312 (3) obj. 490759 iterations 8
Cbc0038I Pass  36: suminf.    1.24312 (3) obj. 490759 iterations 0
Cbc0038I Pass  37: suminf.    1.24312 (3) obj. 490759 iterations 1
Cbc0038I Pass  38: suminf.    1.24312 (3) obj. 490759 iterations 3
Cbc0038I Pass  39: suminf.    1.24312 (3) obj. 490759 iterations 0
Cbc0038I Pass  40: suminf.    1.24312 (3) obj. 490759 iterations 1
Cbc0038I Pass  41: suminf.    1.24312 (3) obj. 490759 iterations 7
Cbc0038I Pass  42: suminf.    1.24312 (3) obj. 490759 iterations 0
Cbc0038I Pass  43: suminf.    1.24312 (3) obj. 490759 iterations 1
Cbc0038I Pass  44: suminf.    1.24312 (3) obj. 490759 iterations 3
Cbc0038I Pass  45: suminf.    1.24312 (3) obj. 490759 iterations 0
Cbc0038I Pass  46: suminf.    1.24312 (3) obj. 490759 iterations 1
Cbc0038I Pass  47: suminf.    1.24312 (3) obj. 490759 iterations 7
Cbc0038I Pass  48: suminf.    1.24312 (3) obj. 490759 iterations 0
Cbc0038I Pass  49: suminf.    1.24312 (3) obj. 490759 iterations 1
Cbc0038I No solution found this major pass
Cbc0038I Before mini branch and bound, 6 integers at bound fixed and 69 continuous
Cbc0038I Full problem 119 rows 167 columns, reduced to 38 rows 48 columns
Cbc0038I Mini branch and bound did not improve solution (0.06 seconds)
Cbc0038I After 0.06 seconds - Feasibility pump exiting with objective of 490902 - took 0.05 seconds
Cbc0012I Integer solution of 490901.88 found by feasibility pump after 0 iterations and 0 nodes (0.06 seconds)
Cbc0038I Full problem 119 rows 167 columns, reduced to 95 rows 143 columns - 6 fixed gives 82, 130 - ok now
Cbc0038I Full problem 119 rows 167 columns, reduced to 82 rows 130 columns
Cbc0031I 13 added rows had average density of 12.769231
Cbc0013I At root node, 13 cuts changed objective from 490426.72 to 490868.13 in 7 passes
Cbc0014I Cut generator 0 (Probing) - 7 row cuts average 2.0 elements, 2 column cuts (2 active)  in 0.001 seconds - new frequency is 1
Cbc0014I Cut generator 1 (Gomory) - 29 row cuts average 16.1 elements, 0 column cuts (0 active)  in 0.001 seconds - new frequency is 1
Cbc0014I Cut generator 2 (Knapsack) - 0 row cuts average 0.0 elements, 0 column cuts (0 active)  in 0.002 seconds - new frequency is -100
Cbc0014I Cut generator 3 (Clique) - 0 row cuts average 0.0 elements, 0 column cuts (0 active)  in 0.000 seconds - new frequency is -100
Cbc0014I Cut generator 4 (MixedIntegerRounding2) - 7 row cuts average 4.9 elements, 0 column cuts (0 active)  in 0.000 seconds - new frequency is 1
Cbc0014I Cut generator 5 (FlowCover) - 0 row cuts average 0.0 elements, 0 column cuts (0 active)  in 0.003 seconds - new frequency is -100
Cbc0014I Cut generator 6 (TwoMirCuts) - 33 row cuts average 14.5 elements, 0 column cuts (0 active)  in 0.002 seconds - new frequency is -100
Cbc0010I After 0 nodes, 1 on tree, 490901.88 best solution, best possible 490868.41 (0.09 seconds)
Cbc0001I Search completed - best objective 490901.8769709137, took 99 iterations and 4 nodes (0.10 seconds)
Cbc0032I Strong branching done 14 times (52 iterations), fathomed 2 nodes and fixed 2 variables
Cbc0035I Maximum depth 1, 0 variables fixed on reduced cost
Cuts at root node changed objective from 490427 to 490868
Probing was tried 12 times and created 9 cuts of which 0 were active after adding rounds of cuts (0.001 seconds)
Gomory was tried 12 times and created 31 cuts of which 0 were active after adding rounds of cuts (0.002 seconds)
Knapsack was tried 7 times and created 0 cuts of which 0 were active after adding rounds of cuts (0.002 seconds)
Clique was tried 7 times and created 0 cuts of which 0 were active after adding rounds of cuts (0.000 seconds)
MixedIntegerRounding2 was tried 12 times and created 7 cuts of which 0 were active after adding rounds of cuts (0.001 seconds)
FlowCover was tried 7 times and created 0 cuts of which 0 were active after adding rounds of cuts (0.003 seconds)
TwoMirCuts was tried 7 times and created 33 cuts of which 0 were active after adding rounds of cuts (0.002 seconds)
ZeroHalf was tried 1 times and created 0 cuts of which 0 were active after adding rounds of cuts (0.000 seconds)

Result - Optimal solution found

Objective value:                490901.87697091
Enumerated nodes:               4
Total iterations:               99
Time (CPU seconds):             0.11
Time (Wallclock seconds):       0.11

Option for printingOptions changed from normal to all
Total time (CPU seconds):       0.13   (Wallclock seconds):       0.13

