Welcome to the CBC MILP Solver 
Version: 2.10.3 
Build Date: Dec 15 2019 

command line - E:\dachuang\.venv\Lib\site-packages\pulp\apis\../solverdir/cbc/win/i64/cbc.exe model.mps -primalTolerance 1e-9 -integerTolerance 1e-9 -ratioGap 0 -allowableGap 0 -threads 0 -branch -printingOptions all -solution solution.txt -saveSolution solution.bin -quit (default strategy 1)
At line 2 NAME          MODEL
At line 3 ROWS
At line 317 COLUMNS
At line 1133 RHS
At line 1446 BOUNDS
At line 1521 ENDATA
Problem MODEL has 312 rows, 241 columns and 647 elements
Coin0008I MODEL read with 0 errors
primalTolerance was changed from 1e-07 to 1e-09
integerTolerance was changed from 1e-07 to 1e-09
ratioGap was changed from 0 to 0
allowableGap was changed from 1e-10 to 0
Continuous objective value is 464010 - 0.00 seconds
Cgl0004I processed model has 117 rows, 165 columns (24 integer (24 of which binary)) and 352 elements
Cbc0038I Initial state - 11 integers unsatisfied sum - 3.9579
Cbc0038I Pass   1: suminf.    0.00000 (0) obj. 464878 iterations 16
Cbc0038I Solution found of 464878
Cbc0038I Relaxing continuous gives 464878
Cbc0038I Before mini branch and bound, 13 integers at bound fixed and 81 continuous
Cbc0038I Full problem 117 rows 165 columns, reduced to 8 rows 8 columns
Cbc0038I Mini branch and bound did not improve solution (0.01 seconds)
Cbc0038I Round again with cutoff of 464791
Cbc0038I Pass   2: suminf.    0.37400 (1) obj. 464791 iterations 2
Cbc0038I Solution found of 464791
Cbc0038I Relaxing continuous gives 464646
Cbc0038I Before mini branch and bound, 13 integers at bound fixed and 79 continuous
Cbc0038I Full problem 117 rows 165 columns, reduced to 10 rows 12 columns
Cbc0038I Mini branch and bound did not improve solution (0.02 seconds)
Cbc0038I Round again with cutoff of 464519
Cbc0038I Pass   3: suminf.    0.54799 (2) obj. 464519 iterations 6
Cbc0038I Pass   4: suminf.    0.54799 (2) obj. 464519 iterations 0
Cbc0038I Pass   5: suminf.    0.77435 (2) obj. 464519 iterations 7
Cbc0038I Pass   6: suminf.    0.58037 (3) obj. 464519 iterations 3
Cbc0038I Pass   7: suminf.    1.08365 (4) obj. 464519 iterations 12
Cbc0038I Pass   8: suminf.    1.08365 (4) obj. 464519 iterations 1
Cbc0038I Pass   9: suminf.    0.88037 (4) obj. 464519 iterations 6
Cbc0038I Pass  10: suminf.    0.88037 (4) obj. 464519 iterations 0
Cbc0038I Pass  11: suminf.    0.99985 (3) obj. 464519 iterations 7
Cbc0038I Pass  12: suminf.    0.58037 (2) obj. 464519 iterations 2
Cbc0038I Pass  13: suminf.    0.88235 (2) obj. 464519 iterations 2
Cbc0038I Pass  14: suminf.    1.34135 (3) obj. 464519 iterations 9
Cbc0038I Pass  15: suminf.    1.03937 (3) obj. 464519 iterations 2
Cbc0038I Pass  16: suminf.    2.01065 (6) obj. 464519 iterations 24
Cbc0038I Pass  17: suminf.    2.01065 (6) obj. 464519 iterations 1
Cbc0038I Pass  18: suminf.    0.59185 (2) obj. 464519 iterations 7
Cbc0038I Pass  19: suminf.    0.49165 (2) obj. 464519 iterations 2
Cbc0038I Pass  20: suminf.    1.19165 (4) obj. 464519 iterations 6
Cbc0038I Pass  21: suminf.    1.19165 (4) obj. 464519 iterations 0
Cbc0038I Pass  22: suminf.    1.22485 (4) obj. 464519 iterations 2
Cbc0038I Pass  23: suminf.    2.16254 (7) obj. 464519 iterations 14
Cbc0038I Pass  24: suminf.    2.06315 (7) obj. 464519 iterations 1
Cbc0038I Pass  25: suminf.    1.40985 (5) obj. 464519 iterations 7
Cbc0038I Pass  26: suminf.    1.37665 (5) obj. 464519 iterations 2
Cbc0038I Pass  27: suminf.    1.22485 (4) obj. 464519 iterations 3
Cbc0038I Pass  28: suminf.    1.19165 (4) obj. 464519 iterations 1
Cbc0038I Pass  29: suminf.    1.54265 (5) obj. 464519 iterations 21
Cbc0038I Pass  30: suminf.    1.54265 (5) obj. 464519 iterations 1
Cbc0038I Pass  31: suminf.    0.88037 (4) obj. 464519 iterations 6
Cbc0038I Pass  32: suminf.    0.88037 (4) obj. 464519 iterations 0
Cbc0038I No solution found this major pass
Cbc0038I Before mini branch and bound, 3 integers at bound fixed and 66 continuous
Cbc0038I Full problem 117 rows 165 columns, reduced to 32 rows 41 columns
Cbc0038I Mini branch and bound improved solution from 464646 to 464559 (0.03 seconds)
Cbc0038I Round again with cutoff of 464366
Cbc0038I Pass  32: suminf.    1.25775 (5) obj. 464366 iterations 5
Cbc0038I Pass  33: suminf.    1.25775 (5) obj. 464366 iterations 0
Cbc0038I Pass  34: suminf.    1.30900 (5) obj. 464366 iterations 11
Cbc0038I Pass  35: suminf.    1.30900 (5) obj. 464366 iterations 1
Cbc0038I Pass  36: suminf.    1.60421 (5) obj. 464366 iterations 9
Cbc0038I Pass  37: suminf.    2.14921 (7) obj. 464366 iterations 11
Cbc0038I Pass  38: suminf.    1.85400 (7) obj. 464366 iterations 3
Cbc0038I Pass  39: suminf.    1.60421 (5) obj. 464366 iterations 11
Cbc0038I Pass  40: suminf.    1.30900 (5) obj. 464366 iterations 2
Cbc0038I Pass  41: suminf.    1.82050 (7) obj. 464366 iterations 10
Cbc0038I Pass  42: suminf.    1.82050 (7) obj. 464366 iterations 2
Cbc0038I Pass  43: suminf.    1.78921 (6) obj. 464366 iterations 9
Cbc0038I Pass  44: suminf.    1.49400 (6) obj. 464366 iterations 6
Cbc0038I Pass  45: suminf.    1.60421 (5) obj. 464366 iterations 4
Cbc0038I Pass  46: suminf.    1.30900 (5) obj. 464366 iterations 6
Cbc0038I Pass  47: suminf.    1.81229 (6) obj. 464366 iterations 13
Cbc0038I Pass  48: suminf.    1.81229 (6) obj. 464366 iterations 1
Cbc0038I Pass  49: suminf.    1.78921 (6) obj. 464366 iterations 9
Cbc0038I Pass  50: suminf.    1.49400 (6) obj. 464366 iterations 6
Cbc0038I Pass  51: suminf.    1.60421 (5) obj. 464366 iterations 8
Cbc0038I Pass  52: suminf.    1.30900 (5) obj. 464366 iterations 1
Cbc0038I Pass  53: suminf.    1.81229 (6) obj. 464366 iterations 7
Cbc0038I Pass  54: suminf.    1.78921 (6) obj. 464366 iterations 7
Cbc0038I Pass  55: suminf.    1.49400 (6) obj. 464366 iterations 1
Cbc0038I Pass  56: suminf.    1.60421 (5) obj. 464366 iterations 8
Cbc0038I Pass  57: suminf.    1.30900 (5) obj. 464366 iterations 1
Cbc0038I Pass  58: suminf.    1.30900 (5) obj. 464366 iterations 4
Cbc0038I Pass  59: suminf.    1.30900 (5) obj. 464366 iterations 2
Cbc0038I Pass  60: suminf.    1.60421 (5) obj. 464366 iterations 3
Cbc0038I Pass  61: suminf.    2.28600 (8) obj. 464366 iterations 11
Cbc0038I No solution found this major pass
Cbc0038I Before mini branch and bound, 3 integers at bound fixed and 66 continuous
Cbc0038I Full problem 117 rows 165 columns, reduced to 32 rows 42 columns
Cbc0038I Mini branch and bound did not improve solution (0.04 seconds)
Cbc0038I After 0.04 seconds - Feasibility pump exiting with objective of 464559 - took 0.04 seconds
Cbc0012I Integer solution of 464558.71 found by feasibility pump after 0 iterations and 0 nodes (0.04 seconds)
Cbc0038I Full problem 117 rows 165 columns, reduced to 86 rows 134 columns - 6 fixed gives 70, 118 - ok now
Cbc0038I Full problem 117 rows 165 columns, reduced to 70 rows 118 columns
Cbc0031I 14 added rows had average density of 8.2142857
Cbc0013I At root node, 14 cuts changed objective from 464009.73 to 464490.91 in 47 passes
Cbc0014I Cut generator 0 (Probing) - 6 row cuts average 2.0 elements, 3 column cuts (3 active)  in 0.008 seconds - new frequency is 1
Cbc0014I Cut generator 1 (Gomory) - 97 row cuts average 25.0 elements, 0 column cuts (0 active)  in 0.004 seconds - new frequency is 1
Cbc0014I Cut generator 2 (Knapsack) - 0 row cuts average 0.0 elements, 0 column cuts (0 active)  in 0.006 seconds - new frequency is -100
Cbc0014I Cut generator 3 (Clique) - 0 row cuts average 0.0 elements, 0 column cuts (0 active)  in 0.000 seconds - new frequency is -100
Cbc0014I Cut generator 4 (MixedIntegerRounding2) - 8 row cuts average 4.6 elements, 0 column cuts (0 active)  in 0.003 seconds - new frequency is -100
Cbc0014I Cut generator 5 (FlowCover) - 0 row cuts average 0.0 elements, 0 column cuts (0 active)  in 0.005 seconds - new frequency is -100
Cbc0014I Cut generator 6 (TwoMirCuts) - 24 row cuts average 12.9 elements, 0 column cuts (0 active)  in 0.003 seconds - new frequency is -100
Cbc0010I After 0 nodes, 1 on tree, 464558.71 best solution, best possible 464491 (0.10 seconds)
Cbc0001I Search completed - best objective 464558.7092500029, took 268 iterations and 6 nodes (0.11 seconds)
Cbc0032I Strong branching done 20 times (46 iterations), fathomed 4 nodes and fixed 1 variables
Cbc0035I Maximum depth 2, 0 variables fixed on reduced cost
Cuts at root node changed objective from 464010 to 464491
Probing was tried 57 times and created 9 cuts of which 0 were active after adding rounds of cuts (0.009 seconds)
Gomory was tried 57 times and created 103 cuts of which 0 were active after adding rounds of cuts (0.004 seconds)
Knapsack was tried 47 times and created 0 cuts of which 0 were active after adding rounds of cuts (0.006 seconds)
Clique was tried 47 times and created 0 cuts of which 0 were active after adding rounds of cuts (0.000 seconds)
MixedIntegerRounding2 was tried 47 times and created 8 cuts of which 0 were active after adding rounds of cuts (0.003 seconds)
FlowCover was tried 47 times and created 0 cuts of which 0 were active after adding rounds of cuts (0.005 seconds)
TwoMirCuts was tried 47 times and created 24 cuts of which 0 were active after adding rounds of cuts (0.003 seconds)
ZeroHalf was tried 1 times and created 0 cuts of which 0 were active after adding rounds of cuts (0.000 seconds)

Result - Optimal solution found

Objective value:                464558.70925000
Enumerated nodes:               6
Total iterations:               268
Time (CPU seconds):             0.12
Time (Wallclock seconds):       0.12

Option for printingOptions changed from normal to all
Total time (CPU seconds):       0.14   (Wallclock seconds):       0.13

