Welcome to the CBC MILP Solver 
Version: 2.10.3 
Build Date: Dec 15 2019 

command line - E:\dachuang\.venv\Lib\site-packages\pulp\apis\../solverdir/cbc/win/i64/cbc.exe model.mps -primalTolerance 1e-9 -integerTolerance 1e-9 -ratioGap 0 -allowableGap 0 -threads 0 -branch -printingOptions all -solution solution.txt -saveSolution solution.bin -quit (default strategy 1)
At line 2 NAME          MODEL
At line 3 ROWS
At line 317 COLUMNS
At line 1133 RHS
At line 1446 BOUNDS
At line 1521 ENDATA
Problem MODEL has 312 rows, 241 columns and 647 elements
Coin0008I MODEL read with 0 errors
primalTolerance was changed from 1e-07 to 1e-09
integerTolerance was changed from 1e-07 to 1e-09
ratioGap was changed from 0 to 0
allowableGap was changed from 1e-10 to 0
Continuous objective value is 469530 - 0.00 seconds
Cgl0003I 0 fixed, 0 tightened bounds, 12 strengthened rows, 0 substitutions
Cgl0003I 0 fixed, 0 tightened bounds, 1 strengthened rows, 0 substitutions
Cgl0004I processed model has 119 rows, 167 columns (24 integer (24 of which binary)) and 356 elements
Cbc0038I Initial state - 12 integers unsatisfied sum - 4.9041
Cbc0038I Pass   1: suminf.    0.00000 (0) obj. 472029 iterations 19
Cbc0038I Solution found of 472029
Cbc0038I Relaxing continuous gives 472009
Cbc0038I Before mini branch and bound, 12 integers at bound fixed and 81 continuous
Cbc0038I Full problem 119 rows 167 columns, reduced to 17 rows 19 columns
Cbc0038I Mini branch and bound did not improve solution (0.01 seconds)
Cbc0038I Round again with cutoff of 471768
Cbc0038I Pass   2: suminf.    0.45475 (1) obj. 471768 iterations 4
Cbc0038I Pass   3: suminf.    0.00000 (0) obj. 471768 iterations 4
Cbc0038I Solution found of 471768
Cbc0038I Relaxing continuous gives 471479
Cbc0038I Before mini branch and bound, 12 integers at bound fixed and 79 continuous
Cbc0038I Full problem 119 rows 167 columns, reduced to 16 rows 20 columns
Cbc0038I Mini branch and bound improved solution from 471479 to 471417 (0.02 seconds)
Cbc0038I Round again with cutoff of 471054
Cbc0038I Pass   4: suminf.    0.69034 (2) obj. 471054 iterations 5
Cbc0038I Pass   5: suminf.    0.69034 (2) obj. 471054 iterations 0
Cbc0038I Pass   6: suminf.    0.69298 (2) obj. 471054 iterations 4
Cbc0038I Pass   7: suminf.    0.69298 (2) obj. 471054 iterations 0
Cbc0038I Pass   8: suminf.    0.69034 (2) obj. 471054 iterations 1
Cbc0038I Pass   9: suminf.    1.54070 (5) obj. 471054 iterations 7
Cbc0038I Pass  10: suminf.    1.54070 (5) obj. 471054 iterations 0
Cbc0038I Pass  11: suminf.    0.46670 (1) obj. 471054 iterations 8
Cbc0038I Pass  12: suminf.    0.46670 (1) obj. 471054 iterations 1
Cbc0038I Pass  13: suminf.    0.34670 (1) obj. 471054 iterations 2
Cbc0038I Pass  14: suminf.    1.49916 (5) obj. 471054 iterations 14
Cbc0038I Pass  15: suminf.    0.71403 (2) obj. 471054 iterations 5
Cbc0038I Pass  16: suminf.    0.71403 (2) obj. 471054 iterations 0
Cbc0038I Pass  17: suminf.    0.70076 (2) obj. 471054 iterations 1
Cbc0038I Pass  18: suminf.    0.70076 (2) obj. 471054 iterations 0
Cbc0038I Pass  19: suminf.    0.34670 (1) obj. 471054 iterations 6
Cbc0038I Pass  20: suminf.    0.46670 (1) obj. 471054 iterations 1
Cbc0038I Pass  21: suminf.    0.34670 (1) obj. 471054 iterations 1
Cbc0038I Pass  22: suminf.    1.00423 (5) obj. 471054 iterations 10
Cbc0038I Pass  23: suminf.    0.46670 (1) obj. 471054 iterations 6
Cbc0038I Pass  24: suminf.    0.34670 (1) obj. 471054 iterations 1
Cbc0038I Pass  25: suminf.    0.51069 (4) obj. 471054 iterations 26
Cbc0038I Solution found of 471054
Cbc0038I Relaxing continuous gives 470904
Cbc0038I Before mini branch and bound, 4 integers at bound fixed and 68 continuous
Cbc0038I Full problem 119 rows 167 columns, reduced to 39 rows 51 columns
Cbc0038I Mini branch and bound improved solution from 470904 to 470893 (0.03 seconds)
Cbc0038I Round again with cutoff of 470506
Cbc0038I Pass  26: suminf.    1.72593 (4) obj. 470506 iterations 7
Cbc0038I Pass  27: suminf.    1.72593 (4) obj. 470506 iterations 0
Cbc0038I Pass  28: suminf.    1.26253 (5) obj. 470506 iterations 8
Cbc0038I Pass  29: suminf.    1.23725 (4) obj. 470506 iterations 1
Cbc0038I Pass  30: suminf.    1.24041 (5) obj. 470506 iterations 6
Cbc0038I Pass  31: suminf.    1.24041 (5) obj. 470506 iterations 0
Cbc0038I Pass  32: suminf.    1.72593 (4) obj. 470506 iterations 8
Cbc0038I Pass  33: suminf.    1.72593 (4) obj. 470506 iterations 0
Cbc0038I Pass  34: suminf.    1.26253 (5) obj. 470506 iterations 7
Cbc0038I Pass  35: suminf.    1.23725 (4) obj. 470506 iterations 1
Cbc0038I Pass  36: suminf.    1.24041 (5) obj. 470506 iterations 5
Cbc0038I Pass  37: suminf.    1.24041 (5) obj. 470506 iterations 0
Cbc0038I Pass  38: suminf.    1.72593 (4) obj. 470506 iterations 8
Cbc0038I Pass  39: suminf.    1.72593 (4) obj. 470506 iterations 0
Cbc0038I Pass  40: suminf.    1.26253 (5) obj. 470506 iterations 7
Cbc0038I Pass  41: suminf.    1.23725 (4) obj. 470506 iterations 1
Cbc0038I Pass  42: suminf.    1.24041 (5) obj. 470506 iterations 5
Cbc0038I Pass  43: suminf.    1.24041 (5) obj. 470506 iterations 0
Cbc0038I Pass  44: suminf.    1.72593 (4) obj. 470506 iterations 8
Cbc0038I Pass  45: suminf.    1.72593 (4) obj. 470506 iterations 0
Cbc0038I Pass  46: suminf.    1.26253 (5) obj. 470506 iterations 7
Cbc0038I Pass  47: suminf.    1.23725 (4) obj. 470506 iterations 1
Cbc0038I Pass  48: suminf.    1.24041 (5) obj. 470506 iterations 5
Cbc0038I Pass  49: suminf.    1.24041 (5) obj. 470506 iterations 0
Cbc0038I Pass  50: suminf.    1.72593 (4) obj. 470506 iterations 8
Cbc0038I Pass  51: suminf.    1.72593 (4) obj. 470506 iterations 0
Cbc0038I Pass  52: suminf.    1.26253 (5) obj. 470506 iterations 6
Cbc0038I Pass  53: suminf.    1.23725 (4) obj. 470506 iterations 1
Cbc0038I Pass  54: suminf.    1.24041 (5) obj. 470506 iterations 5
Cbc0038I Pass  55: suminf.    1.24041 (5) obj. 470506 iterations 0
Cbc0038I No solution found this major pass
Cbc0038I Before mini branch and bound, 12 integers at bound fixed and 76 continuous
Cbc0038I Full problem 119 rows 167 columns, reduced to 22 rows 29 columns
Cbc0038I Mini branch and bound did not improve solution (0.04 seconds)
Cbc0038I After 0.04 seconds - Feasibility pump exiting with objective of 470893 - took 0.03 seconds
Cbc0012I Integer solution of 470892.81 found by feasibility pump after 0 iterations and 0 nodes (0.04 seconds)
Cbc0038I Full problem 119 rows 167 columns, reduced to 85 rows 133 columns - 5 fixed gives 73, 121 - ok now
Cbc0038I Full problem 119 rows 167 columns, reduced to 73 rows 121 columns
Cbc0031I 21 added rows had average density of 6.9047619
Cbc0013I At root node, 21 cuts changed objective from 469601.83 to 470892.81 in 14 passes
Cbc0014I Cut generator 0 (Probing) - 7 row cuts average 2.0 elements, 4 column cuts (4 active)  in 0.001 seconds - new frequency is 1
Cbc0014I Cut generator 1 (Gomory) - 42 row cuts average 12.0 elements, 0 column cuts (0 active)  in 0.000 seconds - new frequency is 1
Cbc0014I Cut generator 2 (Knapsack) - 0 row cuts average 0.0 elements, 0 column cuts (0 active)  in 0.001 seconds - new frequency is -100
Cbc0014I Cut generator 3 (Clique) - 0 row cuts average 0.0 elements, 0 column cuts (0 active)  in 0.000 seconds - new frequency is -100
Cbc0014I Cut generator 4 (MixedIntegerRounding2) - 8 row cuts average 5.0 elements, 0 column cuts (0 active)  in 0.005 seconds - new frequency is 1
Cbc0014I Cut generator 5 (FlowCover) - 0 row cuts average 0.0 elements, 0 column cuts (0 active)  in 0.005 seconds - new frequency is -100
Cbc0014I Cut generator 6 (TwoMirCuts) - 31 row cuts average 7.0 elements, 0 column cuts (0 active)  in 0.002 seconds - new frequency is -100
Cbc0001I Search completed - best objective 470892.8069342097, took 87 iterations and 0 nodes (0.06 seconds)
Cbc0032I Strong branching done 4 times (15 iterations), fathomed 1 nodes and fixed 0 variables
Cbc0035I Maximum depth 0, 0 variables fixed on reduced cost
Cuts at root node changed objective from 469602 to 470968
Probing was tried 14 times and created 11 cuts of which 0 were active after adding rounds of cuts (0.001 seconds)
Gomory was tried 14 times and created 42 cuts of which 0 were active after adding rounds of cuts (0.000 seconds)
Knapsack was tried 14 times and created 0 cuts of which 0 were active after adding rounds of cuts (0.001 seconds)
Clique was tried 14 times and created 0 cuts of which 0 were active after adding rounds of cuts (0.000 seconds)
MixedIntegerRounding2 was tried 14 times and created 8 cuts of which 0 were active after adding rounds of cuts (0.005 seconds)
FlowCover was tried 14 times and created 0 cuts of which 0 were active after adding rounds of cuts (0.005 seconds)
TwoMirCuts was tried 14 times and created 31 cuts of which 0 were active after adding rounds of cuts (0.002 seconds)
ZeroHalf was tried 1 times and created 0 cuts of which 0 were active after adding rounds of cuts (0.000 seconds)

Result - Optimal solution found

Objective value:                470892.80693421
Enumerated nodes:               0
Total iterations:               87
Time (CPU seconds):             0.06
Time (Wallclock seconds):       0.06

Option for printingOptions changed from normal to all
Total time (CPU seconds):       0.08   (Wallclock seconds):       0.09

