Welcome to the CBC MILP Solver 
Version: 2.10.3 
Build Date: Dec 15 2019 

command line - E:\dachuang\.venv\Lib\site-packages\pulp\apis\../solverdir/cbc/win/i64/cbc.exe model.mps -primalTolerance 1e-9 -integerTolerance 1e-9 -ratioGap 0 -allowableGap 0 -threads 0 -branch -printingOptions all -solution solution.txt -saveSolution solution.bin -quit (default strategy 1)
At line 2 NAME          MODEL
At line 3 ROWS
At line 317 COLUMNS
At line 1133 RHS
At line 1446 BOUNDS
At line 1521 ENDATA
Problem MODEL has 312 rows, 241 columns and 647 elements
Coin0008I MODEL read with 0 errors
primalTolerance was changed from 1e-07 to 1e-09
integerTolerance was changed from 1e-07 to 1e-09
ratioGap was changed from 0 to 0
allowableGap was changed from 1e-10 to 0
Continuous objective value is 462771 - 0.00 seconds
Cgl0004I processed model has 117 rows, 165 columns (24 integer (24 of which binary)) and 352 elements
Cbc0038I Initial state - 14 integers unsatisfied sum - 5.32871
Cbc0038I Pass   1: suminf.    0.00000 (0) obj. 464597 iterations 23
Cbc0038I Solution found of 464597
Cbc0038I Relaxing continuous gives 464520
Cbc0038I Before mini branch and bound, 10 integers at bound fixed and 78 continuous
Cbc0038I Full problem 117 rows 165 columns, reduced to 13 rows 15 columns
Cbc0038I Mini branch and bound did not improve solution (0.01 seconds)
Cbc0038I Freeing continuous variables gives a solution of 464520
Cbc0038I Round again with cutoff of 464345
Cbc0038I Pass   2: suminf.    0.49767 (1) obj. 464345 iterations 5
Cbc0038I Pass   3: suminf.    0.00000 (0) obj. 464345 iterations 3
Cbc0038I Solution found of 464345
Cbc0038I Relaxing continuous gives 464172
Cbc0038I Before mini branch and bound, 10 integers at bound fixed and 73 continuous
Cbc0038I Full problem 117 rows 165 columns, reduced to 21 rows 27 columns
Cbc0038I Mini branch and bound did not improve solution (0.01 seconds)
Cbc0038I Freeing continuous variables gives a solution of 464019
Cbc0038I Round again with cutoff of 463770
Cbc0038I Pass   4: suminf.    0.98863 (3) obj. 463770 iterations 11
Cbc0038I Pass   5: suminf.    0.75561 (2) obj. 463770 iterations 5
Cbc0038I Pass   6: suminf.    1.03988 (3) obj. 463770 iterations 13
Cbc0038I Pass   7: suminf.    1.03988 (3) obj. 463770 iterations 0
Cbc0038I Pass   8: suminf.    1.47422 (4) obj. 463770 iterations 4
Cbc0038I Pass   9: suminf.    1.18588 (4) obj. 463770 iterations 6
Cbc0038I Pass  10: suminf.    1.16322 (4) obj. 463770 iterations 5
Cbc0038I Pass  11: suminf.    1.16322 (4) obj. 463770 iterations 0
Cbc0038I Pass  12: suminf.    1.47422 (4) obj. 463770 iterations 6
Cbc0038I Pass  13: suminf.    1.03988 (3) obj. 463770 iterations 3
Cbc0038I Pass  14: suminf.    1.03988 (3) obj. 463770 iterations 0
Cbc0038I Pass  15: suminf.    1.81688 (7) obj. 463770 iterations 25
Cbc0038I Pass  16: suminf.    1.50522 (6) obj. 463770 iterations 4
Cbc0038I Pass  17: suminf.    1.44388 (5) obj. 463770 iterations 6
Cbc0038I Pass  18: suminf.    1.44388 (5) obj. 463770 iterations 0
Cbc0038I Pass  19: suminf.    1.19922 (5) obj. 463770 iterations 1
Cbc0038I Pass  20: suminf.    1.19922 (5) obj. 463770 iterations 0
Cbc0038I Pass  21: suminf.    1.79388 (6) obj. 463770 iterations 11
Cbc0038I Pass  22: suminf.    1.91722 (6) obj. 463770 iterations 5
Cbc0038I Pass  23: suminf.    1.91722 (6) obj. 463770 iterations 0
Cbc0038I Pass  24: suminf.    1.79388 (6) obj. 463770 iterations 1
Cbc0038I Pass  25: suminf.    1.79388 (6) obj. 463770 iterations 0
Cbc0038I Pass  26: suminf.    2.58794 (9) obj. 463770 iterations 16
Cbc0038I Pass  27: suminf.    1.75427 (6) obj. 463770 iterations 10
Cbc0038I Pass  28: suminf.    1.75427 (6) obj. 463770 iterations 0
Cbc0038I Pass  29: suminf.    1.55445 (5) obj. 463770 iterations 4
Cbc0038I Pass  30: suminf.    1.50961 (5) obj. 463770 iterations 2
Cbc0038I Pass  31: suminf.    2.22878 (9) obj. 463770 iterations 14
Cbc0038I Pass  32: suminf.    1.91711 (8) obj. 463770 iterations 1
Cbc0038I Pass  33: suminf.    1.55445 (4) obj. 463770 iterations 8
Cbc0038I No solution found this major pass
Cbc0038I Before mini branch and bound, 2 integers at bound fixed and 64 continuous
Cbc0038I Full problem 117 rows 165 columns, reduced to 32 rows 41 columns
Cbc0038I Mini branch and bound improved solution from 464019 to 463832 (0.03 seconds)
Cbc0038I Round again with cutoff of 463470
Cbc0038I Pass  33: suminf.    1.94175 (6) obj. 463470 iterations 6
Cbc0038I Pass  34: suminf.    1.70873 (5) obj. 463470 iterations 9
Cbc0038I Pass  35: suminf.    1.99300 (6) obj. 463470 iterations 4
Cbc0038I Pass  36: suminf.    1.99300 (5) obj. 463470 iterations 4
Cbc0038I Pass  37: suminf.    1.90873 (6) obj. 463470 iterations 4
Cbc0038I Pass  38: suminf.    1.78555 (5) obj. 463470 iterations 2
Cbc0038I Pass  39: suminf.    1.70873 (5) obj. 463470 iterations 1
Cbc0038I Pass  40: suminf.    1.99300 (6) obj. 463470 iterations 4
Cbc0038I Pass  41: suminf.    1.99300 (5) obj. 463470 iterations 1
Cbc0038I Pass  42: suminf.    1.90873 (6) obj. 463470 iterations 4
Cbc0038I Pass  43: suminf.    1.78555 (5) obj. 463470 iterations 2
Cbc0038I Pass  44: suminf.    1.70873 (5) obj. 463470 iterations 1
Cbc0038I Pass  45: suminf.    1.99300 (6) obj. 463470 iterations 4
Cbc0038I Pass  46: suminf.    1.99300 (5) obj. 463470 iterations 1
Cbc0038I Pass  47: suminf.    1.90873 (6) obj. 463470 iterations 4
Cbc0038I Pass  48: suminf.    1.78555 (5) obj. 463470 iterations 2
Cbc0038I Pass  49: suminf.    1.70873 (5) obj. 463470 iterations 1
Cbc0038I Pass  50: suminf.    1.99300 (6) obj. 463470 iterations 4
Cbc0038I Pass  51: suminf.    1.99300 (5) obj. 463470 iterations 1
Cbc0038I Pass  52: suminf.    1.90873 (6) obj. 463470 iterations 4
Cbc0038I Pass  53: suminf.    1.78555 (5) obj. 463470 iterations 2
Cbc0038I Pass  54: suminf.    1.70873 (5) obj. 463470 iterations 1
Cbc0038I Pass  55: suminf.    1.99300 (6) obj. 463470 iterations 4
Cbc0038I Pass  56: suminf.    1.99300 (5) obj. 463470 iterations 1
Cbc0038I Pass  57: suminf.    1.90873 (6) obj. 463470 iterations 4
Cbc0038I Pass  58: suminf.    1.78555 (5) obj. 463470 iterations 2
Cbc0038I Pass  59: suminf.    1.70873 (5) obj. 463470 iterations 1
Cbc0038I Pass  60: suminf.    1.99300 (6) obj. 463470 iterations 4
Cbc0038I Pass  61: suminf.    1.99300 (5) obj. 463470 iterations 1
Cbc0038I Pass  62: suminf.    1.90873 (6) obj. 463470 iterations 4
Cbc0038I No solution found this major pass
Cbc0038I Before mini branch and bound, 10 integers at bound fixed and 74 continuous
Cbc0038I Full problem 117 rows 165 columns, reduced to 25 rows 32 columns
Cbc0038I Mini branch and bound did not improve solution (0.04 seconds)
Cbc0038I After 0.04 seconds - Feasibility pump exiting with objective of 463832 - took 0.04 seconds
Cbc0012I Integer solution of 463832.28 found by feasibility pump after 0 iterations and 0 nodes (0.04 seconds)
Cbc0038I Full problem 117 rows 165 columns, reduced to 93 rows 141 columns - 5 fixed gives 79, 127 - ok now
Cbc0038I Full problem 117 rows 165 columns, reduced to 79 rows 127 columns
Cbc0031I 12 added rows had average density of 8.1666667
Cbc0013I At root node, 12 cuts changed objective from 462771.28 to 463829.12 in 17 passes
Cbc0014I Cut generator 0 (Probing) - 5 row cuts average 2.0 elements, 9 column cuts (9 active)  in 0.000 seconds - new frequency is 1
Cbc0014I Cut generator 1 (Gomory) - 39 row cuts average 15.1 elements, 0 column cuts (0 active)  in 0.000 seconds - new frequency is 1
Cbc0014I Cut generator 2 (Knapsack) - 0 row cuts average 0.0 elements, 0 column cuts (0 active)  in 0.000 seconds - new frequency is -100
Cbc0014I Cut generator 3 (Clique) - 0 row cuts average 0.0 elements, 0 column cuts (0 active)  in 0.000 seconds - new frequency is -100
Cbc0014I Cut generator 4 (MixedIntegerRounding2) - 8 row cuts average 4.6 elements, 0 column cuts (0 active)  in 0.000 seconds - new frequency is 1
Cbc0014I Cut generator 5 (FlowCover) - 0 row cuts average 0.0 elements, 0 column cuts (0 active)  in 0.005 seconds - new frequency is -100
Cbc0014I Cut generator 6 (TwoMirCuts) - 26 row cuts average 8.1 elements, 0 column cuts (0 active)  in 0.004 seconds - new frequency is -100
Cbc0001I Search completed - best objective 463832.2797500052, took 92 iterations and 0 nodes (0.06 seconds)
Cbc0032I Strong branching done 4 times (23 iterations), fathomed 1 nodes and fixed 0 variables
Cbc0035I Maximum depth 0, 1 variables fixed on reduced cost
Cuts at root node changed objective from 462771 to 464092
Probing was tried 17 times and created 14 cuts of which 0 were active after adding rounds of cuts (0.000 seconds)
Gomory was tried 17 times and created 39 cuts of which 0 were active after adding rounds of cuts (0.000 seconds)
Knapsack was tried 17 times and created 0 cuts of which 0 were active after adding rounds of cuts (0.000 seconds)
Clique was tried 17 times and created 0 cuts of which 0 were active after adding rounds of cuts (0.000 seconds)
MixedIntegerRounding2 was tried 17 times and created 8 cuts of which 0 were active after adding rounds of cuts (0.000 seconds)
FlowCover was tried 17 times and created 0 cuts of which 0 were active after adding rounds of cuts (0.005 seconds)
TwoMirCuts was tried 17 times and created 26 cuts of which 0 were active after adding rounds of cuts (0.004 seconds)
ZeroHalf was tried 1 times and created 0 cuts of which 0 were active after adding rounds of cuts (0.000 seconds)

Result - Optimal solution found

Objective value:                463832.27975001
Enumerated nodes:               0
Total iterations:               92
Time (CPU seconds):             0.07
Time (Wallclock seconds):       0.07

Option for printingOptions changed from normal to all
Total time (CPU seconds):       0.09   (Wallclock seconds):       0.09

