Welcome to the CBC MILP Solver 
Version: 2.10.3 
Build Date: Dec 15 2019 

command line - E:\dachuang\.venv\Lib\site-packages\pulp\apis\../solverdir/cbc/win/i64/cbc.exe model.mps -primalTolerance 1e-9 -integerTolerance 1e-9 -ratioGap 0 -allowableGap 0 -threads 0 -branch -printingOptions all -solution solution.txt -saveSolution solution.bin -quit (default strategy 1)
At line 2 NAME          MODEL
At line 3 ROWS
At line 317 COLUMNS
At line 1133 RHS
At line 1446 BOUNDS
At line 1521 ENDATA
Problem MODEL has 312 rows, 241 columns and 647 elements
Coin0008I MODEL read with 0 errors
primalTolerance was changed from 1e-07 to 1e-09
integerTolerance was changed from 1e-07 to 1e-09
ratioGap was changed from 0 to 0
allowableGap was changed from 1e-10 to 0
Continuous objective value is 470141 - 0.00 seconds
Cgl0003I 0 fixed, 0 tightened bounds, 3 strengthened rows, 0 substitutions
Cgl0004I processed model has 119 rows, 167 columns (24 integer (24 of which binary)) and 356 elements
Cbc0038I Initial state - 12 integers unsatisfied sum - 4.62391
Cbc0038I Pass   1: suminf.    0.00000 (0) obj. 472023 iterations 18
Cbc0038I Solution found of 472023
Cbc0038I Relaxing continuous gives 471946
Cbc0038I Before mini branch and bound, 12 integers at bound fixed and 81 continuous
Cbc0038I Full problem 119 rows 167 columns, reduced to 15 rows 17 columns
Cbc0038I Mini branch and bound did not improve solution (0.01 seconds)
Cbc0038I Round again with cutoff of 471771
Cbc0038I Pass   2: suminf.    0.42918 (1) obj. 471771 iterations 3
Cbc0038I Pass   3: suminf.    0.00000 (0) obj. 471771 iterations 3
Cbc0038I Solution found of 471771
Cbc0038I Relaxing continuous gives 471540
Cbc0038I Before mini branch and bound, 12 integers at bound fixed and 79 continuous
Cbc0038I Full problem 119 rows 167 columns, reduced to 17 rows 21 columns
Cbc0038I Mini branch and bound did not improve solution (0.02 seconds)
Cbc0038I Freeing continuous variables gives a solution of 471417
Cbc0038I Round again with cutoff of 471174
Cbc0038I Pass   4: suminf.    0.90065 (2) obj. 471174 iterations 11
Cbc0038I Pass   5: suminf.    0.90065 (2) obj. 471174 iterations 0
Cbc0038I Pass   6: suminf.    0.60535 (3) obj. 471174 iterations 12
Cbc0038I Pass   7: suminf.    1.07747 (3) obj. 471174 iterations 6
Cbc0038I Pass   8: suminf.    0.52833 (2) obj. 471174 iterations 4
Cbc0038I Pass   9: suminf.    0.52833 (2) obj. 471174 iterations 0
Cbc0038I Pass  10: suminf.    0.35690 (2) obj. 471174 iterations 1
Cbc0038I Pass  11: suminf.    0.35690 (2) obj. 471174 iterations 0
Cbc0038I Pass  12: suminf.    1.09457 (5) obj. 471174 iterations 10
Cbc0038I Pass  13: suminf.    0.68457 (4) obj. 471174 iterations 1
Cbc0038I Pass  14: suminf.    0.52833 (2) obj. 471174 iterations 4
Cbc0038I Pass  15: suminf.    0.52833 (2) obj. 471174 iterations 0
Cbc0038I Pass  16: suminf.    0.35690 (2) obj. 471174 iterations 2
Cbc0038I Pass  17: suminf.    0.35690 (2) obj. 471174 iterations 0
Cbc0038I Pass  18: suminf.    1.40548 (6) obj. 471174 iterations 25
Cbc0038I Pass  19: suminf.    1.39935 (6) obj. 471174 iterations 1
Cbc0038I Pass  20: suminf.    1.07747 (3) obj. 471174 iterations 11
Cbc0038I Pass  21: suminf.    0.52833 (2) obj. 471174 iterations 7
Cbc0038I Pass  22: suminf.    0.52833 (2) obj. 471174 iterations 0
Cbc0038I Pass  23: suminf.    0.35690 (2) obj. 471174 iterations 1
Cbc0038I Pass  24: suminf.    0.35690 (2) obj. 471174 iterations 0
Cbc0038I Pass  25: suminf.    1.79918 (6) obj. 471174 iterations 15
Cbc0038I Pass  26: suminf.    1.07747 (3) obj. 471174 iterations 9
Cbc0038I Pass  27: suminf.    1.07747 (3) obj. 471174 iterations 0
Cbc0038I Pass  28: suminf.    0.52833 (2) obj. 471174 iterations 7
Cbc0038I Pass  29: suminf.    0.52833 (2) obj. 471174 iterations 0
Cbc0038I Pass  30: suminf.    0.35690 (2) obj. 471174 iterations 1
Cbc0038I Pass  31: suminf.    0.35690 (2) obj. 471174 iterations 0
Cbc0038I Pass  32: suminf.    1.73136 (6) obj. 471174 iterations 17
Cbc0038I Pass  33: suminf.    1.32136 (5) obj. 471174 iterations 1
Cbc0038I No solution found this major pass
Cbc0038I Before mini branch and bound, 4 integers at bound fixed and 71 continuous
Cbc0038I Full problem 119 rows 167 columns, reduced to 32 rows 41 columns
Cbc0038I Mini branch and bound improved solution from 471417 to 471133 (0.04 seconds)
Cbc0038I Round again with cutoff of 470854
Cbc0038I Pass  33: suminf.    1.42600 (5) obj. 470854 iterations 9
Cbc0038I Pass  34: suminf.    1.42600 (5) obj. 470854 iterations 1
Cbc0038I Pass  35: suminf.    1.22880 (5) obj. 470854 iterations 8
Cbc0038I Pass  36: suminf.    1.22880 (5) obj. 470854 iterations 0
Cbc0038I Pass  37: suminf.    1.29985 (5) obj. 470854 iterations 3
Cbc0038I Pass  38: suminf.    1.22880 (5) obj. 470854 iterations 1
Cbc0038I Pass  39: suminf.    1.22880 (5) obj. 470854 iterations 3
Cbc0038I Pass  40: suminf.    2.87366 (10) obj. 470854 iterations 14
Cbc0038I Pass  41: suminf.    2.37795 (9) obj. 470854 iterations 1
Cbc0038I Pass  42: suminf.    1.95410 (5) obj. 470854 iterations 15
Cbc0038I Pass  43: suminf.    1.95410 (5) obj. 470854 iterations 0
Cbc0038I Pass  44: suminf.    1.22880 (5) obj. 470854 iterations 7
Cbc0038I Pass  45: suminf.    1.22880 (5) obj. 470854 iterations 0
Cbc0038I Pass  46: suminf.    1.29985 (5) obj. 470854 iterations 3
Cbc0038I Pass  47: suminf.    1.22880 (5) obj. 470854 iterations 1
Cbc0038I Pass  48: suminf.    1.22880 (5) obj. 470854 iterations 3
Cbc0038I Pass  49: suminf.    2.43207 (8) obj. 470854 iterations 12
Cbc0038I Pass  50: suminf.    2.43207 (8) obj. 470854 iterations 0
Cbc0038I Pass  51: suminf.    1.47747 (4) obj. 470854 iterations 7
Cbc0038I Pass  52: suminf.    1.15909 (4) obj. 470854 iterations 1
Cbc0038I Pass  53: suminf.    1.26775 (4) obj. 470854 iterations 2
Cbc0038I Pass  54: suminf.    0.94938 (4) obj. 470854 iterations 1
Cbc0038I Pass  55: suminf.    1.37995 (5) obj. 470854 iterations 3
Cbc0038I Pass  56: suminf.    1.47747 (4) obj. 470854 iterations 3
Cbc0038I Pass  57: suminf.    1.15909 (4) obj. 470854 iterations 1
Cbc0038I Pass  58: suminf.    1.26775 (4) obj. 470854 iterations 2
Cbc0038I Pass  59: suminf.    0.94938 (4) obj. 470854 iterations 1
Cbc0038I Pass  60: suminf.    0.94938 (4) obj. 470854 iterations 2
Cbc0038I Pass  61: suminf.    1.47747 (4) obj. 470854 iterations 2
Cbc0038I Pass  62: suminf.    1.15909 (4) obj. 470854 iterations 1
Cbc0038I No solution found this major pass
Cbc0038I Before mini branch and bound, 4 integers at bound fixed and 71 continuous
Cbc0038I Full problem 119 rows 167 columns, reduced to 29 rows 37 columns
Cbc0038I Mini branch and bound did not improve solution (0.06 seconds)
Cbc0038I After 0.06 seconds - Feasibility pump exiting with objective of 471133 - took 0.06 seconds
Cbc0012I Integer solution of 471133.35 found by feasibility pump after 0 iterations and 0 nodes (0.07 seconds)
Cbc0038I Full problem 119 rows 167 columns, reduced to 85 rows 133 columns - 8 fixed gives 64, 112 - ok now
Cbc0038I Full problem 119 rows 167 columns, reduced to 64 rows 112 columns
Cbc0031I 18 added rows had average density of 11.111111
Cbc0013I At root node, 18 cuts changed objective from 470202.34 to 471123.16 in 100 passes
Cbc0014I Cut generator 0 (Probing) - 8 row cuts average 2.8 elements, 0 column cuts (0 active)  in 0.016 seconds - new frequency is -100
Cbc0014I Cut generator 1 (Gomory) - 322 row cuts average 25.4 elements, 0 column cuts (0 active)  in 0.016 seconds - new frequency is 1
Cbc0014I Cut generator 2 (Knapsack) - 0 row cuts average 0.0 elements, 0 column cuts (0 active)  in 0.018 seconds - new frequency is -100
Cbc0014I Cut generator 3 (Clique) - 0 row cuts average 0.0 elements, 0 column cuts (0 active)  in 0.000 seconds - new frequency is -100
Cbc0014I Cut generator 4 (MixedIntegerRounding2) - 11 row cuts average 6.3 elements, 0 column cuts (0 active)  in 0.013 seconds - new frequency is -100
Cbc0014I Cut generator 5 (FlowCover) - 0 row cuts average 0.0 elements, 0 column cuts (0 active)  in 0.024 seconds - new frequency is -100
Cbc0014I Cut generator 6 (TwoMirCuts) - 30 row cuts average 8.1 elements, 0 column cuts (0 active)  in 0.005 seconds - new frequency is -100
Cbc0010I After 0 nodes, 1 on tree, 471133.35 best solution, best possible 471123.16 (0.24 seconds)
Cbc0001I Search completed - best objective 471133.354718142, took 839 iterations and 2 nodes (0.24 seconds)
Cbc0032I Strong branching done 10 times (47 iterations), fathomed 2 nodes and fixed 1 variables
Cbc0035I Maximum depth 0, 0 variables fixed on reduced cost
Cuts at root node changed objective from 470202 to 471123
Probing was tried 100 times and created 8 cuts of which 0 were active after adding rounds of cuts (0.016 seconds)
Gomory was tried 106 times and created 329 cuts of which 0 were active after adding rounds of cuts (0.017 seconds)
Knapsack was tried 100 times and created 0 cuts of which 0 were active after adding rounds of cuts (0.018 seconds)
Clique was tried 100 times and created 0 cuts of which 0 were active after adding rounds of cuts (0.000 seconds)
MixedIntegerRounding2 was tried 100 times and created 11 cuts of which 0 were active after adding rounds of cuts (0.013 seconds)
FlowCover was tried 100 times and created 0 cuts of which 0 were active after adding rounds of cuts (0.024 seconds)
TwoMirCuts was tried 100 times and created 30 cuts of which 0 were active after adding rounds of cuts (0.005 seconds)
ZeroHalf was tried 1 times and created 0 cuts of which 0 were active after adding rounds of cuts (0.000 seconds)

Result - Optimal solution found

Objective value:                471133.35471814
Enumerated nodes:               2
Total iterations:               839
Time (CPU seconds):             0.25
Time (Wallclock seconds):       0.25

Option for printingOptions changed from normal to all
Total time (CPU seconds):       0.27   (Wallclock seconds):       0.27

