Welcome to the CBC MILP Solver 
Version: 2.10.3 
Build Date: Dec 15 2019 

command line - E:\dachuang\.venv\Lib\site-packages\pulp\apis\../solverdir/cbc/win/i64/cbc.exe model.mps -primalTolerance 1e-9 -integerTolerance 1e-9 -ratioGap 0 -allowableGap 0 -threads 0 -branch -printingOptions all -solution solution.txt -saveSolution solution.bin -quit (default strategy 1)
At line 2 NAME          MODEL
At line 3 ROWS
At line 317 COLUMNS
At line 1133 RHS
At line 1446 BOUNDS
At line 1521 ENDATA
Problem MODEL has 312 rows, 241 columns and 647 elements
Coin0008I MODEL read with 0 errors
primalTolerance was changed from 1e-07 to 1e-09
integerTolerance was changed from 1e-07 to 1e-09
ratioGap was changed from 0 to 0
allowableGap was changed from 1e-10 to 0
Continuous objective value is 469915 - 0.00 seconds
Cgl0003I 0 fixed, 0 tightened bounds, 3 strengthened rows, 0 substitutions
Cgl0004I processed model has 119 rows, 167 columns (24 integer (24 of which binary)) and 356 elements
Cbc0038I Initial state - 12 integers unsatisfied sum - 4.77512
Cbc0038I Pass   1: suminf.    0.00000 (0) obj. 478973 iterations 20
Cbc0038I Solution found of 478973
Cbc0038I Relaxing continuous gives 472411
Cbc0038I Before mini branch and bound, 12 integers at bound fixed and 80 continuous
Cbc0038I Full problem 119 rows 167 columns, reduced to 22 rows 25 columns
Cbc0038I Mini branch and bound improved solution from 472411 to 472029 (0.01 seconds)
Cbc0038I Freeing continuous variables gives a solution of 471946
Cbc0038I Round again with cutoff of 471743
Cbc0038I Pass   2: suminf.    0.41387 (2) obj. 471743 iterations 6
Cbc0038I Pass   3: suminf.    0.01590 (1) obj. 471743 iterations 5
Cbc0038I Solution found of 471743
Cbc0038I Relaxing continuous gives 471482
Cbc0038I Before mini branch and bound, 12 integers at bound fixed and 78 continuous
Cbc0038I Full problem 119 rows 167 columns, reduced to 24 rows 29 columns
Cbc0038I Mini branch and bound did not improve solution (0.02 seconds)
Cbc0038I Round again with cutoff of 471168
Cbc0038I Pass   4: suminf.    0.88319 (3) obj. 471168 iterations 8
Cbc0038I Pass   5: suminf.    0.88319 (3) obj. 471168 iterations 0
Cbc0038I Pass   6: suminf.    0.71427 (2) obj. 471168 iterations 11
Cbc0038I Pass   7: suminf.    0.67020 (2) obj. 471168 iterations 4
Cbc0038I Pass   8: suminf.    0.81800 (3) obj. 471168 iterations 12
Cbc0038I Pass   9: suminf.    0.81800 (3) obj. 471168 iterations 0
Cbc0038I Pass  10: suminf.    0.36158 (1) obj. 471168 iterations 5
Cbc0038I Pass  11: suminf.    0.33867 (1) obj. 471168 iterations 1
Cbc0038I Pass  12: suminf.    0.98542 (5) obj. 471168 iterations 6
Cbc0038I Pass  13: suminf.    0.50167 (4) obj. 471168 iterations 1
Cbc0038I Pass  14: suminf.    0.52100 (2) obj. 471168 iterations 6
Cbc0038I Pass  15: suminf.    0.52100 (2) obj. 471168 iterations 0
Cbc0038I Pass  16: suminf.    0.37100 (2) obj. 471168 iterations 7
Cbc0038I Pass  17: suminf.    0.37100 (2) obj. 471168 iterations 0
Cbc0038I Pass  18: suminf.    1.43786 (6) obj. 471168 iterations 21
Cbc0038I Pass  19: suminf.    1.39533 (7) obj. 471168 iterations 2
Cbc0038I Pass  20: suminf.    0.81800 (3) obj. 471168 iterations 17
Cbc0038I Pass  21: suminf.    0.36158 (1) obj. 471168 iterations 7
Cbc0038I Pass  22: suminf.    0.33867 (1) obj. 471168 iterations 1
Cbc0038I Pass  23: suminf.    0.33867 (1) obj. 471168 iterations 7
Cbc0038I Pass  24: suminf.    0.36158 (1) obj. 471168 iterations 2
Cbc0038I Pass  25: suminf.    0.33867 (1) obj. 471168 iterations 1
Cbc0038I Pass  26: suminf.    1.17782 (6) obj. 471168 iterations 19
Cbc0038I Pass  27: suminf.    1.26050 (5) obj. 471168 iterations 8
Cbc0038I Pass  28: suminf.    1.26050 (5) obj. 471168 iterations 0
Cbc0038I Pass  29: suminf.    0.73108 (2) obj. 471168 iterations 11
Cbc0038I Pass  30: suminf.    0.67020 (2) obj. 471168 iterations 2
Cbc0038I Pass  31: suminf.    0.81800 (3) obj. 471168 iterations 5
Cbc0038I Pass  32: suminf.    0.81800 (3) obj. 471168 iterations 0
Cbc0038I Pass  33: suminf.    1.93392 (7) obj. 471168 iterations 21
Cbc0038I No solution found this major pass
Cbc0038I Before mini branch and bound, 3 integers at bound fixed and 68 continuous
Cbc0038I Full problem 119 rows 167 columns, reduced to 36 rows 46 columns
Cbc0038I Mini branch and bound improved solution from 471482 to 471017 (0.03 seconds)
Cbc0038I Round again with cutoff of 470687
Cbc0038I Pass  33: suminf.    1.85659 (5) obj. 470687 iterations 8
Cbc0038I Pass  34: suminf.    1.78060 (6) obj. 470687 iterations 10
Cbc0038I Pass  35: suminf.    1.72823 (6) obj. 470687 iterations 12
Cbc0038I Pass  36: suminf.    1.72823 (6) obj. 470687 iterations 0
Cbc0038I Pass  37: suminf.    1.33698 (4) obj. 470687 iterations 10
Cbc0038I Pass  38: suminf.    1.33698 (4) obj. 470687 iterations 0
Cbc0038I Pass  39: suminf.    1.39810 (4) obj. 470687 iterations 1
Cbc0038I Pass  40: suminf.    2.47231 (8) obj. 470687 iterations 18
Cbc0038I Pass  41: suminf.    2.47231 (7) obj. 470687 iterations 3
Cbc0038I Pass  42: suminf.    1.81374 (5) obj. 470687 iterations 12
Cbc0038I Pass  43: suminf.    1.81374 (5) obj. 470687 iterations 3
Cbc0038I Pass  44: suminf.    2.07274 (5) obj. 470687 iterations 10
Cbc0038I Pass  45: suminf.    2.07274 (5) obj. 470687 iterations 3
Cbc0038I Pass  46: suminf.    2.16274 (6) obj. 470687 iterations 2
Cbc0038I Pass  47: suminf.    1.81374 (5) obj. 470687 iterations 9
Cbc0038I Pass  48: suminf.    1.81374 (5) obj. 470687 iterations 3
Cbc0038I Pass  49: suminf.    2.07274 (5) obj. 470687 iterations 10
Cbc0038I Pass  50: suminf.    2.07274 (5) obj. 470687 iterations 3
Cbc0038I Pass  51: suminf.    3.08774 (9) obj. 470687 iterations 5
Cbc0038I Pass  52: suminf.    2.60399 (7) obj. 470687 iterations 3
Cbc0038I Pass  53: suminf.    1.81374 (5) obj. 470687 iterations 10
Cbc0038I Pass  54: suminf.    1.81374 (5) obj. 470687 iterations 3
Cbc0038I Pass  55: suminf.    2.07274 (5) obj. 470687 iterations 10
Cbc0038I Pass  56: suminf.    2.07274 (5) obj. 470687 iterations 3
Cbc0038I Pass  57: suminf.    2.71249 (9) obj. 470687 iterations 5
Cbc0038I Pass  58: suminf.    2.71249 (8) obj. 470687 iterations 2
Cbc0038I Pass  59: suminf.    1.81374 (5) obj. 470687 iterations 11
Cbc0038I Pass  60: suminf.    1.81374 (5) obj. 470687 iterations 3
Cbc0038I Pass  61: suminf.    2.07274 (5) obj. 470687 iterations 10
Cbc0038I Pass  62: suminf.    2.07274 (5) obj. 470687 iterations 3
Cbc0038I No solution found this major pass
Cbc0038I Before mini branch and bound, 4 integers at bound fixed and 73 continuous
Cbc0038I Full problem 119 rows 167 columns, reduced to 32 rows 41 columns
Cbc0038I Mini branch and bound did not improve solution (0.04 seconds)
Cbc0038I After 0.04 seconds - Feasibility pump exiting with objective of 471017 - took 0.04 seconds
Cbc0012I Integer solution of 471017.29 found by feasibility pump after 0 iterations and 0 nodes (0.04 seconds)
Cbc0038I Full problem 119 rows 167 columns, reduced to 85 rows 133 columns - 6 fixed gives 69, 117 - ok now
Cbc0038I Full problem 119 rows 167 columns, reduced to 69 rows 117 columns
Cbc0031I 15 added rows had average density of 12.4
Cbc0013I At root node, 15 cuts changed objective from 469915.07 to 471015.7 in 14 passes
Cbc0014I Cut generator 0 (Probing) - 4 row cuts average 2.0 elements, 1 column cuts (1 active)  in 0.002 seconds - new frequency is 1
Cbc0014I Cut generator 1 (Gomory) - 46 row cuts average 15.3 elements, 0 column cuts (0 active)  in 0.001 seconds - new frequency is 1
Cbc0014I Cut generator 2 (Knapsack) - 0 row cuts average 0.0 elements, 0 column cuts (0 active)  in 0.002 seconds - new frequency is -100
Cbc0014I Cut generator 3 (Clique) - 0 row cuts average 0.0 elements, 0 column cuts (0 active)  in 0.000 seconds - new frequency is -100
Cbc0014I Cut generator 4 (MixedIntegerRounding2) - 7 row cuts average 5.0 elements, 0 column cuts (0 active)  in 0.001 seconds - new frequency is 1
Cbc0014I Cut generator 5 (FlowCover) - 0 row cuts average 0.0 elements, 0 column cuts (0 active)  in 0.004 seconds - new frequency is -100
Cbc0014I Cut generator 6 (TwoMirCuts) - 31 row cuts average 8.4 elements, 0 column cuts (0 active)  in 0.001 seconds - new frequency is -100
Cbc0001I Search completed - best objective 471017.2882361482, took 106 iterations and 0 nodes (0.07 seconds)
Cbc0032I Strong branching done 2 times (8 iterations), fathomed 1 nodes and fixed 0 variables
Cbc0035I Maximum depth 0, 0 variables fixed on reduced cost
Cuts at root node changed objective from 469915 to 471017
Probing was tried 14 times and created 5 cuts of which 0 were active after adding rounds of cuts (0.002 seconds)
Gomory was tried 14 times and created 46 cuts of which 0 were active after adding rounds of cuts (0.001 seconds)
Knapsack was tried 14 times and created 0 cuts of which 0 were active after adding rounds of cuts (0.002 seconds)
Clique was tried 14 times and created 0 cuts of which 0 were active after adding rounds of cuts (0.000 seconds)
MixedIntegerRounding2 was tried 14 times and created 7 cuts of which 0 were active after adding rounds of cuts (0.001 seconds)
FlowCover was tried 14 times and created 0 cuts of which 0 were active after adding rounds of cuts (0.004 seconds)
TwoMirCuts was tried 14 times and created 31 cuts of which 0 were active after adding rounds of cuts (0.001 seconds)
ZeroHalf was tried 1 times and created 0 cuts of which 0 were active after adding rounds of cuts (0.000 seconds)

Result - Optimal solution found

Objective value:                471017.28823615
Enumerated nodes:               0
Total iterations:               106
Time (CPU seconds):             0.08
Time (Wallclock seconds):       0.08

Option for printingOptions changed from normal to all
Total time (CPU seconds):       0.10   (Wallclock seconds):       0.10

