Welcome to the CBC MILP Solver 
Version: 2.10.3 
Build Date: Dec 15 2019 

command line - E:\dachuang\.venv\Lib\site-packages\pulp\apis\../solverdir/cbc/win/i64/cbc.exe model.mps -primalTolerance 1e-9 -integerTolerance 1e-9 -ratioGap 0 -allowableGap 0 -threads 0 -branch -printingOptions all -solution solution.txt -saveSolution solution.bin -quit (default strategy 1)
At line 2 NAME          MODEL
At line 3 ROWS
At line 317 COLUMNS
At line 1133 RHS
At line 1446 BOUNDS
At line 1521 ENDATA
Problem MODEL has 312 rows, 241 columns and 647 elements
Coin0008I MODEL read with 0 errors
primalTolerance was changed from 1e-07 to 1e-09
integerTolerance was changed from 1e-07 to 1e-09
ratioGap was changed from 0 to 0
allowableGap was changed from 1e-10 to 0
Continuous objective value is 483132 - 0.00 seconds
Cgl0003I 0 fixed, 0 tightened bounds, 36 strengthened rows, 0 substitutions
Cgl0004I processed model has 119 rows, 167 columns (24 integer (24 of which binary)) and 356 elements
Cbc0038I Initial state - 13 integers unsatisfied sum - 5.27383
Cbc0038I Pass   1: suminf.    0.00000 (0) obj. 486606 iterations 13
Cbc0038I Solution found of 486606
Cbc0038I Relaxing continuous gives 486606
Cbc0038I Before mini branch and bound, 11 integers at bound fixed and 82 continuous
Cbc0038I Full problem 119 rows 167 columns, reduced to 12 rows 13 columns
Cbc0038I Mini branch and bound improved solution from 486606 to 485064 (0.01 seconds)
Cbc0038I Round again with cutoff of 484898
Cbc0038I Pass   2: suminf.    0.69442 (2) obj. 484898 iterations 7
Cbc0038I Pass   3: suminf.    0.00000 (0) obj. 484898 iterations 7
Cbc0038I Solution found of 484898
Cbc0038I Relaxing continuous gives 484711
Cbc0038I Before mini branch and bound, 10 integers at bound fixed and 78 continuous
Cbc0038I Full problem 119 rows 167 columns, reduced to 18 rows 21 columns
Cbc0038I Mini branch and bound did not improve solution (0.01 seconds)
Cbc0038I Round again with cutoff of 484449
Cbc0038I Pass   4: suminf.    0.96548 (3) obj. 484449 iterations 4
Cbc0038I Pass   5: suminf.    0.96548 (3) obj. 484449 iterations 0
Cbc0038I Pass   6: suminf.    0.53151 (2) obj. 484449 iterations 13
Cbc0038I Pass   7: suminf.    0.56634 (2) obj. 484449 iterations 5
Cbc0038I Pass   8: suminf.    0.53151 (2) obj. 484449 iterations 1
Cbc0038I Pass   9: suminf.    0.56634 (2) obj. 484449 iterations 6
Cbc0038I Pass  10: suminf.    0.99010 (2) obj. 484449 iterations 10
Cbc0038I Pass  11: suminf.    0.83178 (2) obj. 484449 iterations 5
Cbc0038I Pass  12: suminf.    0.83178 (2) obj. 484449 iterations 2
Cbc0038I Pass  13: suminf.    0.83178 (2) obj. 484449 iterations 0
Cbc0038I Pass  14: suminf.    0.83178 (2) obj. 484449 iterations 3
Cbc0038I Pass  15: suminf.    1.29843 (5) obj. 484449 iterations 17
Cbc0038I Pass  16: suminf.    1.21327 (5) obj. 484449 iterations 5
Cbc0038I Solution found of 484449
Cbc0038I Relaxing continuous gives 484390
Cbc0038I Before mini branch and bound, 5 integers at bound fixed and 73 continuous
Cbc0038I Full problem 119 rows 167 columns, reduced to 30 rows 40 columns
Cbc0038I Mini branch and bound improved solution from 484390 to 484284 (0.02 seconds)
Cbc0038I Round again with cutoff of 484019
Cbc0038I Pass  17: suminf.    2.00614 (5) obj. 484019 iterations 3
Cbc0038I Pass  18: suminf.    1.62303 (5) obj. 484019 iterations 3
Cbc0038I Pass  19: suminf.    1.44373 (5) obj. 484019 iterations 3
Cbc0038I Pass  20: suminf.    0.78482 (2) obj. 484019 iterations 16
Cbc0038I Pass  21: suminf.    0.75000 (3) obj. 484019 iterations 2
Cbc0038I Pass  22: suminf.    0.75000 (3) obj. 484019 iterations 1
Cbc0038I Pass  23: suminf.    0.78482 (2) obj. 484019 iterations 7
Cbc0038I Pass  24: suminf.    0.75000 (3) obj. 484019 iterations 2
Cbc0038I Pass  25: suminf.    0.75000 (3) obj. 484019 iterations 1
Cbc0038I Pass  26: suminf.    0.78482 (2) obj. 484019 iterations 15
Cbc0038I Pass  27: suminf.    0.75000 (3) obj. 484019 iterations 4
Cbc0038I Pass  28: suminf.    0.75000 (3) obj. 484019 iterations 0
Cbc0038I Pass  29: suminf.    0.78482 (2) obj. 484019 iterations 6
Cbc0038I Pass  30: suminf.    0.75000 (3) obj. 484019 iterations 2
Cbc0038I Pass  31: suminf.    0.75000 (3) obj. 484019 iterations 1
Cbc0038I Pass  32: suminf.    0.78482 (2) obj. 484019 iterations 15
Cbc0038I Pass  33: suminf.    0.75000 (3) obj. 484019 iterations 4
Cbc0038I Pass  34: suminf.    0.75000 (3) obj. 484019 iterations 0
Cbc0038I Pass  35: suminf.    0.78482 (2) obj. 484019 iterations 6
Cbc0038I Pass  36: suminf.    0.75000 (3) obj. 484019 iterations 2
Cbc0038I Pass  37: suminf.    0.75000 (3) obj. 484019 iterations 1
Cbc0038I Pass  38: suminf.    0.78482 (2) obj. 484019 iterations 15
Cbc0038I Pass  39: suminf.    0.75000 (3) obj. 484019 iterations 4
Cbc0038I Pass  40: suminf.    0.75000 (3) obj. 484019 iterations 0
Cbc0038I Pass  41: suminf.    0.78482 (2) obj. 484019 iterations 6
Cbc0038I Pass  42: suminf.    0.75000 (3) obj. 484019 iterations 2
Cbc0038I Pass  43: suminf.    0.75000 (3) obj. 484019 iterations 1
Cbc0038I Pass  44: suminf.    0.78482 (2) obj. 484019 iterations 15
Cbc0038I Pass  45: suminf.    0.75000 (3) obj. 484019 iterations 4
Cbc0038I Pass  46: suminf.    0.75000 (3) obj. 484019 iterations 0
Cbc0038I No solution found this major pass
Cbc0038I Before mini branch and bound, 10 integers at bound fixed and 76 continuous
Cbc0038I Full problem 119 rows 167 columns, reduced to 25 rows 31 columns
Cbc0038I Mini branch and bound did not improve solution (0.03 seconds)
Cbc0038I After 0.03 seconds - Feasibility pump exiting with objective of 484284 - took 0.03 seconds
Cbc0012I Integer solution of 484283.77 found by feasibility pump after 0 iterations and 0 nodes (0.03 seconds)
Cbc0038I Full problem 119 rows 167 columns, reduced to 91 rows 139 columns - 4 fixed gives 81, 129 - ok now
Cbc0038I Full problem 119 rows 167 columns, reduced to 81 rows 129 columns
Cbc0012I Integer solution of 484185.56 found by DiveCoefficient after 62 iterations and 0 nodes (0.05 seconds)
Cbc0031I 17 added rows had average density of 9.4117647
Cbc0013I At root node, 17 cuts changed objective from 483401.67 to 484184.77 in 9 passes
Cbc0014I Cut generator 0 (Probing) - 6 row cuts average 2.0 elements, 0 column cuts (0 active)  in 0.001 seconds - new frequency is 1
Cbc0014I Cut generator 1 (Gomory) - 27 row cuts average 12.9 elements, 0 column cuts (0 active)  in 0.001 seconds - new frequency is 1
Cbc0014I Cut generator 2 (Knapsack) - 0 row cuts average 0.0 elements, 0 column cuts (0 active)  in 0.001 seconds - new frequency is -100
Cbc0014I Cut generator 3 (Clique) - 0 row cuts average 0.0 elements, 0 column cuts (0 active)  in 0.000 seconds - new frequency is -100
Cbc0014I Cut generator 4 (MixedIntegerRounding2) - 7 row cuts average 4.9 elements, 0 column cuts (0 active)  in 0.000 seconds - new frequency is 1
Cbc0014I Cut generator 5 (FlowCover) - 0 row cuts average 0.0 elements, 0 column cuts (0 active)  in 0.003 seconds - new frequency is -100
Cbc0014I Cut generator 6 (TwoMirCuts) - 26 row cuts average 9.7 elements, 0 column cuts (0 active)  in 0.002 seconds - new frequency is -100
Cbc0001I Search completed - best objective 484185.5611814401, took 70 iterations and 0 nodes (0.05 seconds)
Cbc0032I Strong branching done 2 times (5 iterations), fathomed 1 nodes and fixed 0 variables
Cbc0035I Maximum depth 0, 0 variables fixed on reduced cost
Cuts at root node changed objective from 483402 to 484186
Probing was tried 9 times and created 6 cuts of which 0 were active after adding rounds of cuts (0.001 seconds)
Gomory was tried 9 times and created 27 cuts of which 0 were active after adding rounds of cuts (0.001 seconds)
Knapsack was tried 9 times and created 0 cuts of which 0 were active after adding rounds of cuts (0.001 seconds)
Clique was tried 9 times and created 0 cuts of which 0 were active after adding rounds of cuts (0.000 seconds)
MixedIntegerRounding2 was tried 9 times and created 7 cuts of which 0 were active after adding rounds of cuts (0.000 seconds)
FlowCover was tried 9 times and created 0 cuts of which 0 were active after adding rounds of cuts (0.003 seconds)
TwoMirCuts was tried 9 times and created 26 cuts of which 0 were active after adding rounds of cuts (0.002 seconds)
ZeroHalf was tried 1 times and created 0 cuts of which 0 were active after adding rounds of cuts (0.000 seconds)

Result - Optimal solution found

Objective value:                484185.56118144
Enumerated nodes:               0
Total iterations:               70
Time (CPU seconds):             0.06
Time (Wallclock seconds):       0.06

Option for printingOptions changed from normal to all
Total time (CPU seconds):       0.08   (Wallclock seconds):       0.08

