Welcome to the CBC MILP Solver 
Version: 2.10.3 
Build Date: Dec 15 2019 

command line - E:\dachuang\.venv\Lib\site-packages\pulp\apis\../solverdir/cbc/win/i64/cbc.exe model.mps -primalTolerance 1e-9 -integerTolerance 1e-9 -ratioGap 0 -allowableGap 0 -threads 0 -branch -printingOptions all -solution solution.txt -saveSolution solution.bin -quit (default strategy 1)
At line 2 NAME          MODEL
At line 3 ROWS
At line 317 COLUMNS
At line 1133 RHS
At line 1446 BOUNDS
At line 1521 ENDATA
Problem MODEL has 312 rows, 241 columns and 647 elements
Coin0008I MODEL read with 0 errors
primalTolerance was changed from 1e-07 to 1e-09
integerTolerance was changed from 1e-07 to 1e-09
ratioGap was changed from 0 to 0
allowableGap was changed from 1e-10 to 0
Continuous objective value is 497868 - 0.00 seconds
Cgl0003I 0 fixed, 0 tightened bounds, 37 strengthened rows, 0 substitutions
Cgl0004I processed model has 119 rows, 167 columns (24 integer (24 of which binary)) and 356 elements
Cbc0038I Initial state - 12 integers unsatisfied sum - 5
Cbc0038I Pass   1: suminf.    0.00000 (0) obj. 499788 iterations 15
Cbc0038I Solution found of 499788
Cbc0038I Relaxing continuous gives 499788
Cbc0038I Before mini branch and bound, 12 integers at bound fixed and 87 continuous
Cbc0038I Full problem 119 rows 167 columns, reduced to 17 rows 18 columns
Cbc0038I Mini branch and bound did not improve solution (0.01 seconds)
Cbc0038I Round again with cutoff of 499700
Cbc0038I Pass   2: suminf.    0.50000 (1) obj. 499700 iterations 2
Cbc0038I Pass   3: suminf.    0.00000 (0) obj. 499700 iterations 2
Cbc0038I Solution found of 499700
Cbc0038I Relaxing continuous gives 499612
Cbc0038I Before mini branch and bound, 12 integers at bound fixed and 85 continuous
Cbc0038I Full problem 119 rows 167 columns, reduced to 22 rows 24 columns
Cbc0038I Mini branch and bound did not improve solution (0.02 seconds)
Cbc0038I Round again with cutoff of 499471
Cbc0038I Pass   4: suminf.    0.80000 (3) obj. 499471 iterations 6
Cbc0038I Pass   5: suminf.    0.80000 (3) obj. 499471 iterations 0
Cbc0038I Pass   6: suminf.    0.80000 (2) obj. 499471 iterations 10
Cbc0038I Pass   7: suminf.    0.80000 (2) obj. 499471 iterations 0
Cbc0038I Pass   8: suminf.    0.80000 (3) obj. 499471 iterations 3
Cbc0038I Pass   9: suminf.    0.82863 (3) obj. 499471 iterations 17
Cbc0038I Pass  10: suminf.    0.82863 (2) obj. 499471 iterations 6
Cbc0038I Pass  11: suminf.    0.82863 (2) obj. 499471 iterations 0
Cbc0038I Pass  12: suminf.    0.82863 (3) obj. 499471 iterations 3
Cbc0038I Pass  13: suminf.    0.82863 (3) obj. 499471 iterations 0
Cbc0038I Pass  14: suminf.    0.20195 (2) obj. 499471 iterations 20
Cbc0038I Solution found of 499471
Cbc0038I Relaxing continuous gives 499440
Cbc0038I Before mini branch and bound, 7 integers at bound fixed and 72 continuous
Cbc0038I Full problem 119 rows 167 columns, reduced to 34 rows 43 columns
Cbc0038I Mini branch and bound improved solution from 499440 to 499373 (0.03 seconds)
Cbc0038I Round again with cutoff of 499233
Cbc0038I Pass  15: suminf.    2.14938 (6) obj. 499233 iterations 3
Cbc0038I Pass  16: suminf.    2.14938 (6) obj. 499233 iterations 0
Cbc0038I Pass  17: suminf.    2.14938 (5) obj. 499233 iterations 9
Cbc0038I Pass  18: suminf.    2.14938 (5) obj. 499233 iterations 0
Cbc0038I Pass  19: suminf.    1.98871 (5) obj. 499233 iterations 7
Cbc0038I Pass  20: suminf.    1.94780 (5) obj. 499233 iterations 4
Cbc0038I Pass  21: suminf.    1.58925 (4) obj. 499233 iterations 8
Cbc0038I Pass  22: suminf.    1.54833 (4) obj. 499233 iterations 2
Cbc0038I Pass  23: suminf.    1.14938 (3) obj. 499233 iterations 9
Cbc0038I Pass  24: suminf.    1.14938 (3) obj. 499233 iterations 0
Cbc0038I Pass  25: suminf.    0.94780 (2) obj. 499233 iterations 5
Cbc0038I Pass  26: suminf.    0.94780 (2) obj. 499233 iterations 0
Cbc0038I Pass  27: suminf.    0.94780 (2) obj. 499233 iterations 2
Cbc0038I Pass  28: suminf.    0.94780 (2) obj. 499233 iterations 0
Cbc0038I Pass  29: suminf.    2.11555 (6) obj. 499233 iterations 19
Cbc0038I Pass  30: suminf.    2.07463 (6) obj. 499233 iterations 2
Cbc0038I Pass  31: suminf.    1.27621 (5) obj. 499233 iterations 2
Cbc0038I Pass  32: suminf.    1.27621 (5) obj. 499233 iterations 7
Cbc0038I Pass  33: suminf.    1.14938 (3) obj. 499233 iterations 11
Cbc0038I Pass  34: suminf.    1.14938 (3) obj. 499233 iterations 0
Cbc0038I Pass  35: suminf.    1.14938 (4) obj. 499233 iterations 7
Cbc0038I Pass  36: suminf.    1.14938 (4) obj. 499233 iterations 0
Cbc0038I Pass  37: suminf.    2.41922 (7) obj. 499233 iterations 20
Cbc0038I Pass  38: suminf.    1.79313 (6) obj. 499233 iterations 4
Cbc0038I Pass  39: suminf.    1.79313 (5) obj. 499233 iterations 4
Cbc0038I Pass  40: suminf.    1.82200 (4) obj. 499233 iterations 6
Cbc0038I Pass  41: suminf.    1.79313 (4) obj. 499233 iterations 10
Cbc0038I Pass  42: suminf.    1.66134 (4) obj. 499233 iterations 3
Cbc0038I Pass  43: suminf.    1.59155 (5) obj. 499233 iterations 12
Cbc0038I Pass  44: suminf.    1.63246 (4) obj. 499233 iterations 12
Cbc0038I No solution found this major pass
Cbc0038I Before mini branch and bound, 6 integers at bound fixed and 73 continuous
Cbc0038I Full problem 119 rows 167 columns, reduced to 39 rows 50 columns
Cbc0038I Mini branch and bound improved solution from 499373 to 499189 (0.05 seconds)
Cbc0038I Round again with cutoff of 499104
Cbc0038I Pass  44: suminf.    2.87963 (8) obj. 499104 iterations 3
Cbc0038I Pass  45: suminf.    2.87963 (8) obj. 499104 iterations 0
Cbc0038I Pass  46: suminf.    1.48016 (3) obj. 499104 iterations 17
Cbc0038I Pass  47: suminf.    1.48016 (3) obj. 499104 iterations 0
Cbc0038I Pass  48: suminf.    1.31747 (3) obj. 499104 iterations 2
Cbc0038I Pass  49: suminf.    1.28669 (4) obj. 499104 iterations 9
Cbc0038I Pass  50: suminf.    1.70663 (4) obj. 499104 iterations 10
Cbc0038I Pass  51: suminf.    1.67805 (4) obj. 499104 iterations 1
Cbc0038I Pass  52: suminf.    1.70663 (4) obj. 499104 iterations 6
Cbc0038I Pass  53: suminf.    1.67805 (4) obj. 499104 iterations 2
Cbc0038I Pass  54: suminf.    1.70663 (4) obj. 499104 iterations 4
Cbc0038I Pass  55: suminf.    1.80488 (5) obj. 499104 iterations 18
Cbc0038I Pass  56: suminf.    1.80488 (5) obj. 499104 iterations 0
Cbc0038I Pass  57: suminf.    1.31950 (4) obj. 499104 iterations 10
Cbc0038I Pass  58: suminf.    1.28669 (4) obj. 499104 iterations 4
Cbc0038I Pass  59: suminf.    1.28669 (4) obj. 499104 iterations 1
Cbc0038I Pass  60: suminf.    1.71897 (4) obj. 499104 iterations 13
Cbc0038I Pass  61: suminf.    1.67805 (4) obj. 499104 iterations 7
Cbc0038I Pass  62: suminf.    1.67805 (4) obj. 499104 iterations 0
Cbc0038I Pass  63: suminf.    1.31950 (4) obj. 499104 iterations 7
Cbc0038I Pass  64: suminf.    1.28669 (4) obj. 499104 iterations 4
Cbc0038I Pass  65: suminf.    1.28669 (4) obj. 499104 iterations 2
Cbc0038I Pass  66: suminf.    1.71897 (4) obj. 499104 iterations 17
Cbc0038I Pass  67: suminf.    1.67805 (4) obj. 499104 iterations 4
Cbc0038I Pass  68: suminf.    1.67805 (4) obj. 499104 iterations 0
Cbc0038I Pass  69: suminf.    1.31950 (4) obj. 499104 iterations 7
Cbc0038I Pass  70: suminf.    1.28669 (4) obj. 499104 iterations 4
Cbc0038I Pass  71: suminf.    1.28669 (4) obj. 499104 iterations 1
Cbc0038I Pass  72: suminf.    1.71897 (4) obj. 499104 iterations 16
Cbc0038I Pass  73: suminf.    1.67805 (4) obj. 499104 iterations 5
Cbc0038I No solution found this major pass
Cbc0038I Before mini branch and bound, 8 integers at bound fixed and 77 continuous
Cbc0038I Full problem 119 rows 167 columns, reduced to 39 rows 50 columns
Cbc0038I Mini branch and bound did not improve solution (0.06 seconds)
Cbc0038I After 0.06 seconds - Feasibility pump exiting with objective of 499189 - took 0.05 seconds
Cbc0012I Integer solution of 499188.54 found by feasibility pump after 0 iterations and 0 nodes (0.06 seconds)
Cbc0038I Full problem 119 rows 167 columns, reduced to 88 rows 136 columns - 3 fixed gives 81, 129 - ok now
Cbc0038I Full problem 119 rows 167 columns, reduced to 81 rows 129 columns
Cbc0031I 14 added rows had average density of 10
Cbc0013I At root node, 15 cuts changed objective from 498906.17 to 499188.54 in 7 passes
Cbc0014I Cut generator 0 (Probing) - 4 row cuts average 2.0 elements, 0 column cuts (0 active)  in 0.000 seconds - new frequency is -100
Cbc0014I Cut generator 1 (Gomory) - 30 row cuts average 12.7 elements, 0 column cuts (0 active)  in 0.001 seconds - new frequency is 1
Cbc0014I Cut generator 2 (Knapsack) - 0 row cuts average 0.0 elements, 0 column cuts (0 active)  in 0.001 seconds - new frequency is -100
Cbc0014I Cut generator 3 (Clique) - 0 row cuts average 0.0 elements, 0 column cuts (0 active)  in 0.000 seconds - new frequency is -100
Cbc0014I Cut generator 4 (MixedIntegerRounding2) - 5 row cuts average 4.8 elements, 0 column cuts (0 active)  in 0.000 seconds - new frequency is 1
Cbc0014I Cut generator 5 (FlowCover) - 0 row cuts average 0.0 elements, 0 column cuts (0 active)  in 0.001 seconds - new frequency is -100
Cbc0014I Cut generator 6 (TwoMirCuts) - 28 row cuts average 8.4 elements, 0 column cuts (0 active)  in 0.001 seconds - new frequency is -100
Cbc0001I Search completed - best objective 499188.5384605256, took 58 iterations and 0 nodes (0.08 seconds)
Cbc0035I Maximum depth 0, 0 variables fixed on reduced cost
Cuts at root node changed objective from 498906 to 499189
Probing was tried 7 times and created 4 cuts of which 0 were active after adding rounds of cuts (0.000 seconds)
Gomory was tried 7 times and created 30 cuts of which 0 were active after adding rounds of cuts (0.001 seconds)
Knapsack was tried 7 times and created 0 cuts of which 0 were active after adding rounds of cuts (0.001 seconds)
Clique was tried 7 times and created 0 cuts of which 0 were active after adding rounds of cuts (0.000 seconds)
MixedIntegerRounding2 was tried 7 times and created 5 cuts of which 0 were active after adding rounds of cuts (0.000 seconds)
FlowCover was tried 7 times and created 0 cuts of which 0 were active after adding rounds of cuts (0.001 seconds)
TwoMirCuts was tried 7 times and created 28 cuts of which 0 were active after adding rounds of cuts (0.001 seconds)
ZeroHalf was tried 1 times and created 0 cuts of which 0 were active after adding rounds of cuts (0.000 seconds)

Result - Optimal solution found

Objective value:                499188.53846053
Enumerated nodes:               0
Total iterations:               58
Time (CPU seconds):             0.08
Time (Wallclock seconds):       0.08

Option for printingOptions changed from normal to all
Total time (CPU seconds):       0.10   (Wallclock seconds):       0.10

