Welcome to the CBC MILP Solver 
Version: 2.10.3 
Build Date: Dec 15 2019 

command line - E:\dachuang\.venv\Lib\site-packages\pulp\apis\../solverdir/cbc/win/i64/cbc.exe model.mps -primalTolerance 1e-9 -integerTolerance 1e-9 -ratioGap 0 -allowableGap 0 -threads 0 -branch -printingOptions all -solution solution.txt -saveSolution solution.bin -quit (default strategy 1)
At line 2 NAME          MODEL
At line 3 ROWS
At line 317 COLUMNS
At line 1133 RHS
At line 1446 BOUNDS
At line 1521 ENDATA
Problem MODEL has 312 rows, 241 columns and 647 elements
Coin0008I MODEL read with 0 errors
primalTolerance was changed from 1e-07 to 1e-09
integerTolerance was changed from 1e-07 to 1e-09
ratioGap was changed from 0 to 0
allowableGap was changed from 1e-10 to 0
Continuous objective value is 459440 - 0.00 seconds
Cgl0003I 0 fixed, 0 tightened bounds, 3 strengthened rows, 0 substitutions
Cgl0004I processed model has 119 rows, 167 columns (24 integer (24 of which binary)) and 356 elements
Cbc0038I Initial state - 15 integers unsatisfied sum - 5.40842
Cbc0038I Pass   1: suminf.    0.00000 (0) obj. 507018 iterations 23
Cbc0038I Solution found of 507018
Cbc0038I Relaxing continuous gives 464751
Cbc0038I Before mini branch and bound, 9 integers at bound fixed and 79 continuous
Cbc0038I Full problem 119 rows 167 columns, reduced to 9 rows 10 columns
Cbc0038I Mini branch and bound improved solution from 464751 to 462342 (0.02 seconds)
Cbc0038I Round again with cutoff of 462052
Cbc0038I Pass   2: suminf.    0.59377 (3) obj. 462052 iterations 8
Cbc0038I Pass   3: suminf.    0.07846 (2) obj. 462052 iterations 7
Cbc0038I Solution found of 462052
Cbc0038I Relaxing continuous gives 461762
Cbc0038I Before mini branch and bound, 9 integers at bound fixed and 78 continuous
Cbc0038I Full problem 119 rows 167 columns, reduced to 11 rows 14 columns
Cbc0038I Mini branch and bound did not improve solution (0.03 seconds)
Cbc0038I Freeing continuous variables gives a solution of 461632
Cbc0038I Round again with cutoff of 461193
Cbc0038I Pass   4: suminf.    1.06279 (4) obj. 461193 iterations 5
Cbc0038I Pass   5: suminf.    0.85475 (5) obj. 461193 iterations 8
Cbc0038I Pass   6: suminf.    1.11767 (4) obj. 461193 iterations 9
Cbc0038I Pass   7: suminf.    1.16892 (4) obj. 461193 iterations 8
Cbc0038I Pass   8: suminf.    1.16892 (4) obj. 461193 iterations 0
Cbc0038I Pass   9: suminf.    0.78452 (3) obj. 461193 iterations 6
Cbc0038I Pass  10: suminf.    0.78452 (3) obj. 461193 iterations 0
Cbc0038I Pass  11: suminf.    0.66452 (3) obj. 461193 iterations 1
Cbc0038I Pass  12: suminf.    0.66452 (3) obj. 461193 iterations 0
Cbc0038I Pass  13: suminf.    1.07752 (4) obj. 461193 iterations 6
Cbc0038I Pass  14: suminf.    0.78452 (3) obj. 461193 iterations 2
Cbc0038I Pass  15: suminf.    0.78452 (3) obj. 461193 iterations 0
Cbc0038I Pass  16: suminf.    0.66452 (3) obj. 461193 iterations 1
Cbc0038I Pass  17: suminf.    0.66452 (3) obj. 461193 iterations 0
Cbc0038I Pass  18: suminf.    1.44192 (7) obj. 461193 iterations 27
Cbc0038I Pass  19: suminf.    1.44192 (7) obj. 461193 iterations 2
Cbc0038I Pass  20: suminf.    1.44227 (4) obj. 461193 iterations 16
Cbc0038I Pass  21: suminf.    1.44227 (4) obj. 461193 iterations 0
Cbc0038I Pass  22: suminf.    1.37352 (4) obj. 461193 iterations 5
Cbc0038I Pass  23: suminf.    1.37352 (4) obj. 461193 iterations 0
Cbc0038I Pass  24: suminf.    0.98912 (3) obj. 461193 iterations 4
Cbc0038I Pass  25: suminf.    0.98912 (3) obj. 461193 iterations 0
Cbc0038I Pass  26: suminf.    0.86912 (3) obj. 461193 iterations 1
Cbc0038I Pass  27: suminf.    0.86912 (3) obj. 461193 iterations 0
Cbc0038I Pass  28: suminf.    1.53546 (6) obj. 461193 iterations 12
Cbc0038I Pass  29: suminf.    1.37352 (4) obj. 461193 iterations 7
Cbc0038I Pass  30: suminf.    1.37352 (4) obj. 461193 iterations 0
Cbc0038I Pass  31: suminf.    0.98912 (3) obj. 461193 iterations 5
Cbc0038I Pass  32: suminf.    0.98912 (3) obj. 461193 iterations 0
Cbc0038I Pass  33: suminf.    0.86912 (3) obj. 461193 iterations 1
Cbc0038I No solution found this major pass
Cbc0038I Before mini branch and bound, 3 integers at bound fixed and 68 continuous
Cbc0038I Full problem 119 rows 167 columns, reduced to 33 rows 44 columns
Cbc0038I Mini branch and bound improved solution from 461632 to 461182 (0.05 seconds)
Cbc0038I Round again with cutoff of 460659
Cbc0038I Pass  33: suminf.    1.87471 (8) obj. 460659 iterations 7
Cbc0038I Pass  34: suminf.    1.87471 (7) obj. 460659 iterations 4
Cbc0038I Pass  35: suminf.    1.79752 (5) obj. 460659 iterations 9
Cbc0038I Pass  36: suminf.    1.63322 (5) obj. 460659 iterations 2
Cbc0038I Pass  37: suminf.    1.68447 (6) obj. 460659 iterations 5
Cbc0038I Pass  38: suminf.    1.68447 (6) obj. 460659 iterations 0
Cbc0038I Pass  39: suminf.    1.75847 (6) obj. 460659 iterations 1
Cbc0038I Pass  40: suminf.    1.75847 (6) obj. 460659 iterations 0
Cbc0038I Pass  41: suminf.    1.68447 (6) obj. 460659 iterations 1
Cbc0038I Pass  42: suminf.    2.30787 (9) obj. 460659 iterations 17
Cbc0038I Pass  43: suminf.    2.30787 (9) obj. 460659 iterations 0
Cbc0038I Pass  44: suminf.    1.75847 (6) obj. 460659 iterations 4
Cbc0038I Pass  45: suminf.    1.75847 (6) obj. 460659 iterations 0
Cbc0038I Pass  46: suminf.    1.68447 (6) obj. 460659 iterations 1
Cbc0038I Pass  47: suminf.    1.68447 (6) obj. 460659 iterations 0
Cbc0038I Pass  48: suminf.    2.19022 (7) obj. 460659 iterations 11
Cbc0038I Pass  49: suminf.    1.68447 (6) obj. 460659 iterations 7
Cbc0038I Pass  50: suminf.    1.68447 (6) obj. 460659 iterations 0
Cbc0038I Pass  51: suminf.    1.75847 (6) obj. 460659 iterations 1
Cbc0038I Pass  52: suminf.    1.75847 (6) obj. 460659 iterations 0
Cbc0038I Pass  53: suminf.    1.68447 (6) obj. 460659 iterations 1
Cbc0038I Pass  54: suminf.    3.02628 (10) obj. 460659 iterations 14
Cbc0038I Pass  55: suminf.    3.02628 (10) obj. 460659 iterations 3
Cbc0038I Pass  56: suminf.    1.79653 (6) obj. 460659 iterations 12
Cbc0038I Pass  57: suminf.    1.44588 (6) obj. 460659 iterations 4
Cbc0038I Pass  58: suminf.    1.57573 (5) obj. 460659 iterations 3
Cbc0038I Pass  59: suminf.    1.22508 (5) obj. 460659 iterations 1
Cbc0038I Pass  60: suminf.    1.72253 (5) obj. 460659 iterations 2
Cbc0038I Pass  61: suminf.    1.37188 (5) obj. 460659 iterations 1
Cbc0038I Pass  62: suminf.    2.24496 (8) obj. 460659 iterations 10
Cbc0038I No solution found this major pass
Cbc0038I Before mini branch and bound, 1 integers at bound fixed and 68 continuous
Cbc0038I Full problem 119 rows 167 columns, reduced to 28 rows 35 columns
Cbc0038I Mini branch and bound did not improve solution (0.07 seconds)
Cbc0038I After 0.07 seconds - Feasibility pump exiting with objective of 461182 - took 0.06 seconds
Cbc0012I Integer solution of 461181.52 found by feasibility pump after 0 iterations and 0 nodes (0.07 seconds)
Cbc0038I Full problem 119 rows 167 columns, reduced to 94 rows 142 columns - 5 fixed gives 80, 128 - ok now
Cbc0038I Full problem 119 rows 167 columns, reduced to 80 rows 128 columns
Cbc0031I 20 added rows had average density of 18.6
Cbc0013I At root node, 20 cuts changed objective from 459439.84 to 461179.28 in 18 passes
Cbc0014I Cut generator 0 (Probing) - 8 row cuts average 2.0 elements, 5 column cuts (5 active)  in 0.001 seconds - new frequency is 1
Cbc0014I Cut generator 1 (Gomory) - 55 row cuts average 38.5 elements, 0 column cuts (0 active)  in 0.002 seconds - new frequency is 1
Cbc0014I Cut generator 2 (Knapsack) - 0 row cuts average 0.0 elements, 0 column cuts (0 active)  in 0.003 seconds - new frequency is -100
Cbc0014I Cut generator 3 (Clique) - 0 row cuts average 0.0 elements, 0 column cuts (0 active)  in 0.000 seconds - new frequency is -100
Cbc0014I Cut generator 4 (MixedIntegerRounding2) - 11 row cuts average 4.5 elements, 0 column cuts (0 active)  in 0.003 seconds - new frequency is 1
Cbc0014I Cut generator 5 (FlowCover) - 0 row cuts average 0.0 elements, 0 column cuts (0 active)  in 0.004 seconds - new frequency is -100
Cbc0014I Cut generator 6 (TwoMirCuts) - 32 row cuts average 18.3 elements, 0 column cuts (0 active)  in 0.003 seconds - new frequency is -100
Cbc0001I Search completed - best objective 461181.5236932218, took 126 iterations and 0 nodes (0.11 seconds)
Cbc0032I Strong branching done 6 times (30 iterations), fathomed 1 nodes and fixed 0 variables
Cbc0035I Maximum depth 0, 1 variables fixed on reduced cost
Cuts at root node changed objective from 459440 to 461182
Probing was tried 18 times and created 13 cuts of which 0 were active after adding rounds of cuts (0.001 seconds)
Gomory was tried 18 times and created 55 cuts of which 0 were active after adding rounds of cuts (0.002 seconds)
Knapsack was tried 18 times and created 0 cuts of which 0 were active after adding rounds of cuts (0.003 seconds)
Clique was tried 18 times and created 0 cuts of which 0 were active after adding rounds of cuts (0.000 seconds)
MixedIntegerRounding2 was tried 18 times and created 11 cuts of which 0 were active after adding rounds of cuts (0.003 seconds)
FlowCover was tried 18 times and created 0 cuts of which 0 were active after adding rounds of cuts (0.004 seconds)
TwoMirCuts was tried 18 times and created 32 cuts of which 0 were active after adding rounds of cuts (0.003 seconds)
ZeroHalf was tried 1 times and created 0 cuts of which 0 were active after adding rounds of cuts (0.000 seconds)

Result - Optimal solution found

Objective value:                461181.52369322
Enumerated nodes:               0
Total iterations:               126
Time (CPU seconds):             0.12
Time (Wallclock seconds):       0.12

Option for printingOptions changed from normal to all
Total time (CPU seconds):       0.14   (Wallclock seconds):       0.14

