Welcome to the CBC MILP Solver 
Version: 2.10.3 
Build Date: Dec 15 2019 

command line - E:\dachuang\.venv\Lib\site-packages\pulp\apis\../solverdir/cbc/win/i64/cbc.exe model.mps -primalTolerance 1e-9 -integerTolerance 1e-9 -ratioGap 0 -allowableGap 0 -threads 0 -branch -printingOptions all -solution solution.txt -saveSolution solution.bin -quit (default strategy 1)
At line 2 NAME          MODEL
At line 3 ROWS
At line 317 COLUMNS
At line 1133 RHS
At line 1446 BOUNDS
At line 1521 ENDATA
Problem MODEL has 312 rows, 241 columns and 647 elements
Coin0008I MODEL read with 0 errors
primalTolerance was changed from 1e-07 to 1e-09
integerTolerance was changed from 1e-07 to 1e-09
ratioGap was changed from 0 to 0
allowableGap was changed from 1e-10 to 0
Continuous objective value is 497510 - 0.00 seconds
Cgl0003I 0 fixed, 0 tightened bounds, 37 strengthened rows, 0 substitutions
Cgl0004I processed model has 119 rows, 167 columns (24 integer (24 of which binary)) and 356 elements
Cbc0038I Initial state - 12 integers unsatisfied sum - 5
Cbc0038I Pass   1: suminf.    0.00000 (0) obj. 499788 iterations 21
Cbc0038I Solution found of 499788
Cbc0038I Relaxing continuous gives 499788
Cbc0038I Before mini branch and bound, 12 integers at bound fixed and 87 continuous
Cbc0038I Full problem 119 rows 167 columns, reduced to 17 rows 18 columns
Cbc0038I Mini branch and bound did not improve solution (0.02 seconds)
Cbc0038I Round again with cutoff of 499700
Cbc0038I Pass   2: suminf.    0.50000 (1) obj. 499700 iterations 2
Cbc0038I Solution found of 499700
Cbc0038I Relaxing continuous gives 499612
Cbc0038I Before mini branch and bound, 12 integers at bound fixed and 86 continuous
Cbc0038I Full problem 119 rows 167 columns, reduced to 17 rows 19 columns
Cbc0038I Mini branch and bound did not improve solution (0.02 seconds)
Cbc0038I Round again with cutoff of 499471
Cbc0038I Pass   3: suminf.    0.80000 (2) obj. 499471 iterations 6
Cbc0038I Pass   4: suminf.    0.80000 (2) obj. 499471 iterations 0
Cbc0038I Pass   5: suminf.    0.59842 (2) obj. 499471 iterations 5
Cbc0038I Pass   6: suminf.    0.59842 (2) obj. 499471 iterations 0
Cbc0038I Pass   7: suminf.    0.80000 (2) obj. 499471 iterations 4
Cbc0038I Pass   8: suminf.    0.59842 (2) obj. 499471 iterations 11
Cbc0038I Pass   9: suminf.    0.59842 (2) obj. 499471 iterations 0
Cbc0038I Pass  10: suminf.    0.59842 (2) obj. 499471 iterations 8
Cbc0038I Pass  11: suminf.    0.59842 (2) obj. 499471 iterations 0
Cbc0038I Pass  12: suminf.    0.59842 (2) obj. 499471 iterations 8
Cbc0038I Pass  13: suminf.    0.04628 (1) obj. 499471 iterations 21
Cbc0038I Solution found of 499471
Cbc0038I Relaxing continuous gives 499435
Cbc0038I Before mini branch and bound, 6 integers at bound fixed and 72 continuous
Cbc0038I Full problem 119 rows 167 columns, reduced to 36 rows 45 columns
Cbc0038I Mini branch and bound improved solution from 499435 to 499259 (0.03 seconds)
Cbc0038I Round again with cutoff of 499153
Cbc0038I Pass  14: suminf.    2.43934 (6) obj. 499153 iterations 9
Cbc0038I Pass  15: suminf.    2.39842 (5) obj. 499153 iterations 1
Cbc0038I Pass  16: suminf.    2.39842 (5) obj. 499153 iterations 1
Cbc0038I Pass  17: suminf.    1.60000 (5) obj. 499153 iterations 10
Cbc0038I Pass  18: suminf.    1.60000 (5) obj. 499153 iterations 0
Cbc0038I Pass  19: suminf.    1.60000 (5) obj. 499153 iterations 0
Cbc0038I Pass  20: suminf.    1.60000 (4) obj. 499153 iterations 13
Cbc0038I Pass  21: suminf.    1.60000 (4) obj. 499153 iterations 0
Cbc0038I Pass  22: suminf.    1.60000 (4) obj. 499153 iterations 0
Cbc0038I Pass  23: suminf.    1.60000 (5) obj. 499153 iterations 13
Cbc0038I Pass  24: suminf.    1.60000 (5) obj. 499153 iterations 0
Cbc0038I Pass  25: suminf.    1.60000 (4) obj. 499153 iterations 13
Cbc0038I Pass  26: suminf.    1.60000 (4) obj. 499153 iterations 0
Cbc0038I Pass  27: suminf.    1.60000 (4) obj. 499153 iterations 0
Cbc0038I Pass  28: suminf.    1.60000 (5) obj. 499153 iterations 13
Cbc0038I Pass  29: suminf.    1.60000 (5) obj. 499153 iterations 0
Cbc0038I Pass  30: suminf.    1.60000 (4) obj. 499153 iterations 13
Cbc0038I Pass  31: suminf.    1.60000 (4) obj. 499153 iterations 0
Cbc0038I Pass  32: suminf.    1.60000 (4) obj. 499153 iterations 0
Cbc0038I Pass  33: suminf.    1.60000 (5) obj. 499153 iterations 13
Cbc0038I Pass  34: suminf.    1.60000 (5) obj. 499153 iterations 0
Cbc0038I Pass  35: suminf.    1.60000 (4) obj. 499153 iterations 13
Cbc0038I Pass  36: suminf.    1.60000 (4) obj. 499153 iterations 0
Cbc0038I Pass  37: suminf.    1.60000 (4) obj. 499153 iterations 0
Cbc0038I Pass  38: suminf.    1.60000 (5) obj. 499153 iterations 13
Cbc0038I Pass  39: suminf.    1.60000 (5) obj. 499153 iterations 0
Cbc0038I Pass  40: suminf.    1.60000 (4) obj. 499153 iterations 13
Cbc0038I Pass  41: suminf.    1.60000 (4) obj. 499153 iterations 0
Cbc0038I Pass  42: suminf.    1.60000 (4) obj. 499153 iterations 0
Cbc0038I Pass  43: suminf.    1.60000 (5) obj. 499153 iterations 13
Cbc0038I No solution found this major pass
Cbc0038I Before mini branch and bound, 12 integers at bound fixed and 78 continuous
Cbc0038I Full problem 119 rows 167 columns, reduced to 38 rows 48 columns
Cbc0038I Mini branch and bound did not improve solution (0.04 seconds)
Cbc0038I After 0.04 seconds - Feasibility pump exiting with objective of 499259 - took 0.03 seconds
Cbc0012I Integer solution of 499259.01 found by feasibility pump after 0 iterations and 0 nodes (0.04 seconds)
Cbc0038I Full problem 119 rows 167 columns, reduced to 95 rows 143 columns - 5 fixed gives 83, 131 - ok now
Cbc0038I Full problem 119 rows 167 columns, reduced to 83 rows 131 columns
Cbc0012I Integer solution of 499188.54 found by DiveCoefficient after 58 iterations and 0 nodes (0.06 seconds)
Cbc0031I 14 added rows had average density of 10
Cbc0013I At root node, 14 cuts changed objective from 498906.17 to 499188.54 in 8 passes
Cbc0014I Cut generator 0 (Probing) - 4 row cuts average 2.0 elements, 0 column cuts (0 active)  in 0.001 seconds - new frequency is -100
Cbc0014I Cut generator 1 (Gomory) - 30 row cuts average 12.6 elements, 0 column cuts (0 active)  in 0.001 seconds - new frequency is 1
Cbc0014I Cut generator 2 (Knapsack) - 0 row cuts average 0.0 elements, 0 column cuts (0 active)  in 0.002 seconds - new frequency is -100
Cbc0014I Cut generator 3 (Clique) - 0 row cuts average 0.0 elements, 0 column cuts (0 active)  in 0.000 seconds - new frequency is -100
Cbc0014I Cut generator 4 (MixedIntegerRounding2) - 5 row cuts average 4.8 elements, 0 column cuts (0 active)  in 0.001 seconds - new frequency is 1
Cbc0014I Cut generator 5 (FlowCover) - 0 row cuts average 0.0 elements, 0 column cuts (0 active)  in 0.000 seconds - new frequency is -100
Cbc0014I Cut generator 6 (TwoMirCuts) - 28 row cuts average 8.3 elements, 0 column cuts (0 active)  in 0.002 seconds - new frequency is -100
Cbc0001I Search completed - best objective 499188.5384605256, took 58 iterations and 0 nodes (0.06 seconds)
Cbc0035I Maximum depth 0, 0 variables fixed on reduced cost
Cuts at root node changed objective from 498906 to 499189
Probing was tried 8 times and created 4 cuts of which 0 were active after adding rounds of cuts (0.001 seconds)
Gomory was tried 8 times and created 30 cuts of which 0 were active after adding rounds of cuts (0.001 seconds)
Knapsack was tried 8 times and created 0 cuts of which 0 were active after adding rounds of cuts (0.002 seconds)
Clique was tried 8 times and created 0 cuts of which 0 were active after adding rounds of cuts (0.000 seconds)
MixedIntegerRounding2 was tried 8 times and created 5 cuts of which 0 were active after adding rounds of cuts (0.001 seconds)
FlowCover was tried 8 times and created 0 cuts of which 0 were active after adding rounds of cuts (0.000 seconds)
TwoMirCuts was tried 8 times and created 28 cuts of which 0 were active after adding rounds of cuts (0.002 seconds)
ZeroHalf was tried 1 times and created 0 cuts of which 0 were active after adding rounds of cuts (0.000 seconds)

Result - Optimal solution found

Objective value:                499188.53846053
Enumerated nodes:               0
Total iterations:               58
Time (CPU seconds):             0.06
Time (Wallclock seconds):       0.06

Option for printingOptions changed from normal to all
Total time (CPU seconds):       0.09   (Wallclock seconds):       0.09

