Welcome to the CBC MILP Solver 
Version: 2.10.3 
Build Date: Dec 15 2019 

command line - E:\dachuang\.venv\Lib\site-packages\pulp\apis\../solverdir/cbc/win/i64/cbc.exe model.mps -primalTolerance 1e-9 -integerTolerance 1e-9 -ratioGap 0 -allowableGap 0 -threads 0 -branch -printingOptions all -solution solution.txt -saveSolution solution.bin -quit (default strategy 1)
At line 2 NAME          MODEL
At line 3 ROWS
At line 317 COLUMNS
At line 1133 RHS
At line 1446 BOUNDS
At line 1521 ENDATA
Problem MODEL has 312 rows, 241 columns and 647 elements
Coin0008I MODEL read with 0 errors
primalTolerance was changed from 1e-07 to 1e-09
integerTolerance was changed from 1e-07 to 1e-09
ratioGap was changed from 0 to 0
allowableGap was changed from 1e-10 to 0
Continuous objective value is 489976 - 0.00 seconds
Cgl0003I 0 fixed, 0 tightened bounds, 36 strengthened rows, 0 substitutions
Cgl0004I processed model has 119 rows, 167 columns (24 integer (24 of which binary)) and 356 elements
Cbc0038I Initial state - 11 integers unsatisfied sum - 4.57105
Cbc0038I Pass   1: suminf.    0.00000 (0) obj. 491656 iterations 17
Cbc0038I Solution found of 491656
Cbc0038I Relaxing continuous gives 491618
Cbc0038I Before mini branch and bound, 13 integers at bound fixed and 82 continuous
Cbc0038I Full problem 119 rows 167 columns, reduced to 17 rows 19 columns
Cbc0038I Mini branch and bound did not improve solution (0.01 seconds)
Cbc0038I Round again with cutoff of 491498
Cbc0038I Pass   2: suminf.    0.45000 (1) obj. 491498 iterations 5
Cbc0038I Pass   3: suminf.    0.00000 (0) obj. 491498 iterations 4
Cbc0038I Solution found of 491498
Cbc0038I Relaxing continuous gives 491353
Cbc0038I Before mini branch and bound, 13 integers at bound fixed and 82 continuous
Cbc0038I Full problem 119 rows 167 columns, reduced to 20 rows 24 columns
Cbc0038I Mini branch and bound improved solution from 491353 to 491353 (0.01 seconds)
Cbc0038I Round again with cutoff of 491168
Cbc0038I Pass   4: suminf.    0.70000 (2) obj. 491168 iterations 4
Cbc0038I Pass   5: suminf.    0.70000 (2) obj. 491168 iterations 0
Cbc0038I Pass   6: suminf.    0.70000 (2) obj. 491168 iterations 4
Cbc0038I Pass   7: suminf.    0.70000 (2) obj. 491168 iterations 0
Cbc0038I Pass   8: suminf.    0.70000 (2) obj. 491168 iterations 1
Cbc0038I Pass   9: suminf.    0.76188 (2) obj. 491168 iterations 19
Cbc0038I Pass  10: suminf.    0.76188 (2) obj. 491168 iterations 6
Cbc0038I Pass  11: suminf.    0.76188 (2) obj. 491168 iterations 0
Cbc0038I Pass  12: suminf.    0.76188 (2) obj. 491168 iterations 1
Cbc0038I Pass  13: suminf.    0.76188 (2) obj. 491168 iterations 0
Cbc0038I Pass  14: suminf.    1.33254 (4) obj. 491168 iterations 18
Cbc0038I Pass  15: suminf.    0.76188 (2) obj. 491168 iterations 8
Cbc0038I Pass  16: suminf.    0.76188 (2) obj. 491168 iterations 0
Cbc0038I Pass  17: suminf.    0.76188 (2) obj. 491168 iterations 2
Cbc0038I Pass  18: suminf.    0.76188 (2) obj. 491168 iterations 0
Cbc0038I Pass  19: suminf.    0.76188 (2) obj. 491168 iterations 9
Cbc0038I Pass  20: suminf.    0.76188 (2) obj. 491168 iterations 5
Cbc0038I Pass  21: suminf.    0.76188 (2) obj. 491168 iterations 0
Cbc0038I Pass  22: suminf.    0.76188 (2) obj. 491168 iterations 2
Cbc0038I Pass  23: suminf.    0.76188 (2) obj. 491168 iterations 0
Cbc0038I Pass  24: suminf.    1.96461 (7) obj. 491168 iterations 25
Cbc0038I Pass  25: suminf.    0.23812 (1) obj. 491168 iterations 16
Cbc0038I Solution found of 491168
Cbc0038I Relaxing continuous gives 491105
Cbc0038I Before mini branch and bound, 4 integers at bound fixed and 71 continuous
Cbc0038I Full problem 119 rows 167 columns, reduced to 32 rows 41 columns
Cbc0038I Mini branch and bound improved solution from 491105 to 491088 (0.02 seconds)
Cbc0038I Round again with cutoff of 490890
Cbc0038I Pass  26: suminf.    1.75000 (4) obj. 490890 iterations 3
Cbc0038I Pass  27: suminf.    1.75000 (4) obj. 490890 iterations 0
Cbc0038I Pass  28: suminf.    1.75000 (4) obj. 490890 iterations 8
Cbc0038I Pass  29: suminf.    1.75000 (4) obj. 490890 iterations 0
Cbc0038I Pass  30: suminf.    1.75000 (4) obj. 490890 iterations 4
Cbc0038I Pass  31: suminf.    1.75000 (4) obj. 490890 iterations 0
Cbc0038I Pass  32: suminf.    1.38877 (5) obj. 490890 iterations 31
Cbc0038I Pass  33: suminf.    0.96984 (4) obj. 490890 iterations 6
Cbc0038I Pass  34: suminf.    0.93961 (3) obj. 490890 iterations 1
Cbc0038I Pass  35: suminf.    0.81188 (2) obj. 490890 iterations 7
Cbc0038I Pass  36: suminf.    0.81188 (2) obj. 490890 iterations 1
Cbc0038I Pass  37: suminf.    0.81188 (2) obj. 490890 iterations 15
Cbc0038I Pass  38: suminf.    2.29739 (6) obj. 490890 iterations 13
Cbc0038I Pass  39: suminf.    1.84211 (5) obj. 490890 iterations 7
Cbc0038I Pass  40: suminf.    1.81188 (4) obj. 490890 iterations 1
Cbc0038I Pass  41: suminf.    0.81188 (2) obj. 490890 iterations 4
Cbc0038I Pass  42: suminf.    0.81188 (2) obj. 490890 iterations 1
Cbc0038I Pass  43: suminf.    0.81188 (2) obj. 490890 iterations 8
Cbc0038I Pass  44: suminf.    0.81188 (2) obj. 490890 iterations 1
Cbc0038I Pass  45: suminf.    0.81188 (2) obj. 490890 iterations 4
Cbc0038I Pass  46: suminf.    0.86021 (3) obj. 490890 iterations 3
Cbc0038I Pass  47: suminf.    0.86021 (3) obj. 490890 iterations 1
Cbc0038I Pass  48: suminf.    0.81188 (2) obj. 490890 iterations 10
Cbc0038I Pass  49: suminf.    0.81188 (2) obj. 490890 iterations 1
Cbc0038I Pass  50: suminf.    0.81188 (2) obj. 490890 iterations 4
Cbc0038I Pass  51: suminf.    0.81188 (2) obj. 490890 iterations 1
Cbc0038I Pass  52: suminf.    2.62566 (9) obj. 490890 iterations 16
Cbc0038I Pass  53: suminf.    1.21579 (8) obj. 490890 iterations 5
Cbc0038I Pass  54: suminf.    1.21570 (7) obj. 490890 iterations 1
Cbc0038I Pass  55: suminf.    1.26003 (4) obj. 490890 iterations 14
Cbc0038I No solution found this major pass
Cbc0038I Before mini branch and bound, 3 integers at bound fixed and 70 continuous
Cbc0038I Full problem 119 rows 167 columns, reduced to 37 rows 48 columns
Cbc0038I Mini branch and bound did not improve solution (0.04 seconds)
Cbc0038I After 0.04 seconds - Feasibility pump exiting with objective of 491088 - took 0.04 seconds
Cbc0012I Integer solution of 491088.3 found by feasibility pump after 0 iterations and 0 nodes (0.04 seconds)
Cbc0038I Full problem 119 rows 167 columns, reduced to 90 rows 138 columns - 3 fixed gives 83, 131 - ok now
Cbc0038I Full problem 119 rows 167 columns, reduced to 83 rows 131 columns
Cbc0012I Integer solution of 490901.88 found by DiveCoefficient after 222 iterations and 0 nodes (0.09 seconds)
Cbc0031I 17 added rows had average density of 11.705882
Cbc0013I At root node, 17 cuts changed objective from 490426.72 to 490901.65 in 34 passes
Cbc0014I Cut generator 0 (Probing) - 13 row cuts average 2.0 elements, 0 column cuts (0 active)  in 0.007 seconds - new frequency is 1
Cbc0014I Cut generator 1 (Gomory) - 97 row cuts average 23.1 elements, 0 column cuts (0 active)  in 0.003 seconds - new frequency is 1
Cbc0014I Cut generator 2 (Knapsack) - 0 row cuts average 0.0 elements, 0 column cuts (0 active)  in 0.006 seconds - new frequency is -100
Cbc0014I Cut generator 3 (Clique) - 0 row cuts average 0.0 elements, 0 column cuts (0 active)  in 0.000 seconds - new frequency is -100
Cbc0014I Cut generator 4 (MixedIntegerRounding2) - 13 row cuts average 4.7 elements, 0 column cuts (0 active)  in 0.003 seconds - new frequency is 1
Cbc0014I Cut generator 5 (FlowCover) - 0 row cuts average 0.0 elements, 0 column cuts (0 active)  in 0.004 seconds - new frequency is -100
Cbc0014I Cut generator 6 (TwoMirCuts) - 30 row cuts average 9.0 elements, 0 column cuts (0 active)  in 0.003 seconds - new frequency is -100
Cbc0001I Search completed - best objective 490901.8769709138, took 234 iterations and 0 nodes (0.09 seconds)
Cbc0032I Strong branching done 2 times (5 iterations), fathomed 1 nodes and fixed 0 variables
Cbc0035I Maximum depth 0, 0 variables fixed on reduced cost
Cuts at root node changed objective from 490427 to 490902
Probing was tried 34 times and created 13 cuts of which 0 were active after adding rounds of cuts (0.007 seconds)
Gomory was tried 34 times and created 97 cuts of which 0 were active after adding rounds of cuts (0.003 seconds)
Knapsack was tried 34 times and created 0 cuts of which 0 were active after adding rounds of cuts (0.006 seconds)
Clique was tried 34 times and created 0 cuts of which 0 were active after adding rounds of cuts (0.000 seconds)
MixedIntegerRounding2 was tried 34 times and created 13 cuts of which 0 were active after adding rounds of cuts (0.003 seconds)
FlowCover was tried 34 times and created 0 cuts of which 0 were active after adding rounds of cuts (0.004 seconds)
TwoMirCuts was tried 34 times and created 30 cuts of which 0 were active after adding rounds of cuts (0.003 seconds)
ZeroHalf was tried 1 times and created 0 cuts of which 0 were active after adding rounds of cuts (0.000 seconds)

Result - Optimal solution found

Objective value:                490901.87697091
Enumerated nodes:               0
Total iterations:               234
Time (CPU seconds):             0.10
Time (Wallclock seconds):       0.10

Option for printingOptions changed from normal to all
Total time (CPU seconds):       0.11   (Wallclock seconds):       0.11

