Welcome to the CBC MILP Solver 
Version: 2.10.3 
Build Date: Dec 15 2019 

command line - E:\dachuang\.venv\Lib\site-packages\pulp\apis\../solverdir/cbc/win/i64/cbc.exe model.mps -primalTolerance 1e-9 -integerTolerance 1e-9 -ratioGap 0 -allowableGap 0 -threads 0 -branch -printingOptions all -solution solution.txt -saveSolution solution.bin -quit (default strategy 1)
At line 2 NAME          MODEL
At line 3 ROWS
At line 317 COLUMNS
At line 1133 RHS
At line 1446 BOUNDS
At line 1521 ENDATA
Problem MODEL has 312 rows, 241 columns and 647 elements
Coin0008I MODEL read with 0 errors
primalTolerance was changed from 1e-07 to 1e-09
integerTolerance was changed from 1e-07 to 1e-09
ratioGap was changed from 0 to 0
allowableGap was changed from 1e-10 to 0
Continuous objective value is 505751 - 0.00 seconds
Cgl0003I 0 fixed, 0 tightened bounds, 37 strengthened rows, 0 substitutions
Cgl0004I processed model has 119 rows, 167 columns (24 integer (24 of which binary)) and 356 elements
Cbc0038I Initial state - 11 integers unsatisfied sum - 5
Cbc0038I Pass   1: suminf.    0.00000 (0) obj. 508143 iterations 14
Cbc0038I Solution found of 508143
Cbc0038I Relaxing continuous gives 508143
Cbc0038I Before mini branch and bound, 13 integers at bound fixed and 88 continuous
Cbc0038I Full problem 119 rows 167 columns, reduced to 21 rows 22 columns
Cbc0038I Mini branch and bound did not improve solution (0.01 seconds)
Cbc0038I Round again with cutoff of 508099
Cbc0038I Pass   2: suminf.    0.50000 (1) obj. 508099 iterations 2
Cbc0038I Pass   3: suminf.    0.00000 (0) obj. 508099 iterations 3
Cbc0038I Solution found of 508099
Cbc0038I Relaxing continuous gives 508055
Cbc0038I Before mini branch and bound, 13 integers at bound fixed and 85 continuous
Cbc0038I Full problem 119 rows 167 columns, reduced to 23 rows 26 columns
Cbc0038I Mini branch and bound did not improve solution (0.01 seconds)
Cbc0038I Round again with cutoff of 507984
Cbc0038I Pass   4: suminf.    0.80000 (2) obj. 507984 iterations 4
Cbc0038I Pass   5: suminf.    0.80000 (2) obj. 507984 iterations 0
Cbc0038I Pass   6: suminf.    0.94559 (2) obj. 507984 iterations 17
Cbc0038I Pass   7: suminf.    0.94559 (2) obj. 507984 iterations 0
Cbc0038I Pass   8: suminf.    0.80000 (2) obj. 507984 iterations 2
Cbc0038I Pass   9: suminf.    1.08750 (3) obj. 507984 iterations 18
Cbc0038I Pass  10: suminf.    1.08750 (4) obj. 507984 iterations 1
Cbc0038I Pass  11: suminf.    1.08750 (4) obj. 507984 iterations 0
Cbc0038I Pass  12: suminf.    0.78412 (2) obj. 507984 iterations 18
Cbc0038I Pass  13: suminf.    0.21588 (1) obj. 507984 iterations 1
Cbc0038I Pass  14: suminf.    0.21588 (1) obj. 507984 iterations 2
Cbc0038I Pass  15: suminf.    0.43302 (3) obj. 507984 iterations 14
Cbc0038I Pass  16: suminf.    0.00000 (0) obj. 507984 iterations 9
Cbc0038I Solution found of 507984
Cbc0038I Relaxing continuous gives 507917
Cbc0038I Before mini branch and bound, 6 integers at bound fixed and 69 continuous
Cbc0038I Full problem 119 rows 167 columns, reduced to 37 rows 48 columns
Cbc0038I Mini branch and bound improved solution from 507917 to 507814 (0.03 seconds)
Cbc0038I Round again with cutoff of 507781
Cbc0038I Pass  17: suminf.    2.24318 (8) obj. 507781 iterations 7
Cbc0038I Pass  18: suminf.    2.23660 (7) obj. 507781 iterations 1
Cbc0038I Pass  19: suminf.    2.10822 (5) obj. 507781 iterations 20
Cbc0038I Pass  20: suminf.    2.10822 (5) obj. 507781 iterations 0
Cbc0038I Pass  21: suminf.    1.26128 (5) obj. 507781 iterations 6
Cbc0038I Pass  22: suminf.    1.25382 (4) obj. 507781 iterations 1
Cbc0038I Pass  23: suminf.    1.26128 (5) obj. 507781 iterations 5
Cbc0038I Pass  24: suminf.    1.25382 (4) obj. 507781 iterations 1
Cbc0038I Pass  25: suminf.    2.45360 (6) obj. 507781 iterations 26
Cbc0038I Pass  26: suminf.    2.45360 (6) obj. 507781 iterations 0
Cbc0038I Pass  27: suminf.    2.45360 (6) obj. 507781 iterations 0
Cbc0038I Pass  28: suminf.    0.76340 (2) obj. 507781 iterations 5
Cbc0038I Pass  29: suminf.    0.38219 (1) obj. 507781 iterations 3
Cbc0038I Pass  30: suminf.    0.38219 (1) obj. 507781 iterations 2
Cbc0038I Pass  31: suminf.    1.59919 (5) obj. 507781 iterations 19
Cbc0038I Pass  32: suminf.    1.59919 (5) obj. 507781 iterations 1
Cbc0038I Pass  33: suminf.    1.23660 (3) obj. 507781 iterations 6
Cbc0038I Pass  34: suminf.    1.23660 (3) obj. 507781 iterations 0
Cbc0038I Pass  35: suminf.    1.38219 (3) obj. 507781 iterations 2
Cbc0038I Pass  36: suminf.    1.38219 (3) obj. 507781 iterations 0
Cbc0038I Pass  37: suminf.    1.10836 (4) obj. 507781 iterations 17
Cbc0038I Pass  38: suminf.    1.10836 (5) obj. 507781 iterations 1
Cbc0038I Pass  39: suminf.    1.10836 (4) obj. 507781 iterations 8
Cbc0038I Pass  40: suminf.    1.10836 (4) obj. 507781 iterations 0
Cbc0038I Pass  41: suminf.    1.10836 (5) obj. 507781 iterations 10
Cbc0038I Pass  42: suminf.    1.51475 (5) obj. 507781 iterations 11
Cbc0038I Pass  43: suminf.    1.28731 (6) obj. 507781 iterations 2
Cbc0038I Pass  44: suminf.    1.10836 (4) obj. 507781 iterations 7
Cbc0038I Pass  45: suminf.    1.10836 (4) obj. 507781 iterations 0
Cbc0038I Pass  46: suminf.    1.10836 (5) obj. 507781 iterations 3
Cbc0038I No solution found this major pass
Cbc0038I Before mini branch and bound, 4 integers at bound fixed and 76 continuous
Cbc0038I Full problem 119 rows 167 columns, reduced to 34 rows 46 columns
Cbc0038I Mini branch and bound improved solution from 507814 to 507801 (0.04 seconds)
Cbc0038I Round again with cutoff of 507757
Cbc0038I Pass  46: suminf.    2.51071 (8) obj. 507757 iterations 0
Cbc0038I Pass  47: suminf.    2.50413 (7) obj. 507757 iterations 1
Cbc0038I Pass  48: suminf.    2.37576 (5) obj. 507757 iterations 13
Cbc0038I Pass  49: suminf.    2.37576 (5) obj. 507757 iterations 0
Cbc0038I Pass  50: suminf.    1.52881 (5) obj. 507757 iterations 4
Cbc0038I Pass  51: suminf.    1.52135 (4) obj. 507757 iterations 1
Cbc0038I Pass  52: suminf.    1.52881 (5) obj. 507757 iterations 5
Cbc0038I Pass  53: suminf.    1.52135 (4) obj. 507757 iterations 1
Cbc0038I Pass  54: suminf.    1.52135 (4) obj. 507757 iterations 2
Cbc0038I Pass  55: suminf.    1.52881 (5) obj. 507757 iterations 4
Cbc0038I Pass  56: suminf.    1.52135 (4) obj. 507757 iterations 1
Cbc0038I Pass  57: suminf.    1.52881 (5) obj. 507757 iterations 5
Cbc0038I Pass  58: suminf.    1.52135 (4) obj. 507757 iterations 1
Cbc0038I Pass  59: suminf.    1.52135 (4) obj. 507757 iterations 2
Cbc0038I Pass  60: suminf.    1.52881 (5) obj. 507757 iterations 4
Cbc0038I Pass  61: suminf.    1.52135 (4) obj. 507757 iterations 1
Cbc0038I Pass  62: suminf.    1.52881 (5) obj. 507757 iterations 5
Cbc0038I Pass  63: suminf.    1.52135 (4) obj. 507757 iterations 1
Cbc0038I Pass  64: suminf.    1.70030 (6) obj. 507757 iterations 13
Cbc0038I Pass  65: suminf.    1.70030 (6) obj. 507757 iterations 0
Cbc0038I Pass  66: suminf.    1.11082 (5) obj. 507757 iterations 2
Cbc0038I Pass  67: suminf.    1.11082 (5) obj. 507757 iterations 0
Cbc0038I Pass  68: suminf.    1.11082 (5) obj. 507757 iterations 0
Cbc0038I Pass  69: suminf.    0.77730 (4) obj. 507757 iterations 13
Cbc0038I Pass  70: suminf.    0.64972 (4) obj. 507757 iterations 9
Cbc0038I Pass  71: suminf.    1.52881 (5) obj. 507757 iterations 8
Cbc0038I Pass  72: suminf.    1.52135 (4) obj. 507757 iterations 1
Cbc0038I Pass  73: suminf.    0.65719 (4) obj. 507757 iterations 7
Cbc0038I Pass  74: suminf.    0.64972 (4) obj. 507757 iterations 2
Cbc0038I Pass  75: suminf.    1.52881 (5) obj. 507757 iterations 13
Cbc0038I No solution found this major pass
Cbc0038I Before mini branch and bound, 7 integers at bound fixed and 75 continuous
Cbc0038I Full problem 119 rows 167 columns, reduced to 31 rows 41 columns
Cbc0038I Mini branch and bound did not improve solution (0.05 seconds)
Cbc0038I After 0.05 seconds - Feasibility pump exiting with objective of 507801 - took 0.04 seconds
Cbc0012I Integer solution of 507801.5 found by feasibility pump after 0 iterations and 0 nodes (0.05 seconds)
Cbc0038I Full problem 119 rows 167 columns, reduced to 83 rows 131 columns
Cbc0031I 17 added rows had average density of 12.411765
Cbc0013I At root node, 17 cuts changed objective from 507701.96 to 507801.49 in 93 passes
Cbc0014I Cut generator 0 (Probing) - 16 row cuts average 2.4 elements, 0 column cuts (0 active)  in 0.008 seconds - new frequency is -100
Cbc0014I Cut generator 1 (Gomory) - 278 row cuts average 25.2 elements, 0 column cuts (0 active)  in 0.013 seconds - new frequency is 1
Cbc0014I Cut generator 2 (Knapsack) - 0 row cuts average 0.0 elements, 0 column cuts (0 active)  in 0.017 seconds - new frequency is -100
Cbc0014I Cut generator 3 (Clique) - 0 row cuts average 0.0 elements, 0 column cuts (0 active)  in 0.002 seconds - new frequency is -100
Cbc0014I Cut generator 4 (MixedIntegerRounding2) - 25 row cuts average 5.6 elements, 0 column cuts (0 active)  in 0.008 seconds - new frequency is 1
Cbc0014I Cut generator 5 (FlowCover) - 0 row cuts average 0.0 elements, 0 column cuts (0 active)  in 0.014 seconds - new frequency is -100
Cbc0014I Cut generator 6 (TwoMirCuts) - 34 row cuts average 10.2 elements, 0 column cuts (0 active)  in 0.007 seconds - new frequency is -100
Cbc0001I Search completed - best objective 507801.4950789472, took 784 iterations and 0 nodes (0.17 seconds)
Cbc0032I Strong branching done 8 times (32 iterations), fathomed 1 nodes and fixed 0 variables
Cbc0035I Maximum depth 0, 0 variables fixed on reduced cost
Cuts at root node changed objective from 507702 to 507806
Probing was tried 93 times and created 16 cuts of which 0 were active after adding rounds of cuts (0.008 seconds)
Gomory was tried 93 times and created 278 cuts of which 0 were active after adding rounds of cuts (0.013 seconds)
Knapsack was tried 93 times and created 0 cuts of which 0 were active after adding rounds of cuts (0.017 seconds)
Clique was tried 93 times and created 0 cuts of which 0 were active after adding rounds of cuts (0.002 seconds)
MixedIntegerRounding2 was tried 93 times and created 25 cuts of which 0 were active after adding rounds of cuts (0.008 seconds)
FlowCover was tried 93 times and created 0 cuts of which 0 were active after adding rounds of cuts (0.014 seconds)
TwoMirCuts was tried 93 times and created 34 cuts of which 0 were active after adding rounds of cuts (0.007 seconds)
ZeroHalf was tried 1 times and created 0 cuts of which 0 were active after adding rounds of cuts (0.000 seconds)

Result - Optimal solution found

Objective value:                507801.49507895
Enumerated nodes:               0
Total iterations:               784
Time (CPU seconds):             0.18
Time (Wallclock seconds):       0.18

Option for printingOptions changed from normal to all
Total time (CPU seconds):       0.20   (Wallclock seconds):       0.21

