Welcome to the CBC MILP Solver 
Version: 2.10.3 
Build Date: Dec 15 2019 

command line - E:\dachuang\.venv\Lib\site-packages\pulp\apis\../solverdir/cbc/win/i64/cbc.exe model.mps -primalTolerance 1e-9 -integerTolerance 1e-9 -ratioGap 0 -allowableGap 0 -threads 0 -branch -printingOptions all -solution solution.txt -saveSolution solution.bin -quit (default strategy 1)
At line 2 NAME          MODEL
At line 3 ROWS
At line 317 COLUMNS
At line 1133 RHS
At line 1446 BOUNDS
At line 1521 ENDATA
Problem MODEL has 312 rows, 241 columns and 647 elements
Coin0008I MODEL read with 0 errors
primalTolerance was changed from 1e-07 to 1e-09
integerTolerance was changed from 1e-07 to 1e-09
ratioGap was changed from 0 to 0
allowableGap was changed from 1e-10 to 0
Continuous objective value is 461101 - 0.00 seconds
Cgl0004I processed model has 117 rows, 165 columns (24 integer (24 of which binary)) and 352 elements
Cbc0038I Initial state - 13 integers unsatisfied sum - 4.53689
Cbc0038I Pass   1: suminf.    0.00000 (0) obj. 462342 iterations 22
Cbc0038I Solution found of 462342
Cbc0038I Relaxing continuous gives 462342
Cbc0038I Before mini branch and bound, 11 integers at bound fixed and 80 continuous
Cbc0038I Full problem 117 rows 165 columns, reduced to 7 rows 8 columns
Cbc0038I Mini branch and bound did not improve solution (0.02 seconds)
Cbc0038I Round again with cutoff of 462218
Cbc0038I Pass   2: suminf.    0.42781 (1) obj. 462218 iterations 2
Cbc0038I Pass   3: suminf.    0.00000 (0) obj. 462218 iterations 4
Cbc0038I Solution found of 462218
Cbc0038I Relaxing continuous gives 462052
Cbc0038I Before mini branch and bound, 11 integers at bound fixed and 77 continuous
Cbc0038I Full problem 117 rows 165 columns, reduced to 10 rows 14 columns
Cbc0038I Mini branch and bound improved solution from 462052 to 462052 (0.03 seconds)
Cbc0038I Round again with cutoff of 461862
Cbc0038I Pass   4: suminf.    0.65562 (2) obj. 461862 iterations 6
Cbc0038I Pass   5: suminf.    0.65562 (2) obj. 461862 iterations 1
Cbc0038I Pass   6: suminf.    0.82034 (2) obj. 461862 iterations 8
Cbc0038I Pass   7: suminf.    0.68235 (3) obj. 461862 iterations 3
Cbc0038I Pass   8: suminf.    0.86606 (3) obj. 461862 iterations 8
Cbc0038I Pass   9: suminf.    0.86606 (3) obj. 461862 iterations 0
Cbc0038I Pass  10: suminf.    1.10606 (3) obj. 461862 iterations 2
Cbc0038I Pass  11: suminf.    1.10606 (3) obj. 461862 iterations 0
Cbc0038I Pass  12: suminf.    0.86606 (3) obj. 461862 iterations 1
Cbc0038I Pass  13: suminf.    1.34315 (5) obj. 461862 iterations 18
Cbc0038I Pass  14: suminf.    1.15966 (4) obj. 461862 iterations 10
Cbc0038I Pass  15: suminf.    1.15966 (4) obj. 461862 iterations 0
Cbc0038I Pass  16: suminf.    1.21595 (4) obj. 461862 iterations 6
Cbc0038I Pass  17: suminf.    1.21595 (4) obj. 461862 iterations 0
Cbc0038I Pass  18: suminf.    1.10714 (3) obj. 461862 iterations 4
Cbc0038I Pass  19: suminf.    0.97595 (3) obj. 461862 iterations 1
Cbc0038I Pass  20: suminf.    2.49753 (8) obj. 461862 iterations 31
Cbc0038I Pass  21: suminf.    1.70566 (7) obj. 461862 iterations 2
Cbc0038I Pass  22: suminf.    0.80166 (3) obj. 461862 iterations 7
Cbc0038I Pass  23: suminf.    0.80166 (3) obj. 461862 iterations 0
Cbc0038I Pass  24: suminf.    0.70514 (2) obj. 461862 iterations 3
Cbc0038I Pass  25: suminf.    0.56166 (2) obj. 461862 iterations 1
Cbc0038I Pass  26: suminf.    1.75314 (5) obj. 461862 iterations 8
Cbc0038I Pass  27: suminf.    0.84966 (3) obj. 461862 iterations 2
Cbc0038I Pass  28: suminf.    0.70514 (2) obj. 461862 iterations 3
Cbc0038I Pass  29: suminf.    0.56166 (2) obj. 461862 iterations 1
Cbc0038I Pass  30: suminf.    1.09155 (4) obj. 461862 iterations 22
Cbc0038I Pass  31: suminf.    1.09155 (4) obj. 461862 iterations 2
Cbc0038I Pass  32: suminf.    1.33155 (4) obj. 461862 iterations 11
Cbc0038I Pass  33: suminf.    1.33155 (4) obj. 461862 iterations 0
Cbc0038I No solution found this major pass
Cbc0038I Before mini branch and bound, 3 integers at bound fixed and 62 continuous
Cbc0038I Full problem 117 rows 165 columns, reduced to 40 rows 52 columns
Cbc0038I Mini branch and bound improved solution from 462052 to 461902 (0.05 seconds)
Cbc0038I Round again with cutoff of 461633
Cbc0038I Pass  33: suminf.    1.50284 (5) obj. 461633 iterations 5
Cbc0038I Pass  34: suminf.    1.50284 (5) obj. 461633 iterations 1
Cbc0038I Pass  35: suminf.    1.55409 (5) obj. 461633 iterations 10
Cbc0038I Pass  36: suminf.    1.55409 (5) obj. 461633 iterations 2
Cbc0038I Pass  37: suminf.    1.84769 (5) obj. 461633 iterations 7
Cbc0038I Pass  38: suminf.    1.84769 (5) obj. 461633 iterations 0
Cbc0038I Pass  39: suminf.    1.55409 (5) obj. 461633 iterations 1
Cbc0038I Pass  40: suminf.    2.20899 (7) obj. 461633 iterations 21
Cbc0038I Pass  41: suminf.    1.80059 (6) obj. 461633 iterations 1
Cbc0038I Pass  42: suminf.    1.58139 (5) obj. 461633 iterations 7
Cbc0038I Pass  43: suminf.    1.58139 (5) obj. 461633 iterations 0
Cbc0038I Pass  44: suminf.    1.43339 (5) obj. 461633 iterations 1
Cbc0038I Pass  45: suminf.    1.43339 (5) obj. 461633 iterations 0
Cbc0038I Pass  46: suminf.    2.84339 (9) obj. 461633 iterations 21
Cbc0038I Pass  47: suminf.    2.43499 (8) obj. 461633 iterations 1
Cbc0038I Pass  48: suminf.    1.99569 (6) obj. 461633 iterations 7
Cbc0038I Pass  49: suminf.    1.99569 (6) obj. 461633 iterations 0
Cbc0038I Pass  50: suminf.    1.55409 (5) obj. 461633 iterations 6
Cbc0038I Pass  51: suminf.    1.55409 (5) obj. 461633 iterations 0
Cbc0038I Pass  52: suminf.    1.84769 (5) obj. 461633 iterations 3
Cbc0038I Pass  53: suminf.    1.84769 (5) obj. 461633 iterations 0
Cbc0038I Pass  54: suminf.    2.15219 (7) obj. 461633 iterations 9
Cbc0038I Pass  55: suminf.    2.15219 (7) obj. 461633 iterations 0
Cbc0038I Pass  56: suminf.    2.02141 (6) obj. 461633 iterations 4
Cbc0038I Pass  57: suminf.    1.73779 (5) obj. 461633 iterations 2
Cbc0038I Pass  58: suminf.    1.84741 (5) obj. 461633 iterations 3
Cbc0038I Pass  59: suminf.    2.51939 (8) obj. 461633 iterations 6
Cbc0038I Pass  60: suminf.    2.51939 (8) obj. 461633 iterations 0
Cbc0038I Pass  61: suminf.    2.51939 (8) obj. 461633 iterations 1
Cbc0038I Pass  62: suminf.    2.51939 (8) obj. 461633 iterations 0
Cbc0038I No solution found this major pass
Cbc0038I Before mini branch and bound, 2 integers at bound fixed and 65 continuous
Cbc0038I Full problem 117 rows 165 columns, reduced to 35 rows 45 columns
Cbc0038I Mini branch and bound did not improve solution (0.06 seconds)
Cbc0038I After 0.06 seconds - Feasibility pump exiting with objective of 461902 - took 0.05 seconds
Cbc0012I Integer solution of 461901.71 found by feasibility pump after 0 iterations and 0 nodes (0.06 seconds)
Cbc0038I Full problem 117 rows 165 columns, reduced to 91 rows 139 columns - 6 fixed gives 75, 123 - ok now
Cbc0038I Full problem 117 rows 165 columns, reduced to 75 rows 123 columns
Cbc0031I 11 added rows had average density of 7.7272727
Cbc0013I At root node, 11 cuts changed objective from 461100.83 to 461835.74 in 23 passes
Cbc0014I Cut generator 0 (Probing) - 5 row cuts average 2.0 elements, 2 column cuts (2 active)  in 0.006 seconds - new frequency is 1
Cbc0014I Cut generator 1 (Gomory) - 58 row cuts average 20.0 elements, 0 column cuts (0 active)  in 0.000 seconds - new frequency is 1
Cbc0014I Cut generator 2 (Knapsack) - 0 row cuts average 0.0 elements, 0 column cuts (0 active)  in 0.004 seconds - new frequency is -100
Cbc0014I Cut generator 3 (Clique) - 0 row cuts average 0.0 elements, 0 column cuts (0 active)  in 0.000 seconds - new frequency is -100
Cbc0014I Cut generator 4 (MixedIntegerRounding2) - 8 row cuts average 4.6 elements, 0 column cuts (0 active)  in 0.000 seconds - new frequency is 1
Cbc0014I Cut generator 5 (FlowCover) - 0 row cuts average 0.0 elements, 0 column cuts (0 active)  in 0.006 seconds - new frequency is -100
Cbc0014I Cut generator 6 (TwoMirCuts) - 22 row cuts average 9.6 elements, 0 column cuts (0 active)  in 0.002 seconds - new frequency is -100
Cbc0010I After 0 nodes, 1 on tree, 461901.71 best solution, best possible 461835.74 (0.10 seconds)
Cbc0001I Search completed - best objective 461901.7092500034, took 166 iterations and 6 nodes (0.11 seconds)
Cbc0032I Strong branching done 18 times (59 iterations), fathomed 3 nodes and fixed 1 variables
Cbc0035I Maximum depth 2, 0 variables fixed on reduced cost
Cuts at root node changed objective from 461101 to 461836
Probing was tried 30 times and created 7 cuts of which 0 were active after adding rounds of cuts (0.006 seconds)
Gomory was tried 30 times and created 61 cuts of which 0 were active after adding rounds of cuts (0.001 seconds)
Knapsack was tried 23 times and created 0 cuts of which 0 were active after adding rounds of cuts (0.004 seconds)
Clique was tried 23 times and created 0 cuts of which 0 were active after adding rounds of cuts (0.000 seconds)
MixedIntegerRounding2 was tried 30 times and created 8 cuts of which 0 were active after adding rounds of cuts (0.002 seconds)
FlowCover was tried 23 times and created 0 cuts of which 0 were active after adding rounds of cuts (0.006 seconds)
TwoMirCuts was tried 23 times and created 22 cuts of which 0 were active after adding rounds of cuts (0.002 seconds)
ZeroHalf was tried 1 times and created 0 cuts of which 0 were active after adding rounds of cuts (0.000 seconds)

Result - Optimal solution found

Objective value:                461901.70925000
Enumerated nodes:               6
Total iterations:               166
Time (CPU seconds):             0.12
Time (Wallclock seconds):       0.12

Option for printingOptions changed from normal to all
Total time (CPU seconds):       0.14   (Wallclock seconds):       0.14

