Welcome to the CBC MILP Solver 
Version: 2.10.3 
Build Date: Dec 15 2019 

command line - E:\dachuang\.venv\Lib\site-packages\pulp\apis\../solverdir/cbc/win/i64/cbc.exe model.mps -primalTolerance 1e-9 -integerTolerance 1e-9 -ratioGap 0 -allowableGap 0 -threads 0 -branch -printingOptions all -solution solution.txt -saveSolution solution.bin -quit (default strategy 1)
At line 2 NAME          MODEL
At line 3 ROWS
At line 317 COLUMNS
At line 1133 RHS
At line 1446 BOUNDS
At line 1521 ENDATA
Problem MODEL has 312 rows, 241 columns and 647 elements
Coin0008I MODEL read with 0 errors
primalTolerance was changed from 1e-07 to 1e-09
integerTolerance was changed from 1e-07 to 1e-09
ratioGap was changed from 0 to 0
allowableGap was changed from 1e-10 to 0
Continuous objective value is 483510 - 0.00 seconds
Cgl0004I processed model has 117 rows, 165 columns (24 integer (24 of which binary)) and 352 elements
Cbc0038I Initial state - 9 integers unsatisfied sum - 2.7777
Cbc0038I Pass   1: suminf.    0.00000 (0) obj. 483773 iterations 27
Cbc0038I Solution found of 483773
Cbc0038I Relaxing continuous gives 483773
Cbc0038I Before mini branch and bound, 15 integers at bound fixed and 81 continuous
Cbc0038I Full problem 117 rows 165 columns, reduced to 8 rows 9 columns
Cbc0038I Mini branch and bound did not improve solution (0.01 seconds)
Cbc0038I Round again with cutoff of 483747
Cbc0038I Pass   2: suminf.    0.22657 (1) obj. 483747 iterations 2
Cbc0038I Solution found of 483747
Cbc0038I Relaxing continuous gives 483657
Cbc0038I Before mini branch and bound, 15 integers at bound fixed and 80 continuous
Cbc0038I Full problem 117 rows 165 columns, reduced to 8 rows 10 columns
Cbc0038I Mini branch and bound did not improve solution (0.01 seconds)
Cbc0038I Round again with cutoff of 483628
Cbc0038I Pass   3: suminf.    0.25314 (2) obj. 483628 iterations 5
Cbc0038I Pass   4: suminf.    0.25314 (2) obj. 483628 iterations 1
Cbc0038I Pass   5: suminf.    0.59934 (3) obj. 483628 iterations 11
Cbc0038I Pass   6: suminf.    0.17916 (1) obj. 483628 iterations 5
Cbc0038I Pass   7: suminf.    0.10834 (1) obj. 483628 iterations 6
Cbc0038I Pass   8: suminf.    0.66666 (3) obj. 483628 iterations 19
Cbc0038I Pass   9: suminf.    0.10834 (1) obj. 483628 iterations 15
Cbc0038I Pass  10: suminf.    0.59934 (2) obj. 483628 iterations 4
Cbc0038I Pass  11: suminf.    0.10834 (1) obj. 483628 iterations 3
Cbc0038I Pass  12: suminf.    0.99934 (4) obj. 483628 iterations 17
Cbc0038I Pass  13: suminf.    0.99934 (4) obj. 483628 iterations 1
Cbc0038I Pass  14: suminf.    1.11966 (4) obj. 483628 iterations 3
Cbc0038I Pass  15: suminf.    0.99934 (4) obj. 483628 iterations 1
Cbc0038I Pass  16: suminf.    1.48966 (5) obj. 483628 iterations 13
Cbc0038I Pass  17: suminf.    1.36934 (5) obj. 483628 iterations 2
Cbc0038I Pass  18: suminf.    1.11966 (4) obj. 483628 iterations 4
Cbc0038I Pass  19: suminf.    0.99934 (4) obj. 483628 iterations 1
Cbc0038I Pass  20: suminf.    1.32073 (6) obj. 483628 iterations 17
Cbc0038I Pass  21: suminf.    1.32073 (6) obj. 483628 iterations 2
Cbc0038I Pass  22: suminf.    1.48966 (4) obj. 483628 iterations 13
Cbc0038I Pass  23: suminf.    1.22886 (5) obj. 483628 iterations 4
Cbc0038I Pass  24: suminf.    1.11966 (3) obj. 483628 iterations 3
Cbc0038I Pass  25: suminf.    0.85886 (4) obj. 483628 iterations 4
Cbc0038I Pass  26: suminf.    1.81534 (7) obj. 483628 iterations 12
Cbc0038I Pass  27: suminf.    1.73334 (6) obj. 483628 iterations 2
Cbc0038I Pass  28: suminf.    2.09486 (6) obj. 483628 iterations 9
Cbc0038I Pass  29: suminf.    1.62650 (6) obj. 483628 iterations 3
Cbc0038I Pass  30: suminf.    1.91011 (6) obj. 483628 iterations 5
Cbc0038I Pass  31: suminf.    1.91011 (7) obj. 483628 iterations 3
Cbc0038I Pass  32: suminf.    2.09486 (6) obj. 483628 iterations 9
Cbc0038I No solution found this major pass
Cbc0038I Before mini branch and bound, 6 integers at bound fixed and 63 continuous
Cbc0038I Full problem 117 rows 165 columns, reduced to 37 rows 52 columns
Cbc0038I Mini branch and bound improved solution from 483657 to 483640 (0.03 seconds)
Cbc0038I Round again with cutoff of 483593
Cbc0038I Pass  32: suminf.    0.55691 (2) obj. 483593 iterations 1
Cbc0038I Pass  33: suminf.    0.55691 (2) obj. 483593 iterations 1
Cbc0038I Pass  34: suminf.    0.88468 (4) obj. 483593 iterations 10
Cbc0038I Pass  35: suminf.    0.41632 (3) obj. 483593 iterations 5
Cbc0038I Pass  36: suminf.    1.06993 (4) obj. 483593 iterations 10
Cbc0038I Pass  37: suminf.    1.06993 (4) obj. 483593 iterations 3
Cbc0038I Pass  38: suminf.    1.66993 (4) obj. 483593 iterations 5
Cbc0038I Pass  39: suminf.    1.06993 (4) obj. 483593 iterations 4
Cbc0038I Pass  40: suminf.    1.86768 (6) obj. 483593 iterations 8
Cbc0038I Pass  41: suminf.    1.56545 (5) obj. 483593 iterations 2
Cbc0038I Pass  42: suminf.    1.06993 (4) obj. 483593 iterations 6
Cbc0038I Pass  43: suminf.    1.06993 (4) obj. 483593 iterations 0
Cbc0038I Pass  44: suminf.    1.66993 (4) obj. 483593 iterations 5
Cbc0038I Pass  45: suminf.    1.06993 (4) obj. 483593 iterations 4
Cbc0038I Pass  46: suminf.    1.15193 (5) obj. 483593 iterations 19
Cbc0038I Pass  47: suminf.    1.06993 (4) obj. 483593 iterations 1
Cbc0038I Pass  48: suminf.    1.31944 (4) obj. 483593 iterations 3
Cbc0038I Pass  49: suminf.    0.41632 (3) obj. 483593 iterations 2
Cbc0038I Pass  50: suminf.    1.06993 (4) obj. 483593 iterations 3
Cbc0038I Pass  51: suminf.    1.31944 (4) obj. 483593 iterations 7
Cbc0038I Pass  52: suminf.    0.41632 (3) obj. 483593 iterations 2
Cbc0038I Pass  53: suminf.    1.06993 (4) obj. 483593 iterations 3
Cbc0038I Pass  54: suminf.    1.06993 (4) obj. 483593 iterations 0
Cbc0038I Pass  55: suminf.    1.31944 (4) obj. 483593 iterations 3
Cbc0038I Pass  56: suminf.    1.35370 (5) obj. 483593 iterations 12
Cbc0038I Pass  57: suminf.    0.89541 (4) obj. 483593 iterations 4
Cbc0038I Pass  58: suminf.    1.29794 (4) obj. 483593 iterations 8
Cbc0038I Pass  59: suminf.    1.29794 (4) obj. 483593 iterations 0
Cbc0038I Pass  60: suminf.    1.16110 (3) obj. 483593 iterations 4
Cbc0038I Pass  61: suminf.    1.06993 (3) obj. 483593 iterations 2
Cbc0038I No solution found this major pass
Cbc0038I Before mini branch and bound, 9 integers at bound fixed and 69 continuous
Cbc0038I Full problem 117 rows 165 columns, reduced to 31 rows 43 columns
Cbc0038I Mini branch and bound did not improve solution (0.04 seconds)
Cbc0038I After 0.04 seconds - Feasibility pump exiting with objective of 483640 - took 0.04 seconds
Cbc0012I Integer solution of 483640.48 found by feasibility pump after 0 iterations and 0 nodes (0.04 seconds)
Cbc0038I Full problem 117 rows 165 columns, reduced to 81 rows 129 columns
Cbc0031I 13 added rows had average density of 15.230769
Cbc0013I At root node, 13 cuts changed objective from 483510.38 to 483592.83 in 100 passes
Cbc0014I Cut generator 0 (Probing) - 2 row cuts average 2.0 elements, 4 column cuts (4 active)  in 0.013 seconds - new frequency is -100
Cbc0014I Cut generator 1 (Gomory) - 365 row cuts average 26.3 elements, 0 column cuts (0 active)  in 0.011 seconds - new frequency is 1
Cbc0014I Cut generator 2 (Knapsack) - 0 row cuts average 0.0 elements, 0 column cuts (0 active)  in 0.019 seconds - new frequency is -100
Cbc0014I Cut generator 3 (Clique) - 0 row cuts average 0.0 elements, 0 column cuts (0 active)  in 0.000 seconds - new frequency is -100
Cbc0014I Cut generator 4 (MixedIntegerRounding2) - 4 row cuts average 4.5 elements, 0 column cuts (0 active)  in 0.012 seconds - new frequency is -100
Cbc0014I Cut generator 5 (FlowCover) - 0 row cuts average 0.0 elements, 0 column cuts (0 active)  in 0.017 seconds - new frequency is -100
Cbc0014I Cut generator 6 (TwoMirCuts) - 29 row cuts average 14.4 elements, 0 column cuts (0 active)  in 0.006 seconds - new frequency is -100
Cbc0010I After 0 nodes, 1 on tree, 483640.48 best solution, best possible 483592.83 (0.19 seconds)
Cbc0001I Search completed - best objective 483640.4819522182, took 1038 iterations and 16 nodes (0.22 seconds)
Cbc0032I Strong branching done 68 times (210 iterations), fathomed 5 nodes and fixed 1 variables
Cbc0035I Maximum depth 7, 2 variables fixed on reduced cost
Cuts at root node changed objective from 483510 to 483593
Probing was tried 100 times and created 6 cuts of which 0 were active after adding rounds of cuts (0.013 seconds)
Gomory was tried 130 times and created 398 cuts of which 0 were active after adding rounds of cuts (0.015 seconds)
Knapsack was tried 100 times and created 0 cuts of which 0 were active after adding rounds of cuts (0.019 seconds)
Clique was tried 100 times and created 0 cuts of which 0 were active after adding rounds of cuts (0.000 seconds)
MixedIntegerRounding2 was tried 100 times and created 4 cuts of which 0 were active after adding rounds of cuts (0.012 seconds)
FlowCover was tried 100 times and created 0 cuts of which 0 were active after adding rounds of cuts (0.017 seconds)
TwoMirCuts was tried 100 times and created 29 cuts of which 0 were active after adding rounds of cuts (0.006 seconds)
ZeroHalf was tried 1 times and created 0 cuts of which 0 were active after adding rounds of cuts (0.000 seconds)

Result - Optimal solution found

Objective value:                483640.48195222
Enumerated nodes:               16
Total iterations:               1038
Time (CPU seconds):             0.23
Time (Wallclock seconds):       0.23

Option for printingOptions changed from normal to all
Total time (CPU seconds):       0.25   (Wallclock seconds):       0.25

