Welcome to the CBC MILP Solver 
Version: 2.10.3 
Build Date: Dec 15 2019 

command line - E:\dachuang\.venv\Lib\site-packages\pulp\apis\../solverdir/cbc/win/i64/cbc.exe model.mps -primalTolerance 1e-9 -integerTolerance 1e-9 -ratioGap 0 -allowableGap 0 -threads 0 -branch -printingOptions all -solution solution.txt -saveSolution solution.bin -quit (default strategy 1)
At line 2 NAME          MODEL
At line 3 ROWS
At line 317 COLUMNS
At line 1133 RHS
At line 1446 BOUNDS
At line 1521 ENDATA
Problem MODEL has 312 rows, 241 columns and 647 elements
Coin0008I MODEL read with 0 errors
primalTolerance was changed from 1e-07 to 1e-09
integerTolerance was changed from 1e-07 to 1e-09
ratioGap was changed from 0 to 0
allowableGap was changed from 1e-10 to 0
Continuous objective value is 464436 - 0.00 seconds
Cgl0004I processed model has 115 rows, 163 columns (24 integer (24 of which binary)) and 348 elements
Cbc0038I Initial state - 9 integers unsatisfied sum - 2.48517
Cbc0038I Pass   1: suminf.    0.00000 (0) obj. 464837 iterations 21
Cbc0038I Solution found of 464837
Cbc0038I Relaxing continuous gives 464837
Cbc0038I Before mini branch and bound, 15 integers at bound fixed and 83 continuous
Cbc0038I Full problem 115 rows 163 columns, reduced to 5 rows 6 columns
Cbc0038I Mini branch and bound did not improve solution (0.01 seconds)
Cbc0038I Round again with cutoff of 464797
Cbc0038I Pass   2: suminf.    0.23070 (1) obj. 464797 iterations 3
Cbc0038I Pass   3: suminf.    0.00000 (0) obj. 464797 iterations 3
Cbc0038I Solution found of 464797
Cbc0038I Relaxing continuous gives 464777
Cbc0038I Before mini branch and bound, 15 integers at bound fixed and 81 continuous
Cbc0038I Full problem 115 rows 163 columns, reduced to 11 rows 16 columns
Cbc0038I Mini branch and bound improved solution from 464777 to 464680 (0.02 seconds)
Cbc0038I Freeing continuous variables gives a solution of 464668
Cbc0038I Round again with cutoff of 464622
Cbc0038I Pass   4: suminf.    0.98658 (3) obj. 464622 iterations 6
Cbc0038I Pass   5: suminf.    0.98658 (3) obj. 464622 iterations 9
Cbc0038I Pass   6: suminf.    1.25315 (3) obj. 464622 iterations 3
Cbc0038I Pass   7: suminf.    1.36677 (6) obj. 464622 iterations 9
Cbc0038I Pass   8: suminf.    1.35277 (5) obj. 464622 iterations 1
Cbc0038I Pass   9: suminf.    1.59943 (5) obj. 464622 iterations 8
Cbc0038I Pass  10: suminf.    1.59943 (5) obj. 464622 iterations 0
Cbc0038I Pass  11: suminf.    1.35277 (5) obj. 464622 iterations 1
Cbc0038I Pass  12: suminf.    1.83209 (5) obj. 464622 iterations 8
Cbc0038I Pass  13: suminf.    1.29591 (4) obj. 464622 iterations 4
Cbc0038I Pass  14: suminf.    1.52275 (4) obj. 464622 iterations 4
Cbc0038I Pass  15: suminf.    1.30991 (5) obj. 464622 iterations 3
Cbc0038I Pass  16: suminf.    1.84075 (5) obj. 464622 iterations 14
Cbc0038I Pass  17: suminf.    0.97791 (3) obj. 464622 iterations 7
Cbc0038I Pass  18: suminf.    1.08742 (3) obj. 464622 iterations 3
Cbc0038I Pass  19: suminf.    1.83209 (5) obj. 464622 iterations 13
Cbc0038I Pass  20: suminf.    1.29591 (4) obj. 464622 iterations 4
Cbc0038I Pass  21: suminf.    1.52275 (4) obj. 464622 iterations 4
Cbc0038I Pass  22: suminf.    1.52275 (5) obj. 464622 iterations 9
Cbc0038I Pass  23: suminf.    1.29591 (4) obj. 464622 iterations 3
Cbc0038I Pass  24: suminf.    1.52275 (4) obj. 464622 iterations 4
Cbc0038I Pass  25: suminf.    2.01675 (6) obj. 464622 iterations 18
Cbc0038I Pass  26: suminf.    1.77591 (5) obj. 464622 iterations 3
Cbc0038I Pass  27: suminf.    1.52275 (4) obj. 464622 iterations 5
Cbc0038I Pass  28: suminf.    1.29591 (4) obj. 464622 iterations 1
Cbc0038I Pass  29: suminf.    1.52275 (5) obj. 464622 iterations 2
Cbc0038I Pass  30: suminf.    1.29591 (4) obj. 464622 iterations 3
Cbc0038I Pass  31: suminf.    1.37458 (4) obj. 464622 iterations 16
Cbc0038I Pass  32: suminf.    0.98658 (3) obj. 464622 iterations 2
Cbc0038I Pass  33: suminf.    1.07875 (3) obj. 464622 iterations 3
Cbc0038I No solution found this major pass
Cbc0038I Before mini branch and bound, 4 integers at bound fixed and 68 continuous
Cbc0038I Full problem 115 rows 163 columns, reduced to 33 rows 44 columns
Cbc0038I Mini branch and bound did not improve solution (0.03 seconds)
Cbc0038I After 0.03 seconds - Feasibility pump exiting with objective of 464668 - took 0.02 seconds
Cbc0012I Integer solution of 464668.33 found by feasibility pump after 0 iterations and 0 nodes (0.03 seconds)
Cbc0038I Full problem 115 rows 163 columns, reduced to 76 rows 124 columns
Cbc0031I 7 added rows had average density of 6
Cbc0013I At root node, 7 cuts changed objective from 464435.86 to 464629.58 in 76 passes
Cbc0014I Cut generator 0 (Probing) - 4 row cuts average 2.0 elements, 4 column cuts (4 active)  in 0.007 seconds - new frequency is 1
Cbc0014I Cut generator 1 (Gomory) - 209 row cuts average 21.8 elements, 0 column cuts (0 active)  in 0.008 seconds - new frequency is 1
Cbc0014I Cut generator 2 (Knapsack) - 0 row cuts average 0.0 elements, 0 column cuts (0 active)  in 0.009 seconds - new frequency is -100
Cbc0014I Cut generator 3 (Clique) - 0 row cuts average 0.0 elements, 0 column cuts (0 active)  in 0.000 seconds - new frequency is -100
Cbc0014I Cut generator 4 (MixedIntegerRounding2) - 6 row cuts average 4.7 elements, 0 column cuts (0 active)  in 0.002 seconds - new frequency is -100
Cbc0014I Cut generator 5 (FlowCover) - 0 row cuts average 0.0 elements, 0 column cuts (0 active)  in 0.014 seconds - new frequency is -100
Cbc0014I Cut generator 6 (TwoMirCuts) - 18 row cuts average 10.4 elements, 0 column cuts (0 active)  in 0.001 seconds - new frequency is -100
Cbc0001I Search completed - best objective 464668.3332500009, took 620 iterations and 0 nodes (0.12 seconds)
Cbc0032I Strong branching done 2 times (7 iterations), fathomed 1 nodes and fixed 0 variables
Cbc0035I Maximum depth 0, 0 variables fixed on reduced cost
Cuts at root node changed objective from 464436 to 464729
Probing was tried 76 times and created 8 cuts of which 0 were active after adding rounds of cuts (0.007 seconds)
Gomory was tried 76 times and created 209 cuts of which 0 were active after adding rounds of cuts (0.008 seconds)
Knapsack was tried 76 times and created 0 cuts of which 0 were active after adding rounds of cuts (0.009 seconds)
Clique was tried 76 times and created 0 cuts of which 0 were active after adding rounds of cuts (0.000 seconds)
MixedIntegerRounding2 was tried 76 times and created 6 cuts of which 0 were active after adding rounds of cuts (0.002 seconds)
FlowCover was tried 76 times and created 0 cuts of which 0 were active after adding rounds of cuts (0.014 seconds)
TwoMirCuts was tried 76 times and created 18 cuts of which 0 were active after adding rounds of cuts (0.001 seconds)
ZeroHalf was tried 1 times and created 0 cuts of which 0 were active after adding rounds of cuts (0.000 seconds)

Result - Optimal solution found

Objective value:                464668.33325000
Enumerated nodes:               0
Total iterations:               620
Time (CPU seconds):             0.13
Time (Wallclock seconds):       0.13

Option for printingOptions changed from normal to all
Total time (CPU seconds):       0.15   (Wallclock seconds):       0.15

