Welcome to the CBC MILP Solver 
Version: 2.10.3 
Build Date: Dec 15 2019 

command line - E:\dachuang\.venv\Lib\site-packages\pulp\apis\../solverdir/cbc/win/i64/cbc.exe model.mps -primalTolerance 1e-9 -integerTolerance 1e-9 -ratioGap 0 -allowableGap 0 -threads 0 -branch -printingOptions all -solution solution.txt -saveSolution solution.bin -quit (default strategy 1)
At line 2 NAME          MODEL
At line 3 ROWS
At line 317 COLUMNS
At line 1133 RHS
At line 1446 BOUNDS
At line 1521 ENDATA
Problem MODEL has 312 rows, 241 columns and 647 elements
Coin0008I MODEL read with 0 errors
primalTolerance was changed from 1e-07 to 1e-09
integerTolerance was changed from 1e-07 to 1e-09
ratioGap was changed from 0 to 0
allowableGap was changed from 1e-10 to 0
Continuous objective value is 482141 - 0.00 seconds
Cgl0003I 0 fixed, 0 tightened bounds, 36 strengthened rows, 0 substitutions
Cgl0004I processed model has 119 rows, 167 columns (24 integer (24 of which binary)) and 356 elements
Cbc0038I Initial state - 12 integers unsatisfied sum - 5.59144
Cbc0038I Pass   1: suminf.    0.00000 (0) obj. 486638 iterations 14
Cbc0038I Solution found of 486638
Cbc0038I Relaxing continuous gives 486638
Cbc0038I Before mini branch and bound, 12 integers at bound fixed and 83 continuous
Cbc0038I Full problem 119 rows 167 columns, reduced to 16 rows 17 columns
Cbc0038I Mini branch and bound improved solution from 486638 to 485095 (0.01 seconds)
Cbc0038I Round again with cutoff of 484926
Cbc0038I Pass   2: suminf.    0.70338 (2) obj. 484926 iterations 8
Cbc0038I Pass   3: suminf.    0.00000 (0) obj. 484926 iterations 8
Cbc0038I Solution found of 484926
Cbc0038I Relaxing continuous gives 484743
Cbc0038I Before mini branch and bound, 11 integers at bound fixed and 79 continuous
Cbc0038I Full problem 119 rows 167 columns, reduced to 20 rows 22 columns
Cbc0038I Mini branch and bound did not improve solution (0.01 seconds)
Cbc0038I Round again with cutoff of 484474
Cbc0038I Pass   4: suminf.    0.98341 (3) obj. 484474 iterations 3
Cbc0038I Pass   5: suminf.    0.98341 (3) obj. 484474 iterations 0
Cbc0038I Pass   6: suminf.    0.98341 (3) obj. 484474 iterations 0
Cbc0038I Pass   7: suminf.    0.76005 (2) obj. 484474 iterations 13
Cbc0038I Pass   8: suminf.    0.76005 (2) obj. 484474 iterations 0
Cbc0038I Pass   9: suminf.    0.76005 (2) obj. 484474 iterations 3
Cbc0038I Pass  10: suminf.    0.76005 (2) obj. 484474 iterations 0
Cbc0038I Pass  11: suminf.    0.44833 (2) obj. 484474 iterations 8
Cbc0038I Pass  12: suminf.    0.23043 (1) obj. 484474 iterations 4
Cbc0038I Pass  13: suminf.    0.23043 (1) obj. 484474 iterations 2
Cbc0038I Pass  14: suminf.    2.43805 (7) obj. 484474 iterations 19
Cbc0038I Pass  15: suminf.    1.43805 (5) obj. 484474 iterations 1
Cbc0038I Pass  16: suminf.    1.43805 (5) obj. 484474 iterations 0
Cbc0038I Pass  17: suminf.    0.01133 (1) obj. 484474 iterations 11
Cbc0038I Pass  18: suminf.    0.76005 (2) obj. 484474 iterations 6
Cbc0038I Pass  19: suminf.    0.76005 (2) obj. 484474 iterations 0
Cbc0038I Pass  20: suminf.    0.76005 (2) obj. 484474 iterations 6
Cbc0038I Pass  21: suminf.    0.01133 (1) obj. 484474 iterations 11
Cbc0038I Pass  22: suminf.    0.76005 (2) obj. 484474 iterations 6
Cbc0038I Pass  23: suminf.    0.76005 (2) obj. 484474 iterations 0
Cbc0038I Pass  24: suminf.    1.42196 (5) obj. 484474 iterations 19
Cbc0038I Pass  25: suminf.    1.42196 (5) obj. 484474 iterations 0
Cbc0038I Pass  26: suminf.    0.45979 (2) obj. 484474 iterations 11
Cbc0038I Pass  27: suminf.    0.49461 (2) obj. 484474 iterations 4
Cbc0038I Pass  28: suminf.    0.45979 (2) obj. 484474 iterations 1
Cbc0038I Pass  29: suminf.    0.49461 (2) obj. 484474 iterations 5
Cbc0038I Pass  30: suminf.    1.35881 (6) obj. 484474 iterations 21
Cbc0038I Pass  31: suminf.    1.32399 (6) obj. 484474 iterations 1
Cbc0038I Pass  32: suminf.    0.49461 (2) obj. 484474 iterations 9
Cbc0038I Pass  33: suminf.    0.45979 (2) obj. 484474 iterations 1
Cbc0038I No solution found this major pass
Cbc0038I Before mini branch and bound, 0 integers at bound fixed and 68 continuous
Cbc0038I Full problem 119 rows 167 columns, reduced to 40 rows 52 columns
Cbc0038I Mini branch and bound improved solution from 484743 to 484186 (0.03 seconds)
Cbc0038I Round again with cutoff of 483950
Cbc0038I Pass  33: suminf.    1.97825 (5) obj. 483950 iterations 5
Cbc0038I Pass  34: suminf.    1.64993 (5) obj. 483950 iterations 11
Cbc0038I Pass  35: suminf.    1.64993 (5) obj. 483950 iterations 1
Cbc0038I Pass  36: suminf.    1.64993 (5) obj. 483950 iterations 0
Cbc0038I Pass  37: suminf.    0.97966 (3) obj. 483950 iterations 15
Cbc0038I Pass  38: suminf.    0.94484 (3) obj. 483950 iterations 2
Cbc0038I Pass  39: suminf.    0.97966 (3) obj. 483950 iterations 4
Cbc0038I Pass  40: suminf.    0.94484 (3) obj. 483950 iterations 1
Cbc0038I Pass  41: suminf.    0.97966 (3) obj. 483950 iterations 8
Cbc0038I Pass  42: suminf.    1.46721 (4) obj. 483950 iterations 11
Cbc0038I Pass  43: suminf.    1.46721 (4) obj. 483950 iterations 0
Cbc0038I Pass  44: suminf.    0.97762 (3) obj. 483950 iterations 9
Cbc0038I Pass  45: suminf.    0.94484 (3) obj. 483950 iterations 2
Cbc0038I Pass  46: suminf.    0.97966 (3) obj. 483950 iterations 5
Cbc0038I Pass  47: suminf.    0.94484 (3) obj. 483950 iterations 1
Cbc0038I Pass  48: suminf.    0.97966 (3) obj. 483950 iterations 8
Cbc0038I Pass  49: suminf.    1.97966 (5) obj. 483950 iterations 5
Cbc0038I Pass  50: suminf.    1.20900 (5) obj. 483950 iterations 3
Cbc0038I Pass  51: suminf.    1.19612 (4) obj. 483950 iterations 1
Cbc0038I Pass  52: suminf.    1.97966 (5) obj. 483950 iterations 6
Cbc0038I Pass  53: suminf.    1.20900 (5) obj. 483950 iterations 2
Cbc0038I Pass  54: suminf.    1.19612 (4) obj. 483950 iterations 1
Cbc0038I Pass  55: suminf.    1.97966 (5) obj. 483950 iterations 7
Cbc0038I Pass  56: suminf.    1.20900 (5) obj. 483950 iterations 2
Cbc0038I Pass  57: suminf.    1.19612 (4) obj. 483950 iterations 1
Cbc0038I Pass  58: suminf.    1.97966 (5) obj. 483950 iterations 6
Cbc0038I Pass  59: suminf.    1.20900 (5) obj. 483950 iterations 2
Cbc0038I Pass  60: suminf.    1.19612 (4) obj. 483950 iterations 1
Cbc0038I Pass  61: suminf.    1.97966 (5) obj. 483950 iterations 7
Cbc0038I Pass  62: suminf.    1.20900 (5) obj. 483950 iterations 2
Cbc0038I No solution found this major pass
Cbc0038I Before mini branch and bound, 6 integers at bound fixed and 72 continuous
Cbc0038I Full problem 119 rows 167 columns, reduced to 34 rows 44 columns
Cbc0038I Mini branch and bound did not improve solution (0.04 seconds)
Cbc0038I After 0.04 seconds - Feasibility pump exiting with objective of 484186 - took 0.04 seconds
Cbc0012I Integer solution of 484185.56 found by feasibility pump after 0 iterations and 0 nodes (0.04 seconds)
Cbc0038I Full problem 119 rows 167 columns, reduced to 95 rows 143 columns - 3 fixed gives 88, 136 - still too large
Cbc0031I 18 added rows had average density of 10.888889
Cbc0013I At root node, 18 cuts changed objective from 483401.67 to 484184.88 in 8 passes
Cbc0014I Cut generator 0 (Probing) - 6 row cuts average 2.0 elements, 1 column cuts (1 active)  in 0.001 seconds - new frequency is 1
Cbc0014I Cut generator 1 (Gomory) - 26 row cuts average 13.0 elements, 0 column cuts (0 active)  in 0.003 seconds - new frequency is 1
Cbc0014I Cut generator 2 (Knapsack) - 0 row cuts average 0.0 elements, 0 column cuts (0 active)  in 0.000 seconds - new frequency is -100
Cbc0014I Cut generator 3 (Clique) - 0 row cuts average 0.0 elements, 0 column cuts (0 active)  in 0.000 seconds - new frequency is -100
Cbc0014I Cut generator 4 (MixedIntegerRounding2) - 7 row cuts average 4.9 elements, 0 column cuts (0 active)  in 0.000 seconds - new frequency is 1
Cbc0014I Cut generator 5 (FlowCover) - 0 row cuts average 0.0 elements, 0 column cuts (0 active)  in 0.002 seconds - new frequency is -100
Cbc0014I Cut generator 6 (TwoMirCuts) - 25 row cuts average 9.5 elements, 0 column cuts (0 active)  in 0.001 seconds - new frequency is -100
Cbc0001I Search completed - best objective 484185.56118144, took 62 iterations and 0 nodes (0.06 seconds)
Cbc0032I Strong branching done 2 times (6 iterations), fathomed 1 nodes and fixed 0 variables
Cbc0035I Maximum depth 0, 0 variables fixed on reduced cost
Cuts at root node changed objective from 483402 to 484186
Probing was tried 8 times and created 7 cuts of which 0 were active after adding rounds of cuts (0.001 seconds)
Gomory was tried 8 times and created 26 cuts of which 0 were active after adding rounds of cuts (0.003 seconds)
Knapsack was tried 8 times and created 0 cuts of which 0 were active after adding rounds of cuts (0.000 seconds)
Clique was tried 8 times and created 0 cuts of which 0 were active after adding rounds of cuts (0.000 seconds)
MixedIntegerRounding2 was tried 8 times and created 7 cuts of which 0 were active after adding rounds of cuts (0.000 seconds)
FlowCover was tried 8 times and created 0 cuts of which 0 were active after adding rounds of cuts (0.002 seconds)
TwoMirCuts was tried 8 times and created 25 cuts of which 0 were active after adding rounds of cuts (0.001 seconds)
ZeroHalf was tried 1 times and created 0 cuts of which 0 were active after adding rounds of cuts (0.000 seconds)

Result - Optimal solution found

Objective value:                484185.56118144
Enumerated nodes:               0
Total iterations:               62
Time (CPU seconds):             0.06
Time (Wallclock seconds):       0.06

Option for printingOptions changed from normal to all
Total time (CPU seconds):       0.08   (Wallclock seconds):       0.09

