Welcome to the CBC MILP Solver 
Version: 2.10.3 
Build Date: Dec 15 2019 

command line - E:\dachuang\.venv\Lib\site-packages\pulp\apis\../solverdir/cbc/win/i64/cbc.exe model.mps -primalTolerance 1e-9 -integerTolerance 1e-9 -ratioGap 0 -allowableGap 0 -threads 0 -branch -printingOptions all -solution solution.txt -saveSolution solution.bin -quit (default strategy 1)
At line 2 NAME          MODEL
At line 3 ROWS
At line 317 COLUMNS
At line 1133 RHS
At line 1446 BOUNDS
At line 1521 ENDATA
Problem MODEL has 312 rows, 241 columns and 647 elements
Coin0008I MODEL read with 0 errors
primalTolerance was changed from 1e-07 to 1e-09
integerTolerance was changed from 1e-07 to 1e-09
ratioGap was changed from 0 to 0
allowableGap was changed from 1e-10 to 0
Continuous objective value is 496886 - 0.00 seconds
Cgl0004I processed model has 113 rows, 161 columns (24 integer (24 of which binary)) and 344 elements
Cbc0038I Initial state - 4 integers unsatisfied sum - 1.33049
Cbc0038I Pass   1: suminf.    0.00000 (0) obj. 496928 iterations 18
Cbc0038I Solution found of 496928
Cbc0038I Relaxing continuous gives 496928
Cbc0038I Before mini branch and bound, 20 integers at bound fixed and 87 continuous
Cbc0038I Full problem 113 rows 161 columns, reduced to 3 rows 4 columns
Cbc0038I Mini branch and bound did not improve solution (0.01 seconds)
Cbc0038I Round again with cutoff of 496923
Cbc0038I Pass   2: suminf.    0.07190 (1) obj. 496923 iterations 1
Cbc0038I Pass   3: suminf.    0.00000 (0) obj. 496923 iterations 4
Cbc0038I Solution found of 496923
Cbc0038I Relaxing continuous gives 496914
Cbc0038I Before mini branch and bound, 20 integers at bound fixed and 84 continuous
Cbc0038I Full problem 113 rows 161 columns, reduced to 10 rows 15 columns
Cbc0038I Mini branch and bound did not improve solution (0.01 seconds)
Cbc0038I Round again with cutoff of 496908
Cbc0038I Pass   4: suminf.    0.33380 (1) obj. 496908 iterations 1
Cbc0038I Pass   5: suminf.    0.10670 (1) obj. 496908 iterations 4
Cbc0038I Pass   6: suminf.    0.24270 (1) obj. 496908 iterations 3
Cbc0038I Pass   7: suminf.    0.34674 (2) obj. 496908 iterations 7
Cbc0038I Pass   8: suminf.    0.33380 (1) obj. 496908 iterations 2
Cbc0038I Pass   9: suminf.    0.10670 (1) obj. 496908 iterations 3
Cbc0038I Pass  10: suminf.    0.24270 (1) obj. 496908 iterations 3
Cbc0038I Pass  11: suminf.    0.95493 (3) obj. 496908 iterations 11
Cbc0038I Pass  12: suminf.    0.35637 (3) obj. 496908 iterations 5
Cbc0038I Pass  13: suminf.    0.24270 (1) obj. 496908 iterations 8
Cbc0038I Pass  14: suminf.    0.10670 (1) obj. 496908 iterations 1
Cbc0038I Pass  15: suminf.    1.10670 (4) obj. 496908 iterations 8
Cbc0038I Pass  16: suminf.    1.10670 (4) obj. 496908 iterations 1
Cbc0038I Pass  17: suminf.    0.60130 (2) obj. 496908 iterations 5
Cbc0038I Pass  18: suminf.    0.33380 (1) obj. 496908 iterations 2
Cbc0038I Pass  19: suminf.    0.10670 (1) obj. 496908 iterations 4
Cbc0038I Pass  20: suminf.    0.24270 (1) obj. 496908 iterations 3
Cbc0038I Pass  21: suminf.    0.49237 (2) obj. 496908 iterations 12
Cbc0038I Pass  22: suminf.    0.49237 (2) obj. 496908 iterations 0
Cbc0038I Pass  23: suminf.    0.75730 (2) obj. 496908 iterations 5
Cbc0038I Pass  24: suminf.    0.35637 (2) obj. 496908 iterations 4
Cbc0038I Pass  25: suminf.    0.75730 (2) obj. 496908 iterations 5
Cbc0038I Pass  26: suminf.    1.01730 (4) obj. 496908 iterations 15
Cbc0038I Pass  27: suminf.    0.10670 (1) obj. 496908 iterations 7
Cbc0038I Pass  28: suminf.    0.33370 (1) obj. 496908 iterations 1
Cbc0038I Pass  29: suminf.    0.75730 (2) obj. 496908 iterations 13
Cbc0038I Pass  30: suminf.    0.10670 (1) obj. 496908 iterations 3
Cbc0038I Pass  31: suminf.    0.24270 (1) obj. 496908 iterations 5
Cbc0038I Pass  32: suminf.    1.01730 (4) obj. 496908 iterations 15
Cbc0038I Pass  33: suminf.    0.10670 (1) obj. 496908 iterations 6
Cbc0038I No solution found this major pass
Cbc0038I Before mini branch and bound, 6 integers at bound fixed and 63 continuous
Cbc0038I Full problem 113 rows 161 columns, reduced to 30 rows 43 columns
Cbc0038I Mini branch and bound improved solution from 496914 to 496913 (0.04 seconds)
Cbc0038I Round again with cutoff of 496901
Cbc0038I Pass  33: suminf.    0.44936 (1) obj. 496901 iterations 0
Cbc0038I Pass  34: suminf.    0.23474 (1) obj. 496901 iterations 4
Cbc0038I Pass  35: suminf.    0.37074 (1) obj. 496901 iterations 3
Cbc0038I Pass  36: suminf.    0.37074 (1) obj. 496901 iterations 4
Cbc0038I Pass  37: suminf.    0.37074 (1) obj. 496901 iterations 1
Cbc0038I Pass  38: suminf.    0.23474 (1) obj. 496901 iterations 1
Cbc0038I Pass  39: suminf.    0.23474 (1) obj. 496901 iterations 10
Cbc0038I Pass  40: suminf.    0.23474 (1) obj. 496901 iterations 1
Cbc0038I Pass  41: suminf.    0.37074 (1) obj. 496901 iterations 3
Cbc0038I Pass  42: suminf.    0.88926 (3) obj. 496901 iterations 13
Cbc0038I Pass  43: suminf.    0.23474 (1) obj. 496901 iterations 5
Cbc0038I Pass  44: suminf.    0.37074 (1) obj. 496901 iterations 3
Cbc0038I Pass  45: suminf.    0.88926 (4) obj. 496901 iterations 12
Cbc0038I Pass  46: suminf.    0.23474 (2) obj. 496901 iterations 4
Cbc0038I Pass  47: suminf.    0.47729 (2) obj. 496901 iterations 3
Cbc0038I Pass  48: suminf.    0.88926 (4) obj. 496901 iterations 5
Cbc0038I Pass  49: suminf.    0.47729 (3) obj. 496901 iterations 4
Cbc0038I Pass  50: suminf.    0.88926 (3) obj. 496901 iterations 11
Cbc0038I Pass  51: suminf.    0.23474 (1) obj. 496901 iterations 5
Cbc0038I Pass  52: suminf.    0.37074 (1) obj. 496901 iterations 3
Cbc0038I Pass  53: suminf.    1.23474 (3) obj. 496901 iterations 15
Cbc0038I Pass  54: suminf.    1.23474 (3) obj. 496901 iterations 5
Cbc0038I Pass  55: suminf.    0.46230 (2) obj. 496901 iterations 4
Cbc0038I Pass  56: suminf.    0.44936 (1) obj. 496901 iterations 1
Cbc0038I Pass  57: suminf.    0.23474 (1) obj. 496901 iterations 4
Cbc0038I Pass  58: suminf.    0.37074 (1) obj. 496901 iterations 3
Cbc0038I Pass  59: suminf.    1.27474 (4) obj. 496901 iterations 7
Cbc0038I Pass  60: suminf.    1.27474 (4) obj. 496901 iterations 0
Cbc0038I Pass  61: suminf.    0.46230 (2) obj. 496901 iterations 3
Cbc0038I Pass  62: suminf.    0.44936 (1) obj. 496901 iterations 1
Cbc0038I No solution found this major pass
Cbc0038I Before mini branch and bound, 10 integers at bound fixed and 72 continuous
Cbc0038I Full problem 113 rows 161 columns, reduced to 20 rows 30 columns
Cbc0038I Mini branch and bound did not improve solution (0.05 seconds)
Cbc0038I After 0.05 seconds - Feasibility pump exiting with objective of 496913 - took 0.04 seconds
Cbc0012I Integer solution of 496912.88 found by feasibility pump after 0 iterations and 0 nodes (0.05 seconds)
Cbc0038I Full problem 113 rows 161 columns, reduced to 65 rows 113 columns
Cbc0031I 3 added rows had average density of 20.333333
Cbc0013I At root node, 3 cuts changed objective from 496885.81 to 496885.81 in 42 passes
Cbc0014I Cut generator 0 (Probing) - 0 row cuts average 0.0 elements, 4 column cuts (4 active)  in 0.007 seconds - new frequency is 1
Cbc0014I Cut generator 1 (Gomory) - 74 row cuts average 44.6 elements, 0 column cuts (0 active)  in 0.006 seconds - new frequency is 1
Cbc0014I Cut generator 2 (Knapsack) - 0 row cuts average 0.0 elements, 0 column cuts (0 active)  in 0.008 seconds - new frequency is -100
Cbc0014I Cut generator 3 (Clique) - 0 row cuts average 0.0 elements, 0 column cuts (0 active)  in 0.000 seconds - new frequency is -100
Cbc0014I Cut generator 4 (MixedIntegerRounding2) - 16 row cuts average 22.3 elements, 0 column cuts (0 active)  in 0.001 seconds - new frequency is 1
Cbc0014I Cut generator 5 (FlowCover) - 0 row cuts average 0.0 elements, 0 column cuts (0 active)  in 0.005 seconds - new frequency is -100
Cbc0014I Cut generator 6 (TwoMirCuts) - 16 row cuts average 20.0 elements, 0 column cuts (0 active)  in 0.002 seconds - new frequency is -100
Cbc0010I After 0 nodes, 1 on tree, 496912.88 best solution, best possible 496885.81 (0.10 seconds)
Cbc0038I Full problem 113 rows 161 columns, reduced to 63 rows 111 columns
Cbc0001I Search completed - best objective 496912.8795013856, took 726 iterations and 52 nodes (0.19 seconds)
Cbc0032I Strong branching done 158 times (583 iterations), fathomed 8 nodes and fixed 18 variables
Cbc0035I Maximum depth 9, 45 variables fixed on reduced cost
Cuts at root node changed objective from 496886 to 496886
Probing was tried 101 times and created 4 cuts of which 0 were active after adding rounds of cuts (0.010 seconds)
Gomory was tried 101 times and created 132 cuts of which 0 were active after adding rounds of cuts (0.010 seconds)
Knapsack was tried 42 times and created 0 cuts of which 0 were active after adding rounds of cuts (0.008 seconds)
Clique was tried 42 times and created 0 cuts of which 0 were active after adding rounds of cuts (0.000 seconds)
MixedIntegerRounding2 was tried 101 times and created 18 cuts of which 0 were active after adding rounds of cuts (0.005 seconds)
FlowCover was tried 42 times and created 0 cuts of which 0 were active after adding rounds of cuts (0.005 seconds)
TwoMirCuts was tried 42 times and created 16 cuts of which 0 were active after adding rounds of cuts (0.002 seconds)
ZeroHalf was tried 1 times and created 0 cuts of which 0 were active after adding rounds of cuts (0.000 seconds)

Result - Optimal solution found

Objective value:                496912.87950139
Enumerated nodes:               52
Total iterations:               726
Time (CPU seconds):             0.20
Time (Wallclock seconds):       0.20

Option for printingOptions changed from normal to all
Total time (CPU seconds):       0.22   (Wallclock seconds):       0.22

