Welcome to the CBC MILP Solver 
Version: 2.10.3 
Build Date: Dec 15 2019 

command line - E:\dachuang\.venv\Lib\site-packages\pulp\apis\../solverdir/cbc/win/i64/cbc.exe model.mps -primalTolerance 1e-9 -integerTolerance 1e-9 -ratioGap 0 -allowableGap 0 -threads 0 -branch -printingOptions all -solution solution.txt -saveSolution solution.bin -quit (default strategy 1)
At line 2 NAME          MODEL
At line 3 ROWS
At line 317 COLUMNS
At line 1133 RHS
At line 1446 BOUNDS
At line 1521 ENDATA
Problem MODEL has 312 rows, 241 columns and 647 elements
Coin0008I MODEL read with 0 errors
primalTolerance was changed from 1e-07 to 1e-09
integerTolerance was changed from 1e-07 to 1e-09
ratioGap was changed from 0 to 0
allowableGap was changed from 1e-10 to 0
Continuous objective value is 477608 - 0.00 seconds
Cgl0003I 0 fixed, 0 tightened bounds, 1 strengthened rows, 0 substitutions
Cgl0004I processed model has 119 rows, 167 columns (24 integer (24 of which binary)) and 356 elements
Cbc0038I Initial state - 11 integers unsatisfied sum - 4.31355
Cbc0038I Pass   1: suminf.    0.00000 (0) obj. 479235 iterations 17
Cbc0038I Solution found of 479235
Cbc0038I Relaxing continuous gives 479126
Cbc0038I Before mini branch and bound, 13 integers at bound fixed and 82 continuous
Cbc0038I Full problem 119 rows 167 columns, reduced to 15 rows 17 columns
Cbc0038I Mini branch and bound improved solution from 479126 to 478447 (0.01 seconds)
Cbc0038I Round again with cutoff of 478363
Cbc0038I Pass   2: suminf.    0.52573 (2) obj. 478363 iterations 9
Cbc0038I Solution found of 478363
Cbc0038I Relaxing continuous gives 478215
Cbc0038I Before mini branch and bound, 13 integers at bound fixed and 81 continuous
Cbc0038I Full problem 119 rows 167 columns, reduced to 16 rows 20 columns
Cbc0038I Mini branch and bound did not improve solution (0.01 seconds)
Cbc0038I Freeing continuous variables gives a solution of 478051
Cbc0038I Round again with cutoff of 477963
Cbc0038I Pass   3: suminf.    1.02822 (3) obj. 477963 iterations 6
Cbc0038I Pass   4: suminf.    0.54431 (2) obj. 477963 iterations 10
Cbc0038I Pass   5: suminf.    0.52483 (3) obj. 477963 iterations 7
Cbc0038I Pass   6: suminf.    1.08542 (4) obj. 477963 iterations 7
Cbc0038I Pass   7: suminf.    1.07576 (3) obj. 477963 iterations 1
Cbc0038I Pass   8: suminf.    1.40983 (6) obj. 477963 iterations 8
Cbc0038I Pass   9: suminf.    1.40983 (6) obj. 477963 iterations 0
Cbc0038I Pass  10: suminf.    1.11396 (5) obj. 477963 iterations 9
Cbc0038I Pass  11: suminf.    0.92750 (4) obj. 477963 iterations 2
Cbc0038I Pass  12: suminf.    1.11752 (4) obj. 477963 iterations 7
Cbc0038I Pass  13: suminf.    1.04283 (5) obj. 477963 iterations 5
Cbc0038I Pass  14: suminf.    1.48383 (6) obj. 477963 iterations 10
Cbc0038I Pass  15: suminf.    1.11396 (5) obj. 477963 iterations 9
Cbc0038I Pass  16: suminf.    0.92750 (4) obj. 477963 iterations 2
Cbc0038I Pass  17: suminf.    1.11752 (4) obj. 477963 iterations 7
Cbc0038I Pass  18: suminf.    1.04283 (5) obj. 477963 iterations 5
Cbc0038I Pass  19: suminf.    1.93399 (6) obj. 477963 iterations 25
Cbc0038I Pass  20: suminf.    0.90933 (4) obj. 477963 iterations 9
Cbc0038I Pass  21: suminf.    1.07576 (3) obj. 477963 iterations 6
Cbc0038I Pass  22: suminf.    1.27382 (4) obj. 477963 iterations 6
Cbc0038I Pass  23: suminf.    1.04283 (4) obj. 477963 iterations 1
Cbc0038I Pass  24: suminf.    0.92762 (4) obj. 477963 iterations 6
Cbc0038I Pass  25: suminf.    0.92762 (4) obj. 477963 iterations 0
Cbc0038I Pass  26: suminf.    1.04283 (4) obj. 477963 iterations 7
Cbc0038I Pass  27: suminf.    1.65877 (6) obj. 477963 iterations 7
Cbc0038I Pass  28: suminf.    1.40283 (5) obj. 477963 iterations 1
Cbc0038I Pass  29: suminf.    0.92762 (4) obj. 477963 iterations 7
Cbc0038I Pass  30: suminf.    0.92762 (4) obj. 477963 iterations 0
Cbc0038I Pass  31: suminf.    1.04283 (4) obj. 477963 iterations 7
Cbc0038I Pass  32: suminf.    1.04283 (4) obj. 477963 iterations 0
Cbc0038I No solution found this major pass
Cbc0038I Before mini branch and bound, 3 integers at bound fixed and 69 continuous
Cbc0038I Full problem 119 rows 167 columns, reduced to 33 rows 43 columns
Cbc0038I Mini branch and bound improved solution from 478051 to 478005 (0.03 seconds)
Cbc0038I Round again with cutoff of 477857
Cbc0038I Pass  32: suminf.    1.14271 (6) obj. 477857 iterations 6
Cbc0038I Pass  33: suminf.    1.04284 (5) obj. 477857 iterations 3
Cbc0038I Pass  34: suminf.    1.50053 (6) obj. 477857 iterations 15
Cbc0038I Pass  35: suminf.    1.27706 (4) obj. 477857 iterations 6
Cbc0038I Pass  36: suminf.    1.02830 (4) obj. 477857 iterations 1
Cbc0038I Pass  37: suminf.    1.43883 (5) obj. 477857 iterations 7
Cbc0038I Pass  38: suminf.    1.43154 (4) obj. 477857 iterations 1
Cbc0038I Pass  39: suminf.    1.86824 (6) obj. 477857 iterations 9
Cbc0038I Pass  40: suminf.    1.76219 (6) obj. 477857 iterations 3
Cbc0038I Pass  41: suminf.    1.53085 (7) obj. 477857 iterations 10
Cbc0038I Pass  42: suminf.    1.43098 (6) obj. 477857 iterations 2
Cbc0038I Pass  43: suminf.    1.39530 (5) obj. 477857 iterations 10
Cbc0038I Pass  44: suminf.    1.39530 (4) obj. 477857 iterations 4
Cbc0038I Pass  45: suminf.    1.27998 (6) obj. 477857 iterations 5
Cbc0038I Pass  46: suminf.    1.27998 (5) obj. 477857 iterations 1
Cbc0038I Pass  47: suminf.    1.27706 (5) obj. 477857 iterations 7
Cbc0038I Pass  48: suminf.    1.02830 (4) obj. 477857 iterations 2
Cbc0038I Pass  49: suminf.    1.43883 (5) obj. 477857 iterations 9
Cbc0038I Pass  50: suminf.    1.43154 (4) obj. 477857 iterations 1
Cbc0038I Pass  51: suminf.    1.86824 (6) obj. 477857 iterations 9
Cbc0038I Pass  52: suminf.    1.76219 (6) obj. 477857 iterations 2
Cbc0038I Pass  53: suminf.    1.53085 (7) obj. 477857 iterations 10
Cbc0038I Pass  54: suminf.    1.43098 (6) obj. 477857 iterations 2
Cbc0038I Pass  55: suminf.    1.39530 (5) obj. 477857 iterations 10
Cbc0038I Pass  56: suminf.    1.39530 (4) obj. 477857 iterations 1
Cbc0038I Pass  57: suminf.    1.27998 (6) obj. 477857 iterations 5
Cbc0038I Pass  58: suminf.    1.27998 (5) obj. 477857 iterations 1
Cbc0038I Pass  59: suminf.    1.27706 (5) obj. 477857 iterations 7
Cbc0038I Pass  60: suminf.    1.02830 (4) obj. 477857 iterations 2
Cbc0038I Pass  61: suminf.    1.43883 (5) obj. 477857 iterations 9
Cbc0038I No solution found this major pass
Cbc0038I Before mini branch and bound, 13 integers at bound fixed and 78 continuous
Cbc0038I Full problem 119 rows 167 columns, reduced to 26 rows 34 columns
Cbc0038I Mini branch and bound did not improve solution (0.04 seconds)
Cbc0038I After 0.04 seconds - Feasibility pump exiting with objective of 478005 - took 0.04 seconds
Cbc0012I Integer solution of 478005.35 found by feasibility pump after 0 iterations and 0 nodes (0.04 seconds)
Cbc0038I Full problem 119 rows 167 columns, reduced to 91 rows 139 columns - 5 fixed gives 78, 126 - ok now
Cbc0038I Full problem 119 rows 167 columns, reduced to 78 rows 126 columns
Cbc0031I 16 added rows had average density of 13.4375
Cbc0013I At root node, 16 cuts changed objective from 477611.12 to 477928.3 in 100 passes
Cbc0014I Cut generator 0 (Probing) - 4 row cuts average 2.0 elements, 2 column cuts (2 active)  in 0.013 seconds - new frequency is -100
Cbc0014I Cut generator 1 (Gomory) - 345 row cuts average 27.6 elements, 0 column cuts (0 active)  in 0.008 seconds - new frequency is 1
Cbc0014I Cut generator 2 (Knapsack) - 0 row cuts average 0.0 elements, 0 column cuts (0 active)  in 0.019 seconds - new frequency is -100
Cbc0014I Cut generator 3 (Clique) - 0 row cuts average 0.0 elements, 0 column cuts (0 active)  in 0.000 seconds - new frequency is -100
Cbc0014I Cut generator 4 (MixedIntegerRounding2) - 5 row cuts average 4.8 elements, 0 column cuts (0 active)  in 0.009 seconds - new frequency is -100
Cbc0014I Cut generator 5 (FlowCover) - 0 row cuts average 0.0 elements, 0 column cuts (0 active)  in 0.026 seconds - new frequency is -100
Cbc0014I Cut generator 6 (TwoMirCuts) - 27 row cuts average 11.1 elements, 0 column cuts (0 active)  in 0.005 seconds - new frequency is -100
Cbc0010I After 0 nodes, 1 on tree, 478005.35 best solution, best possible 477928.3 (0.19 seconds)
Cbc0012I Integer solution of 477982.72 found by DiveCoefficient after 987 iterations and 2 nodes (0.20 seconds)
Cbc0001I Search completed - best objective 477982.7214771432, took 1117 iterations and 6 nodes (0.21 seconds)
Cbc0032I Strong branching done 28 times (105 iterations), fathomed 3 nodes and fixed 2 variables
Cbc0035I Maximum depth 1, 1 variables fixed on reduced cost
Cuts at root node changed objective from 477611 to 477928
Probing was tried 100 times and created 6 cuts of which 0 were active after adding rounds of cuts (0.013 seconds)
Gomory was tried 136 times and created 403 cuts of which 0 were active after adding rounds of cuts (0.009 seconds)
Knapsack was tried 100 times and created 0 cuts of which 0 were active after adding rounds of cuts (0.019 seconds)
Clique was tried 100 times and created 0 cuts of which 0 were active after adding rounds of cuts (0.000 seconds)
MixedIntegerRounding2 was tried 100 times and created 5 cuts of which 0 were active after adding rounds of cuts (0.009 seconds)
FlowCover was tried 100 times and created 0 cuts of which 0 were active after adding rounds of cuts (0.026 seconds)
TwoMirCuts was tried 100 times and created 27 cuts of which 0 were active after adding rounds of cuts (0.005 seconds)
ZeroHalf was tried 1 times and created 0 cuts of which 0 were active after adding rounds of cuts (0.000 seconds)

Result - Optimal solution found

Objective value:                477982.72147714
Enumerated nodes:               6
Total iterations:               1117
Time (CPU seconds):             0.22
Time (Wallclock seconds):       0.22

Option for printingOptions changed from normal to all
Total time (CPU seconds):       0.24   (Wallclock seconds):       0.24

