Welcome to the CBC MILP Solver 
Version: 2.10.3 
Build Date: Dec 15 2019 

command line - E:\dachuang\.venv\Lib\site-packages\pulp\apis\../solverdir/cbc/win/i64/cbc.exe model.mps -primalTolerance 1e-9 -integerTolerance 1e-9 -ratioGap 0 -allowableGap 0 -threads 0 -branch -printingOptions all -solution solution.txt -saveSolution solution.bin -quit (default strategy 1)
At line 2 NAME          MODEL
At line 3 ROWS
At line 317 COLUMNS
At line 1133 RHS
At line 1446 BOUNDS
At line 1521 ENDATA
Problem MODEL has 312 rows, 241 columns and 647 elements
Coin0008I MODEL read with 0 errors
primalTolerance was changed from 1e-07 to 1e-09
integerTolerance was changed from 1e-07 to 1e-09
ratioGap was changed from 0 to 0
allowableGap was changed from 1e-10 to 0
Continuous objective value is 490553 - 0.00 seconds
Cgl0004I processed model has 109 rows, 157 columns (24 integer (24 of which binary)) and 336 elements
Cbc0038I Initial state - 3 integers unsatisfied sum - 0.731932
Cbc0038I Pass   1: suminf.    0.00000 (0) obj. 490591 iterations 13
Cbc0038I Solution found of 490591
Cbc0038I Relaxing continuous gives 490591
Cbc0038I Before mini branch and bound, 21 integers at bound fixed and 90 continuous
Cbc0038I Full problem 109 rows 157 columns, reduced to 1 rows 2 columns
Cbc0038I Mini branch and bound did not improve solution (0.01 seconds)
Cbc0038I Round again with cutoff of 490588
Cbc0038I Pass   2: suminf.    0.07319 (1) obj. 490588 iterations 1
Cbc0038I Pass   3: suminf.    0.20919 (1) obj. 490588 iterations 3
Cbc0038I Pass   4: suminf.    0.20919 (1) obj. 490588 iterations 3
Cbc0038I Pass   5: suminf.    0.20919 (1) obj. 490588 iterations 1
Cbc0038I Pass   6: suminf.    0.07319 (1) obj. 490588 iterations 1
Cbc0038I Pass   7: suminf.    0.79081 (2) obj. 490588 iterations 2
Cbc0038I Pass   8: suminf.    0.07319 (1) obj. 490588 iterations 2
Cbc0038I Pass   9: suminf.    1.05081 (3) obj. 490588 iterations 11
Cbc0038I Pass  10: suminf.    0.07319 (1) obj. 490588 iterations 7
Cbc0038I Pass  11: suminf.    0.20919 (1) obj. 490588 iterations 3
Cbc0038I Pass  12: suminf.    1.37081 (4) obj. 490588 iterations 11
Cbc0038I Pass  13: suminf.    0.39319 (2) obj. 490588 iterations 8
Cbc0038I Pass  14: suminf.    0.20919 (1) obj. 490588 iterations 4
Cbc0038I Pass  15: suminf.    0.07319 (1) obj. 490588 iterations 1
Cbc0038I Pass  16: suminf.    1.05081 (3) obj. 490588 iterations 11
Cbc0038I Pass  17: suminf.    0.07319 (1) obj. 490588 iterations 8
Cbc0038I Pass  18: suminf.    0.20919 (1) obj. 490588 iterations 3
Cbc0038I Pass  19: suminf.    1.37081 (4) obj. 490588 iterations 8
Cbc0038I Pass  20: suminf.    0.39319 (2) obj. 490588 iterations 7
Cbc0038I Pass  21: suminf.    1.37081 (4) obj. 490588 iterations 6
Cbc0038I Pass  22: suminf.    0.39319 (2) obj. 490588 iterations 5
Cbc0038I Pass  23: suminf.    1.37081 (4) obj. 490588 iterations 5
Cbc0038I Pass  24: suminf.    0.39319 (2) obj. 490588 iterations 5
Cbc0038I Pass  25: suminf.    1.11081 (3) obj. 490588 iterations 7
Cbc0038I Pass  26: suminf.    0.39319 (2) obj. 490588 iterations 2
Cbc0038I Pass  27: suminf.    0.20919 (1) obj. 490588 iterations 4
Cbc0038I Pass  28: suminf.    0.07319 (1) obj. 490588 iterations 1
Cbc0038I Pass  29: suminf.    0.07319 (1) obj. 490588 iterations 0
Cbc0038I Pass  30: suminf.    1.37081 (4) obj. 490588 iterations 7
Cbc0038I Pass  31: suminf.    0.39319 (2) obj. 490588 iterations 3
Cbc0038I No solution found this major pass
Cbc0038I Before mini branch and bound, 10 integers at bound fixed and 74 continuous
Cbc0038I Full problem 109 rows 157 columns, reduced to 13 rows 20 columns
Cbc0038I Mini branch and bound improved solution from 490591 to 490569 (0.02 seconds)
Cbc0038I Round again with cutoff of 490565
Cbc0038I Pass  31: suminf.    0.49431 (2) obj. 490565 iterations 1
Cbc0038I Pass  32: suminf.    0.62969 (2) obj. 490565 iterations 3
Cbc0038I Pass  33: suminf.    0.81431 (3) obj. 490565 iterations 12
Cbc0038I Pass  34: suminf.    0.81431 (3) obj. 490565 iterations 3
Cbc0038I Pass  35: suminf.    0.05361 (1) obj. 490565 iterations 8
Cbc0038I Pass  36: suminf.    0.05361 (1) obj. 490565 iterations 0
Cbc0038I Pass  37: suminf.    0.49431 (2) obj. 490565 iterations 3
Cbc0038I Pass  38: suminf.    0.75431 (3) obj. 490565 iterations 6
Cbc0038I Pass  39: suminf.    0.49431 (2) obj. 490565 iterations 1
Cbc0038I Pass  40: suminf.    0.62969 (3) obj. 490565 iterations 7
Cbc0038I Pass  41: suminf.    0.49431 (2) obj. 490565 iterations 3
Cbc0038I Pass  42: suminf.    0.62969 (2) obj. 490565 iterations 3
Cbc0038I Pass  43: suminf.    0.94969 (4) obj. 490565 iterations 11
Cbc0038I Pass  44: suminf.    0.81431 (3) obj. 490565 iterations 4
Cbc0038I Pass  45: suminf.    0.62969 (2) obj. 490565 iterations 3
Cbc0038I Pass  46: suminf.    0.49431 (2) obj. 490565 iterations 1
Cbc0038I Pass  47: suminf.    0.94969 (4) obj. 490565 iterations 4
Cbc0038I Pass  48: suminf.    0.81431 (3) obj. 490565 iterations 2
Cbc0038I Pass  49: suminf.    0.62969 (3) obj. 490565 iterations 3
Cbc0038I Pass  50: suminf.    0.49431 (2) obj. 490565 iterations 2
Cbc0038I Pass  51: suminf.    0.62969 (2) obj. 490565 iterations 2
Cbc0038I Pass  52: suminf.    0.94969 (3) obj. 490565 iterations 4
Cbc0038I Pass  53: suminf.    0.81431 (3) obj. 490565 iterations 3
Cbc0038I Pass  54: suminf.    0.62969 (2) obj. 490565 iterations 4
Cbc0038I Pass  55: suminf.    0.49431 (2) obj. 490565 iterations 1
Cbc0038I Pass  56: suminf.    0.49431 (2) obj. 490565 iterations 0
Cbc0038I Pass  57: suminf.    0.62969 (3) obj. 490565 iterations 3
Cbc0038I Pass  58: suminf.    0.49431 (2) obj. 490565 iterations 2
Cbc0038I Pass  59: suminf.    0.94969 (4) obj. 490565 iterations 4
Cbc0038I Pass  60: suminf.    0.94969 (4) obj. 490565 iterations 4
Cbc0038I No solution found this major pass
Cbc0038I Before mini branch and bound, 9 integers at bound fixed and 71 continuous
Cbc0038I Full problem 109 rows 157 columns, reduced to 14 rows 22 columns
Cbc0038I Mini branch and bound did not improve solution (0.03 seconds)
Cbc0038I After 0.03 seconds - Feasibility pump exiting with objective of 490569 - took 0.02 seconds
Cbc0012I Integer solution of 490568.6 found by feasibility pump after 0 iterations and 0 nodes (0.03 seconds)
Cbc0038I Full problem 109 rows 157 columns, reduced to 57 rows 105 columns
Cbc0031I 12 added rows had average density of 43.166667
Cbc0013I At root node, 12 cuts changed objective from 490553.04 to 490554.9 in 100 passes
Cbc0014I Cut generator 0 (Probing) - 0 row cuts average 0.0 elements, 4 column cuts (4 active)  in 0.020 seconds - new frequency is 1
Cbc0014I Cut generator 1 (Gomory) - 388 row cuts average 51.0 elements, 0 column cuts (0 active)  in 0.009 seconds - new frequency is 1
Cbc0014I Cut generator 2 (Knapsack) - 0 row cuts average 0.0 elements, 0 column cuts (0 active)  in 0.014 seconds - new frequency is -100
Cbc0014I Cut generator 3 (Clique) - 0 row cuts average 0.0 elements, 0 column cuts (0 active)  in 0.001 seconds - new frequency is -100
Cbc0014I Cut generator 4 (MixedIntegerRounding2) - 19 row cuts average 32.1 elements, 0 column cuts (0 active)  in 0.010 seconds - new frequency is -100
Cbc0014I Cut generator 5 (FlowCover) - 0 row cuts average 0.0 elements, 0 column cuts (0 active)  in 0.012 seconds - new frequency is -100
Cbc0014I Cut generator 6 (TwoMirCuts) - 14 row cuts average 29.6 elements, 0 column cuts (0 active)  in 0.003 seconds - new frequency is -100
Cbc0001I Search completed - best objective 490568.5969529074, took 892 iterations and 0 nodes (0.18 seconds)
Cbc0032I Strong branching done 2 times (10 iterations), fathomed 1 nodes and fixed 0 variables
Cbc0035I Maximum depth 0, 0 variables fixed on reduced cost
Cuts at root node changed objective from 490553 to 490569
Probing was tried 100 times and created 4 cuts of which 0 were active after adding rounds of cuts (0.020 seconds)
Gomory was tried 100 times and created 388 cuts of which 0 were active after adding rounds of cuts (0.009 seconds)
Knapsack was tried 100 times and created 0 cuts of which 0 were active after adding rounds of cuts (0.014 seconds)
Clique was tried 100 times and created 0 cuts of which 0 were active after adding rounds of cuts (0.001 seconds)
MixedIntegerRounding2 was tried 100 times and created 19 cuts of which 0 were active after adding rounds of cuts (0.010 seconds)
FlowCover was tried 100 times and created 0 cuts of which 0 were active after adding rounds of cuts (0.012 seconds)
TwoMirCuts was tried 100 times and created 14 cuts of which 0 were active after adding rounds of cuts (0.003 seconds)
ZeroHalf was tried 1 times and created 0 cuts of which 0 were active after adding rounds of cuts (0.000 seconds)

Result - Optimal solution found

Objective value:                490568.59695291
Enumerated nodes:               0
Total iterations:               892
Time (CPU seconds):             0.18
Time (Wallclock seconds):       0.18

Option for printingOptions changed from normal to all
Total time (CPU seconds):       0.21   (Wallclock seconds):       0.21

