Welcome to the CBC MILP Solver 
Version: 2.10.3 
Build Date: Dec 15 2019 

command line - E:\dachuang\.venv\Lib\site-packages\pulp\apis\../solverdir/cbc/win/i64/cbc.exe model.mps -primalTolerance 1e-9 -integerTolerance 1e-9 -ratioGap 0 -allowableGap 0 -threads 0 -branch -printingOptions all -solution solution.txt -saveSolution solution.bin -quit (default strategy 1)
At line 2 NAME          MODEL
At line 3 ROWS
At line 317 COLUMNS
At line 1133 RHS
At line 1446 BOUNDS
At line 1521 ENDATA
Problem MODEL has 312 rows, 241 columns and 647 elements
Coin0008I MODEL read with 0 errors
primalTolerance was changed from 1e-07 to 1e-09
integerTolerance was changed from 1e-07 to 1e-09
ratioGap was changed from 0 to 0
allowableGap was changed from 1e-10 to 0
Continuous objective value is 456900 - 0.00 seconds
Cgl0003I 0 fixed, 0 tightened bounds, 3 strengthened rows, 0 substitutions
Cgl0004I processed model has 119 rows, 167 columns (24 integer (24 of which binary)) and 356 elements
Cbc0038I Initial state - 15 integers unsatisfied sum - 6.0693
Cbc0038I Pass   1: suminf.    0.00000 (0) obj. 467100 iterations 20
Cbc0038I Solution found of 467100
Cbc0038I Relaxing continuous gives 460538
Cbc0038I Before mini branch and bound, 9 integers at bound fixed and 76 continuous
Cbc0038I Full problem 119 rows 167 columns, reduced to 14 rows 15 columns
Cbc0038I Mini branch and bound improved solution from 460538 to 460164 (0.01 seconds)
Cbc0038I Round again with cutoff of 459838
Cbc0038I Pass   2: suminf.    0.45542 (2) obj. 459838 iterations 6
Cbc0038I Pass   3: suminf.    0.00575 (1) obj. 459838 iterations 6
Cbc0038I Solution found of 459838
Cbc0038I Relaxing continuous gives 459584
Cbc0038I Before mini branch and bound, 9 integers at bound fixed and 74 continuous
Cbc0038I Full problem 119 rows 167 columns, reduced to 16 rows 19 columns
Cbc0038I Mini branch and bound improved solution from 459584 to 459584 (0.01 seconds)
Cbc0038I Freeing continuous variables gives a solution of 459453
Cbc0038I Round again with cutoff of 458943
Cbc0038I Pass   4: suminf.    0.93769 (4) obj. 458943 iterations 8
Cbc0038I Pass   5: suminf.    0.92559 (4) obj. 458943 iterations 3
Cbc0038I Pass   6: suminf.    1.26449 (4) obj. 458943 iterations 9
Cbc0038I Pass   7: suminf.    1.31574 (4) obj. 458943 iterations 5
Cbc0038I Pass   8: suminf.    1.31574 (4) obj. 458943 iterations 0
Cbc0038I Pass   9: suminf.    0.93134 (3) obj. 458943 iterations 6
Cbc0038I Pass  10: suminf.    0.93134 (3) obj. 458943 iterations 0
Cbc0038I Pass  11: suminf.    0.81134 (3) obj. 458943 iterations 1
Cbc0038I Pass  12: suminf.    0.81134 (3) obj. 458943 iterations 0
Cbc0038I Pass  13: suminf.    1.22434 (4) obj. 458943 iterations 4
Cbc0038I Pass  14: suminf.    0.93134 (3) obj. 458943 iterations 2
Cbc0038I Pass  15: suminf.    0.93134 (3) obj. 458943 iterations 0
Cbc0038I Pass  16: suminf.    0.81134 (3) obj. 458943 iterations 1
Cbc0038I Pass  17: suminf.    0.81134 (3) obj. 458943 iterations 0
Cbc0038I Pass  18: suminf.    1.58874 (8) obj. 458943 iterations 28
Cbc0038I Pass  19: suminf.    1.58874 (7) obj. 458943 iterations 1
Cbc0038I Pass  20: suminf.    1.46909 (5) obj. 458943 iterations 12
Cbc0038I Pass  21: suminf.    1.46909 (5) obj. 458943 iterations 0
Cbc0038I Pass  22: suminf.    1.01594 (4) obj. 458943 iterations 10
Cbc0038I Pass  23: suminf.    1.01594 (4) obj. 458943 iterations 0
Cbc0038I Pass  24: suminf.    1.30626 (4) obj. 458943 iterations 1
Cbc0038I Pass  25: suminf.    1.55055 (6) obj. 458943 iterations 12
Cbc0038I Pass  26: suminf.    1.31574 (4) obj. 458943 iterations 8
Cbc0038I Pass  27: suminf.    1.31574 (4) obj. 458943 iterations 0
Cbc0038I Pass  28: suminf.    0.93134 (3) obj. 458943 iterations 5
Cbc0038I Pass  29: suminf.    0.93134 (3) obj. 458943 iterations 0
Cbc0038I Pass  30: suminf.    0.81134 (3) obj. 458943 iterations 1
Cbc0038I Pass  31: suminf.    0.81134 (3) obj. 458943 iterations 0
Cbc0038I Pass  32: suminf.    2.36969 (9) obj. 458943 iterations 29
Cbc0038I Pass  33: suminf.    1.15494 (4) obj. 458943 iterations 9
Cbc0038I No solution found this major pass
Cbc0038I Before mini branch and bound, 4 integers at bound fixed and 65 continuous
Cbc0038I Full problem 119 rows 167 columns, reduced to 32 rows 43 columns
Cbc0038I Mini branch and bound improved solution from 459453 to 459319 (0.03 seconds)
Cbc0038I Round again with cutoff of 458330
Cbc0038I Pass  33: suminf.    2.09574 (7) obj. 458330 iterations 4
Cbc0038I Pass  34: suminf.    2.09574 (7) obj. 458330 iterations 4
Cbc0038I Pass  35: suminf.    2.07705 (6) obj. 458330 iterations 8
Cbc0038I Pass  36: suminf.    2.07705 (6) obj. 458330 iterations 0
Cbc0038I Pass  37: suminf.    1.98149 (6) obj. 458330 iterations 4
Cbc0038I Pass  38: suminf.    1.98149 (6) obj. 458330 iterations 0
Cbc0038I Pass  39: suminf.    2.05549 (6) obj. 458330 iterations 3
Cbc0038I Pass  40: suminf.    2.05549 (6) obj. 458330 iterations 0
Cbc0038I Pass  41: suminf.    1.98149 (6) obj. 458330 iterations 1
Cbc0038I Pass  42: suminf.    2.72481 (9) obj. 458330 iterations 15
Cbc0038I Pass  43: suminf.    2.35004 (8) obj. 458330 iterations 4
Cbc0038I Pass  44: suminf.    2.70691 (7) obj. 458330 iterations 9
Cbc0038I Pass  45: suminf.    2.33215 (7) obj. 458330 iterations 2
Cbc0038I Pass  46: suminf.    2.33215 (7) obj. 458330 iterations 4
Cbc0038I Pass  47: suminf.    2.70691 (7) obj. 458330 iterations 4
Cbc0038I Pass  48: suminf.    2.33215 (7) obj. 458330 iterations 2
Cbc0038I Pass  49: suminf.    3.33215 (9) obj. 458330 iterations 6
Cbc0038I Pass  50: suminf.    2.68189 (8) obj. 458330 iterations 10
Cbc0038I Pass  51: suminf.    2.68189 (8) obj. 458330 iterations 3
Cbc0038I Pass  52: suminf.    3.70691 (9) obj. 458330 iterations 6
Cbc0038I Pass  53: suminf.    3.33215 (9) obj. 458330 iterations 1
Cbc0038I Pass  54: suminf.    3.53675 (10) obj. 458330 iterations 5
Cbc0038I Pass  55: suminf.    2.58800 (8) obj. 458330 iterations 8
Cbc0038I Pass  56: suminf.    2.58800 (8) obj. 458330 iterations 3
Cbc0038I Pass  57: suminf.    2.18609 (9) obj. 458330 iterations 9
Cbc0038I Pass  58: suminf.    2.18609 (9) obj. 458330 iterations 0
Cbc0038I Pass  59: suminf.    2.45740 (8) obj. 458330 iterations 9
Cbc0038I Pass  60: suminf.    2.45740 (8) obj. 458330 iterations 0
Cbc0038I Pass  61: suminf.    1.98149 (6) obj. 458330 iterations 6
Cbc0038I Pass  62: suminf.    1.98149 (6) obj. 458330 iterations 0
Cbc0038I No solution found this major pass
Cbc0038I Before mini branch and bound, 3 integers at bound fixed and 69 continuous
Cbc0038I Full problem 119 rows 167 columns, reduced to 27 rows 35 columns
Cbc0038I Mini branch and bound did not improve solution (0.04 seconds)
Cbc0038I After 0.04 seconds - Feasibility pump exiting with objective of 459319 - took 0.04 seconds
Cbc0012I Integer solution of 459319.47 found by feasibility pump after 0 iterations and 0 nodes (0.04 seconds)
Cbc0038I Full problem 119 rows 167 columns, reduced to 94 rows 142 columns - 5 fixed gives 80, 128 - ok now
Cbc0038I Full problem 119 rows 167 columns, reduced to 80 rows 128 columns
Cbc0012I Integer solution of 459023.78 found by DiveCoefficient after 192 iterations and 0 nodes (0.09 seconds)
Cbc0031I 20 added rows had average density of 25.45
Cbc0013I At root node, 20 cuts changed objective from 456899.74 to 459023.78 in 31 passes
Cbc0014I Cut generator 0 (Probing) - 8 row cuts average 2.0 elements, 2 column cuts (2 active)  in 0.002 seconds - new frequency is 1
Cbc0014I Cut generator 1 (Gomory) - 82 row cuts average 51.1 elements, 0 column cuts (0 active)  in 0.003 seconds - new frequency is 1
Cbc0014I Cut generator 2 (Knapsack) - 0 row cuts average 0.0 elements, 0 column cuts (0 active)  in 0.004 seconds - new frequency is -100
Cbc0014I Cut generator 3 (Clique) - 0 row cuts average 0.0 elements, 0 column cuts (0 active)  in 0.000 seconds - new frequency is -100
Cbc0014I Cut generator 4 (MixedIntegerRounding2) - 11 row cuts average 4.5 elements, 0 column cuts (0 active)  in 0.001 seconds - new frequency is 1
Cbc0014I Cut generator 5 (FlowCover) - 0 row cuts average 0.0 elements, 0 column cuts (0 active)  in 0.008 seconds - new frequency is -100
Cbc0014I Cut generator 6 (TwoMirCuts) - 34 row cuts average 23.6 elements, 0 column cuts (0 active)  in 0.001 seconds - new frequency is -100
Cbc0001I Search completed - best objective 459023.7797500077, took 198 iterations and 0 nodes (0.09 seconds)
Cbc0032I Strong branching done 4 times (31 iterations), fathomed 1 nodes and fixed 0 variables
Cbc0035I Maximum depth 0, 0 variables fixed on reduced cost
Cuts at root node changed objective from 456900 to 459041
Probing was tried 31 times and created 10 cuts of which 0 were active after adding rounds of cuts (0.002 seconds)
Gomory was tried 31 times and created 82 cuts of which 0 were active after adding rounds of cuts (0.003 seconds)
Knapsack was tried 31 times and created 0 cuts of which 0 were active after adding rounds of cuts (0.004 seconds)
Clique was tried 31 times and created 0 cuts of which 0 were active after adding rounds of cuts (0.000 seconds)
MixedIntegerRounding2 was tried 31 times and created 11 cuts of which 0 were active after adding rounds of cuts (0.001 seconds)
FlowCover was tried 31 times and created 0 cuts of which 0 were active after adding rounds of cuts (0.008 seconds)
TwoMirCuts was tried 31 times and created 34 cuts of which 0 were active after adding rounds of cuts (0.001 seconds)
ZeroHalf was tried 1 times and created 0 cuts of which 0 were active after adding rounds of cuts (0.000 seconds)

Result - Optimal solution found

Objective value:                459023.77975001
Enumerated nodes:               0
Total iterations:               198
Time (CPU seconds):             0.09
Time (Wallclock seconds):       0.09

Option for printingOptions changed from normal to all
Total time (CPU seconds):       0.12   (Wallclock seconds):       0.12

