Welcome to the CBC MILP Solver 
Version: 2.10.3 
Build Date: Dec 15 2019 

command line - E:\dachuang\.venv\Lib\site-packages\pulp\apis\../solverdir/cbc/win/i64/cbc.exe model.mps -primalTolerance 1e-9 -integerTolerance 1e-9 -ratioGap 0 -allowableGap 0 -threads 0 -branch -printingOptions all -solution solution.txt -saveSolution solution.bin -quit (default strategy 1)
At line 2 NAME          MODEL
At line 3 ROWS
At line 317 COLUMNS
At line 1133 RHS
At line 1446 BOUNDS
At line 1521 ENDATA
Problem MODEL has 312 rows, 241 columns and 647 elements
Coin0008I MODEL read with 0 errors
primalTolerance was changed from 1e-07 to 1e-09
integerTolerance was changed from 1e-07 to 1e-09
ratioGap was changed from 0 to 0
allowableGap was changed from 1e-10 to 0
Continuous objective value is 483792 - 0.00 seconds
Cgl0003I 0 fixed, 0 tightened bounds, 3 strengthened rows, 0 substitutions
Cgl0004I processed model has 119 rows, 167 columns (24 integer (24 of which binary)) and 356 elements
Cbc0038I Initial state - 12 integers unsatisfied sum - 5.08535
Cbc0038I Pass   1: suminf.    0.00000 (0) obj. 486637 iterations 18
Cbc0038I Solution found of 486637
Cbc0038I Relaxing continuous gives 486637
Cbc0038I Before mini branch and bound, 12 integers at bound fixed and 81 continuous
Cbc0038I Full problem 119 rows 167 columns, reduced to 17 rows 19 columns
Cbc0038I Mini branch and bound improved solution from 486637 to 484989 (0.01 seconds)
Cbc0038I Round again with cutoff of 484875
Cbc0038I Pass   2: suminf.    0.54512 (2) obj. 484875 iterations 10
Cbc0038I Pass   3: suminf.    0.28712 (1) obj. 484875 iterations 8
Cbc0038I Solution found of 484875
Cbc0038I Relaxing continuous gives 484804
Cbc0038I Before mini branch and bound, 11 integers at bound fixed and 78 continuous
Cbc0038I Full problem 119 rows 167 columns, reduced to 19 rows 23 columns
Cbc0038I Mini branch and bound improved solution from 484804 to 484699 (0.01 seconds)
Cbc0038I Freeing continuous variables gives a solution of 484637
Cbc0038I Round again with cutoff of 484478
Cbc0038I Pass   4: suminf.    1.24914 (4) obj. 484478 iterations 10
Cbc0038I Pass   5: suminf.    1.20896 (4) obj. 484478 iterations 4
Cbc0038I Pass   6: suminf.    1.05915 (3) obj. 484478 iterations 13
Cbc0038I Pass   7: suminf.    0.32004 (2) obj. 484478 iterations 2
Cbc0038I Pass   8: suminf.    0.56004 (2) obj. 484478 iterations 6
Cbc0038I Pass   9: suminf.    0.56004 (2) obj. 484478 iterations 0
Cbc0038I Pass  10: suminf.    0.32004 (2) obj. 484478 iterations 2
Cbc0038I Pass  11: suminf.    0.58881 (3) obj. 484478 iterations 10
Cbc0038I Pass  12: suminf.    0.32004 (2) obj. 484478 iterations 10
Cbc0038I Pass  13: suminf.    0.32004 (2) obj. 484478 iterations 0
Cbc0038I Pass  14: suminf.    0.56004 (2) obj. 484478 iterations 5
Cbc0038I Pass  15: suminf.    0.56004 (2) obj. 484478 iterations 0
Cbc0038I Pass  16: suminf.    2.23844 (7) obj. 484478 iterations 11
Cbc0038I Pass  17: suminf.    1.83004 (6) obj. 484478 iterations 1
Cbc0038I Pass  18: suminf.    0.99445 (3) obj. 484478 iterations 7
Cbc0038I Pass  19: suminf.    0.99445 (3) obj. 484478 iterations 0
Cbc0038I Pass  20: suminf.    0.70085 (3) obj. 484478 iterations 3
Cbc0038I Pass  21: suminf.    0.70085 (3) obj. 484478 iterations 3
Cbc0038I Pass  22: suminf.    0.99445 (3) obj. 484478 iterations 3
Cbc0038I Pass  23: suminf.    0.70085 (3) obj. 484478 iterations 11
Cbc0038I Pass  24: suminf.    0.99445 (3) obj. 484478 iterations 3
Cbc0038I Pass  25: suminf.    0.99445 (3) obj. 484478 iterations 0
Cbc0038I Pass  26: suminf.    0.70085 (3) obj. 484478 iterations 2
Cbc0038I Pass  27: suminf.    0.70085 (3) obj. 484478 iterations 0
Cbc0038I Pass  28: suminf.    0.90802 (3) obj. 484478 iterations 21
Cbc0038I Pass  29: suminf.    1.05915 (3) obj. 484478 iterations 12
Cbc0038I Pass  30: suminf.    0.32004 (2) obj. 484478 iterations 2
Cbc0038I Pass  31: suminf.    0.56004 (2) obj. 484478 iterations 5
Cbc0038I Pass  32: suminf.    0.56004 (2) obj. 484478 iterations 0
Cbc0038I Pass  33: suminf.    0.32004 (2) obj. 484478 iterations 1
Cbc0038I No solution found this major pass
Cbc0038I Before mini branch and bound, 2 integers at bound fixed and 70 continuous
Cbc0038I Full problem 119 rows 167 columns, reduced to 35 rows 45 columns
Cbc0038I Mini branch and bound improved solution from 484637 to 484370 (0.03 seconds)
Cbc0038I Round again with cutoff of 484212
Cbc0038I Pass  33: suminf.    2.20549 (7) obj. 484212 iterations 6
Cbc0038I Pass  34: suminf.    2.20549 (7) obj. 484212 iterations 1
Cbc0038I Pass  35: suminf.    1.33661 (6) obj. 484212 iterations 15
Cbc0038I Pass  36: suminf.    1.33661 (6) obj. 484212 iterations 3
Cbc0038I Pass  37: suminf.    2.43707 (7) obj. 484212 iterations 9
Cbc0038I Pass  38: suminf.    2.23412 (7) obj. 484212 iterations 2
Cbc0038I Pass  39: suminf.    1.53957 (6) obj. 484212 iterations 13
Cbc0038I Pass  40: suminf.    2.24717 (8) obj. 484212 iterations 10
Cbc0038I Pass  41: suminf.    1.33661 (6) obj. 484212 iterations 4
Cbc0038I Pass  42: suminf.    2.33457 (6) obj. 484212 iterations 9
Cbc0038I Pass  43: suminf.    2.13162 (6) obj. 484212 iterations 2
Cbc0038I Pass  44: suminf.    1.53957 (6) obj. 484212 iterations 11
Cbc0038I Pass  45: suminf.    1.33661 (6) obj. 484212 iterations 2
Cbc0038I Pass  46: suminf.    2.43707 (7) obj. 484212 iterations 8
Cbc0038I Pass  47: suminf.    2.23412 (7) obj. 484212 iterations 2
Cbc0038I Pass  48: suminf.    1.53957 (6) obj. 484212 iterations 13
Cbc0038I Pass  49: suminf.    2.82504 (8) obj. 484212 iterations 9
Cbc0038I Pass  50: suminf.    1.98661 (7) obj. 484212 iterations 5
Cbc0038I Pass  51: suminf.    1.76664 (5) obj. 484212 iterations 16
Cbc0038I Pass  52: suminf.    1.33661 (5) obj. 484212 iterations 4
Cbc0038I Pass  53: suminf.    1.08037 (4) obj. 484212 iterations 8
Cbc0038I Pass  54: suminf.    1.56368 (5) obj. 484212 iterations 10
Cbc0038I Pass  55: suminf.    1.33661 (5) obj. 484212 iterations 2
Cbc0038I Pass  56: suminf.    1.76664 (5) obj. 484212 iterations 14
Cbc0038I Pass  57: suminf.    1.81137 (6) obj. 484212 iterations 3
Cbc0038I Pass  58: suminf.    1.38135 (6) obj. 484212 iterations 4
Cbc0038I Pass  59: suminf.    1.76664 (5) obj. 484212 iterations 13
Cbc0038I Pass  60: suminf.    1.33661 (5) obj. 484212 iterations 3
Cbc0038I Pass  61: suminf.    2.28536 (7) obj. 484212 iterations 11
Cbc0038I Pass  62: suminf.    2.28536 (7) obj. 484212 iterations 0
Cbc0038I No solution found this major pass
Cbc0038I Before mini branch and bound, 5 integers at bound fixed and 71 continuous
Cbc0038I Full problem 119 rows 167 columns, reduced to 28 rows 36 columns
Cbc0038I Mini branch and bound did not improve solution (0.05 seconds)
Cbc0038I After 0.05 seconds - Feasibility pump exiting with objective of 484370 - took 0.04 seconds
Cbc0012I Integer solution of 484369.8 found by feasibility pump after 0 iterations and 0 nodes (0.05 seconds)
Cbc0038I Full problem 119 rows 167 columns, reduced to 97 rows 145 columns - 4 fixed gives 88, 136 - still too large
Cbc0031I 18 added rows had average density of 19.833333
Cbc0013I At root node, 18 cuts changed objective from 483842.16 to 484326.47 in 100 passes
Cbc0014I Cut generator 0 (Probing) - 4 row cuts average 2.0 elements, 0 column cuts (0 active)  in 0.015 seconds - new frequency is -100
Cbc0014I Cut generator 1 (Gomory) - 371 row cuts average 28.2 elements, 0 column cuts (0 active)  in 0.015 seconds - new frequency is 1
Cbc0014I Cut generator 2 (Knapsack) - 0 row cuts average 0.0 elements, 0 column cuts (0 active)  in 0.017 seconds - new frequency is -100
Cbc0014I Cut generator 3 (Clique) - 0 row cuts average 0.0 elements, 0 column cuts (0 active)  in 0.000 seconds - new frequency is -100
Cbc0014I Cut generator 4 (MixedIntegerRounding2) - 7 row cuts average 5.1 elements, 0 column cuts (0 active)  in 0.013 seconds - new frequency is -100
Cbc0014I Cut generator 5 (FlowCover) - 1 row cuts average 5.0 elements, 0 column cuts (0 active)  in 0.014 seconds - new frequency is -100
Cbc0014I Cut generator 6 (TwoMirCuts) - 37 row cuts average 13.6 elements, 0 column cuts (0 active)  in 0.003 seconds - new frequency is -100
Cbc0010I After 0 nodes, 1 on tree, 484369.8 best solution, best possible 484326.49 (0.20 seconds)
Cbc0001I Search completed - best objective 484369.7998919651, took 1461 iterations and 6 nodes (0.21 seconds)
Cbc0032I Strong branching done 36 times (178 iterations), fathomed 1 nodes and fixed 10 variables
Cbc0035I Maximum depth 1, 0 variables fixed on reduced cost
Cuts at root node changed objective from 483842 to 484326
Probing was tried 100 times and created 4 cuts of which 0 were active after adding rounds of cuts (0.015 seconds)
Gomory was tried 110 times and created 385 cuts of which 0 were active after adding rounds of cuts (0.016 seconds)
Knapsack was tried 100 times and created 0 cuts of which 0 were active after adding rounds of cuts (0.017 seconds)
Clique was tried 100 times and created 0 cuts of which 0 were active after adding rounds of cuts (0.000 seconds)
MixedIntegerRounding2 was tried 100 times and created 7 cuts of which 0 were active after adding rounds of cuts (0.013 seconds)
FlowCover was tried 100 times and created 1 cuts of which 0 were active after adding rounds of cuts (0.014 seconds)
TwoMirCuts was tried 100 times and created 37 cuts of which 0 were active after adding rounds of cuts (0.003 seconds)
ZeroHalf was tried 1 times and created 0 cuts of which 0 were active after adding rounds of cuts (0.000 seconds)

Result - Optimal solution found

Objective value:                484369.79989197
Enumerated nodes:               6
Total iterations:               1461
Time (CPU seconds):             0.21
Time (Wallclock seconds):       0.21

Option for printingOptions changed from normal to all
Total time (CPU seconds):       0.24   (Wallclock seconds):       0.24

