Welcome to the CBC MILP Solver 
Version: 2.10.3 
Build Date: Dec 15 2019 

command line - E:\dachuang\.venv\Lib\site-packages\pulp\apis\../solverdir/cbc/win/i64/cbc.exe model.mps -primalTolerance 1e-9 -integerTolerance 1e-9 -ratioGap 0 -allowableGap 0 -threads 0 -branch -printingOptions all -solution solution.txt -saveSolution solution.bin -quit (default strategy 1)
At line 2 NAME          MODEL
At line 3 ROWS
At line 317 COLUMNS
At line 1133 RHS
At line 1446 BOUNDS
At line 1521 ENDATA
Problem MODEL has 312 rows, 241 columns and 647 elements
Coin0008I MODEL read with 0 errors
primalTolerance was changed from 1e-07 to 1e-09
integerTolerance was changed from 1e-07 to 1e-09
ratioGap was changed from 0 to 0
allowableGap was changed from 1e-10 to 0
Continuous objective value is 487038 - 0.00 seconds
Cgl0004I processed model has 117 rows, 165 columns (24 integer (24 of which binary)) and 352 elements
Cbc0038I Initial state - 8 integers unsatisfied sum - 2.77004
Cbc0038I Pass   1: suminf.    0.00000 (0) obj. 487360 iterations 20
Cbc0038I Solution found of 487360
Cbc0038I Relaxing continuous gives 487360
Cbc0038I Before mini branch and bound, 16 integers at bound fixed and 84 continuous
Cbc0038I Full problem 117 rows 165 columns, reduced to 8 rows 8 columns
Cbc0038I Mini branch and bound did not improve solution (0.01 seconds)
Cbc0038I Round again with cutoff of 487328
Cbc0038I Pass   2: suminf.    0.27700 (1) obj. 487328 iterations 2
Cbc0038I Solution found of 487328
Cbc0038I Relaxing continuous gives 487244
Cbc0038I Before mini branch and bound, 16 integers at bound fixed and 83 continuous
Cbc0038I Full problem 117 rows 165 columns, reduced to 8 rows 9 columns
Cbc0038I Mini branch and bound did not improve solution (0.01 seconds)
Cbc0038I Round again with cutoff of 487203
Cbc0038I Pass   3: suminf.    0.35401 (1) obj. 487203 iterations 4
Cbc0038I Pass   4: suminf.    0.35401 (1) obj. 487203 iterations 0
Cbc0038I Pass   5: suminf.    0.40657 (1) obj. 487203 iterations 5
Cbc0038I Pass   6: suminf.    0.00000 (0) obj. 487203 iterations 3
Cbc0038I Solution found of 487203
Cbc0038I Relaxing continuous gives 487200
Cbc0038I Before mini branch and bound, 16 integers at bound fixed and 77 continuous
Cbc0038I Full problem 117 rows 165 columns, reduced to 23 rows 33 columns
Cbc0038I Mini branch and bound improved solution from 487200 to 487150 (0.02 seconds)
Cbc0038I Round again with cutoff of 487117
Cbc0038I Pass   7: suminf.    0.79898 (2) obj. 487117 iterations 5
Cbc0038I Pass   8: suminf.    0.66221 (3) obj. 487117 iterations 6
Cbc0038I Pass   9: suminf.    0.92955 (3) obj. 487117 iterations 10
Cbc0038I Pass  10: suminf.    0.89917 (3) obj. 487117 iterations 3
Cbc0038I Pass  11: suminf.    0.92955 (3) obj. 487117 iterations 4
Cbc0038I Pass  12: suminf.    1.42451 (5) obj. 487117 iterations 17
Cbc0038I Pass  13: suminf.    1.09451 (4) obj. 487117 iterations 7
Cbc0038I Pass  14: suminf.    1.19292 (5) obj. 487117 iterations 12
Cbc0038I Pass  15: suminf.    1.12403 (4) obj. 487117 iterations 2
Cbc0038I Pass  16: suminf.    1.45055 (5) obj. 487117 iterations 9
Cbc0038I Pass  17: suminf.    1.32692 (5) obj. 487117 iterations 2
Cbc0038I Pass  18: suminf.    1.37817 (4) obj. 487117 iterations 8
Cbc0038I Pass  19: suminf.    1.37817 (4) obj. 487117 iterations 1
Cbc0038I Pass  20: suminf.    1.45055 (5) obj. 487117 iterations 4
Cbc0038I Pass  21: suminf.    1.39545 (5) obj. 487117 iterations 25
Cbc0038I Pass  22: suminf.    1.14745 (4) obj. 487117 iterations 1
Cbc0038I Pass  23: suminf.    1.26845 (4) obj. 487117 iterations 5
Cbc0038I Pass  24: suminf.    0.76363 (3) obj. 487117 iterations 5
Cbc0038I Pass  25: suminf.    0.66845 (3) obj. 487117 iterations 2
Cbc0038I Pass  26: suminf.    1.23855 (4) obj. 487117 iterations 15
Cbc0038I Pass  27: suminf.    1.00071 (4) obj. 487117 iterations 2
Cbc0038I Pass  28: suminf.    1.00167 (4) obj. 487117 iterations 9
Cbc0038I Pass  29: suminf.    1.00167 (4) obj. 487117 iterations 0
Cbc0038I Pass  30: suminf.    1.45055 (4) obj. 487117 iterations 5
Cbc0038I Pass  31: suminf.    1.65045 (6) obj. 487117 iterations 15
Cbc0038I Pass  32: suminf.    1.40245 (5) obj. 487117 iterations 1
Cbc0038I Pass  33: suminf.    0.69621 (4) obj. 487117 iterations 10
Cbc0038I Pass  34: suminf.    0.62731 (3) obj. 487117 iterations 1
Cbc0038I Pass  35: suminf.    0.97667 (3) obj. 487117 iterations 11
Cbc0038I Pass  36: suminf.    0.40245 (2) obj. 487117 iterations 6
Cbc0038I No solution found this major pass
Cbc0038I Before mini branch and bound, 5 integers at bound fixed and 69 continuous
Cbc0038I Full problem 117 rows 165 columns, reduced to 34 rows 46 columns
Cbc0038I Mini branch and bound improved solution from 487150 to 487139 (0.04 seconds)
Cbc0038I Freeing continuous variables gives a solution of 487139
Cbc0038I Round again with cutoff of 487093
Cbc0038I Pass  36: suminf.    0.91004 (3) obj. 487093 iterations 1
Cbc0038I Pass  37: suminf.    0.86958 (4) obj. 487093 iterations 6
Cbc0038I Pass  38: suminf.    1.30522 (5) obj. 487093 iterations 21
Cbc0038I Pass  39: suminf.    1.55147 (5) obj. 487093 iterations 13
Cbc0038I Pass  40: suminf.    1.10601 (4) obj. 487093 iterations 1
Cbc0038I Pass  41: suminf.    1.10601 (4) obj. 487093 iterations 3
Cbc0038I Pass  42: suminf.    1.30522 (5) obj. 487093 iterations 5
Cbc0038I Pass  43: suminf.    1.30522 (5) obj. 487093 iterations 0
Cbc0038I Pass  44: suminf.    1.55147 (5) obj. 487093 iterations 10
Cbc0038I Pass  45: suminf.    1.10601 (4) obj. 487093 iterations 1
Cbc0038I Pass  46: suminf.    1.10601 (4) obj. 487093 iterations 0
Cbc0038I Pass  47: suminf.    1.30522 (5) obj. 487093 iterations 5
Cbc0038I Pass  48: suminf.    1.30522 (5) obj. 487093 iterations 0
Cbc0038I Pass  49: suminf.    1.55147 (5) obj. 487093 iterations 10
Cbc0038I Pass  50: suminf.    1.10601 (4) obj. 487093 iterations 1
Cbc0038I Pass  51: suminf.    1.10601 (4) obj. 487093 iterations 0
Cbc0038I Pass  52: suminf.    1.30522 (5) obj. 487093 iterations 5
Cbc0038I Pass  53: suminf.    1.30522 (5) obj. 487093 iterations 0
Cbc0038I Pass  54: suminf.    1.55147 (5) obj. 487093 iterations 10
Cbc0038I Pass  55: suminf.    1.10601 (4) obj. 487093 iterations 1
Cbc0038I Pass  56: suminf.    1.10601 (4) obj. 487093 iterations 0
Cbc0038I Pass  57: suminf.    1.30522 (5) obj. 487093 iterations 5
Cbc0038I Pass  58: suminf.    1.30522 (5) obj. 487093 iterations 0
Cbc0038I Pass  59: suminf.    1.55147 (5) obj. 487093 iterations 10
Cbc0038I Pass  60: suminf.    1.10601 (4) obj. 487093 iterations 1
Cbc0038I Pass  61: suminf.    1.10601 (4) obj. 487093 iterations 0
Cbc0038I Pass  62: suminf.    1.30522 (5) obj. 487093 iterations 5
Cbc0038I Pass  63: suminf.    1.30522 (5) obj. 487093 iterations 0
Cbc0038I Pass  64: suminf.    1.55147 (5) obj. 487093 iterations 10
Cbc0038I Pass  65: suminf.    1.10601 (4) obj. 487093 iterations 1
Cbc0038I No solution found this major pass
Cbc0038I Before mini branch and bound, 15 integers at bound fixed and 77 continuous
Cbc0038I Full problem 117 rows 165 columns, reduced to 24 rows 32 columns
Cbc0038I Mini branch and bound did not improve solution (0.04 seconds)
Cbc0038I After 0.04 seconds - Feasibility pump exiting with objective of 487139 - took 0.04 seconds
Cbc0012I Integer solution of 487138.59 found by feasibility pump after 0 iterations and 0 nodes (0.04 seconds)
Cbc0038I Full problem 117 rows 165 columns, reduced to 78 rows 126 columns
Cbc0031I 12 added rows had average density of 16.083333
Cbc0013I At root node, 12 cuts changed objective from 487038.16 to 487133.34 in 49 passes
Cbc0014I Cut generator 0 (Probing) - 2 row cuts average 2.0 elements, 1 column cuts (1 active)  in 0.005 seconds - new frequency is -100
Cbc0014I Cut generator 1 (Gomory) - 135 row cuts average 23.1 elements, 0 column cuts (0 active)  in 0.006 seconds - new frequency is 1
Cbc0014I Cut generator 2 (Knapsack) - 0 row cuts average 0.0 elements, 0 column cuts (0 active)  in 0.008 seconds - new frequency is -100
Cbc0014I Cut generator 3 (Clique) - 0 row cuts average 0.0 elements, 0 column cuts (0 active)  in 0.001 seconds - new frequency is -100
Cbc0014I Cut generator 4 (MixedIntegerRounding2) - 5 row cuts average 5.6 elements, 0 column cuts (0 active)  in 0.008 seconds - new frequency is -100
Cbc0014I Cut generator 5 (FlowCover) - 0 row cuts average 0.0 elements, 0 column cuts (0 active)  in 0.007 seconds - new frequency is -100
Cbc0014I Cut generator 6 (TwoMirCuts) - 34 row cuts average 14.0 elements, 0 column cuts (0 active)  in 0.005 seconds - new frequency is -100
Cbc0010I After 0 nodes, 1 on tree, 487138.59 best solution, best possible 487133.35 (0.12 seconds)
Cbc0001I Search completed - best objective 487138.5872153707, took 335 iterations and 6 nodes (0.13 seconds)
Cbc0032I Strong branching done 30 times (93 iterations), fathomed 1 nodes and fixed 8 variables
Cbc0035I Maximum depth 1, 0 variables fixed on reduced cost
Cuts at root node changed objective from 487038 to 487133
Probing was tried 49 times and created 3 cuts of which 0 were active after adding rounds of cuts (0.005 seconds)
Gomory was tried 58 times and created 144 cuts of which 0 were active after adding rounds of cuts (0.007 seconds)
Knapsack was tried 49 times and created 0 cuts of which 0 were active after adding rounds of cuts (0.008 seconds)
Clique was tried 49 times and created 0 cuts of which 0 were active after adding rounds of cuts (0.001 seconds)
MixedIntegerRounding2 was tried 49 times and created 5 cuts of which 0 were active after adding rounds of cuts (0.008 seconds)
FlowCover was tried 49 times and created 0 cuts of which 0 were active after adding rounds of cuts (0.007 seconds)
TwoMirCuts was tried 49 times and created 34 cuts of which 0 were active after adding rounds of cuts (0.005 seconds)
ZeroHalf was tried 1 times and created 0 cuts of which 0 were active after adding rounds of cuts (0.000 seconds)

Result - Optimal solution found

Objective value:                487138.58721537
Enumerated nodes:               6
Total iterations:               335
Time (CPU seconds):             0.13
Time (Wallclock seconds):       0.13

Option for printingOptions changed from normal to all
Total time (CPU seconds):       0.16   (Wallclock seconds):       0.16

