Welcome to the CBC MILP Solver 
Version: 2.10.3 
Build Date: Dec 15 2019 

command line - E:\dachuang\.venv\Lib\site-packages\pulp\apis\../solverdir/cbc/win/i64/cbc.exe model.mps -primalTolerance 1e-9 -integerTolerance 1e-9 -ratioGap 0 -allowableGap 0 -threads 0 -branch -printingOptions all -solution solution.txt -saveSolution solution.bin -quit (default strategy 1)
At line 2 NAME          MODEL
At line 3 ROWS
At line 317 COLUMNS
At line 1133 RHS
At line 1446 BOUNDS
At line 1521 ENDATA
Problem MODEL has 312 rows, 241 columns and 647 elements
Coin0008I MODEL read with 0 errors
primalTolerance was changed from 1e-07 to 1e-09
integerTolerance was changed from 1e-07 to 1e-09
ratioGap was changed from 0 to 0
allowableGap was changed from 1e-10 to 0
Continuous objective value is 464520 - 0.00 seconds
Cgl0003I 0 fixed, 0 tightened bounds, 2 strengthened rows, 0 substitutions
Cgl0004I processed model has 119 rows, 167 columns (24 integer (24 of which binary)) and 356 elements
Cbc0038I Initial state - 11 integers unsatisfied sum - 4.28431
Cbc0038I Pass   1: suminf.    0.00000 (0) obj. 562781 iterations 20
Cbc0038I Solution found of 562781
Cbc0038I Relaxing continuous gives 472042
Cbc0038I Before mini branch and bound, 13 integers at bound fixed and 81 continuous
Cbc0038I Full problem 119 rows 167 columns, reduced to 12 rows 14 columns
Cbc0038I Mini branch and bound improved solution from 472042 to 466761 (0.02 seconds)
Cbc0038I Freeing continuous variables gives a solution of 466699
Cbc0038I Round again with cutoff of 466481
Cbc0038I Pass   2: suminf.    0.69101 (3) obj. 466481 iterations 16
Cbc0038I Pass   3: suminf.    0.00000 (0) obj. 466481 iterations 12
Cbc0038I Solution found of 466481
Cbc0038I Relaxing continuous gives 466118
Cbc0038I Before mini branch and bound, 13 integers at bound fixed and 80 continuous
Cbc0038I Full problem 119 rows 167 columns, reduced to 15 rows 20 columns
Cbc0038I Mini branch and bound did not improve solution (0.03 seconds)
Cbc0038I Freeing continuous variables gives a solution of 466081
Cbc0038I Round again with cutoff of 465769
Cbc0038I Pass   4: suminf.    0.91761 (4) obj. 465769 iterations 6
Cbc0038I Pass   5: suminf.    0.91761 (4) obj. 465769 iterations 0
Cbc0038I Pass   6: suminf.    0.53800 (2) obj. 465769 iterations 17
Cbc0038I Pass   7: suminf.    0.73299 (3) obj. 465769 iterations 10
Cbc0038I Pass   8: suminf.    0.73299 (3) obj. 465769 iterations 0
Cbc0038I Pass   9: suminf.    0.85299 (3) obj. 465769 iterations 1
Cbc0038I Pass  10: suminf.    0.85299 (3) obj. 465769 iterations 0
Cbc0038I Pass  11: suminf.    0.73299 (3) obj. 465769 iterations 3
Cbc0038I Pass  12: suminf.    1.91721 (6) obj. 465769 iterations 15
Cbc0038I Pass  13: suminf.    2.38019 (7) obj. 465769 iterations 12
Cbc0038I Pass  14: suminf.    1.72953 (6) obj. 465769 iterations 2
Cbc0038I Pass  15: suminf.    0.95401 (3) obj. 465769 iterations 13
Cbc0038I Pass  16: suminf.    0.95401 (3) obj. 465769 iterations 0
Cbc0038I Pass  17: suminf.    0.56961 (2) obj. 465769 iterations 8
Cbc0038I Pass  18: suminf.    0.56961 (2) obj. 465769 iterations 0
Cbc0038I Pass  19: suminf.    0.44961 (2) obj. 465769 iterations 4
Cbc0038I Pass  20: suminf.    0.44961 (2) obj. 465769 iterations 0
Cbc0038I Pass  21: suminf.    1.05271 (4) obj. 465769 iterations 7
Cbc0038I Pass  22: suminf.    0.56961 (2) obj. 465769 iterations 3
Cbc0038I Pass  23: suminf.    0.56961 (2) obj. 465769 iterations 0
Cbc0038I Pass  24: suminf.    0.44961 (2) obj. 465769 iterations 2
Cbc0038I Pass  25: suminf.    0.44961 (2) obj. 465769 iterations 0
Cbc0038I Pass  26: suminf.    1.11161 (4) obj. 465769 iterations 20
Cbc0038I Pass  27: suminf.    1.11161 (4) obj. 465769 iterations 1
Cbc0038I Pass  28: suminf.    0.95401 (3) obj. 465769 iterations 11
Cbc0038I Pass  29: suminf.    0.95401 (3) obj. 465769 iterations 0
Cbc0038I Pass  30: suminf.    0.85299 (3) obj. 465769 iterations 1
Cbc0038I Pass  31: suminf.    0.85299 (3) obj. 465769 iterations 0
Cbc0038I Pass  32: suminf.    0.95401 (3) obj. 465769 iterations 1
Cbc0038I Pass  33: suminf.    2.26894 (8) obj. 465769 iterations 31
Cbc0038I No solution found this major pass
Cbc0038I Before mini branch and bound, 2 integers at bound fixed and 67 continuous
Cbc0038I Full problem 119 rows 167 columns, reduced to 32 rows 45 columns
Cbc0038I Mini branch and bound improved solution from 466081 to 465557 (0.05 seconds)
Cbc0038I Round again with cutoff of 465246
Cbc0038I Pass  33: suminf.    1.80233 (6) obj. 465246 iterations 7
Cbc0038I Pass  34: suminf.    1.78598 (6) obj. 465246 iterations 4
Cbc0038I Pass  35: suminf.    1.57493 (4) obj. 465246 iterations 17
Cbc0038I Pass  36: suminf.    1.22665 (4) obj. 465246 iterations 2
Cbc0038I Pass  37: suminf.    1.57493 (4) obj. 465246 iterations 2
Cbc0038I Pass  38: suminf.    1.95875 (7) obj. 465246 iterations 8
Cbc0038I Pass  39: suminf.    1.58065 (7) obj. 465246 iterations 2
Cbc0038I Pass  40: suminf.    1.57493 (4) obj. 465246 iterations 9
Cbc0038I Pass  41: suminf.    1.22665 (4) obj. 465246 iterations 2
Cbc0038I Pass  42: suminf.    1.57493 (4) obj. 465246 iterations 2
Cbc0038I Pass  43: suminf.    1.80356 (5) obj. 465246 iterations 8
Cbc0038I Pass  44: suminf.    1.74465 (5) obj. 465246 iterations 2
Cbc0038I Pass  45: suminf.    1.22665 (4) obj. 465246 iterations 7
Cbc0038I Pass  46: suminf.    1.22665 (4) obj. 465246 iterations 0
Cbc0038I Pass  47: suminf.    1.57493 (4) obj. 465246 iterations 2
Cbc0038I Pass  48: suminf.    1.38667 (5) obj. 465246 iterations 13
Cbc0038I Pass  49: suminf.    1.38667 (5) obj. 465246 iterations 3
Cbc0038I Pass  50: suminf.    1.23767 (4) obj. 465246 iterations 3
Cbc0038I Pass  51: suminf.    1.23767 (4) obj. 465246 iterations 0
Cbc0038I Pass  52: suminf.    1.09087 (4) obj. 465246 iterations 1
Cbc0038I Pass  53: suminf.    1.09087 (4) obj. 465246 iterations 0
Cbc0038I Pass  54: suminf.    1.38667 (5) obj. 465246 iterations 4
Cbc0038I Pass  55: suminf.    1.38667 (5) obj. 465246 iterations 1
Cbc0038I Pass  56: suminf.    1.23767 (4) obj. 465246 iterations 3
Cbc0038I Pass  57: suminf.    1.23767 (4) obj. 465246 iterations 0
Cbc0038I Pass  58: suminf.    1.09087 (4) obj. 465246 iterations 1
Cbc0038I Pass  59: suminf.    1.09087 (4) obj. 465246 iterations 0
Cbc0038I Pass  60: suminf.    2.24520 (6) obj. 465246 iterations 19
Cbc0038I Pass  61: suminf.    2.24520 (6) obj. 465246 iterations 0
Cbc0038I Pass  62: suminf.    1.09087 (4) obj. 465246 iterations 14
Cbc0038I No solution found this major pass
Cbc0038I Before mini branch and bound, 4 integers at bound fixed and 69 continuous
Cbc0038I Full problem 119 rows 167 columns, reduced to 25 rows 36 columns
Cbc0038I Mini branch and bound did not improve solution (0.06 seconds)
Cbc0038I After 0.06 seconds - Feasibility pump exiting with objective of 465557 - took 0.05 seconds
Cbc0012I Integer solution of 465557.39 found by feasibility pump after 0 iterations and 0 nodes (0.06 seconds)
Cbc0038I Full problem 119 rows 167 columns, reduced to 84 rows 132 columns
Cbc0031I 19 added rows had average density of 17.263158
Cbc0013I At root node, 19 cuts changed objective from 464520.05 to 465556.98 in 11 passes
Cbc0014I Cut generator 0 (Probing) - 6 row cuts average 2.0 elements, 4 column cuts (4 active)  in 0.001 seconds - new frequency is 1
Cbc0014I Cut generator 1 (Gomory) - 54 row cuts average 24.3 elements, 0 column cuts (0 active)  in 0.002 seconds - new frequency is 1
Cbc0014I Cut generator 2 (Knapsack) - 0 row cuts average 0.0 elements, 0 column cuts (0 active)  in 0.003 seconds - new frequency is -100
Cbc0014I Cut generator 3 (Clique) - 0 row cuts average 0.0 elements, 0 column cuts (0 active)  in 0.000 seconds - new frequency is -100
Cbc0014I Cut generator 4 (MixedIntegerRounding2) - 6 row cuts average 6.7 elements, 0 column cuts (0 active)  in 0.001 seconds - new frequency is -100
Cbc0014I Cut generator 5 (FlowCover) - 0 row cuts average 0.0 elements, 0 column cuts (0 active)  in 0.000 seconds - new frequency is -100
Cbc0014I Cut generator 6 (TwoMirCuts) - 47 row cuts average 14.8 elements, 0 column cuts (0 active)  in 0.003 seconds - new frequency is -100
Cbc0001I Search completed - best objective 465557.3858815872, took 118 iterations and 0 nodes (0.08 seconds)
Cbc0032I Strong branching done 6 times (21 iterations), fathomed 1 nodes and fixed 0 variables
Cbc0035I Maximum depth 0, 0 variables fixed on reduced cost
Cuts at root node changed objective from 464520 to 465557
Probing was tried 11 times and created 10 cuts of which 0 were active after adding rounds of cuts (0.001 seconds)
Gomory was tried 11 times and created 54 cuts of which 0 were active after adding rounds of cuts (0.002 seconds)
Knapsack was tried 11 times and created 0 cuts of which 0 were active after adding rounds of cuts (0.003 seconds)
Clique was tried 11 times and created 0 cuts of which 0 were active after adding rounds of cuts (0.000 seconds)
MixedIntegerRounding2 was tried 11 times and created 6 cuts of which 0 were active after adding rounds of cuts (0.001 seconds)
FlowCover was tried 11 times and created 0 cuts of which 0 were active after adding rounds of cuts (0.000 seconds)
TwoMirCuts was tried 11 times and created 47 cuts of which 0 were active after adding rounds of cuts (0.003 seconds)
ZeroHalf was tried 1 times and created 0 cuts of which 0 were active after adding rounds of cuts (0.000 seconds)

Result - Optimal solution found

Objective value:                465557.38588159
Enumerated nodes:               0
Total iterations:               118
Time (CPU seconds):             0.09
Time (Wallclock seconds):       0.09

Option for printingOptions changed from normal to all
Total time (CPU seconds):       0.11   (Wallclock seconds):       0.11

