Welcome to the CBC MILP Solver 
Version: 2.10.3 
Build Date: Dec 15 2019 

command line - E:\dachuang\.venv\Lib\site-packages\pulp\apis\../solverdir/cbc/win/i64/cbc.exe model.mps -primalTolerance 1e-9 -integerTolerance 1e-9 -ratioGap 0 -allowableGap 0 -threads 0 -branch -printingOptions all -solution solution.txt -saveSolution solution.bin -quit (default strategy 1)
At line 2 NAME          MODEL
At line 3 ROWS
At line 317 COLUMNS
At line 1133 RHS
At line 1446 BOUNDS
At line 1521 ENDATA
Problem MODEL has 312 rows, 241 columns and 647 elements
Coin0008I MODEL read with 0 errors
primalTolerance was changed from 1e-07 to 1e-09
integerTolerance was changed from 1e-07 to 1e-09
ratioGap was changed from 0 to 0
allowableGap was changed from 1e-10 to 0
Continuous objective value is 509449 - 0.00 seconds
Cgl0003I 0 fixed, 0 tightened bounds, 3 strengthened rows, 0 substitutions
Cgl0004I processed model has 119 rows, 167 columns (24 integer (24 of which binary)) and 356 elements
Cbc0038I Initial state - 11 integers unsatisfied sum - 4.11107
Cbc0038I Pass   1: suminf.    0.00000 (0) obj. 510904 iterations 22
Cbc0038I Solution found of 510904
Cbc0038I Relaxing continuous gives 510904
Cbc0038I Before mini branch and bound, 13 integers at bound fixed and 83 continuous
Cbc0038I Full problem 119 rows 167 columns, reduced to 14 rows 15 columns
Cbc0038I Mini branch and bound improved solution from 510904 to 509641 (0.01 seconds)
Cbc0038I Round again with cutoff of 509622
Cbc0038I Pass   2: suminf.    0.58666 (2) obj. 509622 iterations 7
Cbc0038I Solution found of 509622
Cbc0038I Relaxing continuous gives 509583
Cbc0038I Before mini branch and bound, 12 integers at bound fixed and 82 continuous
Cbc0038I Full problem 119 rows 167 columns, reduced to 13 rows 15 columns
Cbc0038I Mini branch and bound did not improve solution (0.01 seconds)
Cbc0038I Round again with cutoff of 509557
Cbc0038I Pass   3: suminf.    0.70738 (3) obj. 509557 iterations 7
Cbc0038I Pass   4: suminf.    0.70738 (3) obj. 509557 iterations 0
Cbc0038I Pass   5: suminf.    0.15646 (1) obj. 509557 iterations 11
Cbc0038I Pass   6: suminf.    0.00000 (0) obj. 509557 iterations 3
Cbc0038I Solution found of 509557
Cbc0038I Relaxing continuous gives 509536
Cbc0038I Before mini branch and bound, 11 integers at bound fixed and 72 continuous
Cbc0038I Full problem 119 rows 167 columns, reduced to 31 rows 42 columns
Cbc0038I Mini branch and bound improved solution from 509536 to 509484 (0.02 seconds)
Cbc0038I Round again with cutoff of 509475
Cbc0038I Pass   7: suminf.    0.73046 (5) obj. 509475 iterations 8
Cbc0038I Pass   8: suminf.    0.70086 (4) obj. 509475 iterations 5
Cbc0038I Pass   9: suminf.    0.87752 (5) obj. 509475 iterations 11
Cbc0038I Pass  10: suminf.    0.87752 (5) obj. 509475 iterations 2
Cbc0038I Pass  11: suminf.    1.98002 (6) obj. 509475 iterations 12
Cbc0038I Pass  12: suminf.    1.98002 (6) obj. 509475 iterations 0
Cbc0038I Pass  13: suminf.    0.87752 (5) obj. 509475 iterations 12
Cbc0038I Pass  14: suminf.    0.87752 (5) obj. 509475 iterations 10
Cbc0038I Pass  15: suminf.    0.87752 (5) obj. 509475 iterations 0
Cbc0038I Pass  16: suminf.    1.98002 (6) obj. 509475 iterations 12
Cbc0038I Pass  17: suminf.    1.98002 (6) obj. 509475 iterations 0
Cbc0038I Pass  18: suminf.    0.87752 (5) obj. 509475 iterations 11
Cbc0038I Pass  19: suminf.    1.26830 (8) obj. 509475 iterations 26
Cbc0038I Pass  20: suminf.    1.26830 (7) obj. 509475 iterations 6
Cbc0038I Pass  21: suminf.    1.73166 (6) obj. 509475 iterations 13
Cbc0038I Pass  22: suminf.    1.73166 (6) obj. 509475 iterations 1
Cbc0038I Pass  23: suminf.    0.77294 (4) obj. 509475 iterations 10
Cbc0038I Pass  24: suminf.    0.14993 (2) obj. 509475 iterations 14
Cbc0038I Pass  25: suminf.    0.56794 (3) obj. 509475 iterations 2
Cbc0038I Pass  26: suminf.    1.46545 (6) obj. 509475 iterations 21
Cbc0038I Pass  27: suminf.    1.08908 (4) obj. 509475 iterations 3
Cbc0038I Pass  28: suminf.    1.08252 (4) obj. 509475 iterations 2
Cbc0038I Pass  29: suminf.    1.13377 (6) obj. 509475 iterations 6
Cbc0038I Pass  30: suminf.    1.13377 (6) obj. 509475 iterations 1
Cbc0038I Pass  31: suminf.    1.08252 (5) obj. 509475 iterations 10
Cbc0038I Pass  32: suminf.    1.08252 (5) obj. 509475 iterations 7
Cbc0038I Pass  33: suminf.    0.83416 (5) obj. 509475 iterations 9
Cbc0038I Pass  34: suminf.    0.83416 (5) obj. 509475 iterations 3
Cbc0038I Pass  35: suminf.    1.08252 (5) obj. 509475 iterations 9
Cbc0038I Pass  36: suminf.    2.16580 (9) obj. 509475 iterations 21
Cbc0038I No solution found this major pass
Cbc0038I Before mini branch and bound, 5 integers at bound fixed and 63 continuous
Cbc0038I Full problem 119 rows 167 columns, reduced to 34 rows 46 columns
Cbc0038I Mini branch and bound did not improve solution (0.04 seconds)
Cbc0038I After 0.04 seconds - Feasibility pump exiting with objective of 509484 - took 0.03 seconds
Cbc0012I Integer solution of 509483.95 found by feasibility pump after 0 iterations and 0 nodes (0.04 seconds)
Cbc0038I Full problem 119 rows 167 columns, reduced to 89 rows 136 columns - 2 fixed gives 84, 131 - ok now
Cbc0038I Full problem 119 rows 167 columns, reduced to 84 rows 131 columns
Cbc0031I 17 added rows had average density of 22.470588
Cbc0013I At root node, 17 cuts changed objective from 509454.95 to 509472.68 in 100 passes
Cbc0014I Cut generator 0 (Probing) - 2 row cuts average 9.5 elements, 1 column cuts (1 active)  in 0.015 seconds - new frequency is -100
Cbc0014I Cut generator 1 (Gomory) - 635 row cuts average 24.6 elements, 0 column cuts (0 active)  in 0.018 seconds - new frequency is 1
Cbc0014I Cut generator 2 (Knapsack) - 0 row cuts average 0.0 elements, 0 column cuts (0 active)  in 0.035 seconds - new frequency is -100
Cbc0014I Cut generator 3 (Clique) - 0 row cuts average 0.0 elements, 0 column cuts (0 active)  in 0.000 seconds - new frequency is -100
Cbc0014I Cut generator 4 (MixedIntegerRounding2) - 23 row cuts average 11.3 elements, 0 column cuts (0 active)  in 0.013 seconds - new frequency is -100
Cbc0014I Cut generator 5 (FlowCover) - 1 row cuts average 5.0 elements, 0 column cuts (0 active)  in 0.024 seconds - new frequency is -100
Cbc0014I Cut generator 6 (TwoMirCuts) - 51 row cuts average 10.0 elements, 0 column cuts (0 active)  in 0.011 seconds - new frequency is -100
Cbc0010I After 0 nodes, 1 on tree, 509483.95 best solution, best possible 509472.68 (0.28 seconds)
Cbc0001I Search completed - best objective 509483.9529085872, took 2568 iterations and 16 nodes (0.33 seconds)
Cbc0032I Strong branching done 108 times (512 iterations), fathomed 8 nodes and fixed 9 variables
Cbc0035I Maximum depth 3, 1 variables fixed on reduced cost
Cuts at root node changed objective from 509455 to 509473
Probing was tried 100 times and created 3 cuts of which 0 were active after adding rounds of cuts (0.015 seconds)
Gomory was tried 152 times and created 707 cuts of which 0 were active after adding rounds of cuts (0.021 seconds)
Knapsack was tried 100 times and created 0 cuts of which 0 were active after adding rounds of cuts (0.035 seconds)
Clique was tried 100 times and created 0 cuts of which 0 were active after adding rounds of cuts (0.000 seconds)
MixedIntegerRounding2 was tried 100 times and created 23 cuts of which 0 were active after adding rounds of cuts (0.013 seconds)
FlowCover was tried 100 times and created 1 cuts of which 0 were active after adding rounds of cuts (0.024 seconds)
TwoMirCuts was tried 100 times and created 51 cuts of which 0 were active after adding rounds of cuts (0.011 seconds)
ZeroHalf was tried 1 times and created 0 cuts of which 0 were active after adding rounds of cuts (0.000 seconds)

Result - Optimal solution found

Objective value:                509483.95290859
Enumerated nodes:               16
Total iterations:               2568
Time (CPU seconds):             0.33
Time (Wallclock seconds):       0.34

Option for printingOptions changed from normal to all
Total time (CPU seconds):       0.35   (Wallclock seconds):       0.36

