Welcome to the CBC MILP Solver 
Version: 2.10.3 
Build Date: Dec 15 2019 

command line - E:\dachuang\.venv\Lib\site-packages\pulp\apis\../solverdir/cbc/win/i64/cbc.exe model.mps -primalTolerance 1e-9 -integerTolerance 1e-9 -ratioGap 0 -allowableGap 0 -threads 0 -branch -printingOptions all -solution solution.txt -saveSolution solution.bin -quit (default strategy 1)
At line 2 NAME          MODEL
At line 3 ROWS
At line 317 COLUMNS
At line 1133 RHS
At line 1446 BOUNDS
At line 1521 ENDATA
Problem MODEL has 312 rows, 241 columns and 647 elements
Coin0008I MODEL read with 0 errors
primalTolerance was changed from 1e-07 to 1e-09
integerTolerance was changed from 1e-07 to 1e-09
ratioGap was changed from 0 to 0
allowableGap was changed from 1e-10 to 0
Continuous objective value is 459825 - 0.00 seconds
Cgl0003I 0 fixed, 0 tightened bounds, 3 strengthened rows, 0 substitutions
Cgl0004I processed model has 119 rows, 167 columns (24 integer (24 of which binary)) and 356 elements
Cbc0038I Initial state - 15 integers unsatisfied sum - 5.86233
Cbc0038I Pass   1: suminf.    0.00000 (0) obj. 500082 iterations 22
Cbc0038I Solution found of 500082
Cbc0038I Relaxing continuous gives 464377
Cbc0038I Before mini branch and bound, 9 integers at bound fixed and 78 continuous
Cbc0038I Full problem 119 rows 167 columns, reduced to 15 rows 17 columns
Cbc0038I Mini branch and bound improved solution from 464377 to 462342 (0.01 seconds)
Cbc0038I Round again with cutoff of 462090
Cbc0038I Pass   2: suminf.    0.55037 (2) obj. 462090 iterations 6
Cbc0038I Pass   3: suminf.    0.08284 (1) obj. 462090 iterations 6
Cbc0038I Solution found of 462090
Cbc0038I Relaxing continuous gives 461878
Cbc0038I Before mini branch and bound, 9 integers at bound fixed and 76 continuous
Cbc0038I Full problem 119 rows 167 columns, reduced to 17 rows 21 columns
Cbc0038I Mini branch and bound improved solution from 461878 to 461878 (0.02 seconds)
Cbc0038I Freeing continuous variables gives a solution of 461736
Cbc0038I Round again with cutoff of 461354
Cbc0038I Pass   4: suminf.    0.95138 (4) obj. 461354 iterations 9
Cbc0038I Pass   5: suminf.    0.94806 (4) obj. 461354 iterations 2
Cbc0038I Pass   6: suminf.    1.30156 (5) obj. 461354 iterations 9
Cbc0038I Pass   7: suminf.    0.78631 (3) obj. 461354 iterations 7
Cbc0038I Pass   8: suminf.    0.72230 (3) obj. 461354 iterations 1
Cbc0038I Pass   9: suminf.    1.87819 (7) obj. 461354 iterations 14
Cbc0038I Pass  10: suminf.    1.94706 (7) obj. 461354 iterations 11
Cbc0038I Pass  11: suminf.    1.94706 (7) obj. 461354 iterations 0
Cbc0038I Pass  12: suminf.    1.62244 (5) obj. 461354 iterations 5
Cbc0038I Pass  13: suminf.    1.62244 (5) obj. 461354 iterations 3
Cbc0038I Pass  14: suminf.    1.71494 (5) obj. 461354 iterations 1
Cbc0038I Pass  15: suminf.    1.71494 (5) obj. 461354 iterations 0
Cbc0038I Pass  16: suminf.    1.62244 (5) obj. 461354 iterations 1
Cbc0038I Pass  17: suminf.    1.16155 (6) obj. 461354 iterations 14
Cbc0038I Pass  18: suminf.    1.16155 (6) obj. 461354 iterations 3
Cbc0038I Pass  19: suminf.    0.97805 (5) obj. 461354 iterations 5
Cbc0038I Pass  20: suminf.    0.97805 (5) obj. 461354 iterations 0
Cbc0038I Pass  21: suminf.    1.16155 (5) obj. 461354 iterations 1
Cbc0038I Pass  22: suminf.    1.16155 (5) obj. 461354 iterations 0
Cbc0038I Pass  23: suminf.    0.97805 (5) obj. 461354 iterations 1
Cbc0038I Pass  24: suminf.    1.15805 (6) obj. 461354 iterations 3
Cbc0038I Pass  25: suminf.    1.15805 (6) obj. 461354 iterations 0
Cbc0038I Pass  26: suminf.    1.16155 (5) obj. 461354 iterations 2
Cbc0038I Pass  27: suminf.    1.16155 (5) obj. 461354 iterations 0
Cbc0038I Pass  28: suminf.    0.97805 (5) obj. 461354 iterations 1
Cbc0038I Pass  29: suminf.    0.97805 (5) obj. 461354 iterations 0
Cbc0038I Pass  30: suminf.    2.49256 (7) obj. 461354 iterations 23
Cbc0038I Pass  31: suminf.    2.00881 (6) obj. 461354 iterations 1
Cbc0038I Pass  32: suminf.    1.43219 (6) obj. 461354 iterations 9
Cbc0038I Pass  33: suminf.    1.43219 (6) obj. 461354 iterations 3
Cbc0038I No solution found this major pass
Cbc0038I Before mini branch and bound, 4 integers at bound fixed and 69 continuous
Cbc0038I Full problem 119 rows 167 columns, reduced to 32 rows 42 columns
Cbc0038I Mini branch and bound improved solution from 461736 to 461428 (0.04 seconds)
Cbc0038I Round again with cutoff of 460895
Cbc0038I Pass  33: suminf.    2.04269 (8) obj. 460895 iterations 5
Cbc0038I Pass  34: suminf.    2.04269 (7) obj. 460895 iterations 5
Cbc0038I Pass  35: suminf.    1.87768 (6) obj. 460895 iterations 7
Cbc0038I Pass  36: suminf.    1.76569 (6) obj. 460895 iterations 1
Cbc0038I Pass  37: suminf.    1.81694 (7) obj. 460895 iterations 7
Cbc0038I Pass  38: suminf.    1.81694 (7) obj. 460895 iterations 0
Cbc0038I Pass  39: suminf.    1.88767 (7) obj. 460895 iterations 3
Cbc0038I Pass  40: suminf.    1.81694 (7) obj. 460895 iterations 2
Cbc0038I Pass  41: suminf.    1.81694 (7) obj. 460895 iterations 3
Cbc0038I Pass  42: suminf.    2.31358 (10) obj. 460895 iterations 17
Cbc0038I Pass  43: suminf.    2.31358 (9) obj. 460895 iterations 3
Cbc0038I Pass  44: suminf.    2.55270 (8) obj. 460895 iterations 10
Cbc0038I Pass  45: suminf.    2.55270 (8) obj. 460895 iterations 3
Cbc0038I Pass  46: suminf.    2.29370 (8) obj. 460895 iterations 8
Cbc0038I Pass  47: suminf.    2.29370 (8) obj. 460895 iterations 3
Cbc0038I Pass  48: suminf.    2.49969 (9) obj. 460895 iterations 16
Cbc0038I Pass  49: suminf.    2.66631 (7) obj. 460895 iterations 8
Cbc0038I Pass  50: suminf.    2.27107 (7) obj. 460895 iterations 1
Cbc0038I Pass  51: suminf.    2.71493 (8) obj. 460895 iterations 3
Cbc0038I Pass  52: suminf.    2.31969 (8) obj. 460895 iterations 1
Cbc0038I Pass  53: suminf.    2.76569 (10) obj. 460895 iterations 9
Cbc0038I Pass  54: suminf.    2.65519 (9) obj. 460895 iterations 5
Cbc0038I Pass  55: suminf.    2.65519 (9) obj. 460895 iterations 3
Cbc0038I Pass  56: suminf.    2.76569 (10) obj. 460895 iterations 5
Cbc0038I Pass  57: suminf.    2.76569 (10) obj. 460895 iterations 0
Cbc0038I Pass  58: suminf.    2.78558 (11) obj. 460895 iterations 6
Cbc0038I Pass  59: suminf.    2.78558 (11) obj. 460895 iterations 3
Cbc0038I Pass  60: suminf.    2.65519 (9) obj. 460895 iterations 6
Cbc0038I Pass  61: suminf.    2.65519 (9) obj. 460895 iterations 3
Cbc0038I Pass  62: suminf.    2.76569 (10) obj. 460895 iterations 5
Cbc0038I No solution found this major pass
Cbc0038I Before mini branch and bound, 2 integers at bound fixed and 68 continuous
Cbc0038I Full problem 119 rows 167 columns, reduced to 24 rows 32 columns
Cbc0038I Mini branch and bound did not improve solution (0.05 seconds)
Cbc0038I After 0.05 seconds - Feasibility pump exiting with objective of 461428 - took 0.04 seconds
Cbc0012I Integer solution of 461428.03 found by feasibility pump after 0 iterations and 0 nodes (0.05 seconds)
Cbc0038I Full problem 119 rows 167 columns, reduced to 94 rows 142 columns - 4 fixed gives 83, 131 - ok now
Cbc0038I Full problem 119 rows 167 columns, reduced to 83 rows 131 columns
Cbc0031I 15 added rows had average density of 7.4666667
Cbc0013I At root node, 15 cuts changed objective from 459825.26 to 461421.84 in 16 passes
Cbc0014I Cut generator 0 (Probing) - 7 row cuts average 2.9 elements, 9 column cuts (9 active)  in 0.000 seconds - new frequency is 1
Cbc0014I Cut generator 1 (Gomory) - 41 row cuts average 17.1 elements, 0 column cuts (0 active)  in 0.003 seconds - new frequency is 1
Cbc0014I Cut generator 2 (Knapsack) - 0 row cuts average 0.0 elements, 0 column cuts (0 active)  in 0.002 seconds - new frequency is -100
Cbc0014I Cut generator 3 (Clique) - 0 row cuts average 0.0 elements, 0 column cuts (0 active)  in 0.000 seconds - new frequency is -100
Cbc0014I Cut generator 4 (MixedIntegerRounding2) - 9 row cuts average 4.6 elements, 0 column cuts (0 active)  in 0.003 seconds - new frequency is 1
Cbc0014I Cut generator 5 (FlowCover) - 0 row cuts average 0.0 elements, 0 column cuts (0 active)  in 0.005 seconds - new frequency is -100
Cbc0014I Cut generator 6 (TwoMirCuts) - 28 row cuts average 9.9 elements, 0 column cuts (0 active)  in 0.001 seconds - new frequency is -100
Cbc0001I Search completed - best objective 461428.0297500064, took 96 iterations and 0 nodes (0.08 seconds)
Cbc0032I Strong branching done 4 times (22 iterations), fathomed 1 nodes and fixed 0 variables
Cbc0035I Maximum depth 0, 0 variables fixed on reduced cost
Cuts at root node changed objective from 459825 to 461509
Probing was tried 16 times and created 16 cuts of which 0 were active after adding rounds of cuts (0.000 seconds)
Gomory was tried 16 times and created 41 cuts of which 0 were active after adding rounds of cuts (0.003 seconds)
Knapsack was tried 16 times and created 0 cuts of which 0 were active after adding rounds of cuts (0.002 seconds)
Clique was tried 16 times and created 0 cuts of which 0 were active after adding rounds of cuts (0.000 seconds)
MixedIntegerRounding2 was tried 16 times and created 9 cuts of which 0 were active after adding rounds of cuts (0.003 seconds)
FlowCover was tried 16 times and created 0 cuts of which 0 were active after adding rounds of cuts (0.005 seconds)
TwoMirCuts was tried 16 times and created 28 cuts of which 0 were active after adding rounds of cuts (0.001 seconds)
ZeroHalf was tried 1 times and created 0 cuts of which 0 were active after adding rounds of cuts (0.000 seconds)

Result - Optimal solution found

Objective value:                461428.02975001
Enumerated nodes:               0
Total iterations:               96
Time (CPU seconds):             0.08
Time (Wallclock seconds):       0.08

Option for printingOptions changed from normal to all
Total time (CPU seconds):       0.10   (Wallclock seconds):       0.10

