Welcome to the CBC MILP Solver 
Version: 2.10.3 
Build Date: Dec 15 2019 

command line - E:\dachuang\.venv\Lib\site-packages\pulp\apis\../solverdir/cbc/win/i64/cbc.exe model.mps -primalTolerance 1e-9 -integerTolerance 1e-9 -ratioGap 0 -allowableGap 0 -threads 0 -branch -printingOptions all -solution solution.txt -saveSolution solution.bin -quit (default strategy 1)
At line 2 NAME          MODEL
At line 3 ROWS
At line 317 COLUMNS
At line 1133 RHS
At line 1446 BOUNDS
At line 1521 ENDATA
Problem MODEL has 312 rows, 241 columns and 647 elements
Coin0008I MODEL read with 0 errors
primalTolerance was changed from 1e-07 to 1e-09
integerTolerance was changed from 1e-07 to 1e-09
ratioGap was changed from 0 to 0
allowableGap was changed from 1e-10 to 0
Continuous objective value is 472956 - 0.00 seconds
Cgl0004I processed model has 113 rows, 161 columns (24 integer (24 of which binary)) and 344 elements
Cbc0038I Initial state - 6 integers unsatisfied sum - 1.11998
Cbc0038I Pass   1: suminf.    0.00000 (0) obj. 473073 iterations 28
Cbc0038I Solution found of 473073
Cbc0038I Relaxing continuous gives 473073
Cbc0038I Before mini branch and bound, 18 integers at bound fixed and 86 continuous
Cbc0038I Full problem 113 rows 161 columns, reduced to 2 rows 3 columns
Cbc0038I Mini branch and bound did not improve solution (0.01 seconds)
Cbc0038I Round again with cutoff of 473061
Cbc0038I Pass   2: suminf.    0.11200 (1) obj. 473061 iterations 1
Cbc0038I Pass   3: suminf.    0.18000 (1) obj. 473061 iterations 6
Cbc0038I Pass   4: suminf.    1.11200 (3) obj. 473061 iterations 8
Cbc0038I Pass   5: suminf.    1.11200 (3) obj. 473061 iterations 0
Cbc0038I Pass   6: suminf.    0.71200 (2) obj. 473061 iterations 3
Cbc0038I Pass   7: suminf.    0.71200 (2) obj. 473061 iterations 0
Cbc0038I Pass   8: suminf.    0.18000 (1) obj. 473061 iterations 4
Cbc0038I Pass   9: suminf.    0.11200 (1) obj. 473061 iterations 1
Cbc0038I Pass  10: suminf.    1.91200 (8) obj. 473061 iterations 14
Cbc0038I Pass  11: suminf.    1.91200 (8) obj. 473061 iterations 1
Cbc0038I Pass  12: suminf.    1.48200 (5) obj. 473061 iterations 5
Cbc0038I Pass  13: suminf.    1.48200 (5) obj. 473061 iterations 0
Cbc0038I Pass  14: suminf.    1.11200 (5) obj. 473061 iterations 1
Cbc0038I Pass  15: suminf.    1.11200 (5) obj. 473061 iterations 0
Cbc0038I Pass  16: suminf.    1.71900 (7) obj. 473061 iterations 8
Cbc0038I Pass  17: suminf.    1.11200 (5) obj. 473061 iterations 4
Cbc0038I Pass  18: suminf.    1.48200 (5) obj. 473061 iterations 2
Cbc0038I Pass  19: suminf.    1.48200 (5) obj. 473061 iterations 0
Cbc0038I Pass  20: suminf.    1.11200 (5) obj. 473061 iterations 1
Cbc0038I Pass  21: suminf.    1.63700 (6) obj. 473061 iterations 8
Cbc0038I Pass  22: suminf.    1.11200 (5) obj. 473061 iterations 7
Cbc0038I Pass  23: suminf.    1.48200 (5) obj. 473061 iterations 5
Cbc0038I Pass  24: suminf.    1.48200 (5) obj. 473061 iterations 0
Cbc0038I Pass  25: suminf.    1.11200 (5) obj. 473061 iterations 1
Cbc0038I Pass  26: suminf.    1.39400 (7) obj. 473061 iterations 9
Cbc0038I Pass  27: suminf.    1.11200 (5) obj. 473061 iterations 4
Cbc0038I Pass  28: suminf.    1.48200 (5) obj. 473061 iterations 5
Cbc0038I Pass  29: suminf.    1.48200 (5) obj. 473061 iterations 0
Cbc0038I Pass  30: suminf.    1.11200 (5) obj. 473061 iterations 1
Cbc0038I Pass  31: suminf.    1.04300 (5) obj. 473061 iterations 15
Cbc0038I No solution found this major pass
Cbc0038I Before mini branch and bound, 7 integers at bound fixed and 72 continuous
Cbc0038I Full problem 113 rows 161 columns, reduced to 14 rows 22 columns
Cbc0038I Mini branch and bound improved solution from 473073 to 473031 (0.02 seconds)
Cbc0038I Round again with cutoff of 473016
Cbc0038I Pass  31: suminf.    0.54400 (2) obj. 473016 iterations 2
Cbc0038I Pass  32: suminf.    0.78800 (2) obj. 473016 iterations 4
Cbc0038I Pass  33: suminf.    1.54400 (6) obj. 473016 iterations 14
Cbc0038I Pass  34: suminf.    1.54400 (6) obj. 473016 iterations 4
Cbc0038I Pass  35: suminf.    1.64800 (5) obj. 473016 iterations 9
Cbc0038I Pass  36: suminf.    1.64800 (5) obj. 473016 iterations 0
Cbc0038I Pass  37: suminf.    1.02300 (3) obj. 473016 iterations 6
Cbc0038I Pass  38: suminf.    1.02300 (3) obj. 473016 iterations 0
Cbc0038I Pass  39: suminf.    0.78800 (2) obj. 473016 iterations 3
Cbc0038I Pass  40: suminf.    0.54400 (2) obj. 473016 iterations 1
Cbc0038I Pass  41: suminf.    0.78500 (3) obj. 473016 iterations 3
Cbc0038I Pass  42: suminf.    0.78800 (2) obj. 473016 iterations 4
Cbc0038I Pass  43: suminf.    0.54400 (2) obj. 473016 iterations 1
Cbc0038I Pass  44: suminf.    0.54400 (2) obj. 473016 iterations 0
Cbc0038I Pass  45: suminf.    1.54400 (6) obj. 473016 iterations 19
Cbc0038I Pass  46: suminf.    1.54400 (6) obj. 473016 iterations 1
Cbc0038I Pass  47: suminf.    1.64800 (5) obj. 473016 iterations 10
Cbc0038I Pass  48: suminf.    1.64800 (5) obj. 473016 iterations 0
Cbc0038I Pass  49: suminf.    1.02300 (3) obj. 473016 iterations 6
Cbc0038I Pass  50: suminf.    1.02300 (3) obj. 473016 iterations 0
Cbc0038I Pass  51: suminf.    0.78800 (2) obj. 473016 iterations 3
Cbc0038I Pass  52: suminf.    0.54400 (2) obj. 473016 iterations 1
Cbc0038I Pass  53: suminf.    1.74400 (7) obj. 473016 iterations 15
Cbc0038I Pass  54: suminf.    1.54400 (6) obj. 473016 iterations 4
Cbc0038I Pass  55: suminf.    1.64800 (5) obj. 473016 iterations 10
Cbc0038I Pass  56: suminf.    1.64800 (5) obj. 473016 iterations 0
Cbc0038I Pass  57: suminf.    1.02300 (3) obj. 473016 iterations 6
Cbc0038I Pass  58: suminf.    1.02300 (3) obj. 473016 iterations 0
Cbc0038I Pass  59: suminf.    0.78800 (2) obj. 473016 iterations 3
Cbc0038I Pass  60: suminf.    0.54400 (2) obj. 473016 iterations 1
Cbc0038I No solution found this major pass
Cbc0038I Before mini branch and bound, 9 integers at bound fixed and 74 continuous
Cbc0038I Full problem 113 rows 161 columns, reduced to 16 rows 24 columns
Cbc0038I Mini branch and bound did not improve solution (0.03 seconds)
Cbc0038I After 0.03 seconds - Feasibility pump exiting with objective of 473031 - took 0.02 seconds
Cbc0012I Integer solution of 473031.19 found by feasibility pump after 0 iterations and 0 nodes (0.03 seconds)
Cbc0038I Full problem 113 rows 161 columns, reduced to 68 rows 116 columns
Cbc0031I 10 added rows had average density of 19.9
Cbc0013I At root node, 10 cuts changed objective from 472955.77 to 473022.4 in 11 passes
Cbc0014I Cut generator 0 (Probing) - 2 row cuts average 2.0 elements, 11 column cuts (11 active)  in 0.001 seconds - new frequency is 1
Cbc0014I Cut generator 1 (Gomory) - 18 row cuts average 29.7 elements, 0 column cuts (0 active)  in 0.001 seconds - new frequency is 1
Cbc0014I Cut generator 2 (Knapsack) - 0 row cuts average 0.0 elements, 0 column cuts (0 active)  in 0.002 seconds - new frequency is -100
Cbc0014I Cut generator 3 (Clique) - 0 row cuts average 0.0 elements, 0 column cuts (0 active)  in 0.000 seconds - new frequency is -100
Cbc0014I Cut generator 4 (MixedIntegerRounding2) - 5 row cuts average 4.4 elements, 0 column cuts (0 active)  in 0.003 seconds - new frequency is 1
Cbc0014I Cut generator 5 (FlowCover) - 0 row cuts average 0.0 elements, 0 column cuts (0 active)  in 0.002 seconds - new frequency is -100
Cbc0014I Cut generator 6 (TwoMirCuts) - 14 row cuts average 18.4 elements, 0 column cuts (0 active)  in 0.001 seconds - new frequency is -100
Cbc0001I Search completed - best objective 473031.1882499995, took 58 iterations and 0 nodes (0.05 seconds)
Cbc0032I Strong branching done 6 times (31 iterations), fathomed 1 nodes and fixed 0 variables
Cbc0035I Maximum depth 0, 0 variables fixed on reduced cost
Cuts at root node changed objective from 472956 to 473033
Probing was tried 11 times and created 13 cuts of which 0 were active after adding rounds of cuts (0.001 seconds)
Gomory was tried 11 times and created 18 cuts of which 0 were active after adding rounds of cuts (0.001 seconds)
Knapsack was tried 11 times and created 0 cuts of which 0 were active after adding rounds of cuts (0.002 seconds)
Clique was tried 11 times and created 0 cuts of which 0 were active after adding rounds of cuts (0.000 seconds)
MixedIntegerRounding2 was tried 11 times and created 5 cuts of which 0 were active after adding rounds of cuts (0.003 seconds)
FlowCover was tried 11 times and created 0 cuts of which 0 were active after adding rounds of cuts (0.002 seconds)
TwoMirCuts was tried 11 times and created 14 cuts of which 0 were active after adding rounds of cuts (0.001 seconds)
ZeroHalf was tried 1 times and created 0 cuts of which 0 were active after adding rounds of cuts (0.000 seconds)

Result - Optimal solution found

Objective value:                473031.18825000
Enumerated nodes:               0
Total iterations:               58
Time (CPU seconds):             0.06
Time (Wallclock seconds):       0.06

Option for printingOptions changed from normal to all
Total time (CPU seconds):       0.08   (Wallclock seconds):       0.08

