Welcome to the CBC MILP Solver 
Version: 2.10.3 
Build Date: Dec 15 2019 

command line - E:\dachuang\.venv\Lib\site-packages\pulp\apis\../solverdir/cbc/win/i64/cbc.exe model.mps -primalTolerance 1e-9 -integerTolerance 1e-9 -ratioGap 0 -allowableGap 0 -threads 0 -branch -printingOptions all -solution solution.txt -saveSolution solution.bin -quit (default strategy 1)
At line 2 NAME          MODEL
At line 3 ROWS
At line 317 COLUMNS
At line 1133 RHS
At line 1446 BOUNDS
At line 1521 ENDATA
Problem MODEL has 312 rows, 241 columns and 647 elements
Coin0008I MODEL read with 0 errors
primalTolerance was changed from 1e-07 to 1e-09
integerTolerance was changed from 1e-07 to 1e-09
ratioGap was changed from 0 to 0
allowableGap was changed from 1e-10 to 0
Continuous objective value is 498942 - 0.00 seconds
Cgl0003I 0 fixed, 0 tightened bounds, 3 strengthened rows, 0 substitutions
Cgl0004I processed model has 119 rows, 167 columns (24 integer (24 of which binary)) and 356 elements
Cbc0038I Initial state - 13 integers unsatisfied sum - 4.88036
Cbc0038I Pass   1: suminf.    0.00000 (0) obj. 499788 iterations 21
Cbc0038I Solution found of 499788
Cbc0038I Relaxing continuous gives 499788
Cbc0038I Before mini branch and bound, 11 integers at bound fixed and 86 continuous
Cbc0038I Full problem 119 rows 167 columns, reduced to 13 rows 14 columns
Cbc0038I Mini branch and bound did not improve solution (0.01 seconds)
Cbc0038I Round again with cutoff of 499708
Cbc0038I Pass   2: suminf.    0.46385 (1) obj. 499708 iterations 6
Cbc0038I Solution found of 499708
Cbc0038I Relaxing continuous gives 499614
Cbc0038I Before mini branch and bound, 11 integers at bound fixed and 85 continuous
Cbc0038I Full problem 119 rows 167 columns, reduced to 13 rows 15 columns
Cbc0038I Mini branch and bound did not improve solution (0.01 seconds)
Cbc0038I Round again with cutoff of 499487
Cbc0038I Pass   3: suminf.    0.72769 (2) obj. 499487 iterations 6
Cbc0038I Pass   4: suminf.    0.72769 (2) obj. 499487 iterations 0
Cbc0038I Pass   5: suminf.    0.52343 (2) obj. 499487 iterations 12
Cbc0038I Pass   6: suminf.    0.62093 (2) obj. 499487 iterations 5
Cbc0038I Pass   7: suminf.    0.74838 (2) obj. 499487 iterations 14
Cbc0038I Pass   8: suminf.    0.68386 (2) obj. 499487 iterations 3
Cbc0038I Pass   9: suminf.    0.62807 (4) obj. 499487 iterations 16
Cbc0038I Pass  10: suminf.    0.59566 (3) obj. 499487 iterations 1
Cbc0038I Pass  11: suminf.    0.32938 (2) obj. 499487 iterations 11
Cbc0038I Pass  12: suminf.    0.27062 (1) obj. 499487 iterations 2
Cbc0038I Pass  13: suminf.    0.32938 (1) obj. 499487 iterations 1
Cbc0038I Pass  14: suminf.    0.73771 (4) obj. 499487 iterations 19
Cbc0038I Pass  15: suminf.    0.67895 (3) obj. 499487 iterations 2
Cbc0038I Pass  16: suminf.    0.32938 (1) obj. 499487 iterations 3
Cbc0038I Pass  17: suminf.    0.27062 (1) obj. 499487 iterations 3
Cbc0038I Pass  18: suminf.    1.05161 (3) obj. 499487 iterations 5
Cbc0038I Pass  19: suminf.    1.10286 (3) obj. 499487 iterations 3
Cbc0038I Pass  20: suminf.    1.10286 (3) obj. 499487 iterations 0
Cbc0038I Pass  21: suminf.    1.32938 (4) obj. 499487 iterations 8
Cbc0038I Pass  22: suminf.    0.93510 (4) obj. 499487 iterations 3
Cbc0038I Pass  23: suminf.    1.10286 (3) obj. 499487 iterations 5
Cbc0038I Pass  24: suminf.    1.42643 (6) obj. 499487 iterations 25
Cbc0038I Pass  25: suminf.    1.01833 (4) obj. 499487 iterations 4
Cbc0038I Pass  26: suminf.    1.01833 (4) obj. 499487 iterations 0
Cbc0038I Pass  27: suminf.    0.75705 (2) obj. 499487 iterations 3
Cbc0038I Pass  28: suminf.    0.67519 (2) obj. 499487 iterations 1
Cbc0038I Pass  29: suminf.    0.94219 (4) obj. 499487 iterations 16
Cbc0038I Pass  30: suminf.    0.75705 (2) obj. 499487 iterations 3
Cbc0038I Pass  31: suminf.    0.67519 (2) obj. 499487 iterations 1
Cbc0038I Pass  32: suminf.    1.40408 (5) obj. 499487 iterations 14
Cbc0038I No solution found this major pass
Cbc0038I Before mini branch and bound, 1 integers at bound fixed and 63 continuous
Cbc0038I Full problem 119 rows 167 columns, reduced to 38 rows 50 columns
Cbc0038I Mini branch and bound improved solution from 499614 to 499246 (0.04 seconds)
Cbc0038I Round again with cutoff of 499167
Cbc0038I Pass  32: suminf.    2.44631 (6) obj. 499167 iterations 8
Cbc0038I Pass  33: suminf.    2.38335 (7) obj. 499167 iterations 5
Cbc0038I Pass  34: suminf.    1.88703 (7) obj. 499167 iterations 16
Cbc0038I Pass  35: suminf.    1.29817 (6) obj. 499167 iterations 6
Cbc0038I Pass  36: suminf.    1.88703 (6) obj. 499167 iterations 6
Cbc0038I Pass  37: suminf.    2.21683 (8) obj. 499167 iterations 8
Cbc0038I Pass  38: suminf.    1.86474 (7) obj. 499167 iterations 6
Cbc0038I Pass  39: suminf.    1.86474 (8) obj. 499167 iterations 2
Cbc0038I Pass  40: suminf.    1.90104 (6) obj. 499167 iterations 11
Cbc0038I Pass  41: suminf.    1.31218 (7) obj. 499167 iterations 14
Cbc0038I Pass  42: suminf.    1.88703 (6) obj. 499167 iterations 8
Cbc0038I Pass  43: suminf.    1.29817 (6) obj. 499167 iterations 7
Cbc0038I Pass  44: suminf.    1.88703 (6) obj. 499167 iterations 6
Cbc0038I Pass  45: suminf.    2.39755 (7) obj. 499167 iterations 15
Cbc0038I Pass  46: suminf.    1.80869 (7) obj. 499167 iterations 10
Cbc0038I Pass  47: suminf.    2.00354 (6) obj. 499167 iterations 8
Cbc0038I Pass  48: suminf.    1.40736 (6) obj. 499167 iterations 8
Cbc0038I Pass  49: suminf.    1.40736 (6) obj. 499167 iterations 2
Cbc0038I Pass  50: suminf.    1.40736 (6) obj. 499167 iterations 2
Cbc0038I Pass  51: suminf.    2.00354 (6) obj. 499167 iterations 7
Cbc0038I Pass  52: suminf.    1.40736 (6) obj. 499167 iterations 8
Cbc0038I Pass  53: suminf.    1.40736 (6) obj. 499167 iterations 2
Cbc0038I Pass  54: suminf.    3.08368 (11) obj. 499167 iterations 12
Cbc0038I Pass  55: suminf.    2.84335 (10) obj. 499167 iterations 1
Cbc0038I Pass  56: suminf.    1.88703 (6) obj. 499167 iterations 13
Cbc0038I Pass  57: suminf.    1.29817 (6) obj. 499167 iterations 7
Cbc0038I Pass  58: suminf.    1.88703 (6) obj. 499167 iterations 6
Cbc0038I Pass  59: suminf.    1.88703 (7) obj. 499167 iterations 6
Cbc0038I Pass  60: suminf.    1.29817 (6) obj. 499167 iterations 6
Cbc0038I Pass  61: suminf.    1.88703 (6) obj. 499167 iterations 6
Cbc0038I No solution found this major pass
Cbc0038I Before mini branch and bound, 2 integers at bound fixed and 64 continuous
Cbc0038I Full problem 119 rows 167 columns, reduced to 41 rows 54 columns
Cbc0038I Mini branch and bound did not improve solution (0.05 seconds)
Cbc0038I After 0.05 seconds - Feasibility pump exiting with objective of 499246 - took 0.05 seconds
Cbc0012I Integer solution of 499246.43 found by feasibility pump after 0 iterations and 0 nodes (0.05 seconds)
Cbc0038I Full problem 119 rows 167 columns, reduced to 98 rows 146 columns - 6 fixed gives 84, 132 - ok now
Cbc0038I Full problem 119 rows 167 columns, reduced to 84 rows 132 columns
Cbc0031I 19 added rows had average density of 11.947368
Cbc0013I At root node, 19 cuts changed objective from 498980.72 to 499246.08 in 35 passes
Cbc0014I Cut generator 0 (Probing) - 14 row cuts average 2.0 elements, 2 column cuts (2 active)  in 0.006 seconds - new frequency is 1
Cbc0014I Cut generator 1 (Gomory) - 137 row cuts average 24.5 elements, 0 column cuts (0 active)  in 0.004 seconds - new frequency is 1
Cbc0014I Cut generator 2 (Knapsack) - 0 row cuts average 0.0 elements, 0 column cuts (0 active)  in 0.004 seconds - new frequency is -100
Cbc0014I Cut generator 3 (Clique) - 0 row cuts average 0.0 elements, 0 column cuts (0 active)  in 0.000 seconds - new frequency is -100
Cbc0014I Cut generator 4 (MixedIntegerRounding2) - 15 row cuts average 5.0 elements, 0 column cuts (0 active)  in 0.004 seconds - new frequency is 1
Cbc0014I Cut generator 5 (FlowCover) - 0 row cuts average 0.0 elements, 0 column cuts (0 active)  in 0.008 seconds - new frequency is -100
Cbc0014I Cut generator 6 (TwoMirCuts) - 46 row cuts average 10.6 elements, 0 column cuts (0 active)  in 0.001 seconds - new frequency is -100
Cbc0001I Search completed - best objective 499246.4266184199, took 343 iterations and 0 nodes (0.11 seconds)
Cbc0032I Strong branching done 8 times (44 iterations), fathomed 1 nodes and fixed 0 variables
Cbc0035I Maximum depth 0, 0 variables fixed on reduced cost
Cuts at root node changed objective from 498981 to 499325
Probing was tried 35 times and created 16 cuts of which 0 were active after adding rounds of cuts (0.006 seconds)
Gomory was tried 35 times and created 137 cuts of which 0 were active after adding rounds of cuts (0.004 seconds)
Knapsack was tried 35 times and created 0 cuts of which 0 were active after adding rounds of cuts (0.004 seconds)
Clique was tried 35 times and created 0 cuts of which 0 were active after adding rounds of cuts (0.000 seconds)
MixedIntegerRounding2 was tried 35 times and created 15 cuts of which 0 were active after adding rounds of cuts (0.004 seconds)
FlowCover was tried 35 times and created 0 cuts of which 0 were active after adding rounds of cuts (0.008 seconds)
TwoMirCuts was tried 35 times and created 46 cuts of which 0 were active after adding rounds of cuts (0.001 seconds)
ZeroHalf was tried 1 times and created 0 cuts of which 0 were active after adding rounds of cuts (0.000 seconds)

Result - Optimal solution found

Objective value:                499246.42661842
Enumerated nodes:               0
Total iterations:               343
Time (CPU seconds):             0.12
Time (Wallclock seconds):       0.12

Option for printingOptions changed from normal to all
Total time (CPU seconds):       0.13   (Wallclock seconds):       0.13

