Welcome to the CBC MILP Solver 
Version: 2.10.3 
Build Date: Dec 15 2019 

command line - E:\dachuang\.venv\Lib\site-packages\pulp\apis\../solverdir/cbc/win/i64/cbc.exe model.mps -primalTolerance 1e-9 -integerTolerance 1e-9 -ratioGap 0 -allowableGap 0 -threads 0 -branch -printingOptions all -solution solution.txt -saveSolution solution.bin -quit (default strategy 1)
At line 2 NAME          MODEL
At line 3 ROWS
At line 317 COLUMNS
At line 1133 RHS
At line 1446 BOUNDS
At line 1521 ENDATA
Problem MODEL has 312 rows, 241 columns and 647 elements
Coin0008I MODEL read with 0 errors
primalTolerance was changed from 1e-07 to 1e-09
integerTolerance was changed from 1e-07 to 1e-09
ratioGap was changed from 0 to 0
allowableGap was changed from 1e-10 to 0
Continuous objective value is 471132 - 0.00 seconds
Cgl0004I processed model has 117 rows, 165 columns (24 integer (24 of which binary)) and 352 elements
Cbc0038I Initial state - 10 integers unsatisfied sum - 3.65304
Cbc0038I Pass   1: suminf.    0.00000 (0) obj. 471946 iterations 17
Cbc0038I Solution found of 471946
Cbc0038I Relaxing continuous gives 471946
Cbc0038I Before mini branch and bound, 14 integers at bound fixed and 82 continuous
Cbc0038I Full problem 117 rows 165 columns, reduced to 10 rows 10 columns
Cbc0038I Mini branch and bound did not improve solution (0.01 seconds)
Cbc0038I Round again with cutoff of 471864
Cbc0038I Pass   2: suminf.    0.35038 (1) obj. 471864 iterations 2
Cbc0038I Solution found of 471864
Cbc0038I Relaxing continuous gives 471714
Cbc0038I Before mini branch and bound, 14 integers at bound fixed and 80 continuous
Cbc0038I Full problem 117 rows 165 columns, reduced to 12 rows 14 columns
Cbc0038I Mini branch and bound did not improve solution (0.01 seconds)
Cbc0038I Freeing continuous variables gives a solution of 471549
Cbc0038I Round again with cutoff of 471466
Cbc0038I Pass   3: suminf.    0.88197 (2) obj. 471466 iterations 5
Cbc0038I Pass   4: suminf.    0.37379 (2) obj. 471466 iterations 7
Cbc0038I Pass   5: suminf.    0.92438 (3) obj. 471466 iterations 8
Cbc0038I Pass   6: suminf.    0.92438 (3) obj. 471466 iterations 3
Cbc0038I Pass   7: suminf.    1.22438 (4) obj. 471466 iterations 5
Cbc0038I Pass   8: suminf.    1.22438 (3) obj. 471466 iterations 2
Cbc0038I Pass   9: suminf.    0.92438 (3) obj. 471466 iterations 2
Cbc0038I Pass  10: suminf.    1.22438 (4) obj. 471466 iterations 8
Cbc0038I Pass  11: suminf.    2.03479 (7) obj. 471466 iterations 11
Cbc0038I Pass  12: suminf.    2.03479 (7) obj. 471466 iterations 0
Cbc0038I Pass  13: suminf.    1.11638 (4) obj. 471466 iterations 15
Cbc0038I Pass  14: suminf.    1.06513 (3) obj. 471466 iterations 2
Cbc0038I Pass  15: suminf.    0.81638 (3) obj. 471466 iterations 1
Cbc0038I Pass  16: suminf.    1.18338 (3) obj. 471466 iterations 4
Cbc0038I Pass  17: suminf.    1.18338 (3) obj. 471466 iterations 0
Cbc0038I Pass  18: suminf.    1.11638 (4) obj. 471466 iterations 4
Cbc0038I Pass  19: suminf.    1.06513 (3) obj. 471466 iterations 2
Cbc0038I Pass  20: suminf.    0.81638 (3) obj. 471466 iterations 1
Cbc0038I Pass  21: suminf.    1.18338 (3) obj. 471466 iterations 4
Cbc0038I Pass  22: suminf.    1.18338 (3) obj. 471466 iterations 0
Cbc0038I Pass  23: suminf.    1.11638 (4) obj. 471466 iterations 4
Cbc0038I Pass  24: suminf.    1.06513 (3) obj. 471466 iterations 2
Cbc0038I Pass  25: suminf.    0.81638 (3) obj. 471466 iterations 1
Cbc0038I Pass  26: suminf.    1.18338 (3) obj. 471466 iterations 4
Cbc0038I Pass  27: suminf.    1.18338 (3) obj. 471466 iterations 0
Cbc0038I Pass  28: suminf.    1.11638 (4) obj. 471466 iterations 4
Cbc0038I Pass  29: suminf.    1.06513 (3) obj. 471466 iterations 2
Cbc0038I Pass  30: suminf.    0.81638 (3) obj. 471466 iterations 1
Cbc0038I Pass  31: suminf.    1.18338 (3) obj. 471466 iterations 4
Cbc0038I Pass  32: suminf.    1.18338 (3) obj. 471466 iterations 0
Cbc0038I No solution found this major pass
Cbc0038I Before mini branch and bound, 10 integers at bound fixed and 73 continuous
Cbc0038I Full problem 117 rows 165 columns, reduced to 30 rows 38 columns
Cbc0038I Mini branch and bound improved solution from 471549 to 471504 (0.03 seconds)
Cbc0038I Round again with cutoff of 471366
Cbc0038I Pass  32: suminf.    1.35080 (5) obj. 471366 iterations 5
Cbc0038I Pass  33: suminf.    0.85146 (4) obj. 471366 iterations 6
Cbc0038I Pass  34: suminf.    1.70205 (6) obj. 471366 iterations 8
Cbc0038I Pass  35: suminf.    1.65080 (4) obj. 471366 iterations 7
Cbc0038I Pass  36: suminf.    1.40205 (4) obj. 471366 iterations 1
Cbc0038I Pass  37: suminf.    1.15146 (4) obj. 471366 iterations 4
Cbc0038I Pass  38: suminf.    1.15146 (4) obj. 471366 iterations 1
Cbc0038I Pass  39: suminf.    1.40205 (4) obj. 471366 iterations 5
Cbc0038I Pass  40: suminf.    2.46522 (8) obj. 471366 iterations 14
Cbc0038I Pass  41: suminf.    2.10122 (7) obj. 471366 iterations 2
Cbc0038I Pass  42: suminf.    2.10772 (6) obj. 471366 iterations 9
Cbc0038I Pass  43: suminf.    2.10772 (6) obj. 471366 iterations 1
Cbc0038I Pass  44: suminf.    1.95672 (5) obj. 471366 iterations 7
Cbc0038I Pass  45: suminf.    1.95672 (5) obj. 471366 iterations 1
Cbc0038I Pass  46: suminf.    1.88972 (6) obj. 471366 iterations 5
Cbc0038I Pass  47: suminf.    1.58972 (5) obj. 471366 iterations 4
Cbc0038I Pass  48: suminf.    1.58972 (5) obj. 471366 iterations 1
Cbc0038I Pass  49: suminf.    1.95672 (5) obj. 471366 iterations 7
Cbc0038I Pass  50: suminf.    1.95672 (5) obj. 471366 iterations 1
Cbc0038I Pass  51: suminf.    1.88972 (6) obj. 471366 iterations 5
Cbc0038I Pass  52: suminf.    1.58972 (5) obj. 471366 iterations 4
Cbc0038I Pass  53: suminf.    1.58972 (5) obj. 471366 iterations 1
Cbc0038I Pass  54: suminf.    1.95672 (5) obj. 471366 iterations 7
Cbc0038I Pass  55: suminf.    1.95672 (5) obj. 471366 iterations 1
Cbc0038I Pass  56: suminf.    1.88972 (6) obj. 471366 iterations 5
Cbc0038I Pass  57: suminf.    1.58972 (5) obj. 471366 iterations 4
Cbc0038I Pass  58: suminf.    1.58972 (5) obj. 471366 iterations 1
Cbc0038I Pass  59: suminf.    1.95672 (5) obj. 471366 iterations 7
Cbc0038I Pass  60: suminf.    1.95672 (5) obj. 471366 iterations 1
Cbc0038I Pass  61: suminf.    1.88972 (6) obj. 471366 iterations 5
Cbc0038I No solution found this major pass
Cbc0038I Before mini branch and bound, 12 integers at bound fixed and 74 continuous
Cbc0038I Full problem 117 rows 165 columns, reduced to 31 rows 40 columns
Cbc0038I Mini branch and bound did not improve solution (0.04 seconds)
Cbc0038I After 0.04 seconds - Feasibility pump exiting with objective of 471504 - took 0.03 seconds
Cbc0012I Integer solution of 471504.19 found by feasibility pump after 0 iterations and 0 nodes (0.04 seconds)
Cbc0038I Full problem 117 rows 165 columns, reduced to 82 rows 130 columns
Cbc0031I 14 added rows had average density of 12.285714
Cbc0013I At root node, 14 cuts changed objective from 471132.48 to 471475.72 in 100 passes
Cbc0014I Cut generator 0 (Probing) - 4 row cuts average 2.0 elements, 1 column cuts (1 active)  in 0.010 seconds - new frequency is -100
Cbc0014I Cut generator 1 (Gomory) - 362 row cuts average 27.3 elements, 0 column cuts (0 active)  in 0.015 seconds - new frequency is 1
Cbc0014I Cut generator 2 (Knapsack) - 0 row cuts average 0.0 elements, 0 column cuts (0 active)  in 0.011 seconds - new frequency is -100
Cbc0014I Cut generator 3 (Clique) - 0 row cuts average 0.0 elements, 0 column cuts (0 active)  in 0.001 seconds - new frequency is -100
Cbc0014I Cut generator 4 (MixedIntegerRounding2) - 5 row cuts average 4.8 elements, 0 column cuts (0 active)  in 0.005 seconds - new frequency is -100
Cbc0014I Cut generator 5 (FlowCover) - 0 row cuts average 0.0 elements, 0 column cuts (0 active)  in 0.015 seconds - new frequency is -100
Cbc0014I Cut generator 6 (TwoMirCuts) - 30 row cuts average 10.3 elements, 0 column cuts (0 active)  in 0.009 seconds - new frequency is -100
Cbc0010I After 0 nodes, 1 on tree, 471504.19 best solution, best possible 471475.87 (0.17 seconds)
Cbc0012I Integer solution of 471481.55 found by DiveCoefficient after 873 iterations and 5 nodes (0.18 seconds)
Cbc0001I Search completed - best objective 471481.554164123, took 882 iterations and 6 nodes (0.18 seconds)
Cbc0032I Strong branching done 20 times (73 iterations), fathomed 2 nodes and fixed 2 variables
Cbc0035I Maximum depth 1, 0 variables fixed on reduced cost
Cuts at root node changed objective from 471132 to 471476
Probing was tried 100 times and created 5 cuts of which 0 were active after adding rounds of cuts (0.010 seconds)
Gomory was tried 113 times and created 380 cuts of which 0 were active after adding rounds of cuts (0.015 seconds)
Knapsack was tried 100 times and created 0 cuts of which 0 were active after adding rounds of cuts (0.011 seconds)
Clique was tried 100 times and created 0 cuts of which 0 were active after adding rounds of cuts (0.001 seconds)
MixedIntegerRounding2 was tried 100 times and created 5 cuts of which 0 were active after adding rounds of cuts (0.005 seconds)
FlowCover was tried 100 times and created 0 cuts of which 0 were active after adding rounds of cuts (0.015 seconds)
TwoMirCuts was tried 100 times and created 30 cuts of which 0 were active after adding rounds of cuts (0.009 seconds)
ZeroHalf was tried 1 times and created 0 cuts of which 0 were active after adding rounds of cuts (0.000 seconds)

Result - Optimal solution found

Objective value:                471481.55416412
Enumerated nodes:               6
Total iterations:               882
Time (CPU seconds):             0.19
Time (Wallclock seconds):       0.19

Option for printingOptions changed from normal to all
Total time (CPU seconds):       0.22   (Wallclock seconds):       0.21

