Welcome to the CBC MILP Solver 
Version: 2.10.3 
Build Date: Dec 15 2019 

command line - E:\dachuang\.venv\Lib\site-packages\pulp\apis\../solverdir/cbc/win/i64/cbc.exe model.mps -primalTolerance 1e-9 -integerTolerance 1e-9 -ratioGap 0 -allowableGap 0 -threads 0 -branch -printingOptions all -solution solution.txt -saveSolution solution.bin -quit (default strategy 1)
At line 2 NAME          MODEL
At line 3 ROWS
At line 317 COLUMNS
At line 1133 RHS
At line 1446 BOUNDS
At line 1521 ENDATA
Problem MODEL has 312 rows, 241 columns and 647 elements
Coin0008I MODEL read with 0 errors
primalTolerance was changed from 1e-07 to 1e-09
integerTolerance was changed from 1e-07 to 1e-09
ratioGap was changed from 0 to 0
allowableGap was changed from 1e-10 to 0
Continuous objective value is 472880 - 0.00 seconds
Cgl0004I processed model has 117 rows, 165 columns (24 integer (24 of which binary)) and 352 elements
Cbc0038I Initial state - 11 integers unsatisfied sum - 3.3924
Cbc0038I Pass   1: suminf.    0.00000 (0) obj. 473442 iterations 18
Cbc0038I Solution found of 473442
Cbc0038I Relaxing continuous gives 473442
Cbc0038I Before mini branch and bound, 13 integers at bound fixed and 82 continuous
Cbc0038I Full problem 117 rows 165 columns, reduced to 6 rows 6 columns
Cbc0038I Mini branch and bound did not improve solution (0.01 seconds)
Cbc0038I Round again with cutoff of 473386
Cbc0038I Pass   2: suminf.    0.32296 (1) obj. 473386 iterations 2
Cbc0038I Solution found of 473386
Cbc0038I Relaxing continuous gives 473268
Cbc0038I Before mini branch and bound, 13 integers at bound fixed and 81 continuous
Cbc0038I Full problem 117 rows 165 columns, reduced to 6 rows 7 columns
Cbc0038I Mini branch and bound did not improve solution (0.01 seconds)
Cbc0038I Round again with cutoff of 473190
Cbc0038I Pass   3: suminf.    0.44592 (1) obj. 473190 iterations 5
Cbc0038I Pass   4: suminf.    0.44592 (1) obj. 473190 iterations 1
Cbc0038I Pass   5: suminf.    0.46727 (2) obj. 473190 iterations 6
Cbc0038I Pass   6: suminf.    0.97055 (4) obj. 473190 iterations 10
Cbc0038I Pass   7: suminf.    0.53252 (2) obj. 473190 iterations 6
Cbc0038I Pass   8: suminf.    0.46727 (2) obj. 473190 iterations 2
Cbc0038I Pass   9: suminf.    0.81643 (4) obj. 473190 iterations 15
Cbc0038I Pass  10: suminf.    1.37055 (5) obj. 473190 iterations 15
Cbc0038I Pass  11: suminf.    0.96976 (3) obj. 473190 iterations 5
Cbc0038I Pass  12: suminf.    0.96976 (3) obj. 473190 iterations 0
Cbc0038I Pass  13: suminf.    0.97055 (4) obj. 473190 iterations 9
Cbc0038I Pass  14: suminf.    0.56976 (3) obj. 473190 iterations 5
Cbc0038I Pass  15: suminf.    0.56976 (3) obj. 473190 iterations 0
Cbc0038I Pass  16: suminf.    1.37055 (5) obj. 473190 iterations 10
Cbc0038I Pass  17: suminf.    0.96976 (3) obj. 473190 iterations 5
Cbc0038I Pass  18: suminf.    0.96976 (3) obj. 473190 iterations 0
Cbc0038I Pass  19: suminf.    0.97055 (4) obj. 473190 iterations 9
Cbc0038I Pass  20: suminf.    0.56976 (3) obj. 473190 iterations 5
Cbc0038I Pass  21: suminf.    0.56976 (3) obj. 473190 iterations 0
Cbc0038I Pass  22: suminf.    1.37055 (5) obj. 473190 iterations 10
Cbc0038I Pass  23: suminf.    0.96976 (3) obj. 473190 iterations 5
Cbc0038I Pass  24: suminf.    0.96976 (3) obj. 473190 iterations 0
Cbc0038I Pass  25: suminf.    0.97055 (4) obj. 473190 iterations 9
Cbc0038I Pass  26: suminf.    0.56976 (3) obj. 473190 iterations 5
Cbc0038I Pass  27: suminf.    0.56976 (3) obj. 473190 iterations 0
Cbc0038I Pass  28: suminf.    1.37055 (5) obj. 473190 iterations 10
Cbc0038I Pass  29: suminf.    0.96976 (3) obj. 473190 iterations 5
Cbc0038I Pass  30: suminf.    0.96976 (3) obj. 473190 iterations 0
Cbc0038I Pass  31: suminf.    0.97055 (4) obj. 473190 iterations 9
Cbc0038I Pass  32: suminf.    0.56976 (3) obj. 473190 iterations 5
Cbc0038I No solution found this major pass
Cbc0038I Before mini branch and bound, 11 integers at bound fixed and 72 continuous
Cbc0038I Full problem 117 rows 165 columns, reduced to 22 rows 30 columns
Cbc0038I Mini branch and bound improved solution from 473268 to 473185 (0.02 seconds)
Cbc0038I Round again with cutoff of 473094
Cbc0038I Pass  32: suminf.    1.02955 (4) obj. 473094 iterations 5
Cbc0038I Pass  33: suminf.    1.02955 (4) obj. 473094 iterations 1
Cbc0038I Pass  34: suminf.    1.48080 (6) obj. 473094 iterations 20
Cbc0038I Pass  35: suminf.    1.42955 (4) obj. 473094 iterations 5
Cbc0038I Pass  36: suminf.    1.08080 (4) obj. 473094 iterations 1
Cbc0038I Pass  37: suminf.    0.98408 (4) obj. 473094 iterations 10
Cbc0038I Pass  38: suminf.    0.98408 (3) obj. 473094 iterations 6
Cbc0038I Pass  39: suminf.    0.58408 (3) obj. 473094 iterations 2
Cbc0038I Pass  40: suminf.    0.58408 (3) obj. 473094 iterations 0
Cbc0038I Pass  41: suminf.    0.98408 (3) obj. 473094 iterations 8
Cbc0038I Pass  42: suminf.    1.07341 (4) obj. 473094 iterations 9
Cbc0038I Pass  43: suminf.    1.07341 (4) obj. 473094 iterations 0
Cbc0038I Pass  44: suminf.    0.98408 (3) obj. 473094 iterations 5
Cbc0038I Pass  45: suminf.    0.98408 (3) obj. 473094 iterations 1
Cbc0038I Pass  46: suminf.    0.58408 (3) obj. 473094 iterations 3
Cbc0038I Pass  47: suminf.    0.58408 (3) obj. 473094 iterations 0
Cbc0038I Pass  48: suminf.    1.76008 (7) obj. 473094 iterations 22
Cbc0038I Pass  49: suminf.    1.74608 (6) obj. 473094 iterations 1
Cbc0038I Pass  50: suminf.    1.32008 (4) obj. 473094 iterations 13
Cbc0038I Pass  51: suminf.    1.32008 (4) obj. 473094 iterations 0
Cbc0038I Pass  52: suminf.    0.98408 (4) obj. 473094 iterations 8
Cbc0038I Pass  53: suminf.    0.93283 (3) obj. 473094 iterations 4
Cbc0038I Pass  54: suminf.    0.58408 (3) obj. 473094 iterations 1
Cbc0038I Pass  55: suminf.    1.07341 (3) obj. 473094 iterations 11
Cbc0038I Pass  56: suminf.    1.07341 (3) obj. 473094 iterations 0
Cbc0038I Pass  57: suminf.    0.98408 (4) obj. 473094 iterations 6
Cbc0038I Pass  58: suminf.    0.93283 (3) obj. 473094 iterations 4
Cbc0038I Pass  59: suminf.    0.58408 (3) obj. 473094 iterations 1
Cbc0038I Pass  60: suminf.    1.07341 (3) obj. 473094 iterations 9
Cbc0038I Pass  61: suminf.    1.07341 (3) obj. 473094 iterations 0
Cbc0038I No solution found this major pass
Cbc0038I Before mini branch and bound, 5 integers at bound fixed and 68 continuous
Cbc0038I Full problem 117 rows 165 columns, reduced to 29 rows 39 columns
Cbc0038I Mini branch and bound did not improve solution (0.04 seconds)
Cbc0038I After 0.04 seconds - Feasibility pump exiting with objective of 473185 - took 0.03 seconds
Cbc0012I Integer solution of 473185.46 found by feasibility pump after 0 iterations and 0 nodes (0.04 seconds)
Cbc0038I Full problem 117 rows 165 columns, reduced to 86 rows 134 columns - 6 fixed gives 70, 118 - ok now
Cbc0038I Full problem 117 rows 165 columns, reduced to 70 rows 118 columns
Cbc0031I 11 added rows had average density of 9.7272727
Cbc0013I At root node, 11 cuts changed objective from 472879.55 to 473141.67 in 60 passes
Cbc0014I Cut generator 0 (Probing) - 4 row cuts average 2.0 elements, 3 column cuts (3 active)  in 0.005 seconds - new frequency is 1
Cbc0014I Cut generator 1 (Gomory) - 91 row cuts average 23.0 elements, 0 column cuts (0 active)  in 0.006 seconds - new frequency is 1
Cbc0014I Cut generator 2 (Knapsack) - 0 row cuts average 0.0 elements, 0 column cuts (0 active)  in 0.014 seconds - new frequency is -100
Cbc0014I Cut generator 3 (Clique) - 0 row cuts average 0.0 elements, 0 column cuts (0 active)  in 0.000 seconds - new frequency is -100
Cbc0014I Cut generator 4 (MixedIntegerRounding2) - 10 row cuts average 6.6 elements, 0 column cuts (0 active)  in 0.004 seconds - new frequency is 1
Cbc0014I Cut generator 5 (FlowCover) - 0 row cuts average 0.0 elements, 0 column cuts (0 active)  in 0.009 seconds - new frequency is -100
Cbc0014I Cut generator 6 (TwoMirCuts) - 23 row cuts average 11.1 elements, 0 column cuts (0 active)  in 0.006 seconds - new frequency is -100
Cbc0010I After 0 nodes, 1 on tree, 473185.46 best solution, best possible 473141.92 (0.12 seconds)
Cbc0001I Search completed - best objective 473185.4582500029, took 378 iterations and 6 nodes (0.13 seconds)
Cbc0032I Strong branching done 20 times (61 iterations), fathomed 2 nodes and fixed 1 variables
Cbc0035I Maximum depth 1, 0 variables fixed on reduced cost
Cuts at root node changed objective from 472880 to 473142
Probing was tried 66 times and created 7 cuts of which 0 were active after adding rounds of cuts (0.005 seconds)
Gomory was tried 66 times and created 97 cuts of which 0 were active after adding rounds of cuts (0.007 seconds)
Knapsack was tried 60 times and created 0 cuts of which 0 were active after adding rounds of cuts (0.014 seconds)
Clique was tried 60 times and created 0 cuts of which 0 were active after adding rounds of cuts (0.000 seconds)
MixedIntegerRounding2 was tried 66 times and created 10 cuts of which 0 were active after adding rounds of cuts (0.004 seconds)
FlowCover was tried 60 times and created 0 cuts of which 0 were active after adding rounds of cuts (0.009 seconds)
TwoMirCuts was tried 60 times and created 23 cuts of which 0 were active after adding rounds of cuts (0.006 seconds)
ZeroHalf was tried 1 times and created 0 cuts of which 0 were active after adding rounds of cuts (0.000 seconds)

Result - Optimal solution found

Objective value:                473185.45825000
Enumerated nodes:               6
Total iterations:               378
Time (CPU seconds):             0.13
Time (Wallclock seconds):       0.13

Option for printingOptions changed from normal to all
Total time (CPU seconds):       0.15   (Wallclock seconds):       0.15

