Welcome to the CBC MILP Solver 
Version: 2.10.3 
Build Date: Dec 15 2019 

command line - E:\dachuang\.venv\Lib\site-packages\pulp\apis\../solverdir/cbc/win/i64/cbc.exe model.mps -primalTolerance 1e-9 -integerTolerance 1e-9 -ratioGap 0 -allowableGap 0 -threads 0 -branch -printingOptions all -solution solution.txt -saveSolution solution.bin -quit (default strategy 1)
At line 2 NAME          MODEL
At line 3 ROWS
At line 317 COLUMNS
At line 1133 RHS
At line 1446 BOUNDS
At line 1521 ENDATA
Problem MODEL has 312 rows, 241 columns and 647 elements
Coin0008I MODEL read with 0 errors
primalTolerance was changed from 1e-07 to 1e-09
integerTolerance was changed from 1e-07 to 1e-09
ratioGap was changed from 0 to 0
allowableGap was changed from 1e-10 to 0
Continuous objective value is 498226 - 0.00 seconds
Cgl0003I 0 fixed, 0 tightened bounds, 37 strengthened rows, 0 substitutions
Cgl0004I processed model has 119 rows, 167 columns (24 integer (24 of which binary)) and 356 elements
Cbc0038I Initial state - 12 integers unsatisfied sum - 5
Cbc0038I Pass   1: suminf.    0.00000 (0) obj. 499788 iterations 21
Cbc0038I Solution found of 499788
Cbc0038I Relaxing continuous gives 499788
Cbc0038I Before mini branch and bound, 12 integers at bound fixed and 87 continuous
Cbc0038I Full problem 119 rows 167 columns, reduced to 15 rows 16 columns
Cbc0038I Mini branch and bound did not improve solution (0.01 seconds)
Cbc0038I Round again with cutoff of 499700
Cbc0038I Pass   2: suminf.    0.50000 (1) obj. 499700 iterations 2
Cbc0038I Solution found of 499700
Cbc0038I Relaxing continuous gives 499612
Cbc0038I Before mini branch and bound, 12 integers at bound fixed and 86 continuous
Cbc0038I Full problem 119 rows 167 columns, reduced to 15 rows 17 columns
Cbc0038I Mini branch and bound did not improve solution (0.01 seconds)
Cbc0038I Round again with cutoff of 499471
Cbc0038I Pass   3: suminf.    0.80000 (2) obj. 499471 iterations 6
Cbc0038I Pass   4: suminf.    0.80000 (2) obj. 499471 iterations 0
Cbc0038I Pass   5: suminf.    0.80000 (2) obj. 499471 iterations 0
Cbc0038I Pass   6: suminf.    0.59842 (2) obj. 499471 iterations 3
Cbc0038I Pass   7: suminf.    0.59842 (2) obj. 499471 iterations 9
Cbc0038I Pass   8: suminf.    0.59842 (2) obj. 499471 iterations 4
Cbc0038I Pass   9: suminf.    0.59842 (2) obj. 499471 iterations 0
Cbc0038I Pass  10: suminf.    0.59842 (2) obj. 499471 iterations 4
Cbc0038I Pass  11: suminf.    0.59842 (2) obj. 499471 iterations 0
Cbc0038I Pass  12: suminf.    1.80054 (5) obj. 499471 iterations 16
Cbc0038I Pass  13: suminf.    1.80054 (5) obj. 499471 iterations 0
Cbc0038I Pass  14: suminf.    0.59842 (2) obj. 499471 iterations 7
Cbc0038I Pass  15: suminf.    0.59842 (2) obj. 499471 iterations 2
Cbc0038I Pass  16: suminf.    0.59842 (2) obj. 499471 iterations 0
Cbc0038I Pass  17: suminf.    0.59842 (2) obj. 499471 iterations 2
Cbc0038I Pass  18: suminf.    0.59842 (2) obj. 499471 iterations 7
Cbc0038I Pass  19: suminf.    0.59842 (2) obj. 499471 iterations 0
Cbc0038I Pass  20: suminf.    0.80000 (2) obj. 499471 iterations 1
Cbc0038I Pass  21: suminf.    1.14069 (4) obj. 499471 iterations 25
Cbc0038I Pass  22: suminf.    0.24217 (1) obj. 499471 iterations 6
Cbc0038I Pass  23: suminf.    0.44375 (1) obj. 499471 iterations 1
Cbc0038I Pass  24: suminf.    0.95220 (3) obj. 499471 iterations 28
Cbc0038I Pass  25: suminf.    0.95220 (3) obj. 499471 iterations 0
Cbc0038I Pass  26: suminf.    0.80000 (2) obj. 499471 iterations 7
Cbc0038I Pass  27: suminf.    0.80000 (2) obj. 499471 iterations 0
Cbc0038I Pass  28: suminf.    0.80000 (2) obj. 499471 iterations 2
Cbc0038I Pass  29: suminf.    0.80000 (2) obj. 499471 iterations 0
Cbc0038I Pass  30: suminf.    0.86933 (3) obj. 499471 iterations 14
Cbc0038I Pass  31: suminf.    0.83634 (2) obj. 499471 iterations 1
Cbc0038I Pass  32: suminf.    0.83634 (2) obj. 499471 iterations 3
Cbc0038I No solution found this major pass
Cbc0038I Before mini branch and bound, 3 integers at bound fixed and 71 continuous
Cbc0038I Full problem 119 rows 167 columns, reduced to 35 rows 45 columns
Cbc0038I Mini branch and bound improved solution from 499612 to 499329 (0.02 seconds)
Cbc0038I Round again with cutoff of 499202
Cbc0038I Pass  32: suminf.    2.16007 (5) obj. 499202 iterations 6
Cbc0038I Pass  33: suminf.    2.11915 (5) obj. 499202 iterations 5
Cbc0038I Pass  34: suminf.    2.11915 (5) obj. 499202 iterations 1
Cbc0038I Pass  35: suminf.    2.11915 (5) obj. 499202 iterations 0
Cbc0038I Pass  36: suminf.    1.32073 (4) obj. 499202 iterations 8
Cbc0038I Pass  37: suminf.    1.32073 (4) obj. 499202 iterations 0
Cbc0038I Pass  38: suminf.    1.32073 (3) obj. 499202 iterations 3
Cbc0038I Pass  39: suminf.    1.32073 (3) obj. 499202 iterations 0
Cbc0038I Pass  40: suminf.    1.32073 (3) obj. 499202 iterations 0
Cbc0038I Pass  41: suminf.    1.98317 (5) obj. 499202 iterations 12
Cbc0038I Pass  42: suminf.    1.92126 (5) obj. 499202 iterations 10
Cbc0038I Pass  43: suminf.    0.92126 (2) obj. 499202 iterations 6
Cbc0038I Pass  44: suminf.    0.92126 (2) obj. 499202 iterations 0
Cbc0038I Pass  45: suminf.    0.75253 (2) obj. 499202 iterations 5
Cbc0038I Pass  46: suminf.    0.71969 (3) obj. 499202 iterations 5
Cbc0038I Pass  47: suminf.    1.14170 (3) obj. 499202 iterations 11
Cbc0038I Pass  48: suminf.    1.11915 (3) obj. 499202 iterations 2
Cbc0038I Pass  49: suminf.    1.11915 (3) obj. 499202 iterations 0
Cbc0038I Pass  50: suminf.    1.14170 (3) obj. 499202 iterations 10
Cbc0038I Pass  51: suminf.    1.11915 (3) obj. 499202 iterations 2
Cbc0038I Pass  52: suminf.    1.11915 (3) obj. 499202 iterations 0
Cbc0038I Pass  53: suminf.    1.14170 (3) obj. 499202 iterations 10
Cbc0038I Pass  54: suminf.    1.11915 (3) obj. 499202 iterations 2
Cbc0038I Pass  55: suminf.    1.11915 (3) obj. 499202 iterations 0
Cbc0038I Pass  56: suminf.    1.14170 (3) obj. 499202 iterations 10
Cbc0038I Pass  57: suminf.    1.11915 (3) obj. 499202 iterations 2
Cbc0038I Pass  58: suminf.    1.11915 (3) obj. 499202 iterations 0
Cbc0038I Pass  59: suminf.    1.14170 (3) obj. 499202 iterations 10
Cbc0038I Pass  60: suminf.    1.11915 (3) obj. 499202 iterations 2
Cbc0038I Pass  61: suminf.    1.11915 (3) obj. 499202 iterations 0
Cbc0038I No solution found this major pass
Cbc0038I Before mini branch and bound, 11 integers at bound fixed and 77 continuous
Cbc0038I Full problem 119 rows 167 columns, reduced to 38 rows 49 columns
Cbc0038I Mini branch and bound did not improve solution (0.04 seconds)
Cbc0038I After 0.04 seconds - Feasibility pump exiting with objective of 499329 - took 0.03 seconds
Cbc0012I Integer solution of 499329.4 found by feasibility pump after 0 iterations and 0 nodes (0.04 seconds)
Cbc0012I Integer solution of 499259.01 found by DiveCoefficient after 0 iterations and 0 nodes (0.04 seconds)
Cbc0038I Full problem 119 rows 167 columns, reduced to 85 rows 133 columns - 4 fixed gives 76, 124 - ok now
Cbc0038I Full problem 119 rows 167 columns, reduced to 76 rows 124 columns
Cbc0012I Integer solution of 499188.54 found by DiveCoefficient after 607 iterations and 0 nodes (0.17 seconds)
Cbc0031I 16 added rows had average density of 14.4375
Cbc0013I At root node, 16 cuts changed objective from 498906.17 to 499188.25 in 100 passes
Cbc0014I Cut generator 0 (Probing) - 30 row cuts average 2.0 elements, 0 column cuts (0 active)  in 0.017 seconds - new frequency is 1
Cbc0014I Cut generator 1 (Gomory) - 181 row cuts average 28.6 elements, 0 column cuts (0 active)  in 0.007 seconds - new frequency is 1
Cbc0014I Cut generator 2 (Knapsack) - 0 row cuts average 0.0 elements, 0 column cuts (0 active)  in 0.021 seconds - new frequency is -100
Cbc0014I Cut generator 3 (Clique) - 0 row cuts average 0.0 elements, 0 column cuts (0 active)  in 0.000 seconds - new frequency is -100
Cbc0014I Cut generator 4 (MixedIntegerRounding2) - 11 row cuts average 4.9 elements, 0 column cuts (0 active)  in 0.010 seconds - new frequency is -100
Cbc0014I Cut generator 5 (FlowCover) - 0 row cuts average 0.0 elements, 0 column cuts (0 active)  in 0.014 seconds - new frequency is -100
Cbc0014I Cut generator 6 (TwoMirCuts) - 31 row cuts average 10.1 elements, 0 column cuts (0 active)  in 0.002 seconds - new frequency is -100
Cbc0001I Search completed - best objective 499188.5384605256, took 609 iterations and 0 nodes (0.17 seconds)
Cbc0032I Strong branching done 4 times (23 iterations), fathomed 1 nodes and fixed 0 variables
Cbc0035I Maximum depth 0, 0 variables fixed on reduced cost
Cuts at root node changed objective from 498906 to 499196
Probing was tried 100 times and created 30 cuts of which 0 were active after adding rounds of cuts (0.017 seconds)
Gomory was tried 100 times and created 181 cuts of which 0 were active after adding rounds of cuts (0.007 seconds)
Knapsack was tried 100 times and created 0 cuts of which 0 were active after adding rounds of cuts (0.021 seconds)
Clique was tried 100 times and created 0 cuts of which 0 were active after adding rounds of cuts (0.000 seconds)
MixedIntegerRounding2 was tried 100 times and created 11 cuts of which 0 were active after adding rounds of cuts (0.010 seconds)
FlowCover was tried 100 times and created 0 cuts of which 0 were active after adding rounds of cuts (0.014 seconds)
TwoMirCuts was tried 100 times and created 31 cuts of which 0 were active after adding rounds of cuts (0.002 seconds)
ZeroHalf was tried 1 times and created 0 cuts of which 0 were active after adding rounds of cuts (0.000 seconds)

Result - Optimal solution found

Objective value:                499188.53846053
Enumerated nodes:               0
Total iterations:               609
Time (CPU seconds):             0.18
Time (Wallclock seconds):       0.18

Option for printingOptions changed from normal to all
Total time (CPU seconds):       0.20   (Wallclock seconds):       0.20

