Welcome to the CBC MILP Solver 
Version: 2.10.3 
Build Date: Dec 15 2019 

command line - E:\dachuang\.venv\Lib\site-packages\pulp\apis\../solverdir/cbc/win/i64/cbc.exe model.mps -primalTolerance 1e-9 -integerTolerance 1e-9 -ratioGap 0 -allowableGap 0 -threads 0 -branch -printingOptions all -solution solution.txt -saveSolution solution.bin -quit (default strategy 1)
At line 2 NAME          MODEL
At line 3 ROWS
At line 317 COLUMNS
At line 1133 RHS
At line 1446 BOUNDS
At line 1521 ENDATA
Problem MODEL has 312 rows, 241 columns and 647 elements
Coin0008I MODEL read with 0 errors
primalTolerance was changed from 1e-07 to 1e-09
integerTolerance was changed from 1e-07 to 1e-09
ratioGap was changed from 0 to 0
allowableGap was changed from 1e-10 to 0
Continuous objective value is 461980 - 0.00 seconds
Cgl0003I 0 fixed, 0 tightened bounds, 2 strengthened rows, 0 substitutions
Cgl0003I 0 fixed, 0 tightened bounds, 1 strengthened rows, 0 substitutions
Cgl0004I processed model has 119 rows, 167 columns (24 integer (24 of which binary)) and 356 elements
Cbc0038I Initial state - 13 integers unsatisfied sum - 4.83215
Cbc0038I Pass   1: suminf.    0.00000 (0) obj. 464583 iterations 18
Cbc0038I Solution found of 464583
Cbc0038I Relaxing continuous gives 464583
Cbc0038I Before mini branch and bound, 11 integers at bound fixed and 80 continuous
Cbc0038I Full problem 119 rows 167 columns, reduced to 11 rows 12 columns
Cbc0038I Mini branch and bound improved solution from 464583 to 464520 (0.01 seconds)
Cbc0038I Round again with cutoff of 464266
Cbc0038I Pass   2: suminf.    0.45394 (1) obj. 464266 iterations 4
Cbc0038I Pass   3: suminf.    0.00000 (0) obj. 464266 iterations 4
Cbc0038I Solution found of 464266
Cbc0038I Relaxing continuous gives 464003
Cbc0038I Before mini branch and bound, 11 integers at bound fixed and 77 continuous
Cbc0038I Full problem 119 rows 167 columns, reduced to 15 rows 20 columns
Cbc0038I Mini branch and bound improved solution from 464003 to 463940 (0.01 seconds)
Cbc0038I Freeing continuous variables gives a solution of 463815
Cbc0038I Round again with cutoff of 463448
Cbc0038I Pass   4: suminf.    0.95662 (2) obj. 463448 iterations 5
Cbc0038I Pass   5: suminf.    0.95662 (2) obj. 463448 iterations 1
Cbc0038I Pass   6: suminf.    0.77775 (3) obj. 463448 iterations 10
Cbc0038I Pass   7: suminf.    1.13164 (3) obj. 463448 iterations 8
Cbc0038I Pass   8: suminf.    1.01455 (3) obj. 463448 iterations 2
Cbc0038I Pass   9: suminf.    1.13164 (3) obj. 463448 iterations 1
Cbc0038I Pass  10: suminf.    1.24576 (4) obj. 463448 iterations 13
Cbc0038I Pass  11: suminf.    1.24576 (4) obj. 463448 iterations 3
Cbc0038I Pass  12: suminf.    0.65416 (2) obj. 463448 iterations 5
Cbc0038I Pass  13: suminf.    0.65416 (2) obj. 463448 iterations 0
Cbc0038I Pass  14: suminf.    0.53416 (2) obj. 463448 iterations 2
Cbc0038I Pass  15: suminf.    0.53416 (2) obj. 463448 iterations 0
Cbc0038I Pass  16: suminf.    2.31696 (7) obj. 463448 iterations 18
Cbc0038I Pass  17: suminf.    2.31696 (7) obj. 463448 iterations 1
Cbc0038I Pass  18: suminf.    1.53416 (5) obj. 463448 iterations 3
Cbc0038I Pass  19: suminf.    1.53416 (5) obj. 463448 iterations 0
Cbc0038I Pass  20: suminf.    1.60816 (5) obj. 463448 iterations 4
Cbc0038I Pass  21: suminf.    1.60816 (5) obj. 463448 iterations 0
Cbc0038I Pass  22: suminf.    1.90396 (6) obj. 463448 iterations 9
Cbc0038I Pass  23: suminf.    1.53416 (5) obj. 463448 iterations 2
Cbc0038I Pass  24: suminf.    1.53416 (5) obj. 463448 iterations 0
Cbc0038I Pass  25: suminf.    1.60816 (5) obj. 463448 iterations 4
Cbc0038I Pass  26: suminf.    1.60816 (5) obj. 463448 iterations 0
Cbc0038I Pass  27: suminf.    1.21812 (4) obj. 463448 iterations 19
Cbc0038I Pass  28: suminf.    1.21812 (4) obj. 463448 iterations 1
Cbc0038I Pass  29: suminf.    0.65775 (3) obj. 463448 iterations 11
Cbc0038I Pass  30: suminf.    1.01455 (3) obj. 463448 iterations 8
Cbc0038I Pass  31: suminf.    1.13164 (3) obj. 463448 iterations 1
Cbc0038I Pass  32: suminf.    1.56036 (8) obj. 463448 iterations 21
Cbc0038I Pass  33: suminf.    1.56036 (8) obj. 463448 iterations 3
Cbc0038I No solution found this major pass
Cbc0038I Before mini branch and bound, 2 integers at bound fixed and 68 continuous
Cbc0038I Full problem 119 rows 167 columns, reduced to 31 rows 41 columns
Cbc0038I Mini branch and bound improved solution from 463815 to 463676 (0.03 seconds)
Cbc0038I Round again with cutoff of 463007
Cbc0038I Pass  33: suminf.    1.56726 (5) obj. 463007 iterations 10
Cbc0038I Pass  34: suminf.    1.56726 (5) obj. 463007 iterations 6
Cbc0038I Pass  35: suminf.    1.35090 (5) obj. 463007 iterations 11
Cbc0038I Pass  36: suminf.    1.35090 (5) obj. 463007 iterations 0
Cbc0038I Pass  37: suminf.    1.49770 (5) obj. 463007 iterations 2
Cbc0038I Pass  38: suminf.    1.49770 (5) obj. 463007 iterations 0
Cbc0038I Pass  39: suminf.    1.35090 (5) obj. 463007 iterations 1
Cbc0038I Pass  40: suminf.    2.87627 (10) obj. 463007 iterations 24
Cbc0038I Pass  41: suminf.    2.87627 (10) obj. 463007 iterations 1
Cbc0038I Pass  42: suminf.    2.65708 (7) obj. 463007 iterations 6
Cbc0038I Pass  43: suminf.    2.35090 (7) obj. 463007 iterations 1
Cbc0038I Pass  44: suminf.    1.87572 (7) obj. 463007 iterations 4
Cbc0038I Pass  45: suminf.    1.87572 (7) obj. 463007 iterations 3
Cbc0038I Pass  46: suminf.    1.80572 (6) obj. 463007 iterations 5
Cbc0038I Pass  47: suminf.    1.80572 (6) obj. 463007 iterations 0
Cbc0038I Pass  48: suminf.    1.73172 (6) obj. 463007 iterations 1
Cbc0038I Pass  49: suminf.    1.73172 (6) obj. 463007 iterations 0
Cbc0038I Pass  50: suminf.    2.17872 (9) obj. 463007 iterations 18
Cbc0038I Pass  51: suminf.    1.40286 (6) obj. 463007 iterations 16
Cbc0038I Pass  52: suminf.    1.23612 (4) obj. 463007 iterations 15
Cbc0038I Pass  53: suminf.    1.23612 (4) obj. 463007 iterations 0
Cbc0038I Pass  54: suminf.    0.97530 (4) obj. 463007 iterations 3
Cbc0038I Pass  55: suminf.    0.97530 (4) obj. 463007 iterations 0
Cbc0038I Pass  56: suminf.    1.23612 (4) obj. 463007 iterations 3
Cbc0038I Pass  57: suminf.    2.55550 (8) obj. 463007 iterations 11
Cbc0038I Pass  58: suminf.    2.55550 (8) obj. 463007 iterations 0
Cbc0038I Pass  59: suminf.    1.92236 (6) obj. 463007 iterations 13
Cbc0038I Pass  60: suminf.    1.92236 (6) obj. 463007 iterations 2
Cbc0038I Pass  61: suminf.    1.70156 (5) obj. 463007 iterations 6
Cbc0038I Pass  62: suminf.    1.70156 (5) obj. 463007 iterations 1
Cbc0038I No solution found this major pass
Cbc0038I Before mini branch and bound, 1 integers at bound fixed and 67 continuous
Cbc0038I Full problem 119 rows 167 columns, reduced to 35 rows 46 columns
Cbc0038I Mini branch and bound improved solution from 463676 to 463360 (0.04 seconds)
Cbc0038I Round again with cutoff of 462699
Cbc0038I Pass  62: suminf.    2.15578 (6) obj. 462699 iterations 2
Cbc0038I Pass  63: suminf.    2.05794 (6) obj. 462699 iterations 8
Cbc0038I Pass  64: suminf.    2.03578 (6) obj. 462699 iterations 4
Cbc0038I Pass  65: suminf.    1.93943 (6) obj. 462699 iterations 10
Cbc0038I Pass  66: suminf.    1.93943 (6) obj. 462699 iterations 0
Cbc0038I Pass  67: suminf.    2.01343 (6) obj. 462699 iterations 6
Cbc0038I Pass  68: suminf.    2.01343 (6) obj. 462699 iterations 0
Cbc0038I Pass  69: suminf.    1.93943 (6) obj. 462699 iterations 2
Cbc0038I Pass  70: suminf.    1.99029 (7) obj. 462699 iterations 17
Cbc0038I Pass  71: suminf.    1.93943 (6) obj. 462699 iterations 13
Cbc0038I Pass  72: suminf.    1.93943 (6) obj. 462699 iterations 0
Cbc0038I Pass  73: suminf.    2.01343 (6) obj. 462699 iterations 4
Cbc0038I Pass  74: suminf.    2.01343 (6) obj. 462699 iterations 0
Cbc0038I Pass  75: suminf.    2.36203 (8) obj. 462699 iterations 3
Cbc0038I Pass  76: suminf.    2.38440 (9) obj. 462699 iterations 3
Cbc0038I Pass  77: suminf.    1.93943 (6) obj. 462699 iterations 6
Cbc0038I Pass  78: suminf.    1.93943 (6) obj. 462699 iterations 0
Cbc0038I Pass  79: suminf.    2.01343 (6) obj. 462699 iterations 4
Cbc0038I Pass  80: suminf.    2.01343 (6) obj. 462699 iterations 0
Cbc0038I Pass  81: suminf.    2.52004 (8) obj. 462699 iterations 13
Cbc0038I Pass  82: suminf.    1.93943 (6) obj. 462699 iterations 13
Cbc0038I Pass  83: suminf.    1.93943 (6) obj. 462699 iterations 0
Cbc0038I Pass  84: suminf.    2.01343 (6) obj. 462699 iterations 4
Cbc0038I Pass  85: suminf.    2.01343 (6) obj. 462699 iterations 0
Cbc0038I Pass  86: suminf.    2.32025 (7) obj. 462699 iterations 11
Cbc0038I Pass  87: suminf.    2.32025 (7) obj. 462699 iterations 0
Cbc0038I Pass  88: suminf.    3.06855 (8) obj. 462699 iterations 4
Cbc0038I Pass  89: suminf.    2.88818 (8) obj. 462699 iterations 1
Cbc0038I Pass  90: suminf.    2.50062 (7) obj. 462699 iterations 5
Cbc0038I Pass  91: suminf.    2.93785 (9) obj. 462699 iterations 6
Cbc0038I No solution found this major pass
Cbc0038I Before mini branch and bound, 5 integers at bound fixed and 65 continuous
Cbc0038I Full problem 119 rows 167 columns, reduced to 31 rows 42 columns
Cbc0038I Mini branch and bound did not improve solution (0.05 seconds)
Cbc0038I After 0.05 seconds - Feasibility pump exiting with objective of 463360 - took 0.05 seconds
Cbc0012I Integer solution of 463359.73 found by feasibility pump after 0 iterations and 0 nodes (0.05 seconds)
Cbc0038I Full problem 119 rows 167 columns, reduced to 92 rows 140 columns - 3 fixed gives 84, 132 - ok now
Cbc0038I Full problem 119 rows 167 columns, reduced to 84 rows 132 columns
Cbc0031I 19 added rows had average density of 17.105263
Cbc0013I At root node, 19 cuts changed objective from 461979.95 to 463355.97 in 30 passes
Cbc0014I Cut generator 0 (Probing) - 6 row cuts average 2.0 elements, 7 column cuts (7 active)  in 0.002 seconds - new frequency is 1
Cbc0014I Cut generator 1 (Gomory) - 83 row cuts average 41.7 elements, 0 column cuts (0 active)  in 0.003 seconds - new frequency is 1
Cbc0014I Cut generator 2 (Knapsack) - 0 row cuts average 0.0 elements, 0 column cuts (0 active)  in 0.004 seconds - new frequency is -100
Cbc0014I Cut generator 3 (Clique) - 0 row cuts average 0.0 elements, 0 column cuts (0 active)  in 0.000 seconds - new frequency is -100
Cbc0014I Cut generator 4 (MixedIntegerRounding2) - 8 row cuts average 4.5 elements, 0 column cuts (0 active)  in 0.002 seconds - new frequency is -100
Cbc0014I Cut generator 5 (FlowCover) - 0 row cuts average 0.0 elements, 0 column cuts (0 active)  in 0.004 seconds - new frequency is -100
Cbc0014I Cut generator 6 (TwoMirCuts) - 34 row cuts average 12.1 elements, 0 column cuts (0 active)  in 0.004 seconds - new frequency is -100
Cbc0001I Search completed - best objective 463359.7342195378, took 142 iterations and 0 nodes (0.10 seconds)
Cbc0032I Strong branching done 6 times (32 iterations), fathomed 1 nodes and fixed 0 variables
Cbc0035I Maximum depth 0, 0 variables fixed on reduced cost
Cuts at root node changed objective from 461980 to 463360
Probing was tried 30 times and created 13 cuts of which 0 were active after adding rounds of cuts (0.002 seconds)
Gomory was tried 30 times and created 83 cuts of which 0 were active after adding rounds of cuts (0.003 seconds)
Knapsack was tried 30 times and created 0 cuts of which 0 were active after adding rounds of cuts (0.004 seconds)
Clique was tried 30 times and created 0 cuts of which 0 were active after adding rounds of cuts (0.000 seconds)
MixedIntegerRounding2 was tried 30 times and created 8 cuts of which 0 were active after adding rounds of cuts (0.002 seconds)
FlowCover was tried 30 times and created 0 cuts of which 0 were active after adding rounds of cuts (0.004 seconds)
TwoMirCuts was tried 30 times and created 34 cuts of which 0 were active after adding rounds of cuts (0.004 seconds)
ZeroHalf was tried 1 times and created 0 cuts of which 0 were active after adding rounds of cuts (0.000 seconds)

Result - Optimal solution found

Objective value:                463359.73421954
Enumerated nodes:               0
Total iterations:               142
Time (CPU seconds):             0.10
Time (Wallclock seconds):       0.10

Option for printingOptions changed from normal to all
Total time (CPU seconds):       0.13   (Wallclock seconds):       0.13

