Welcome to the CBC MILP Solver 
Version: 2.10.3 
Build Date: Dec 15 2019 

command line - E:\dachuang\.venv\Lib\site-packages\pulp\apis\../solverdir/cbc/win/i64/cbc.exe model.mps -primalTolerance 1e-9 -integerTolerance 1e-9 -ratioGap 0 -allowableGap 0 -threads 0 -branch -printingOptions all -solution solution.txt -saveSolution solution.bin -quit (default strategy 1)
At line 2 NAME          MODEL
At line 3 ROWS
At line 317 COLUMNS
At line 1133 RHS
At line 1446 BOUNDS
At line 1521 ENDATA
Problem MODEL has 312 rows, 241 columns and 647 elements
Coin0008I MODEL read with 0 errors
primalTolerance was changed from 1e-07 to 1e-09
integerTolerance was changed from 1e-07 to 1e-09
ratioGap was changed from 0 to 0
allowableGap was changed from 1e-10 to 0
Continuous objective value is 490967 - 0.00 seconds
Cgl0003I 0 fixed, 0 tightened bounds, 3 strengthened rows, 0 substitutions
Cgl0004I processed model has 119 rows, 167 columns (24 integer (24 of which binary)) and 356 elements
Cbc0038I Initial state - 11 integers unsatisfied sum - 3.76117
Cbc0038I Pass   1: suminf.    0.00000 (0) obj. 491618 iterations 16
Cbc0038I Solution found of 491618
Cbc0038I Relaxing continuous gives 491618
Cbc0038I Before mini branch and bound, 13 integers at bound fixed and 83 continuous
Cbc0038I Full problem 119 rows 167 columns, reduced to 11 rows 12 columns
Cbc0038I Mini branch and bound did not improve solution (0.01 seconds)
Cbc0038I Round again with cutoff of 491554
Cbc0038I Pass   2: suminf.    0.36376 (1) obj. 491554 iterations 2
Cbc0038I Solution found of 491554
Cbc0038I Relaxing continuous gives 491443
Cbc0038I Before mini branch and bound, 13 integers at bound fixed and 82 continuous
Cbc0038I Full problem 119 rows 167 columns, reduced to 11 rows 13 columns
Cbc0038I Mini branch and bound did not improve solution (0.02 seconds)
Cbc0038I Round again with cutoff of 491352
Cbc0038I Pass   3: suminf.    0.52752 (2) obj. 491352 iterations 7
Cbc0038I Pass   4: suminf.    0.52752 (2) obj. 491352 iterations 0
Cbc0038I Pass   5: suminf.    0.31329 (2) obj. 491352 iterations 12
Cbc0038I Pass   6: suminf.    0.28869 (2) obj. 491352 iterations 2
Cbc0038I Pass   7: suminf.    0.64108 (3) obj. 491352 iterations 14
Cbc0038I Pass   8: suminf.    0.62502 (4) obj. 491352 iterations 2
Cbc0038I Pass   9: suminf.    0.98853 (5) obj. 491352 iterations 12
Cbc0038I Pass  10: suminf.    0.96057 (4) obj. 491352 iterations 2
Cbc0038I Pass  11: suminf.    0.18057 (2) obj. 491352 iterations 10
Cbc0038I Pass  12: suminf.    0.18057 (2) obj. 491352 iterations 0
Cbc0038I Pass  13: suminf.    0.48097 (1) obj. 491352 iterations 5
Cbc0038I Solution found of 491352
Cbc0038I Relaxing continuous gives 491320
Cbc0038I Before mini branch and bound, 12 integers at bound fixed and 73 continuous
Cbc0038I Full problem 119 rows 167 columns, reduced to 35 rows 46 columns
Cbc0038I Mini branch and bound improved solution from 491320 to 491254 (0.04 seconds)
Cbc0038I Round again with cutoff of 491173
Cbc0038I Pass  14: suminf.    1.05888 (4) obj. 491173 iterations 4
Cbc0038I Pass  15: suminf.    1.03428 (4) obj. 491173 iterations 4
Cbc0038I Pass  16: suminf.    1.36501 (4) obj. 491173 iterations 11
Cbc0038I Pass  17: suminf.    1.36501 (4) obj. 491173 iterations 0
Cbc0038I Pass  18: suminf.    0.92692 (6) obj. 491173 iterations 13
Cbc0038I Pass  19: suminf.    0.92692 (6) obj. 491173 iterations 0
Cbc0038I Pass  20: suminf.    1.67627 (6) obj. 491173 iterations 8
Cbc0038I Pass  21: suminf.    1.65178 (6) obj. 491173 iterations 4
Cbc0038I Pass  22: suminf.    1.00634 (6) obj. 491173 iterations 11
Cbc0038I Pass  23: suminf.    0.91826 (6) obj. 491173 iterations 1
Cbc0038I Pass  24: suminf.    1.90384 (7) obj. 491173 iterations 6
Cbc0038I Pass  25: suminf.    1.81576 (7) obj. 491173 iterations 1
Cbc0038I Pass  26: suminf.    1.00634 (6) obj. 491173 iterations 7
Cbc0038I Pass  27: suminf.    1.55920 (9) obj. 491173 iterations 13
Cbc0038I Pass  28: suminf.    0.99706 (7) obj. 491173 iterations 3
Cbc0038I Pass  29: suminf.    1.90384 (7) obj. 491173 iterations 7
Cbc0038I Pass  30: suminf.    1.81576 (7) obj. 491173 iterations 1
Cbc0038I Pass  31: suminf.    1.00634 (6) obj. 491173 iterations 7
Cbc0038I Pass  32: suminf.    0.91826 (6) obj. 491173 iterations 1
Cbc0038I Pass  33: suminf.    1.67159 (8) obj. 491173 iterations 3
Cbc0038I Pass  34: suminf.    2.24451 (7) obj. 491173 iterations 9
Cbc0038I Pass  35: suminf.    2.24451 (7) obj. 491173 iterations 3
Cbc0038I Pass  36: suminf.    1.45518 (5) obj. 491173 iterations 10
Cbc0038I Pass  37: suminf.    1.45518 (5) obj. 491173 iterations 1
Cbc0038I Pass  38: suminf.    1.25385 (4) obj. 491173 iterations 6
Cbc0038I Pass  39: suminf.    1.25385 (4) obj. 491173 iterations 1
Cbc0038I Pass  40: suminf.    0.91826 (3) obj. 491173 iterations 9
Cbc0038I Pass  41: suminf.    0.91826 (3) obj. 491173 iterations 0
Cbc0038I Pass  42: suminf.    0.98135 (3) obj. 491173 iterations 2
Cbc0038I Pass  43: suminf.    0.76451 (3) obj. 491173 iterations 2
Cbc0038I No solution found this major pass
Cbc0038I Before mini branch and bound, 2 integers at bound fixed and 67 continuous
Cbc0038I Full problem 119 rows 167 columns, reduced to 37 rows 49 columns
Cbc0038I Mini branch and bound did not improve solution (0.06 seconds)
Cbc0038I After 0.06 seconds - Feasibility pump exiting with objective of 491254 - took 0.05 seconds
Cbc0012I Integer solution of 491253.69 found by feasibility pump after 0 iterations and 0 nodes (0.06 seconds)
Cbc0038I Full problem 119 rows 167 columns, reduced to 85 rows 133 columns - 4 fixed gives 77, 125 - ok now
Cbc0038I Full problem 119 rows 167 columns, reduced to 77 rows 125 columns
Cbc0031I 17 added rows had average density of 19.529412
Cbc0013I At root node, 17 cuts changed objective from 490984.26 to 491188.41 in 100 passes
Cbc0014I Cut generator 0 (Probing) - 28 row cuts average 2.0 elements, 0 column cuts (0 active)  in 0.017 seconds - new frequency is -100
Cbc0014I Cut generator 1 (Gomory) - 395 row cuts average 27.8 elements, 0 column cuts (0 active)  in 0.006 seconds - new frequency is 1
Cbc0014I Cut generator 2 (Knapsack) - 0 row cuts average 0.0 elements, 0 column cuts (0 active)  in 0.026 seconds - new frequency is -100
Cbc0014I Cut generator 3 (Clique) - 0 row cuts average 0.0 elements, 0 column cuts (0 active)  in 0.000 seconds - new frequency is -100
Cbc0014I Cut generator 4 (MixedIntegerRounding2) - 30 row cuts average 4.9 elements, 0 column cuts (0 active)  in 0.015 seconds - new frequency is -100
Cbc0014I Cut generator 5 (FlowCover) - 0 row cuts average 0.0 elements, 0 column cuts (0 active)  in 0.015 seconds - new frequency is -100
Cbc0014I Cut generator 6 (TwoMirCuts) - 44 row cuts average 10.3 elements, 0 column cuts (0 active)  in 0.006 seconds - new frequency is -100
Cbc0010I After 0 nodes, 1 on tree, 491253.69 best solution, best possible 491188.41 (0.23 seconds)
Cbc0001I Search completed - best objective 491253.6936288063, took 1667 iterations and 14 nodes (0.28 seconds)
Cbc0032I Strong branching done 104 times (428 iterations), fathomed 6 nodes and fixed 6 variables
Cbc0035I Maximum depth 4, 0 variables fixed on reduced cost
Cuts at root node changed objective from 490984 to 491188
Probing was tried 100 times and created 28 cuts of which 0 were active after adding rounds of cuts (0.017 seconds)
Gomory was tried 179 times and created 666 cuts of which 0 were active after adding rounds of cuts (0.011 seconds)
Knapsack was tried 100 times and created 0 cuts of which 0 were active after adding rounds of cuts (0.026 seconds)
Clique was tried 100 times and created 0 cuts of which 0 were active after adding rounds of cuts (0.000 seconds)
MixedIntegerRounding2 was tried 100 times and created 30 cuts of which 0 were active after adding rounds of cuts (0.015 seconds)
FlowCover was tried 100 times and created 0 cuts of which 0 were active after adding rounds of cuts (0.015 seconds)
TwoMirCuts was tried 100 times and created 44 cuts of which 0 were active after adding rounds of cuts (0.006 seconds)
ZeroHalf was tried 1 times and created 0 cuts of which 0 were active after adding rounds of cuts (0.000 seconds)

Result - Optimal solution found

Objective value:                491253.69362881
Enumerated nodes:               14
Total iterations:               1667
Time (CPU seconds):             0.28
Time (Wallclock seconds):       0.28

Option for printingOptions changed from normal to all
Total time (CPU seconds):       0.31   (Wallclock seconds):       0.31

