Welcome to the CBC MILP Solver 
Version: 2.10.3 
Build Date: Dec 15 2019 

command line - E:\dachuang\.venv\Lib\site-packages\pulp\apis\../solverdir/cbc/win/i64/cbc.exe model.mps -primalTolerance 1e-9 -integerTolerance 1e-9 -ratioGap 0 -allowableGap 0 -threads 0 -branch -printingOptions all -solution solution.txt -saveSolution solution.bin -quit (default strategy 1)
At line 2 NAME          MODEL
At line 3 ROWS
At line 317 COLUMNS
At line 1133 RHS
At line 1446 BOUNDS
At line 1521 ENDATA
Problem MODEL has 312 rows, 241 columns and 647 elements
Coin0008I MODEL read with 0 errors
primalTolerance was changed from 1e-07 to 1e-09
integerTolerance was changed from 1e-07 to 1e-09
ratioGap was changed from 0 to 0
allowableGap was changed from 1e-10 to 0
Continuous objective value is 483462 - 0.00 seconds
Cgl0003I 0 fixed, 0 tightened bounds, 3 strengthened rows, 0 substitutions
Cgl0004I processed model has 119 rows, 167 columns (24 integer (24 of which binary)) and 356 elements
Cbc0038I Initial state - 12 integers unsatisfied sum - 5.19529
Cbc0038I Pass   1: suminf.    0.00000 (0) obj. 486606 iterations 18
Cbc0038I Solution found of 486606
Cbc0038I Relaxing continuous gives 486606
Cbc0038I Before mini branch and bound, 12 integers at bound fixed and 82 continuous
Cbc0038I Full problem 119 rows 167 columns, reduced to 13 rows 14 columns
Cbc0038I Mini branch and bound improved solution from 486606 to 485064 (0.01 seconds)
Cbc0038I Round again with cutoff of 484911
Cbc0038I Pass   2: suminf.    0.68859 (2) obj. 484911 iterations 9
Cbc0038I Pass   3: suminf.    0.00000 (0) obj. 484911 iterations 7
Cbc0038I Solution found of 484911
Cbc0038I Relaxing continuous gives 484716
Cbc0038I Before mini branch and bound, 11 integers at bound fixed and 80 continuous
Cbc0038I Full problem 119 rows 167 columns, reduced to 13 rows 16 columns
Cbc0038I Mini branch and bound improved solution from 484716 to 484716 (0.02 seconds)
Cbc0038I Freeing continuous variables gives a solution of 484711
Cbc0038I Round again with cutoff of 484477
Cbc0038I Pass   4: suminf.    0.93706 (3) obj. 484477 iterations 7
Cbc0038I Pass   5: suminf.    0.93706 (3) obj. 484477 iterations 0
Cbc0038I Pass   6: suminf.    0.67294 (2) obj. 484477 iterations 16
Cbc0038I Pass   7: suminf.    0.82350 (3) obj. 484477 iterations 10
Cbc0038I Pass   8: suminf.    0.82350 (3) obj. 484477 iterations 0
Cbc0038I Pass   9: suminf.    0.35059 (1) obj. 484477 iterations 8
Cbc0038I Pass  10: suminf.    0.20558 (1) obj. 484477 iterations 1
Cbc0038I Pass  11: suminf.    0.00000 (0) obj. 484477 iterations 10
Cbc0038I Solution found of 484477
Cbc0038I Relaxing continuous gives 484471
Cbc0038I Before mini branch and bound, 9 integers at bound fixed and 72 continuous
Cbc0038I Full problem 119 rows 167 columns, reduced to 30 rows 40 columns
Cbc0038I Mini branch and bound improved solution from 484471 to 484263 (0.03 seconds)
Cbc0038I Round again with cutoff of 484046
Cbc0038I Pass  12: suminf.    2.18920 (6) obj. 484046 iterations 8
Cbc0038I Pass  13: suminf.    2.18920 (6) obj. 484046 iterations 0
Cbc0038I Pass  14: suminf.    1.35399 (4) obj. 484046 iterations 19
Cbc0038I Pass  15: suminf.    1.35399 (4) obj. 484046 iterations 0
Cbc0038I Pass  16: suminf.    1.10932 (4) obj. 484046 iterations 7
Cbc0038I Pass  17: suminf.    1.10932 (4) obj. 484046 iterations 0
Cbc0038I Pass  18: suminf.    2.58525 (6) obj. 484046 iterations 17
Cbc0038I Pass  19: suminf.    2.28924 (6) obj. 484046 iterations 2
Cbc0038I Pass  20: suminf.    2.09225 (5) obj. 484046 iterations 4
Cbc0038I Pass  21: suminf.    1.79624 (5) obj. 484046 iterations 2
Cbc0038I Pass  22: suminf.    1.79624 (5) obj. 484046 iterations 8
Cbc0038I Pass  23: suminf.    2.09225 (5) obj. 484046 iterations 3
Cbc0038I Pass  24: suminf.    1.79624 (5) obj. 484046 iterations 2
Cbc0038I Pass  25: suminf.    2.72036 (8) obj. 484046 iterations 19
Cbc0038I Pass  26: suminf.    1.61808 (7) obj. 484046 iterations 10
Cbc0038I Pass  27: suminf.    1.61808 (7) obj. 484046 iterations 0
Cbc0038I Pass  28: suminf.    2.88791 (7) obj. 484046 iterations 13
Cbc0038I Pass  29: suminf.    2.88791 (7) obj. 484046 iterations 0
Cbc0038I Pass  30: suminf.    1.02342 (5) obj. 484046 iterations 9
Cbc0038I Pass  31: suminf.    1.02342 (5) obj. 484046 iterations 0
Cbc0038I Pass  32: suminf.    2.69125 (6) obj. 484046 iterations 4
Cbc0038I Pass  33: suminf.    2.54258 (6) obj. 484046 iterations 2
Cbc0038I Pass  34: suminf.    2.18654 (8) obj. 484046 iterations 19
Cbc0038I Pass  35: suminf.    1.69125 (4) obj. 484046 iterations 7
Cbc0038I Pass  36: suminf.    1.54258 (4) obj. 484046 iterations 3
Cbc0038I Pass  37: suminf.    2.66591 (7) obj. 484046 iterations 16
Cbc0038I Pass  38: suminf.    1.02775 (5) obj. 484046 iterations 6
Cbc0038I Pass  39: suminf.    1.02775 (5) obj. 484046 iterations 0
Cbc0038I Pass  40: suminf.    2.68692 (6) obj. 484046 iterations 4
Cbc0038I Pass  41: suminf.    2.54691 (6) obj. 484046 iterations 2
Cbc0038I No solution found this major pass
Cbc0038I Before mini branch and bound, 1 integers at bound fixed and 67 continuous
Cbc0038I Full problem 119 rows 167 columns, reduced to 38 rows 50 columns
Cbc0038I Mini branch and bound did not improve solution (0.05 seconds)
Cbc0038I After 0.05 seconds - Feasibility pump exiting with objective of 484263 - took 0.04 seconds
Cbc0012I Integer solution of 484262.75 found by feasibility pump after 0 iterations and 0 nodes (0.05 seconds)
Cbc0038I Full problem 119 rows 167 columns, reduced to 92 rows 140 columns - 3 fixed gives 85, 133 - still too large
Cbc0038I Full problem 119 rows 167 columns, reduced to 85 rows 133 columns - too large
Cbc0031I 16 added rows had average density of 13.1875
Cbc0013I At root node, 16 cuts changed objective from 483539.33 to 484261.81 in 39 passes
Cbc0014I Cut generator 0 (Probing) - 5 row cuts average 2.0 elements, 0 column cuts (0 active)  in 0.002 seconds - new frequency is -100
Cbc0014I Cut generator 1 (Gomory) - 106 row cuts average 23.1 elements, 0 column cuts (0 active)  in 0.005 seconds - new frequency is 1
Cbc0014I Cut generator 2 (Knapsack) - 0 row cuts average 0.0 elements, 0 column cuts (0 active)  in 0.007 seconds - new frequency is -100
Cbc0014I Cut generator 3 (Clique) - 0 row cuts average 0.0 elements, 0 column cuts (0 active)  in 0.000 seconds - new frequency is -100
Cbc0014I Cut generator 4 (MixedIntegerRounding2) - 7 row cuts average 5.0 elements, 0 column cuts (0 active)  in 0.008 seconds - new frequency is -100
Cbc0014I Cut generator 5 (FlowCover) - 0 row cuts average 0.0 elements, 0 column cuts (0 active)  in 0.014 seconds - new frequency is -100
Cbc0014I Cut generator 6 (TwoMirCuts) - 40 row cuts average 12.0 elements, 0 column cuts (0 active)  in 0.000 seconds - new frequency is -100
Cbc0010I After 0 nodes, 1 on tree, 484262.75 best solution, best possible 484261.84 (0.11 seconds)
Cbc0001I Search completed - best objective 484262.7453919659, took 215 iterations and 2 nodes (0.11 seconds)
Cbc0032I Strong branching done 14 times (55 iterations), fathomed 1 nodes and fixed 4 variables
Cbc0035I Maximum depth 0, 1 variables fixed on reduced cost
Cuts at root node changed objective from 483539 to 484262
Probing was tried 39 times and created 5 cuts of which 0 were active after adding rounds of cuts (0.002 seconds)
Gomory was tried 41 times and created 107 cuts of which 0 were active after adding rounds of cuts (0.005 seconds)
Knapsack was tried 39 times and created 0 cuts of which 0 were active after adding rounds of cuts (0.007 seconds)
Clique was tried 39 times and created 0 cuts of which 0 were active after adding rounds of cuts (0.000 seconds)
MixedIntegerRounding2 was tried 39 times and created 7 cuts of which 0 were active after adding rounds of cuts (0.008 seconds)
FlowCover was tried 39 times and created 0 cuts of which 0 were active after adding rounds of cuts (0.014 seconds)
TwoMirCuts was tried 39 times and created 40 cuts of which 0 were active after adding rounds of cuts (0.000 seconds)
ZeroHalf was tried 1 times and created 0 cuts of which 0 were active after adding rounds of cuts (0.000 seconds)

Result - Optimal solution found

Objective value:                484262.74539197
Enumerated nodes:               2
Total iterations:               215
Time (CPU seconds):             0.12
Time (Wallclock seconds):       0.12

Option for printingOptions changed from normal to all
Total time (CPU seconds):       0.14   (Wallclock seconds):       0.14

