Welcome to the CBC MILP Solver 
Version: 2.10.3 
Build Date: Dec 15 2019 

command line - E:\dachuang\.venv\Lib\site-packages\pulp\apis\../solverdir/cbc/win/i64/cbc.exe model.mps -primalTolerance 1e-9 -integerTolerance 1e-9 -ratioGap 0 -allowableGap 0 -threads 0 -branch -printingOptions all -solution solution.txt -saveSolution solution.bin -quit (default strategy 1)
At line 2 NAME          MODEL
At line 3 ROWS
At line 317 COLUMNS
At line 1133 RHS
At line 1446 BOUNDS
At line 1521 ENDATA
Problem MODEL has 312 rows, 241 columns and 647 elements
Coin0008I MODEL read with 0 errors
primalTolerance was changed from 1e-07 to 1e-09
integerTolerance was changed from 1e-07 to 1e-09
ratioGap was changed from 0 to 0
allowableGap was changed from 1e-10 to 0
Continuous objective value is 470802 - 0.00 seconds
Cgl0003I 0 fixed, 0 tightened bounds, 1 strengthened rows, 0 substitutions
Cgl0004I processed model has 119 rows, 167 columns (24 integer (24 of which binary)) and 356 elements
Cbc0038I Initial state - 10 integers unsatisfied sum - 4.20478
Cbc0038I Pass   1: suminf.    0.00000 (0) obj. 472029 iterations 17
Cbc0038I Solution found of 472029
Cbc0038I Relaxing continuous gives 471946
Cbc0038I Before mini branch and bound, 14 integers at bound fixed and 83 continuous
Cbc0038I Full problem 119 rows 167 columns, reduced to 9 rows 10 columns
Cbc0038I Mini branch and bound did not improve solution (0.01 seconds)
Cbc0038I Round again with cutoff of 471832
Cbc0038I Pass   2: suminf.    0.39191 (1) obj. 471832 iterations 3
Cbc0038I Pass   3: suminf.    0.00000 (0) obj. 471832 iterations 3
Cbc0038I Solution found of 471832
Cbc0038I Relaxing continuous gives 471656
Cbc0038I Before mini branch and bound, 14 integers at bound fixed and 80 continuous
Cbc0038I Full problem 119 rows 167 columns, reduced to 12 rows 16 columns
Cbc0038I Mini branch and bound did not improve solution (0.01 seconds)
Cbc0038I Freeing continuous variables gives a solution of 471497
Cbc0038I Round again with cutoff of 471359
Cbc0038I Pass   4: suminf.    0.92771 (2) obj. 471359 iterations 8
Cbc0038I Pass   5: suminf.    0.47561 (2) obj. 471359 iterations 7
Cbc0038I Pass   6: suminf.    0.80901 (3) obj. 471359 iterations 13
Cbc0038I Pass   7: suminf.    1.08043 (4) obj. 471359 iterations 9
Cbc0038I Pass   8: suminf.    0.83323 (4) obj. 471359 iterations 5
Cbc0038I Pass   9: suminf.    0.98586 (4) obj. 471359 iterations 14
Cbc0038I Pass  10: suminf.    0.98586 (4) obj. 471359 iterations 0
Cbc0038I Pass  11: suminf.    0.71561 (2) obj. 471359 iterations 7
Cbc0038I Pass  12: suminf.    0.81666 (5) obj. 471359 iterations 11
Cbc0038I Pass  13: suminf.    1.66403 (5) obj. 471359 iterations 9
Cbc0038I Pass  14: suminf.    3.06323 (9) obj. 471359 iterations 18
Cbc0038I Pass  15: suminf.    2.37203 (7) obj. 471359 iterations 2
Cbc0038I Pass  16: suminf.    1.33654 (5) obj. 471359 iterations 9
Cbc0038I Pass  17: suminf.    1.33654 (5) obj. 471359 iterations 4
Cbc0038I Pass  18: suminf.    1.79471 (5) obj. 471359 iterations 7
Cbc0038I Pass  19: suminf.    1.79471 (5) obj. 471359 iterations 1
Cbc0038I Pass  20: suminf.    1.35654 (6) obj. 471359 iterations 11
Cbc0038I Pass  21: suminf.    1.35654 (6) obj. 471359 iterations 0
Cbc0038I Pass  22: suminf.    2.20391 (6) obj. 471359 iterations 8
Cbc0038I Pass  23: suminf.    2.20391 (6) obj. 471359 iterations 0
Cbc0038I Pass  24: suminf.    2.49191 (7) obj. 471359 iterations 4
Cbc0038I Pass  25: suminf.    2.49191 (7) obj. 471359 iterations 1
Cbc0038I Pass  26: suminf.    1.35654 (6) obj. 471359 iterations 10
Cbc0038I Pass  27: suminf.    1.35654 (6) obj. 471359 iterations 0
Cbc0038I Pass  28: suminf.    2.20391 (6) obj. 471359 iterations 8
Cbc0038I Pass  29: suminf.    2.20391 (6) obj. 471359 iterations 0
Cbc0038I Pass  30: suminf.    2.70361 (8) obj. 471359 iterations 22
Cbc0038I Pass  31: suminf.    2.30641 (7) obj. 471359 iterations 1
Cbc0038I Pass  32: suminf.    1.47901 (6) obj. 471359 iterations 14
Cbc0038I Pass  33: suminf.    1.45501 (5) obj. 471359 iterations 8
Cbc0038I No solution found this major pass
Cbc0038I Before mini branch and bound, 6 integers at bound fixed and 72 continuous
Cbc0038I Full problem 119 rows 167 columns, reduced to 34 rows 46 columns
Cbc0038I Mini branch and bound improved solution from 471497 to 471365 (0.03 seconds)
Cbc0038I Round again with cutoff of 471194
Cbc0038I Pass  33: suminf.    1.12652 (4) obj. 471194 iterations 4
Cbc0038I Pass  34: suminf.    1.10654 (4) obj. 471194 iterations 8
Cbc0038I Pass  35: suminf.    1.44759 (7) obj. 471194 iterations 12
Cbc0038I Pass  36: suminf.    1.44759 (6) obj. 471194 iterations 4
Cbc0038I Pass  37: suminf.    2.29497 (8) obj. 471194 iterations 10
Cbc0038I Pass  38: suminf.    2.29497 (7) obj. 471194 iterations 1
Cbc0038I Pass  39: suminf.    1.38277 (6) obj. 471194 iterations 11
Cbc0038I Pass  40: suminf.    1.37637 (6) obj. 471194 iterations 2
Cbc0038I Pass  41: suminf.    2.29497 (8) obj. 471194 iterations 14
Cbc0038I Pass  42: suminf.    1.85714 (6) obj. 471194 iterations 18
Cbc0038I Pass  43: suminf.    1.44307 (6) obj. 471194 iterations 2
Cbc0038I Pass  44: suminf.    1.75964 (5) obj. 471194 iterations 11
Cbc0038I Pass  45: suminf.    1.71205 (5) obj. 471194 iterations 1
Cbc0038I Pass  46: suminf.    1.27387 (6) obj. 471194 iterations 12
Cbc0038I Pass  47: suminf.    1.27387 (6) obj. 471194 iterations 0
Cbc0038I Pass  48: suminf.    2.12125 (6) obj. 471194 iterations 9
Cbc0038I Pass  49: suminf.    2.12125 (6) obj. 471194 iterations 0
Cbc0038I Pass  50: suminf.    2.95497 (9) obj. 471194 iterations 8
Cbc0038I Pass  51: suminf.    2.00137 (6) obj. 471194 iterations 3
Cbc0038I Pass  52: suminf.    1.31846 (4) obj. 471194 iterations 8
Cbc0038I Pass  53: suminf.    1.26193 (4) obj. 471194 iterations 2
Cbc0038I Pass  54: suminf.    1.34524 (4) obj. 471194 iterations 8
Cbc0038I Pass  55: suminf.    1.29765 (4) obj. 471194 iterations 1
Cbc0038I Pass  56: suminf.    1.27387 (6) obj. 471194 iterations 11
Cbc0038I Pass  57: suminf.    1.27387 (6) obj. 471194 iterations 0
Cbc0038I Pass  58: suminf.    2.12125 (6) obj. 471194 iterations 9
Cbc0038I Pass  59: suminf.    2.12125 (6) obj. 471194 iterations 0
Cbc0038I Pass  60: suminf.    2.12125 (6) obj. 471194 iterations 5
Cbc0038I Pass  61: suminf.    1.27387 (6) obj. 471194 iterations 11
Cbc0038I Pass  62: suminf.    1.27387 (6) obj. 471194 iterations 0
Cbc0038I No solution found this major pass
Cbc0038I Before mini branch and bound, 6 integers at bound fixed and 70 continuous
Cbc0038I Full problem 119 rows 167 columns, reduced to 35 rows 46 columns
Cbc0038I Mini branch and bound did not improve solution (0.04 seconds)
Cbc0038I After 0.04 seconds - Feasibility pump exiting with objective of 471365 - took 0.04 seconds
Cbc0012I Integer solution of 471365.49 found by feasibility pump after 0 iterations and 0 nodes (0.04 seconds)
Cbc0038I Full problem 119 rows 167 columns, reduced to 83 rows 131 columns
Cbc0031I 17 added rows had average density of 10.588235
Cbc0013I At root node, 17 cuts changed objective from 470808.63 to 471317.57 in 100 passes
Cbc0014I Cut generator 0 (Probing) - 4 row cuts average 2.0 elements, 1 column cuts (1 active)  in 0.014 seconds - new frequency is -100
Cbc0014I Cut generator 1 (Gomory) - 292 row cuts average 28.3 elements, 0 column cuts (0 active)  in 0.014 seconds - new frequency is 1
Cbc0014I Cut generator 2 (Knapsack) - 0 row cuts average 0.0 elements, 0 column cuts (0 active)  in 0.015 seconds - new frequency is -100
Cbc0014I Cut generator 3 (Clique) - 0 row cuts average 0.0 elements, 0 column cuts (0 active)  in 0.000 seconds - new frequency is -100
Cbc0014I Cut generator 4 (MixedIntegerRounding2) - 6 row cuts average 6.0 elements, 0 column cuts (0 active)  in 0.006 seconds - new frequency is -100
Cbc0014I Cut generator 5 (FlowCover) - 0 row cuts average 0.0 elements, 0 column cuts (0 active)  in 0.019 seconds - new frequency is -100
Cbc0014I Cut generator 6 (TwoMirCuts) - 21 row cuts average 10.2 elements, 0 column cuts (0 active)  in 0.003 seconds - new frequency is -100
Cbc0010I After 0 nodes, 1 on tree, 471365.49 best solution, best possible 471317.57 (0.18 seconds)
Cbc0001I Search completed - best objective 471365.4876821293, took 861 iterations and 6 nodes (0.19 seconds)
Cbc0032I Strong branching done 28 times (102 iterations), fathomed 1 nodes and fixed 2 variables
Cbc0035I Maximum depth 1, 0 variables fixed on reduced cost
Cuts at root node changed objective from 470809 to 471318
Probing was tried 100 times and created 5 cuts of which 0 were active after adding rounds of cuts (0.014 seconds)
Gomory was tried 124 times and created 329 cuts of which 0 were active after adding rounds of cuts (0.015 seconds)
Knapsack was tried 100 times and created 0 cuts of which 0 were active after adding rounds of cuts (0.015 seconds)
Clique was tried 100 times and created 0 cuts of which 0 were active after adding rounds of cuts (0.000 seconds)
MixedIntegerRounding2 was tried 100 times and created 6 cuts of which 0 were active after adding rounds of cuts (0.006 seconds)
FlowCover was tried 100 times and created 0 cuts of which 0 were active after adding rounds of cuts (0.019 seconds)
TwoMirCuts was tried 100 times and created 21 cuts of which 0 were active after adding rounds of cuts (0.003 seconds)
ZeroHalf was tried 1 times and created 0 cuts of which 0 were active after adding rounds of cuts (0.000 seconds)

Result - Optimal solution found

Objective value:                471365.48768213
Enumerated nodes:               6
Total iterations:               861
Time (CPU seconds):             0.20
Time (Wallclock seconds):       0.20

Option for printingOptions changed from normal to all
Total time (CPU seconds):       0.22   (Wallclock seconds):       0.22

