Welcome to the CBC MILP Solver 
Version: 2.10.3 
Build Date: Dec 15 2019 

command line - E:\dachuang\.venv\Lib\site-packages\pulp\apis\../solverdir/cbc/win/i64/cbc.exe model.mps -primalTolerance 1e-9 -integerTolerance 1e-9 -ratioGap 0 -allowableGap 0 -threads 0 -branch -printingOptions all -solution solution.txt -saveSolution solution.bin -quit (default strategy 1)
At line 2 NAME          MODEL
At line 3 ROWS
At line 317 COLUMNS
At line 1133 RHS
At line 1446 BOUNDS
At line 1521 ENDATA
Problem MODEL has 312 rows, 241 columns and 647 elements
Coin0008I MODEL read with 0 errors
primalTolerance was changed from 1e-07 to 1e-09
integerTolerance was changed from 1e-07 to 1e-09
ratioGap was changed from 0 to 0
allowableGap was changed from 1e-10 to 0
Continuous objective value is 458990 - 0.00 seconds
Cgl0004I processed model has 117 rows, 165 columns (24 integer (24 of which binary)) and 352 elements
Cbc0038I Initial state - 13 integers unsatisfied sum - 4.2972
Cbc0038I Pass   1: suminf.    0.00000 (0) obj. 460164 iterations 23
Cbc0038I Solution found of 460164
Cbc0038I Relaxing continuous gives 460164
Cbc0038I Before mini branch and bound, 11 integers at bound fixed and 79 continuous
Cbc0038I Full problem 117 rows 165 columns, reduced to 7 rows 8 columns
Cbc0038I Mini branch and bound improved solution from 460164 to 460164 (0.01 seconds)
Cbc0038I Round again with cutoff of 460047
Cbc0038I Pass   2: suminf.    0.40462 (1) obj. 460047 iterations 2
Cbc0038I Pass   3: suminf.    0.00000 (0) obj. 460047 iterations 5
Cbc0038I Solution found of 460047
Cbc0038I Relaxing continuous gives 459874
Cbc0038I Before mini branch and bound, 11 integers at bound fixed and 76 continuous
Cbc0038I Full problem 117 rows 165 columns, reduced to 10 rows 14 columns
Cbc0038I Mini branch and bound improved solution from 459874 to 459874 (0.02 seconds)
Cbc0038I Round again with cutoff of 459697
Cbc0038I Pass   4: suminf.    0.60924 (3) obj. 459697 iterations 9
Cbc0038I Pass   5: suminf.    0.60924 (3) obj. 459697 iterations 0
Cbc0038I Pass   6: suminf.    1.15151 (4) obj. 459697 iterations 18
Cbc0038I Pass   7: suminf.    1.15151 (4) obj. 459697 iterations 1
Cbc0038I Pass   8: suminf.    0.88823 (4) obj. 459697 iterations 7
Cbc0038I Pass   9: suminf.    0.88823 (4) obj. 459697 iterations 0
Cbc0038I Pass  10: suminf.    1.11529 (3) obj. 459697 iterations 3
Cbc0038I Pass  11: suminf.    0.64823 (2) obj. 459697 iterations 2
Cbc0038I Pass  12: suminf.    0.82129 (2) obj. 459697 iterations 4
Cbc0038I Pass  13: suminf.    1.09871 (4) obj. 459697 iterations 10
Cbc0038I Pass  14: suminf.    1.09871 (3) obj. 459697 iterations 4
Cbc0038I Pass  15: suminf.    0.75871 (3) obj. 459697 iterations 4
Cbc0038I Pass  16: suminf.    0.73151 (2) obj. 459697 iterations 2
Cbc0038I Pass  17: suminf.    0.73151 (2) obj. 459697 iterations 0
Cbc0038I Pass  18: suminf.    1.70191 (6) obj. 459697 iterations 17
Cbc0038I Pass  19: suminf.    1.11951 (4) obj. 459697 iterations 2
Cbc0038I Pass  20: suminf.    0.73151 (3) obj. 459697 iterations 2
Cbc0038I Pass  21: suminf.    0.73151 (3) obj. 459697 iterations 0
Cbc0038I Pass  22: suminf.    0.97151 (3) obj. 459697 iterations 2
Cbc0038I Pass  23: suminf.    0.97151 (3) obj. 459697 iterations 0
Cbc0038I Pass  24: suminf.    1.37991 (4) obj. 459697 iterations 6
Cbc0038I Pass  25: suminf.    0.97151 (3) obj. 459697 iterations 1
Cbc0038I Pass  26: suminf.    0.73151 (3) obj. 459697 iterations 1
Cbc0038I Pass  27: suminf.    0.73151 (3) obj. 459697 iterations 0
Cbc0038I Pass  28: suminf.    0.97151 (3) obj. 459697 iterations 2
Cbc0038I Pass  29: suminf.    1.70369 (5) obj. 459697 iterations 15
Cbc0038I Pass  30: suminf.    0.73151 (3) obj. 459697 iterations 2
Cbc0038I Pass  31: suminf.    0.97151 (3) obj. 459697 iterations 2
Cbc0038I Pass  32: suminf.    0.97151 (3) obj. 459697 iterations 0
Cbc0038I Pass  33: suminf.    0.73151 (3) obj. 459697 iterations 1
Cbc0038I No solution found this major pass
Cbc0038I Before mini branch and bound, 2 integers at bound fixed and 65 continuous
Cbc0038I Full problem 117 rows 165 columns, reduced to 30 rows 40 columns
Cbc0038I Mini branch and bound improved solution from 459874 to 459812 (0.04 seconds)
Cbc0038I Round again with cutoff of 459485
Cbc0038I Pass  33: suminf.    1.40704 (6) obj. 459485 iterations 6
Cbc0038I Pass  34: suminf.    1.40704 (6) obj. 459485 iterations 0
Cbc0038I Pass  35: suminf.    1.45829 (5) obj. 459485 iterations 15
Cbc0038I Pass  36: suminf.    1.45829 (5) obj. 459485 iterations 1
Cbc0038I Pass  37: suminf.    1.75189 (5) obj. 459485 iterations 3
Cbc0038I Pass  38: suminf.    1.75189 (5) obj. 459485 iterations 0
Cbc0038I Pass  39: suminf.    1.45829 (5) obj. 459485 iterations 1
Cbc0038I Pass  40: suminf.    2.43278 (7) obj. 459485 iterations 25
Cbc0038I Pass  41: suminf.    2.02438 (6) obj. 459485 iterations 1
Cbc0038I Pass  42: suminf.    1.80518 (5) obj. 459485 iterations 5
Cbc0038I Pass  43: suminf.    1.80518 (5) obj. 459485 iterations 0
Cbc0038I Pass  44: suminf.    1.65718 (5) obj. 459485 iterations 1
Cbc0038I Pass  45: suminf.    1.65718 (5) obj. 459485 iterations 0
Cbc0038I Pass  46: suminf.    3.06718 (9) obj. 459485 iterations 21
Cbc0038I Pass  47: suminf.    2.65878 (8) obj. 459485 iterations 1
Cbc0038I Pass  48: suminf.    2.18949 (7) obj. 459485 iterations 10
Cbc0038I Pass  49: suminf.    2.01549 (6) obj. 459485 iterations 1
Cbc0038I Pass  50: suminf.    1.86749 (6) obj. 459485 iterations 4
Cbc0038I Pass  51: suminf.    1.86749 (6) obj. 459485 iterations 0
Cbc0038I Pass  52: suminf.    2.01549 (6) obj. 459485 iterations 7
Cbc0038I Pass  53: suminf.    1.89989 (6) obj. 459485 iterations 4
Cbc0038I Pass  54: suminf.    1.89989 (6) obj. 459485 iterations 0
Cbc0038I Pass  55: suminf.    1.45829 (5) obj. 459485 iterations 3
Cbc0038I Pass  56: suminf.    1.45829 (5) obj. 459485 iterations 0
Cbc0038I Pass  57: suminf.    1.75189 (5) obj. 459485 iterations 2
Cbc0038I Pass  58: suminf.    1.75189 (5) obj. 459485 iterations 0
Cbc0038I Pass  59: suminf.    2.23989 (7) obj. 459485 iterations 7
Cbc0038I Pass  60: suminf.    2.23989 (7) obj. 459485 iterations 0
Cbc0038I Pass  61: suminf.    2.02069 (6) obj. 459485 iterations 5
Cbc0038I Pass  62: suminf.    2.02069 (6) obj. 459485 iterations 0
Cbc0038I No solution found this major pass
Cbc0038I Before mini branch and bound, 3 integers at bound fixed and 64 continuous
Cbc0038I Full problem 117 rows 165 columns, reduced to 36 rows 46 columns
Cbc0038I Mini branch and bound did not improve solution (0.05 seconds)
Cbc0038I After 0.05 seconds - Feasibility pump exiting with objective of 459812 - took 0.04 seconds
Cbc0012I Integer solution of 459811.71 found by feasibility pump after 0 iterations and 0 nodes (0.05 seconds)
Cbc0038I Full problem 117 rows 165 columns, reduced to 90 rows 138 columns - 5 fixed gives 76, 124 - ok now
Cbc0038I Full problem 117 rows 165 columns, reduced to 76 rows 124 columns
Cbc0031I 11 added rows had average density of 5.5454545
Cbc0013I At root node, 11 cuts changed objective from 458989.91 to 459703.83 in 27 passes
Cbc0014I Cut generator 0 (Probing) - 5 row cuts average 2.0 elements, 2 column cuts (2 active)  in 0.001 seconds - new frequency is 1
Cbc0014I Cut generator 1 (Gomory) - 54 row cuts average 21.6 elements, 0 column cuts (0 active)  in 0.005 seconds - new frequency is 1
Cbc0014I Cut generator 2 (Knapsack) - 0 row cuts average 0.0 elements, 0 column cuts (0 active)  in 0.001 seconds - new frequency is -100
Cbc0014I Cut generator 3 (Clique) - 0 row cuts average 0.0 elements, 0 column cuts (0 active)  in 0.000 seconds - new frequency is -100
Cbc0014I Cut generator 4 (MixedIntegerRounding2) - 9 row cuts average 6.2 elements, 0 column cuts (0 active)  in 0.003 seconds - new frequency is 1
Cbc0014I Cut generator 5 (FlowCover) - 0 row cuts average 0.0 elements, 0 column cuts (0 active)  in 0.007 seconds - new frequency is -100
Cbc0014I Cut generator 6 (TwoMirCuts) - 22 row cuts average 9.6 elements, 0 column cuts (0 active)  in 0.001 seconds - new frequency is -100
Cbc0010I After 0 nodes, 1 on tree, 459811.71 best solution, best possible 459703.83 (0.10 seconds)
Cbc0001I Search completed - best objective 459811.7092500028, took 272 iterations and 6 nodes (0.12 seconds)
Cbc0032I Strong branching done 20 times (56 iterations), fathomed 4 nodes and fixed 1 variables
Cbc0035I Maximum depth 2, 0 variables fixed on reduced cost
Cuts at root node changed objective from 458990 to 459704
Probing was tried 52 times and created 7 cuts of which 0 were active after adding rounds of cuts (0.002 seconds)
Gomory was tried 52 times and created 83 cuts of which 0 were active after adding rounds of cuts (0.006 seconds)
Knapsack was tried 27 times and created 0 cuts of which 0 were active after adding rounds of cuts (0.001 seconds)
Clique was tried 27 times and created 0 cuts of which 0 were active after adding rounds of cuts (0.000 seconds)
MixedIntegerRounding2 was tried 52 times and created 9 cuts of which 0 were active after adding rounds of cuts (0.006 seconds)
FlowCover was tried 27 times and created 0 cuts of which 0 were active after adding rounds of cuts (0.007 seconds)
TwoMirCuts was tried 27 times and created 22 cuts of which 0 were active after adding rounds of cuts (0.001 seconds)
ZeroHalf was tried 1 times and created 0 cuts of which 0 were active after adding rounds of cuts (0.000 seconds)

Result - Optimal solution found

Objective value:                459811.70925000
Enumerated nodes:               6
Total iterations:               272
Time (CPU seconds):             0.12
Time (Wallclock seconds):       0.12

Option for printingOptions changed from normal to all
Total time (CPU seconds):       0.14   (Wallclock seconds):       0.14

