Welcome to the CBC MILP Solver 
Version: 2.10.3 
Build Date: Dec 15 2019 

command line - E:\dachuang\.venv\Lib\site-packages\pulp\apis\../solverdir/cbc/win/i64/cbc.exe model.mps -primalTolerance 1e-9 -integerTolerance 1e-9 -ratioGap 0 -allowableGap 0 -threads 0 -branch -printingOptions all -solution solution.txt -saveSolution solution.bin -quit (default strategy 1)
At line 2 NAME          MODEL
At line 3 ROWS
At line 317 COLUMNS
At line 1133 RHS
At line 1446 BOUNDS
At line 1521 ENDATA
Problem MODEL has 312 rows, 241 columns and 647 elements
Coin0008I MODEL read with 0 errors
primalTolerance was changed from 1e-07 to 1e-09
integerTolerance was changed from 1e-07 to 1e-09
ratioGap was changed from 0 to 0
allowableGap was changed from 1e-10 to 0
Continuous objective value is 506109 - 0.00 seconds
Cgl0003I 0 fixed, 0 tightened bounds, 37 strengthened rows, 0 substitutions
Cgl0004I processed model has 119 rows, 167 columns (24 integer (24 of which binary)) and 356 elements
Cbc0038I Initial state - 11 integers unsatisfied sum - 5
Cbc0038I Pass   1: suminf.    0.00000 (0) obj. 508143 iterations 17
Cbc0038I Solution found of 508143
Cbc0038I Relaxing continuous gives 508143
Cbc0038I Before mini branch and bound, 13 integers at bound fixed and 88 continuous
Cbc0038I Full problem 119 rows 167 columns, reduced to 21 rows 22 columns
Cbc0038I Mini branch and bound did not improve solution (0.02 seconds)
Cbc0038I Round again with cutoff of 508099
Cbc0038I Pass   2: suminf.    0.50000 (1) obj. 508099 iterations 2
Cbc0038I Pass   3: suminf.    0.00000 (0) obj. 508099 iterations 3
Cbc0038I Solution found of 508099
Cbc0038I Relaxing continuous gives 508055
Cbc0038I Before mini branch and bound, 13 integers at bound fixed and 85 continuous
Cbc0038I Full problem 119 rows 167 columns, reduced to 23 rows 26 columns
Cbc0038I Mini branch and bound did not improve solution (0.03 seconds)
Cbc0038I Round again with cutoff of 507984
Cbc0038I Pass   4: suminf.    0.80000 (2) obj. 507984 iterations 4
Cbc0038I Pass   5: suminf.    0.80000 (2) obj. 507984 iterations 0
Cbc0038I Pass   6: suminf.    0.94559 (2) obj. 507984 iterations 11
Cbc0038I Pass   7: suminf.    0.94559 (2) obj. 507984 iterations 0
Cbc0038I Pass   8: suminf.    0.80000 (2) obj. 507984 iterations 2
Cbc0038I Pass   9: suminf.    1.08750 (3) obj. 507984 iterations 23
Cbc0038I Pass  10: suminf.    1.08750 (4) obj. 507984 iterations 1
Cbc0038I Pass  11: suminf.    0.78412 (2) obj. 507984 iterations 17
Cbc0038I Pass  12: suminf.    0.21588 (1) obj. 507984 iterations 1
Cbc0038I Pass  13: suminf.    0.21588 (1) obj. 507984 iterations 2
Cbc0038I Pass  14: suminf.    0.21604 (2) obj. 507984 iterations 12
Cbc0038I Pass  15: suminf.    0.21604 (2) obj. 507984 iterations 1
Cbc0038I Pass  16: suminf.    0.21604 (2) obj. 507984 iterations 6
Cbc0038I Pass  17: suminf.    0.67714 (3) obj. 507984 iterations 4
Cbc0038I Pass  18: suminf.    0.21604 (2) obj. 507984 iterations 3
Cbc0038I Pass  19: suminf.    0.21604 (2) obj. 507984 iterations 6
Cbc0038I Pass  20: suminf.    1.35557 (5) obj. 507984 iterations 14
Cbc0038I Pass  21: suminf.    1.16583 (4) obj. 507984 iterations 1
Cbc0038I Pass  22: suminf.    0.34083 (3) obj. 507984 iterations 3
Cbc0038I Pass  23: suminf.    0.08767 (2) obj. 507984 iterations 8
Cbc0038I Pass  24: suminf.    0.08767 (2) obj. 507984 iterations 2
Cbc0038I Pass  25: suminf.    1.34461 (4) obj. 507984 iterations 33
Cbc0038I Pass  26: suminf.    0.51961 (3) obj. 507984 iterations 3
Cbc0038I Pass  27: suminf.    0.08750 (1) obj. 507984 iterations 5
Cbc0038I Pass  28: suminf.    0.08750 (1) obj. 507984 iterations 2
Cbc0038I Pass  29: suminf.    0.97895 (3) obj. 507984 iterations 29
Cbc0038I Pass  30: suminf.    0.97895 (3) obj. 507984 iterations 0
Cbc0038I Pass  31: suminf.    0.80000 (2) obj. 507984 iterations 5
Cbc0038I Pass  32: suminf.    0.80000 (2) obj. 507984 iterations 0
Cbc0038I Pass  33: suminf.    0.80000 (2) obj. 507984 iterations 1
Cbc0038I No solution found this major pass
Cbc0038I Before mini branch and bound, 1 integers at bound fixed and 69 continuous
Cbc0038I Full problem 119 rows 167 columns, reduced to 35 rows 46 columns
Cbc0038I Mini branch and bound improved solution from 508055 to 507814 (0.05 seconds)
Cbc0038I Round again with cutoff of 507781
Cbc0038I Pass  33: suminf.    2.24318 (8) obj. 507781 iterations 7
Cbc0038I Pass  34: suminf.    2.23660 (7) obj. 507781 iterations 1
Cbc0038I Pass  35: suminf.    2.10822 (5) obj. 507781 iterations 20
Cbc0038I Pass  36: suminf.    2.10822 (5) obj. 507781 iterations 0
Cbc0038I Pass  37: suminf.    1.26128 (5) obj. 507781 iterations 6
Cbc0038I Pass  38: suminf.    1.25382 (4) obj. 507781 iterations 1
Cbc0038I Pass  39: suminf.    1.26128 (5) obj. 507781 iterations 6
Cbc0038I Pass  40: suminf.    1.25382 (4) obj. 507781 iterations 1
Cbc0038I Pass  41: suminf.    1.38219 (4) obj. 507781 iterations 18
Cbc0038I Pass  42: suminf.    0.76340 (2) obj. 507781 iterations 4
Cbc0038I Pass  43: suminf.    0.38219 (1) obj. 507781 iterations 4
Cbc0038I Pass  44: suminf.    0.38219 (1) obj. 507781 iterations 2
Cbc0038I Pass  45: suminf.    1.38219 (3) obj. 507781 iterations 13
Cbc0038I Pass  46: suminf.    1.38219 (3) obj. 507781 iterations 0
Cbc0038I Pass  47: suminf.    1.23660 (3) obj. 507781 iterations 3
Cbc0038I Pass  48: suminf.    1.23660 (3) obj. 507781 iterations 0
Cbc0038I Pass  49: suminf.    1.38219 (3) obj. 507781 iterations 3
Cbc0038I Pass  50: suminf.    1.23660 (3) obj. 507781 iterations 4
Cbc0038I Pass  51: suminf.    1.23660 (3) obj. 507781 iterations 0
Cbc0038I Pass  52: suminf.    1.38219 (3) obj. 507781 iterations 3
Cbc0038I Pass  53: suminf.    1.38219 (3) obj. 507781 iterations 0
Cbc0038I Pass  54: suminf.    1.23660 (3) obj. 507781 iterations 3
Cbc0038I Pass  55: suminf.    1.48976 (4) obj. 507781 iterations 11
Cbc0038I Pass  56: suminf.    1.48976 (4) obj. 507781 iterations 0
Cbc0038I Pass  57: suminf.    1.23660 (3) obj. 507781 iterations 8
Cbc0038I Pass  58: suminf.    1.23660 (3) obj. 507781 iterations 0
Cbc0038I Pass  59: suminf.    1.38219 (3) obj. 507781 iterations 3
Cbc0038I Pass  60: suminf.    1.38219 (3) obj. 507781 iterations 0
Cbc0038I Pass  61: suminf.    1.69770 (5) obj. 507781 iterations 21
Cbc0038I Pass  62: suminf.    1.69770 (6) obj. 507781 iterations 1
Cbc0038I No solution found this major pass
Cbc0038I Before mini branch and bound, 4 integers at bound fixed and 74 continuous
Cbc0038I Full problem 119 rows 167 columns, reduced to 33 rows 44 columns
Cbc0038I Mini branch and bound improved solution from 507814 to 507801 (0.06 seconds)
Cbc0038I Round again with cutoff of 507757
Cbc0038I Pass  62: suminf.    2.51071 (8) obj. 507757 iterations 0
Cbc0038I Pass  63: suminf.    2.50413 (7) obj. 507757 iterations 1
Cbc0038I Pass  64: suminf.    2.37576 (5) obj. 507757 iterations 13
Cbc0038I Pass  65: suminf.    2.37576 (5) obj. 507757 iterations 0
Cbc0038I Pass  66: suminf.    1.52881 (5) obj. 507757 iterations 4
Cbc0038I Pass  67: suminf.    1.52135 (4) obj. 507757 iterations 1
Cbc0038I Pass  68: suminf.    1.52881 (5) obj. 507757 iterations 5
Cbc0038I Pass  69: suminf.    1.52135 (4) obj. 507757 iterations 1
Cbc0038I Pass  70: suminf.    1.52135 (4) obj. 507757 iterations 15
Cbc0038I Pass  71: suminf.    1.52135 (4) obj. 507757 iterations 0
Cbc0038I Pass  72: suminf.    0.65719 (4) obj. 507757 iterations 6
Cbc0038I Pass  73: suminf.    0.64972 (4) obj. 507757 iterations 3
Cbc0038I Pass  74: suminf.    1.52881 (5) obj. 507757 iterations 6
Cbc0038I Pass  75: suminf.    1.52135 (4) obj. 507757 iterations 1
Cbc0038I Pass  76: suminf.    0.65719 (4) obj. 507757 iterations 7
Cbc0038I Pass  77: suminf.    0.64972 (4) obj. 507757 iterations 2
Cbc0038I Pass  78: suminf.    1.52881 (5) obj. 507757 iterations 11
Cbc0038I Pass  79: suminf.    1.52135 (4) obj. 507757 iterations 1
Cbc0038I Pass  80: suminf.    0.65719 (4) obj. 507757 iterations 6
Cbc0038I Pass  81: suminf.    0.64972 (4) obj. 507757 iterations 4
Cbc0038I Pass  82: suminf.    1.52881 (5) obj. 507757 iterations 10
Cbc0038I Pass  83: suminf.    1.52135 (4) obj. 507757 iterations 1
Cbc0038I Pass  84: suminf.    0.65719 (4) obj. 507757 iterations 7
Cbc0038I Pass  85: suminf.    0.64972 (4) obj. 507757 iterations 2
Cbc0038I Pass  86: suminf.    1.52881 (5) obj. 507757 iterations 11
Cbc0038I Pass  87: suminf.    1.52135 (4) obj. 507757 iterations 1
Cbc0038I Pass  88: suminf.    0.65719 (4) obj. 507757 iterations 6
Cbc0038I Pass  89: suminf.    0.64972 (4) obj. 507757 iterations 2
Cbc0038I Pass  90: suminf.    1.52881 (5) obj. 507757 iterations 10
Cbc0038I Pass  91: suminf.    1.52135 (4) obj. 507757 iterations 1
Cbc0038I No solution found this major pass
Cbc0038I Before mini branch and bound, 10 integers at bound fixed and 75 continuous
Cbc0038I Full problem 119 rows 167 columns, reduced to 31 rows 41 columns
Cbc0038I Mini branch and bound did not improve solution (0.08 seconds)
Cbc0038I After 0.08 seconds - Feasibility pump exiting with objective of 507801 - took 0.07 seconds
Cbc0012I Integer solution of 507801.5 found by feasibility pump after 0 iterations and 0 nodes (0.08 seconds)
Cbc0038I Full problem 119 rows 167 columns, reduced to 83 rows 131 columns
Cbc0031I 16 added rows had average density of 11
Cbc0013I At root node, 16 cuts changed objective from 507701.96 to 507801.49 in 84 passes
Cbc0014I Cut generator 0 (Probing) - 6 row cuts average 3.0 elements, 1 column cuts (1 active)  in 0.016 seconds - new frequency is -100
Cbc0014I Cut generator 1 (Gomory) - 173 row cuts average 23.5 elements, 0 column cuts (0 active)  in 0.006 seconds - new frequency is 1
Cbc0014I Cut generator 2 (Knapsack) - 0 row cuts average 0.0 elements, 0 column cuts (0 active)  in 0.016 seconds - new frequency is -100
Cbc0014I Cut generator 3 (Clique) - 0 row cuts average 0.0 elements, 0 column cuts (0 active)  in 0.001 seconds - new frequency is -100
Cbc0014I Cut generator 4 (MixedIntegerRounding2) - 8 row cuts average 5.4 elements, 0 column cuts (0 active)  in 0.003 seconds - new frequency is -100
Cbc0014I Cut generator 5 (FlowCover) - 0 row cuts average 0.0 elements, 0 column cuts (0 active)  in 0.011 seconds - new frequency is -100
Cbc0014I Cut generator 6 (TwoMirCuts) - 34 row cuts average 10.4 elements, 0 column cuts (0 active)  in 0.007 seconds - new frequency is -100
Cbc0001I Search completed - best objective 507801.4950789472, took 517 iterations and 0 nodes (0.18 seconds)
Cbc0032I Strong branching done 4 times (19 iterations), fathomed 1 nodes and fixed 0 variables
Cbc0035I Maximum depth 0, 0 variables fixed on reduced cost
Cuts at root node changed objective from 507702 to 507816
Probing was tried 84 times and created 7 cuts of which 0 were active after adding rounds of cuts (0.016 seconds)
Gomory was tried 84 times and created 173 cuts of which 0 were active after adding rounds of cuts (0.006 seconds)
Knapsack was tried 84 times and created 0 cuts of which 0 were active after adding rounds of cuts (0.016 seconds)
Clique was tried 84 times and created 0 cuts of which 0 were active after adding rounds of cuts (0.001 seconds)
MixedIntegerRounding2 was tried 84 times and created 8 cuts of which 0 were active after adding rounds of cuts (0.003 seconds)
FlowCover was tried 84 times and created 0 cuts of which 0 were active after adding rounds of cuts (0.011 seconds)
TwoMirCuts was tried 84 times and created 34 cuts of which 0 were active after adding rounds of cuts (0.007 seconds)
ZeroHalf was tried 1 times and created 0 cuts of which 0 were active after adding rounds of cuts (0.000 seconds)

Result - Optimal solution found

Objective value:                507801.49507895
Enumerated nodes:               0
Total iterations:               517
Time (CPU seconds):             0.19
Time (Wallclock seconds):       0.19

Option for printingOptions changed from normal to all
Total time (CPU seconds):       0.21   (Wallclock seconds):       0.21

