Welcome to the CBC MILP Solver 
Version: 2.10.3 
Build Date: Dec 15 2019 

command line - E:\dachuang\.venv\Lib\site-packages\pulp\apis\../solverdir/cbc/win/i64/cbc.exe C:\Users\16482\AppData\Local\Temp\d6ce2be0b5674f3a9ba5091bafba119c-pulp.mps -primalTolerance 1e-9 -threads 1 -timeMode elapsed -branch -printingOptions all -solution C:\Users\16482\AppData\Local\Temp\d6ce2be0b5674f3a9ba5091bafba119c-pulp.sol (default strategy 1)
At line 2 NAME          MODEL
At line 3 ROWS
At line 269 COLUMNS
At line 941 RHS
At line 1206 BOUNDS
At line 1257 ENDATA
Problem MODEL has 264 rows, 217 columns and 551 elements
Coin0008I MODEL read with 0 errors
primalTolerance was changed from 1e-07 to 1e-09
threads was changed from 0 to 1
Option for timeMode changed from cpu to elapsed
Presolve 94 (-170) rows, 143 (-74) columns and 306 (-245) elements
Perturbing problem by 0.001% of 10000 - largest nonzero change 0.0092957824 ( 0.049662134%) - largest zero change 0.0049905029
0  Obj 308064.22 Primal inf 685.20001 (26)
64  Obj 482865.81 Primal inf 17.731053 (5)
71  Obj 483197.51
Optimal - objective value 483188.26
After Postsolve, objective 483188.26, infeasibilities - dual 0 (0), primal 0 (0)
Optimal objective 483188.264 - 71 iterations time 0.002, Presolve 0.00
Option for printingOptions changed from normal to all
Total time (CPU seconds):       0.02   (Wallclock seconds):       0.02

