Welcome to the CBC MILP Solver 
Version: 2.10.3 
Build Date: Dec 15 2019 

command line - E:\dachuang\.venv\Lib\site-packages\pulp\apis\../solverdir/cbc/win/i64/cbc.exe model.mps -primalTolerance 1e-9 -integerTolerance 1e-9 -ratioGap 0 -allowableGap 0 -threads 0 -branch -printingOptions all -solution solution.txt -saveSolution solution.bin -quit (default strategy 1)
At line 2 NAME          MODEL
At line 3 ROWS
At line 2189 COLUMNS
At line 7901 RHS
At line 10086 BOUNDS
At line 10593 ENDATA
Problem MODEL has 2184 rows, 1681 columns and 4535 elements
Coin0008I MODEL read with 0 errors
primalTolerance was changed from 1e-07 to 1e-09
integerTolerance was changed from 1e-07 to 1e-09
ratioGap was changed from 0 to 0
allowableGap was changed from 1e-10 to 0
Continuous objective value is 1.91028e+07 - 0.01 seconds
Cgl0003I 0 fixed, 0 tightened bounds, 2 strengthened rows, 0 substitutions
Cgl0004I processed model has 804 rows, 1092 columns (168 integer (168 of which binary)) and 2328 elements
Cbc0038I Initial state - 44 integers unsatisfied sum - 13.2485
Cbc0038I Pass   1: suminf.    0.00000 (0) obj. 1.99863e+07 iterations 78
Cbc0038I Solution found of 1.99863e+07
Cbc0038I Relaxing continuous gives 1.98371e+07
Cbc0038I Before mini branch and bound, 124 integers at bound fixed and 638 continuous
Cbc0038I Full problem 804 rows 1092 columns, reduced to 49 rows 72 columns
Cbc0038I Mini branch and bound improved solution from 1.98371e+07 to 1.91042e+07 (0.04 seconds)
Cbc0038I Round again with cutoff of 1.9104e+07
Cbc0038I Pass   2: suminf.    5.30545 (23) obj. 1.9104e+07 iterations 98
Cbc0038I Pass   3: suminf.    3.64232 (19) obj. 1.9104e+07 iterations 10
Cbc0038I Pass   4: suminf.    3.44494 (18) obj. 1.9104e+07 iterations 8
Cbc0038I Pass   5: suminf.    0.06939 (2) obj. 1.9104e+07 iterations 25
Cbc0038I Pass   6: suminf.    0.00000 (0) obj. 1.9104e+07 iterations 5
Cbc0038I Solution found of 1.9104e+07
Cbc0038I Relaxing continuous gives 1.9104e+07
Cbc0038I Before mini branch and bound, 119 integers at bound fixed and 637 continuous
Cbc0038I Full problem 804 rows 1092 columns, reduced to 57 rows 70 columns
Cbc0038I Mini branch and bound improved solution from 1.9104e+07 to 1.91039e+07 (0.06 seconds)
Cbc0038I Round again with cutoff of 1.91037e+07
Cbc0038I Pass   7: suminf.    5.59864 (24) obj. 1.91037e+07 iterations 4
Cbc0038I Pass   8: suminf.    3.73085 (19) obj. 1.91037e+07 iterations 20
Cbc0038I Pass   9: suminf.    0.00000 (0) obj. 1.91037e+07 iterations 30
Cbc0038I Solution found of 1.91037e+07
Cbc0038I Relaxing continuous gives 1.91035e+07
Cbc0038I Before mini branch and bound, 118 integers at bound fixed and 631 continuous
Cbc0038I Full problem 804 rows 1092 columns, reduced to 67 rows 88 columns
Cbc0038I Mini branch and bound improved solution from 1.91035e+07 to 1.91034e+07 (0.09 seconds)
Cbc0038I Round again with cutoff of 1.91032e+07
Cbc0038I Pass  10: suminf.    6.01435 (28) obj. 1.91032e+07 iterations 17
Cbc0038I Pass  11: suminf.    4.68485 (24) obj. 1.91032e+07 iterations 14
Cbc0038I Pass  12: suminf.    4.52717 (22) obj. 1.91032e+07 iterations 13
Cbc0038I Pass  13: suminf.    2.48567 (14) obj. 1.91032e+07 iterations 36
Cbc0038I Pass  14: suminf.    2.10833 (10) obj. 1.91032e+07 iterations 23
Cbc0038I Pass  15: suminf.    1.97822 (7) obj. 1.91032e+07 iterations 11
Cbc0038I Pass  16: suminf.    1.68172 (7) obj. 1.91032e+07 iterations 3
Cbc0038I Pass  17: suminf.    1.68172 (7) obj. 1.91032e+07 iterations 0
Cbc0038I Pass  18: suminf.    1.89997 (8) obj. 1.91032e+07 iterations 22
Cbc0038I Pass  19: suminf.    1.84872 (6) obj. 1.91032e+07 iterations 5
Cbc0038I Pass  20: suminf.    1.71861 (6) obj. 1.91032e+07 iterations 1
Cbc0038I Pass  21: suminf.    1.71861 (6) obj. 1.91032e+07 iterations 4
Cbc0038I Pass  22: suminf.    1.62505 (8) obj. 1.91032e+07 iterations 14
Cbc0038I Pass  23: suminf.    1.60347 (5) obj. 1.91032e+07 iterations 8
Cbc0038I Pass  24: suminf.    1.72078 (6) obj. 1.91032e+07 iterations 15
Cbc0038I Pass  25: suminf.    1.02647 (5) obj. 1.91032e+07 iterations 7
Cbc0038I Pass  26: suminf.    1.36678 (6) obj. 1.91032e+07 iterations 19
Cbc0038I Pass  27: suminf.    1.07772 (6) obj. 1.91032e+07 iterations 8
Cbc0038I Pass  28: suminf.    1.37422 (8) obj. 1.91032e+07 iterations 10
Cbc0038I Pass  29: suminf.    1.37422 (6) obj. 1.91032e+07 iterations 2
Cbc0038I Pass  30: suminf.    1.43172 (8) obj. 1.91032e+07 iterations 13
Cbc0038I Pass  31: suminf.    1.07772 (6) obj. 1.91032e+07 iterations 4
Cbc0038I Pass  32: suminf.    1.07772 (6) obj. 1.91032e+07 iterations 0
Cbc0038I Pass  33: suminf.    1.37422 (8) obj. 1.91032e+07 iterations 10
Cbc0038I Pass  34: suminf.    1.37422 (6) obj. 1.91032e+07 iterations 2
Cbc0038I Pass  35: suminf.    1.43172 (8) obj. 1.91032e+07 iterations 13
Cbc0038I Pass  36: suminf.    1.07772 (6) obj. 1.91032e+07 iterations 4
Cbc0038I Pass  37: suminf.    1.07772 (6) obj. 1.91032e+07 iterations 0
Cbc0038I Pass  38: suminf.    1.37422 (8) obj. 1.91032e+07 iterations 10
Cbc0038I Pass  39: suminf.    1.37422 (6) obj. 1.91032e+07 iterations 2
Cbc0038I No solution found this major pass
Cbc0038I Before mini branch and bound, 118 integers at bound fixed and 628 continuous
Cbc0038I Full problem 804 rows 1092 columns, reduced to 80 rows 104 columns
Cbc0038I Mini branch and bound did not improve solution (0.17 seconds)
Cbc0038I After 0.17 seconds - Feasibility pump exiting with objective of 1.91034e+07 - took 0.15 seconds
Cbc0012I Integer solution of 19103381 found by feasibility pump after 0 iterations and 0 nodes (0.18 seconds)
Cbc0038I Full problem 804 rows 1092 columns, reduced to 469 rows 729 columns - 10 fixed gives 447, 707 - still too large
Cbc0038I Full problem 804 rows 1092 columns, reduced to 447 rows 707 columns - too large
Cbc0031I 44 added rows had average density of 15.977273
Cbc0013I At root node, 44 cuts changed objective from 19102761 to 19103329 in 32 passes
Cbc0014I Cut generator 0 (Probing) - 10 row cuts average 2.0 elements, 5 column cuts (5 active)  in 0.010 seconds - new frequency is 1
Cbc0014I Cut generator 1 (Gomory) - 345 row cuts average 30.4 elements, 0 column cuts (0 active)  in 0.014 seconds - new frequency is 1
Cbc0014I Cut generator 2 (Knapsack) - 0 row cuts average 0.0 elements, 0 column cuts (0 active)  in 0.027 seconds - new frequency is -100
Cbc0014I Cut generator 3 (Clique) - 0 row cuts average 0.0 elements, 0 column cuts (0 active)  in 0.001 seconds - new frequency is -100
Cbc0014I Cut generator 4 (MixedIntegerRounding2) - 21 row cuts average 4.5 elements, 0 column cuts (0 active)  in 0.009 seconds - new frequency is -100
Cbc0014I Cut generator 5 (FlowCover) - 2 row cuts average 2.0 elements, 0 column cuts (0 active)  in 0.025 seconds - new frequency is -100
Cbc0014I Cut generator 6 (TwoMirCuts) - 93 row cuts average 13.0 elements, 0 column cuts (0 active)  in 0.010 seconds - new frequency is -100
Cbc0010I After 0 nodes, 1 on tree, 19103381 best solution, best possible 19103329 (0.38 seconds)
Cbc0038I Full problem 804 rows 1092 columns, reduced to 373 rows 630 columns - 2 fixed gives 367, 624 - still too large
Cbc0038I Full problem 804 rows 1092 columns, reduced to 367 rows 624 columns - too large
Cbc0001I Search completed - best objective 19103381.32044156, took 1713 iterations and 48 nodes (0.84 seconds)
Cbc0032I Strong branching done 244 times (1081 iterations), fathomed 5 nodes and fixed 17 variables
Cbc0035I Maximum depth 9, 0 variables fixed on reduced cost
Cuts at root node changed objective from 1.91028e+07 to 1.91033e+07
Probing was tried 99 times and created 31 cuts of which 0 were active after adding rounds of cuts (0.027 seconds)
Gomory was tried 99 times and created 523 cuts of which 0 were active after adding rounds of cuts (0.030 seconds)
Knapsack was tried 32 times and created 0 cuts of which 0 were active after adding rounds of cuts (0.027 seconds)
Clique was tried 32 times and created 0 cuts of which 0 were active after adding rounds of cuts (0.001 seconds)
MixedIntegerRounding2 was tried 32 times and created 21 cuts of which 0 were active after adding rounds of cuts (0.009 seconds)
FlowCover was tried 32 times and created 2 cuts of which 0 were active after adding rounds of cuts (0.025 seconds)
TwoMirCuts was tried 32 times and created 93 cuts of which 0 were active after adding rounds of cuts (0.010 seconds)
ZeroHalf was tried 1 times and created 0 cuts of which 0 were active after adding rounds of cuts (0.000 seconds)

Result - Optimal solution found

Objective value:                19103381.32044157
Enumerated nodes:               48
Total iterations:               1713
Time (CPU seconds):             0.86
Time (Wallclock seconds):       0.86

Option for printingOptions changed from normal to all
Total time (CPU seconds):       0.89   (Wallclock seconds):       0.89

