Welcome to the CBC MILP Solver 
Version: 2.10.3 
Build Date: Dec 15 2019 

command line - E:\dachuang\.venv\Lib\site-packages\pulp\apis\../solverdir/cbc/win/i64/cbc.exe model.mps -primalTolerance 1e-9 -integerTolerance 1e-9 -ratioGap 0 -allowableGap 0 -threads 0 -branch -printingOptions all -solution solution.txt -saveSolution solution.bin -quit (default strategy 1)
At line 2 NAME          MODEL
At line 3 ROWS
At line 317 COLUMNS
At line 1133 RHS
At line 1446 BOUNDS
At line 1521 ENDATA
Problem MODEL has 312 rows, 241 columns and 647 elements
Coin0008I MODEL read with 0 errors
primalTolerance was changed from 1e-07 to 1e-09
integerTolerance was changed from 1e-07 to 1e-09
ratioGap was changed from 0 to 0
allowableGap was changed from 1e-10 to 0
Continuous objective value is 2.17549e+06 - 0.00 seconds
Cgl0003I 0 fixed, 0 tightened bounds, 2 strengthened rows, 0 substitutions
Cgl0004I processed model has 115 rows, 152 columns (24 integer (24 of which binary)) and 329 elements
Cbc0038I Initial state - 9 integers unsatisfied sum - 2.30289
Cbc0038I Pass   1: suminf.    0.00000 (0) obj. 2.19134e+06 iterations 12
Cbc0038I Solution found of 2.19134e+06
Cbc0038I Relaxing continuous gives 2.18705e+06
Cbc0038I Before mini branch and bound, 15 integers at bound fixed and 79 continuous
Cbc0038I Full problem 115 rows 152 columns, reduced to 10 rows 13 columns
Cbc0038I Mini branch and bound improved solution from 2.18705e+06 to 2.17595e+06 (0.01 seconds)
Cbc0038I Round again with cutoff of 2.17591e+06
Cbc0038I Pass   2: suminf.    0.27747 (3) obj. 2.17591e+06 iterations 6
Cbc0038I Pass   3: suminf.    0.00000 (0) obj. 2.17591e+06 iterations 11
Cbc0038I Solution found of 2.17591e+06
Cbc0038I Relaxing continuous gives 2.17587e+06
Cbc0038I Before mini branch and bound, 15 integers at bound fixed and 78 continuous
Cbc0038I Full problem 115 rows 152 columns, reduced to 14 rows 19 columns
Cbc0038I Mini branch and bound improved solution from 2.17587e+06 to 2.17575e+06 (0.02 seconds)
Cbc0038I Round again with cutoff of 2.17569e+06
Cbc0038I Pass   4: suminf.    0.88877 (4) obj. 2.17569e+06 iterations 3
Cbc0038I Pass   5: suminf.    0.62355 (4) obj. 2.17569e+06 iterations 1
Cbc0038I Pass   6: suminf.    0.52948 (3) obj. 2.17569e+06 iterations 3
Cbc0038I Pass   7: suminf.    0.29792 (3) obj. 2.17569e+06 iterations 1
Cbc0038I Pass   8: suminf.    0.45297 (1) obj. 2.17569e+06 iterations 3
Cbc0038I Pass   9: suminf.    0.22140 (1) obj. 2.17569e+06 iterations 2
Cbc0038I Pass  10: suminf.    0.22140 (1) obj. 2.17569e+06 iterations 1
Cbc0038I Pass  11: suminf.    0.45297 (1) obj. 2.17569e+06 iterations 1
Cbc0038I Pass  12: suminf.    0.22140 (1) obj. 2.17569e+06 iterations 2
Cbc0038I Pass  13: suminf.    0.40512 (3) obj. 2.17569e+06 iterations 3
Cbc0038I Pass  14: suminf.    0.23542 (2) obj. 2.17569e+06 iterations 1
Cbc0038I Pass  15: suminf.    0.45297 (1) obj. 2.17569e+06 iterations 2
Cbc0038I Pass  16: suminf.    0.22140 (1) obj. 2.17569e+06 iterations 2
Cbc0038I Pass  17: suminf.    1.17789 (4) obj. 2.17569e+06 iterations 14
Cbc0038I Pass  18: suminf.    1.17789 (4) obj. 2.17569e+06 iterations 1
Cbc0038I Pass  19: suminf.    1.14499 (4) obj. 2.17569e+06 iterations 3
Cbc0038I Pass  20: suminf.    0.84664 (4) obj. 2.17569e+06 iterations 2
Cbc0038I Pass  21: suminf.    0.84664 (4) obj. 2.17569e+06 iterations 1
Cbc0038I Pass  22: suminf.    1.17789 (4) obj. 2.17569e+06 iterations 5
Cbc0038I Pass  23: suminf.    1.17789 (4) obj. 2.17569e+06 iterations 1
Cbc0038I Pass  24: suminf.    1.14499 (4) obj. 2.17569e+06 iterations 3
Cbc0038I Pass  25: suminf.    0.84664 (4) obj. 2.17569e+06 iterations 2
Cbc0038I Pass  26: suminf.    0.84664 (4) obj. 2.17569e+06 iterations 1
Cbc0038I Pass  27: suminf.    1.17789 (4) obj. 2.17569e+06 iterations 5
Cbc0038I Pass  28: suminf.    1.17789 (4) obj. 2.17569e+06 iterations 1
Cbc0038I Pass  29: suminf.    1.14499 (4) obj. 2.17569e+06 iterations 3
Cbc0038I Pass  30: suminf.    0.84664 (4) obj. 2.17569e+06 iterations 2
Cbc0038I Pass  31: suminf.    0.84664 (4) obj. 2.17569e+06 iterations 1
Cbc0038I Pass  32: suminf.    1.17789 (4) obj. 2.17569e+06 iterations 5
Cbc0038I Pass  33: suminf.    1.17789 (4) obj. 2.17569e+06 iterations 1
Cbc0038I No solution found this major pass
Cbc0038I Before mini branch and bound, 11 integers at bound fixed and 74 continuous
Cbc0038I Full problem 115 rows 152 columns, reduced to 17 rows 24 columns
Cbc0038I Mini branch and bound did not improve solution (0.03 seconds)
Cbc0038I After 0.03 seconds - Feasibility pump exiting with objective of 2.17575e+06 - took 0.02 seconds
Cbc0012I Integer solution of 2175745 found by feasibility pump after 0 iterations and 0 nodes (0.03 seconds)
Cbc0038I Full problem 115 rows 152 columns, reduced to 73 rows 107 columns
Cbc0012I Integer solution of 2175609.2 found by DiveCoefficient after 157 iterations and 0 nodes (0.07 seconds)
Cbc0031I 10 added rows had average density of 13.1
Cbc0013I At root node, 10 cuts changed objective from 2175488.1 to 2175607.7 in 28 passes
Cbc0014I Cut generator 0 (Probing) - 2 row cuts average 2.0 elements, 2 column cuts (2 active)  in 0.001 seconds - new frequency is 1
Cbc0014I Cut generator 1 (Gomory) - 69 row cuts average 26.1 elements, 0 column cuts (0 active)  in 0.002 seconds - new frequency is 1
Cbc0014I Cut generator 2 (Knapsack) - 0 row cuts average 0.0 elements, 0 column cuts (0 active)  in 0.004 seconds - new frequency is -100
Cbc0014I Cut generator 3 (Clique) - 0 row cuts average 0.0 elements, 0 column cuts (0 active)  in 0.000 seconds - new frequency is -100
Cbc0014I Cut generator 4 (MixedIntegerRounding2) - 2 row cuts average 4.5 elements, 0 column cuts (0 active)  in 0.002 seconds - new frequency is -100
Cbc0014I Cut generator 5 (FlowCover) - 0 row cuts average 0.0 elements, 0 column cuts (0 active)  in 0.007 seconds - new frequency is -100
Cbc0014I Cut generator 6 (TwoMirCuts) - 23 row cuts average 12.3 elements, 0 column cuts (0 active)  in 0.001 seconds - new frequency is -100
Cbc0001I Search completed - best objective 2175609.160058755, took 159 iterations and 0 nodes (0.07 seconds)
Cbc0032I Strong branching done 6 times (20 iterations), fathomed 1 nodes and fixed 0 variables
Cbc0035I Maximum depth 0, 0 variables fixed on reduced cost
Cuts at root node changed objective from 2.17549e+06 to 2.17561e+06
Probing was tried 28 times and created 4 cuts of which 0 were active after adding rounds of cuts (0.001 seconds)
Gomory was tried 28 times and created 69 cuts of which 0 were active after adding rounds of cuts (0.002 seconds)
Knapsack was tried 28 times and created 0 cuts of which 0 were active after adding rounds of cuts (0.004 seconds)
Clique was tried 28 times and created 0 cuts of which 0 were active after adding rounds of cuts (0.000 seconds)
MixedIntegerRounding2 was tried 28 times and created 2 cuts of which 0 were active after adding rounds of cuts (0.002 seconds)
FlowCover was tried 28 times and created 0 cuts of which 0 were active after adding rounds of cuts (0.007 seconds)
TwoMirCuts was tried 28 times and created 23 cuts of which 0 were active after adding rounds of cuts (0.001 seconds)
ZeroHalf was tried 1 times and created 0 cuts of which 0 were active after adding rounds of cuts (0.000 seconds)

Result - Optimal solution found

Objective value:                2175609.16005875
Enumerated nodes:               0
Total iterations:               159
Time (CPU seconds):             0.07
Time (Wallclock seconds):       0.07

Option for printingOptions changed from normal to all
Total time (CPU seconds):       0.10   (Wallclock seconds):       0.10

