Welcome to the CBC MILP Solver 
Version: 2.10.3 
Build Date: Dec 15 2019 

command line - E:\dachuang\.venv\Lib\site-packages\pulp\apis\../solverdir/cbc/win/i64/cbc.exe model.mps -primalTolerance 1e-9 -integerTolerance 1e-9 -ratioGap 0 -allowableGap 0 -threads 0 -branch -printingOptions all -solution solution.txt -saveSolution solution.bin -quit (default strategy 1)
At line 2 NAME          MODEL
At line 3 ROWS
At line 317 COLUMNS
At line 1133 RHS
At line 1446 BOUNDS
At line 1521 ENDATA
Problem MODEL has 312 rows, 241 columns and 647 elements
Coin0008I MODEL read with 0 errors
primalTolerance was changed from 1e-07 to 1e-09
integerTolerance was changed from 1e-07 to 1e-09
ratioGap was changed from 0 to 0
allowableGap was changed from 1e-10 to 0
Continuous objective value is 3.11874e+06 - 0.00 seconds
Cgl0003I 0 fixed, 0 tightened bounds, 2 strengthened rows, 0 substitutions
Cgl0004I processed model has 113 rows, 153 columns (24 integer (24 of which binary)) and 324 elements
Cbc0038I Initial state - 7 integers unsatisfied sum - 2.52168
Cbc0038I Pass   1: suminf.    0.00000 (0) obj. 3.1279e+06 iterations 11
Cbc0038I Solution found of 3.1279e+06
Cbc0038I Relaxing continuous gives 3.11932e+06
Cbc0038I Before mini branch and bound, 17 integers at bound fixed and 89 continuous
Cbc0038I Mini branch and bound did not improve solution (0.01 seconds)
Cbc0038I Round again with cutoff of 3.11926e+06
Cbc0038I Pass   2: suminf.    0.25217 (1) obj. 3.11926e+06 iterations 5
Cbc0038I Pass   3: suminf.    0.18448 (1) obj. 3.11926e+06 iterations 9
Cbc0038I Pass   4: suminf.    0.00000 (0) obj. 3.11926e+06 iterations 2
Cbc0038I Solution found of 3.11926e+06
Cbc0038I Relaxing continuous gives 3.11923e+06
Cbc0038I Before mini branch and bound, 17 integers at bound fixed and 85 continuous
Cbc0038I Full problem 113 rows 153 columns, reduced to 20 rows 25 columns
Cbc0038I Mini branch and bound improved solution from 3.11923e+06 to 3.11909e+06 (0.01 seconds)
Cbc0038I Round again with cutoff of 3.11902e+06
Cbc0038I Pass   5: suminf.    0.97752 (3) obj. 3.11902e+06 iterations 9
Cbc0038I Pass   6: suminf.    0.92532 (3) obj. 3.11902e+06 iterations 5
Cbc0038I Pass   7: suminf.    1.22087 (3) obj. 3.11902e+06 iterations 10
Cbc0038I Pass   8: suminf.    1.00896 (3) obj. 3.11902e+06 iterations 1
Cbc0038I Pass   9: suminf.    1.30282 (4) obj. 3.11902e+06 iterations 6
Cbc0038I Pass  10: suminf.    0.68606 (3) obj. 3.11902e+06 iterations 6
Cbc0038I Pass  11: suminf.    0.68606 (3) obj. 3.11902e+06 iterations 0
Cbc0038I Pass  12: suminf.    0.92956 (3) obj. 3.11902e+06 iterations 3
Cbc0038I Pass  13: suminf.    0.92956 (3) obj. 3.11902e+06 iterations 0
Cbc0038I Pass  14: suminf.    0.68606 (3) obj. 3.11902e+06 iterations 1
Cbc0038I Pass  15: suminf.    0.92606 (4) obj. 3.11902e+06 iterations 4
Cbc0038I Pass  16: suminf.    0.68606 (3) obj. 3.11902e+06 iterations 1
Cbc0038I Pass  17: suminf.    0.92956 (3) obj. 3.11902e+06 iterations 3
Cbc0038I Pass  18: suminf.    0.92956 (3) obj. 3.11902e+06 iterations 0
Cbc0038I Pass  19: suminf.    0.68606 (3) obj. 3.11902e+06 iterations 1
Cbc0038I Pass  20: suminf.    1.80456 (5) obj. 3.11902e+06 iterations 10
Cbc0038I Pass  21: suminf.    0.92956 (3) obj. 3.11902e+06 iterations 2
Cbc0038I Pass  22: suminf.    0.68606 (3) obj. 3.11902e+06 iterations 1
Cbc0038I Pass  23: suminf.    0.68606 (3) obj. 3.11902e+06 iterations 0
Cbc0038I Pass  24: suminf.    0.92956 (3) obj. 3.11902e+06 iterations 3
Cbc0038I Pass  25: suminf.    0.68606 (3) obj. 3.11902e+06 iterations 2
Cbc0038I Pass  26: suminf.    0.68606 (3) obj. 3.11902e+06 iterations 0
Cbc0038I Pass  27: suminf.    0.92956 (3) obj. 3.11902e+06 iterations 3
Cbc0038I Pass  28: suminf.    0.92956 (3) obj. 3.11902e+06 iterations 0
Cbc0038I Pass  29: suminf.    0.68606 (3) obj. 3.11902e+06 iterations 1
Cbc0038I Pass  30: suminf.    1.17934 (3) obj. 3.11902e+06 iterations 21
Cbc0038I Pass  31: suminf.    0.30434 (1) obj. 3.11902e+06 iterations 2
Cbc0038I Pass  32: suminf.    0.47404 (1) obj. 3.11902e+06 iterations 1
Cbc0038I Pass  33: suminf.    1.28087 (5) obj. 3.11902e+06 iterations 12
Cbc0038I Pass  34: suminf.    0.40184 (3) obj. 3.11902e+06 iterations 3
Cbc0038I No solution found this major pass
Cbc0038I Before mini branch and bound, 4 integers at bound fixed and 71 continuous
Cbc0038I Full problem 113 rows 153 columns, reduced to 21 rows 26 columns
Cbc0038I Mini branch and bound did not improve solution (0.02 seconds)
Cbc0038I After 0.02 seconds - Feasibility pump exiting with objective of 3.11909e+06 - took 0.02 seconds
Cbc0012I Integer solution of 3119089.8 found by feasibility pump after 0 iterations and 0 nodes (0.03 seconds)
Cbc0038I Full problem 113 rows 153 columns, reduced to 63 rows 98 columns
Cbc0031I 13 added rows had average density of 19.769231
Cbc0013I At root node, 13 cuts changed objective from 3118736.5 to 3119085.5 in 100 passes
Cbc0014I Cut generator 0 (Probing) - 3 row cuts average 2.0 elements, 2 column cuts (2 active)  in 0.009 seconds - new frequency is -100
Cbc0014I Cut generator 1 (Gomory) - 264 row cuts average 33.5 elements, 0 column cuts (0 active)  in 0.007 seconds - new frequency is 1
Cbc0014I Cut generator 2 (Knapsack) - 0 row cuts average 0.0 elements, 0 column cuts (0 active)  in 0.018 seconds - new frequency is -100
Cbc0014I Cut generator 3 (Clique) - 0 row cuts average 0.0 elements, 0 column cuts (0 active)  in 0.000 seconds - new frequency is -100
Cbc0014I Cut generator 4 (MixedIntegerRounding2) - 2 row cuts average 5.0 elements, 0 column cuts (0 active)  in 0.007 seconds - new frequency is -100
Cbc0014I Cut generator 5 (FlowCover) - 0 row cuts average 0.0 elements, 0 column cuts (0 active)  in 0.020 seconds - new frequency is -100
Cbc0014I Cut generator 6 (TwoMirCuts) - 21 row cuts average 11.9 elements, 0 column cuts (0 active)  in 0.004 seconds - new frequency is -100
Cbc0010I After 0 nodes, 1 on tree, 3119089.8 best solution, best possible 3119085.5 (0.15 seconds)
Cbc0001I Search completed - best objective 3119089.761772746, took 630 iterations and 2 nodes (0.15 seconds)
Cbc0032I Strong branching done 6 times (27 iterations), fathomed 2 nodes and fixed 0 variables
Cbc0035I Maximum depth 0, 0 variables fixed on reduced cost
Cuts at root node changed objective from 3.11874e+06 to 3.11909e+06
Probing was tried 100 times and created 5 cuts of which 0 were active after adding rounds of cuts (0.009 seconds)
Gomory was tried 104 times and created 266 cuts of which 0 were active after adding rounds of cuts (0.007 seconds)
Knapsack was tried 100 times and created 0 cuts of which 0 were active after adding rounds of cuts (0.018 seconds)
Clique was tried 100 times and created 0 cuts of which 0 were active after adding rounds of cuts (0.000 seconds)
MixedIntegerRounding2 was tried 100 times and created 2 cuts of which 0 were active after adding rounds of cuts (0.007 seconds)
FlowCover was tried 100 times and created 0 cuts of which 0 were active after adding rounds of cuts (0.020 seconds)
TwoMirCuts was tried 100 times and created 21 cuts of which 0 were active after adding rounds of cuts (0.004 seconds)
ZeroHalf was tried 1 times and created 0 cuts of which 0 were active after adding rounds of cuts (0.000 seconds)

Result - Optimal solution found

Objective value:                3119089.76177275
Enumerated nodes:               2
Total iterations:               630
Time (CPU seconds):             0.15
Time (Wallclock seconds):       0.15

Option for printingOptions changed from normal to all
Total time (CPU seconds):       0.18   (Wallclock seconds):       0.18

