Welcome to the CBC MILP Solver 
Version: 2.10.3 
Build Date: Dec 15 2019 

command line - E:\dachuang\.venv\Lib\site-packages\pulp\apis\../solverdir/cbc/win/i64/cbc.exe model.mps -primalTolerance 1e-9 -integerTolerance 1e-9 -ratioGap 0 -allowableGap 0 -threads 0 -branch -printingOptions all -solution solution.txt -saveSolution solution.bin -quit (default strategy 1)
At line 2 NAME          MODEL
At line 3 ROWS
At line 317 COLUMNS
At line 1133 RHS
At line 1446 BOUNDS
At line 1521 ENDATA
Problem MODEL has 312 rows, 241 columns and 647 elements
Coin0008I MODEL read with 0 errors
primalTolerance was changed from 1e-07 to 1e-09
integerTolerance was changed from 1e-07 to 1e-09
ratioGap was changed from 0 to 0
allowableGap was changed from 1e-10 to 0
Continuous objective value is 2.07842e+06 - 0.00 seconds
Cgl0003I 0 fixed, 0 tightened bounds, 3 strengthened rows, 0 substitutions
Cgl0004I processed model has 116 rows, 161 columns (24 integer (24 of which binary)) and 341 elements
Cbc0038I Initial state - 9 integers unsatisfied sum - 2.90501
Cbc0038I Pass   1: suminf.    0.00000 (0) obj. 2.09752e+06 iterations 18
Cbc0038I Solution found of 2.09752e+06
Cbc0038I Relaxing continuous gives 2.09462e+06
Cbc0038I Before mini branch and bound, 15 integers at bound fixed and 87 continuous
Cbc0038I Full problem 116 rows 161 columns, reduced to 9 rows 12 columns
Cbc0038I Mini branch and bound improved solution from 2.09462e+06 to 2.07901e+06 (0.01 seconds)
Cbc0038I Freeing continuous variables gives a solution of 2.07901e+06
Cbc0038I Round again with cutoff of 2.07896e+06
Cbc0038I Pass   2: suminf.    0.51141 (3) obj. 2.07896e+06 iterations 8
Cbc0038I Pass   3: suminf.    0.00000 (0) obj. 2.07896e+06 iterations 11
Cbc0038I Solution found of 2.07896e+06
Cbc0038I Relaxing continuous gives 2.07895e+06
Cbc0038I Before mini branch and bound, 15 integers at bound fixed and 89 continuous
Cbc0038I Full problem 116 rows 161 columns, reduced to 12 rows 14 columns
Cbc0038I Mini branch and bound improved solution from 2.07895e+06 to 2.07895e+06 (0.02 seconds)
Cbc0038I Freeing continuous variables gives a solution of 2.07895e+06
Cbc0038I Round again with cutoff of 2.07885e+06
Cbc0038I Pass   4: suminf.    0.73854 (4) obj. 2.07885e+06 iterations 2
Cbc0038I Pass   5: suminf.    0.70198 (3) obj. 2.07885e+06 iterations 2
Cbc0038I Pass   6: suminf.    0.00000 (0) obj. 2.07885e+06 iterations 5
Cbc0038I Solution found of 2.07885e+06
Cbc0038I Relaxing continuous gives 2.07874e+06
Cbc0038I Before mini branch and bound, 15 integers at bound fixed and 87 continuous
Cbc0038I Full problem 116 rows 161 columns, reduced to 17 rows 22 columns
Cbc0038I Mini branch and bound improved solution from 2.07874e+06 to 2.07872e+06 (0.02 seconds)
Cbc0038I Round again with cutoff of 2.07864e+06
Cbc0038I Pass   7: suminf.    0.75415 (5) obj. 2.07864e+06 iterations 5
Cbc0038I Pass   8: suminf.    0.73797 (4) obj. 2.07864e+06 iterations 4
Cbc0038I Pass   9: suminf.    0.79817 (3) obj. 2.07864e+06 iterations 7
Cbc0038I Pass  10: suminf.    0.39061 (3) obj. 2.07864e+06 iterations 4
Cbc0038I Pass  11: suminf.    0.39061 (2) obj. 2.07864e+06 iterations 2
Cbc0038I Pass  12: suminf.    0.86017 (4) obj. 2.07864e+06 iterations 7
Cbc0038I Pass  13: suminf.    0.86017 (4) obj. 2.07864e+06 iterations 0
Cbc0038I Pass  14: suminf.    0.79817 (3) obj. 2.07864e+06 iterations 6
Cbc0038I Pass  15: suminf.    0.79817 (3) obj. 2.07864e+06 iterations 0
Cbc0038I Pass  16: suminf.    0.39061 (3) obj. 2.07864e+06 iterations 4
Cbc0038I Pass  17: suminf.    0.39061 (2) obj. 2.07864e+06 iterations 2
Cbc0038I Pass  18: suminf.    1.44431 (6) obj. 2.07864e+06 iterations 15
Cbc0038I Pass  19: suminf.    0.98863 (5) obj. 2.07864e+06 iterations 4
Cbc0038I Pass  20: suminf.    0.93364 (3) obj. 2.07864e+06 iterations 7
Cbc0038I Pass  21: suminf.    0.45476 (2) obj. 2.07864e+06 iterations 6
Cbc0038I Pass  22: suminf.    0.38187 (2) obj. 2.07864e+06 iterations 10
Cbc0038I Pass  23: suminf.    0.43794 (1) obj. 2.07864e+06 iterations 2
Cbc0038I Pass  24: suminf.    0.18537 (1) obj. 2.07864e+06 iterations 1
Cbc0038I Pass  25: suminf.    1.18959 (3) obj. 2.07864e+06 iterations 12
Cbc0038I Pass  26: suminf.    0.18537 (1) obj. 2.07864e+06 iterations 5
Cbc0038I Pass  27: suminf.    0.43794 (1) obj. 2.07864e+06 iterations 1
Cbc0038I Pass  28: suminf.    1.00691 (5) obj. 2.07864e+06 iterations 15
Cbc0038I Pass  29: suminf.    1.00691 (4) obj. 2.07864e+06 iterations 2
Cbc0038I Pass  30: suminf.    0.86414 (3) obj. 2.07864e+06 iterations 8
Cbc0038I Pass  31: suminf.    0.18537 (1) obj. 2.07864e+06 iterations 4
Cbc0038I Pass  32: suminf.    0.43794 (1) obj. 2.07864e+06 iterations 1
Cbc0038I Pass  33: suminf.    1.48065 (4) obj. 2.07864e+06 iterations 13
Cbc0038I Pass  34: suminf.    0.47643 (2) obj. 2.07864e+06 iterations 5
Cbc0038I Pass  35: suminf.    0.43794 (1) obj. 2.07864e+06 iterations 2
Cbc0038I Pass  36: suminf.    0.18537 (1) obj. 2.07864e+06 iterations 1
Cbc0038I No solution found this major pass
Cbc0038I Before mini branch and bound, 2 integers at bound fixed and 66 continuous
Cbc0038I Full problem 116 rows 161 columns, reduced to 27 rows 34 columns
Cbc0038I Mini branch and bound improved solution from 2.07872e+06 to 2.07861e+06 (0.04 seconds)
Cbc0038I Round again with cutoff of 2.07856e+06
Cbc0038I Pass  36: suminf.    1.11413 (6) obj. 2.07856e+06 iterations 2
Cbc0038I Pass  37: suminf.    1.10506 (6) obj. 2.07856e+06 iterations 3
Cbc0038I Pass  38: suminf.    0.81915 (3) obj. 2.07856e+06 iterations 8
Cbc0038I Pass  39: suminf.    0.92765 (4) obj. 2.07856e+06 iterations 6
Cbc0038I Pass  40: suminf.    0.75770 (3) obj. 2.07856e+06 iterations 2
Cbc0038I Pass  41: suminf.    0.75770 (3) obj. 2.07856e+06 iterations 0
Cbc0038I Pass  42: suminf.    1.24535 (4) obj. 2.07856e+06 iterations 5
Cbc0038I Pass  43: suminf.    0.81915 (3) obj. 2.07856e+06 iterations 3
Cbc0038I Pass  44: suminf.    0.92765 (4) obj. 2.07856e+06 iterations 7
Cbc0038I Pass  45: suminf.    0.75770 (3) obj. 2.07856e+06 iterations 2
Cbc0038I Pass  46: suminf.    0.75770 (3) obj. 2.07856e+06 iterations 0
Cbc0038I Pass  47: suminf.    1.24535 (4) obj. 2.07856e+06 iterations 5
Cbc0038I Pass  48: suminf.    0.81915 (3) obj. 2.07856e+06 iterations 3
Cbc0038I Pass  49: suminf.    0.92765 (4) obj. 2.07856e+06 iterations 7
Cbc0038I Pass  50: suminf.    0.75770 (3) obj. 2.07856e+06 iterations 2
Cbc0038I Pass  51: suminf.    0.75770 (3) obj. 2.07856e+06 iterations 0
Cbc0038I Pass  52: suminf.    1.24535 (4) obj. 2.07856e+06 iterations 5
Cbc0038I Pass  53: suminf.    0.81915 (3) obj. 2.07856e+06 iterations 3
Cbc0038I Pass  54: suminf.    0.92765 (4) obj. 2.07856e+06 iterations 7
Cbc0038I Pass  55: suminf.    0.75770 (3) obj. 2.07856e+06 iterations 2
Cbc0038I Pass  56: suminf.    0.75770 (3) obj. 2.07856e+06 iterations 0
Cbc0038I Pass  57: suminf.    1.24535 (4) obj. 2.07856e+06 iterations 5
Cbc0038I Pass  58: suminf.    0.81915 (3) obj. 2.07856e+06 iterations 3
Cbc0038I Pass  59: suminf.    0.92765 (4) obj. 2.07856e+06 iterations 7
Cbc0038I Pass  60: suminf.    0.75770 (3) obj. 2.07856e+06 iterations 2
Cbc0038I Pass  61: suminf.    0.75770 (3) obj. 2.07856e+06 iterations 0
Cbc0038I Pass  62: suminf.    1.24535 (4) obj. 2.07856e+06 iterations 5
Cbc0038I Pass  63: suminf.    0.81915 (3) obj. 2.07856e+06 iterations 3
Cbc0038I Pass  64: suminf.    0.92765 (4) obj. 2.07856e+06 iterations 7
Cbc0038I Pass  65: suminf.    0.75770 (3) obj. 2.07856e+06 iterations 2
Cbc0038I No solution found this major pass
Cbc0038I Before mini branch and bound, 15 integers at bound fixed and 86 continuous
Cbc0038I Full problem 116 rows 161 columns, reduced to 20 rows 25 columns
Cbc0038I Mini branch and bound did not improve solution (0.05 seconds)
Cbc0038I After 0.05 seconds - Feasibility pump exiting with objective of 2.07861e+06 - took 0.04 seconds
Cbc0012I Integer solution of 2078610.5 found by feasibility pump after 0 iterations and 0 nodes (0.05 seconds)
Cbc0038I Full problem 116 rows 161 columns, reduced to 77 rows 120 columns
Cbc0031I 12 added rows had average density of 21.5
Cbc0013I At root node, 12 cuts changed objective from 2078439.5 to 2078605.3 in 82 passes
Cbc0014I Cut generator 0 (Probing) - 5 row cuts average 3.4 elements, 2 column cuts (2 active)  in 0.008 seconds - new frequency is -100
Cbc0014I Cut generator 1 (Gomory) - 252 row cuts average 46.5 elements, 0 column cuts (0 active)  in 0.010 seconds - new frequency is 1
Cbc0014I Cut generator 2 (Knapsack) - 0 row cuts average 0.0 elements, 0 column cuts (0 active)  in 0.009 seconds - new frequency is -100
Cbc0014I Cut generator 3 (Clique) - 0 row cuts average 0.0 elements, 0 column cuts (0 active)  in 0.000 seconds - new frequency is -100
Cbc0014I Cut generator 4 (MixedIntegerRounding2) - 5 row cuts average 5.2 elements, 0 column cuts (0 active)  in 0.003 seconds - new frequency is -100
Cbc0014I Cut generator 5 (FlowCover) - 0 row cuts average 0.0 elements, 0 column cuts (0 active)  in 0.019 seconds - new frequency is -100
Cbc0014I Cut generator 6 (TwoMirCuts) - 29 row cuts average 14.5 elements, 0 column cuts (0 active)  in 0.004 seconds - new frequency is -100
Cbc0010I After 0 nodes, 1 on tree, 2078610.5 best solution, best possible 2078605.3 (0.16 seconds)
Cbc0001I Search completed - best objective 2078610.502736737, took 812 iterations and 2 nodes (0.16 seconds)
Cbc0032I Strong branching done 12 times (87 iterations), fathomed 1 nodes and fixed 2 variables
Cbc0035I Maximum depth 0, 0 variables fixed on reduced cost
Cuts at root node changed objective from 2.07844e+06 to 2.07861e+06
Probing was tried 82 times and created 7 cuts of which 0 were active after adding rounds of cuts (0.008 seconds)
Gomory was tried 84 times and created 254 cuts of which 0 were active after adding rounds of cuts (0.010 seconds)
Knapsack was tried 82 times and created 0 cuts of which 0 were active after adding rounds of cuts (0.009 seconds)
Clique was tried 82 times and created 0 cuts of which 0 were active after adding rounds of cuts (0.000 seconds)
MixedIntegerRounding2 was tried 82 times and created 5 cuts of which 0 were active after adding rounds of cuts (0.003 seconds)
FlowCover was tried 82 times and created 0 cuts of which 0 were active after adding rounds of cuts (0.019 seconds)
TwoMirCuts was tried 82 times and created 29 cuts of which 0 were active after adding rounds of cuts (0.004 seconds)
ZeroHalf was tried 1 times and created 0 cuts of which 0 were active after adding rounds of cuts (0.000 seconds)

Result - Optimal solution found

Objective value:                2078610.50273674
Enumerated nodes:               2
Total iterations:               812
Time (CPU seconds):             0.17
Time (Wallclock seconds):       0.17

Option for printingOptions changed from normal to all
Total time (CPU seconds):       0.19   (Wallclock seconds):       0.19

