Welcome to the CBC MILP Solver 
Version: 2.10.3 
Build Date: Dec 15 2019 

command line - E:\dachuang\.venv\Lib\site-packages\pulp\apis\../solverdir/cbc/win/i64/cbc.exe model.mps -primalTolerance 1e-9 -integerTolerance 1e-9 -ratioGap 0 -allowableGap 0 -threads 0 -branch -printingOptions all -solution solution.txt -saveSolution solution.bin -quit (default strategy 1)
At line 2 NAME          MODEL
At line 3 ROWS
At line 317 COLUMNS
At line 1133 RHS
At line 1446 BOUNDS
At line 1521 ENDATA
Problem MODEL has 312 rows, 241 columns and 647 elements
Coin0008I MODEL read with 0 errors
primalTolerance was changed from 1e-07 to 1e-09
integerTolerance was changed from 1e-07 to 1e-09
ratioGap was changed from 0 to 0
allowableGap was changed from 1e-10 to 0
Continuous objective value is 2.65764e+06 - 0.00 seconds
Cgl0003I 0 fixed, 0 tightened bounds, 3 strengthened rows, 0 substitutions
Cgl0004I processed model has 114 rows, 155 columns (24 integer (24 of which binary)) and 329 elements
Cbc0038I Initial state - 8 integers unsatisfied sum - 2.81054
Cbc0038I Pass   1: suminf.    0.00000 (0) obj. 2.6583e+06 iterations 16
Cbc0038I Solution found of 2.6583e+06
Cbc0038I Relaxing continuous gives 2.6583e+06
Cbc0038I Before mini branch and bound, 16 integers at bound fixed and 86 continuous
Cbc0038I Full problem 114 rows 155 columns, reduced to 12 rows 13 columns
Cbc0038I Mini branch and bound did not improve solution (0.01 seconds)
Cbc0038I Round again with cutoff of 2.65824e+06
Cbc0038I Pass   2: suminf.    0.27313 (1) obj. 2.65824e+06 iterations 3
Cbc0038I Pass   3: suminf.    0.00000 (0) obj. 2.65824e+06 iterations 9
Cbc0038I Solution found of 2.65824e+06
Cbc0038I Relaxing continuous gives 2.65818e+06
Cbc0038I Before mini branch and bound, 15 integers at bound fixed and 76 continuous
Cbc0038I Full problem 114 rows 155 columns, reduced to 28 rows 37 columns
Cbc0038I Mini branch and bound improved solution from 2.65818e+06 to 2.65785e+06 (0.02 seconds)
Cbc0038I Freeing continuous variables gives a solution of 2.65784e+06
Cbc0038I Round again with cutoff of 2.6578e+06
Cbc0038I Pass   4: suminf.    0.78694 (5) obj. 2.6578e+06 iterations 10
Cbc0038I Pass   5: suminf.    0.78694 (3) obj. 2.6578e+06 iterations 2
Cbc0038I Pass   6: suminf.    0.36923 (1) obj. 2.6578e+06 iterations 13
Cbc0038I Pass   7: suminf.    0.48167 (1) obj. 2.6578e+06 iterations 2
Cbc0038I Pass   8: suminf.    1.40066 (3) obj. 2.6578e+06 iterations 9
Cbc0038I Pass   9: suminf.    1.19072 (4) obj. 2.6578e+06 iterations 3
Cbc0038I Pass  10: suminf.    0.48167 (1) obj. 2.6578e+06 iterations 5
Cbc0038I Pass  11: suminf.    0.27173 (2) obj. 2.6578e+06 iterations 3
Cbc0038I Pass  12: suminf.    0.75867 (3) obj. 2.6578e+06 iterations 5
Cbc0038I Pass  13: suminf.    0.48167 (1) obj. 2.6578e+06 iterations 4
Cbc0038I Pass  14: suminf.    0.27173 (2) obj. 2.6578e+06 iterations 3
Cbc0038I Pass  15: suminf.    0.87483 (5) obj. 2.6578e+06 iterations 14
Cbc0038I Pass  16: suminf.    0.78694 (3) obj. 2.6578e+06 iterations 4
Cbc0038I Pass  17: suminf.    0.36923 (1) obj. 2.6578e+06 iterations 9
Cbc0038I Pass  18: suminf.    0.48167 (1) obj. 2.6578e+06 iterations 2
Cbc0038I Pass  19: suminf.    0.49583 (1) obj. 2.6578e+06 iterations 11
Cbc0038I Pass  20: suminf.    0.36923 (1) obj. 2.6578e+06 iterations 1
Cbc0038I Pass  21: suminf.    0.49583 (1) obj. 2.6578e+06 iterations 1
Cbc0038I Pass  22: suminf.    1.04208 (4) obj. 2.6578e+06 iterations 22
Cbc0038I Pass  23: suminf.    0.51833 (4) obj. 2.6578e+06 iterations 7
Cbc0038I Pass  24: suminf.    1.15695 (4) obj. 2.6578e+06 iterations 13
Cbc0038I Pass  25: suminf.    1.15695 (4) obj. 2.6578e+06 iterations 2
Cbc0038I Pass  26: suminf.    1.28122 (3) obj. 2.6578e+06 iterations 12
Cbc0038I Pass  27: suminf.    0.78694 (4) obj. 2.6578e+06 iterations 2
Cbc0038I Pass  28: suminf.    0.78694 (3) obj. 2.6578e+06 iterations 1
Cbc0038I Pass  29: suminf.    0.62626 (3) obj. 2.6578e+06 iterations 8
Cbc0038I Pass  30: suminf.    1.15695 (4) obj. 2.6578e+06 iterations 6
Cbc0038I Pass  31: suminf.    1.15695 (4) obj. 2.6578e+06 iterations 2
Cbc0038I Pass  32: suminf.    1.28122 (3) obj. 2.6578e+06 iterations 9
Cbc0038I Pass  33: suminf.    0.78694 (4) obj. 2.6578e+06 iterations 2
Cbc0038I No solution found this major pass
Cbc0038I Before mini branch and bound, 2 integers at bound fixed and 66 continuous
Cbc0038I Full problem 114 rows 155 columns, reduced to 27 rows 36 columns
Cbc0038I Mini branch and bound did not improve solution (0.03 seconds)
Cbc0038I After 0.03 seconds - Feasibility pump exiting with objective of 2.65784e+06 - took 0.03 seconds
Cbc0012I Integer solution of 2657835.6 found by feasibility pump after 0 iterations and 0 nodes (0.03 seconds)
Cbc0038I Full problem 114 rows 155 columns, reduced to 68 rows 105 columns
Cbc0031I 10 added rows had average density of 30.3
Cbc0013I At root node, 10 cuts changed objective from 2657665.9 to 2657791.8 in 100 passes
Cbc0014I Cut generator 0 (Probing) - 6 row cuts average 2.0 elements, 0 column cuts (0 active)  in 0.004 seconds - new frequency is -100
Cbc0014I Cut generator 1 (Gomory) - 274 row cuts average 46.2 elements, 0 column cuts (0 active)  in 0.010 seconds - new frequency is 1
Cbc0014I Cut generator 2 (Knapsack) - 0 row cuts average 0.0 elements, 0 column cuts (0 active)  in 0.020 seconds - new frequency is -100
Cbc0014I Cut generator 3 (Clique) - 0 row cuts average 0.0 elements, 0 column cuts (0 active)  in 0.002 seconds - new frequency is -100
Cbc0014I Cut generator 4 (MixedIntegerRounding2) - 9 row cuts average 4.8 elements, 0 column cuts (0 active)  in 0.008 seconds - new frequency is -100
Cbc0014I Cut generator 5 (FlowCover) - 0 row cuts average 0.0 elements, 0 column cuts (0 active)  in 0.021 seconds - new frequency is -100
Cbc0014I Cut generator 6 (TwoMirCuts) - 26 row cuts average 12.8 elements, 0 column cuts (0 active)  in 0.002 seconds - new frequency is -100
Cbc0010I After 0 nodes, 1 on tree, 2657835.6 best solution, best possible 2657791.8 (0.19 seconds)
Cbc0001I Search completed - best objective 2657835.628808762, took 1172 iterations and 4 nodes (0.20 seconds)
Cbc0032I Strong branching done 28 times (191 iterations), fathomed 2 nodes and fixed 1 variables
Cbc0035I Maximum depth 1, 1 variables fixed on reduced cost
Cuts at root node changed objective from 2.65767e+06 to 2.65779e+06
Probing was tried 100 times and created 6 cuts of which 0 were active after adding rounds of cuts (0.004 seconds)
Gomory was tried 115 times and created 308 cuts of which 0 were active after adding rounds of cuts (0.011 seconds)
Knapsack was tried 100 times and created 0 cuts of which 0 were active after adding rounds of cuts (0.020 seconds)
Clique was tried 100 times and created 0 cuts of which 0 were active after adding rounds of cuts (0.002 seconds)
MixedIntegerRounding2 was tried 100 times and created 9 cuts of which 0 were active after adding rounds of cuts (0.008 seconds)
FlowCover was tried 100 times and created 0 cuts of which 0 were active after adding rounds of cuts (0.021 seconds)
TwoMirCuts was tried 100 times and created 26 cuts of which 0 were active after adding rounds of cuts (0.002 seconds)
ZeroHalf was tried 1 times and created 0 cuts of which 0 were active after adding rounds of cuts (0.000 seconds)

Result - Optimal solution found

Objective value:                2657835.62880876
Enumerated nodes:               4
Total iterations:               1172
Time (CPU seconds):             0.21
Time (Wallclock seconds):       0.21

Option for printingOptions changed from normal to all
Total time (CPU seconds):       0.23   (Wallclock seconds):       0.23

