Welcome to the CBC MILP Solver 
Version: 2.10.3 
Build Date: Dec 15 2019 

command line - E:\dachuang\.venv\Lib\site-packages\pulp\apis\../solverdir/cbc/win/i64/cbc.exe model.mps -primalTolerance 1e-9 -integerTolerance 1e-9 -ratioGap 0 -allowableGap 0 -threads 0 -branch -printingOptions all -solution solution.txt -saveSolution solution.bin -quit (default strategy 1)
At line 2 NAME          MODEL
At line 3 ROWS
At line 317 COLUMNS
At line 1133 RHS
At line 1446 BOUNDS
At line 1521 ENDATA
Problem MODEL has 312 rows, 241 columns and 647 elements
Coin0008I MODEL read with 0 errors
primalTolerance was changed from 1e-07 to 1e-09
integerTolerance was changed from 1e-07 to 1e-09
ratioGap was changed from 0 to 0
allowableGap was changed from 1e-10 to 0
Continuous objective value is 1.51757e+06 - 0.00 seconds
Cgl0003I 0 fixed, 0 tightened bounds, 3 strengthened rows, 0 substitutions
Cgl0004I processed model has 116 rows, 161 columns (24 integer (24 of which binary)) and 341 elements
Cbc0038I Initial state - 11 integers unsatisfied sum - 3.92279
Cbc0038I Pass   1: suminf.    0.00000 (0) obj. 1.70288e+06 iterations 22
Cbc0038I Solution found of 1.70288e+06
Cbc0038I Relaxing continuous gives 1.70143e+06
Cbc0038I Before mini branch and bound, 13 integers at bound fixed and 79 continuous
Cbc0038I Full problem 116 rows 161 columns, reduced to 13 rows 16 columns
Cbc0038I Mini branch and bound improved solution from 1.70143e+06 to 1.51815e+06 (0.01 seconds)
Cbc0038I Round again with cutoff of 1.51809e+06
Cbc0038I Pass   2: suminf.    1.11739 (4) obj. 1.51809e+06 iterations 17
Cbc0038I Pass   3: suminf.    0.00000 (0) obj. 1.51809e+06 iterations 8
Cbc0038I Solution found of 1.51809e+06
Cbc0038I Relaxing continuous gives 1.518e+06
Cbc0038I Before mini branch and bound, 12 integers at bound fixed and 78 continuous
Cbc0038I Full problem 116 rows 161 columns, reduced to 11 rows 15 columns
Cbc0038I Mini branch and bound did not improve solution (0.01 seconds)
Cbc0038I Freeing continuous variables gives a solution of 1.518e+06
Cbc0038I Round again with cutoff of 1.51792e+06
Cbc0038I Pass   4: suminf.    1.46766 (5) obj. 1.51792e+06 iterations 2
Cbc0038I Pass   5: suminf.    0.00000 (0) obj. 1.51792e+06 iterations 15
Cbc0038I Solution found of 1.51792e+06
Cbc0038I Relaxing continuous gives 1.51779e+06
Cbc0038I Before mini branch and bound, 12 integers at bound fixed and 76 continuous
Cbc0038I Full problem 116 rows 161 columns, reduced to 17 rows 25 columns
Cbc0038I Mini branch and bound improved solution from 1.51779e+06 to 1.51776e+06 (0.02 seconds)
Cbc0038I Round again with cutoff of 1.51771e+06
Cbc0038I Pass   6: suminf.    1.48213 (6) obj. 1.51771e+06 iterations 5
Cbc0038I Pass   7: suminf.    1.47713 (5) obj. 1.51771e+06 iterations 1
Cbc0038I Pass   8: suminf.    0.38180 (3) obj. 1.51771e+06 iterations 13
Cbc0038I Pass   9: suminf.    0.36505 (1) obj. 1.51771e+06 iterations 6
Cbc0038I Pass  10: suminf.    0.23120 (1) obj. 1.51771e+06 iterations 1
Cbc0038I Pass  11: suminf.    1.24841 (4) obj. 1.51771e+06 iterations 3
Cbc0038I Pass  12: suminf.    0.45741 (2) obj. 1.51771e+06 iterations 2
Cbc0038I Pass  13: suminf.    0.36505 (1) obj. 1.51771e+06 iterations 3
Cbc0038I Pass  14: suminf.    0.23120 (1) obj. 1.51771e+06 iterations 1
Cbc0038I Pass  15: suminf.    1.91963 (6) obj. 1.51771e+06 iterations 19
Cbc0038I Pass  16: suminf.    0.38180 (3) obj. 1.51771e+06 iterations 12
Cbc0038I Pass  17: suminf.    0.36505 (1) obj. 1.51771e+06 iterations 6
Cbc0038I Pass  18: suminf.    0.23120 (1) obj. 1.51771e+06 iterations 1
Cbc0038I Pass  19: suminf.    1.24616 (6) obj. 1.51771e+06 iterations 9
Cbc0038I Pass  20: suminf.    0.59701 (6) obj. 1.51771e+06 iterations 1
Cbc0038I Pass  21: suminf.    1.06030 (3) obj. 1.51771e+06 iterations 9
Cbc0038I Pass  22: suminf.    1.03558 (3) obj. 1.51771e+06 iterations 3
Cbc0038I Pass  23: suminf.    1.06030 (3) obj. 1.51771e+06 iterations 3
Cbc0038I Pass  24: suminf.    1.52533 (10) obj. 1.51771e+06 iterations 19
Cbc0038I Pass  25: suminf.    1.48454 (9) obj. 1.51771e+06 iterations 2
Cbc0038I Pass  26: suminf.    1.06030 (3) obj. 1.51771e+06 iterations 13
Cbc0038I Pass  27: suminf.    2.59752 (9) obj. 1.51771e+06 iterations 18
Cbc0038I Pass  28: suminf.    1.80652 (7) obj. 1.51771e+06 iterations 3
Cbc0038I Pass  29: suminf.    0.38830 (4) obj. 1.51771e+06 iterations 11
Cbc0038I Pass  30: suminf.    0.38830 (4) obj. 1.51771e+06 iterations 0
Cbc0038I Pass  31: suminf.    0.90714 (3) obj. 1.51771e+06 iterations 8
Cbc0038I Pass  32: suminf.    0.23120 (1) obj. 1.51771e+06 iterations 9
Cbc0038I Pass  33: suminf.    0.36505 (1) obj. 1.51771e+06 iterations 2
Cbc0038I Pass  34: suminf.    0.94030 (8) obj. 1.51771e+06 iterations 20
Cbc0038I Pass  35: suminf.    0.45451 (6) obj. 1.51771e+06 iterations 5
Cbc0038I No solution found this major pass
Cbc0038I Before mini branch and bound, 4 integers at bound fixed and 67 continuous
Cbc0038I Full problem 116 rows 161 columns, reduced to 25 rows 34 columns
Cbc0038I Mini branch and bound improved solution from 1.51776e+06 to 1.51772e+06 (0.04 seconds)
Cbc0038I Freeing continuous variables gives a solution of 1.51772e+06
Cbc0038I Round again with cutoff of 1.51768e+06
Cbc0038I Pass  35: suminf.    1.62819 (6) obj. 1.51768e+06 iterations 0
Cbc0038I Pass  36: suminf.    1.62319 (6) obj. 1.51768e+06 iterations 2
Cbc0038I Pass  37: suminf.    0.74530 (3) obj. 1.51768e+06 iterations 15
Cbc0038I Pass  38: suminf.    0.39303 (1) obj. 1.51768e+06 iterations 4
Cbc0038I Pass  39: suminf.    0.48889 (1) obj. 1.51768e+06 iterations 2
Cbc0038I Pass  40: suminf.    0.70074 (4) obj. 1.51768e+06 iterations 12
Cbc0038I Pass  41: suminf.    0.70074 (4) obj. 1.51768e+06 iterations 0
Cbc0038I Pass  42: suminf.    0.54364 (3) obj. 1.51768e+06 iterations 11
Cbc0038I Pass  43: suminf.    0.54847 (2) obj. 1.51768e+06 iterations 7
Cbc0038I Pass  44: suminf.    0.54364 (2) obj. 1.51768e+06 iterations 1
Cbc0038I Pass  45: suminf.    1.19278 (4) obj. 1.51768e+06 iterations 8
Cbc0038I Pass  46: suminf.    1.85378 (6) obj. 1.51768e+06 iterations 8
Cbc0038I Pass  47: suminf.    1.20464 (5) obj. 1.51768e+06 iterations 2
Cbc0038I Pass  48: suminf.    0.54847 (2) obj. 1.51768e+06 iterations 9
Cbc0038I Pass  49: suminf.    0.54364 (2) obj. 1.51768e+06 iterations 1
Cbc0038I Pass  50: suminf.    1.19278 (4) obj. 1.51768e+06 iterations 8
Cbc0038I Pass  51: suminf.    0.54364 (3) obj. 1.51768e+06 iterations 2
Cbc0038I Pass  52: suminf.    0.87914 (4) obj. 1.51768e+06 iterations 1
Cbc0038I Pass  53: suminf.    1.12299 (4) obj. 1.51768e+06 iterations 12
Cbc0038I Pass  54: suminf.    0.77072 (2) obj. 1.51768e+06 iterations 7
Cbc0038I Pass  55: suminf.    0.48889 (1) obj. 1.51768e+06 iterations 3
Cbc0038I Pass  56: suminf.    0.39303 (1) obj. 1.51768e+06 iterations 1
Cbc0038I Pass  57: suminf.    1.18644 (7) obj. 1.51768e+06 iterations 15
Cbc0038I Pass  58: suminf.    0.86535 (5) obj. 1.51768e+06 iterations 4
Cbc0038I Pass  59: suminf.    0.55014 (4) obj. 1.51768e+06 iterations 7
Cbc0038I Pass  60: suminf.    0.55014 (4) obj. 1.51768e+06 iterations 0
Cbc0038I Pass  61: suminf.    0.89511 (4) obj. 1.51768e+06 iterations 6
Cbc0038I Pass  62: suminf.    0.39303 (1) obj. 1.51768e+06 iterations 5
Cbc0038I Pass  63: suminf.    0.48889 (1) obj. 1.51768e+06 iterations 2
Cbc0038I Pass  64: suminf.    0.72418 (3) obj. 1.51768e+06 iterations 6
Cbc0038I No solution found this major pass
Cbc0038I Before mini branch and bound, 2 integers at bound fixed and 66 continuous
Cbc0038I Full problem 116 rows 161 columns, reduced to 25 rows 34 columns
Cbc0038I Mini branch and bound did not improve solution (0.05 seconds)
Cbc0038I After 0.05 seconds - Feasibility pump exiting with objective of 1.51772e+06 - took 0.04 seconds
Cbc0012I Integer solution of 1517718.1 found by feasibility pump after 0 iterations and 0 nodes (0.05 seconds)
Cbc0038I Full problem 116 rows 161 columns, reduced to 89 rows 133 columns - 2 fixed gives 84, 128 - ok now
Cbc0038I Full problem 116 rows 161 columns, reduced to 84 rows 128 columns
Cbc0031I 16 added rows had average density of 26.125
Cbc0013I At root node, 16 cuts changed objective from 1517596.8 to 1517672 in 100 passes
Cbc0014I Cut generator 0 (Probing) - 2 row cuts average 2.0 elements, 0 column cuts (0 active)  in 0.015 seconds - new frequency is -100
Cbc0014I Cut generator 1 (Gomory) - 286 row cuts average 35.8 elements, 0 column cuts (0 active)  in 0.006 seconds - new frequency is 1
Cbc0014I Cut generator 2 (Knapsack) - 0 row cuts average 0.0 elements, 0 column cuts (0 active)  in 0.022 seconds - new frequency is -100
Cbc0014I Cut generator 3 (Clique) - 0 row cuts average 0.0 elements, 0 column cuts (0 active)  in 0.000 seconds - new frequency is -100
Cbc0014I Cut generator 4 (MixedIntegerRounding2) - 6 row cuts average 4.5 elements, 0 column cuts (0 active)  in 0.008 seconds - new frequency is -100
Cbc0014I Cut generator 5 (FlowCover) - 0 row cuts average 0.0 elements, 0 column cuts (0 active)  in 0.016 seconds - new frequency is -100
Cbc0014I Cut generator 6 (TwoMirCuts) - 29 row cuts average 12.2 elements, 0 column cuts (0 active)  in 0.006 seconds - new frequency is -100
Cbc0010I After 0 nodes, 1 on tree, 1517718.1 best solution, best possible 1517672 (0.20 seconds)
Cbc0001I Search completed - best objective 1517718.102492866, took 1018 iterations and 4 nodes (0.21 seconds)
Cbc0032I Strong branching done 22 times (156 iterations), fathomed 1 nodes and fixed 3 variables
Cbc0035I Maximum depth 1, 0 variables fixed on reduced cost
Cuts at root node changed objective from 1.5176e+06 to 1.51767e+06
Probing was tried 100 times and created 2 cuts of which 0 were active after adding rounds of cuts (0.015 seconds)
Gomory was tried 113 times and created 310 cuts of which 0 were active after adding rounds of cuts (0.008 seconds)
Knapsack was tried 100 times and created 0 cuts of which 0 were active after adding rounds of cuts (0.022 seconds)
Clique was tried 100 times and created 0 cuts of which 0 were active after adding rounds of cuts (0.000 seconds)
MixedIntegerRounding2 was tried 100 times and created 6 cuts of which 0 were active after adding rounds of cuts (0.008 seconds)
FlowCover was tried 100 times and created 0 cuts of which 0 were active after adding rounds of cuts (0.016 seconds)
TwoMirCuts was tried 100 times and created 29 cuts of which 0 were active after adding rounds of cuts (0.006 seconds)
ZeroHalf was tried 1 times and created 0 cuts of which 0 were active after adding rounds of cuts (0.000 seconds)

Result - Optimal solution found

Objective value:                1517718.10249287
Enumerated nodes:               4
Total iterations:               1018
Time (CPU seconds):             0.21
Time (Wallclock seconds):       0.22

Option for printingOptions changed from normal to all
Total time (CPU seconds):       0.24   (Wallclock seconds):       0.24

