Welcome to the CBC MILP Solver 
Version: 2.10.3 
Build Date: Dec 15 2019 

command line - E:\dachuang\.venv\Lib\site-packages\pulp\apis\../solverdir/cbc/win/i64/cbc.exe model.mps -primalTolerance 1e-9 -integerTolerance 1e-9 -ratioGap 0 -allowableGap 0 -threads 0 -branch -printingOptions all -solution solution.txt -saveSolution solution.bin -quit (default strategy 1)
At line 2 NAME          MODEL
At line 3 ROWS
At line 317 COLUMNS
At line 1133 RHS
At line 1446 BOUNDS
At line 1521 ENDATA
Problem MODEL has 312 rows, 241 columns and 647 elements
Coin0008I MODEL read with 0 errors
primalTolerance was changed from 1e-07 to 1e-09
integerTolerance was changed from 1e-07 to 1e-09
ratioGap was changed from 0 to 0
allowableGap was changed from 1e-10 to 0
Continuous objective value is 3.56304e+06 - 0.00 seconds
Cgl0003I 0 fixed, 0 tightened bounds, 2 strengthened rows, 0 substitutions
Cgl0004I processed model has 113 rows, 155 columns (24 integer (24 of which binary)) and 326 elements
Cbc0038I Initial state - 5 integers unsatisfied sum - 2.04731
Cbc0038I Pass   1: suminf.    0.00000 (0) obj. 3.56351e+06 iterations 9
Cbc0038I Solution found of 3.56351e+06
Cbc0038I Relaxing continuous gives 3.56351e+06
Cbc0038I Before mini branch and bound, 19 integers at bound fixed and 95 continuous
Cbc0038I Full problem 113 rows 155 columns, reduced to 10 rows 12 columns
Cbc0038I Mini branch and bound did not improve solution (0.02 seconds)
Cbc0038I Round again with cutoff of 3.56346e+06
Cbc0038I Pass   2: suminf.    0.20473 (1) obj. 3.56346e+06 iterations 1
Cbc0038I Pass   3: suminf.    0.00000 (0) obj. 3.56346e+06 iterations 9
Cbc0038I Solution found of 3.56346e+06
Cbc0038I Relaxing continuous gives 3.5634e+06
Cbc0038I Before mini branch and bound, 19 integers at bound fixed and 90 continuous
Cbc0038I Full problem 113 rows 155 columns, reduced to 14 rows 20 columns
Cbc0038I Mini branch and bound improved solution from 3.5634e+06 to 3.56319e+06 (0.02 seconds)
Cbc0038I Round again with cutoff of 3.56316e+06
Cbc0038I Pass   4: suminf.    0.46494 (2) obj. 3.56316e+06 iterations 3
Cbc0038I Pass   5: suminf.    0.12806 (1) obj. 3.56316e+06 iterations 11
Cbc0038I Pass   6: suminf.    0.63756 (3) obj. 3.56316e+06 iterations 13
Cbc0038I Pass   7: suminf.    0.63346 (3) obj. 3.56316e+06 iterations 1
Cbc0038I Pass   8: suminf.    1.33386 (3) obj. 3.56316e+06 iterations 4
Cbc0038I Pass   9: suminf.    0.68471 (3) obj. 3.56316e+06 iterations 1
Cbc0038I Pass  10: suminf.    0.82611 (3) obj. 3.56316e+06 iterations 3
Cbc0038I Pass  11: suminf.    0.63756 (3) obj. 3.56316e+06 iterations 1
Cbc0038I Pass  12: suminf.    0.63346 (3) obj. 3.56316e+06 iterations 1
Cbc0038I Pass  13: suminf.    1.33386 (3) obj. 3.56316e+06 iterations 4
Cbc0038I Pass  14: suminf.    0.68471 (3) obj. 3.56316e+06 iterations 1
Cbc0038I Pass  15: suminf.    0.82611 (3) obj. 3.56316e+06 iterations 3
Cbc0038I Pass  16: suminf.    0.63756 (3) obj. 3.56316e+06 iterations 1
Cbc0038I Pass  17: suminf.    0.63346 (3) obj. 3.56316e+06 iterations 1
Cbc0038I Pass  18: suminf.    1.33386 (3) obj. 3.56316e+06 iterations 4
Cbc0038I Pass  19: suminf.    0.68471 (3) obj. 3.56316e+06 iterations 1
Cbc0038I Pass  20: suminf.    0.82611 (3) obj. 3.56316e+06 iterations 3
Cbc0038I Pass  21: suminf.    0.63756 (3) obj. 3.56316e+06 iterations 1
Cbc0038I Pass  22: suminf.    0.63346 (3) obj. 3.56316e+06 iterations 1
Cbc0038I Pass  23: suminf.    1.33386 (3) obj. 3.56316e+06 iterations 4
Cbc0038I Pass  24: suminf.    0.68471 (3) obj. 3.56316e+06 iterations 1
Cbc0038I Pass  25: suminf.    0.82611 (3) obj. 3.56316e+06 iterations 3
Cbc0038I Pass  26: suminf.    0.63756 (3) obj. 3.56316e+06 iterations 1
Cbc0038I Pass  27: suminf.    0.63346 (3) obj. 3.56316e+06 iterations 1
Cbc0038I Pass  28: suminf.    1.33386 (3) obj. 3.56316e+06 iterations 4
Cbc0038I Pass  29: suminf.    0.68471 (3) obj. 3.56316e+06 iterations 1
Cbc0038I Pass  30: suminf.    0.82611 (3) obj. 3.56316e+06 iterations 3
Cbc0038I Pass  31: suminf.    0.63756 (3) obj. 3.56316e+06 iterations 1
Cbc0038I Pass  32: suminf.    0.63346 (3) obj. 3.56316e+06 iterations 1
Cbc0038I Pass  33: suminf.    1.33386 (3) obj. 3.56316e+06 iterations 4
Cbc0038I No solution found this major pass
Cbc0038I Before mini branch and bound, 19 integers at bound fixed and 92 continuous
Cbc0038I Full problem 113 rows 155 columns, reduced to 15 rows 20 columns
Cbc0038I Mini branch and bound did not improve solution (0.04 seconds)
Cbc0038I After 0.04 seconds - Feasibility pump exiting with objective of 3.56319e+06 - took 0.03 seconds
Cbc0012I Integer solution of 3563185.8 found by feasibility pump after 0 iterations and 0 nodes (0.04 seconds)
Cbc0038I Full problem 113 rows 155 columns, reduced to 59 rows 96 columns
Cbc0012I Integer solution of 3563119.6 found by DiveCoefficient after 220 iterations and 0 nodes (0.09 seconds)
Cbc0031I 6 added rows had average density of 16.5
Cbc0013I At root node, 6 cuts changed objective from 3563037.1 to 3563119.6 in 42 passes
Cbc0014I Cut generator 0 (Probing) - 0 row cuts average 0.0 elements, 0 column cuts (0 active)  in 0.004 seconds - new frequency is -100
Cbc0014I Cut generator 1 (Gomory) - 93 row cuts average 25.3 elements, 0 column cuts (0 active)  in 0.002 seconds - new frequency is 1
Cbc0014I Cut generator 2 (Knapsack) - 0 row cuts average 0.0 elements, 0 column cuts (0 active)  in 0.005 seconds - new frequency is -100
Cbc0014I Cut generator 3 (Clique) - 0 row cuts average 0.0 elements, 0 column cuts (0 active)  in 0.000 seconds - new frequency is -100
Cbc0014I Cut generator 4 (MixedIntegerRounding2) - 2 row cuts average 3.0 elements, 0 column cuts (0 active)  in 0.003 seconds - new frequency is -100
Cbc0014I Cut generator 5 (FlowCover) - 0 row cuts average 0.0 elements, 0 column cuts (0 active)  in 0.006 seconds - new frequency is -100
Cbc0014I Cut generator 6 (TwoMirCuts) - 19 row cuts average 12.3 elements, 0 column cuts (0 active)  in 0.003 seconds - new frequency is -100
Cbc0001I Search completed - best objective 3563119.626341999, took 222 iterations and 0 nodes (0.09 seconds)
Cbc0032I Strong branching done 4 times (16 iterations), fathomed 1 nodes and fixed 0 variables
Cbc0035I Maximum depth 0, 0 variables fixed on reduced cost
Cuts at root node changed objective from 3.56304e+06 to 3.56312e+06
Probing was tried 42 times and created 0 cuts of which 0 were active after adding rounds of cuts (0.004 seconds)
Gomory was tried 42 times and created 93 cuts of which 0 were active after adding rounds of cuts (0.002 seconds)
Knapsack was tried 42 times and created 0 cuts of which 0 were active after adding rounds of cuts (0.005 seconds)
Clique was tried 42 times and created 0 cuts of which 0 were active after adding rounds of cuts (0.000 seconds)
MixedIntegerRounding2 was tried 42 times and created 2 cuts of which 0 were active after adding rounds of cuts (0.003 seconds)
FlowCover was tried 42 times and created 0 cuts of which 0 were active after adding rounds of cuts (0.006 seconds)
TwoMirCuts was tried 42 times and created 19 cuts of which 0 were active after adding rounds of cuts (0.003 seconds)
ZeroHalf was tried 1 times and created 0 cuts of which 0 were active after adding rounds of cuts (0.000 seconds)

Result - Optimal solution found

Objective value:                3563119.62634200
Enumerated nodes:               0
Total iterations:               222
Time (CPU seconds):             0.10
Time (Wallclock seconds):       0.10

Option for printingOptions changed from normal to all
Total time (CPU seconds):       0.13   (Wallclock seconds):       0.13

