Welcome to the CBC MILP Solver 
Version: 2.10.3 
Build Date: Dec 15 2019 

command line - E:\dachuang\.venv\Lib\site-packages\pulp\apis\../solverdir/cbc/win/i64/cbc.exe model.mps -primalTolerance 1e-9 -integerTolerance 1e-9 -ratioGap 0 -allowableGap 0 -threads 0 -branch -printingOptions all -solution solution.txt -saveSolution solution.bin -quit (default strategy 1)
At line 2 NAME          MODEL
At line 3 ROWS
At line 317 COLUMNS
At line 1133 RHS
At line 1446 BOUNDS
At line 1521 ENDATA
Problem MODEL has 312 rows, 241 columns and 647 elements
Coin0008I MODEL read with 0 errors
primalTolerance was changed from 1e-07 to 1e-09
integerTolerance was changed from 1e-07 to 1e-09
ratioGap was changed from 0 to 0
allowableGap was changed from 1e-10 to 0
Continuous objective value is 1.69539e+06 - 0.00 seconds
Cgl0003I 0 fixed, 0 tightened bounds, 2 strengthened rows, 0 substitutions
Cgl0004I processed model has 116 rows, 160 columns (24 integer (24 of which binary)) and 340 elements
Cbc0038I Initial state - 8 integers unsatisfied sum - 2.57981
Cbc0038I Pass   1: suminf.    0.00000 (0) obj. 1.79332e+06 iterations 16
Cbc0038I Solution found of 1.79332e+06
Cbc0038I Relaxing continuous gives 1.78815e+06
Cbc0038I Before mini branch and bound, 16 integers at bound fixed and 84 continuous
Cbc0038I Full problem 116 rows 160 columns, reduced to 12 rows 18 columns
Cbc0038I Mini branch and bound improved solution from 1.78815e+06 to 1.69586e+06 (0.01 seconds)
Cbc0038I Round again with cutoff of 1.69581e+06
Cbc0038I Pass   2: suminf.    0.73723 (4) obj. 1.69581e+06 iterations 9
Cbc0038I Pass   3: suminf.    0.00000 (0) obj. 1.69581e+06 iterations 11
Cbc0038I Solution found of 1.69581e+06
Cbc0038I Relaxing continuous gives 1.6958e+06
Cbc0038I Before mini branch and bound, 16 integers at bound fixed and 81 continuous
Cbc0038I Full problem 116 rows 160 columns, reduced to 17 rows 24 columns
Cbc0038I Mini branch and bound improved solution from 1.6958e+06 to 1.69563e+06 (0.02 seconds)
Cbc0038I Round again with cutoff of 1.69558e+06
Cbc0038I Pass   4: suminf.    1.32304 (5) obj. 1.69558e+06 iterations 4
Cbc0038I Pass   5: suminf.    0.99833 (4) obj. 1.69558e+06 iterations 8
Cbc0038I Pass   6: suminf.    0.20946 (1) obj. 1.69558e+06 iterations 5
Cbc0038I Pass   7: suminf.    0.46583 (1) obj. 1.69558e+06 iterations 2
Cbc0038I Pass   8: suminf.    0.46808 (2) obj. 1.69558e+06 iterations 8
Cbc0038I Pass   9: suminf.    0.20946 (1) obj. 1.69558e+06 iterations 3
Cbc0038I Pass  10: suminf.    0.46583 (1) obj. 1.69558e+06 iterations 2
Cbc0038I Pass  11: suminf.    0.92955 (3) obj. 1.69558e+06 iterations 8
Cbc0038I Pass  12: suminf.    0.63185 (2) obj. 1.69558e+06 iterations 1
Cbc0038I Pass  13: suminf.    0.20946 (1) obj. 1.69558e+06 iterations 3
Cbc0038I Pass  14: suminf.    0.46583 (1) obj. 1.69558e+06 iterations 2
Cbc0038I Pass  15: suminf.    0.94692 (4) obj. 1.69558e+06 iterations 14
Cbc0038I Pass  16: suminf.    0.70692 (2) obj. 1.69558e+06 iterations 3
Cbc0038I Pass  17: suminf.    0.20946 (1) obj. 1.69558e+06 iterations 3
Cbc0038I Pass  18: suminf.    0.46583 (1) obj. 1.69558e+06 iterations 2
Cbc0038I Pass  19: suminf.    1.28669 (5) obj. 1.69558e+06 iterations 11
Cbc0038I Pass  20: suminf.    1.28669 (5) obj. 1.69558e+06 iterations 1
Cbc0038I Pass  21: suminf.    0.98609 (3) obj. 1.69558e+06 iterations 5
Cbc0038I Pass  22: suminf.    0.76544 (3) obj. 1.69558e+06 iterations 1
Cbc0038I Pass  23: suminf.    0.76544 (3) obj. 1.69558e+06 iterations 0
Cbc0038I Pass  24: suminf.    1.02519 (3) obj. 1.69558e+06 iterations 5
Cbc0038I Pass  25: suminf.    1.02519 (3) obj. 1.69558e+06 iterations 1
Cbc0038I Pass  26: suminf.    0.98609 (3) obj. 1.69558e+06 iterations 3
Cbc0038I Pass  27: suminf.    0.76544 (3) obj. 1.69558e+06 iterations 1
Cbc0038I Pass  28: suminf.    0.76544 (3) obj. 1.69558e+06 iterations 0
Cbc0038I Pass  29: suminf.    1.02519 (3) obj. 1.69558e+06 iterations 5
Cbc0038I Pass  30: suminf.    1.02519 (3) obj. 1.69558e+06 iterations 1
Cbc0038I Pass  31: suminf.    0.98609 (3) obj. 1.69558e+06 iterations 3
Cbc0038I Pass  32: suminf.    0.76544 (3) obj. 1.69558e+06 iterations 1
Cbc0038I Pass  33: suminf.    0.76544 (3) obj. 1.69558e+06 iterations 0
Cbc0038I No solution found this major pass
Cbc0038I Before mini branch and bound, 4 integers at bound fixed and 72 continuous
Cbc0038I Full problem 116 rows 160 columns, reduced to 17 rows 22 columns
Cbc0038I Mini branch and bound did not improve solution (0.03 seconds)
Cbc0038I After 0.03 seconds - Feasibility pump exiting with objective of 1.69563e+06 - took 0.03 seconds
Cbc0012I Integer solution of 1695629.1 found by feasibility pump after 0 iterations and 0 nodes (0.03 seconds)
Cbc0038I Full problem 116 rows 160 columns, reduced to 72 rows 114 columns
Cbc0031I 11 added rows had average density of 16
Cbc0013I At root node, 11 cuts changed objective from 1695386 to 1695617.5 in 100 passes
Cbc0014I Cut generator 0 (Probing) - 2 row cuts average 2.0 elements, 1 column cuts (1 active)  in 0.014 seconds - new frequency is -100
Cbc0014I Cut generator 1 (Gomory) - 285 row cuts average 34.8 elements, 0 column cuts (0 active)  in 0.011 seconds - new frequency is 1
Cbc0014I Cut generator 2 (Knapsack) - 0 row cuts average 0.0 elements, 0 column cuts (0 active)  in 0.018 seconds - new frequency is -100
Cbc0014I Cut generator 3 (Clique) - 0 row cuts average 0.0 elements, 0 column cuts (0 active)  in 0.001 seconds - new frequency is -100
Cbc0014I Cut generator 4 (MixedIntegerRounding2) - 5 row cuts average 5.6 elements, 0 column cuts (0 active)  in 0.008 seconds - new frequency is -100
Cbc0014I Cut generator 5 (FlowCover) - 0 row cuts average 0.0 elements, 0 column cuts (0 active)  in 0.019 seconds - new frequency is -100
Cbc0014I Cut generator 6 (TwoMirCuts) - 21 row cuts average 14.4 elements, 0 column cuts (0 active)  in 0.003 seconds - new frequency is -100
Cbc0010I After 0 nodes, 1 on tree, 1695629.1 best solution, best possible 1695617.5 (0.17 seconds)
Cbc0001I Search completed - best objective 1695629.128022713, took 755 iterations and 2 nodes (0.17 seconds)
Cbc0032I Strong branching done 10 times (49 iterations), fathomed 1 nodes and fixed 2 variables
Cbc0035I Maximum depth 0, 0 variables fixed on reduced cost
Cuts at root node changed objective from 1.69539e+06 to 1.69562e+06
Probing was tried 100 times and created 3 cuts of which 0 were active after adding rounds of cuts (0.014 seconds)
Gomory was tried 101 times and created 285 cuts of which 0 were active after adding rounds of cuts (0.011 seconds)
Knapsack was tried 100 times and created 0 cuts of which 0 were active after adding rounds of cuts (0.018 seconds)
Clique was tried 100 times and created 0 cuts of which 0 were active after adding rounds of cuts (0.001 seconds)
MixedIntegerRounding2 was tried 100 times and created 5 cuts of which 0 were active after adding rounds of cuts (0.008 seconds)
FlowCover was tried 100 times and created 0 cuts of which 0 were active after adding rounds of cuts (0.019 seconds)
TwoMirCuts was tried 100 times and created 21 cuts of which 0 were active after adding rounds of cuts (0.003 seconds)
ZeroHalf was tried 1 times and created 0 cuts of which 0 were active after adding rounds of cuts (0.000 seconds)

Result - Optimal solution found

Objective value:                1695629.12802271
Enumerated nodes:               2
Total iterations:               755
Time (CPU seconds):             0.17
Time (Wallclock seconds):       0.17

Option for printingOptions changed from normal to all
Total time (CPU seconds):       0.20   (Wallclock seconds):       0.20

