Welcome to the CBC MILP Solver 
Version: 2.10.3 
Build Date: Dec 15 2019 

command line - E:\dachuang\.venv\Lib\site-packages\pulp\apis\../solverdir/cbc/win/i64/cbc.exe model.mps -primalTolerance 1e-9 -integerTolerance 1e-9 -ratioGap 0 -allowableGap 0 -threads 0 -branch -printingOptions all -solution solution.txt -saveSolution solution.bin -quit (default strategy 1)
At line 2 NAME          MODEL
At line 3 ROWS
At line 317 COLUMNS
At line 1133 RHS
At line 1446 BOUNDS
At line 1521 ENDATA
Problem MODEL has 312 rows, 241 columns and 647 elements
Coin0008I MODEL read with 0 errors
primalTolerance was changed from 1e-07 to 1e-09
integerTolerance was changed from 1e-07 to 1e-09
ratioGap was changed from 0 to 0
allowableGap was changed from 1e-10 to 0
Continuous objective value is 3.43282e+06 - 0.00 seconds
Cgl0003I 0 fixed, 0 tightened bounds, 3 strengthened rows, 0 substitutions
Cgl0004I processed model has 113 rows, 155 columns (24 integer (24 of which binary)) and 326 elements
Cbc0038I Initial state - 9 integers unsatisfied sum - 2.73637
Cbc0038I Pass   1: suminf.    0.00000 (0) obj. 3.43888e+06 iterations 13
Cbc0038I Solution found of 3.43888e+06
Cbc0038I Relaxing continuous gives 3.43322e+06
Cbc0038I Before mini branch and bound, 15 integers at bound fixed and 89 continuous
Cbc0038I Full problem 113 rows 155 columns, reduced to 6 rows 6 columns
Cbc0038I Mini branch and bound did not improve solution (0.01 seconds)
Cbc0038I Round again with cutoff of 3.43318e+06
Cbc0038I Pass   2: suminf.    0.16333 (1) obj. 3.43318e+06 iterations 5
Cbc0038I Pass   3: suminf.    0.00000 (0) obj. 3.43318e+06 iterations 16
Cbc0038I Solution found of 3.43318e+06
Cbc0038I Relaxing continuous gives 3.43312e+06
Cbc0038I Before mini branch and bound, 15 integers at bound fixed and 86 continuous
Cbc0038I Full problem 113 rows 155 columns, reduced to 15 rows 20 columns
Cbc0038I Mini branch and bound improved solution from 3.43312e+06 to 3.43299e+06 (0.02 seconds)
Cbc0038I Round again with cutoff of 3.43296e+06
Cbc0038I Pass   4: suminf.    0.73532 (2) obj. 3.43296e+06 iterations 3
Cbc0038I Pass   5: suminf.    0.46609 (2) obj. 3.43296e+06 iterations 1
Cbc0038I Pass   6: suminf.    0.46609 (1) obj. 3.43296e+06 iterations 3
Cbc0038I Pass   7: suminf.    0.22416 (1) obj. 3.43296e+06 iterations 1
Cbc0038I Pass   8: suminf.    1.06389 (4) obj. 3.43296e+06 iterations 7
Cbc0038I Pass   9: suminf.    0.50159 (2) obj. 3.43296e+06 iterations 1
Cbc0038I Pass  10: suminf.    0.53391 (2) obj. 3.43296e+06 iterations 7
Cbc0038I Pass  11: suminf.    0.12666 (1) obj. 3.43296e+06 iterations 4
Cbc0038I Pass  12: suminf.    0.68896 (3) obj. 3.43296e+06 iterations 4
Cbc0038I Pass  13: suminf.    0.12666 (1) obj. 3.43296e+06 iterations 1
Cbc0038I Pass  14: suminf.    0.53391 (2) obj. 3.43296e+06 iterations 9
Cbc0038I Pass  15: suminf.    1.00122 (6) obj. 3.43296e+06 iterations 12
Cbc0038I Pass  16: suminf.    1.00122 (5) obj. 3.43296e+06 iterations 4
Cbc0038I Pass  17: suminf.    0.23219 (3) obj. 3.43296e+06 iterations 12
Cbc0038I Pass  18: suminf.    0.46609 (2) obj. 3.43296e+06 iterations 5
Cbc0038I Pass  19: suminf.    0.46609 (1) obj. 3.43296e+06 iterations 6
Cbc0038I Pass  20: suminf.    0.22416 (1) obj. 3.43296e+06 iterations 1
Cbc0038I Pass  21: suminf.    0.22416 (1) obj. 3.43296e+06 iterations 10
Cbc0038I Pass  22: suminf.    0.46609 (1) obj. 3.43296e+06 iterations 1
Cbc0038I Pass  23: suminf.    0.22416 (1) obj. 3.43296e+06 iterations 2
Cbc0038I Pass  24: suminf.    0.80684 (5) obj. 3.43296e+06 iterations 18
Cbc0038I Pass  25: suminf.    0.50159 (4) obj. 3.43296e+06 iterations 4
Cbc0038I Pass  26: suminf.    1.06741 (3) obj. 3.43296e+06 iterations 14
Cbc0038I Pass  27: suminf.    1.02916 (3) obj. 3.43296e+06 iterations 7
Cbc0038I Pass  28: suminf.    1.06741 (3) obj. 3.43296e+06 iterations 3
Cbc0038I Pass  29: suminf.    1.43495 (5) obj. 3.43296e+06 iterations 16
Cbc0038I Pass  30: suminf.    0.76569 (4) obj. 3.43296e+06 iterations 5
Cbc0038I Pass  31: suminf.    0.76569 (4) obj. 3.43296e+06 iterations 0
Cbc0038I Pass  32: suminf.    0.53180 (3) obj. 3.43296e+06 iterations 10
Cbc0038I Pass  33: suminf.    1.06741 (3) obj. 3.43296e+06 iterations 4
Cbc0038I No solution found this major pass
Cbc0038I Before mini branch and bound, 3 integers at bound fixed and 68 continuous
Cbc0038I Full problem 113 rows 155 columns, reduced to 23 rows 31 columns
Cbc0038I Mini branch and bound improved solution from 3.43299e+06 to 3.43297e+06 (0.03 seconds)
Cbc0038I Round again with cutoff of 3.43292e+06
Cbc0038I Pass  33: suminf.    0.72135 (2) obj. 3.43292e+06 iterations 0
Cbc0038I Pass  34: suminf.    0.37670 (2) obj. 3.43292e+06 iterations 12
Cbc0038I Pass  35: suminf.    0.37615 (2) obj. 3.43292e+06 iterations 1
Cbc0038I Pass  36: suminf.    0.40061 (3) obj. 3.43292e+06 iterations 9
Cbc0038I Pass  37: suminf.    0.40061 (3) obj. 3.43292e+06 iterations 0
Cbc0038I Pass  38: suminf.    0.63450 (2) obj. 3.43292e+06 iterations 5
Cbc0038I Pass  39: suminf.    0.37670 (2) obj. 3.43292e+06 iterations 2
Cbc0038I Pass  40: suminf.    0.37615 (2) obj. 3.43292e+06 iterations 1
Cbc0038I Pass  41: suminf.    0.40061 (3) obj. 3.43292e+06 iterations 9
Cbc0038I Pass  42: suminf.    0.40061 (3) obj. 3.43292e+06 iterations 0
Cbc0038I Pass  43: suminf.    0.63450 (2) obj. 3.43292e+06 iterations 5
Cbc0038I Pass  44: suminf.    0.37670 (2) obj. 3.43292e+06 iterations 2
Cbc0038I Pass  45: suminf.    0.37615 (2) obj. 3.43292e+06 iterations 1
Cbc0038I Pass  46: suminf.    0.40061 (3) obj. 3.43292e+06 iterations 9
Cbc0038I Pass  47: suminf.    0.40061 (3) obj. 3.43292e+06 iterations 0
Cbc0038I Pass  48: suminf.    0.63450 (2) obj. 3.43292e+06 iterations 5
Cbc0038I Pass  49: suminf.    0.37670 (2) obj. 3.43292e+06 iterations 2
Cbc0038I Pass  50: suminf.    0.37615 (2) obj. 3.43292e+06 iterations 1
Cbc0038I Pass  51: suminf.    0.40061 (3) obj. 3.43292e+06 iterations 9
Cbc0038I Pass  52: suminf.    0.40061 (3) obj. 3.43292e+06 iterations 0
Cbc0038I Pass  53: suminf.    0.63450 (2) obj. 3.43292e+06 iterations 5
Cbc0038I Pass  54: suminf.    0.37670 (2) obj. 3.43292e+06 iterations 2
Cbc0038I Pass  55: suminf.    0.37615 (2) obj. 3.43292e+06 iterations 1
Cbc0038I Pass  56: suminf.    0.40061 (3) obj. 3.43292e+06 iterations 9
Cbc0038I Pass  57: suminf.    0.40061 (3) obj. 3.43292e+06 iterations 0
Cbc0038I Pass  58: suminf.    0.63450 (2) obj. 3.43292e+06 iterations 5
Cbc0038I Pass  59: suminf.    0.37670 (2) obj. 3.43292e+06 iterations 2
Cbc0038I Pass  60: suminf.    0.37615 (2) obj. 3.43292e+06 iterations 1
Cbc0038I Pass  61: suminf.    0.40061 (3) obj. 3.43292e+06 iterations 9
Cbc0038I Pass  62: suminf.    0.40061 (3) obj. 3.43292e+06 iterations 0
Cbc0038I No solution found this major pass
Cbc0038I Before mini branch and bound, 15 integers at bound fixed and 85 continuous
Cbc0038I Full problem 113 rows 155 columns, reduced to 18 rows 24 columns
Cbc0038I Mini branch and bound did not improve solution (0.05 seconds)
Cbc0038I After 0.05 seconds - Feasibility pump exiting with objective of 3.43297e+06 - took 0.04 seconds
Cbc0012I Integer solution of 3432965.6 found by feasibility pump after 0 iterations and 0 nodes (0.05 seconds)
Cbc0038I Full problem 113 rows 155 columns, reduced to 72 rows 109 columns
Cbc0031I 11 added rows had average density of 19.181818
Cbc0013I At root node, 11 cuts changed objective from 3432841.3 to 3432942.5 in 100 passes
Cbc0014I Cut generator 0 (Probing) - 1 row cuts average 2.0 elements, 0 column cuts (0 active)  in 0.008 seconds - new frequency is -100
Cbc0014I Cut generator 1 (Gomory) - 332 row cuts average 38.7 elements, 0 column cuts (0 active)  in 0.017 seconds - new frequency is 1
Cbc0014I Cut generator 2 (Knapsack) - 0 row cuts average 0.0 elements, 0 column cuts (0 active)  in 0.022 seconds - new frequency is -100
Cbc0014I Cut generator 3 (Clique) - 0 row cuts average 0.0 elements, 0 column cuts (0 active)  in 0.001 seconds - new frequency is -100
Cbc0014I Cut generator 4 (MixedIntegerRounding2) - 6 row cuts average 4.2 elements, 0 column cuts (0 active)  in 0.011 seconds - new frequency is -100
Cbc0014I Cut generator 5 (FlowCover) - 0 row cuts average 0.0 elements, 0 column cuts (0 active)  in 0.022 seconds - new frequency is -100
Cbc0014I Cut generator 6 (TwoMirCuts) - 23 row cuts average 10.2 elements, 0 column cuts (0 active)  in 0.004 seconds - new frequency is -100
Cbc0010I After 0 nodes, 1 on tree, 3432965.6 best solution, best possible 3432942.5 (0.23 seconds)
Cbc0001I Search completed - best objective 3432965.628808762, took 1126 iterations and 4 nodes (0.24 seconds)
Cbc0032I Strong branching done 16 times (79 iterations), fathomed 1 nodes and fixed 3 variables
Cbc0035I Maximum depth 1, 0 variables fixed on reduced cost
Cuts at root node changed objective from 3.43284e+06 to 3.43294e+06
Probing was tried 100 times and created 1 cuts of which 0 were active after adding rounds of cuts (0.008 seconds)
Gomory was tried 109 times and created 345 cuts of which 0 were active after adding rounds of cuts (0.019 seconds)
Knapsack was tried 100 times and created 0 cuts of which 0 were active after adding rounds of cuts (0.022 seconds)
Clique was tried 100 times and created 0 cuts of which 0 were active after adding rounds of cuts (0.001 seconds)
MixedIntegerRounding2 was tried 100 times and created 6 cuts of which 0 were active after adding rounds of cuts (0.011 seconds)
FlowCover was tried 100 times and created 0 cuts of which 0 were active after adding rounds of cuts (0.022 seconds)
TwoMirCuts was tried 100 times and created 23 cuts of which 0 were active after adding rounds of cuts (0.004 seconds)
ZeroHalf was tried 1 times and created 0 cuts of which 0 were active after adding rounds of cuts (0.000 seconds)

Result - Optimal solution found

Objective value:                3432965.62880876
Enumerated nodes:               4
Total iterations:               1126
Time (CPU seconds):             0.24
Time (Wallclock seconds):       0.24

Option for printingOptions changed from normal to all
Total time (CPU seconds):       0.27   (Wallclock seconds):       0.27

