Welcome to the CBC MILP Solver 
Version: 2.10.3 
Build Date: Dec 15 2019 

command line - E:\dachuang\.venv\Lib\site-packages\pulp\apis\../solverdir/cbc/win/i64/cbc.exe model.mps -primalTolerance 1e-9 -integerTolerance 1e-9 -ratioGap 0 -allowableGap 0 -threads 0 -branch -printingOptions all -solution solution.txt -saveSolution solution.bin -quit (default strategy 1)
At line 2 NAME          MODEL
At line 3 ROWS
At line 317 COLUMNS
At line 1133 RHS
At line 1446 BOUNDS
At line 1521 ENDATA
Problem MODEL has 312 rows, 241 columns and 647 elements
Coin0008I MODEL read with 0 errors
primalTolerance was changed from 1e-07 to 1e-09
integerTolerance was changed from 1e-07 to 1e-09
ratioGap was changed from 0 to 0
allowableGap was changed from 1e-10 to 0
Continuous objective value is 748839 - 0.00 seconds
Cgl0003I 0 fixed, 0 tightened bounds, 3 strengthened rows, 0 substitutions
Cgl0004I processed model has 119 rows, 167 columns (24 integer (24 of which binary)) and 356 elements
Cbc0038I Initial state - 7 integers unsatisfied sum - 2.5123
Cbc0038I Pass   1: suminf.    0.00000 (0) obj. 756667 iterations 12
Cbc0038I Solution found of 756667
Cbc0038I Relaxing continuous gives 751979
Cbc0038I Before mini branch and bound, 17 integers at bound fixed and 85 continuous
Cbc0038I Full problem 119 rows 167 columns, reduced to 12 rows 14 columns
Cbc0038I Mini branch and bound improved solution from 751979 to 749275 (0.01 seconds)
Cbc0038I Round again with cutoff of 749233
Cbc0038I Pass   2: suminf.    0.81079 (4) obj. 749233 iterations 17
Cbc0038I Pass   3: suminf.    0.00000 (0) obj. 749233 iterations 17
Cbc0038I Solution found of 749233
Cbc0038I Relaxing continuous gives 749065
Cbc0038I Before mini branch and bound, 14 integers at bound fixed and 78 continuous
Cbc0038I Full problem 119 rows 167 columns, reduced to 22 rows 29 columns
Cbc0038I Mini branch and bound improved solution from 749065 to 748931 (0.02 seconds)
Cbc0038I Round again with cutoff of 748916
Cbc0038I Pass   4: suminf.    1.08660 (5) obj. 748916 iterations 3
Cbc0038I Pass   5: suminf.    1.02588 (5) obj. 748916 iterations 8
Cbc0038I Pass   6: suminf.    0.45587 (2) obj. 748916 iterations 5
Cbc0038I Pass   7: suminf.    0.39515 (2) obj. 748916 iterations 3
Cbc0038I Pass   8: suminf.    0.39515 (2) obj. 748916 iterations 8
Cbc0038I Pass   9: suminf.    0.45587 (2) obj. 748916 iterations 2
Cbc0038I Pass  10: suminf.    0.39515 (2) obj. 748916 iterations 3
Cbc0038I Pass  11: suminf.    1.51013 (4) obj. 748916 iterations 19
Cbc0038I Pass  12: suminf.    0.39515 (2) obj. 748916 iterations 9
Cbc0038I Pass  13: suminf.    0.45587 (2) obj. 748916 iterations 2
Cbc0038I Pass  14: suminf.    0.69476 (3) obj. 748916 iterations 9
Cbc0038I Pass  15: suminf.    1.34391 (3) obj. 748916 iterations 3
Cbc0038I Pass  16: suminf.    1.34391 (3) obj. 748916 iterations 3
Cbc0038I Pass  17: suminf.    0.69476 (3) obj. 748916 iterations 3
Cbc0038I Pass  18: suminf.    0.69476 (3) obj. 748916 iterations 0
Cbc0038I Pass  19: suminf.    0.79655 (5) obj. 748916 iterations 16
Cbc0038I Pass  20: suminf.    0.79655 (5) obj. 748916 iterations 4
Cbc0038I Pass  21: suminf.    0.53686 (3) obj. 748916 iterations 12
Cbc0038I Pass  22: suminf.    0.53686 (3) obj. 748916 iterations 3
Cbc0038I Pass  23: suminf.    0.53686 (3) obj. 748916 iterations 5
Cbc0038I Pass  24: suminf.    0.53686 (3) obj. 748916 iterations 3
Cbc0038I Pass  25: suminf.    2.52709 (7) obj. 748916 iterations 19
Cbc0038I Pass  26: suminf.    0.69476 (3) obj. 748916 iterations 7
Cbc0038I Pass  27: suminf.    0.69476 (3) obj. 748916 iterations 0
Cbc0038I Pass  28: suminf.    1.34391 (3) obj. 748916 iterations 3
Cbc0038I Pass  29: suminf.    1.34391 (3) obj. 748916 iterations 0
Cbc0038I Pass  30: suminf.    0.83765 (3) obj. 748916 iterations 9
Cbc0038I Pass  31: suminf.    0.83765 (3) obj. 748916 iterations 5
Cbc0038I Pass  32: suminf.    0.16662 (2) obj. 748916 iterations 4
Cbc0038I Pass  33: suminf.    0.16163 (1) obj. 748916 iterations 1
Cbc0038I No solution found this major pass
Cbc0038I Before mini branch and bound, 2 integers at bound fixed and 74 continuous
Cbc0038I Full problem 119 rows 167 columns, reduced to 27 rows 36 columns
Cbc0038I Mini branch and bound did not improve solution (0.04 seconds)
Cbc0038I After 0.04 seconds - Feasibility pump exiting with objective of 748931 - took 0.03 seconds
Cbc0012I Integer solution of 748930.95 found by feasibility pump after 0 iterations and 0 nodes (0.04 seconds)
Cbc0038I Full problem 119 rows 167 columns, reduced to 79 rows 126 columns
Cbc0031I 9 added rows had average density of 21.444444
Cbc0013I At root node, 9 cuts changed objective from 748856.52 to 748889.02 in 100 passes
Cbc0014I Cut generator 0 (Probing) - 2 row cuts average 6.0 elements, 2 column cuts (2 active)  in 0.009 seconds - new frequency is -100
Cbc0014I Cut generator 1 (Gomory) - 353 row cuts average 27.0 elements, 0 column cuts (0 active)  in 0.015 seconds - new frequency is 1
Cbc0014I Cut generator 2 (Knapsack) - 0 row cuts average 0.0 elements, 0 column cuts (0 active)  in 0.018 seconds - new frequency is -100
Cbc0014I Cut generator 3 (Clique) - 0 row cuts average 0.0 elements, 0 column cuts (0 active)  in 0.000 seconds - new frequency is -100
Cbc0014I Cut generator 4 (MixedIntegerRounding2) - 5 row cuts average 4.8 elements, 0 column cuts (0 active)  in 0.010 seconds - new frequency is -100
Cbc0014I Cut generator 5 (FlowCover) - 2 row cuts average 3.0 elements, 0 column cuts (0 active)  in 0.020 seconds - new frequency is -100
Cbc0014I Cut generator 6 (TwoMirCuts) - 26 row cuts average 8.8 elements, 0 column cuts (0 active)  in 0.009 seconds - new frequency is -100
Cbc0010I After 0 nodes, 1 on tree, 748930.95 best solution, best possible 748889.02 (0.18 seconds)
Cbc0001I Search completed - best objective 748930.9515235467, took 1239 iterations and 12 nodes (0.22 seconds)
Cbc0032I Strong branching done 54 times (193 iterations), fathomed 3 nodes and fixed 4 variables
Cbc0035I Maximum depth 2, 0 variables fixed on reduced cost
Cuts at root node changed objective from 748857 to 748889
Probing was tried 100 times and created 4 cuts of which 0 were active after adding rounds of cuts (0.009 seconds)
Gomory was tried 142 times and created 434 cuts of which 0 were active after adding rounds of cuts (0.018 seconds)
Knapsack was tried 100 times and created 0 cuts of which 0 were active after adding rounds of cuts (0.018 seconds)
Clique was tried 100 times and created 0 cuts of which 0 were active after adding rounds of cuts (0.000 seconds)
MixedIntegerRounding2 was tried 100 times and created 5 cuts of which 0 were active after adding rounds of cuts (0.010 seconds)
FlowCover was tried 100 times and created 2 cuts of which 0 were active after adding rounds of cuts (0.020 seconds)
TwoMirCuts was tried 100 times and created 26 cuts of which 0 were active after adding rounds of cuts (0.009 seconds)
ZeroHalf was tried 1 times and created 0 cuts of which 0 were active after adding rounds of cuts (0.000 seconds)

Result - Optimal solution found

Objective value:                748930.95152355
Enumerated nodes:               12
Total iterations:               1239
Time (CPU seconds):             0.22
Time (Wallclock seconds):       0.22

Option for printingOptions changed from normal to all
Total time (CPU seconds):       0.24   (Wallclock seconds):       0.24

