Welcome to the CBC MILP Solver 
Version: 2.10.3 
Build Date: Dec 15 2019 

command line - E:\dachuang\.venv\Lib\site-packages\pulp\apis\../solverdir/cbc/win/i64/cbc.exe model.mps -primalTolerance 1e-9 -integerTolerance 1e-9 -ratioGap 0 -allowableGap 0 -threads 0 -branch -printingOptions all -solution solution.txt -saveSolution solution.bin -quit (default strategy 1)
At line 2 NAME          MODEL
At line 3 ROWS
At line 317 COLUMNS
At line 1133 RHS
At line 1446 BOUNDS
At line 1521 ENDATA
Problem MODEL has 312 rows, 241 columns and 647 elements
Coin0008I MODEL read with 0 errors
primalTolerance was changed from 1e-07 to 1e-09
integerTolerance was changed from 1e-07 to 1e-09
ratioGap was changed from 0 to 0
allowableGap was changed from 1e-10 to 0
Continuous objective value is 3.07727e+06 - 0.00 seconds
Cgl0003I 0 fixed, 0 tightened bounds, 3 strengthened rows, 0 substitutions
Cgl0004I processed model has 112 rows, 152 columns (24 integer (24 of which binary)) and 320 elements
Cbc0038I Initial state - 10 integers unsatisfied sum - 3.37712
Cbc0038I Pass   1: suminf.    0.00000 (0) obj. 3.08041e+06 iterations 16
Cbc0038I Solution found of 3.08041e+06
Cbc0038I Relaxing continuous gives 3.078e+06
Cbc0038I Before mini branch and bound, 14 integers at bound fixed and 84 continuous
Cbc0038I Full problem 112 rows 152 columns, reduced to 10 rows 10 columns
Cbc0038I Mini branch and bound did not improve solution (0.01 seconds)
Cbc0038I Round again with cutoff of 3.07793e+06
Cbc0038I Pass   2: suminf.    0.30135 (1) obj. 3.07793e+06 iterations 5
Cbc0038I Pass   3: suminf.    0.00000 (0) obj. 3.07793e+06 iterations 9
Cbc0038I Solution found of 3.07793e+06
Cbc0038I Relaxing continuous gives 3.07776e+06
Cbc0038I Before mini branch and bound, 14 integers at bound fixed and 79 continuous
Cbc0038I Full problem 112 rows 152 columns, reduced to 22 rows 29 columns
Cbc0038I Mini branch and bound improved solution from 3.07776e+06 to 3.07747e+06 (0.02 seconds)
Cbc0038I Freeing continuous variables gives a solution of 3.07742e+06
Cbc0038I Round again with cutoff of 3.07739e+06
Cbc0038I Pass   4: suminf.    0.61082 (4) obj. 3.07739e+06 iterations 10
Cbc0038I Pass   5: suminf.    0.61082 (4) obj. 3.07739e+06 iterations 0
Cbc0038I Pass   6: suminf.    0.71332 (4) obj. 3.07739e+06 iterations 13
Cbc0038I Pass   7: suminf.    0.71332 (4) obj. 3.07739e+06 iterations 3
Cbc0038I Pass   8: suminf.    1.09218 (4) obj. 3.07739e+06 iterations 10
Cbc0038I Pass   9: suminf.    1.08213 (4) obj. 3.07739e+06 iterations 1
Cbc0038I Pass  10: suminf.    0.71332 (4) obj. 3.07739e+06 iterations 7
Cbc0038I Pass  11: suminf.    0.80711 (6) obj. 3.07739e+06 iterations 4
Cbc0038I Pass  12: suminf.    0.56746 (4) obj. 3.07739e+06 iterations 1
Cbc0038I Pass  13: suminf.    0.60213 (3) obj. 3.07739e+06 iterations 7
Cbc0038I Pass  14: suminf.    0.60213 (3) obj. 3.07739e+06 iterations 2
Cbc0038I Pass  15: suminf.    0.88604 (3) obj. 3.07739e+06 iterations 11
Cbc0038I Pass  16: suminf.    0.42312 (2) obj. 3.07739e+06 iterations 12
Cbc0038I Pass  17: suminf.    0.41357 (2) obj. 3.07739e+06 iterations 1
Cbc0038I Pass  18: suminf.    0.81582 (3) obj. 3.07739e+06 iterations 2
Cbc0038I Pass  19: suminf.    0.71332 (4) obj. 3.07739e+06 iterations 6
Cbc0038I Pass  20: suminf.    0.71332 (4) obj. 3.07739e+06 iterations 0
Cbc0038I Pass  21: suminf.    1.09218 (4) obj. 3.07739e+06 iterations 10
Cbc0038I Pass  22: suminf.    1.08213 (4) obj. 3.07739e+06 iterations 1
Cbc0038I Pass  23: suminf.    0.71332 (4) obj. 3.07739e+06 iterations 6
Cbc0038I Pass  24: suminf.    0.95297 (6) obj. 3.07739e+06 iterations 17
Cbc0038I Pass  25: suminf.    0.61082 (3) obj. 3.07739e+06 iterations 5
Cbc0038I Pass  26: suminf.    0.84382 (2) obj. 3.07739e+06 iterations 7
Cbc0038I Pass  27: suminf.    0.81582 (3) obj. 3.07739e+06 iterations 2
Cbc0038I Pass  28: suminf.    0.61082 (3) obj. 3.07739e+06 iterations 12
Cbc0038I Pass  29: suminf.    1.61082 (5) obj. 3.07739e+06 iterations 9
Cbc0038I Pass  30: suminf.    1.61082 (5) obj. 3.07739e+06 iterations 0
Cbc0038I Pass  31: suminf.    0.88604 (3) obj. 3.07739e+06 iterations 12
Cbc0038I Pass  32: suminf.    0.42312 (2) obj. 3.07739e+06 iterations 10
Cbc0038I Pass  33: suminf.    0.41357 (2) obj. 3.07739e+06 iterations 1
Cbc0038I No solution found this major pass
Cbc0038I Before mini branch and bound, 8 integers at bound fixed and 72 continuous
Cbc0038I Full problem 112 rows 152 columns, reduced to 22 rows 30 columns
Cbc0038I Mini branch and bound did not improve solution (0.04 seconds)
Cbc0038I After 0.04 seconds - Feasibility pump exiting with objective of 3.07742e+06 - took 0.04 seconds
Cbc0012I Integer solution of 3077416.7 found by feasibility pump after 0 iterations and 0 nodes (0.05 seconds)
Cbc0038I Full problem 112 rows 152 columns, reduced to 72 rows 106 columns
Cbc0031I 8 added rows had average density of 15.75
Cbc0013I At root node, 8 cuts changed objective from 3077297.4 to 3077373.8 in 14 passes
Cbc0014I Cut generator 0 (Probing) - 0 row cuts average 0.0 elements, 0 column cuts (0 active)  in 0.000 seconds - new frequency is -100
Cbc0014I Cut generator 1 (Gomory) - 52 row cuts average 21.4 elements, 0 column cuts (0 active)  in 0.003 seconds - new frequency is 1
Cbc0014I Cut generator 2 (Knapsack) - 0 row cuts average 0.0 elements, 0 column cuts (0 active)  in 0.006 seconds - new frequency is -100
Cbc0014I Cut generator 3 (Clique) - 0 row cuts average 0.0 elements, 0 column cuts (0 active)  in 0.000 seconds - new frequency is -100
Cbc0014I Cut generator 4 (MixedIntegerRounding2) - 3 row cuts average 6.3 elements, 0 column cuts (0 active)  in 0.002 seconds - new frequency is -100
Cbc0014I Cut generator 5 (FlowCover) - 0 row cuts average 0.0 elements, 0 column cuts (0 active)  in 0.002 seconds - new frequency is -100
Cbc0014I Cut generator 6 (TwoMirCuts) - 33 row cuts average 11.0 elements, 0 column cuts (0 active)  in 0.000 seconds - new frequency is -100
Cbc0010I After 0 nodes, 1 on tree, 3077416.7 best solution, best possible 3077373.8 (0.08 seconds)
Cbc0001I Search completed - best objective 3077416.728592005, took 180 iterations and 6 nodes (0.10 seconds)
Cbc0032I Strong branching done 26 times (106 iterations), fathomed 2 nodes and fixed 3 variables
Cbc0035I Maximum depth 2, 0 variables fixed on reduced cost
Cuts at root node changed objective from 3.0773e+06 to 3.07737e+06
Probing was tried 14 times and created 0 cuts of which 0 were active after adding rounds of cuts (0.000 seconds)
Gomory was tried 23 times and created 60 cuts of which 0 were active after adding rounds of cuts (0.003 seconds)
Knapsack was tried 14 times and created 0 cuts of which 0 were active after adding rounds of cuts (0.006 seconds)
Clique was tried 14 times and created 0 cuts of which 0 were active after adding rounds of cuts (0.000 seconds)
MixedIntegerRounding2 was tried 14 times and created 3 cuts of which 0 were active after adding rounds of cuts (0.002 seconds)
FlowCover was tried 14 times and created 0 cuts of which 0 were active after adding rounds of cuts (0.002 seconds)
TwoMirCuts was tried 14 times and created 33 cuts of which 0 were active after adding rounds of cuts (0.000 seconds)
ZeroHalf was tried 1 times and created 0 cuts of which 0 were active after adding rounds of cuts (0.000 seconds)

Result - Optimal solution found

Objective value:                3077416.72859201
Enumerated nodes:               6
Total iterations:               180
Time (CPU seconds):             0.10
Time (Wallclock seconds):       0.10

Option for printingOptions changed from normal to all
Total time (CPU seconds):       0.13   (Wallclock seconds):       0.13

