Welcome to the CBC MILP Solver 
Version: 2.10.3 
Build Date: Dec 15 2019 

command line - E:\dachuang\.venv\Lib\site-packages\pulp\apis\../solverdir/cbc/win/i64/cbc.exe model.mps -primalTolerance 1e-9 -integerTolerance 1e-9 -ratioGap 0 -allowableGap 0 -threads 0 -branch -printingOptions all -solution solution.txt -saveSolution solution.bin -quit (default strategy 1)
At line 2 NAME          MODEL
At line 3 ROWS
At line 317 COLUMNS
At line 1133 RHS
At line 1446 BOUNDS
At line 1521 ENDATA
Problem MODEL has 312 rows, 241 columns and 647 elements
Coin0008I MODEL read with 0 errors
primalTolerance was changed from 1e-07 to 1e-09
integerTolerance was changed from 1e-07 to 1e-09
ratioGap was changed from 0 to 0
allowableGap was changed from 1e-10 to 0
Continuous objective value is 3.74094e+06 - 0.00 seconds
Cgl0003I 0 fixed, 0 tightened bounds, 2 strengthened rows, 0 substitutions
Cgl0004I processed model has 112 rows, 153 columns (24 integer (24 of which binary)) and 321 elements
Cbc0038I Initial state - 6 integers unsatisfied sum - 1.9659
Cbc0038I Pass   1: suminf.    0.00000 (0) obj. 3.74424e+06 iterations 8
Cbc0038I Solution found of 3.74424e+06
Cbc0038I Relaxing continuous gives 3.7412e+06
Cbc0038I Before mini branch and bound, 18 integers at bound fixed and 93 continuous
Cbc0038I Full problem 112 rows 153 columns, reduced to 6 rows 6 columns
Cbc0038I Mini branch and bound did not improve solution (0.01 seconds)
Cbc0038I Round again with cutoff of 3.74117e+06
Cbc0038I Pass   2: suminf.    0.10986 (1) obj. 3.74117e+06 iterations 2
Cbc0038I Pass   3: suminf.    0.10986 (1) obj. 3.74117e+06 iterations 10
Cbc0038I Pass   4: suminf.    0.28193 (1) obj. 3.74117e+06 iterations 3
Cbc0038I Pass   5: suminf.    0.00000 (0) obj. 3.74117e+06 iterations 2
Cbc0038I Solution found of 3.74117e+06
Cbc0038I Relaxing continuous gives 3.74109e+06
Cbc0038I Before mini branch and bound, 18 integers at bound fixed and 92 continuous
Cbc0038I Full problem 112 rows 153 columns, reduced to 12 rows 15 columns
Cbc0038I Mini branch and bound did not improve solution (0.01 seconds)
Cbc0038I Freeing continuous variables gives a solution of 3.74109e+06
Cbc0038I Round again with cutoff of 3.74106e+06
Cbc0038I Pass   6: suminf.    0.57226 (2) obj. 3.74106e+06 iterations 3
Cbc0038I Pass   7: suminf.    0.20571 (1) obj. 3.74106e+06 iterations 12
Cbc0038I Pass   8: suminf.    0.14579 (1) obj. 3.74106e+06 iterations 2
Cbc0038I Pass   9: suminf.    0.14579 (1) obj. 3.74106e+06 iterations 1
Cbc0038I Pass  10: suminf.    0.20571 (1) obj. 3.74106e+06 iterations 1
Cbc0038I Pass  11: suminf.    0.14579 (1) obj. 3.74106e+06 iterations 1
Cbc0038I Pass  12: suminf.    0.61663 (2) obj. 3.74106e+06 iterations 4
Cbc0038I Pass  13: suminf.    0.14579 (1) obj. 3.74106e+06 iterations 1
Cbc0038I Pass  14: suminf.    0.20571 (1) obj. 3.74106e+06 iterations 1
Cbc0038I Pass  15: suminf.    0.57226 (2) obj. 3.74106e+06 iterations 13
Cbc0038I Pass  16: suminf.    0.20571 (1) obj. 3.74106e+06 iterations 2
Cbc0038I Pass  17: suminf.    0.14579 (1) obj. 3.74106e+06 iterations 2
Cbc0038I Pass  18: suminf.    0.14579 (1) obj. 3.74106e+06 iterations 11
Cbc0038I Pass  19: suminf.    0.20571 (1) obj. 3.74106e+06 iterations 1
Cbc0038I Pass  20: suminf.    0.14579 (1) obj. 3.74106e+06 iterations 1
Cbc0038I Pass  21: suminf.    0.14579 (1) obj. 3.74106e+06 iterations 11
Cbc0038I Pass  22: suminf.    0.20571 (1) obj. 3.74106e+06 iterations 1
Cbc0038I Pass  23: suminf.    0.14579 (1) obj. 3.74106e+06 iterations 1
Cbc0038I Pass  24: suminf.    0.57226 (3) obj. 3.74106e+06 iterations 21
Cbc0038I Pass  25: suminf.    0.57226 (2) obj. 3.74106e+06 iterations 1
Cbc0038I Pass  26: suminf.    0.66979 (2) obj. 3.74106e+06 iterations 12
Cbc0038I Pass  27: suminf.    0.66979 (2) obj. 3.74106e+06 iterations 0
Cbc0038I Pass  28: suminf.    0.57226 (2) obj. 3.74106e+06 iterations 2
Cbc0038I Pass  29: suminf.    1.04310 (4) obj. 3.74106e+06 iterations 10
Cbc0038I Pass  30: suminf.    0.57226 (2) obj. 3.74106e+06 iterations 2
Cbc0038I Pass  31: suminf.    0.66979 (2) obj. 3.74106e+06 iterations 7
Cbc0038I Pass  32: suminf.    0.66979 (2) obj. 3.74106e+06 iterations 0
Cbc0038I Pass  33: suminf.    0.57226 (2) obj. 3.74106e+06 iterations 2
Cbc0038I Pass  34: suminf.    0.57226 (2) obj. 3.74106e+06 iterations 4
Cbc0038I Pass  35: suminf.    0.57226 (2) obj. 3.74106e+06 iterations 1
Cbc0038I No solution found this major pass
Cbc0038I Before mini branch and bound, 1 integers at bound fixed and 74 continuous
Cbc0038I Full problem 112 rows 153 columns, reduced to 16 rows 21 columns
Cbc0038I Mini branch and bound improved solution from 3.74109e+06 to 3.74106e+06 (0.03 seconds)
Cbc0038I Round again with cutoff of 3.74103e+06
Cbc0038I Pass  35: suminf.    0.73926 (2) obj. 3.74103e+06 iterations 0
Cbc0038I Pass  36: suminf.    0.33083 (2) obj. 3.74103e+06 iterations 12
Cbc0038I Pass  37: suminf.    0.33083 (2) obj. 3.74103e+06 iterations 0
Cbc0038I Pass  38: suminf.    0.75169 (4) obj. 3.74103e+06 iterations 5
Cbc0038I Pass  39: suminf.    0.75169 (3) obj. 3.74103e+06 iterations 8
Cbc0038I Pass  40: suminf.    0.75169 (3) obj. 3.74103e+06 iterations 1
Cbc0038I Pass  41: suminf.    0.49667 (3) obj. 3.74103e+06 iterations 7
Cbc0038I Pass  42: suminf.    0.15444 (3) obj. 3.74103e+06 iterations 8
Cbc0038I Pass  43: suminf.    0.75169 (3) obj. 3.74103e+06 iterations 5
Cbc0038I Pass  44: suminf.    0.43117 (2) obj. 3.74103e+06 iterations 6
Cbc0038I Pass  45: suminf.    0.15444 (3) obj. 3.74103e+06 iterations 4
Cbc0038I Pass  46: suminf.    0.75169 (3) obj. 3.74103e+06 iterations 5
Cbc0038I Pass  47: suminf.    0.75169 (3) obj. 3.74103e+06 iterations 1
Cbc0038I Pass  48: suminf.    0.49667 (3) obj. 3.74103e+06 iterations 7
Cbc0038I Pass  49: suminf.    0.49667 (3) obj. 3.74103e+06 iterations 3
Cbc0038I Pass  50: suminf.    0.15444 (3) obj. 3.74103e+06 iterations 6
Cbc0038I Pass  51: suminf.    0.75169 (3) obj. 3.74103e+06 iterations 5
Cbc0038I Pass  52: suminf.    0.75169 (3) obj. 3.74103e+06 iterations 1
Cbc0038I Pass  53: suminf.    0.49667 (3) obj. 3.74103e+06 iterations 7
Cbc0038I Pass  54: suminf.    0.75169 (3) obj. 3.74103e+06 iterations 11
Cbc0038I Pass  55: suminf.    0.75169 (3) obj. 3.74103e+06 iterations 1
Cbc0038I Pass  56: suminf.    0.49667 (3) obj. 3.74103e+06 iterations 7
Cbc0038I Pass  57: suminf.    0.15444 (3) obj. 3.74103e+06 iterations 6
Cbc0038I Pass  58: suminf.    0.75169 (3) obj. 3.74103e+06 iterations 5
Cbc0038I Pass  59: suminf.    0.75169 (3) obj. 3.74103e+06 iterations 4
Cbc0038I Pass  60: suminf.    0.75169 (3) obj. 3.74103e+06 iterations 1
Cbc0038I Pass  61: suminf.    0.49667 (3) obj. 3.74103e+06 iterations 7
Cbc0038I Pass  62: suminf.    0.15444 (3) obj. 3.74103e+06 iterations 6
Cbc0038I Pass  63: suminf.    0.75169 (3) obj. 3.74103e+06 iterations 5
Cbc0038I Pass  64: suminf.    0.75169 (3) obj. 3.74103e+06 iterations 3
Cbc0038I No solution found this major pass
Cbc0038I Before mini branch and bound, 8 integers at bound fixed and 85 continuous
Cbc0038I Full problem 112 rows 153 columns, reduced to 14 rows 18 columns
Cbc0038I Mini branch and bound did not improve solution (0.04 seconds)
Cbc0038I After 0.04 seconds - Feasibility pump exiting with objective of 3.74106e+06 - took 0.03 seconds
Cbc0012I Integer solution of 3741061 found by feasibility pump after 0 iterations and 0 nodes (0.04 seconds)
Cbc0038I Full problem 112 rows 153 columns, reduced to 60 rows 95 columns
Cbc0031I 8 added rows had average density of 8
Cbc0013I At root node, 12 cuts changed objective from 3740941.9 to 3741061 in 5 passes
Cbc0014I Cut generator 0 (Probing) - 2 row cuts average 2.0 elements, 1 column cuts (1 active)  in 0.000 seconds - new frequency is 1
Cbc0014I Cut generator 1 (Gomory) - 14 row cuts average 15.3 elements, 0 column cuts (0 active)  in 0.001 seconds - new frequency is 1
Cbc0014I Cut generator 2 (Knapsack) - 0 row cuts average 0.0 elements, 0 column cuts (0 active)  in 0.001 seconds - new frequency is -100
Cbc0014I Cut generator 3 (Clique) - 0 row cuts average 0.0 elements, 0 column cuts (0 active)  in 0.000 seconds - new frequency is -100
Cbc0014I Cut generator 4 (MixedIntegerRounding2) - 2 row cuts average 4.5 elements, 0 column cuts (0 active)  in 0.001 seconds - new frequency is 1
Cbc0014I Cut generator 5 (FlowCover) - 1 row cuts average 2.0 elements, 0 column cuts (0 active)  in 0.000 seconds - new frequency is -100
Cbc0014I Cut generator 6 (TwoMirCuts) - 14 row cuts average 11.6 elements, 0 column cuts (0 active)  in 0.001 seconds - new frequency is -100
Cbc0001I Search completed - best objective 3741061.033986734, took 25 iterations and 0 nodes (0.05 seconds)
Cbc0035I Maximum depth 0, 0 variables fixed on reduced cost
Cuts at root node changed objective from 3.74094e+06 to 3.74106e+06
Probing was tried 5 times and created 3 cuts of which 0 were active after adding rounds of cuts (0.000 seconds)
Gomory was tried 5 times and created 14 cuts of which 0 were active after adding rounds of cuts (0.001 seconds)
Knapsack was tried 5 times and created 0 cuts of which 0 were active after adding rounds of cuts (0.001 seconds)
Clique was tried 5 times and created 0 cuts of which 0 were active after adding rounds of cuts (0.000 seconds)
MixedIntegerRounding2 was tried 5 times and created 2 cuts of which 0 were active after adding rounds of cuts (0.001 seconds)
FlowCover was tried 5 times and created 1 cuts of which 0 were active after adding rounds of cuts (0.000 seconds)
TwoMirCuts was tried 5 times and created 14 cuts of which 0 were active after adding rounds of cuts (0.001 seconds)
ZeroHalf was tried 1 times and created 0 cuts of which 0 were active after adding rounds of cuts (0.000 seconds)

Result - Optimal solution found

Objective value:                3741061.03398673
Enumerated nodes:               0
Total iterations:               25
Time (CPU seconds):             0.05
Time (Wallclock seconds):       0.05

Option for printingOptions changed from normal to all
Total time (CPU seconds):       0.08   (Wallclock seconds):       0.08

