Welcome to the CBC MILP Solver 
Version: 2.10.3 
Build Date: Dec 15 2019 

command line - E:\dachuang\.venv\Lib\site-packages\pulp\apis\../solverdir/cbc/win/i64/cbc.exe model.mps -primalTolerance 1e-9 -integerTolerance 1e-9 -ratioGap 0 -allowableGap 0 -threads 0 -branch -printingOptions all -solution solution.txt -saveSolution solution.bin -quit (default strategy 1)
At line 2 NAME          MODEL
At line 3 ROWS
At line 317 COLUMNS
At line 1133 RHS
At line 1446 BOUNDS
At line 1521 ENDATA
Problem MODEL has 312 rows, 241 columns and 647 elements
Coin0008I MODEL read with 0 errors
primalTolerance was changed from 1e-07 to 1e-09
integerTolerance was changed from 1e-07 to 1e-09
ratioGap was changed from 0 to 0
allowableGap was changed from 1e-10 to 0
Continuous objective value is 1.56416e+06 - 0.00 seconds
Cgl0003I 0 fixed, 0 tightened bounds, 2 strengthened rows, 0 substitutions
Cgl0004I processed model has 118 rows, 164 columns (24 integer (24 of which binary)) and 350 elements
Cbc0038I Initial state - 9 integers unsatisfied sum - 2.54581
Cbc0038I Pass   1: suminf.    0.00000 (0) obj. 1.65583e+06 iterations 14
Cbc0038I Solution found of 1.65583e+06
Cbc0038I Relaxing continuous gives 1.65103e+06
Cbc0038I Before mini branch and bound, 15 integers at bound fixed and 88 continuous
Cbc0038I Full problem 118 rows 164 columns, reduced to 9 rows 13 columns
Cbc0038I Mini branch and bound improved solution from 1.65103e+06 to 1.56464e+06 (0.01 seconds)
Cbc0038I Freeing continuous variables gives a solution of 1.56464e+06
Cbc0038I Round again with cutoff of 1.56459e+06
Cbc0038I Pass   2: suminf.    0.70323 (4) obj. 1.56459e+06 iterations 9
Cbc0038I Pass   3: suminf.    0.00000 (0) obj. 1.56459e+06 iterations 14
Cbc0038I Solution found of 1.56459e+06
Cbc0038I Relaxing continuous gives 1.56457e+06
Cbc0038I Before mini branch and bound, 15 integers at bound fixed and 87 continuous
Cbc0038I Full problem 118 rows 164 columns, reduced to 16 rows 21 columns
Cbc0038I Mini branch and bound improved solution from 1.56457e+06 to 1.56444e+06 (0.02 seconds)
Cbc0038I Round again with cutoff of 1.56438e+06
Cbc0038I Pass   4: suminf.    1.31560 (6) obj. 1.56438e+06 iterations 4
Cbc0038I Pass   5: suminf.    1.27955 (6) obj. 1.56438e+06 iterations 2
Cbc0038I Pass   6: suminf.    0.32636 (2) obj. 1.56438e+06 iterations 16
Cbc0038I Pass   7: suminf.    0.16074 (3) obj. 1.56438e+06 iterations 3
Cbc0038I Pass   8: suminf.    0.86114 (3) obj. 1.56438e+06 iterations 7
Cbc0038I Pass   9: suminf.    0.86114 (3) obj. 1.56438e+06 iterations 3
Cbc0038I Pass  10: suminf.    1.12186 (3) obj. 1.56438e+06 iterations 4
Cbc0038I Pass  11: suminf.    1.06414 (3) obj. 1.56438e+06 iterations 3
Cbc0038I Pass  12: suminf.    1.06414 (3) obj. 1.56438e+06 iterations 3
Cbc0038I Pass  13: suminf.    1.12186 (3) obj. 1.56438e+06 iterations 10
Cbc0038I Pass  14: suminf.    1.12186 (3) obj. 1.56438e+06 iterations 6
Cbc0038I Pass  15: suminf.    1.06414 (3) obj. 1.56438e+06 iterations 2
Cbc0038I Pass  16: suminf.    1.06414 (3) obj. 1.56438e+06 iterations 3
Cbc0038I Pass  17: suminf.    1.12186 (3) obj. 1.56438e+06 iterations 7
Cbc0038I Pass  18: suminf.    1.09614 (5) obj. 1.56438e+06 iterations 10
Cbc0038I Pass  19: suminf.    1.09614 (5) obj. 1.56438e+06 iterations 0
Cbc0038I Pass  20: suminf.    1.12186 (3) obj. 1.56438e+06 iterations 6
Cbc0038I Pass  21: suminf.    1.06414 (3) obj. 1.56438e+06 iterations 3
Cbc0038I Pass  22: suminf.    1.06414 (3) obj. 1.56438e+06 iterations 3
Cbc0038I Pass  23: suminf.    1.12186 (3) obj. 1.56438e+06 iterations 9
Cbc0038I Pass  24: suminf.    1.12186 (3) obj. 1.56438e+06 iterations 6
Cbc0038I Pass  25: suminf.    1.06414 (3) obj. 1.56438e+06 iterations 2
Cbc0038I Pass  26: suminf.    1.06414 (3) obj. 1.56438e+06 iterations 3
Cbc0038I Pass  27: suminf.    1.12186 (3) obj. 1.56438e+06 iterations 9
Cbc0038I Pass  28: suminf.    1.35686 (5) obj. 1.56438e+06 iterations 13
Cbc0038I Pass  29: suminf.    1.29914 (5) obj. 1.56438e+06 iterations 2
Cbc0038I Pass  30: suminf.    1.29914 (5) obj. 1.56438e+06 iterations 3
Cbc0038I Pass  31: suminf.    1.12186 (3) obj. 1.56438e+06 iterations 7
Cbc0038I Pass  32: suminf.    1.06414 (3) obj. 1.56438e+06 iterations 4
Cbc0038I Pass  33: suminf.    1.06414 (3) obj. 1.56438e+06 iterations 3
Cbc0038I No solution found this major pass
Cbc0038I Before mini branch and bound, 5 integers at bound fixed and 77 continuous
Cbc0038I Full problem 118 rows 164 columns, reduced to 22 rows 28 columns
Cbc0038I Mini branch and bound improved solution from 1.56444e+06 to 1.56442e+06 (0.03 seconds)
Cbc0038I Freeing continuous variables gives a solution of 1.56442e+06
Cbc0038I Round again with cutoff of 1.56432e+06
Cbc0038I Pass  33: suminf.    1.61338 (7) obj. 1.56432e+06 iterations 1
Cbc0038I Pass  34: suminf.    1.57048 (7) obj. 1.56432e+06 iterations 3
Cbc0038I Pass  35: suminf.    1.18351 (4) obj. 1.56432e+06 iterations 15
Cbc0038I Pass  36: suminf.    1.18351 (4) obj. 1.56432e+06 iterations 3
Cbc0038I Pass  37: suminf.    1.16661 (4) obj. 1.56432e+06 iterations 3
Cbc0038I Pass  38: suminf.    1.15551 (4) obj. 1.56432e+06 iterations 2
Cbc0038I Pass  39: suminf.    1.15551 (4) obj. 1.56432e+06 iterations 3
Cbc0038I Pass  40: suminf.    1.39761 (4) obj. 1.56432e+06 iterations 7
Cbc0038I Pass  41: suminf.    1.38651 (4) obj. 1.56432e+06 iterations 3
Cbc0038I Pass  42: suminf.    1.38651 (4) obj. 1.56432e+06 iterations 3
Cbc0038I Pass  43: suminf.    1.16661 (4) obj. 1.56432e+06 iterations 3
Cbc0038I Pass  44: suminf.    1.15551 (4) obj. 1.56432e+06 iterations 3
Cbc0038I Pass  45: suminf.    1.15551 (4) obj. 1.56432e+06 iterations 3
Cbc0038I Pass  46: suminf.    1.39761 (4) obj. 1.56432e+06 iterations 7
Cbc0038I Pass  47: suminf.    1.38651 (4) obj. 1.56432e+06 iterations 3
Cbc0038I Pass  48: suminf.    1.38651 (4) obj. 1.56432e+06 iterations 3
Cbc0038I Pass  49: suminf.    1.16661 (4) obj. 1.56432e+06 iterations 3
Cbc0038I Pass  50: suminf.    1.15551 (4) obj. 1.56432e+06 iterations 3
Cbc0038I Pass  51: suminf.    1.15551 (4) obj. 1.56432e+06 iterations 3
Cbc0038I Pass  52: suminf.    1.39761 (4) obj. 1.56432e+06 iterations 7
Cbc0038I Pass  53: suminf.    1.38651 (4) obj. 1.56432e+06 iterations 3
Cbc0038I Pass  54: suminf.    1.38651 (4) obj. 1.56432e+06 iterations 3
Cbc0038I Pass  55: suminf.    1.16661 (4) obj. 1.56432e+06 iterations 3
Cbc0038I Pass  56: suminf.    1.15551 (4) obj. 1.56432e+06 iterations 3
Cbc0038I Pass  57: suminf.    1.15551 (4) obj. 1.56432e+06 iterations 3
Cbc0038I Pass  58: suminf.    1.39761 (4) obj. 1.56432e+06 iterations 7
Cbc0038I Pass  59: suminf.    1.38651 (4) obj. 1.56432e+06 iterations 3
Cbc0038I Pass  60: suminf.    1.38651 (4) obj. 1.56432e+06 iterations 3
Cbc0038I Pass  61: suminf.    1.16661 (4) obj. 1.56432e+06 iterations 3
Cbc0038I Pass  62: suminf.    1.15551 (4) obj. 1.56432e+06 iterations 3
Cbc0038I No solution found this major pass
Cbc0038I Before mini branch and bound, 15 integers at bound fixed and 86 continuous
Cbc0038I Full problem 118 rows 164 columns, reduced to 23 rows 30 columns
Cbc0038I Mini branch and bound did not improve solution (0.04 seconds)
Cbc0038I After 0.04 seconds - Feasibility pump exiting with objective of 1.56442e+06 - took 0.04 seconds
Cbc0012I Integer solution of 1564422.1 found by feasibility pump after 0 iterations and 0 nodes (0.04 seconds)
Cbc0038I Full problem 118 rows 164 columns, reduced to 79 rows 125 columns
Cbc0031I 11 added rows had average density of 11.727273
Cbc0013I At root node, 11 cuts changed objective from 1564159.9 to 1564422 in 9 passes
Cbc0014I Cut generator 0 (Probing) - 2 row cuts average 2.0 elements, 1 column cuts (1 active)  in 0.001 seconds - new frequency is 1
Cbc0014I Cut generator 1 (Gomory) - 24 row cuts average 17.8 elements, 0 column cuts (0 active)  in 0.000 seconds - new frequency is 1
Cbc0014I Cut generator 2 (Knapsack) - 0 row cuts average 0.0 elements, 0 column cuts (0 active)  in 0.002 seconds - new frequency is -100
Cbc0014I Cut generator 3 (Clique) - 0 row cuts average 0.0 elements, 0 column cuts (0 active)  in 0.000 seconds - new frequency is -100
Cbc0014I Cut generator 4 (MixedIntegerRounding2) - 4 row cuts average 4.5 elements, 0 column cuts (0 active)  in 0.001 seconds - new frequency is 1
Cbc0014I Cut generator 5 (FlowCover) - 0 row cuts average 0.0 elements, 0 column cuts (0 active)  in 0.002 seconds - new frequency is -100
Cbc0014I Cut generator 6 (TwoMirCuts) - 25 row cuts average 15.5 elements, 0 column cuts (0 active)  in 0.002 seconds - new frequency is -100
Cbc0001I Search completed - best objective 1564422.062486704, took 54 iterations and 0 nodes (0.06 seconds)
Cbc0032I Strong branching done 4 times (7 iterations), fathomed 1 nodes and fixed 0 variables
Cbc0035I Maximum depth 0, 0 variables fixed on reduced cost
Cuts at root node changed objective from 1.56416e+06 to 1.56442e+06
Probing was tried 9 times and created 3 cuts of which 0 were active after adding rounds of cuts (0.001 seconds)
Gomory was tried 9 times and created 24 cuts of which 0 were active after adding rounds of cuts (0.000 seconds)
Knapsack was tried 9 times and created 0 cuts of which 0 were active after adding rounds of cuts (0.002 seconds)
Clique was tried 9 times and created 0 cuts of which 0 were active after adding rounds of cuts (0.000 seconds)
MixedIntegerRounding2 was tried 9 times and created 4 cuts of which 0 were active after adding rounds of cuts (0.001 seconds)
FlowCover was tried 9 times and created 0 cuts of which 0 were active after adding rounds of cuts (0.002 seconds)
TwoMirCuts was tried 9 times and created 25 cuts of which 0 were active after adding rounds of cuts (0.002 seconds)
ZeroHalf was tried 1 times and created 0 cuts of which 0 were active after adding rounds of cuts (0.000 seconds)

Result - Optimal solution found

Objective value:                1564422.06248670
Enumerated nodes:               0
Total iterations:               54
Time (CPU seconds):             0.07
Time (Wallclock seconds):       0.07

Option for printingOptions changed from normal to all
Total time (CPU seconds):       0.10   (Wallclock seconds):       0.09

