Welcome to the CBC MILP Solver 
Version: 2.10.3 
Build Date: Dec 15 2019 

command line - E:\dachuang\.venv\Lib\site-packages\pulp\apis\../solverdir/cbc/win/i64/cbc.exe model.mps -primalTolerance 1e-9 -integerTolerance 1e-9 -ratioGap 0 -allowableGap 0 -threads 0 -branch -printingOptions all -solution solution.txt -saveSolution solution.bin -quit (default strategy 1)
At line 2 NAME          MODEL
At line 3 ROWS
At line 317 COLUMNS
At line 1133 RHS
At line 1446 BOUNDS
At line 1521 ENDATA
Problem MODEL has 312 rows, 241 columns and 647 elements
Coin0008I MODEL read with 0 errors
primalTolerance was changed from 1e-07 to 1e-09
integerTolerance was changed from 1e-07 to 1e-09
ratioGap was changed from 0 to 0
allowableGap was changed from 1e-10 to 0
Continuous objective value is 2.01784e+06 - 0.00 seconds
Cgl0003I 0 fixed, 0 tightened bounds, 2 strengthened rows, 0 substitutions
Cgl0004I processed model has 115 rows, 159 columns (24 integer (24 of which binary)) and 336 elements
Cbc0038I Initial state - 12 integers unsatisfied sum - 3.23231
Cbc0038I Pass   1: suminf.    0.00000 (0) obj. 2.24302e+06 iterations 15
Cbc0038I Solution found of 2.24302e+06
Cbc0038I Relaxing continuous gives 2.17776e+06
Cbc0038I Before mini branch and bound, 12 integers at bound fixed and 82 continuous
Cbc0038I Full problem 115 rows 159 columns, reduced to 10 rows 13 columns
Cbc0038I Mini branch and bound improved solution from 2.17776e+06 to 2.01826e+06 (0.01 seconds)
Cbc0038I Round again with cutoff of 2.01821e+06
Cbc0038I Pass   2: suminf.    1.25841 (6) obj. 2.01821e+06 iterations 19
Cbc0038I Pass   3: suminf.    0.17684 (1) obj. 2.01821e+06 iterations 14
Cbc0038I Pass   4: suminf.    0.04016 (1) obj. 2.01821e+06 iterations 3
Cbc0038I Pass   5: suminf.    0.00000 (0) obj. 2.01821e+06 iterations 2
Cbc0038I Solution found of 2.01821e+06
Cbc0038I Relaxing continuous gives 2.01809e+06
Cbc0038I Before mini branch and bound, 12 integers at bound fixed and 83 continuous
Cbc0038I Full problem 115 rows 159 columns, reduced to 17 rows 22 columns
Cbc0038I Mini branch and bound improved solution from 2.01809e+06 to 2.01809e+06 (0.02 seconds)
Cbc0038I Round again with cutoff of 2.01804e+06
Cbc0038I Pass   6: suminf.    2.01342 (7) obj. 2.01804e+06 iterations 4
Cbc0038I Pass   7: suminf.    0.23174 (2) obj. 2.01804e+06 iterations 13
Cbc0038I Pass   8: suminf.    0.23174 (2) obj. 2.01804e+06 iterations 0
Cbc0038I Pass   9: suminf.    0.87674 (3) obj. 2.01804e+06 iterations 4
Cbc0038I Pass  10: suminf.    0.23174 (2) obj. 2.01804e+06 iterations 9
Cbc0038I Pass  11: suminf.    0.23174 (2) obj. 2.01804e+06 iterations 0
Cbc0038I Pass  12: suminf.    0.87674 (3) obj. 2.01804e+06 iterations 4
Cbc0038I Pass  13: suminf.    0.23174 (2) obj. 2.01804e+06 iterations 3
Cbc0038I Pass  14: suminf.    0.54780 (4) obj. 2.01804e+06 iterations 6
Cbc0038I Pass  15: suminf.    0.54780 (4) obj. 2.01804e+06 iterations 0
Cbc0038I Pass  16: suminf.    0.87674 (3) obj. 2.01804e+06 iterations 6
Cbc0038I Pass  17: suminf.    0.23174 (2) obj. 2.01804e+06 iterations 3
Cbc0038I Pass  18: suminf.    0.23174 (2) obj. 2.01804e+06 iterations 0
Cbc0038I Pass  19: suminf.    0.54074 (3) obj. 2.01804e+06 iterations 7
Cbc0038I Pass  20: suminf.    0.87674 (3) obj. 2.01804e+06 iterations 6
Cbc0038I Pass  21: suminf.    0.23174 (2) obj. 2.01804e+06 iterations 3
Cbc0038I Pass  22: suminf.    0.23174 (2) obj. 2.01804e+06 iterations 0
Cbc0038I Pass  23: suminf.    1.73589 (7) obj. 2.01804e+06 iterations 13
Cbc0038I Pass  24: suminf.    1.12210 (5) obj. 2.01804e+06 iterations 5
Cbc0038I Pass  25: suminf.    0.97426 (4) obj. 2.01804e+06 iterations 5
Cbc0038I Pass  26: suminf.    0.96510 (4) obj. 2.01804e+06 iterations 3
Cbc0038I Pass  27: suminf.    1.45561 (6) obj. 2.01804e+06 iterations 11
Cbc0038I Pass  28: suminf.    1.14566 (5) obj. 2.01804e+06 iterations 1
Cbc0038I Pass  29: suminf.    0.97426 (4) obj. 2.01804e+06 iterations 5
Cbc0038I Pass  30: suminf.    0.96510 (4) obj. 2.01804e+06 iterations 3
Cbc0038I Pass  31: suminf.    1.73844 (8) obj. 2.01804e+06 iterations 13
Cbc0038I Pass  32: suminf.    1.29375 (6) obj. 2.01804e+06 iterations 3
Cbc0038I Pass  33: suminf.    0.97426 (4) obj. 2.01804e+06 iterations 6
Cbc0038I Pass  34: suminf.    0.96510 (4) obj. 2.01804e+06 iterations 3
Cbc0038I Pass  35: suminf.    1.63836 (5) obj. 2.01804e+06 iterations 13
Cbc0038I No solution found this major pass
Cbc0038I Before mini branch and bound, 1 integers at bound fixed and 71 continuous
Cbc0038I Full problem 115 rows 159 columns, reduced to 21 rows 27 columns
Cbc0038I Mini branch and bound did not improve solution (0.03 seconds)
Cbc0038I After 0.03 seconds - Feasibility pump exiting with objective of 2.01809e+06 - took 0.02 seconds
Cbc0012I Integer solution of 2018087.5 found by feasibility pump after 0 iterations and 0 nodes (0.03 seconds)
Cbc0038I Full problem 115 rows 159 columns, reduced to 81 rows 122 columns
Cbc0031I 18 added rows had average density of 15.111111
Cbc0013I At root node, 18 cuts changed objective from 2017844.8 to 2018037.7 in 100 passes
Cbc0014I Cut generator 0 (Probing) - 10 row cuts average 2.0 elements, 1 column cuts (1 active)  in 0.014 seconds - new frequency is -100
Cbc0014I Cut generator 1 (Gomory) - 354 row cuts average 36.1 elements, 0 column cuts (0 active)  in 0.013 seconds - new frequency is 1
Cbc0014I Cut generator 2 (Knapsack) - 0 row cuts average 0.0 elements, 0 column cuts (0 active)  in 0.016 seconds - new frequency is -100
Cbc0014I Cut generator 3 (Clique) - 0 row cuts average 0.0 elements, 0 column cuts (0 active)  in 0.000 seconds - new frequency is -100
Cbc0014I Cut generator 4 (MixedIntegerRounding2) - 10 row cuts average 4.5 elements, 0 column cuts (0 active)  in 0.007 seconds - new frequency is -100
Cbc0014I Cut generator 5 (FlowCover) - 0 row cuts average 0.0 elements, 0 column cuts (0 active)  in 0.022 seconds - new frequency is -100
Cbc0014I Cut generator 6 (TwoMirCuts) - 25 row cuts average 10.3 elements, 0 column cuts (0 active)  in 0.002 seconds - new frequency is -100
Cbc0010I After 0 nodes, 1 on tree, 2018087.5 best solution, best possible 2018037.7 (0.17 seconds)
Cbc0001I Search completed - best objective 2018087.524341942, took 1039 iterations and 4 nodes (0.18 seconds)
Cbc0032I Strong branching done 26 times (107 iterations), fathomed 2 nodes and fixed 0 variables
Cbc0035I Maximum depth 1, 0 variables fixed on reduced cost
Cuts at root node changed objective from 2.01784e+06 to 2.01804e+06
Probing was tried 100 times and created 11 cuts of which 0 were active after adding rounds of cuts (0.014 seconds)
Gomory was tried 113 times and created 375 cuts of which 0 were active after adding rounds of cuts (0.014 seconds)
Knapsack was tried 100 times and created 0 cuts of which 0 were active after adding rounds of cuts (0.016 seconds)
Clique was tried 100 times and created 0 cuts of which 0 were active after adding rounds of cuts (0.000 seconds)
MixedIntegerRounding2 was tried 100 times and created 10 cuts of which 0 were active after adding rounds of cuts (0.007 seconds)
FlowCover was tried 100 times and created 0 cuts of which 0 were active after adding rounds of cuts (0.022 seconds)
TwoMirCuts was tried 100 times and created 25 cuts of which 0 were active after adding rounds of cuts (0.002 seconds)
ZeroHalf was tried 1 times and created 0 cuts of which 0 were active after adding rounds of cuts (0.000 seconds)

Result - Optimal solution found

Objective value:                2018087.52434194
Enumerated nodes:               4
Total iterations:               1039
Time (CPU seconds):             0.19
Time (Wallclock seconds):       0.19

Option for printingOptions changed from normal to all
Total time (CPU seconds):       0.21   (Wallclock seconds):       0.21

