Welcome to the CBC MILP Solver 
Version: 2.10.3 
Build Date: Dec 15 2019 

command line - E:\dachuang\.venv\Lib\site-packages\pulp\apis\../solverdir/cbc/win/i64/cbc.exe model.mps -primalTolerance 1e-9 -integerTolerance 1e-9 -ratioGap 0 -allowableGap 0 -threads 0 -branch -printingOptions all -solution solution.txt -saveSolution solution.bin -quit (default strategy 1)
At line 2 NAME          MODEL
At line 3 ROWS
At line 317 COLUMNS
At line 1133 RHS
At line 1446 BOUNDS
At line 1521 ENDATA
Problem MODEL has 312 rows, 241 columns and 647 elements
Coin0008I MODEL read with 0 errors
primalTolerance was changed from 1e-07 to 1e-09
integerTolerance was changed from 1e-07 to 1e-09
ratioGap was changed from 0 to 0
allowableGap was changed from 1e-10 to 0
Continuous objective value is 3.78708e+06 - 0.00 seconds
Cgl0003I 0 fixed, 0 tightened bounds, 2 strengthened rows, 0 substitutions
Cgl0004I processed model has 111 rows, 148 columns (24 integer (24 of which binary)) and 313 elements
Cbc0038I Initial state - 4 integers unsatisfied sum - 1.57293
Cbc0038I Pass   1: suminf.    0.00000 (0) obj. 3.78744e+06 iterations 7
Cbc0038I Solution found of 3.78744e+06
Cbc0038I Relaxing continuous gives 3.78744e+06
Cbc0038I Before mini branch and bound, 20 integers at bound fixed and 92 continuous
Cbc0038I Full problem 111 rows 148 columns, reduced to 9 rows 11 columns
Cbc0038I Mini branch and bound improved solution from 3.78744e+06 to 3.78744e+06 (0.01 seconds)
Cbc0038I Round again with cutoff of 3.7874e+06
Cbc0038I Pass   2: suminf.    0.17377 (1) obj. 3.7874e+06 iterations 1
Cbc0038I Pass   3: suminf.    0.17377 (1) obj. 3.7874e+06 iterations 14
Cbc0038I Pass   4: suminf.    0.00000 (0) obj. 3.7874e+06 iterations 2
Cbc0038I Solution found of 3.7874e+06
Cbc0038I Relaxing continuous gives 3.78739e+06
Cbc0038I Before mini branch and bound, 20 integers at bound fixed and 90 continuous
Cbc0038I Full problem 111 rows 148 columns, reduced to 14 rows 18 columns
Cbc0038I Mini branch and bound improved solution from 3.78739e+06 to 3.7873e+06 (0.02 seconds)
Cbc0038I Round again with cutoff of 3.78725e+06
Cbc0038I Pass   5: suminf.    0.82324 (2) obj. 3.78725e+06 iterations 6
Cbc0038I Pass   6: suminf.    0.62749 (2) obj. 3.78725e+06 iterations 8
Cbc0038I Pass   7: suminf.    0.82324 (3) obj. 3.78725e+06 iterations 6
Cbc0038I Pass   8: suminf.    0.82324 (3) obj. 3.78725e+06 iterations 1
Cbc0038I Pass   9: suminf.    0.45999 (3) obj. 3.78725e+06 iterations 17
Cbc0038I Pass  10: suminf.    0.45999 (3) obj. 3.78725e+06 iterations 0
Cbc0038I Pass  11: suminf.    0.82324 (3) obj. 3.78725e+06 iterations 2
Cbc0038I Pass  12: suminf.    0.82324 (3) obj. 3.78725e+06 iterations 3
Cbc0038I Pass  13: suminf.    0.82324 (3) obj. 3.78725e+06 iterations 1
Cbc0038I Pass  14: suminf.    0.45999 (3) obj. 3.78725e+06 iterations 17
Cbc0038I Pass  15: suminf.    0.45999 (3) obj. 3.78725e+06 iterations 0
Cbc0038I Pass  16: suminf.    0.82324 (3) obj. 3.78725e+06 iterations 2
Cbc0038I Pass  17: suminf.    1.15966 (4) obj. 3.78725e+06 iterations 5
Cbc0038I Pass  18: suminf.    1.15966 (4) obj. 3.78725e+06 iterations 1
Cbc0038I Pass  19: suminf.    0.45999 (3) obj. 3.78725e+06 iterations 26
Cbc0038I Pass  20: suminf.    0.45999 (3) obj. 3.78725e+06 iterations 0
Cbc0038I Pass  21: suminf.    0.82324 (3) obj. 3.78725e+06 iterations 2
Cbc0038I Pass  22: suminf.    0.82324 (3) obj. 3.78725e+06 iterations 1
Cbc0038I Pass  23: suminf.    0.82324 (3) obj. 3.78725e+06 iterations 3
Cbc0038I Pass  24: suminf.    0.45999 (3) obj. 3.78725e+06 iterations 17
Cbc0038I Pass  25: suminf.    0.45999 (3) obj. 3.78725e+06 iterations 0
Cbc0038I Pass  26: suminf.    0.82324 (3) obj. 3.78725e+06 iterations 2
Cbc0038I Pass  27: suminf.    0.82324 (3) obj. 3.78725e+06 iterations 1
Cbc0038I Pass  28: suminf.    0.82324 (3) obj. 3.78725e+06 iterations 7
Cbc0038I Pass  29: suminf.    0.45999 (3) obj. 3.78725e+06 iterations 17
Cbc0038I Pass  30: suminf.    0.45999 (3) obj. 3.78725e+06 iterations 0
Cbc0038I Pass  31: suminf.    0.82324 (3) obj. 3.78725e+06 iterations 2
Cbc0038I Pass  32: suminf.    0.82324 (3) obj. 3.78725e+06 iterations 1
Cbc0038I Pass  33: suminf.    0.79133 (3) obj. 3.78725e+06 iterations 27
Cbc0038I Pass  34: suminf.    0.34962 (1) obj. 3.78725e+06 iterations 3
Cbc0038I No solution found this major pass
Cbc0038I Before mini branch and bound, 4 integers at bound fixed and 73 continuous
Cbc0038I Full problem 111 rows 148 columns, reduced to 21 rows 26 columns
Cbc0038I Mini branch and bound did not improve solution (0.03 seconds)
Cbc0038I After 0.03 seconds - Feasibility pump exiting with objective of 3.7873e+06 - took 0.02 seconds
Cbc0012I Integer solution of 3787295.3 found by feasibility pump after 0 iterations and 0 nodes (0.03 seconds)
Cbc0038I Full problem 111 rows 148 columns, reduced to 54 rows 84 columns
Cbc0031I 7 added rows had average density of 8.4285714
Cbc0013I At root node, 9 cuts changed objective from 3787077.8 to 3787295.3 in 4 passes
Cbc0014I Cut generator 0 (Probing) - 2 row cuts average 2.0 elements, 0 column cuts (0 active)  in 0.000 seconds - new frequency is 1
Cbc0014I Cut generator 1 (Gomory) - 12 row cuts average 12.7 elements, 0 column cuts (0 active)  in 0.000 seconds - new frequency is 1
Cbc0014I Cut generator 2 (Knapsack) - 0 row cuts average 0.0 elements, 0 column cuts (0 active)  in 0.003 seconds - new frequency is -100
Cbc0014I Cut generator 3 (Clique) - 0 row cuts average 0.0 elements, 0 column cuts (0 active)  in 0.000 seconds - new frequency is -100
Cbc0014I Cut generator 4 (MixedIntegerRounding2) - 2 row cuts average 5.0 elements, 0 column cuts (0 active)  in 0.000 seconds - new frequency is 1
Cbc0014I Cut generator 5 (FlowCover) - 0 row cuts average 0.0 elements, 0 column cuts (0 active)  in 0.000 seconds - new frequency is -100
Cbc0014I Cut generator 6 (TwoMirCuts) - 12 row cuts average 9.3 elements, 0 column cuts (0 active)  in 0.000 seconds - new frequency is -100
Cbc0001I Search completed - best objective 3787295.301986734, took 27 iterations and 0 nodes (0.04 seconds)
Cbc0035I Maximum depth 0, 0 variables fixed on reduced cost
Cuts at root node changed objective from 3.78708e+06 to 3.7873e+06
Probing was tried 4 times and created 2 cuts of which 0 were active after adding rounds of cuts (0.000 seconds)
Gomory was tried 4 times and created 12 cuts of which 0 were active after adding rounds of cuts (0.000 seconds)
Knapsack was tried 4 times and created 0 cuts of which 0 were active after adding rounds of cuts (0.003 seconds)
Clique was tried 4 times and created 0 cuts of which 0 were active after adding rounds of cuts (0.000 seconds)
MixedIntegerRounding2 was tried 4 times and created 2 cuts of which 0 were active after adding rounds of cuts (0.000 seconds)
FlowCover was tried 4 times and created 0 cuts of which 0 were active after adding rounds of cuts (0.000 seconds)
TwoMirCuts was tried 4 times and created 12 cuts of which 0 were active after adding rounds of cuts (0.000 seconds)
ZeroHalf was tried 1 times and created 0 cuts of which 0 were active after adding rounds of cuts (0.000 seconds)

Result - Optimal solution found

Objective value:                3787295.30198673
Enumerated nodes:               0
Total iterations:               27
Time (CPU seconds):             0.04
Time (Wallclock seconds):       0.04

Option for printingOptions changed from normal to all
Total time (CPU seconds):       0.07   (Wallclock seconds):       0.07

