Welcome to the CBC MILP Solver 
Version: 2.10.3 
Build Date: Dec 15 2019 

command line - E:\dachuang\.venv\Lib\site-packages\pulp\apis\../solverdir/cbc/win/i64/cbc.exe model.mps -primalTolerance 1e-9 -integerTolerance 1e-9 -ratioGap 0 -allowableGap 0 -threads 0 -branch -printingOptions all -solution solution.txt -saveSolution solution.bin -quit (default strategy 1)
At line 2 NAME          MODEL
At line 3 ROWS
At line 317 COLUMNS
At line 1133 RHS
At line 1446 BOUNDS
At line 1521 ENDATA
Problem MODEL has 312 rows, 241 columns and 647 elements
Coin0008I MODEL read with 0 errors
primalTolerance was changed from 1e-07 to 1e-09
integerTolerance was changed from 1e-07 to 1e-09
ratioGap was changed from 0 to 0
allowableGap was changed from 1e-10 to 0
Continuous objective value is 2.11924e+06 - 0.00 seconds
Cgl0003I 0 fixed, 0 tightened bounds, 3 strengthened rows, 0 substitutions
Cgl0004I processed model has 116 rows, 158 columns (24 integer (24 of which binary)) and 338 elements
Cbc0038I Initial state - 12 integers unsatisfied sum - 3.61134
Cbc0038I Pass   1: suminf.    0.00000 (0) obj. 2.20377e+06 iterations 19
Cbc0038I Solution found of 2.20377e+06
Cbc0038I Relaxing continuous gives 2.13571e+06
Cbc0038I Before mini branch and bound, 12 integers at bound fixed and 81 continuous
Cbc0038I Full problem 116 rows 158 columns, reduced to 9 rows 10 columns
Cbc0038I Mini branch and bound improved solution from 2.13571e+06 to 2.11985e+06 (0.01 seconds)
Cbc0038I Freeing continuous variables gives a solution of 2.11985e+06
Cbc0038I Round again with cutoff of 2.1198e+06
Cbc0038I Pass   2: suminf.    0.34429 (3) obj. 2.1198e+06 iterations 8
Cbc0038I Pass   3: suminf.    0.00000 (0) obj. 2.1198e+06 iterations 14
Cbc0038I Solution found of 2.1198e+06
Cbc0038I Relaxing continuous gives 2.11967e+06
Cbc0038I Before mini branch and bound, 12 integers at bound fixed and 80 continuous
Cbc0038I Full problem 116 rows 158 columns, reduced to 19 rows 25 columns
Cbc0038I Mini branch and bound improved solution from 2.11967e+06 to 2.11939e+06 (0.02 seconds)
Cbc0038I Freeing continuous variables gives a solution of 2.11939e+06
Cbc0038I Round again with cutoff of 2.11937e+06
Cbc0038I Pass   4: suminf.    0.50814 (7) obj. 2.11937e+06 iterations 9
Cbc0038I Pass   5: suminf.    0.50814 (5) obj. 2.11937e+06 iterations 5
Cbc0038I Pass   6: suminf.    0.30037 (1) obj. 2.11937e+06 iterations 20
Cbc0038I Pass   7: suminf.    0.11703 (1) obj. 2.11937e+06 iterations 2
Cbc0038I Pass   8: suminf.    0.47662 (2) obj. 2.11937e+06 iterations 9
Cbc0038I Pass   9: suminf.    0.41664 (3) obj. 2.11937e+06 iterations 6
Cbc0038I Pass  10: suminf.    0.30037 (1) obj. 2.11937e+06 iterations 13
Cbc0038I Pass  11: suminf.    0.11703 (1) obj. 2.11937e+06 iterations 2
Cbc0038I Pass  12: suminf.    0.11703 (1) obj. 2.11937e+06 iterations 8
Cbc0038I Pass  13: suminf.    0.30037 (1) obj. 2.11937e+06 iterations 2
Cbc0038I Pass  14: suminf.    0.11703 (1) obj. 2.11937e+06 iterations 2
Cbc0038I Pass  15: suminf.    0.41664 (2) obj. 2.11937e+06 iterations 11
Cbc0038I Pass  16: suminf.    1.06578 (4) obj. 2.11937e+06 iterations 10
Cbc0038I Pass  17: suminf.    0.41664 (3) obj. 2.11937e+06 iterations 2
Cbc0038I Pass  18: suminf.    0.43189 (2) obj. 2.11937e+06 iterations 6
Cbc0038I Pass  19: suminf.    0.41664 (2) obj. 2.11937e+06 iterations 1
Cbc0038I Pass  20: suminf.    1.20022 (6) obj. 2.11937e+06 iterations 13
Cbc0038I Pass  21: suminf.    1.20022 (6) obj. 2.11937e+06 iterations 0
Cbc0038I Pass  22: suminf.    1.06578 (3) obj. 2.11937e+06 iterations 10
Cbc0038I Pass  23: suminf.    0.41664 (3) obj. 2.11937e+06 iterations 1
Cbc0038I Pass  24: suminf.    0.43189 (2) obj. 2.11937e+06 iterations 6
Cbc0038I Pass  25: suminf.    0.41664 (2) obj. 2.11937e+06 iterations 1
Cbc0038I Pass  26: suminf.    1.06578 (4) obj. 2.11937e+06 iterations 6
Cbc0038I Pass  27: suminf.    1.54835 (5) obj. 2.11937e+06 iterations 16
Cbc0038I Pass  28: suminf.    0.41664 (4) obj. 2.11937e+06 iterations 3
Cbc0038I Pass  29: suminf.    0.41664 (4) obj. 2.11937e+06 iterations 0
Cbc0038I Pass  30: suminf.    0.61624 (4) obj. 2.11937e+06 iterations 8
Cbc0038I Pass  31: suminf.    0.41664 (3) obj. 2.11937e+06 iterations 6
Cbc0038I Pass  32: suminf.    0.43189 (2) obj. 2.11937e+06 iterations 5
Cbc0038I Pass  33: suminf.    0.41664 (2) obj. 2.11937e+06 iterations 1
Cbc0038I No solution found this major pass
Cbc0038I Before mini branch and bound, 1 integers at bound fixed and 67 continuous
Cbc0038I Full problem 116 rows 158 columns, reduced to 22 rows 30 columns
Cbc0038I Mini branch and bound improved solution from 2.11939e+06 to 2.11939e+06 (0.03 seconds)
Cbc0038I Freeing continuous variables gives a solution of 2.11939e+06
Cbc0038I Round again with cutoff of 2.11934e+06
Cbc0038I Pass  33: suminf.    0.64858 (7) obj. 2.11934e+06 iterations 0
Cbc0038I Pass  34: suminf.    0.64858 (5) obj. 2.11934e+06 iterations 5
Cbc0038I Pass  35: suminf.    0.42712 (1) obj. 2.11934e+06 iterations 20
Cbc0038I Pass  36: suminf.    0.25747 (1) obj. 2.11934e+06 iterations 2
Cbc0038I Pass  37: suminf.    0.79679 (6) obj. 2.11934e+06 iterations 17
Cbc0038I Pass  38: suminf.    0.46258 (5) obj. 2.11934e+06 iterations 4
Cbc0038I Pass  39: suminf.    1.25208 (4) obj. 2.11934e+06 iterations 13
Cbc0038I Pass  40: suminf.    1.25208 (4) obj. 2.11934e+06 iterations 0
Cbc0038I Pass  41: suminf.    1.20622 (3) obj. 2.11934e+06 iterations 11
Cbc0038I Pass  42: suminf.    0.55708 (3) obj. 2.11934e+06 iterations 1
Cbc0038I Pass  43: suminf.    0.55863 (2) obj. 2.11934e+06 iterations 5
Cbc0038I Pass  44: suminf.    0.55708 (2) obj. 2.11934e+06 iterations 1
Cbc0038I Pass  45: suminf.    1.20622 (4) obj. 2.11934e+06 iterations 5
Cbc0038I Pass  46: suminf.    0.82033 (3) obj. 2.11934e+06 iterations 12
Cbc0038I Pass  47: suminf.    0.23212 (1) obj. 2.11934e+06 iterations 2
Cbc0038I Pass  48: suminf.    0.55708 (2) obj. 2.11934e+06 iterations 2
Cbc0038I Pass  49: suminf.    0.45708 (3) obj. 2.11934e+06 iterations 4
Cbc0038I Pass  50: suminf.    0.45708 (3) obj. 2.11934e+06 iterations 10
Cbc0038I Pass  51: suminf.    0.45708 (3) obj. 2.11934e+06 iterations 0
Cbc0038I Pass  52: suminf.    0.55708 (4) obj. 2.11934e+06 iterations 6
Cbc0038I Pass  53: suminf.    0.55708 (3) obj. 2.11934e+06 iterations 1
Cbc0038I Pass  54: suminf.    0.55863 (2) obj. 2.11934e+06 iterations 5
Cbc0038I Pass  55: suminf.    0.55708 (2) obj. 2.11934e+06 iterations 1
Cbc0038I Pass  56: suminf.    1.20622 (4) obj. 2.11934e+06 iterations 5
Cbc0038I Pass  57: suminf.    0.55863 (2) obj. 2.11934e+06 iterations 15
Cbc0038I Pass  58: suminf.    0.55708 (2) obj. 2.11934e+06 iterations 1
Cbc0038I Pass  59: suminf.    1.20622 (4) obj. 2.11934e+06 iterations 5
Cbc0038I Pass  60: suminf.    0.55708 (3) obj. 2.11934e+06 iterations 2
Cbc0038I Pass  61: suminf.    0.55863 (2) obj. 2.11934e+06 iterations 5
Cbc0038I Pass  62: suminf.    0.55863 (2) obj. 2.11934e+06 iterations 6
Cbc0038I No solution found this major pass
Cbc0038I Before mini branch and bound, 5 integers at bound fixed and 67 continuous
Cbc0038I Full problem 116 rows 158 columns, reduced to 23 rows 33 columns
Cbc0038I Mini branch and bound did not improve solution (0.04 seconds)
Cbc0038I After 0.04 seconds - Feasibility pump exiting with objective of 2.11939e+06 - took 0.04 seconds
Cbc0012I Integer solution of 2119389.9 found by feasibility pump after 0 iterations and 0 nodes (0.04 seconds)
Cbc0038I Full problem 116 rows 158 columns, reduced to 82 rows 122 columns
Cbc0031I 11 added rows had average density of 22
Cbc0013I At root node, 11 cuts changed objective from 2119267.4 to 2119320.1 in 100 passes
Cbc0014I Cut generator 0 (Probing) - 0 row cuts average 0.0 elements, 1 column cuts (1 active)  in 0.007 seconds - new frequency is -100
Cbc0014I Cut generator 1 (Gomory) - 339 row cuts average 36.1 elements, 0 column cuts (0 active)  in 0.009 seconds - new frequency is 1
Cbc0014I Cut generator 2 (Knapsack) - 0 row cuts average 0.0 elements, 0 column cuts (0 active)  in 0.019 seconds - new frequency is -100
Cbc0014I Cut generator 3 (Clique) - 0 row cuts average 0.0 elements, 0 column cuts (0 active)  in 0.000 seconds - new frequency is -100
Cbc0014I Cut generator 4 (MixedIntegerRounding2) - 3 row cuts average 6.3 elements, 0 column cuts (0 active)  in 0.009 seconds - new frequency is -100
Cbc0014I Cut generator 5 (FlowCover) - 0 row cuts average 0.0 elements, 0 column cuts (0 active)  in 0.021 seconds - new frequency is -100
Cbc0014I Cut generator 6 (TwoMirCuts) - 32 row cuts average 10.9 elements, 0 column cuts (0 active)  in 0.008 seconds - new frequency is -100
Cbc0010I After 0 nodes, 1 on tree, 2119389.9 best solution, best possible 2119320.1 (0.18 seconds)
Cbc0001I Search completed - best objective 2119389.894558756, took 1277 iterations and 6 nodes (0.20 seconds)
Cbc0032I Strong branching done 38 times (151 iterations), fathomed 3 nodes and fixed 1 variables
Cbc0035I Maximum depth 1, 3 variables fixed on reduced cost
Cuts at root node changed objective from 2.11927e+06 to 2.11932e+06
Probing was tried 100 times and created 1 cuts of which 0 were active after adding rounds of cuts (0.007 seconds)
Gomory was tried 127 times and created 377 cuts of which 0 were active after adding rounds of cuts (0.011 seconds)
Knapsack was tried 100 times and created 0 cuts of which 0 were active after adding rounds of cuts (0.019 seconds)
Clique was tried 100 times and created 0 cuts of which 0 were active after adding rounds of cuts (0.000 seconds)
MixedIntegerRounding2 was tried 100 times and created 3 cuts of which 0 were active after adding rounds of cuts (0.009 seconds)
FlowCover was tried 100 times and created 0 cuts of which 0 were active after adding rounds of cuts (0.021 seconds)
TwoMirCuts was tried 100 times and created 32 cuts of which 0 were active after adding rounds of cuts (0.008 seconds)
ZeroHalf was tried 1 times and created 0 cuts of which 0 were active after adding rounds of cuts (0.000 seconds)

Result - Optimal solution found

Objective value:                2119389.89455876
Enumerated nodes:               6
Total iterations:               1277
Time (CPU seconds):             0.21
Time (Wallclock seconds):       0.21

Option for printingOptions changed from normal to all
Total time (CPU seconds):       0.23   (Wallclock seconds):       0.23

