Welcome to the CBC MILP Solver 
Version: 2.10.3 
Build Date: Dec 15 2019 

command line - E:\dachuang\.venv\Lib\site-packages\pulp\apis\../solverdir/cbc/win/i64/cbc.exe model.mps -primalTolerance 1e-9 -integerTolerance 1e-9 -ratioGap 0 -allowableGap 0 -threads 0 -branch -printingOptions all -solution solution.txt -saveSolution solution.bin -quit (default strategy 1)
At line 2 NAME          MODEL
At line 3 ROWS
At line 317 COLUMNS
At line 1133 RHS
At line 1446 BOUNDS
At line 1521 ENDATA
Problem MODEL has 312 rows, 241 columns and 647 elements
Coin0008I MODEL read with 0 errors
primalTolerance was changed from 1e-07 to 1e-09
integerTolerance was changed from 1e-07 to 1e-09
ratioGap was changed from 0 to 0
allowableGap was changed from 1e-10 to 0
Continuous objective value is 3.26394e+06 - 0.00 seconds
Cgl0003I 0 fixed, 0 tightened bounds, 3 strengthened rows, 0 substitutions
Cgl0004I processed model has 114 rows, 157 columns (24 integer (24 of which binary)) and 331 elements
Cbc0038I Initial state - 10 integers unsatisfied sum - 3.30522
Cbc0038I Pass   1: suminf.    0.00000 (0) obj. 3.26655e+06 iterations 16
Cbc0038I Solution found of 3.26655e+06
Cbc0038I Relaxing continuous gives 3.26465e+06
Cbc0038I Before mini branch and bound, 14 integers at bound fixed and 88 continuous
Cbc0038I Full problem 114 rows 157 columns, reduced to 11 rows 12 columns
Cbc0038I Mini branch and bound did not improve solution (0.01 seconds)
Cbc0038I Round again with cutoff of 3.26458e+06
Cbc0038I Pass   2: suminf.    0.29535 (1) obj. 3.26458e+06 iterations 5
Cbc0038I Pass   3: suminf.    0.00000 (0) obj. 3.26458e+06 iterations 8
Cbc0038I Solution found of 3.26458e+06
Cbc0038I Relaxing continuous gives 3.26442e+06
Cbc0038I Before mini branch and bound, 14 integers at bound fixed and 83 continuous
Cbc0038I Full problem 114 rows 157 columns, reduced to 22 rows 29 columns
Cbc0038I Mini branch and bound improved solution from 3.26442e+06 to 3.26415e+06 (0.02 seconds)
Cbc0038I Freeing continuous variables gives a solution of 3.26415e+06
Cbc0038I Round again with cutoff of 3.26411e+06
Cbc0038I Pass   4: suminf.    0.33252 (3) obj. 3.26411e+06 iterations 7
Cbc0038I Pass   5: suminf.    0.33252 (3) obj. 3.26411e+06 iterations 2
Cbc0038I Pass   6: suminf.    1.17697 (4) obj. 3.26411e+06 iterations 15
Cbc0038I Pass   7: suminf.    1.17697 (4) obj. 3.26411e+06 iterations 4
Cbc0038I Pass   8: suminf.    1.21428 (3) obj. 3.26411e+06 iterations 8
Cbc0038I Pass   9: suminf.    0.85074 (3) obj. 3.26411e+06 iterations 10
Cbc0038I Pass  10: suminf.    0.84772 (3) obj. 3.26411e+06 iterations 1
Cbc0038I Pass  11: suminf.    1.36333 (4) obj. 3.26411e+06 iterations 5
Cbc0038I Pass  12: suminf.    1.08533 (4) obj. 3.26411e+06 iterations 1
Cbc0038I Pass  13: suminf.    0.90978 (3) obj. 3.26411e+06 iterations 1
Cbc0038I Pass  14: suminf.    1.17697 (4) obj. 3.26411e+06 iterations 6
Cbc0038I Pass  15: suminf.    1.17697 (4) obj. 3.26411e+06 iterations 2
Cbc0038I Pass  16: suminf.    1.21428 (3) obj. 3.26411e+06 iterations 5
Cbc0038I Pass  17: suminf.    0.85074 (3) obj. 3.26411e+06 iterations 8
Cbc0038I Pass  18: suminf.    0.84772 (3) obj. 3.26411e+06 iterations 1
Cbc0038I Pass  19: suminf.    1.36333 (4) obj. 3.26411e+06 iterations 5
Cbc0038I Pass  20: suminf.    1.08533 (4) obj. 3.26411e+06 iterations 1
Cbc0038I Pass  21: suminf.    0.90978 (3) obj. 3.26411e+06 iterations 1
Cbc0038I Pass  22: suminf.    0.49274 (2) obj. 3.26411e+06 iterations 23
Cbc0038I Pass  23: suminf.    0.63783 (2) obj. 3.26411e+06 iterations 2
Cbc0038I Pass  24: suminf.    0.63783 (2) obj. 3.26411e+06 iterations 0
Cbc0038I Pass  25: suminf.    0.63783 (2) obj. 3.26411e+06 iterations 3
Cbc0038I Pass  26: suminf.    0.85111 (5) obj. 3.26411e+06 iterations 6
Cbc0038I Pass  27: suminf.    0.49274 (2) obj. 3.26411e+06 iterations 2
Cbc0038I Pass  28: suminf.    0.63783 (2) obj. 3.26411e+06 iterations 2
Cbc0038I Pass  29: suminf.    0.63783 (2) obj. 3.26411e+06 iterations 0
Cbc0038I Pass  30: suminf.    0.63783 (2) obj. 3.26411e+06 iterations 3
Cbc0038I Pass  31: suminf.    0.97340 (7) obj. 3.26411e+06 iterations 20
Cbc0038I Pass  32: suminf.    0.78407 (5) obj. 3.26411e+06 iterations 1
Cbc0038I Pass  33: suminf.    0.78572 (3) obj. 3.26411e+06 iterations 6
Cbc0038I No solution found this major pass
Cbc0038I Before mini branch and bound, 4 integers at bound fixed and 77 continuous
Cbc0038I Full problem 114 rows 157 columns, reduced to 26 rows 34 columns
Cbc0038I Mini branch and bound improved solution from 3.26415e+06 to 3.26408e+06 (0.03 seconds)
Cbc0038I Round again with cutoff of 3.26404e+06
Cbc0038I Pass  33: suminf.    0.62135 (5) obj. 3.26404e+06 iterations 3
Cbc0038I Pass  34: suminf.    0.62135 (5) obj. 3.26404e+06 iterations 2
Cbc0038I Pass  35: suminf.    0.79185 (4) obj. 3.26404e+06 iterations 29
Cbc0038I Pass  36: suminf.    0.79185 (4) obj. 3.26404e+06 iterations 2
Cbc0038I Pass  37: suminf.    1.16920 (4) obj. 3.26404e+06 iterations 9
Cbc0038I Pass  38: suminf.    1.15300 (4) obj. 3.26404e+06 iterations 1
Cbc0038I Pass  39: suminf.    0.79185 (4) obj. 3.26404e+06 iterations 6
Cbc0038I Pass  40: suminf.    0.94559 (4) obj. 3.26404e+06 iterations 15
Cbc0038I Pass  41: suminf.    0.79185 (3) obj. 3.26404e+06 iterations 4
Cbc0038I Pass  42: suminf.    0.79185 (3) obj. 3.26404e+06 iterations 1
Cbc0038I Pass  43: suminf.    0.94559 (4) obj. 3.26404e+06 iterations 8
Cbc0038I Pass  44: suminf.    0.79213 (5) obj. 3.26404e+06 iterations 5
Cbc0038I Pass  45: suminf.    0.68935 (3) obj. 3.26404e+06 iterations 3
Cbc0038I Pass  46: suminf.    0.83701 (2) obj. 3.26404e+06 iterations 6
Cbc0038I Pass  47: suminf.    0.47100 (2) obj. 3.26404e+06 iterations 2
Cbc0038I Pass  48: suminf.    0.46259 (2) obj. 3.26404e+06 iterations 1
Cbc0038I Pass  49: suminf.    0.89434 (3) obj. 3.26404e+06 iterations 3
Cbc0038I Pass  50: suminf.    0.68935 (3) obj. 3.26404e+06 iterations 6
Cbc0038I Pass  51: suminf.    0.68935 (3) obj. 3.26404e+06 iterations 1
Cbc0038I Pass  52: suminf.    0.83701 (2) obj. 3.26404e+06 iterations 6
Cbc0038I Pass  53: suminf.    0.47100 (2) obj. 3.26404e+06 iterations 2
Cbc0038I Pass  54: suminf.    0.46259 (2) obj. 3.26404e+06 iterations 1
Cbc0038I Pass  55: suminf.    0.89434 (3) obj. 3.26404e+06 iterations 3
Cbc0038I Pass  56: suminf.    0.68935 (3) obj. 3.26404e+06 iterations 6
Cbc0038I Pass  57: suminf.    0.68935 (3) obj. 3.26404e+06 iterations 1
Cbc0038I Pass  58: suminf.    0.83701 (2) obj. 3.26404e+06 iterations 6
Cbc0038I Pass  59: suminf.    0.47100 (2) obj. 3.26404e+06 iterations 2
Cbc0038I Pass  60: suminf.    0.46259 (2) obj. 3.26404e+06 iterations 1
Cbc0038I Pass  61: suminf.    0.89434 (3) obj. 3.26404e+06 iterations 3
Cbc0038I Pass  62: suminf.    0.68935 (3) obj. 3.26404e+06 iterations 6
Cbc0038I No solution found this major pass
Cbc0038I Before mini branch and bound, 8 integers at bound fixed and 78 continuous
Cbc0038I Full problem 114 rows 157 columns, reduced to 26 rows 34 columns
Cbc0038I Mini branch and bound did not improve solution (0.04 seconds)
Cbc0038I After 0.04 seconds - Feasibility pump exiting with objective of 3.26408e+06 - took 0.04 seconds
Cbc0012I Integer solution of 3264079 found by feasibility pump after 0 iterations and 0 nodes (0.04 seconds)
Cbc0038I Full problem 114 rows 157 columns, reduced to 74 rows 113 columns
Cbc0031I 9 added rows had average density of 18.222222
Cbc0013I At root node, 9 cuts changed objective from 3263965.2 to 3264037.7 in 13 passes
Cbc0014I Cut generator 0 (Probing) - 1 row cuts average 2.0 elements, 0 column cuts (0 active)  in 0.001 seconds - new frequency is -100
Cbc0014I Cut generator 1 (Gomory) - 57 row cuts average 19.5 elements, 0 column cuts (0 active)  in 0.001 seconds - new frequency is 1
Cbc0014I Cut generator 2 (Knapsack) - 0 row cuts average 0.0 elements, 0 column cuts (0 active)  in 0.002 seconds - new frequency is -100
Cbc0014I Cut generator 3 (Clique) - 0 row cuts average 0.0 elements, 0 column cuts (0 active)  in 0.000 seconds - new frequency is -100
Cbc0014I Cut generator 4 (MixedIntegerRounding2) - 4 row cuts average 6.0 elements, 0 column cuts (0 active)  in 0.001 seconds - new frequency is -100
Cbc0014I Cut generator 5 (FlowCover) - 0 row cuts average 0.0 elements, 0 column cuts (0 active)  in 0.003 seconds - new frequency is -100
Cbc0014I Cut generator 6 (TwoMirCuts) - 38 row cuts average 11.7 elements, 0 column cuts (0 active)  in 0.001 seconds - new frequency is -100
Cbc0010I After 0 nodes, 1 on tree, 3264079 best solution, best possible 3264037.7 (0.07 seconds)
Cbc0001I Search completed - best objective 3264079.048342003, took 166 iterations and 6 nodes (0.08 seconds)
Cbc0032I Strong branching done 28 times (86 iterations), fathomed 1 nodes and fixed 3 variables
Cbc0035I Maximum depth 2, 0 variables fixed on reduced cost
Cuts at root node changed objective from 3.26397e+06 to 3.26404e+06
Probing was tried 13 times and created 1 cuts of which 0 were active after adding rounds of cuts (0.001 seconds)
Gomory was tried 21 times and created 71 cuts of which 0 were active after adding rounds of cuts (0.002 seconds)
Knapsack was tried 13 times and created 0 cuts of which 0 were active after adding rounds of cuts (0.002 seconds)
Clique was tried 13 times and created 0 cuts of which 0 were active after adding rounds of cuts (0.000 seconds)
MixedIntegerRounding2 was tried 13 times and created 4 cuts of which 0 were active after adding rounds of cuts (0.001 seconds)
FlowCover was tried 13 times and created 0 cuts of which 0 were active after adding rounds of cuts (0.003 seconds)
TwoMirCuts was tried 13 times and created 38 cuts of which 0 were active after adding rounds of cuts (0.001 seconds)
ZeroHalf was tried 1 times and created 0 cuts of which 0 were active after adding rounds of cuts (0.000 seconds)

Result - Optimal solution found

Objective value:                3264079.04834200
Enumerated nodes:               6
Total iterations:               166
Time (CPU seconds):             0.08
Time (Wallclock seconds):       0.08

Option for printingOptions changed from normal to all
Total time (CPU seconds):       0.10   (Wallclock seconds):       0.10

