Welcome to the CBC MILP Solver 
Version: 2.10.3 
Build Date: Dec 15 2019 

command line - E:\dachuang\.venv\Lib\site-packages\pulp\apis\../solverdir/cbc/win/i64/cbc.exe model.mps -primalTolerance 1e-9 -integerTolerance 1e-9 -ratioGap 0 -allowableGap 0 -threads 0 -branch -printingOptions all -solution solution.txt -saveSolution solution.bin -quit (default strategy 1)
At line 2 NAME          MODEL
At line 3 ROWS
At line 317 COLUMNS
At line 1133 RHS
At line 1446 BOUNDS
At line 1521 ENDATA
Problem MODEL has 312 rows, 241 columns and 647 elements
Coin0008I MODEL read with 0 errors
primalTolerance was changed from 1e-07 to 1e-09
integerTolerance was changed from 1e-07 to 1e-09
ratioGap was changed from 0 to 0
allowableGap was changed from 1e-10 to 0
Continuous objective value is 1.67816e+06 - 0.00 seconds
Cgl0003I 0 fixed, 0 tightened bounds, 3 strengthened rows, 0 substitutions
Cgl0004I processed model has 116 rows, 161 columns (24 integer (24 of which binary)) and 341 elements
Cbc0038I Initial state - 10 integers unsatisfied sum - 2.64719
Cbc0038I Pass   1: suminf.    0.00000 (0) obj. 1.72108e+06 iterations 20
Cbc0038I Solution found of 1.72108e+06
Cbc0038I Relaxing continuous gives 1.7192e+06
Cbc0038I Before mini branch and bound, 14 integers at bound fixed and 85 continuous
Cbc0038I Full problem 116 rows 161 columns, reduced to 10 rows 11 columns
Cbc0038I Mini branch and bound improved solution from 1.7192e+06 to 1.67873e+06 (0.01 seconds)
Cbc0038I Freeing continuous variables gives a solution of 1.67873e+06
Cbc0038I Round again with cutoff of 1.67868e+06
Cbc0038I Pass   2: suminf.    0.46992 (4) obj. 1.67868e+06 iterations 7
Cbc0038I Pass   3: suminf.    0.00000 (0) obj. 1.67868e+06 iterations 13
Cbc0038I Solution found of 1.67868e+06
Cbc0038I Relaxing continuous gives 1.67867e+06
Cbc0038I Before mini branch and bound, 13 integers at bound fixed and 84 continuous
Cbc0038I Full problem 116 rows 161 columns, reduced to 20 rows 25 columns
Cbc0038I Mini branch and bound improved solution from 1.67867e+06 to 1.6784e+06 (0.02 seconds)
Cbc0038I Freeing continuous variables gives a solution of 1.6784e+06
Cbc0038I Round again with cutoff of 1.67835e+06
Cbc0038I Pass   4: suminf.    1.43777 (7) obj. 1.67835e+06 iterations 4
Cbc0038I Pass   5: suminf.    0.99211 (7) obj. 1.67835e+06 iterations 4
Cbc0038I Pass   6: suminf.    0.95781 (6) obj. 1.67835e+06 iterations 3
Cbc0038I Pass   7: suminf.    0.78638 (4) obj. 1.67835e+06 iterations 17
Cbc0038I Pass   8: suminf.    0.78638 (4) obj. 1.67835e+06 iterations 0
Cbc0038I Pass   9: suminf.    1.13163 (4) obj. 1.67835e+06 iterations 5
Cbc0038I Pass  10: suminf.    1.05511 (3) obj. 1.67835e+06 iterations 1
Cbc0038I Pass  11: suminf.    1.05511 (3) obj. 1.67835e+06 iterations 0
Cbc0038I Pass  12: suminf.    0.78638 (4) obj. 1.67835e+06 iterations 7
Cbc0038I Pass  13: suminf.    0.78638 (4) obj. 1.67835e+06 iterations 0
Cbc0038I Pass  14: suminf.    1.13163 (4) obj. 1.67835e+06 iterations 5
Cbc0038I Pass  15: suminf.    1.05511 (3) obj. 1.67835e+06 iterations 1
Cbc0038I Pass  16: suminf.    1.05511 (3) obj. 1.67835e+06 iterations 0
Cbc0038I Pass  17: suminf.    0.78638 (4) obj. 1.67835e+06 iterations 7
Cbc0038I Pass  18: suminf.    0.78638 (4) obj. 1.67835e+06 iterations 0
Cbc0038I Pass  19: suminf.    1.13163 (4) obj. 1.67835e+06 iterations 5
Cbc0038I Pass  20: suminf.    1.05511 (3) obj. 1.67835e+06 iterations 1
Cbc0038I Pass  21: suminf.    1.05511 (3) obj. 1.67835e+06 iterations 0
Cbc0038I Pass  22: suminf.    0.78638 (4) obj. 1.67835e+06 iterations 7
Cbc0038I Pass  23: suminf.    0.78638 (4) obj. 1.67835e+06 iterations 0
Cbc0038I Pass  24: suminf.    1.13163 (4) obj. 1.67835e+06 iterations 5
Cbc0038I Pass  25: suminf.    1.05511 (3) obj. 1.67835e+06 iterations 1
Cbc0038I Pass  26: suminf.    1.05511 (3) obj. 1.67835e+06 iterations 0
Cbc0038I Pass  27: suminf.    0.78638 (4) obj. 1.67835e+06 iterations 7
Cbc0038I Pass  28: suminf.    0.78638 (4) obj. 1.67835e+06 iterations 0
Cbc0038I Pass  29: suminf.    1.13163 (4) obj. 1.67835e+06 iterations 5
Cbc0038I Pass  30: suminf.    1.05511 (3) obj. 1.67835e+06 iterations 1
Cbc0038I Pass  31: suminf.    1.05511 (3) obj. 1.67835e+06 iterations 0
Cbc0038I Pass  32: suminf.    0.78638 (4) obj. 1.67835e+06 iterations 7
Cbc0038I Pass  33: suminf.    0.78638 (4) obj. 1.67835e+06 iterations 0
Cbc0038I No solution found this major pass
Cbc0038I Before mini branch and bound, 12 integers at bound fixed and 80 continuous
Cbc0038I Full problem 116 rows 161 columns, reduced to 26 rows 34 columns
Cbc0038I Mini branch and bound did not improve solution (0.03 seconds)
Cbc0038I After 0.03 seconds - Feasibility pump exiting with objective of 1.6784e+06 - took 0.02 seconds
Cbc0012I Integer solution of 1678395.3 found by feasibility pump after 0 iterations and 0 nodes (0.03 seconds)
Cbc0038I Full problem 116 rows 161 columns, reduced to 78 rows 120 columns
Cbc0031I 14 added rows had average density of 29.642857
Cbc0013I At root node, 14 cuts changed objective from 1678181.3 to 1678383.9 in 99 passes
Cbc0014I Cut generator 0 (Probing) - 2 row cuts average 5.0 elements, 1 column cuts (1 active)  in 0.011 seconds - new frequency is -100
Cbc0014I Cut generator 1 (Gomory) - 242 row cuts average 39.5 elements, 0 column cuts (0 active)  in 0.007 seconds - new frequency is 1
Cbc0014I Cut generator 2 (Knapsack) - 0 row cuts average 0.0 elements, 0 column cuts (0 active)  in 0.029 seconds - new frequency is -100
Cbc0014I Cut generator 3 (Clique) - 0 row cuts average 0.0 elements, 0 column cuts (0 active)  in 0.000 seconds - new frequency is -100
Cbc0014I Cut generator 4 (MixedIntegerRounding2) - 4 row cuts average 4.5 elements, 0 column cuts (0 active)  in 0.006 seconds - new frequency is -100
Cbc0014I Cut generator 5 (FlowCover) - 0 row cuts average 0.0 elements, 0 column cuts (0 active)  in 0.019 seconds - new frequency is -100
Cbc0014I Cut generator 6 (TwoMirCuts) - 32 row cuts average 10.7 elements, 0 column cuts (0 active)  in 0.000 seconds - new frequency is -100
Cbc0010I After 0 nodes, 1 on tree, 1678395.3 best solution, best possible 1678383.9 (0.17 seconds)
Cbc0001I Search completed - best objective 1678395.315091989, took 921 iterations and 6 nodes (0.18 seconds)
Cbc0032I Strong branching done 36 times (204 iterations), fathomed 3 nodes and fixed 4 variables
Cbc0035I Maximum depth 2, 0 variables fixed on reduced cost
Cuts at root node changed objective from 1.67818e+06 to 1.67838e+06
Probing was tried 99 times and created 3 cuts of which 0 were active after adding rounds of cuts (0.011 seconds)
Gomory was tried 110 times and created 252 cuts of which 0 were active after adding rounds of cuts (0.007 seconds)
Knapsack was tried 99 times and created 0 cuts of which 0 were active after adding rounds of cuts (0.029 seconds)
Clique was tried 99 times and created 0 cuts of which 0 were active after adding rounds of cuts (0.000 seconds)
MixedIntegerRounding2 was tried 99 times and created 4 cuts of which 0 were active after adding rounds of cuts (0.006 seconds)
FlowCover was tried 99 times and created 0 cuts of which 0 were active after adding rounds of cuts (0.019 seconds)
TwoMirCuts was tried 99 times and created 32 cuts of which 0 were active after adding rounds of cuts (0.000 seconds)
ZeroHalf was tried 1 times and created 0 cuts of which 0 were active after adding rounds of cuts (0.000 seconds)

Result - Optimal solution found

Objective value:                1678395.31509199
Enumerated nodes:               6
Total iterations:               921
Time (CPU seconds):             0.19
Time (Wallclock seconds):       0.19

Option for printingOptions changed from normal to all
Total time (CPU seconds):       0.21   (Wallclock seconds):       0.21

