Welcome to the CBC MILP Solver 
Version: 2.10.3 
Build Date: Dec 15 2019 

command line - E:\dachuang\.venv\Lib\site-packages\pulp\apis\../solverdir/cbc/win/i64/cbc.exe model.mps -primalTolerance 1e-9 -integerTolerance 1e-9 -ratioGap 0 -allowableGap 0 -threads 0 -branch -printingOptions all -solution solution.txt -saveSolution solution.bin -quit (default strategy 1)
At line 2 NAME          MODEL
At line 3 ROWS
At line 317 COLUMNS
At line 1133 RHS
At line 1446 BOUNDS
At line 1521 ENDATA
Problem MODEL has 312 rows, 241 columns and 647 elements
Coin0008I MODEL read with 0 errors
primalTolerance was changed from 1e-07 to 1e-09
integerTolerance was changed from 1e-07 to 1e-09
ratioGap was changed from 0 to 0
allowableGap was changed from 1e-10 to 0
Continuous objective value is 3.49125e+06 - 0.00 seconds
Cgl0003I 0 fixed, 0 tightened bounds, 2 strengthened rows, 0 substitutions
Cgl0004I processed model has 113 rows, 155 columns (24 integer (24 of which binary)) and 326 elements
Cbc0038I Initial state - 6 integers unsatisfied sum - 1.86932
Cbc0038I Pass   1: suminf.    0.00000 (0) obj. 3.49166e+06 iterations 10
Cbc0038I Solution found of 3.49166e+06
Cbc0038I Relaxing continuous gives 3.49152e+06
Cbc0038I Before mini branch and bound, 18 integers at bound fixed and 94 continuous
Cbc0038I Full problem 113 rows 155 columns, reduced to 7 rows 8 columns
Cbc0038I Mini branch and bound did not improve solution (0.01 seconds)
Cbc0038I Round again with cutoff of 3.49149e+06
Cbc0038I Pass   2: suminf.    0.11621 (1) obj. 3.49149e+06 iterations 4
Cbc0038I Pass   3: suminf.    0.00000 (0) obj. 3.49149e+06 iterations 7
Cbc0038I Solution found of 3.49149e+06
Cbc0038I Relaxing continuous gives 3.49145e+06
Cbc0038I Before mini branch and bound, 18 integers at bound fixed and 91 continuous
Cbc0038I Full problem 113 rows 155 columns, reduced to 9 rows 12 columns
Cbc0038I Mini branch and bound improved solution from 3.49145e+06 to 3.49143e+06 (0.01 seconds)
Cbc0038I Round again with cutoff of 3.4914e+06
Cbc0038I Pass   4: suminf.    0.46685 (1) obj. 3.4914e+06 iterations 1
Cbc0038I Pass   5: suminf.    0.27496 (1) obj. 3.4914e+06 iterations 7
Cbc0038I Pass   6: suminf.    0.36619 (1) obj. 3.4914e+06 iterations 2
Cbc0038I Pass   7: suminf.    0.36619 (1) obj. 3.4914e+06 iterations 1
Cbc0038I Pass   8: suminf.    0.27496 (1) obj. 3.4914e+06 iterations 1
Cbc0038I Pass   9: suminf.    0.36619 (1) obj. 3.4914e+06 iterations 4
Cbc0038I Pass  10: suminf.    0.63789 (2) obj. 3.4914e+06 iterations 4
Cbc0038I Pass  11: suminf.    0.36619 (1) obj. 3.4914e+06 iterations 1
Cbc0038I Pass  12: suminf.    0.27496 (1) obj. 3.4914e+06 iterations 1
Cbc0038I Pass  13: suminf.    1.02982 (4) obj. 3.4914e+06 iterations 15
Cbc0038I Pass  14: suminf.    1.02982 (3) obj. 3.4914e+06 iterations 2
Cbc0038I Pass  15: suminf.    0.38956 (4) obj. 3.4914e+06 iterations 7
Cbc0038I Pass  16: suminf.    0.38956 (4) obj. 3.4914e+06 iterations 0
Cbc0038I Pass  17: suminf.    0.96646 (3) obj. 3.4914e+06 iterations 8
Cbc0038I Pass  18: suminf.    0.96646 (3) obj. 3.4914e+06 iterations 1
Cbc0038I Pass  19: suminf.    0.54670 (2) obj. 3.4914e+06 iterations 4
Cbc0038I Pass  20: suminf.    0.46685 (1) obj. 3.4914e+06 iterations 1
Cbc0038I Pass  21: suminf.    0.27496 (1) obj. 3.4914e+06 iterations 7
Cbc0038I Pass  22: suminf.    0.36619 (1) obj. 3.4914e+06 iterations 2
Cbc0038I Pass  23: suminf.    1.03871 (4) obj. 3.4914e+06 iterations 19
Cbc0038I Pass  24: suminf.    0.38956 (4) obj. 3.4914e+06 iterations 1
Cbc0038I Pass  25: suminf.    0.96646 (3) obj. 3.4914e+06 iterations 8
Cbc0038I Pass  26: suminf.    0.96646 (3) obj. 3.4914e+06 iterations 1
Cbc0038I Pass  27: suminf.    0.54670 (2) obj. 3.4914e+06 iterations 4
Cbc0038I Pass  28: suminf.    0.46685 (1) obj. 3.4914e+06 iterations 1
Cbc0038I Pass  29: suminf.    0.27496 (1) obj. 3.4914e+06 iterations 5
Cbc0038I Pass  30: suminf.    0.36619 (1) obj. 3.4914e+06 iterations 2
Cbc0038I Pass  31: suminf.    1.23816 (5) obj. 3.4914e+06 iterations 18
Cbc0038I Pass  32: suminf.    0.96646 (3) obj. 3.4914e+06 iterations 2
Cbc0038I Pass  33: suminf.    0.54670 (2) obj. 3.4914e+06 iterations 4
Cbc0038I No solution found this major pass
Cbc0038I Before mini branch and bound, 6 integers at bound fixed and 72 continuous
Cbc0038I Full problem 113 rows 155 columns, reduced to 19 rows 25 columns
Cbc0038I Mini branch and bound did not improve solution (0.03 seconds)
Cbc0038I After 0.03 seconds - Feasibility pump exiting with objective of 3.49143e+06 - took 0.02 seconds
Cbc0012I Integer solution of 3491433.5 found by feasibility pump after 0 iterations and 0 nodes (0.03 seconds)
Cbc0038I Full problem 113 rows 155 columns, reduced to 61 rows 98 columns
Cbc0012I Integer solution of 3491372.1 found by DiveCoefficient after 372 iterations and 0 nodes (0.09 seconds)
Cbc0031I 9 added rows had average density of 17.777778
Cbc0013I At root node, 9 cuts changed objective from 3491251 to 3491335 in 47 passes
Cbc0014I Cut generator 0 (Probing) - 2 row cuts average 2.0 elements, 1 column cuts (1 active)  in 0.003 seconds - new frequency is -100
Cbc0014I Cut generator 1 (Gomory) - 149 row cuts average 31.0 elements, 0 column cuts (0 active)  in 0.005 seconds - new frequency is 1
Cbc0014I Cut generator 2 (Knapsack) - 0 row cuts average 0.0 elements, 0 column cuts (0 active)  in 0.007 seconds - new frequency is -100
Cbc0014I Cut generator 3 (Clique) - 0 row cuts average 0.0 elements, 0 column cuts (0 active)  in 0.000 seconds - new frequency is -100
Cbc0014I Cut generator 4 (MixedIntegerRounding2) - 1 row cuts average 5.0 elements, 0 column cuts (0 active)  in 0.005 seconds - new frequency is -100
Cbc0014I Cut generator 5 (FlowCover) - 0 row cuts average 0.0 elements, 0 column cuts (0 active)  in 0.011 seconds - new frequency is -100
Cbc0014I Cut generator 6 (TwoMirCuts) - 22 row cuts average 12.0 elements, 0 column cuts (0 active)  in 0.002 seconds - new frequency is -100
Cbc0010I After 0 nodes, 1 on tree, 3491372.1 best solution, best possible 3491335 (0.09 seconds)
Cbc0001I Search completed - best objective 3491372.128808761, took 445 iterations and 4 nodes (0.10 seconds)
Cbc0032I Strong branching done 28 times (91 iterations), fathomed 3 nodes and fixed 0 variables
Cbc0035I Maximum depth 1, 0 variables fixed on reduced cost
Cuts at root node changed objective from 3.49125e+06 to 3.49134e+06
Probing was tried 47 times and created 3 cuts of which 0 were active after adding rounds of cuts (0.003 seconds)
Gomory was tried 60 times and created 166 cuts of which 0 were active after adding rounds of cuts (0.005 seconds)
Knapsack was tried 47 times and created 0 cuts of which 0 were active after adding rounds of cuts (0.007 seconds)
Clique was tried 47 times and created 0 cuts of which 0 were active after adding rounds of cuts (0.000 seconds)
MixedIntegerRounding2 was tried 47 times and created 1 cuts of which 0 were active after adding rounds of cuts (0.005 seconds)
FlowCover was tried 47 times and created 0 cuts of which 0 were active after adding rounds of cuts (0.011 seconds)
TwoMirCuts was tried 47 times and created 22 cuts of which 0 were active after adding rounds of cuts (0.002 seconds)
ZeroHalf was tried 1 times and created 0 cuts of which 0 were active after adding rounds of cuts (0.000 seconds)

Result - Optimal solution found

Objective value:                3491372.12880876
Enumerated nodes:               4
Total iterations:               445
Time (CPU seconds):             0.10
Time (Wallclock seconds):       0.10

Option for printingOptions changed from normal to all
Total time (CPU seconds):       0.13   (Wallclock seconds):       0.13

