Welcome to the CBC MILP Solver 
Version: 2.10.3 
Build Date: Dec 15 2019 

command line - E:\dachuang\.venv\Lib\site-packages\pulp\apis\../solverdir/cbc/win/i64/cbc.exe model.mps -primalTolerance 1e-9 -integerTolerance 1e-9 -ratioGap 0 -allowableGap 0 -threads 0 -branch -printingOptions all -solution solution.txt -saveSolution solution.bin -quit (default strategy 1)
At line 2 NAME          MODEL
At line 3 ROWS
At line 317 COLUMNS
At line 1133 RHS
At line 1446 BOUNDS
At line 1521 ENDATA
Problem MODEL has 312 rows, 241 columns and 647 elements
Coin0008I MODEL read with 0 errors
primalTolerance was changed from 1e-07 to 1e-09
integerTolerance was changed from 1e-07 to 1e-09
ratioGap was changed from 0 to 0
allowableGap was changed from 1e-10 to 0
Continuous objective value is 2.23752e+06 - 0.00 seconds
Cgl0003I 0 fixed, 0 tightened bounds, 3 strengthened rows, 0 substitutions
Cgl0004I processed model has 115 rows, 159 columns (24 integer (24 of which binary)) and 336 elements
Cbc0038I Initial state - 11 integers unsatisfied sum - 2.80563
Cbc0038I Pass   1: suminf.    0.00000 (0) obj. 2.31032e+06 iterations 19
Cbc0038I Solution found of 2.31032e+06
Cbc0038I Relaxing continuous gives 2.29107e+06
Cbc0038I Before mini branch and bound, 13 integers at bound fixed and 81 continuous
Cbc0038I Full problem 115 rows 159 columns, reduced to 7 rows 9 columns
Cbc0038I Mini branch and bound improved solution from 2.29107e+06 to 2.23792e+06 (0.01 seconds)
Cbc0038I Freeing continuous variables gives a solution of 2.23792e+06
Cbc0038I Round again with cutoff of 2.23789e+06
Cbc0038I Pass   2: suminf.    0.52312 (4) obj. 2.23789e+06 iterations 12
Cbc0038I Pass   3: suminf.    0.00000 (0) obj. 2.23789e+06 iterations 14
Cbc0038I Solution found of 2.23789e+06
Cbc0038I Relaxing continuous gives 2.23785e+06
Cbc0038I Before mini branch and bound, 13 integers at bound fixed and 84 continuous
Cbc0038I Full problem 115 rows 159 columns, reduced to 10 rows 12 columns
Cbc0038I Mini branch and bound did not improve solution (0.01 seconds)
Cbc0038I Freeing continuous variables gives a solution of 2.23785e+06
Cbc0038I Round again with cutoff of 2.23779e+06
Cbc0038I Pass   4: suminf.    0.78949 (4) obj. 2.23779e+06 iterations 1
Cbc0038I Pass   5: suminf.    0.62430 (4) obj. 2.23779e+06 iterations 8
Cbc0038I Pass   6: suminf.    0.00000 (0) obj. 2.23779e+06 iterations 6
Cbc0038I Solution found of 2.23779e+06
Cbc0038I Relaxing continuous gives 2.23779e+06
Cbc0038I Before mini branch and bound, 13 integers at bound fixed and 83 continuous
Cbc0038I Full problem 115 rows 159 columns, reduced to 12 rows 16 columns
Cbc0038I Mini branch and bound improved solution from 2.23779e+06 to 2.23771e+06 (0.02 seconds)
Cbc0038I Freeing continuous variables gives a solution of 2.23771e+06
Cbc0038I Round again with cutoff of 2.23766e+06
Cbc0038I Pass   7: suminf.    1.20783 (5) obj. 2.23766e+06 iterations 2
Cbc0038I Pass   8: suminf.    0.94424 (5) obj. 2.23766e+06 iterations 2
Cbc0038I Pass   9: suminf.    0.77676 (4) obj. 2.23766e+06 iterations 6
Cbc0038I Pass  10: suminf.    0.60134 (4) obj. 2.23766e+06 iterations 1
Cbc0038I Pass  11: suminf.    0.41626 (1) obj. 2.23766e+06 iterations 5
Cbc0038I Pass  12: suminf.    0.24084 (1) obj. 2.23766e+06 iterations 3
Cbc0038I Pass  13: suminf.    0.54084 (3) obj. 2.23766e+06 iterations 2
Cbc0038I Pass  14: suminf.    0.84045 (5) obj. 2.23766e+06 iterations 12
Cbc0038I Pass  15: suminf.    0.84045 (5) obj. 2.23766e+06 iterations 0
Cbc0038I Pass  16: suminf.    0.41626 (1) obj. 2.23766e+06 iterations 7
Cbc0038I Pass  17: suminf.    0.24084 (1) obj. 2.23766e+06 iterations 3
Cbc0038I Pass  18: suminf.    0.55330 (3) obj. 2.23766e+06 iterations 6
Cbc0038I Pass  19: suminf.    0.24084 (1) obj. 2.23766e+06 iterations 5
Cbc0038I Pass  20: suminf.    0.41626 (1) obj. 2.23766e+06 iterations 2
Cbc0038I Pass  21: suminf.    1.20599 (5) obj. 2.23766e+06 iterations 21
Cbc0038I Pass  22: suminf.    0.88085 (4) obj. 2.23766e+06 iterations 4
Cbc0038I Pass  23: suminf.    0.41626 (1) obj. 2.23766e+06 iterations 7
Cbc0038I Pass  24: suminf.    0.24084 (1) obj. 2.23766e+06 iterations 3
Cbc0038I Pass  25: suminf.    1.51076 (6) obj. 2.23766e+06 iterations 16
Cbc0038I Pass  26: suminf.    1.13050 (4) obj. 2.23766e+06 iterations 2
Cbc0038I Pass  27: suminf.    0.58124 (3) obj. 2.23766e+06 iterations 8
Cbc0038I Pass  28: suminf.    0.58124 (3) obj. 2.23766e+06 iterations 0
Cbc0038I Pass  29: suminf.    0.58374 (2) obj. 2.23766e+06 iterations 5
Cbc0038I Pass  30: suminf.    0.41626 (1) obj. 2.23766e+06 iterations 3
Cbc0038I Pass  31: suminf.    0.24084 (1) obj. 2.23766e+06 iterations 1
Cbc0038I Pass  32: suminf.    0.93339 (4) obj. 2.23766e+06 iterations 11
Cbc0038I Pass  33: suminf.    0.64174 (4) obj. 2.23766e+06 iterations 1
Cbc0038I Pass  34: suminf.    0.58374 (2) obj. 2.23766e+06 iterations 6
Cbc0038I Pass  35: suminf.    0.41626 (1) obj. 2.23766e+06 iterations 3
Cbc0038I Pass  36: suminf.    0.24084 (1) obj. 2.23766e+06 iterations 1
Cbc0038I No solution found this major pass
Cbc0038I Before mini branch and bound, 3 integers at bound fixed and 67 continuous
Cbc0038I Full problem 115 rows 159 columns, reduced to 23 rows 30 columns
Cbc0038I Mini branch and bound did not improve solution (0.03 seconds)
Cbc0038I After 0.03 seconds - Feasibility pump exiting with objective of 2.23771e+06 - took 0.03 seconds
Cbc0012I Integer solution of 2237713.7 found by feasibility pump after 0 iterations and 0 nodes (0.03 seconds)
Cbc0038I Full problem 115 rows 159 columns, reduced to 81 rows 121 columns
Cbc0031I 13 added rows had average density of 13
Cbc0013I At root node, 13 cuts changed objective from 2237545.5 to 2237703.6 in 15 passes
Cbc0014I Cut generator 0 (Probing) - 1 row cuts average 2.0 elements, 0 column cuts (0 active)  in 0.002 seconds - new frequency is -100
Cbc0014I Cut generator 1 (Gomory) - 46 row cuts average 23.7 elements, 0 column cuts (0 active)  in 0.000 seconds - new frequency is 1
Cbc0014I Cut generator 2 (Knapsack) - 0 row cuts average 0.0 elements, 0 column cuts (0 active)  in 0.002 seconds - new frequency is -100
Cbc0014I Cut generator 3 (Clique) - 0 row cuts average 0.0 elements, 0 column cuts (0 active)  in 0.000 seconds - new frequency is -100
Cbc0014I Cut generator 4 (MixedIntegerRounding2) - 8 row cuts average 6.1 elements, 0 column cuts (0 active)  in 0.001 seconds - new frequency is 1
Cbc0014I Cut generator 5 (FlowCover) - 0 row cuts average 0.0 elements, 0 column cuts (0 active)  in 0.004 seconds - new frequency is -100
Cbc0014I Cut generator 6 (TwoMirCuts) - 26 row cuts average 12.8 elements, 0 column cuts (0 active)  in 0.000 seconds - new frequency is -100
Cbc0010I After 0 nodes, 1 on tree, 2237713.7 best solution, best possible 2237703.6 (0.06 seconds)
Cbc0001I Search completed - best objective 2237713.720015732, took 125 iterations and 2 nodes (0.06 seconds)
Cbc0032I Strong branching done 10 times (38 iterations), fathomed 1 nodes and fixed 1 variables
Cbc0035I Maximum depth 0, 1 variables fixed on reduced cost
Cuts at root node changed objective from 2.23755e+06 to 2.2377e+06
Probing was tried 15 times and created 1 cuts of which 0 were active after adding rounds of cuts (0.002 seconds)
Gomory was tried 22 times and created 54 cuts of which 0 were active after adding rounds of cuts (0.000 seconds)
Knapsack was tried 15 times and created 0 cuts of which 0 were active after adding rounds of cuts (0.002 seconds)
Clique was tried 15 times and created 0 cuts of which 0 were active after adding rounds of cuts (0.000 seconds)
MixedIntegerRounding2 was tried 22 times and created 8 cuts of which 0 were active after adding rounds of cuts (0.001 seconds)
FlowCover was tried 15 times and created 0 cuts of which 0 were active after adding rounds of cuts (0.004 seconds)
TwoMirCuts was tried 15 times and created 26 cuts of which 0 were active after adding rounds of cuts (0.000 seconds)
ZeroHalf was tried 1 times and created 0 cuts of which 0 were active after adding rounds of cuts (0.000 seconds)

Result - Optimal solution found

Objective value:                2237713.72001573
Enumerated nodes:               2
Total iterations:               125
Time (CPU seconds):             0.07
Time (Wallclock seconds):       0.07

Option for printingOptions changed from normal to all
Total time (CPU seconds):       0.09   (Wallclock seconds):       0.09

