Welcome to the CBC MILP Solver 
Version: 2.10.3 
Build Date: Dec 15 2019 

command line - E:\dachuang\.venv\Lib\site-packages\pulp\apis\../solverdir/cbc/win/i64/cbc.exe model.mps -primalTolerance 1e-9 -integerTolerance 1e-9 -ratioGap 0 -allowableGap 0 -threads 0 -branch -printingOptions all -solution solution.txt -saveSolution solution.bin -quit (default strategy 1)
At line 2 NAME          MODEL
At line 3 ROWS
At line 317 COLUMNS
At line 1133 RHS
At line 1446 BOUNDS
At line 1521 ENDATA
Problem MODEL has 312 rows, 241 columns and 647 elements
Coin0008I MODEL read with 0 errors
primalTolerance was changed from 1e-07 to 1e-09
integerTolerance was changed from 1e-07 to 1e-09
ratioGap was changed from 0 to 0
allowableGap was changed from 1e-10 to 0
Continuous objective value is 1.22224e+06 - 0.00 seconds
Cgl0003I 0 fixed, 0 tightened bounds, 3 strengthened rows, 0 substitutions
Cgl0004I processed model has 117 rows, 163 columns (24 integer (24 of which binary)) and 346 elements
Cbc0038I Initial state - 9 integers unsatisfied sum - 3.38456
Cbc0038I Pass   1: suminf.    0.00000 (0) obj. 1.3431e+06 iterations 21
Cbc0038I Solution found of 1.3431e+06
Cbc0038I Relaxing continuous gives 1.22624e+06
Cbc0038I Before mini branch and bound, 15 integers at bound fixed and 84 continuous
Cbc0038I Full problem 117 rows 163 columns, reduced to 11 rows 15 columns
Cbc0038I Mini branch and bound improved solution from 1.22624e+06 to 1.22279e+06 (0.01 seconds)
Cbc0038I Freeing continuous variables gives a solution of 1.22279e+06
Cbc0038I Round again with cutoff of 1.22274e+06
Cbc0038I Pass   2: suminf.    0.86265 (3) obj. 1.22274e+06 iterations 10
Cbc0038I Pass   3: suminf.    0.47815 (2) obj. 1.22274e+06 iterations 1
Cbc0038I Pass   4: suminf.    0.00000 (0) obj. 1.22274e+06 iterations 15
Cbc0038I Solution found of 1.22274e+06
Cbc0038I Relaxing continuous gives 1.22267e+06
Cbc0038I Before mini branch and bound, 13 integers at bound fixed and 80 continuous
Cbc0038I Full problem 117 rows 163 columns, reduced to 18 rows 25 columns
Cbc0038I Mini branch and bound improved solution from 1.22267e+06 to 1.22239e+06 (0.02 seconds)
Cbc0038I Freeing continuous variables gives a solution of 1.22239e+06
Cbc0038I Round again with cutoff of 1.22237e+06
Cbc0038I Pass   5: suminf.    1.07477 (5) obj. 1.22237e+06 iterations 9
Cbc0038I Pass   6: suminf.    0.67262 (3) obj. 1.22237e+06 iterations 5
Cbc0038I Pass   7: suminf.    0.97380 (4) obj. 1.22237e+06 iterations 8
Cbc0038I Pass   8: suminf.    1.10341 (4) obj. 1.22237e+06 iterations 6
Cbc0038I Pass   9: suminf.    0.89841 (3) obj. 1.22237e+06 iterations 2
Cbc0038I Pass  10: suminf.    0.98080 (3) obj. 1.22237e+06 iterations 9
Cbc0038I Pass  11: suminf.    0.55143 (2) obj. 1.22237e+06 iterations 5
Cbc0038I Pass  12: suminf.    0.55090 (2) obj. 1.22237e+06 iterations 1
Cbc0038I Pass  13: suminf.    0.97380 (4) obj. 1.22237e+06 iterations 5
Cbc0038I Pass  14: suminf.    1.10341 (4) obj. 1.22237e+06 iterations 6
Cbc0038I Pass  15: suminf.    0.89841 (3) obj. 1.22237e+06 iterations 2
Cbc0038I Pass  16: suminf.    0.98080 (3) obj. 1.22237e+06 iterations 6
Cbc0038I Pass  17: suminf.    0.55143 (2) obj. 1.22237e+06 iterations 5
Cbc0038I Pass  18: suminf.    0.55090 (2) obj. 1.22237e+06 iterations 1
Cbc0038I Pass  19: suminf.    0.97380 (4) obj. 1.22237e+06 iterations 5
Cbc0038I Pass  20: suminf.    1.10341 (4) obj. 1.22237e+06 iterations 6
Cbc0038I Pass  21: suminf.    0.89841 (3) obj. 1.22237e+06 iterations 2
Cbc0038I Pass  22: suminf.    0.98080 (3) obj. 1.22237e+06 iterations 6
Cbc0038I Pass  23: suminf.    0.55143 (2) obj. 1.22237e+06 iterations 5
Cbc0038I Pass  24: suminf.    0.55090 (2) obj. 1.22237e+06 iterations 1
Cbc0038I Pass  25: suminf.    0.97380 (4) obj. 1.22237e+06 iterations 5
Cbc0038I Pass  26: suminf.    1.10341 (4) obj. 1.22237e+06 iterations 6
Cbc0038I Pass  27: suminf.    0.89841 (3) obj. 1.22237e+06 iterations 2
Cbc0038I Pass  28: suminf.    0.98080 (3) obj. 1.22237e+06 iterations 6
Cbc0038I Pass  29: suminf.    0.55143 (2) obj. 1.22237e+06 iterations 5
Cbc0038I Pass  30: suminf.    0.55090 (2) obj. 1.22237e+06 iterations 1
Cbc0038I Pass  31: suminf.    0.97380 (4) obj. 1.22237e+06 iterations 5
Cbc0038I Pass  32: suminf.    1.10341 (4) obj. 1.22237e+06 iterations 6
Cbc0038I Pass  33: suminf.    0.89841 (3) obj. 1.22237e+06 iterations 2
Cbc0038I Pass  34: suminf.    0.98080 (3) obj. 1.22237e+06 iterations 6
Cbc0038I No solution found this major pass
Cbc0038I Before mini branch and bound, 12 integers at bound fixed and 77 continuous
Cbc0038I Full problem 117 rows 163 columns, reduced to 26 rows 34 columns
Cbc0038I Mini branch and bound improved solution from 1.22239e+06 to 1.22239e+06 (0.04 seconds)
Cbc0038I Round again with cutoff of 1.22234e+06
Cbc0038I Pass  34: suminf.    1.20975 (6) obj. 1.22234e+06 iterations 2
Cbc0038I Pass  35: suminf.    0.81865 (4) obj. 1.22234e+06 iterations 3
Cbc0038I Pass  36: suminf.    1.14694 (4) obj. 1.22234e+06 iterations 9
Cbc0038I Pass  37: suminf.    1.04445 (3) obj. 1.22234e+06 iterations 3
Cbc0038I Pass  38: suminf.    1.10229 (4) obj. 1.22234e+06 iterations 7
Cbc0038I Pass  39: suminf.    0.69694 (3) obj. 1.22234e+06 iterations 2
Cbc0038I Pass  40: suminf.    0.69694 (3) obj. 1.22234e+06 iterations 0
Cbc0038I Pass  41: suminf.    1.14694 (4) obj. 1.22234e+06 iterations 6
Cbc0038I Pass  42: suminf.    1.04445 (3) obj. 1.22234e+06 iterations 3
Cbc0038I Pass  43: suminf.    1.10229 (4) obj. 1.22234e+06 iterations 9
Cbc0038I Pass  44: suminf.    0.69694 (3) obj. 1.22234e+06 iterations 2
Cbc0038I Pass  45: suminf.    0.69694 (3) obj. 1.22234e+06 iterations 0
Cbc0038I Pass  46: suminf.    1.14694 (4) obj. 1.22234e+06 iterations 6
Cbc0038I Pass  47: suminf.    1.04445 (3) obj. 1.22234e+06 iterations 3
Cbc0038I Pass  48: suminf.    1.10229 (4) obj. 1.22234e+06 iterations 9
Cbc0038I Pass  49: suminf.    0.69694 (3) obj. 1.22234e+06 iterations 2
Cbc0038I Pass  50: suminf.    0.69694 (3) obj. 1.22234e+06 iterations 0
Cbc0038I Pass  51: suminf.    1.14694 (4) obj. 1.22234e+06 iterations 6
Cbc0038I Pass  52: suminf.    1.04445 (3) obj. 1.22234e+06 iterations 3
Cbc0038I Pass  53: suminf.    1.10229 (4) obj. 1.22234e+06 iterations 9
Cbc0038I Pass  54: suminf.    0.69694 (3) obj. 1.22234e+06 iterations 2
Cbc0038I Pass  55: suminf.    0.69694 (3) obj. 1.22234e+06 iterations 0
Cbc0038I Pass  56: suminf.    1.14694 (4) obj. 1.22234e+06 iterations 6
Cbc0038I Pass  57: suminf.    1.04445 (3) obj. 1.22234e+06 iterations 3
Cbc0038I Pass  58: suminf.    1.10229 (4) obj. 1.22234e+06 iterations 9
Cbc0038I Pass  59: suminf.    0.69694 (3) obj. 1.22234e+06 iterations 2
Cbc0038I Pass  60: suminf.    0.69694 (3) obj. 1.22234e+06 iterations 0
Cbc0038I Pass  61: suminf.    1.14694 (4) obj. 1.22234e+06 iterations 6
Cbc0038I Pass  62: suminf.    1.04445 (3) obj. 1.22234e+06 iterations 3
Cbc0038I Pass  63: suminf.    1.10229 (4) obj. 1.22234e+06 iterations 9
Cbc0038I No solution found this major pass
Cbc0038I Before mini branch and bound, 12 integers at bound fixed and 78 continuous
Cbc0038I Full problem 117 rows 163 columns, reduced to 22 rows 29 columns
Cbc0038I Mini branch and bound did not improve solution (0.05 seconds)
Cbc0038I After 0.05 seconds - Feasibility pump exiting with objective of 1.22239e+06 - took 0.04 seconds
Cbc0012I Integer solution of 1222390.9 found by feasibility pump after 0 iterations and 0 nodes (0.05 seconds)
Cbc0038I Full problem 117 rows 163 columns, reduced to 82 rows 127 columns
Cbc0031I 11 added rows had average density of 23.909091
Cbc0013I At root node, 11 cuts changed objective from 1222263.8 to 1222333.8 in 100 passes
Cbc0014I Cut generator 0 (Probing) - 2 row cuts average 2.0 elements, 1 column cuts (1 active)  in 0.008 seconds - new frequency is -100
Cbc0014I Cut generator 1 (Gomory) - 416 row cuts average 40.4 elements, 0 column cuts (0 active)  in 0.008 seconds - new frequency is 1
Cbc0014I Cut generator 2 (Knapsack) - 0 row cuts average 0.0 elements, 0 column cuts (0 active)  in 0.025 seconds - new frequency is -100
Cbc0014I Cut generator 3 (Clique) - 0 row cuts average 0.0 elements, 0 column cuts (0 active)  in 0.000 seconds - new frequency is -100
Cbc0014I Cut generator 4 (MixedIntegerRounding2) - 6 row cuts average 4.7 elements, 0 column cuts (0 active)  in 0.010 seconds - new frequency is -100
Cbc0014I Cut generator 5 (FlowCover) - 0 row cuts average 0.0 elements, 0 column cuts (0 active)  in 0.024 seconds - new frequency is -100
Cbc0014I Cut generator 6 (TwoMirCuts) - 29 row cuts average 11.0 elements, 0 column cuts (0 active)  in 0.003 seconds - new frequency is -100
Cbc0010I After 0 nodes, 1 on tree, 1222390.9 best solution, best possible 1222333.8 (0.21 seconds)
Cbc0001I Search completed - best objective 1222390.852492966, took 1402 iterations and 6 nodes (0.24 seconds)
Cbc0032I Strong branching done 34 times (189 iterations), fathomed 3 nodes and fixed 1 variables
Cbc0035I Maximum depth 2, 0 variables fixed on reduced cost
Cuts at root node changed objective from 1.22226e+06 to 1.22233e+06
Probing was tried 100 times and created 3 cuts of which 0 were active after adding rounds of cuts (0.008 seconds)
Gomory was tried 138 times and created 490 cuts of which 0 were active after adding rounds of cuts (0.010 seconds)
Knapsack was tried 100 times and created 0 cuts of which 0 were active after adding rounds of cuts (0.025 seconds)
Clique was tried 100 times and created 0 cuts of which 0 were active after adding rounds of cuts (0.000 seconds)
MixedIntegerRounding2 was tried 100 times and created 6 cuts of which 0 were active after adding rounds of cuts (0.010 seconds)
FlowCover was tried 100 times and created 0 cuts of which 0 were active after adding rounds of cuts (0.024 seconds)
TwoMirCuts was tried 100 times and created 29 cuts of which 0 were active after adding rounds of cuts (0.003 seconds)
ZeroHalf was tried 1 times and created 0 cuts of which 0 were active after adding rounds of cuts (0.000 seconds)

Result - Optimal solution found

Objective value:                1222390.85249297
Enumerated nodes:               6
Total iterations:               1402
Time (CPU seconds):             0.24
Time (Wallclock seconds):       0.24

Option for printingOptions changed from normal to all
Total time (CPU seconds):       0.27   (Wallclock seconds):       0.27

