Welcome to the CBC MILP Solver 
Version: 2.10.3 
Build Date: Dec 15 2019 

command line - E:\dachuang\.venv\Lib\site-packages\pulp\apis\../solverdir/cbc/win/i64/cbc.exe model.mps -primalTolerance 1e-9 -integerTolerance 1e-9 -ratioGap 0 -allowableGap 0 -threads 0 -branch -printingOptions all -solution solution.txt -saveSolution solution.bin -quit (default strategy 1)
At line 2 NAME          MODEL
At line 3 ROWS
At line 317 COLUMNS
At line 1133 RHS
At line 1446 BOUNDS
At line 1521 ENDATA
Problem MODEL has 312 rows, 241 columns and 647 elements
Coin0008I MODEL read with 0 errors
primalTolerance was changed from 1e-07 to 1e-09
integerTolerance was changed from 1e-07 to 1e-09
ratioGap was changed from 0 to 0
allowableGap was changed from 1e-10 to 0
Continuous objective value is 1.53626e+06 - 0.00 seconds
Cgl0003I 0 fixed, 0 tightened bounds, 2 strengthened rows, 0 substitutions
Cgl0004I processed model has 116 rows, 161 columns (24 integer (24 of which binary)) and 341 elements
Cbc0038I Initial state - 6 integers unsatisfied sum - 1.47585
Cbc0038I Pass   1: suminf.    0.00000 (0) obj. 1.65875e+06 iterations 7
Cbc0038I Solution found of 1.65875e+06
Cbc0038I Relaxing continuous gives 1.59494e+06
Cbc0038I Before mini branch and bound, 18 integers at bound fixed and 90 continuous
Cbc0038I Full problem 116 rows 161 columns, reduced to 3 rows 5 columns
Cbc0038I Mini branch and bound improved solution from 1.59494e+06 to 1.5364e+06 (0.01 seconds)
Cbc0038I Round again with cutoff of 1.53639e+06
Cbc0038I Pass   2: suminf.    0.61014 (4) obj. 1.53639e+06 iterations 18
Cbc0038I Pass   3: suminf.    0.06242 (1) obj. 1.53639e+06 iterations 16
Cbc0038I Pass   4: suminf.    0.75337 (2) obj. 1.53639e+06 iterations 7
Cbc0038I Pass   5: suminf.    0.06242 (1) obj. 1.53639e+06 iterations 2
Cbc0038I Pass   6: suminf.    0.54387 (2) obj. 1.53639e+06 iterations 12
Cbc0038I Pass   7: suminf.    0.06242 (1) obj. 1.53639e+06 iterations 5
Cbc0038I Pass   8: suminf.    0.75337 (2) obj. 1.53639e+06 iterations 7
Cbc0038I Pass   9: suminf.    0.06242 (1) obj. 1.53639e+06 iterations 2
Cbc0038I Pass  10: suminf.    0.34742 (2) obj. 1.53639e+06 iterations 6
Cbc0038I Pass  11: suminf.    0.06242 (1) obj. 1.53639e+06 iterations 6
Cbc0038I Pass  12: suminf.    0.75337 (2) obj. 1.53639e+06 iterations 7
Cbc0038I Pass  13: suminf.    0.06242 (1) obj. 1.53639e+06 iterations 2
Cbc0038I Pass  14: suminf.    0.56991 (2) obj. 1.53639e+06 iterations 11
Cbc0038I Pass  15: suminf.    0.08591 (1) obj. 1.53639e+06 iterations 11
Cbc0038I Pass  16: suminf.    0.77941 (2) obj. 1.53639e+06 iterations 9
Cbc0038I Pass  17: suminf.    0.08591 (1) obj. 1.53639e+06 iterations 2
Cbc0038I Pass  18: suminf.    0.11521 (2) obj. 1.53639e+06 iterations 9
Cbc0038I Pass  19: suminf.    0.06242 (1) obj. 1.53639e+06 iterations 6
Cbc0038I Pass  20: suminf.    0.75337 (2) obj. 1.53639e+06 iterations 7
Cbc0038I Pass  21: suminf.    0.06242 (1) obj. 1.53639e+06 iterations 2
Cbc0038I Pass  22: suminf.    0.86267 (5) obj. 1.53639e+06 iterations 20
Cbc0038I Pass  23: suminf.    0.59817 (4) obj. 1.53639e+06 iterations 2
Cbc0038I Pass  24: suminf.    0.06242 (1) obj. 1.53639e+06 iterations 8
Cbc0038I Pass  25: suminf.    0.75337 (2) obj. 1.53639e+06 iterations 5
Cbc0038I Pass  26: suminf.    0.06242 (1) obj. 1.53639e+06 iterations 2
Cbc0038I Pass  27: suminf.    1.37754 (7) obj. 1.53639e+06 iterations 12
Cbc0038I Pass  28: suminf.    1.00381 (5) obj. 1.53639e+06 iterations 2
Cbc0038I Pass  29: suminf.    0.06242 (1) obj. 1.53639e+06 iterations 9
Cbc0038I Pass  30: suminf.    0.75337 (2) obj. 1.53639e+06 iterations 5
Cbc0038I Pass  31: suminf.    0.06242 (1) obj. 1.53639e+06 iterations 2
Cbc0038I No solution found this major pass
Cbc0038I Before mini branch and bound, 1 integers at bound fixed and 76 continuous
Cbc0038I Full problem 116 rows 161 columns, reduced to 7 rows 11 columns
Cbc0038I Mini branch and bound did not improve solution (0.02 seconds)
Cbc0038I After 0.02 seconds - Feasibility pump exiting with objective of 1.5364e+06 - took 0.01 seconds
Cbc0012I Integer solution of 1536400.4 found by feasibility pump after 0 iterations and 0 nodes (0.02 seconds)
Cbc0038I Full problem 116 rows 161 columns, reduced to 67 rows 110 columns
Cbc0031I 8 added rows had average density of 6
Cbc0013I At root node, 15 cuts changed objective from 1536255.5 to 1536400.4 in 4 passes
Cbc0014I Cut generator 0 (Probing) - 1 row cuts average 2.0 elements, 1 column cuts (1 active)  in 0.002 seconds - new frequency is 1
Cbc0014I Cut generator 1 (Gomory) - 11 row cuts average 11.7 elements, 0 column cuts (0 active)  in 0.001 seconds - new frequency is 1
Cbc0014I Cut generator 2 (Knapsack) - 0 row cuts average 0.0 elements, 0 column cuts (0 active)  in 0.001 seconds - new frequency is -100
Cbc0014I Cut generator 3 (Clique) - 0 row cuts average 0.0 elements, 0 column cuts (0 active)  in 0.000 seconds - new frequency is -100
Cbc0014I Cut generator 4 (MixedIntegerRounding2) - 4 row cuts average 4.5 elements, 0 column cuts (0 active)  in 0.000 seconds - new frequency is 1
Cbc0014I Cut generator 5 (FlowCover) - 0 row cuts average 0.0 elements, 0 column cuts (0 active)  in 0.000 seconds - new frequency is -100
Cbc0014I Cut generator 6 (TwoMirCuts) - 11 row cuts average 6.9 elements, 0 column cuts (0 active)  in 0.000 seconds - new frequency is -100
Cbc0001I Search completed - best objective 1536400.406552523, took 24 iterations and 0 nodes (0.03 seconds)
Cbc0035I Maximum depth 0, 0 variables fixed on reduced cost
Cuts at root node changed objective from 1.53626e+06 to 1.5364e+06
Probing was tried 4 times and created 2 cuts of which 0 were active after adding rounds of cuts (0.002 seconds)
Gomory was tried 4 times and created 11 cuts of which 0 were active after adding rounds of cuts (0.001 seconds)
Knapsack was tried 4 times and created 0 cuts of which 0 were active after adding rounds of cuts (0.001 seconds)
Clique was tried 4 times and created 0 cuts of which 0 were active after adding rounds of cuts (0.000 seconds)
MixedIntegerRounding2 was tried 4 times and created 4 cuts of which 0 were active after adding rounds of cuts (0.000 seconds)
FlowCover was tried 4 times and created 0 cuts of which 0 were active after adding rounds of cuts (0.000 seconds)
TwoMirCuts was tried 4 times and created 11 cuts of which 0 were active after adding rounds of cuts (0.000 seconds)
ZeroHalf was tried 1 times and created 0 cuts of which 0 were active after adding rounds of cuts (0.000 seconds)

Result - Optimal solution found

Objective value:                1536400.40655252
Enumerated nodes:               0
Total iterations:               24
Time (CPU seconds):             0.03
Time (Wallclock seconds):       0.03

Option for printingOptions changed from normal to all
Total time (CPU seconds):       0.06   (Wallclock seconds):       0.06

