Welcome to the CBC MILP Solver 
Version: 2.10.3 
Build Date: Dec 15 2019 

command line - E:\dachuang\.venv\Lib\site-packages\pulp\apis\../solverdir/cbc/win/i64/cbc.exe model.mps -primalTolerance 1e-9 -integerTolerance 1e-9 -ratioGap 0 -allowableGap 0 -threads 0 -branch -printingOptions all -solution solution.txt -saveSolution solution.bin -quit (default strategy 1)
At line 2 NAME          MODEL
At line 3 ROWS
At line 317 COLUMNS
At line 1133 RHS
At line 1446 BOUNDS
At line 1521 ENDATA
Problem MODEL has 312 rows, 241 columns and 647 elements
Coin0008I MODEL read with 0 errors
primalTolerance was changed from 1e-07 to 1e-09
integerTolerance was changed from 1e-07 to 1e-09
ratioGap was changed from 0 to 0
allowableGap was changed from 1e-10 to 0
Continuous objective value is 1.10449e+06 - 0.00 seconds
Cgl0003I 0 fixed, 0 tightened bounds, 3 strengthened rows, 0 substitutions
Cgl0004I processed model has 117 rows, 163 columns (24 integer (24 of which binary)) and 346 elements
Cbc0038I Initial state - 10 integers unsatisfied sum - 2.56386
Cbc0038I Pass   1: suminf.    0.00000 (0) obj. 1.10899e+06 iterations 12
Cbc0038I Solution found of 1.10899e+06
Cbc0038I Relaxing continuous gives 1.10633e+06
Cbc0038I Before mini branch and bound, 14 integers at bound fixed and 83 continuous
Cbc0038I Full problem 117 rows 163 columns, reduced to 6 rows 8 columns
Cbc0038I Mini branch and bound improved solution from 1.10633e+06 to 1.10491e+06 (0.01 seconds)
Cbc0038I Round again with cutoff of 1.10487e+06
Cbc0038I Pass   2: suminf.    0.51524 (2) obj. 1.10487e+06 iterations 9
Cbc0038I Pass   3: suminf.    0.16732 (1) obj. 1.10487e+06 iterations 12
Cbc0038I Pass   4: suminf.    0.00000 (0) obj. 1.10487e+06 iterations 2
Cbc0038I Solution found of 1.10487e+06
Cbc0038I Relaxing continuous gives 1.10484e+06
Cbc0038I Before mini branch and bound, 13 integers at bound fixed and 79 continuous
Cbc0038I Full problem 117 rows 163 columns, reduced to 15 rows 19 columns
Cbc0038I Mini branch and bound improved solution from 1.10484e+06 to 1.10479e+06 (0.02 seconds)
Cbc0038I Freeing continuous variables gives a solution of 1.10476e+06
Cbc0038I Round again with cutoff of 1.10471e+06
Cbc0038I Pass   5: suminf.    1.18112 (3) obj. 1.10471e+06 iterations 3
Cbc0038I Pass   6: suminf.    0.48192 (2) obj. 1.10471e+06 iterations 10
Cbc0038I Pass   7: suminf.    0.48192 (2) obj. 1.10471e+06 iterations 0
Cbc0038I Pass   8: suminf.    0.60742 (2) obj. 1.10471e+06 iterations 4
Cbc0038I Pass   9: suminf.    0.89792 (3) obj. 1.10471e+06 iterations 7
Cbc0038I Pass  10: suminf.    0.48192 (2) obj. 1.10471e+06 iterations 1
Cbc0038I Pass  11: suminf.    0.60742 (2) obj. 1.10471e+06 iterations 4
Cbc0038I Pass  12: suminf.    0.48192 (2) obj. 1.10471e+06 iterations 3
Cbc0038I Pass  13: suminf.    0.85578 (3) obj. 1.10471e+06 iterations 12
Cbc0038I Pass  14: suminf.    0.85578 (3) obj. 1.10471e+06 iterations 1
Cbc0038I Pass  15: suminf.    0.97508 (3) obj. 1.10471e+06 iterations 4
Cbc0038I Pass  16: suminf.    1.11916 (4) obj. 1.10471e+06 iterations 9
Cbc0038I Pass  17: suminf.    0.85578 (3) obj. 1.10471e+06 iterations 4
Cbc0038I Pass  18: suminf.    0.97508 (3) obj. 1.10471e+06 iterations 7
Cbc0038I Pass  19: suminf.    0.62600 (3) obj. 1.10471e+06 iterations 26
Cbc0038I Pass  20: suminf.    0.48192 (2) obj. 1.10471e+06 iterations 1
Cbc0038I Pass  21: suminf.    0.60742 (2) obj. 1.10471e+06 iterations 4
Cbc0038I Pass  22: suminf.    0.48192 (2) obj. 1.10471e+06 iterations 3
Cbc0038I Pass  23: suminf.    1.58082 (5) obj. 1.10471e+06 iterations 15
Cbc0038I Pass  24: suminf.    0.89942 (3) obj. 1.10471e+06 iterations 2
Cbc0038I Pass  25: suminf.    0.60742 (2) obj. 1.10471e+06 iterations 4
Cbc0038I Pass  26: suminf.    0.48192 (2) obj. 1.10471e+06 iterations 3
Cbc0038I Pass  27: suminf.    0.48192 (2) obj. 1.10471e+06 iterations 0
Cbc0038I Pass  28: suminf.    1.29311 (5) obj. 1.10471e+06 iterations 17
Cbc0038I Pass  29: suminf.    0.78153 (3) obj. 1.10471e+06 iterations 2
Cbc0038I Pass  30: suminf.    0.97508 (3) obj. 1.10471e+06 iterations 2
Cbc0038I Pass  31: suminf.    2.01516 (6) obj. 1.10471e+06 iterations 17
Cbc0038I Pass  32: suminf.    0.85578 (3) obj. 1.10471e+06 iterations 6
Cbc0038I Pass  33: suminf.    0.97508 (3) obj. 1.10471e+06 iterations 7
Cbc0038I Pass  34: suminf.    0.97508 (3) obj. 1.10471e+06 iterations 3
Cbc0038I No solution found this major pass
Cbc0038I Before mini branch and bound, 1 integers at bound fixed and 69 continuous
Cbc0038I Full problem 117 rows 163 columns, reduced to 22 rows 28 columns
Cbc0038I Mini branch and bound did not improve solution (0.03 seconds)
Cbc0038I After 0.03 seconds - Feasibility pump exiting with objective of 1.10476e+06 - took 0.02 seconds
Cbc0012I Integer solution of 1104763.5 found by feasibility pump after 0 iterations and 0 nodes (0.03 seconds)
Cbc0038I Full problem 117 rows 163 columns, reduced to 83 rows 128 columns
Cbc0031I 15 added rows had average density of 20.466667
Cbc0013I At root node, 15 cuts changed objective from 1104519.8 to 1104746.9 in 100 passes
Cbc0014I Cut generator 0 (Probing) - 28 row cuts average 2.0 elements, 0 column cuts (0 active)  in 0.013 seconds - new frequency is 1
Cbc0014I Cut generator 1 (Gomory) - 303 row cuts average 33.4 elements, 0 column cuts (0 active)  in 0.011 seconds - new frequency is 1
Cbc0014I Cut generator 2 (Knapsack) - 0 row cuts average 0.0 elements, 0 column cuts (0 active)  in 0.011 seconds - new frequency is -100
Cbc0014I Cut generator 3 (Clique) - 0 row cuts average 0.0 elements, 0 column cuts (0 active)  in 0.000 seconds - new frequency is -100
Cbc0014I Cut generator 4 (MixedIntegerRounding2) - 21 row cuts average 5.0 elements, 0 column cuts (0 active)  in 0.015 seconds - new frequency is -100
Cbc0014I Cut generator 5 (FlowCover) - 0 row cuts average 0.0 elements, 0 column cuts (0 active)  in 0.017 seconds - new frequency is -100
Cbc0014I Cut generator 6 (TwoMirCuts) - 31 row cuts average 17.1 elements, 0 column cuts (0 active)  in 0.003 seconds - new frequency is -100
Cbc0010I After 0 nodes, 1 on tree, 1104763.5 best solution, best possible 1104746.9 (0.18 seconds)
Cbc0001I Search completed - best objective 1104763.518836458, took 1236 iterations and 8 nodes (0.19 seconds)
Cbc0032I Strong branching done 30 times (174 iterations), fathomed 1 nodes and fixed 2 variables
Cbc0035I Maximum depth 2, 1 variables fixed on reduced cost
Cuts at root node changed objective from 1.10452e+06 to 1.10475e+06
Probing was tried 116 times and created 32 cuts of which 0 were active after adding rounds of cuts (0.014 seconds)
Gomory was tried 116 times and created 317 cuts of which 0 were active after adding rounds of cuts (0.011 seconds)
Knapsack was tried 100 times and created 0 cuts of which 0 were active after adding rounds of cuts (0.011 seconds)
Clique was tried 100 times and created 0 cuts of which 0 were active after adding rounds of cuts (0.000 seconds)
MixedIntegerRounding2 was tried 100 times and created 21 cuts of which 0 were active after adding rounds of cuts (0.015 seconds)
FlowCover was tried 100 times and created 0 cuts of which 0 were active after adding rounds of cuts (0.017 seconds)
TwoMirCuts was tried 100 times and created 31 cuts of which 0 were active after adding rounds of cuts (0.003 seconds)
ZeroHalf was tried 1 times and created 0 cuts of which 0 were active after adding rounds of cuts (0.000 seconds)

Result - Optimal solution found

Objective value:                1104763.51883646
Enumerated nodes:               8
Total iterations:               1236
Time (CPU seconds):             0.20
Time (Wallclock seconds):       0.20

Option for printingOptions changed from normal to all
Total time (CPU seconds):       0.39   (Wallclock seconds):       0.39

