Welcome to the CBC MILP Solver 
Version: 2.10.3 
Build Date: Dec 15 2019 

command line - E:\dachuang\.venv\Lib\site-packages\pulp\apis\../solverdir/cbc/win/i64/cbc.exe model.mps -primalTolerance 1e-9 -integerTolerance 1e-9 -ratioGap 0 -allowableGap 0 -threads 0 -branch -printingOptions all -solution solution.txt -saveSolution solution.bin -quit (default strategy 1)
At line 2 NAME          MODEL
At line 3 ROWS
At line 317 COLUMNS
At line 1133 RHS
At line 1446 BOUNDS
At line 1521 ENDATA
Problem MODEL has 312 rows, 241 columns and 647 elements
Coin0008I MODEL read with 0 errors
primalTolerance was changed from 1e-07 to 1e-09
integerTolerance was changed from 1e-07 to 1e-09
ratioGap was changed from 0 to 0
allowableGap was changed from 1e-10 to 0
Continuous objective value is 3.2524e+06 - 0.00 seconds
Cgl0003I 0 fixed, 0 tightened bounds, 2 strengthened rows, 0 substitutions
Cgl0004I processed model has 112 rows, 147 columns (24 integer (24 of which binary)) and 315 elements
Cbc0038I Initial state - 8 integers unsatisfied sum - 2.96631
Cbc0038I Pass   1: suminf.    0.00000 (0) obj. 3.39918e+06 iterations 37
Cbc0038I Solution found of 3.39918e+06
Cbc0038I Relaxing continuous gives 3.39883e+06
Cbc0038I Before mini branch and bound, 16 integers at bound fixed and 70 continuous
Cbc0038I Full problem 112 rows 147 columns, reduced to 7 rows 9 columns
Cbc0038I Mini branch and bound improved solution from 3.39883e+06 to 3.25287e+06 (0.01 seconds)
Cbc0038I Round again with cutoff of 3.25283e+06
Cbc0038I Pass   2: suminf.    1.12373 (3) obj. 3.25283e+06 iterations 21
Cbc0038I Pass   3: suminf.    0.06214 (1) obj. 3.25283e+06 iterations 7
Cbc0038I Pass   4: suminf.    0.00000 (0) obj. 3.25283e+06 iterations 2
Cbc0038I Solution found of 3.25283e+06
Cbc0038I Relaxing continuous gives 3.25272e+06
Cbc0038I Before mini branch and bound, 16 integers at bound fixed and 75 continuous
Cbc0038I Full problem 112 rows 147 columns, reduced to 13 rows 18 columns
Cbc0038I Mini branch and bound improved solution from 3.25272e+06 to 3.25264e+06 (0.02 seconds)
Cbc0038I Round again with cutoff of 3.25259e+06
Cbc0038I Pass   5: suminf.    1.70954 (4) obj. 3.25259e+06 iterations 2
Cbc0038I Pass   6: suminf.    1.52894 (4) obj. 3.25259e+06 iterations 10
Cbc0038I Pass   7: suminf.    0.71483 (4) obj. 3.25259e+06 iterations 8
Cbc0038I Pass   8: suminf.    0.72844 (4) obj. 3.25259e+06 iterations 11
Cbc0038I Pass   9: suminf.    0.72844 (4) obj. 3.25259e+06 iterations 0
Cbc0038I Pass  10: suminf.    0.71483 (4) obj. 3.25259e+06 iterations 3
Cbc0038I Pass  11: suminf.    0.57044 (4) obj. 3.25259e+06 iterations 4
Cbc0038I Pass  12: suminf.    0.57044 (4) obj. 3.25259e+06 iterations 0
Cbc0038I Pass  13: suminf.    0.87283 (4) obj. 3.25259e+06 iterations 7
Cbc0038I Pass  14: suminf.    0.87283 (4) obj. 3.25259e+06 iterations 0
Cbc0038I Pass  15: suminf.    0.57044 (4) obj. 3.25259e+06 iterations 5
Cbc0038I Pass  16: suminf.    0.81044 (5) obj. 3.25259e+06 iterations 3
Cbc0038I Pass  17: suminf.    0.57044 (4) obj. 3.25259e+06 iterations 1
Cbc0038I Pass  18: suminf.    0.87283 (4) obj. 3.25259e+06 iterations 7
Cbc0038I Pass  19: suminf.    0.87283 (4) obj. 3.25259e+06 iterations 0
Cbc0038I Pass  20: suminf.    0.57044 (4) obj. 3.25259e+06 iterations 5
Cbc0038I Pass  21: suminf.    0.20946 (1) obj. 3.25259e+06 iterations 14
Cbc0038I Pass  22: suminf.    0.53167 (2) obj. 3.25259e+06 iterations 2
Cbc0038I Pass  23: suminf.    0.20946 (1) obj. 3.25259e+06 iterations 2
Cbc0038I Pass  24: suminf.    0.44946 (2) obj. 3.25259e+06 iterations 10
Cbc0038I Pass  25: suminf.    0.20946 (1) obj. 3.25259e+06 iterations 1
Cbc0038I Pass  26: suminf.    0.53167 (2) obj. 3.25259e+06 iterations 3
Cbc0038I Pass  27: suminf.    0.53167 (2) obj. 3.25259e+06 iterations 12
Cbc0038I Pass  28: suminf.    0.20946 (1) obj. 3.25259e+06 iterations 2
Cbc0038I Pass  29: suminf.    0.53167 (2) obj. 3.25259e+06 iterations 3
Cbc0038I Pass  30: suminf.    1.46394 (6) obj. 3.25259e+06 iterations 20
Cbc0038I Pass  31: suminf.    1.22144 (4) obj. 3.25259e+06 iterations 3
Cbc0038I Pass  32: suminf.    0.42883 (2) obj. 3.25259e+06 iterations 13
Cbc0038I Pass  33: suminf.    0.42883 (2) obj. 3.25259e+06 iterations 0
Cbc0038I Pass  34: suminf.    0.46833 (1) obj. 3.25259e+06 iterations 4
Cbc0038I No solution found this major pass
Cbc0038I Before mini branch and bound, 1 integers at bound fixed and 67 continuous
Cbc0038I Full problem 112 rows 147 columns, reduced to 19 rows 24 columns
Cbc0038I Mini branch and bound did not improve solution (0.03 seconds)
Cbc0038I After 0.03 seconds - Feasibility pump exiting with objective of 3.25264e+06 - took 0.02 seconds
Cbc0012I Integer solution of 3252640.8 found by feasibility pump after 0 iterations and 0 nodes (0.03 seconds)
Cbc0038I Full problem 112 rows 147 columns, reduced to 66 rows 95 columns
Cbc0031I 11 added rows had average density of 19.909091
Cbc0013I At root node, 11 cuts changed objective from 3252397.6 to 3252608.9 in 100 passes
Cbc0014I Cut generator 0 (Probing) - 2 row cuts average 2.0 elements, 0 column cuts (0 active)  in 0.007 seconds - new frequency is -100
Cbc0014I Cut generator 1 (Gomory) - 298 row cuts average 30.8 elements, 0 column cuts (0 active)  in 0.008 seconds - new frequency is 1
Cbc0014I Cut generator 2 (Knapsack) - 0 row cuts average 0.0 elements, 0 column cuts (0 active)  in 0.017 seconds - new frequency is -100
Cbc0014I Cut generator 3 (Clique) - 0 row cuts average 0.0 elements, 0 column cuts (0 active)  in 0.000 seconds - new frequency is -100
Cbc0014I Cut generator 4 (MixedIntegerRounding2) - 3 row cuts average 4.0 elements, 0 column cuts (0 active)  in 0.010 seconds - new frequency is -100
Cbc0014I Cut generator 5 (FlowCover) - 1 row cuts average 2.0 elements, 0 column cuts (0 active)  in 0.010 seconds - new frequency is -100
Cbc0014I Cut generator 6 (TwoMirCuts) - 22 row cuts average 10.4 elements, 0 column cuts (0 active)  in 0.003 seconds - new frequency is -100
Cbc0010I After 0 nodes, 1 on tree, 3252640.8 best solution, best possible 3252608.9 (0.15 seconds)
Cbc0001I Search completed - best objective 3252640.761772746, took 1038 iterations and 6 nodes (0.16 seconds)
Cbc0032I Strong branching done 22 times (99 iterations), fathomed 2 nodes and fixed 4 variables
Cbc0035I Maximum depth 1, 0 variables fixed on reduced cost
Cuts at root node changed objective from 3.2524e+06 to 3.25261e+06
Probing was tried 100 times and created 2 cuts of which 0 were active after adding rounds of cuts (0.007 seconds)
Gomory was tried 113 times and created 310 cuts of which 0 were active after adding rounds of cuts (0.008 seconds)
Knapsack was tried 100 times and created 0 cuts of which 0 were active after adding rounds of cuts (0.017 seconds)
Clique was tried 100 times and created 0 cuts of which 0 were active after adding rounds of cuts (0.000 seconds)
MixedIntegerRounding2 was tried 100 times and created 3 cuts of which 0 were active after adding rounds of cuts (0.010 seconds)
FlowCover was tried 100 times and created 1 cuts of which 0 were active after adding rounds of cuts (0.010 seconds)
TwoMirCuts was tried 100 times and created 22 cuts of which 0 were active after adding rounds of cuts (0.003 seconds)
ZeroHalf was tried 1 times and created 0 cuts of which 0 were active after adding rounds of cuts (0.000 seconds)

Result - Optimal solution found

Objective value:                3252640.76177275
Enumerated nodes:               6
Total iterations:               1038
Time (CPU seconds):             0.17
Time (Wallclock seconds):       0.17

Option for printingOptions changed from normal to all
Total time (CPU seconds):       0.19   (Wallclock seconds):       0.19

