Welcome to the CBC MILP Solver 
Version: 2.10.3 
Build Date: Dec 15 2019 

command line - E:\dachuang\.venv\Lib\site-packages\pulp\apis\../solverdir/cbc/win/i64/cbc.exe model.mps -primalTolerance 1e-9 -integerTolerance 1e-9 -ratioGap 0 -allowableGap 0 -threads 0 -branch -printingOptions all -solution solution.txt -saveSolution solution.bin -quit (default strategy 1)
At line 2 NAME          MODEL
At line 3 ROWS
At line 317 COLUMNS
At line 1133 RHS
At line 1446 BOUNDS
At line 1521 ENDATA
Problem MODEL has 312 rows, 241 columns and 647 elements
Coin0008I MODEL read with 0 errors
primalTolerance was changed from 1e-07 to 1e-09
integerTolerance was changed from 1e-07 to 1e-09
ratioGap was changed from 0 to 0
allowableGap was changed from 1e-10 to 0
Continuous objective value is 2.89178e+06 - 0.00 seconds
Cgl0003I 0 fixed, 0 tightened bounds, 3 strengthened rows, 0 substitutions
Cgl0004I processed model has 114 rows, 152 columns (24 integer (24 of which binary)) and 326 elements
Cbc0038I Initial state - 10 integers unsatisfied sum - 3.72081
Cbc0038I Pass   1: suminf.    0.00000 (0) obj. 3.01184e+06 iterations 16
Cbc0038I Solution found of 3.01184e+06
Cbc0038I Relaxing continuous gives 2.91063e+06
Cbc0038I Before mini branch and bound, 14 integers at bound fixed and 84 continuous
Cbc0038I Full problem 114 rows 152 columns, reduced to 11 rows 13 columns
Cbc0038I Mini branch and bound improved solution from 2.91063e+06 to 2.89245e+06 (0.01 seconds)
Cbc0038I Freeing continuous variables gives a solution of 2.89232e+06
Cbc0038I Round again with cutoff of 2.89227e+06
Cbc0038I Pass   2: suminf.    0.62157 (2) obj. 2.89227e+06 iterations 20
Cbc0038I Pass   3: suminf.    0.36411 (1) obj. 2.89227e+06 iterations 12
Cbc0038I Solution found of 2.89227e+06
Cbc0038I Relaxing continuous gives 2.89221e+06
Cbc0038I Before mini branch and bound, 14 integers at bound fixed and 79 continuous
Cbc0038I Full problem 114 rows 152 columns, reduced to 16 rows 22 columns
Cbc0038I Mini branch and bound improved solution from 2.89221e+06 to 2.892e+06 (0.01 seconds)
Cbc0038I Round again with cutoff of 2.89196e+06
Cbc0038I Pass   4: suminf.    0.54761 (3) obj. 2.89196e+06 iterations 5
Cbc0038I Pass   5: suminf.    0.54752 (3) obj. 2.89196e+06 iterations 3
Cbc0038I Pass   6: suminf.    0.92178 (5) obj. 2.89196e+06 iterations 6
Cbc0038I Pass   7: suminf.    0.72885 (3) obj. 2.89196e+06 iterations 2
Cbc0038I Pass   8: suminf.    0.18022 (2) obj. 2.89196e+06 iterations 2
Cbc0038I Pass   9: suminf.    0.90198 (3) obj. 2.89196e+06 iterations 4
Cbc0038I Pass  10: suminf.    0.90198 (3) obj. 2.89196e+06 iterations 0
Cbc0038I Pass  11: suminf.    0.72885 (3) obj. 2.89196e+06 iterations 5
Cbc0038I Pass  12: suminf.    0.18022 (2) obj. 2.89196e+06 iterations 5
Cbc0038I Pass  13: suminf.    0.92178 (5) obj. 2.89196e+06 iterations 5
Cbc0038I Pass  14: suminf.    0.96337 (5) obj. 2.89196e+06 iterations 6
Cbc0038I Pass  15: suminf.    0.41672 (4) obj. 2.89196e+06 iterations 2
Cbc0038I Pass  16: suminf.    1.00447 (4) obj. 2.89196e+06 iterations 7
Cbc0038I Pass  17: suminf.    0.90198 (3) obj. 2.89196e+06 iterations 3
Cbc0038I Pass  18: suminf.    0.72885 (3) obj. 2.89196e+06 iterations 6
Cbc0038I Pass  19: suminf.    0.18022 (2) obj. 2.89196e+06 iterations 5
Cbc0038I Pass  20: suminf.    0.92178 (5) obj. 2.89196e+06 iterations 5
Cbc0038I Pass  21: suminf.    0.31050 (3) obj. 2.89196e+06 iterations 19
Cbc0038I Pass  22: suminf.    0.31050 (3) obj. 2.89196e+06 iterations 0
Cbc0038I Pass  23: suminf.    1.33339 (5) obj. 2.89196e+06 iterations 13
Cbc0038I Pass  24: suminf.    0.45789 (5) obj. 2.89196e+06 iterations 2
Cbc0038I Pass  25: suminf.    0.45789 (5) obj. 2.89196e+06 iterations 0
Cbc0038I Pass  26: suminf.    1.19939 (4) obj. 2.89196e+06 iterations 7
Cbc0038I Pass  27: suminf.    1.14814 (4) obj. 2.89196e+06 iterations 1
Cbc0038I Pass  28: suminf.    1.14814 (4) obj. 2.89196e+06 iterations 1
Cbc0038I Pass  29: suminf.    0.92178 (3) obj. 2.89196e+06 iterations 7
Cbc0038I Pass  30: suminf.    0.87054 (3) obj. 2.89196e+06 iterations 2
Cbc0038I Pass  31: suminf.    0.31050 (3) obj. 2.89196e+06 iterations 4
Cbc0038I Pass  32: suminf.    1.33339 (5) obj. 2.89196e+06 iterations 14
Cbc0038I Pass  33: suminf.    0.45789 (5) obj. 2.89196e+06 iterations 2
Cbc0038I No solution found this major pass
Cbc0038I Before mini branch and bound, 9 integers at bound fixed and 70 continuous
Cbc0038I Full problem 114 rows 152 columns, reduced to 27 rows 37 columns
Cbc0038I Mini branch and bound did not improve solution (0.03 seconds)
Cbc0038I After 0.03 seconds - Feasibility pump exiting with objective of 2.892e+06 - took 0.02 seconds
Cbc0012I Integer solution of 2892004.4 found by feasibility pump after 0 iterations and 0 nodes (0.03 seconds)
Cbc0038I Full problem 114 rows 152 columns, reduced to 74 rows 107 columns
Cbc0012I Integer solution of 2891971.3 found by DiveCoefficient after 77 iterations and 0 nodes (0.06 seconds)
Cbc0031I 9 added rows had average density of 16
Cbc0013I At root node, 9 cuts changed objective from 2891801 to 2891903.3 in 8 passes
Cbc0014I Cut generator 0 (Probing) - 1 row cuts average 2.0 elements, 0 column cuts (0 active)  in 0.000 seconds - new frequency is -100
Cbc0014I Cut generator 1 (Gomory) - 30 row cuts average 15.1 elements, 0 column cuts (0 active)  in 0.003 seconds - new frequency is 1
Cbc0014I Cut generator 2 (Knapsack) - 0 row cuts average 0.0 elements, 0 column cuts (0 active)  in 0.003 seconds - new frequency is -100
Cbc0014I Cut generator 3 (Clique) - 0 row cuts average 0.0 elements, 0 column cuts (0 active)  in 0.000 seconds - new frequency is -100
Cbc0014I Cut generator 4 (MixedIntegerRounding2) - 2 row cuts average 4.5 elements, 0 column cuts (0 active)  in 0.001 seconds - new frequency is -100
Cbc0014I Cut generator 5 (FlowCover) - 0 row cuts average 0.0 elements, 0 column cuts (0 active)  in 0.001 seconds - new frequency is -100
Cbc0014I Cut generator 6 (TwoMirCuts) - 27 row cuts average 9.4 elements, 0 column cuts (0 active)  in 0.002 seconds - new frequency is -100
Cbc0010I After 0 nodes, 1 on tree, 2891971.3 best solution, best possible 2891903.3 (0.06 seconds)
Cbc0001I Search completed - best objective 2891971.299092003, took 221 iterations and 6 nodes (0.08 seconds)
Cbc0032I Strong branching done 32 times (131 iterations), fathomed 2 nodes and fixed 2 variables
Cbc0035I Maximum depth 2, 0 variables fixed on reduced cost
Cuts at root node changed objective from 2.8918e+06 to 2.8919e+06
Probing was tried 8 times and created 1 cuts of which 0 were active after adding rounds of cuts (0.000 seconds)
Gomory was tried 32 times and created 73 cuts of which 0 were active after adding rounds of cuts (0.005 seconds)
Knapsack was tried 8 times and created 0 cuts of which 0 were active after adding rounds of cuts (0.003 seconds)
Clique was tried 8 times and created 0 cuts of which 0 were active after adding rounds of cuts (0.000 seconds)
MixedIntegerRounding2 was tried 8 times and created 2 cuts of which 0 were active after adding rounds of cuts (0.001 seconds)
FlowCover was tried 8 times and created 0 cuts of which 0 were active after adding rounds of cuts (0.001 seconds)
TwoMirCuts was tried 8 times and created 27 cuts of which 0 were active after adding rounds of cuts (0.002 seconds)
ZeroHalf was tried 1 times and created 0 cuts of which 0 were active after adding rounds of cuts (0.000 seconds)

Result - Optimal solution found

Objective value:                2891971.29909200
Enumerated nodes:               6
Total iterations:               221
Time (CPU seconds):             0.09
Time (Wallclock seconds):       0.09

Option for printingOptions changed from normal to all
Total time (CPU seconds):       0.11   (Wallclock seconds):       0.12

