Welcome to the CBC MILP Solver 
Version: 2.10.3 
Build Date: Dec 15 2019 

command line - E:\dachuang\.venv\Lib\site-packages\pulp\apis\../solverdir/cbc/win/i64/cbc.exe model.mps -primalTolerance 1e-9 -integerTolerance 1e-9 -ratioGap 0 -allowableGap 0 -threads 0 -branch -printingOptions all -solution solution.txt -saveSolution solution.bin -quit (default strategy 1)
At line 2 NAME          MODEL
At line 3 ROWS
At line 317 COLUMNS
At line 1133 RHS
At line 1446 BOUNDS
At line 1521 ENDATA
Problem MODEL has 312 rows, 241 columns and 647 elements
Coin0008I MODEL read with 0 errors
primalTolerance was changed from 1e-07 to 1e-09
integerTolerance was changed from 1e-07 to 1e-09
ratioGap was changed from 0 to 0
allowableGap was changed from 1e-10 to 0
Continuous objective value is 1.70083e+06 - 0.00 seconds
Cgl0003I 0 fixed, 0 tightened bounds, 3 strengthened rows, 0 substitutions
Cgl0004I processed model has 115 rows, 159 columns (24 integer (24 of which binary)) and 336 elements
Cbc0038I Initial state - 10 integers unsatisfied sum - 2.91299
Cbc0038I Pass   1: suminf.    0.00000 (0) obj. 1.78059e+06 iterations 20
Cbc0038I Solution found of 1.78059e+06
Cbc0038I Relaxing continuous gives 1.76635e+06
Cbc0038I Before mini branch and bound, 14 integers at bound fixed and 79 continuous
Cbc0038I Full problem 115 rows 159 columns, reduced to 16 rows 21 columns
Cbc0038I Mini branch and bound improved solution from 1.76635e+06 to 1.70123e+06 (0.01 seconds)
Cbc0038I Freeing continuous variables gives a solution of 1.70123e+06
Cbc0038I Round again with cutoff of 1.70119e+06
Cbc0038I Pass   2: suminf.    0.66584 (4) obj. 1.70119e+06 iterations 17
Cbc0038I Pass   3: suminf.    0.00000 (0) obj. 1.70119e+06 iterations 13
Cbc0038I Solution found of 1.70119e+06
Cbc0038I Relaxing continuous gives 1.70108e+06
Cbc0038I Before mini branch and bound, 14 integers at bound fixed and 82 continuous
Cbc0038I Full problem 115 rows 159 columns, reduced to 19 rows 25 columns
Cbc0038I Mini branch and bound improved solution from 1.70108e+06 to 1.701e+06 (0.02 seconds)
Cbc0038I Freeing continuous variables gives a solution of 1.701e+06
Cbc0038I Round again with cutoff of 1.70097e+06
Cbc0038I Pass   4: suminf.    0.98055 (5) obj. 1.70097e+06 iterations 4
Cbc0038I Pass   5: suminf.    0.96344 (4) obj. 1.70097e+06 iterations 1
Cbc0038I Pass   6: suminf.    0.19550 (1) obj. 1.70097e+06 iterations 10
Cbc0038I Pass   7: suminf.    0.22519 (1) obj. 1.70097e+06 iterations 2
Cbc0038I Pass   8: suminf.    1.28827 (5) obj. 1.70097e+06 iterations 8
Cbc0038I Pass   9: suminf.    0.34469 (2) obj. 1.70097e+06 iterations 5
Cbc0038I Pass  10: suminf.    0.19550 (1) obj. 1.70097e+06 iterations 5
Cbc0038I Pass  11: suminf.    0.22519 (1) obj. 1.70097e+06 iterations 3
Cbc0038I Pass  12: suminf.    0.86670 (4) obj. 1.70097e+06 iterations 11
Cbc0038I Pass  13: suminf.    0.25846 (2) obj. 1.70097e+06 iterations 2
Cbc0038I Pass  14: suminf.    0.19550 (1) obj. 1.70097e+06 iterations 5
Cbc0038I Pass  15: suminf.    0.22519 (1) obj. 1.70097e+06 iterations 3
Cbc0038I Pass  16: suminf.    1.25178 (5) obj. 1.70097e+06 iterations 11
Cbc0038I Pass  17: suminf.    1.02727 (4) obj. 1.70097e+06 iterations 2
Cbc0038I Pass  18: suminf.    0.43432 (3) obj. 1.70097e+06 iterations 4
Cbc0038I Pass  19: suminf.    0.43194 (3) obj. 1.70097e+06 iterations 1
Cbc0038I Pass  20: suminf.    1.15008 (4) obj. 1.70097e+06 iterations 4
Cbc0038I Pass  21: suminf.    1.03064 (4) obj. 1.70097e+06 iterations 6
Cbc0038I Pass  22: suminf.    0.82565 (3) obj. 1.70097e+06 iterations 2
Cbc0038I Pass  23: suminf.    0.93899 (3) obj. 1.70097e+06 iterations 6
Cbc0038I Pass  24: suminf.    0.34604 (2) obj. 1.70097e+06 iterations 4
Cbc0038I Pass  25: suminf.    0.34367 (2) obj. 1.70097e+06 iterations 1
Cbc0038I Pass  26: suminf.    1.15008 (4) obj. 1.70097e+06 iterations 3
Cbc0038I Pass  27: suminf.    1.03064 (4) obj. 1.70097e+06 iterations 6
Cbc0038I Pass  28: suminf.    0.82565 (3) obj. 1.70097e+06 iterations 2
Cbc0038I Pass  29: suminf.    0.93899 (3) obj. 1.70097e+06 iterations 6
Cbc0038I Pass  30: suminf.    0.34604 (2) obj. 1.70097e+06 iterations 4
Cbc0038I Pass  31: suminf.    0.34367 (2) obj. 1.70097e+06 iterations 1
Cbc0038I Pass  32: suminf.    1.15008 (4) obj. 1.70097e+06 iterations 3
Cbc0038I Pass  33: suminf.    1.03064 (4) obj. 1.70097e+06 iterations 6
Cbc0038I No solution found this major pass
Cbc0038I Before mini branch and bound, 6 integers at bound fixed and 69 continuous
Cbc0038I Full problem 115 rows 159 columns, reduced to 23 rows 31 columns
Cbc0038I Mini branch and bound did not improve solution (0.03 seconds)
Cbc0038I After 0.03 seconds - Feasibility pump exiting with objective of 1.701e+06 - took 0.02 seconds
Cbc0012I Integer solution of 1701000.4 found by feasibility pump after 0 iterations and 0 nodes (0.03 seconds)
Cbc0038I Full problem 115 rows 159 columns, reduced to 76 rows 116 columns
Cbc0012I Integer solution of 1700977.8 found by DiveCoefficient after 1125 iterations and 0 nodes (0.18 seconds)
Cbc0031I 10 added rows had average density of 37.2
Cbc0013I At root node, 10 cuts changed objective from 1700852.2 to 1700912.7 in 100 passes
Cbc0014I Cut generator 0 (Probing) - 5 row cuts average 2.6 elements, 3 column cuts (3 active)  in 0.020 seconds - new frequency is -100
Cbc0014I Cut generator 1 (Gomory) - 382 row cuts average 56.3 elements, 0 column cuts (0 active)  in 0.014 seconds - new frequency is 1
Cbc0014I Cut generator 2 (Knapsack) - 0 row cuts average 0.0 elements, 0 column cuts (0 active)  in 0.012 seconds - new frequency is -100
Cbc0014I Cut generator 3 (Clique) - 0 row cuts average 0.0 elements, 0 column cuts (0 active)  in 0.001 seconds - new frequency is -100
Cbc0014I Cut generator 4 (MixedIntegerRounding2) - 11 row cuts average 4.3 elements, 0 column cuts (0 active)  in 0.008 seconds - new frequency is -100
Cbc0014I Cut generator 5 (FlowCover) - 0 row cuts average 0.0 elements, 0 column cuts (0 active)  in 0.026 seconds - new frequency is -100
Cbc0014I Cut generator 6 (TwoMirCuts) - 29 row cuts average 13.5 elements, 0 column cuts (0 active)  in 0.004 seconds - new frequency is -100
Cbc0010I After 0 nodes, 1 on tree, 1700977.8 best solution, best possible 1700912.7 (0.18 seconds)
Cbc0001I Search completed - best objective 1700977.80230876, took 1302 iterations and 10 nodes (0.20 seconds)
Cbc0032I Strong branching done 38 times (212 iterations), fathomed 2 nodes and fixed 1 variables
Cbc0035I Maximum depth 2, 1 variables fixed on reduced cost
Cuts at root node changed objective from 1.70085e+06 to 1.70091e+06
Probing was tried 100 times and created 8 cuts of which 0 were active after adding rounds of cuts (0.020 seconds)
Gomory was tried 130 times and created 429 cuts of which 0 were active after adding rounds of cuts (0.016 seconds)
Knapsack was tried 100 times and created 0 cuts of which 0 were active after adding rounds of cuts (0.012 seconds)
Clique was tried 100 times and created 0 cuts of which 0 were active after adding rounds of cuts (0.001 seconds)
MixedIntegerRounding2 was tried 100 times and created 11 cuts of which 0 were active after adding rounds of cuts (0.008 seconds)
FlowCover was tried 100 times and created 0 cuts of which 0 were active after adding rounds of cuts (0.026 seconds)
TwoMirCuts was tried 100 times and created 29 cuts of which 0 were active after adding rounds of cuts (0.004 seconds)
ZeroHalf was tried 1 times and created 0 cuts of which 0 were active after adding rounds of cuts (0.000 seconds)

Result - Optimal solution found

Objective value:                1700977.80230876
Enumerated nodes:               10
Total iterations:               1302
Time (CPU seconds):             0.21
Time (Wallclock seconds):       0.21

Option for printingOptions changed from normal to all
Total time (CPU seconds):       0.23   (Wallclock seconds):       0.23

