Welcome to the CBC MILP Solver 
Version: 2.10.3 
Build Date: Dec 15 2019 

command line - E:\dachuang\.venv\Lib\site-packages\pulp\apis\../solverdir/cbc/win/i64/cbc.exe model.mps -primalTolerance 1e-9 -integerTolerance 1e-9 -ratioGap 0 -allowableGap 0 -threads 0 -branch -printingOptions all -solution solution.txt -saveSolution solution.bin -quit (default strategy 1)
At line 2 NAME          MODEL
At line 3 ROWS
At line 317 COLUMNS
At line 1133 RHS
At line 1446 BOUNDS
At line 1521 ENDATA
Problem MODEL has 312 rows, 241 columns and 647 elements
Coin0008I MODEL read with 0 errors
primalTolerance was changed from 1e-07 to 1e-09
integerTolerance was changed from 1e-07 to 1e-09
ratioGap was changed from 0 to 0
allowableGap was changed from 1e-10 to 0
Continuous objective value is 1.55616e+06 - 0.00 seconds
Cgl0003I 0 fixed, 0 tightened bounds, 3 strengthened rows, 0 substitutions
Cgl0004I processed model has 116 rows, 161 columns (24 integer (24 of which binary)) and 341 elements
Cbc0038I Initial state - 12 integers unsatisfied sum - 4.24388
Cbc0038I Pass   1: suminf.    0.00000 (0) obj. 1.80387e+06 iterations 25
Cbc0038I Solution found of 1.80387e+06
Cbc0038I Relaxing continuous gives 1.67562e+06
Cbc0038I Before mini branch and bound, 12 integers at bound fixed and 76 continuous
Cbc0038I Full problem 116 rows 161 columns, reduced to 12 rows 17 columns
Cbc0038I Mini branch and bound improved solution from 1.67562e+06 to 1.55667e+06 (0.01 seconds)
Cbc0038I Freeing continuous variables gives a solution of 1.55667e+06
Cbc0038I Round again with cutoff of 1.55662e+06
Cbc0038I Pass   2: suminf.    1.76171 (6) obj. 1.55662e+06 iterations 23
Cbc0038I Pass   3: suminf.    0.00134 (1) obj. 1.55662e+06 iterations 16
Cbc0038I Solution found of 1.55662e+06
Cbc0038I Relaxing continuous gives 1.55656e+06
Cbc0038I Before mini branch and bound, 11 integers at bound fixed and 80 continuous
Cbc0038I Full problem 116 rows 161 columns, reduced to 15 rows 20 columns
Cbc0038I Mini branch and bound improved solution from 1.55656e+06 to 1.55644e+06 (0.02 seconds)
Cbc0038I Freeing continuous variables gives a solution of 1.55644e+06
Cbc0038I Round again with cutoff of 1.55639e+06
Cbc0038I Pass   4: suminf.    2.35658 (8) obj. 1.55639e+06 iterations 6
Cbc0038I Pass   5: suminf.    1.87621 (8) obj. 1.55639e+06 iterations 3
Cbc0038I Pass   6: suminf.    1.86984 (7) obj. 1.55639e+06 iterations 2
Cbc0038I Pass   7: suminf.    0.33702 (3) obj. 1.55639e+06 iterations 17
Cbc0038I Pass   8: suminf.    0.33702 (3) obj. 1.55639e+06 iterations 0
Cbc0038I Pass   9: suminf.    0.65590 (3) obj. 1.55639e+06 iterations 4
Cbc0038I Pass  10: suminf.    0.65590 (2) obj. 1.55639e+06 iterations 2
Cbc0038I Pass  11: suminf.    1.01549 (4) obj. 1.55639e+06 iterations 5
Cbc0038I Pass  12: suminf.    0.31877 (2) obj. 1.55639e+06 iterations 6
Cbc0038I Pass  13: suminf.    0.33702 (3) obj. 1.55639e+06 iterations 11
Cbc0038I Pass  14: suminf.    0.33702 (3) obj. 1.55639e+06 iterations 0
Cbc0038I Pass  15: suminf.    0.65590 (3) obj. 1.55639e+06 iterations 4
Cbc0038I Pass  16: suminf.    0.65590 (2) obj. 1.55639e+06 iterations 2
Cbc0038I Pass  17: suminf.    1.44499 (5) obj. 1.55639e+06 iterations 9
Cbc0038I Pass  18: suminf.    0.33702 (3) obj. 1.55639e+06 iterations 8
Cbc0038I Pass  19: suminf.    0.65590 (3) obj. 1.55639e+06 iterations 4
Cbc0038I Pass  20: suminf.    0.65590 (2) obj. 1.55639e+06 iterations 2
Cbc0038I Pass  21: suminf.    0.97890 (3) obj. 1.55639e+06 iterations 3
Cbc0038I Pass  22: suminf.    0.97890 (3) obj. 1.55639e+06 iterations 1
Cbc0038I Pass  23: suminf.    1.42666 (6) obj. 1.55639e+06 iterations 10
Cbc0038I Pass  24: suminf.    1.42666 (5) obj. 1.55639e+06 iterations 3
Cbc0038I Pass  25: suminf.    0.31877 (2) obj. 1.55639e+06 iterations 7
Cbc0038I Pass  26: suminf.    0.33702 (3) obj. 1.55639e+06 iterations 12
Cbc0038I Pass  27: suminf.    0.33702 (3) obj. 1.55639e+06 iterations 0
Cbc0038I Pass  28: suminf.    0.65590 (3) obj. 1.55639e+06 iterations 4
Cbc0038I Pass  29: suminf.    0.65590 (2) obj. 1.55639e+06 iterations 2
Cbc0038I Pass  30: suminf.    2.47708 (8) obj. 1.55639e+06 iterations 16
Cbc0038I Pass  31: suminf.    2.47708 (8) obj. 1.55639e+06 iterations 0
Cbc0038I Pass  32: suminf.    0.96259 (3) obj. 1.55639e+06 iterations 7
Cbc0038I Pass  33: suminf.    0.90710 (3) obj. 1.55639e+06 iterations 1
Cbc0038I No solution found this major pass
Cbc0038I Before mini branch and bound, 2 integers at bound fixed and 74 continuous
Cbc0038I Full problem 116 rows 161 columns, reduced to 26 rows 34 columns
Cbc0038I Mini branch and bound improved solution from 1.55644e+06 to 1.55631e+06 (0.03 seconds)
Cbc0038I Freeing continuous variables gives a solution of 1.55631e+06
Cbc0038I Round again with cutoff of 1.55627e+06
Cbc0038I Pass  33: suminf.    2.90899 (9) obj. 1.55627e+06 iterations 2
Cbc0038I Pass  34: suminf.    2.41409 (9) obj. 1.55627e+06 iterations 2
Cbc0038I Pass  35: suminf.    2.38926 (9) obj. 1.55627e+06 iterations 1
Cbc0038I Pass  36: suminf.    1.15706 (4) obj. 1.55627e+06 iterations 14
Cbc0038I Pass  37: suminf.    0.95207 (3) obj. 1.55627e+06 iterations 2
Cbc0038I Pass  38: suminf.    0.86301 (4) obj. 1.55627e+06 iterations 7
Cbc0038I Pass  39: suminf.    0.83818 (4) obj. 1.55627e+06 iterations 1
Cbc0038I Pass  40: suminf.    1.33418 (5) obj. 1.55627e+06 iterations 10
Cbc0038I Pass  41: suminf.    1.30935 (6) obj. 1.55627e+06 iterations 2
Cbc0038I Pass  42: suminf.    1.05456 (4) obj. 1.55627e+06 iterations 14
Cbc0038I Pass  43: suminf.    1.05456 (4) obj. 1.55627e+06 iterations 0
Cbc0038I Pass  44: suminf.    0.83818 (4) obj. 1.55627e+06 iterations 6
Cbc0038I Pass  45: suminf.    1.15706 (4) obj. 1.55627e+06 iterations 7
Cbc0038I Pass  46: suminf.    0.95207 (3) obj. 1.55627e+06 iterations 2
Cbc0038I Pass  47: suminf.    0.86301 (4) obj. 1.55627e+06 iterations 7
Cbc0038I Pass  48: suminf.    0.51615 (3) obj. 1.55627e+06 iterations 10
Cbc0038I Pass  49: suminf.    0.38343 (3) obj. 1.55627e+06 iterations 4
Cbc0038I Pass  50: suminf.    0.38343 (3) obj. 1.55627e+06 iterations 0
Cbc0038I Pass  51: suminf.    0.85191 (3) obj. 1.55627e+06 iterations 4
Cbc0038I Pass  52: suminf.    0.36565 (3) obj. 1.55627e+06 iterations 1
Cbc0038I Pass  53: suminf.    0.36065 (2) obj. 1.55627e+06 iterations 1
Cbc0038I Pass  54: suminf.    0.38343 (3) obj. 1.55627e+06 iterations 3
Cbc0038I Pass  55: suminf.    0.38343 (3) obj. 1.55627e+06 iterations 0
Cbc0038I Pass  56: suminf.    0.85191 (3) obj. 1.55627e+06 iterations 4
Cbc0038I Pass  57: suminf.    0.36565 (3) obj. 1.55627e+06 iterations 1
Cbc0038I Pass  58: suminf.    0.36065 (2) obj. 1.55627e+06 iterations 1
Cbc0038I Pass  59: suminf.    0.38343 (3) obj. 1.55627e+06 iterations 3
Cbc0038I Pass  60: suminf.    0.38343 (3) obj. 1.55627e+06 iterations 0
Cbc0038I Pass  61: suminf.    0.85191 (3) obj. 1.55627e+06 iterations 4
Cbc0038I Pass  62: suminf.    0.36565 (3) obj. 1.55627e+06 iterations 1
Cbc0038I No solution found this major pass
Cbc0038I Before mini branch and bound, 6 integers at bound fixed and 70 continuous
Cbc0038I Full problem 116 rows 161 columns, reduced to 25 rows 33 columns
Cbc0038I Mini branch and bound did not improve solution (0.04 seconds)
Cbc0038I After 0.04 seconds - Feasibility pump exiting with objective of 1.55631e+06 - took 0.03 seconds
Cbc0012I Integer solution of 1556312.5 found by feasibility pump after 0 iterations and 0 nodes (0.04 seconds)
Cbc0038I Full problem 116 rows 161 columns, reduced to 86 rows 129 columns - 1 fixed gives 84, 127 - ok now
Cbc0038I Full problem 116 rows 161 columns, reduced to 84 rows 127 columns
Cbc0031I 11 added rows had average density of 27.090909
Cbc0013I At root node, 11 cuts changed objective from 1556184.3 to 1556304.7 in 100 passes
Cbc0014I Cut generator 0 (Probing) - 3 row cuts average 4.0 elements, 3 column cuts (3 active)  in 0.012 seconds - new frequency is -100
Cbc0014I Cut generator 1 (Gomory) - 369 row cuts average 59.4 elements, 0 column cuts (0 active)  in 0.016 seconds - new frequency is 1
Cbc0014I Cut generator 2 (Knapsack) - 0 row cuts average 0.0 elements, 0 column cuts (0 active)  in 0.011 seconds - new frequency is -100
Cbc0014I Cut generator 3 (Clique) - 0 row cuts average 0.0 elements, 0 column cuts (0 active)  in 0.000 seconds - new frequency is -100
Cbc0014I Cut generator 4 (MixedIntegerRounding2) - 10 row cuts average 5.7 elements, 0 column cuts (0 active)  in 0.007 seconds - new frequency is -100
Cbc0014I Cut generator 5 (FlowCover) - 0 row cuts average 0.0 elements, 0 column cuts (0 active)  in 0.025 seconds - new frequency is -100
Cbc0014I Cut generator 6 (TwoMirCuts) - 33 row cuts average 14.6 elements, 0 column cuts (0 active)  in 0.003 seconds - new frequency is -100
Cbc0010I After 0 nodes, 1 on tree, 1556312.5 best solution, best possible 1556304.7 (0.21 seconds)
Cbc0001I Search completed - best objective 1556312.499433758, took 1161 iterations and 2 nodes (0.21 seconds)
Cbc0032I Strong branching done 12 times (67 iterations), fathomed 2 nodes and fixed 1 variables
Cbc0035I Maximum depth 0, 0 variables fixed on reduced cost
Cuts at root node changed objective from 1.55618e+06 to 1.5563e+06
Probing was tried 100 times and created 6 cuts of which 0 were active after adding rounds of cuts (0.012 seconds)
Gomory was tried 103 times and created 370 cuts of which 0 were active after adding rounds of cuts (0.016 seconds)
Knapsack was tried 100 times and created 0 cuts of which 0 were active after adding rounds of cuts (0.011 seconds)
Clique was tried 100 times and created 0 cuts of which 0 were active after adding rounds of cuts (0.000 seconds)
MixedIntegerRounding2 was tried 100 times and created 10 cuts of which 0 were active after adding rounds of cuts (0.007 seconds)
FlowCover was tried 100 times and created 0 cuts of which 0 were active after adding rounds of cuts (0.025 seconds)
TwoMirCuts was tried 100 times and created 33 cuts of which 0 were active after adding rounds of cuts (0.003 seconds)
ZeroHalf was tried 1 times and created 0 cuts of which 0 were active after adding rounds of cuts (0.000 seconds)

Result - Optimal solution found

Objective value:                1556312.49943376
Enumerated nodes:               2
Total iterations:               1161
Time (CPU seconds):             0.22
Time (Wallclock seconds):       0.22

Option for printingOptions changed from normal to all
Total time (CPU seconds):       0.24   (Wallclock seconds):       0.23

