Welcome to the CBC MILP Solver 
Version: 2.10.3 
Build Date: Dec 15 2019 

command line - E:\dachuang\.venv\Lib\site-packages\pulp\apis\../solverdir/cbc/win/i64/cbc.exe model.mps -primalTolerance 1e-9 -integerTolerance 1e-9 -ratioGap 0 -allowableGap 0 -threads 0 -branch -printingOptions all -solution solution.txt -saveSolution solution.bin -quit (default strategy 1)
At line 2 NAME          MODEL
At line 3 ROWS
At line 317 COLUMNS
At line 1133 RHS
At line 1446 BOUNDS
At line 1521 ENDATA
Problem MODEL has 312 rows, 241 columns and 647 elements
Coin0008I MODEL read with 0 errors
primalTolerance was changed from 1e-07 to 1e-09
integerTolerance was changed from 1e-07 to 1e-09
ratioGap was changed from 0 to 0
allowableGap was changed from 1e-10 to 0
Continuous objective value is 3.30102e+06 - 0.00 seconds
Cgl0003I 0 fixed, 0 tightened bounds, 3 strengthened rows, 0 substitutions
Cgl0004I processed model has 113 rows, 155 columns (24 integer (24 of which binary)) and 326 elements
Cbc0038I Initial state - 8 integers unsatisfied sum - 2.62677
Cbc0038I Pass   1: suminf.    0.00000 (0) obj. 3.30163e+06 iterations 13
Cbc0038I Solution found of 3.30163e+06
Cbc0038I Relaxing continuous gives 3.30163e+06
Cbc0038I Before mini branch and bound, 16 integers at bound fixed and 92 continuous
Cbc0038I Full problem 113 rows 155 columns, reduced to 8 rows 8 columns
Cbc0038I Mini branch and bound did not improve solution (0.01 seconds)
Cbc0038I Round again with cutoff of 3.30157e+06
Cbc0038I Pass   2: suminf.    0.25321 (1) obj. 3.30157e+06 iterations 2
Cbc0038I Pass   3: suminf.    0.00000 (0) obj. 3.30157e+06 iterations 10
Cbc0038I Solution found of 3.30157e+06
Cbc0038I Relaxing continuous gives 3.30148e+06
Cbc0038I Before mini branch and bound, 16 integers at bound fixed and 87 continuous
Cbc0038I Full problem 113 rows 155 columns, reduced to 20 rows 26 columns
Cbc0038I Mini branch and bound improved solution from 3.30148e+06 to 3.30121e+06 (0.02 seconds)
Cbc0038I Round again with cutoff of 3.30118e+06
Cbc0038I Pass   4: suminf.    0.42792 (4) obj. 3.30118e+06 iterations 6
Cbc0038I Pass   5: suminf.    0.41745 (3) obj. 3.30118e+06 iterations 3
Cbc0038I Pass   6: suminf.    0.23387 (1) obj. 3.30118e+06 iterations 9
Cbc0038I Pass   7: suminf.    0.21584 (1) obj. 3.30118e+06 iterations 1
Cbc0038I Pass   8: suminf.    1.17239 (4) obj. 3.30118e+06 iterations 8
Cbc0038I Pass   9: suminf.    1.15842 (5) obj. 3.30118e+06 iterations 1
Cbc0038I Pass  10: suminf.    0.24295 (3) obj. 3.30118e+06 iterations 8
Cbc0038I Pass  11: suminf.    0.24295 (3) obj. 3.30118e+06 iterations 0
Cbc0038I Pass  12: suminf.    0.25715 (3) obj. 3.30118e+06 iterations 4
Cbc0038I Pass  13: suminf.    0.24295 (3) obj. 3.30118e+06 iterations 7
Cbc0038I Pass  14: suminf.    0.90630 (3) obj. 3.30118e+06 iterations 2
Cbc0038I Pass  15: suminf.    0.89209 (3) obj. 3.30118e+06 iterations 7
Cbc0038I Pass  16: suminf.    0.24295 (3) obj. 3.30118e+06 iterations 1
Cbc0038I Pass  17: suminf.    0.90630 (3) obj. 3.30118e+06 iterations 2
Cbc0038I Pass  18: suminf.    0.99120 (3) obj. 3.30118e+06 iterations 20
Cbc0038I Pass  19: suminf.    1.09370 (3) obj. 3.30118e+06 iterations 4
Cbc0038I Pass  20: suminf.    1.09370 (3) obj. 3.30118e+06 iterations 1
Cbc0038I Pass  21: suminf.    0.44455 (3) obj. 3.30118e+06 iterations 18
Cbc0038I Pass  22: suminf.    0.44455 (3) obj. 3.30118e+06 iterations 0
Cbc0038I Pass  23: suminf.    1.09370 (3) obj. 3.30118e+06 iterations 6
Cbc0038I Pass  24: suminf.    0.39635 (2) obj. 3.30118e+06 iterations 22
Cbc0038I Pass  25: suminf.    0.39135 (1) obj. 3.30118e+06 iterations 1
Cbc0038I Pass  26: suminf.    0.41745 (3) obj. 3.30118e+06 iterations 4
Cbc0038I Pass  27: suminf.    0.23387 (1) obj. 3.30118e+06 iterations 8
Cbc0038I Pass  28: suminf.    0.21584 (1) obj. 3.30118e+06 iterations 1
Cbc0038I Pass  29: suminf.    2.49215 (7) obj. 3.30118e+06 iterations 22
Cbc0038I Pass  30: suminf.    1.86645 (7) obj. 3.30118e+06 iterations 2
Cbc0038I Pass  31: suminf.    1.86645 (7) obj. 3.30118e+06 iterations 1
Cbc0038I Pass  32: suminf.    1.15466 (4) obj. 3.30118e+06 iterations 7
Cbc0038I Pass  33: suminf.    0.51545 (4) obj. 3.30118e+06 iterations 4
Cbc0038I No solution found this major pass
Cbc0038I Before mini branch and bound, 3 integers at bound fixed and 65 continuous
Cbc0038I Full problem 113 rows 155 columns, reduced to 23 rows 31 columns
Cbc0038I Mini branch and bound improved solution from 3.30121e+06 to 3.30116e+06 (0.03 seconds)
Cbc0038I Round again with cutoff of 3.30113e+06
Cbc0038I Pass  33: suminf.    0.64926 (5) obj. 3.30113e+06 iterations 2
Cbc0038I Pass  34: suminf.    0.64926 (3) obj. 3.30113e+06 iterations 5
Cbc0038I Pass  35: suminf.    0.44308 (1) obj. 3.30113e+06 iterations 11
Cbc0038I Pass  36: suminf.    0.44766 (1) obj. 3.30113e+06 iterations 1
Cbc0038I Pass  37: suminf.    1.37227 (5) obj. 3.30113e+06 iterations 13
Cbc0038I Pass  38: suminf.    0.74726 (5) obj. 3.30113e+06 iterations 1
Cbc0038I Pass  39: suminf.    0.74726 (5) obj. 3.30113e+06 iterations 0
Cbc0038I Pass  40: suminf.    1.17177 (4) obj. 3.30113e+06 iterations 6
Cbc0038I Pass  41: suminf.    1.17177 (4) obj. 3.30113e+06 iterations 2
Cbc0038I Pass  42: suminf.    1.28823 (3) obj. 3.30113e+06 iterations 8
Cbc0038I Pass  43: suminf.    0.64926 (4) obj. 3.30113e+06 iterations 2
Cbc0038I Pass  44: suminf.    0.64926 (3) obj. 3.30113e+06 iterations 1
Cbc0038I Pass  45: suminf.    0.63963 (2) obj. 3.30113e+06 iterations 7
Cbc0038I Pass  46: suminf.    0.62316 (3) obj. 3.30113e+06 iterations 12
Cbc0038I Pass  47: suminf.    0.60056 (2) obj. 3.30113e+06 iterations 3
Cbc0038I Pass  48: suminf.    0.75284 (3) obj. 3.30113e+06 iterations 10
Cbc0038I Pass  49: suminf.    0.44308 (1) obj. 3.30113e+06 iterations 11
Cbc0038I Pass  50: suminf.    0.44766 (1) obj. 3.30113e+06 iterations 1
Cbc0038I Pass  51: suminf.    0.44766 (1) obj. 3.30113e+06 iterations 4
Cbc0038I Pass  52: suminf.    0.44308 (1) obj. 3.30113e+06 iterations 8
Cbc0038I Pass  53: suminf.    0.44766 (1) obj. 3.30113e+06 iterations 1
Cbc0038I Pass  54: suminf.    1.36313 (3) obj. 3.30113e+06 iterations 2
Cbc0038I Pass  55: suminf.    0.44308 (1) obj. 3.30113e+06 iterations 4
Cbc0038I Pass  56: suminf.    0.44766 (1) obj. 3.30113e+06 iterations 1
Cbc0038I Pass  57: suminf.    0.65034 (3) obj. 3.30113e+06 iterations 14
Cbc0038I Pass  58: suminf.    0.63963 (4) obj. 3.30113e+06 iterations 2
Cbc0038I Pass  59: suminf.    0.47476 (4) obj. 3.30113e+06 iterations 13
Cbc0038I Pass  60: suminf.    0.47476 (4) obj. 3.30113e+06 iterations 0
Cbc0038I Pass  61: suminf.    1.02534 (4) obj. 3.30113e+06 iterations 5
Cbc0038I Pass  62: suminf.    0.44308 (1) obj. 3.30113e+06 iterations 8
Cbc0038I No solution found this major pass
Cbc0038I Before mini branch and bound, 5 integers at bound fixed and 81 continuous
Cbc0038I Full problem 113 rows 155 columns, reduced to 23 rows 31 columns
Cbc0038I Mini branch and bound did not improve solution (0.04 seconds)
Cbc0038I After 0.04 seconds - Feasibility pump exiting with objective of 3.30116e+06 - took 0.04 seconds
Cbc0012I Integer solution of 3301163.6 found by feasibility pump after 0 iterations and 0 nodes (0.04 seconds)
Cbc0038I Full problem 113 rows 155 columns, reduced to 69 rows 106 columns
Cbc0031I 9 added rows had average density of 35.111111
Cbc0013I At root node, 9 cuts changed objective from 3301040.1 to 3301135.8 in 100 passes
Cbc0014I Cut generator 0 (Probing) - 5 row cuts average 2.0 elements, 0 column cuts (0 active)  in 0.007 seconds - new frequency is -100
Cbc0014I Cut generator 1 (Gomory) - 362 row cuts average 37.0 elements, 0 column cuts (0 active)  in 0.009 seconds - new frequency is 1
Cbc0014I Cut generator 2 (Knapsack) - 0 row cuts average 0.0 elements, 0 column cuts (0 active)  in 0.023 seconds - new frequency is -100
Cbc0014I Cut generator 3 (Clique) - 0 row cuts average 0.0 elements, 0 column cuts (0 active)  in 0.000 seconds - new frequency is -100
Cbc0014I Cut generator 4 (MixedIntegerRounding2) - 9 row cuts average 5.4 elements, 0 column cuts (0 active)  in 0.006 seconds - new frequency is -100
Cbc0014I Cut generator 5 (FlowCover) - 0 row cuts average 0.0 elements, 0 column cuts (0 active)  in 0.017 seconds - new frequency is -100
Cbc0014I Cut generator 6 (TwoMirCuts) - 31 row cuts average 10.4 elements, 0 column cuts (0 active)  in 0.003 seconds - new frequency is -100
Cbc0010I After 0 nodes, 1 on tree, 3301163.6 best solution, best possible 3301135.8 (0.19 seconds)
Cbc0001I Search completed - best objective 3301163.628808762, took 1734 iterations and 10 nodes (0.21 seconds)
Cbc0032I Strong branching done 52 times (227 iterations), fathomed 2 nodes and fixed 3 variables
Cbc0035I Maximum depth 3, 0 variables fixed on reduced cost
Cuts at root node changed objective from 3.30104e+06 to 3.30114e+06
Probing was tried 100 times and created 5 cuts of which 0 were active after adding rounds of cuts (0.007 seconds)
Gomory was tried 128 times and created 409 cuts of which 0 were active after adding rounds of cuts (0.012 seconds)
Knapsack was tried 100 times and created 0 cuts of which 0 were active after adding rounds of cuts (0.023 seconds)
Clique was tried 100 times and created 0 cuts of which 0 were active after adding rounds of cuts (0.000 seconds)
MixedIntegerRounding2 was tried 100 times and created 9 cuts of which 0 were active after adding rounds of cuts (0.006 seconds)
FlowCover was tried 100 times and created 0 cuts of which 0 were active after adding rounds of cuts (0.017 seconds)
TwoMirCuts was tried 100 times and created 31 cuts of which 0 were active after adding rounds of cuts (0.003 seconds)
ZeroHalf was tried 1 times and created 0 cuts of which 0 were active after adding rounds of cuts (0.000 seconds)

Result - Optimal solution found

Objective value:                3301163.62880876
Enumerated nodes:               10
Total iterations:               1734
Time (CPU seconds):             0.22
Time (Wallclock seconds):       0.22

Option for printingOptions changed from normal to all
Total time (CPU seconds):       0.24   (Wallclock seconds):       0.25

