Welcome to the CBC MILP Solver 
Version: 2.10.3 
Build Date: Dec 15 2019 

command line - E:\dachuang\.venv\Lib\site-packages\pulp\apis\../solverdir/cbc/win/i64/cbc.exe model.mps -primalTolerance 1e-9 -integerTolerance 1e-9 -ratioGap 0 -allowableGap 0 -threads 0 -branch -printingOptions all -solution solution.txt -saveSolution solution.bin -quit (default strategy 1)
At line 2 NAME          MODEL
At line 3 ROWS
At line 317 COLUMNS
At line 1133 RHS
At line 1446 BOUNDS
At line 1521 ENDATA
Problem MODEL has 312 rows, 241 columns and 647 elements
Coin0008I MODEL read with 0 errors
primalTolerance was changed from 1e-07 to 1e-09
integerTolerance was changed from 1e-07 to 1e-09
ratioGap was changed from 0 to 0
allowableGap was changed from 1e-10 to 0
Continuous objective value is 994853 - 0.00 seconds
Cgl0003I 0 fixed, 0 tightened bounds, 3 strengthened rows, 0 substitutions
Cgl0004I processed model has 119 rows, 167 columns (24 integer (24 of which binary)) and 356 elements
Cbc0038I Initial state - 9 integers unsatisfied sum - 2.64769
Cbc0038I Pass   1: suminf.    0.00000 (0) obj. 1.00436e+06 iterations 19
Cbc0038I Solution found of 1.00436e+06
Cbc0038I Relaxing continuous gives 996396
Cbc0038I Before mini branch and bound, 15 integers at bound fixed and 86 continuous
Cbc0038I Full problem 119 rows 167 columns, reduced to 11 rows 14 columns
Cbc0038I Mini branch and bound improved solution from 996396 to 995288 (0.01 seconds)
Cbc0038I Round again with cutoff of 995246
Cbc0038I Pass   2: suminf.    0.41077 (3) obj. 995246 iterations 14
Cbc0038I Pass   3: suminf.    0.00000 (0) obj. 995246 iterations 12
Cbc0038I Solution found of 995246
Cbc0038I Relaxing continuous gives 995198
Cbc0038I Before mini branch and bound, 13 integers at bound fixed and 82 continuous
Cbc0038I Full problem 119 rows 167 columns, reduced to 16 rows 21 columns
Cbc0038I Mini branch and bound improved solution from 995198 to 995056 (0.02 seconds)
Cbc0038I Round again with cutoff of 995019
Cbc0038I Pass   4: suminf.    1.03364 (4) obj. 995019 iterations 3
Cbc0038I Pass   5: suminf.    0.76987 (4) obj. 995019 iterations 1
Cbc0038I Pass   6: suminf.    0.69153 (3) obj. 995019 iterations 2
Cbc0038I Pass   7: suminf.    0.48833 (3) obj. 995019 iterations 1
Cbc0038I Pass   8: suminf.    0.46083 (1) obj. 995019 iterations 4
Cbc0038I Pass   9: suminf.    0.25763 (1) obj. 995019 iterations 6
Cbc0038I Pass  10: suminf.    0.83264 (3) obj. 995019 iterations 10
Cbc0038I Pass  11: suminf.    0.38910 (1) obj. 995019 iterations 4
Cbc0038I Pass  12: suminf.    0.46083 (1) obj. 995019 iterations 3
Cbc0038I Pass  13: suminf.    0.25763 (1) obj. 995019 iterations 6
Cbc0038I Pass  14: suminf.    0.99627 (6) obj. 995019 iterations 17
Cbc0038I Pass  15: suminf.    0.29277 (4) obj. 995019 iterations 2
Cbc0038I Pass  16: suminf.    0.91842 (3) obj. 995019 iterations 5
Cbc0038I Pass  17: suminf.    0.91842 (2) obj. 995019 iterations 1
Cbc0038I Pass  18: suminf.    0.26927 (3) obj. 995019 iterations 4
Cbc0038I Pass  19: suminf.    1.05613 (6) obj. 995019 iterations 6
Cbc0038I Pass  20: suminf.    0.35027 (4) obj. 995019 iterations 2
Cbc0038I Pass  21: suminf.    1.24078 (4) obj. 995019 iterations 19
Cbc0038I Pass  22: suminf.    0.84427 (3) obj. 995019 iterations 4
Cbc0038I Pass  23: suminf.    0.68088 (3) obj. 995019 iterations 9
Cbc0038I Pass  24: suminf.    0.68088 (3) obj. 995019 iterations 1
Cbc0038I Pass  25: suminf.    1.06013 (3) obj. 995019 iterations 4
Cbc0038I Pass  26: suminf.    1.06013 (3) obj. 995019 iterations 1
Cbc0038I Pass  27: suminf.    1.01763 (3) obj. 995019 iterations 6
Cbc0038I Pass  28: suminf.    0.68088 (3) obj. 995019 iterations 1
Cbc0038I Pass  29: suminf.    0.68088 (3) obj. 995019 iterations 1
Cbc0038I Pass  30: suminf.    1.06013 (3) obj. 995019 iterations 4
Cbc0038I Pass  31: suminf.    1.06013 (3) obj. 995019 iterations 1
Cbc0038I Pass  32: suminf.    1.01763 (3) obj. 995019 iterations 6
Cbc0038I Pass  33: suminf.    0.68088 (3) obj. 995019 iterations 1
Cbc0038I No solution found this major pass
Cbc0038I Before mini branch and bound, 3 integers at bound fixed and 70 continuous
Cbc0038I Full problem 119 rows 167 columns, reduced to 29 rows 37 columns
Cbc0038I Mini branch and bound improved solution from 995056 to 994945 (0.03 seconds)
Cbc0038I Round again with cutoff of 994922
Cbc0038I Pass  33: suminf.    1.23088 (6) obj. 994922 iterations 3
Cbc0038I Pass  34: suminf.    0.93399 (6) obj. 994922 iterations 2
Cbc0038I Pass  35: suminf.    0.90974 (6) obj. 994922 iterations 1
Cbc0038I Pass  36: suminf.    1.32818 (4) obj. 994922 iterations 12
Cbc0038I Pass  37: suminf.    1.12319 (3) obj. 994922 iterations 1
Cbc0038I Pass  38: suminf.    0.70329 (4) obj. 994922 iterations 6
Cbc0038I Pass  39: suminf.    0.67904 (4) obj. 994922 iterations 1
Cbc0038I Pass  40: suminf.    1.17504 (4) obj. 994922 iterations 17
Cbc0038I Pass  41: suminf.    0.84644 (3) obj. 994922 iterations 2
Cbc0038I Pass  42: suminf.    0.73029 (4) obj. 994922 iterations 6
Cbc0038I Pass  43: suminf.    0.94893 (4) obj. 994922 iterations 6
Cbc0038I Pass  44: suminf.    0.94893 (3) obj. 994922 iterations 1
Cbc0038I Pass  45: suminf.    1.46343 (5) obj. 994922 iterations 10
Cbc0038I Pass  46: suminf.    1.46343 (5) obj. 994922 iterations 0
Cbc0038I Pass  47: suminf.    0.73029 (4) obj. 994922 iterations 8
Cbc0038I Pass  48: suminf.    0.94893 (3) obj. 994922 iterations 7
Cbc0038I Pass  49: suminf.    0.94893 (3) obj. 994922 iterations 0
Cbc0038I Pass  50: suminf.    0.73029 (4) obj. 994922 iterations 6
Cbc0038I Pass  51: suminf.    0.94893 (4) obj. 994922 iterations 6
Cbc0038I Pass  52: suminf.    0.84644 (3) obj. 994922 iterations 7
Cbc0038I Pass  53: suminf.    0.73029 (4) obj. 994922 iterations 7
Cbc0038I Pass  54: suminf.    0.94893 (4) obj. 994922 iterations 6
Cbc0038I Pass  55: suminf.    0.94893 (3) obj. 994922 iterations 4
Cbc0038I Pass  56: suminf.    1.10479 (5) obj. 994922 iterations 7
Cbc0038I Pass  57: suminf.    0.67904 (3) obj. 994922 iterations 7
Cbc0038I Pass  58: suminf.    1.12319 (3) obj. 994922 iterations 5
Cbc0038I Pass  59: suminf.    1.12319 (3) obj. 994922 iterations 0
Cbc0038I Pass  60: suminf.    0.70329 (3) obj. 994922 iterations 9
Cbc0038I Pass  61: suminf.    1.51970 (4) obj. 994922 iterations 11
Cbc0038I Pass  62: suminf.    1.12319 (3) obj. 994922 iterations 1
Cbc0038I No solution found this major pass
Cbc0038I Before mini branch and bound, 4 integers at bound fixed and 74 continuous
Cbc0038I Full problem 119 rows 167 columns, reduced to 25 rows 33 columns
Cbc0038I Mini branch and bound did not improve solution (0.05 seconds)
Cbc0038I After 0.05 seconds - Feasibility pump exiting with objective of 994945 - took 0.04 seconds
Cbc0012I Integer solution of 994944.73 found by feasibility pump after 0 iterations and 0 nodes (0.05 seconds)
Cbc0038I Full problem 119 rows 167 columns, reduced to 91 rows 138 columns - 2 fixed gives 86, 133 - still too large
Cbc0031I 11 added rows had average density of 20.727273
Cbc0013I At root node, 11 cuts changed objective from 994870.3 to 994937.57 in 100 passes
Cbc0014I Cut generator 0 (Probing) - 1 row cuts average 4.0 elements, 1 column cuts (1 active)  in 0.013 seconds - new frequency is -100
Cbc0014I Cut generator 1 (Gomory) - 305 row cuts average 31.2 elements, 0 column cuts (0 active)  in 0.008 seconds - new frequency is 1
Cbc0014I Cut generator 2 (Knapsack) - 0 row cuts average 0.0 elements, 0 column cuts (0 active)  in 0.022 seconds - new frequency is -100
Cbc0014I Cut generator 3 (Clique) - 0 row cuts average 0.0 elements, 0 column cuts (0 active)  in 0.001 seconds - new frequency is -100
Cbc0014I Cut generator 4 (MixedIntegerRounding2) - 1 row cuts average 4.0 elements, 0 column cuts (0 active)  in 0.008 seconds - new frequency is -100
Cbc0014I Cut generator 5 (FlowCover) - 0 row cuts average 0.0 elements, 0 column cuts (0 active)  in 0.017 seconds - new frequency is -100
Cbc0014I Cut generator 6 (TwoMirCuts) - 28 row cuts average 12.4 elements, 0 column cuts (0 active)  in 0.007 seconds - new frequency is -100
Cbc0010I After 0 nodes, 1 on tree, 994944.73 best solution, best possible 994937.57 (0.19 seconds)
Cbc0001I Search completed - best objective 994944.7324098677, took 782 iterations and 2 nodes (0.19 seconds)
Cbc0032I Strong branching done 20 times (82 iterations), fathomed 2 nodes and fixed 1 variables
Cbc0035I Maximum depth 0, 0 variables fixed on reduced cost
Cuts at root node changed objective from 994870 to 994938
Probing was tried 100 times and created 2 cuts of which 0 were active after adding rounds of cuts (0.013 seconds)
Gomory was tried 105 times and created 314 cuts of which 0 were active after adding rounds of cuts (0.009 seconds)
Knapsack was tried 100 times and created 0 cuts of which 0 were active after adding rounds of cuts (0.022 seconds)
Clique was tried 100 times and created 0 cuts of which 0 were active after adding rounds of cuts (0.001 seconds)
MixedIntegerRounding2 was tried 100 times and created 1 cuts of which 0 were active after adding rounds of cuts (0.008 seconds)
FlowCover was tried 100 times and created 0 cuts of which 0 were active after adding rounds of cuts (0.017 seconds)
TwoMirCuts was tried 100 times and created 28 cuts of which 0 were active after adding rounds of cuts (0.007 seconds)
ZeroHalf was tried 1 times and created 0 cuts of which 0 were active after adding rounds of cuts (0.000 seconds)

Result - Optimal solution found

Objective value:                994944.73240987
Enumerated nodes:               2
Total iterations:               782
Time (CPU seconds):             0.20
Time (Wallclock seconds):       0.20

Option for printingOptions changed from normal to all
Total time (CPU seconds):       0.22   (Wallclock seconds):       0.22

