Welcome to the CBC MILP Solver 
Version: 2.10.3 
Build Date: Dec 15 2019 

command line - E:\dachuang\.venv\Lib\site-packages\pulp\apis\../solverdir/cbc/win/i64/cbc.exe model.mps -primalTolerance 1e-9 -integerTolerance 1e-9 -ratioGap 0 -allowableGap 0 -threads 0 -branch -printingOptions all -solution solution.txt -saveSolution solution.bin -quit (default strategy 1)
At line 2 NAME          MODEL
At line 3 ROWS
At line 317 COLUMNS
At line 1133 RHS
At line 1446 BOUNDS
At line 1521 ENDATA
Problem MODEL has 312 rows, 241 columns and 647 elements
Coin0008I MODEL read with 0 errors
primalTolerance was changed from 1e-07 to 1e-09
integerTolerance was changed from 1e-07 to 1e-09
ratioGap was changed from 0 to 0
allowableGap was changed from 1e-10 to 0
Continuous objective value is 685781 - 0.00 seconds
Cgl0003I 0 fixed, 0 tightened bounds, 3 strengthened rows, 0 substitutions
Cgl0004I processed model has 119 rows, 167 columns (24 integer (24 of which binary)) and 356 elements
Cbc0038I Initial state - 6 integers unsatisfied sum - 1.84751
Cbc0038I Pass   1: suminf.    0.00000 (0) obj. 692721 iterations 11
Cbc0038I Solution found of 692721
Cbc0038I Relaxing continuous gives 686557
Cbc0038I Before mini branch and bound, 18 integers at bound fixed and 87 continuous
Cbc0038I Full problem 119 rows 167 columns, reduced to 9 rows 11 columns
Cbc0038I Mini branch and bound improved solution from 686557 to 686216 (0.01 seconds)
Cbc0038I Round again with cutoff of 686175
Cbc0038I Pass   2: suminf.    0.20235 (2) obj. 686175 iterations 15
Cbc0038I Pass   3: suminf.    0.00000 (0) obj. 686175 iterations 7
Cbc0038I Solution found of 686175
Cbc0038I Relaxing continuous gives 686007
Cbc0038I Before mini branch and bound, 17 integers at bound fixed and 80 continuous
Cbc0038I Full problem 119 rows 167 columns, reduced to 20 rows 27 columns
Cbc0038I Mini branch and bound improved solution from 686007 to 685873 (0.02 seconds)
Cbc0038I Round again with cutoff of 685858
Cbc0038I Pass   4: suminf.    0.47816 (3) obj. 685858 iterations 3
Cbc0038I Pass   5: suminf.    0.41744 (3) obj. 685858 iterations 5
Cbc0038I Pass   6: suminf.    0.45587 (2) obj. 685858 iterations 3
Cbc0038I Pass   7: suminf.    0.39515 (2) obj. 685858 iterations 3
Cbc0038I Pass   8: suminf.    0.39515 (2) obj. 685858 iterations 10
Cbc0038I Pass   9: suminf.    0.45587 (2) obj. 685858 iterations 2
Cbc0038I Pass  10: suminf.    0.39515 (2) obj. 685858 iterations 3
Cbc0038I Pass  11: suminf.    1.06713 (3) obj. 685858 iterations 25
Cbc0038I Pass  12: suminf.    0.39515 (2) obj. 685858 iterations 8
Cbc0038I Pass  13: suminf.    0.45587 (2) obj. 685858 iterations 2
Cbc0038I Pass  14: suminf.    0.69476 (3) obj. 685858 iterations 7
Cbc0038I Pass  15: suminf.    1.34391 (3) obj. 685858 iterations 3
Cbc0038I Pass  16: suminf.    1.34391 (3) obj. 685858 iterations 3
Cbc0038I Pass  17: suminf.    0.69476 (3) obj. 685858 iterations 3
Cbc0038I Pass  18: suminf.    0.69476 (3) obj. 685858 iterations 0
Cbc0038I Pass  19: suminf.    0.92586 (4) obj. 685858 iterations 17
Cbc0038I Pass  20: suminf.    0.92586 (4) obj. 685858 iterations 4
Cbc0038I Pass  21: suminf.    0.53686 (3) obj. 685858 iterations 10
Cbc0038I Pass  22: suminf.    0.53686 (3) obj. 685858 iterations 3
Cbc0038I Pass  23: suminf.    0.53686 (3) obj. 685858 iterations 5
Cbc0038I Pass  24: suminf.    0.53686 (3) obj. 685858 iterations 1
Cbc0038I Pass  25: suminf.    2.11741 (6) obj. 685858 iterations 18
Cbc0038I Pass  26: suminf.    0.69476 (3) obj. 685858 iterations 7
Cbc0038I Pass  27: suminf.    0.69476 (3) obj. 685858 iterations 0
Cbc0038I Pass  28: suminf.    1.34391 (3) obj. 685858 iterations 3
Cbc0038I Pass  29: suminf.    1.34391 (3) obj. 685858 iterations 3
Cbc0038I Pass  30: suminf.    0.39515 (2) obj. 685858 iterations 10
Cbc0038I Pass  31: suminf.    0.39515 (2) obj. 685858 iterations 3
Cbc0038I Pass  32: suminf.    0.16662 (2) obj. 685858 iterations 3
Cbc0038I Pass  33: suminf.    0.16163 (1) obj. 685858 iterations 1
Cbc0038I No solution found this major pass
Cbc0038I Before mini branch and bound, 2 integers at bound fixed and 73 continuous
Cbc0038I Full problem 119 rows 167 columns, reduced to 28 rows 39 columns
Cbc0038I Mini branch and bound did not improve solution (0.03 seconds)
Cbc0038I After 0.03 seconds - Feasibility pump exiting with objective of 685873 - took 0.03 seconds
Cbc0012I Integer solution of 685872.8 found by feasibility pump after 0 iterations and 0 nodes (0.04 seconds)
Cbc0038I Full problem 119 rows 167 columns, reduced to 69 rows 116 columns
Cbc0031I 9 added rows had average density of 24
Cbc0013I At root node, 9 cuts changed objective from 685798.37 to 685829.66 in 100 passes
Cbc0014I Cut generator 0 (Probing) - 1 row cuts average 4.0 elements, 3 column cuts (3 active)  in 0.012 seconds - new frequency is -100
Cbc0014I Cut generator 1 (Gomory) - 386 row cuts average 27.5 elements, 0 column cuts (0 active)  in 0.019 seconds - new frequency is 1
Cbc0014I Cut generator 2 (Knapsack) - 0 row cuts average 0.0 elements, 0 column cuts (0 active)  in 0.024 seconds - new frequency is -100
Cbc0014I Cut generator 3 (Clique) - 0 row cuts average 0.0 elements, 0 column cuts (0 active)  in 0.002 seconds - new frequency is -100
Cbc0014I Cut generator 4 (MixedIntegerRounding2) - 3 row cuts average 8.7 elements, 0 column cuts (0 active)  in 0.009 seconds - new frequency is -100
Cbc0014I Cut generator 5 (FlowCover) - 0 row cuts average 0.0 elements, 0 column cuts (0 active)  in 0.030 seconds - new frequency is -100
Cbc0014I Cut generator 6 (TwoMirCuts) - 28 row cuts average 11.5 elements, 0 column cuts (0 active)  in 0.004 seconds - new frequency is -100
Cbc0010I After 0 nodes, 1 on tree, 685872.8 best solution, best possible 685829.66 (0.23 seconds)
Cbc0001I Search completed - best objective 685872.8030470926, took 1638 iterations and 12 nodes (0.28 seconds)
Cbc0032I Strong branching done 52 times (224 iterations), fathomed 1 nodes and fixed 6 variables
Cbc0035I Maximum depth 2, 0 variables fixed on reduced cost
Cuts at root node changed objective from 685798 to 685830
Probing was tried 100 times and created 4 cuts of which 0 were active after adding rounds of cuts (0.012 seconds)
Gomory was tried 162 times and created 502 cuts of which 0 were active after adding rounds of cuts (0.020 seconds)
Knapsack was tried 100 times and created 0 cuts of which 0 were active after adding rounds of cuts (0.024 seconds)
Clique was tried 100 times and created 0 cuts of which 0 were active after adding rounds of cuts (0.002 seconds)
MixedIntegerRounding2 was tried 100 times and created 3 cuts of which 0 were active after adding rounds of cuts (0.009 seconds)
FlowCover was tried 100 times and created 0 cuts of which 0 were active after adding rounds of cuts (0.030 seconds)
TwoMirCuts was tried 100 times and created 28 cuts of which 0 were active after adding rounds of cuts (0.004 seconds)
ZeroHalf was tried 1 times and created 0 cuts of which 0 were active after adding rounds of cuts (0.000 seconds)

Result - Optimal solution found

Objective value:                685872.80304709
Enumerated nodes:               12
Total iterations:               1638
Time (CPU seconds):             0.28
Time (Wallclock seconds):       0.28

Option for printingOptions changed from normal to all
Total time (CPU seconds):       0.30   (Wallclock seconds):       0.31

