Welcome to the CBC MILP Solver 
Version: 2.10.3 
Build Date: Dec 15 2019 

command line - E:\dachuang\.venv\Lib\site-packages\pulp\apis\../solverdir/cbc/win/i64/cbc.exe model.mps -primalTolerance 1e-9 -integerTolerance 1e-9 -ratioGap 0 -allowableGap 0 -threads 0 -branch -printingOptions all -solution solution.txt -saveSolution solution.bin -quit (default strategy 1)
At line 2 NAME          MODEL
At line 3 ROWS
At line 317 COLUMNS
At line 1133 RHS
At line 1446 BOUNDS
At line 1521 ENDATA
Problem MODEL has 312 rows, 241 columns and 647 elements
Coin0008I MODEL read with 0 errors
primalTolerance was changed from 1e-07 to 1e-09
integerTolerance was changed from 1e-07 to 1e-09
ratioGap was changed from 0 to 0
allowableGap was changed from 1e-10 to 0
Continuous objective value is 2.00769e+06 - 0.00 seconds
Cgl0003I 0 fixed, 0 tightened bounds, 3 strengthened rows, 0 substitutions
Cgl0004I processed model has 115 rows, 154 columns (24 integer (24 of which binary)) and 331 elements
Cbc0038I Initial state - 11 integers unsatisfied sum - 2.26369
Cbc0038I Pass   1: suminf.    0.00000 (0) obj. 2.06138e+06 iterations 16
Cbc0038I Solution found of 2.06138e+06
Cbc0038I Relaxing continuous gives 2.02146e+06
Cbc0038I Before mini branch and bound, 13 integers at bound fixed and 77 continuous
Cbc0038I Full problem 115 rows 154 columns, reduced to 9 rows 13 columns
Cbc0038I Mini branch and bound improved solution from 2.02146e+06 to 2.0081e+06 (0.01 seconds)
Cbc0038I Round again with cutoff of 2.00807e+06
Cbc0038I Pass   2: suminf.    0.37489 (4) obj. 2.00807e+06 iterations 10
Cbc0038I Pass   3: suminf.    0.00000 (0) obj. 2.00807e+06 iterations 10
Cbc0038I Solution found of 2.00807e+06
Cbc0038I Relaxing continuous gives 2.00806e+06
Cbc0038I Before mini branch and bound, 13 integers at bound fixed and 75 continuous
Cbc0038I Full problem 115 rows 154 columns, reduced to 12 rows 16 columns
Cbc0038I Mini branch and bound improved solution from 2.00806e+06 to 2.00806e+06 (0.02 seconds)
Cbc0038I Round again with cutoff of 2.00799e+06
Cbc0038I Pass   4: suminf.    0.70470 (4) obj. 2.00799e+06 iterations 0
Cbc0038I Pass   5: suminf.    0.51794 (6) obj. 2.00799e+06 iterations 7
Cbc0038I Pass   6: suminf.    0.01691 (2) obj. 2.00799e+06 iterations 11
Cbc0038I Pass   7: suminf.    0.01691 (2) obj. 2.00799e+06 iterations 3
Cbc0038I Pass   8: suminf.    0.04909 (2) obj. 2.00799e+06 iterations 3
Cbc0038I Pass   9: suminf.    0.62749 (2) obj. 2.00799e+06 iterations 12
Cbc0038I Pass  10: suminf.    0.44072 (4) obj. 2.00799e+06 iterations 5
Cbc0038I Pass  11: suminf.    0.01691 (2) obj. 2.00799e+06 iterations 9
Cbc0038I Pass  12: suminf.    0.01691 (2) obj. 2.00799e+06 iterations 3
Cbc0038I Pass  13: suminf.    0.04909 (2) obj. 2.00799e+06 iterations 3
Cbc0038I Pass  14: suminf.    0.01691 (2) obj. 2.00799e+06 iterations 9
Cbc0038I Pass  15: suminf.    0.04909 (2) obj. 2.00799e+06 iterations 3
Cbc0038I Pass  16: suminf.    0.01691 (2) obj. 2.00799e+06 iterations 1
Cbc0038I Pass  17: suminf.    0.57750 (5) obj. 2.00799e+06 iterations 9
Cbc0038I Pass  18: suminf.    0.24513 (3) obj. 2.00799e+06 iterations 15
Cbc0038I Pass  19: suminf.    0.24513 (3) obj. 2.00799e+06 iterations 0
Cbc0038I Pass  20: suminf.    0.82087 (4) obj. 2.00799e+06 iterations 7
Cbc0038I Pass  21: suminf.    0.50172 (3) obj. 2.00799e+06 iterations 6
Cbc0038I Pass  22: suminf.    0.50174 (3) obj. 2.00799e+06 iterations 2
Cbc0038I Pass  23: suminf.    0.27313 (5) obj. 2.00799e+06 iterations 12
Cbc0038I Pass  24: suminf.    0.82087 (4) obj. 2.00799e+06 iterations 9
Cbc0038I Pass  25: suminf.    0.50172 (3) obj. 2.00799e+06 iterations 6
Cbc0038I Pass  26: suminf.    0.50174 (3) obj. 2.00799e+06 iterations 2
Cbc0038I Pass  27: suminf.    0.75407 (4) obj. 2.00799e+06 iterations 19
Cbc0038I Pass  28: suminf.    0.54087 (4) obj. 2.00799e+06 iterations 3
Cbc0038I Pass  29: suminf.    0.48374 (3) obj. 2.00799e+06 iterations 9
Cbc0038I Pass  30: suminf.    0.48374 (3) obj. 2.00799e+06 iterations 0
Cbc0038I Pass  31: suminf.    0.48374 (3) obj. 2.00799e+06 iterations 5
Cbc0038I Pass  32: suminf.    0.48374 (3) obj. 2.00799e+06 iterations 0
Cbc0038I Pass  33: suminf.    0.24513 (2) obj. 2.00799e+06 iterations 6
Cbc0038I No solution found this major pass
Cbc0038I Before mini branch and bound, 5 integers at bound fixed and 68 continuous
Cbc0038I Full problem 115 rows 154 columns, reduced to 26 rows 35 columns
Cbc0038I Mini branch and bound improved solution from 2.00806e+06 to 2.00794e+06 (0.04 seconds)
Cbc0038I Freeing continuous variables gives a solution of 2.00787e+06
Cbc0038I Round again with cutoff of 2.00782e+06
Cbc0038I Pass  33: suminf.    1.29766 (9) obj. 2.00782e+06 iterations 6
Cbc0038I Pass  34: suminf.    1.29766 (9) obj. 2.00782e+06 iterations 0
Cbc0038I Pass  35: suminf.    0.26346 (4) obj. 2.00782e+06 iterations 21
Cbc0038I Pass  36: suminf.    0.26346 (4) obj. 2.00782e+06 iterations 4
Cbc0038I Pass  37: suminf.    1.03024 (4) obj. 2.00782e+06 iterations 11
Cbc0038I Pass  38: suminf.    0.26936 (3) obj. 2.00782e+06 iterations 7
Cbc0038I Pass  39: suminf.    0.05286 (2) obj. 2.00782e+06 iterations 6
Cbc0038I Pass  40: suminf.    0.26936 (2) obj. 2.00782e+06 iterations 6
Cbc0038I Pass  41: suminf.    1.72098 (7) obj. 2.00782e+06 iterations 24
Cbc0038I Pass  42: suminf.    1.51424 (6) obj. 2.00782e+06 iterations 2
Cbc0038I Pass  43: suminf.    1.48570 (6) obj. 2.00782e+06 iterations 2
Cbc0038I Pass  44: suminf.    0.32446 (5) obj. 2.00782e+06 iterations 11
Cbc0038I Pass  45: suminf.    0.32446 (5) obj. 2.00782e+06 iterations 0
Cbc0038I Pass  46: suminf.    0.31089 (4) obj. 2.00782e+06 iterations 17
Cbc0038I Pass  47: suminf.    0.30292 (3) obj. 2.00782e+06 iterations 4
Cbc0038I Pass  48: suminf.    0.54615 (5) obj. 2.00782e+06 iterations 9
Cbc0038I Pass  49: suminf.    0.26346 (4) obj. 2.00782e+06 iterations 8
Cbc0038I Pass  50: suminf.    0.26346 (4) obj. 2.00782e+06 iterations 3
Cbc0038I Pass  51: suminf.    1.03024 (4) obj. 2.00782e+06 iterations 10
Cbc0038I Pass  52: suminf.    0.26936 (3) obj. 2.00782e+06 iterations 6
Cbc0038I Pass  53: suminf.    0.05286 (2) obj. 2.00782e+06 iterations 7
Cbc0038I Pass  54: suminf.    0.26936 (2) obj. 2.00782e+06 iterations 6
Cbc0038I Pass  55: suminf.    0.50517 (5) obj. 2.00782e+06 iterations 18
Cbc0038I Pass  56: suminf.    0.23847 (4) obj. 2.00782e+06 iterations 1
Cbc0038I Pass  57: suminf.    0.26936 (2) obj. 2.00782e+06 iterations 8
Cbc0038I Pass  58: suminf.    0.05286 (2) obj. 2.00782e+06 iterations 4
Cbc0038I Pass  59: suminf.    0.05286 (2) obj. 2.00782e+06 iterations 2
Cbc0038I Pass  60: suminf.    0.26936 (2) obj. 2.00782e+06 iterations 6
Cbc0038I Pass  61: suminf.    0.05286 (2) obj. 2.00782e+06 iterations 4
Cbc0038I Pass  62: suminf.    1.24894 (8) obj. 2.00782e+06 iterations 14
Cbc0038I No solution found this major pass
Cbc0038I Before mini branch and bound, 2 integers at bound fixed and 62 continuous
Cbc0038I Full problem 115 rows 154 columns, reduced to 26 rows 36 columns
Cbc0038I Mini branch and bound improved solution from 2.00787e+06 to 2.00784e+06 (0.05 seconds)
Cbc0038I Round again with cutoff of 2.00779e+06
Cbc0038I Pass  62: suminf.    1.45699 (9) obj. 2.00779e+06 iterations 0
Cbc0038I Pass  63: suminf.    1.45699 (9) obj. 2.00779e+06 iterations 0
Cbc0038I Pass  64: suminf.    0.42279 (4) obj. 2.00779e+06 iterations 17
Cbc0038I Pass  65: suminf.    0.42279 (4) obj. 2.00779e+06 iterations 4
Cbc0038I Pass  66: suminf.    1.03582 (5) obj. 2.00779e+06 iterations 12
Cbc0038I Pass  67: suminf.    1.03582 (5) obj. 2.00779e+06 iterations 1
Cbc0038I Pass  68: suminf.    1.03582 (5) obj. 2.00779e+06 iterations 7
Cbc0038I Pass  69: suminf.    0.42279 (4) obj. 2.00779e+06 iterations 10
Cbc0038I Pass  70: suminf.    0.42279 (4) obj. 2.00779e+06 iterations 1
Cbc0038I Pass  71: suminf.    1.03582 (5) obj. 2.00779e+06 iterations 9
Cbc0038I Pass  72: suminf.    1.03582 (5) obj. 2.00779e+06 iterations 1
Cbc0038I Pass  73: suminf.    1.03582 (5) obj. 2.00779e+06 iterations 2
Cbc0038I Pass  74: suminf.    0.42279 (4) obj. 2.00779e+06 iterations 10
Cbc0038I Pass  75: suminf.    0.42279 (4) obj. 2.00779e+06 iterations 3
Cbc0038I Pass  76: suminf.    1.03582 (5) obj. 2.00779e+06 iterations 9
Cbc0038I Pass  77: suminf.    1.03582 (5) obj. 2.00779e+06 iterations 1
Cbc0038I Pass  78: suminf.    1.03582 (5) obj. 2.00779e+06 iterations 2
Cbc0038I Pass  79: suminf.    0.42279 (4) obj. 2.00779e+06 iterations 10
Cbc0038I Pass  80: suminf.    0.42279 (4) obj. 2.00779e+06 iterations 3
Cbc0038I Pass  81: suminf.    1.03582 (5) obj. 2.00779e+06 iterations 9
Cbc0038I Pass  82: suminf.    1.03582 (5) obj. 2.00779e+06 iterations 1
Cbc0038I Pass  83: suminf.    1.98417 (7) obj. 2.00779e+06 iterations 6
Cbc0038I Pass  84: suminf.    0.42279 (4) obj. 2.00779e+06 iterations 9
Cbc0038I Pass  85: suminf.    0.42279 (4) obj. 2.00779e+06 iterations 3
Cbc0038I Pass  86: suminf.    1.03582 (5) obj. 2.00779e+06 iterations 9
Cbc0038I Pass  87: suminf.    1.03582 (5) obj. 2.00779e+06 iterations 1
Cbc0038I Pass  88: suminf.    1.04911 (6) obj. 2.00779e+06 iterations 3
Cbc0038I Pass  89: suminf.    0.42279 (4) obj. 2.00779e+06 iterations 11
Cbc0038I Pass  90: suminf.    0.42279 (4) obj. 2.00779e+06 iterations 3
Cbc0038I Pass  91: suminf.    1.03582 (5) obj. 2.00779e+06 iterations 9
Cbc0038I No solution found this major pass
Cbc0038I Before mini branch and bound, 5 integers at bound fixed and 66 continuous
Cbc0038I Full problem 115 rows 154 columns, reduced to 26 rows 35 columns
Cbc0038I Mini branch and bound did not improve solution (0.06 seconds)
Cbc0038I After 0.06 seconds - Feasibility pump exiting with objective of 2.00784e+06 - took 0.05 seconds
Cbc0012I Integer solution of 2007837.3 found by feasibility pump after 0 iterations and 0 nodes (0.06 seconds)
Cbc0038I Full problem 115 rows 154 columns, reduced to 82 rows 118 columns
Cbc0031I 11 added rows had average density of 13.363636
Cbc0013I At root node, 11 cuts changed objective from 2007713.7 to 2007835.9 in 19 passes
Cbc0014I Cut generator 0 (Probing) - 9 row cuts average 2.0 elements, 1 column cuts (1 active)  in 0.002 seconds - new frequency is 1
Cbc0014I Cut generator 1 (Gomory) - 54 row cuts average 34.3 elements, 0 column cuts (0 active)  in 0.001 seconds - new frequency is 1
Cbc0014I Cut generator 2 (Knapsack) - 0 row cuts average 0.0 elements, 0 column cuts (0 active)  in 0.004 seconds - new frequency is -100
Cbc0014I Cut generator 3 (Clique) - 0 row cuts average 0.0 elements, 0 column cuts (0 active)  in 0.000 seconds - new frequency is -100
Cbc0014I Cut generator 4 (MixedIntegerRounding2) - 12 row cuts average 5.1 elements, 0 column cuts (0 active)  in 0.002 seconds - new frequency is 1
Cbc0014I Cut generator 5 (FlowCover) - 0 row cuts average 0.0 elements, 0 column cuts (0 active)  in 0.005 seconds - new frequency is -100
Cbc0014I Cut generator 6 (TwoMirCuts) - 22 row cuts average 14.0 elements, 0 column cuts (0 active)  in 0.001 seconds - new frequency is -100
Cbc0001I Search completed - best objective 2007837.253488456, took 138 iterations and 0 nodes (0.10 seconds)
Cbc0032I Strong branching done 2 times (6 iterations), fathomed 1 nodes and fixed 0 variables
Cbc0035I Maximum depth 0, 1 variables fixed on reduced cost
Cuts at root node changed objective from 2.00771e+06 to 2.00784e+06
Probing was tried 19 times and created 10 cuts of which 0 were active after adding rounds of cuts (0.002 seconds)
Gomory was tried 19 times and created 54 cuts of which 0 were active after adding rounds of cuts (0.001 seconds)
Knapsack was tried 19 times and created 0 cuts of which 0 were active after adding rounds of cuts (0.004 seconds)
Clique was tried 19 times and created 0 cuts of which 0 were active after adding rounds of cuts (0.000 seconds)
MixedIntegerRounding2 was tried 19 times and created 12 cuts of which 0 were active after adding rounds of cuts (0.002 seconds)
FlowCover was tried 19 times and created 0 cuts of which 0 were active after adding rounds of cuts (0.005 seconds)
TwoMirCuts was tried 19 times and created 22 cuts of which 0 were active after adding rounds of cuts (0.001 seconds)
ZeroHalf was tried 1 times and created 0 cuts of which 0 were active after adding rounds of cuts (0.000 seconds)

Result - Optimal solution found

Objective value:                2007837.25348846
Enumerated nodes:               0
Total iterations:               138
Time (CPU seconds):             0.10
Time (Wallclock seconds):       0.10

Option for printingOptions changed from normal to all
Total time (CPU seconds):       0.13   (Wallclock seconds):       0.13

