Welcome to the CBC MILP Solver 
Version: 2.10.3 
Build Date: Dec 15 2019 

command line - E:\dachuang\.venv\Lib\site-packages\pulp\apis\../solverdir/cbc/win/i64/cbc.exe model.mps -primalTolerance 1e-9 -integerTolerance 1e-9 -ratioGap 0 -allowableGap 0 -threads 0 -branch -printingOptions all -solution solution.txt -saveSolution solution.bin -quit (default strategy 1)
At line 2 NAME          MODEL
At line 3 ROWS
At line 317 COLUMNS
At line 1133 RHS
At line 1446 BOUNDS
At line 1521 ENDATA
Problem MODEL has 312 rows, 241 columns and 647 elements
Coin0008I MODEL read with 0 errors
primalTolerance was changed from 1e-07 to 1e-09
integerTolerance was changed from 1e-07 to 1e-09
ratioGap was changed from 0 to 0
allowableGap was changed from 1e-10 to 0
Continuous objective value is 1.44539e+06 - 0.00 seconds
Cgl0003I 0 fixed, 0 tightened bounds, 3 strengthened rows, 0 substitutions
Cgl0004I processed model has 117 rows, 161 columns (24 integer (24 of which binary)) and 344 elements
Cbc0038I Initial state - 12 integers unsatisfied sum - 3.89858
Cbc0038I Pass   1: suminf.    0.00000 (0) obj. 1.58965e+06 iterations 20
Cbc0038I Solution found of 1.58965e+06
Cbc0038I Relaxing continuous gives 1.58173e+06
Cbc0038I Before mini branch and bound, 12 integers at bound fixed and 79 continuous
Cbc0038I Full problem 117 rows 161 columns, reduced to 13 rows 17 columns
Cbc0038I Mini branch and bound improved solution from 1.58173e+06 to 1.44611e+06 (0.01 seconds)
Cbc0038I Round again with cutoff of 1.44604e+06
Cbc0038I Pass   2: suminf.    1.08344 (4) obj. 1.44604e+06 iterations 11
Cbc0038I Pass   3: suminf.    0.00000 (0) obj. 1.44604e+06 iterations 10
Cbc0038I Solution found of 1.44604e+06
Cbc0038I Relaxing continuous gives 1.44588e+06
Cbc0038I Before mini branch and bound, 12 integers at bound fixed and 74 continuous
Cbc0038I Full problem 117 rows 161 columns, reduced to 20 rows 25 columns
Cbc0038I Mini branch and bound improved solution from 1.44588e+06 to 1.44559e+06 (0.02 seconds)
Cbc0038I Round again with cutoff of 1.44555e+06
Cbc0038I Pass   4: suminf.    1.25155 (7) obj. 1.44555e+06 iterations 8
Cbc0038I Pass   5: suminf.    1.25155 (6) obj. 1.44555e+06 iterations 8
Cbc0038I Pass   6: suminf.    0.40730 (1) obj. 1.44555e+06 iterations 13
Cbc0038I Pass   7: suminf.    0.16944 (1) obj. 1.44555e+06 iterations 2
Cbc0038I Pass   8: suminf.    0.43065 (2) obj. 1.44555e+06 iterations 6
Cbc0038I Pass   9: suminf.    0.40730 (1) obj. 1.44555e+06 iterations 3
Cbc0038I Pass  10: suminf.    0.16944 (1) obj. 1.44555e+06 iterations 2
Cbc0038I Pass  11: suminf.    0.62705 (4) obj. 1.44555e+06 iterations 12
Cbc0038I Pass  12: suminf.    0.62705 (4) obj. 1.44555e+06 iterations 0
Cbc0038I Pass  13: suminf.    0.49520 (1) obj. 1.44555e+06 iterations 8
Cbc0038I Pass  14: suminf.    0.16944 (1) obj. 1.44555e+06 iterations 4
Cbc0038I Pass  15: suminf.    0.40730 (1) obj. 1.44555e+06 iterations 3
Cbc0038I Pass  16: suminf.    1.23655 (4) obj. 1.44555e+06 iterations 11
Cbc0038I Pass  17: suminf.    1.23655 (4) obj. 1.44555e+06 iterations 1
Cbc0038I Pass  18: suminf.    0.52199 (3) obj. 1.44555e+06 iterations 10
Cbc0038I Pass  19: suminf.    0.16944 (1) obj. 1.44555e+06 iterations 3
Cbc0038I Pass  20: suminf.    0.40730 (1) obj. 1.44555e+06 iterations 3
Cbc0038I Pass  21: suminf.    1.13385 (5) obj. 1.44555e+06 iterations 15
Cbc0038I Pass  22: suminf.    1.13385 (5) obj. 1.44555e+06 iterations 1
Cbc0038I Pass  23: suminf.    1.53805 (4) obj. 1.44555e+06 iterations 14
Cbc0038I Pass  24: suminf.    0.66805 (4) obj. 1.44555e+06 iterations 2
Cbc0038I Pass  25: suminf.    0.66805 (4) obj. 1.44555e+06 iterations 0
Cbc0038I Pass  26: suminf.    0.94015 (4) obj. 1.44555e+06 iterations 5
Cbc0038I Pass  27: suminf.    0.66805 (3) obj. 1.44555e+06 iterations 9
Cbc0038I Pass  28: suminf.    0.66805 (4) obj. 1.44555e+06 iterations 5
Cbc0038I Pass  29: suminf.    0.66805 (3) obj. 1.44555e+06 iterations 1
Cbc0038I Pass  30: suminf.    0.66805 (4) obj. 1.44555e+06 iterations 4
Cbc0038I Pass  31: suminf.    2.33276 (11) obj. 1.44555e+06 iterations 19
Cbc0038I Pass  32: suminf.    1.83870 (10) obj. 1.44555e+06 iterations 1
Cbc0038I Pass  33: suminf.    0.74115 (4) obj. 1.44555e+06 iterations 13
Cbc0038I No solution found this major pass
Cbc0038I Before mini branch and bound, 3 integers at bound fixed and 67 continuous
Cbc0038I Full problem 117 rows 161 columns, reduced to 26 rows 35 columns
Cbc0038I Mini branch and bound did not improve solution (0.03 seconds)
Cbc0038I After 0.03 seconds - Feasibility pump exiting with objective of 1.44559e+06 - took 0.03 seconds
Cbc0012I Integer solution of 1445589.8 found by feasibility pump after 0 iterations and 0 nodes (0.03 seconds)
Cbc0038I Full problem 117 rows 161 columns, reduced to 83 rows 126 columns
Cbc0031I 12 added rows had average density of 24.916667
Cbc0013I At root node, 12 cuts changed objective from 1445412.3 to 1445522.3 in 100 passes
Cbc0014I Cut generator 0 (Probing) - 0 row cuts average 0.0 elements, 1 column cuts (1 active)  in 0.014 seconds - new frequency is -100
Cbc0014I Cut generator 1 (Gomory) - 370 row cuts average 43.0 elements, 0 column cuts (0 active)  in 0.010 seconds - new frequency is 1
Cbc0014I Cut generator 2 (Knapsack) - 0 row cuts average 0.0 elements, 0 column cuts (0 active)  in 0.029 seconds - new frequency is -100
Cbc0014I Cut generator 3 (Clique) - 0 row cuts average 0.0 elements, 0 column cuts (0 active)  in 0.001 seconds - new frequency is -100
Cbc0014I Cut generator 4 (MixedIntegerRounding2) - 6 row cuts average 5.7 elements, 0 column cuts (0 active)  in 0.009 seconds - new frequency is -100
Cbc0014I Cut generator 5 (FlowCover) - 0 row cuts average 0.0 elements, 0 column cuts (0 active)  in 0.021 seconds - new frequency is -100
Cbc0014I Cut generator 6 (TwoMirCuts) - 30 row cuts average 10.1 elements, 0 column cuts (0 active)  in 0.003 seconds - new frequency is -100
Cbc0010I After 0 nodes, 1 on tree, 1445589.8 best solution, best possible 1445522.3 (0.21 seconds)
Cbc0001I Search completed - best objective 1445589.798841953, took 1663 iterations and 10 nodes (0.25 seconds)
Cbc0032I Strong branching done 52 times (345 iterations), fathomed 3 nodes and fixed 2 variables
Cbc0035I Maximum depth 3, 1 variables fixed on reduced cost
Cuts at root node changed objective from 1.44541e+06 to 1.44552e+06
Probing was tried 100 times and created 1 cuts of which 0 were active after adding rounds of cuts (0.014 seconds)
Gomory was tried 152 times and created 465 cuts of which 0 were active after adding rounds of cuts (0.014 seconds)
Knapsack was tried 100 times and created 0 cuts of which 0 were active after adding rounds of cuts (0.029 seconds)
Clique was tried 100 times and created 0 cuts of which 0 were active after adding rounds of cuts (0.001 seconds)
MixedIntegerRounding2 was tried 100 times and created 6 cuts of which 0 were active after adding rounds of cuts (0.009 seconds)
FlowCover was tried 100 times and created 0 cuts of which 0 were active after adding rounds of cuts (0.021 seconds)
TwoMirCuts was tried 100 times and created 30 cuts of which 0 were active after adding rounds of cuts (0.003 seconds)
ZeroHalf was tried 1 times and created 0 cuts of which 0 were active after adding rounds of cuts (0.000 seconds)

Result - Optimal solution found

Objective value:                1445589.79884195
Enumerated nodes:               10
Total iterations:               1663
Time (CPU seconds):             0.25
Time (Wallclock seconds):       0.25

Option for printingOptions changed from normal to all
Total time (CPU seconds):       0.28   (Wallclock seconds):       0.28

