Welcome to the CBC MILP Solver 
Version: 2.10.3 
Build Date: Dec 15 2019 

command line - E:\dachuang\.venv\Lib\site-packages\pulp\apis\../solverdir/cbc/win/i64/cbc.exe model.mps -primalTolerance 1e-9 -integerTolerance 1e-9 -ratioGap 0 -allowableGap 0 -threads 0 -branch -printingOptions all -solution solution.txt -saveSolution solution.bin -quit (default strategy 1)
At line 2 NAME          MODEL
At line 3 ROWS
At line 317 COLUMNS
At line 1133 RHS
At line 1446 BOUNDS
At line 1521 ENDATA
Problem MODEL has 312 rows, 241 columns and 647 elements
Coin0008I MODEL read with 0 errors
primalTolerance was changed from 1e-07 to 1e-09
integerTolerance was changed from 1e-07 to 1e-09
ratioGap was changed from 0 to 0
allowableGap was changed from 1e-10 to 0
Continuous objective value is 2.84228e+06 - 0.00 seconds
Cgl0003I 0 fixed, 0 tightened bounds, 3 strengthened rows, 0 substitutions
Cgl0004I processed model has 114 rows, 157 columns (24 integer (24 of which binary)) and 331 elements
Cbc0038I Initial state - 9 integers unsatisfied sum - 2.96048
Cbc0038I Pass   1: suminf.    0.00000 (0) obj. 2.84644e+06 iterations 15
Cbc0038I Solution found of 2.84644e+06
Cbc0038I Relaxing continuous gives 2.84289e+06
Cbc0038I Before mini branch and bound, 15 integers at bound fixed and 90 continuous
Cbc0038I Full problem 114 rows 157 columns, reduced to 12 rows 13 columns
Cbc0038I Mini branch and bound did not improve solution (0.01 seconds)
Cbc0038I Round again with cutoff of 2.84284e+06
Cbc0038I Pass   2: suminf.    0.25284 (1) obj. 2.84284e+06 iterations 4
Cbc0038I Pass   3: suminf.    0.18876 (1) obj. 2.84284e+06 iterations 14
Cbc0038I Pass   4: suminf.    0.00000 (0) obj. 2.84284e+06 iterations 4
Cbc0038I Solution found of 2.84284e+06
Cbc0038I Relaxing continuous gives 2.84267e+06
Cbc0038I Before mini branch and bound, 15 integers at bound fixed and 87 continuous
Cbc0038I Full problem 114 rows 157 columns, reduced to 20 rows 25 columns
Cbc0038I Mini branch and bound improved solution from 2.84267e+06 to 2.84256e+06 (0.02 seconds)
Cbc0038I Round again with cutoff of 2.84251e+06
Cbc0038I Pass   5: suminf.    0.77008 (3) obj. 2.84251e+06 iterations 8
Cbc0038I Pass   6: suminf.    0.66759 (2) obj. 2.84251e+06 iterations 1
Cbc0038I Pass   7: suminf.    0.67781 (3) obj. 2.84251e+06 iterations 12
Cbc0038I Pass   8: suminf.    0.67781 (3) obj. 2.84251e+06 iterations 0
Cbc0038I Pass   9: suminf.    0.46805 (1) obj. 2.84251e+06 iterations 7
Cbc0038I Pass  10: suminf.    0.30945 (1) obj. 2.84251e+06 iterations 1
Cbc0038I Pass  11: suminf.    0.67327 (2) obj. 2.84251e+06 iterations 7
Cbc0038I Pass  12: suminf.    0.30945 (1) obj. 2.84251e+06 iterations 1
Cbc0038I Pass  13: suminf.    0.46805 (1) obj. 2.84251e+06 iterations 1
Cbc0038I Pass  14: suminf.    0.82090 (3) obj. 2.84251e+06 iterations 5
Cbc0038I Pass  15: suminf.    0.30945 (1) obj. 2.84251e+06 iterations 2
Cbc0038I Pass  16: suminf.    0.46805 (1) obj. 2.84251e+06 iterations 1
Cbc0038I Pass  17: suminf.    1.50656 (5) obj. 2.84251e+06 iterations 13
Cbc0038I Pass  18: suminf.    1.50656 (5) obj. 2.84251e+06 iterations 0
Cbc0038I Pass  19: suminf.    1.04844 (3) obj. 2.84251e+06 iterations 7
Cbc0038I Pass  20: suminf.    0.30945 (1) obj. 2.84251e+06 iterations 4
Cbc0038I Pass  21: suminf.    0.46805 (1) obj. 2.84251e+06 iterations 1
Cbc0038I Pass  22: suminf.    0.76509 (3) obj. 2.84251e+06 iterations 16
Cbc0038I Pass  23: suminf.    0.76056 (3) obj. 2.84251e+06 iterations 1
Cbc0038I Pass  24: suminf.    0.76056 (3) obj. 2.84251e+06 iterations 0
Cbc0038I Pass  25: suminf.    0.78031 (3) obj. 2.84251e+06 iterations 9
Cbc0038I Pass  26: suminf.    0.78031 (3) obj. 2.84251e+06 iterations 1
Cbc0038I Pass  27: suminf.    0.76509 (3) obj. 2.84251e+06 iterations 3
Cbc0038I Pass  28: suminf.    0.76056 (3) obj. 2.84251e+06 iterations 1
Cbc0038I Pass  29: suminf.    0.76056 (3) obj. 2.84251e+06 iterations 0
Cbc0038I Pass  30: suminf.    0.78031 (3) obj. 2.84251e+06 iterations 9
Cbc0038I Pass  31: suminf.    0.78031 (3) obj. 2.84251e+06 iterations 1
Cbc0038I Pass  32: suminf.    0.76509 (3) obj. 2.84251e+06 iterations 3
Cbc0038I Pass  33: suminf.    0.76056 (3) obj. 2.84251e+06 iterations 1
Cbc0038I Pass  34: suminf.    0.76056 (3) obj. 2.84251e+06 iterations 0
Cbc0038I No solution found this major pass
Cbc0038I Before mini branch and bound, 3 integers at bound fixed and 68 continuous
Cbc0038I Full problem 114 rows 157 columns, reduced to 23 rows 31 columns
Cbc0038I Mini branch and bound did not improve solution (0.03 seconds)
Cbc0038I After 0.03 seconds - Feasibility pump exiting with objective of 2.84256e+06 - took 0.02 seconds
Cbc0012I Integer solution of 2842557.7 found by feasibility pump after 0 iterations and 0 nodes (0.03 seconds)
Cbc0038I Full problem 114 rows 157 columns, reduced to 71 rows 110 columns
Cbc0031I 8 added rows had average density of 16.375
Cbc0013I At root node, 8 cuts changed objective from 2842308 to 2842526.3 in 21 passes
Cbc0014I Cut generator 0 (Probing) - 0 row cuts average 0.0 elements, 0 column cuts (0 active)  in 0.001 seconds - new frequency is -100
Cbc0014I Cut generator 1 (Gomory) - 60 row cuts average 30.4 elements, 0 column cuts (0 active)  in 0.001 seconds - new frequency is 1
Cbc0014I Cut generator 2 (Knapsack) - 0 row cuts average 0.0 elements, 0 column cuts (0 active)  in 0.008 seconds - new frequency is -100
Cbc0014I Cut generator 3 (Clique) - 0 row cuts average 0.0 elements, 0 column cuts (0 active)  in 0.000 seconds - new frequency is -100
Cbc0014I Cut generator 4 (MixedIntegerRounding2) - 4 row cuts average 5.5 elements, 0 column cuts (0 active)  in 0.002 seconds - new frequency is -100
Cbc0014I Cut generator 5 (FlowCover) - 0 row cuts average 0.0 elements, 0 column cuts (0 active)  in 0.003 seconds - new frequency is -100
Cbc0014I Cut generator 6 (TwoMirCuts) - 25 row cuts average 15.4 elements, 0 column cuts (0 active)  in 0.002 seconds - new frequency is -100
Cbc0010I After 0 nodes, 1 on tree, 2842557.7 best solution, best possible 2842526.3 (0.06 seconds)
Cbc0001I Search completed - best objective 2842557.748592002, took 156 iterations and 2 nodes (0.06 seconds)
Cbc0032I Strong branching done 8 times (33 iterations), fathomed 1 nodes and fixed 1 variables
Cbc0035I Maximum depth 0, 0 variables fixed on reduced cost
Cuts at root node changed objective from 2.84231e+06 to 2.84253e+06
Probing was tried 21 times and created 0 cuts of which 0 were active after adding rounds of cuts (0.001 seconds)
Gomory was tried 25 times and created 66 cuts of which 0 were active after adding rounds of cuts (0.001 seconds)
Knapsack was tried 21 times and created 0 cuts of which 0 were active after adding rounds of cuts (0.008 seconds)
Clique was tried 21 times and created 0 cuts of which 0 were active after adding rounds of cuts (0.000 seconds)
MixedIntegerRounding2 was tried 21 times and created 4 cuts of which 0 were active after adding rounds of cuts (0.002 seconds)
FlowCover was tried 21 times and created 0 cuts of which 0 were active after adding rounds of cuts (0.003 seconds)
TwoMirCuts was tried 21 times and created 25 cuts of which 0 were active after adding rounds of cuts (0.002 seconds)
ZeroHalf was tried 1 times and created 0 cuts of which 0 were active after adding rounds of cuts (0.000 seconds)

Result - Optimal solution found

Objective value:                2842557.74859200
Enumerated nodes:               2
Total iterations:               156
Time (CPU seconds):             0.07
Time (Wallclock seconds):       0.07

Option for printingOptions changed from normal to all
Total time (CPU seconds):       0.09   (Wallclock seconds):       0.09

