Welcome to the CBC MILP Solver 
Version: 2.10.3 
Build Date: Dec 15 2019 

command line - E:\dachuang\.venv\Lib\site-packages\pulp\apis\../solverdir/cbc/win/i64/cbc.exe model.mps -primalTolerance 1e-9 -integerTolerance 1e-9 -ratioGap 0 -allowableGap 0 -threads 0 -branch -printingOptions all -solution solution.txt -saveSolution solution.bin -quit (default strategy 1)
At line 2 NAME          MODEL
At line 3 ROWS
At line 317 COLUMNS
At line 1133 RHS
At line 1446 BOUNDS
At line 1521 ENDATA
Problem MODEL has 312 rows, 241 columns and 647 elements
Coin0008I MODEL read with 0 errors
primalTolerance was changed from 1e-07 to 1e-09
integerTolerance was changed from 1e-07 to 1e-09
ratioGap was changed from 0 to 0
allowableGap was changed from 1e-10 to 0
Continuous objective value is 1.49628e+06 - 0.00 seconds
Cgl0003I 0 fixed, 0 tightened bounds, 2 strengthened rows, 0 substitutions
Cgl0004I processed model has 117 rows, 161 columns (24 integer (24 of which binary)) and 344 elements
Cbc0038I Initial state - 12 integers unsatisfied sum - 3.32302
Cbc0038I Pass   1: suminf.    0.00000 (0) obj. 1.58344e+06 iterations 19
Cbc0038I Solution found of 1.58344e+06
Cbc0038I Relaxing continuous gives 1.57564e+06
Cbc0038I Before mini branch and bound, 12 integers at bound fixed and 81 continuous
Cbc0038I Full problem 117 rows 161 columns, reduced to 11 rows 14 columns
Cbc0038I Mini branch and bound improved solution from 1.57564e+06 to 1.49686e+06 (0.01 seconds)
Cbc0038I Round again with cutoff of 1.4968e+06
Cbc0038I Pass   2: suminf.    0.70667 (4) obj. 1.4968e+06 iterations 12
Cbc0038I Pass   3: suminf.    0.00000 (0) obj. 1.4968e+06 iterations 15
Cbc0038I Solution found of 1.4968e+06
Cbc0038I Relaxing continuous gives 1.49663e+06
Cbc0038I Before mini branch and bound, 12 integers at bound fixed and 80 continuous
Cbc0038I Full problem 117 rows 161 columns, reduced to 16 rows 21 columns
Cbc0038I Mini branch and bound improved solution from 1.49663e+06 to 1.4964e+06 (0.02 seconds)
Cbc0038I Round again with cutoff of 1.49637e+06
Cbc0038I Pass   4: suminf.    0.55884 (6) obj. 1.49637e+06 iterations 7
Cbc0038I Pass   5: suminf.    0.55884 (6) obj. 1.49637e+06 iterations 1
Cbc0038I Pass   6: suminf.    0.95699 (4) obj. 1.49637e+06 iterations 22
Cbc0038I Pass   7: suminf.    0.95699 (4) obj. 1.49637e+06 iterations 0
Cbc0038I Pass   8: suminf.    0.10434 (3) obj. 1.49637e+06 iterations 8
Cbc0038I Pass   9: suminf.    0.10434 (3) obj. 1.49637e+06 iterations 1
Cbc0038I Pass  10: suminf.    0.41799 (5) obj. 1.49637e+06 iterations 23
Cbc0038I Pass  11: suminf.    0.95699 (4) obj. 1.49637e+06 iterations 8
Cbc0038I Pass  12: suminf.    0.10434 (3) obj. 1.49637e+06 iterations 7
Cbc0038I Pass  13: suminf.    0.10434 (3) obj. 1.49637e+06 iterations 1
Cbc0038I Pass  14: suminf.    0.95699 (4) obj. 1.49637e+06 iterations 17
Cbc0038I Pass  15: suminf.    0.95699 (4) obj. 1.49637e+06 iterations 3
Cbc0038I Pass  16: suminf.    0.10434 (3) obj. 1.49637e+06 iterations 9
Cbc0038I Pass  17: suminf.    0.14952 (4) obj. 1.49637e+06 iterations 13
Cbc0038I Pass  18: suminf.    0.95699 (4) obj. 1.49637e+06 iterations 16
Cbc0038I Pass  19: suminf.    0.95699 (4) obj. 1.49637e+06 iterations 3
Cbc0038I Pass  20: suminf.    0.10434 (3) obj. 1.49637e+06 iterations 9
Cbc0038I Pass  21: suminf.    0.10434 (3) obj. 1.49637e+06 iterations 1
Cbc0038I Pass  22: suminf.    0.33780 (5) obj. 1.49637e+06 iterations 3
Cbc0038I Pass  23: suminf.    0.14952 (4) obj. 1.49637e+06 iterations 1
Cbc0038I Pass  24: suminf.    0.95699 (4) obj. 1.49637e+06 iterations 16
Cbc0038I Pass  25: suminf.    0.95699 (4) obj. 1.49637e+06 iterations 3
Cbc0038I Pass  26: suminf.    0.10434 (3) obj. 1.49637e+06 iterations 9
Cbc0038I Pass  27: suminf.    0.10434 (3) obj. 1.49637e+06 iterations 1
Cbc0038I Pass  28: suminf.    0.21552 (6) obj. 1.49637e+06 iterations 15
Cbc0038I Pass  29: suminf.    0.21552 (6) obj. 1.49637e+06 iterations 1
Cbc0038I Pass  30: suminf.    0.95699 (4) obj. 1.49637e+06 iterations 22
Cbc0038I Pass  31: suminf.    0.95699 (4) obj. 1.49637e+06 iterations 1
Cbc0038I Pass  32: suminf.    0.10434 (3) obj. 1.49637e+06 iterations 9
Cbc0038I Pass  33: suminf.    0.10434 (3) obj. 1.49637e+06 iterations 1
Cbc0038I No solution found this major pass
Cbc0038I Before mini branch and bound, 2 integers at bound fixed and 70 continuous
Cbc0038I Full problem 117 rows 161 columns, reduced to 22 rows 29 columns
Cbc0038I Mini branch and bound did not improve solution (0.03 seconds)
Cbc0038I After 0.03 seconds - Feasibility pump exiting with objective of 1.4964e+06 - took 0.02 seconds
Cbc0012I Integer solution of 1496397.4 found by feasibility pump after 0 iterations and 0 nodes (0.03 seconds)
Cbc0038I Full problem 117 rows 161 columns, reduced to 84 rows 127 columns
Cbc0031I 10 added rows had average density of 14.7
Cbc0013I At root node, 10 cuts changed objective from 1496276.3 to 1496391.4 in 100 passes
Cbc0014I Cut generator 0 (Probing) - 1 row cuts average 2.0 elements, 1 column cuts (1 active)  in 0.010 seconds - new frequency is -100
Cbc0014I Cut generator 1 (Gomory) - 271 row cuts average 33.9 elements, 0 column cuts (0 active)  in 0.007 seconds - new frequency is 1
Cbc0014I Cut generator 2 (Knapsack) - 0 row cuts average 0.0 elements, 0 column cuts (0 active)  in 0.021 seconds - new frequency is -100
Cbc0014I Cut generator 3 (Clique) - 0 row cuts average 0.0 elements, 0 column cuts (0 active)  in 0.000 seconds - new frequency is -100
Cbc0014I Cut generator 4 (MixedIntegerRounding2) - 3 row cuts average 4.3 elements, 0 column cuts (0 active)  in 0.005 seconds - new frequency is -100
Cbc0014I Cut generator 5 (FlowCover) - 0 row cuts average 0.0 elements, 0 column cuts (0 active)  in 0.022 seconds - new frequency is -100
Cbc0014I Cut generator 6 (TwoMirCuts) - 25 row cuts average 10.6 elements, 0 column cuts (0 active)  in 0.010 seconds - new frequency is -100
Cbc0010I After 0 nodes, 1 on tree, 1496397.4 best solution, best possible 1496391.4 (0.16 seconds)
Cbc0001I Search completed - best objective 1496397.41605873, took 424 iterations and 2 nodes (0.16 seconds)
Cbc0032I Strong branching done 8 times (23 iterations), fathomed 1 nodes and fixed 1 variables
Cbc0035I Maximum depth 0, 0 variables fixed on reduced cost
Cuts at root node changed objective from 1.49628e+06 to 1.49639e+06
Probing was tried 100 times and created 2 cuts of which 0 were active after adding rounds of cuts (0.010 seconds)
Gomory was tried 106 times and created 278 cuts of which 0 were active after adding rounds of cuts (0.008 seconds)
Knapsack was tried 100 times and created 0 cuts of which 0 were active after adding rounds of cuts (0.021 seconds)
Clique was tried 100 times and created 0 cuts of which 0 were active after adding rounds of cuts (0.000 seconds)
MixedIntegerRounding2 was tried 100 times and created 3 cuts of which 0 were active after adding rounds of cuts (0.005 seconds)
FlowCover was tried 100 times and created 0 cuts of which 0 were active after adding rounds of cuts (0.022 seconds)
TwoMirCuts was tried 100 times and created 25 cuts of which 0 were active after adding rounds of cuts (0.010 seconds)
ZeroHalf was tried 1 times and created 0 cuts of which 0 were active after adding rounds of cuts (0.000 seconds)

Result - Optimal solution found

Objective value:                1496397.41605873
Enumerated nodes:               2
Total iterations:               424
Time (CPU seconds):             0.17
Time (Wallclock seconds):       0.17

Option for printingOptions changed from normal to all
Total time (CPU seconds):       0.19   (Wallclock seconds):       0.19

