Welcome to the CBC MILP Solver 
Version: 2.10.3 
Build Date: Dec 15 2019 

command line - E:\dachuang\.venv\Lib\site-packages\pulp\apis\../solverdir/cbc/win/i64/cbc.exe model.mps -primalTolerance 1e-9 -integerTolerance 1e-9 -ratioGap 0 -allowableGap 0 -threads 0 -branch -printingOptions all -solution solution.txt -saveSolution solution.bin -quit (default strategy 1)
At line 2 NAME          MODEL
At line 3 ROWS
At line 317 COLUMNS
At line 1133 RHS
At line 1446 BOUNDS
At line 1521 ENDATA
Problem MODEL has 312 rows, 241 columns and 647 elements
Coin0008I MODEL read with 0 errors
primalTolerance was changed from 1e-07 to 1e-09
integerTolerance was changed from 1e-07 to 1e-09
ratioGap was changed from 0 to 0
allowableGap was changed from 1e-10 to 0
Continuous objective value is 2.2797e+06 - 0.00 seconds
Cgl0003I 0 fixed, 0 tightened bounds, 2 strengthened rows, 0 substitutions
Cgl0004I processed model has 114 rows, 157 columns (24 integer (24 of which binary)) and 331 elements
Cbc0038I Initial state - 10 integers unsatisfied sum - 3.24718
Cbc0038I Pass   1: suminf.    0.00000 (0) obj. 2.41401e+06 iterations 17
Cbc0038I Solution found of 2.41401e+06
Cbc0038I Relaxing continuous gives 2.40603e+06
Cbc0038I Before mini branch and bound, 14 integers at bound fixed and 85 continuous
Cbc0038I Full problem 114 rows 157 columns, reduced to 11 rows 13 columns
Cbc0038I Mini branch and bound improved solution from 2.40603e+06 to 2.28029e+06 (0.01 seconds)
Cbc0038I Round again with cutoff of 2.28023e+06
Cbc0038I Pass   2: suminf.    0.97767 (4) obj. 2.28023e+06 iterations 11
Cbc0038I Pass   3: suminf.    0.00000 (0) obj. 2.28023e+06 iterations 12
Cbc0038I Solution found of 2.28023e+06
Cbc0038I Relaxing continuous gives 2.28011e+06
Cbc0038I Before mini branch and bound, 14 integers at bound fixed and 80 continuous
Cbc0038I Full problem 114 rows 157 columns, reduced to 21 rows 29 columns
Cbc0038I Mini branch and bound improved solution from 2.28011e+06 to 2.27983e+06 (0.02 seconds)
Cbc0038I Round again with cutoff of 2.2798e+06
Cbc0038I Pass   4: suminf.    1.17667 (6) obj. 2.2798e+06 iterations 6
Cbc0038I Pass   5: suminf.    1.15976 (4) obj. 2.2798e+06 iterations 2
Cbc0038I Pass   6: suminf.    0.46499 (3) obj. 2.2798e+06 iterations 12
Cbc0038I Pass   7: suminf.    0.57939 (4) obj. 2.2798e+06 iterations 8
Cbc0038I Pass   8: suminf.    0.57939 (3) obj. 2.2798e+06 iterations 1
Cbc0038I Pass   9: suminf.    0.98775 (4) obj. 2.2798e+06 iterations 4
Cbc0038I Pass  10: suminf.    0.83059 (3) obj. 2.2798e+06 iterations 7
Cbc0038I Pass  11: suminf.    0.57939 (3) obj. 2.2798e+06 iterations 4
Cbc0038I Pass  12: suminf.    0.98775 (4) obj. 2.2798e+06 iterations 4
Cbc0038I Pass  13: suminf.    0.57939 (3) obj. 2.2798e+06 iterations 11
Cbc0038I Pass  14: suminf.    0.57939 (3) obj. 2.2798e+06 iterations 1
Cbc0038I Pass  15: suminf.    0.98775 (4) obj. 2.2798e+06 iterations 4
Cbc0038I Pass  16: suminf.    0.46499 (4) obj. 2.2798e+06 iterations 16
Cbc0038I Pass  17: suminf.    0.46499 (3) obj. 2.2798e+06 iterations 1
Cbc0038I Pass  18: suminf.    0.57939 (3) obj. 2.2798e+06 iterations 8
Cbc0038I Pass  19: suminf.    0.57939 (2) obj. 2.2798e+06 iterations 1
Cbc0038I Pass  20: suminf.    0.34867 (2) obj. 2.2798e+06 iterations 3
Cbc0038I Pass  21: suminf.    0.33676 (1) obj. 2.2798e+06 iterations 1
Cbc0038I Pass  22: suminf.    1.57249 (6) obj. 2.2798e+06 iterations 14
Cbc0038I Pass  23: suminf.    1.47000 (5) obj. 2.2798e+06 iterations 2
Cbc0038I Pass  24: suminf.    0.83059 (3) obj. 2.2798e+06 iterations 11
Cbc0038I Pass  25: suminf.    0.57939 (3) obj. 2.2798e+06 iterations 4
Cbc0038I Pass  26: suminf.    0.98775 (4) obj. 2.2798e+06 iterations 4
Cbc0038I Pass  27: suminf.    2.16429 (7) obj. 2.2798e+06 iterations 17
Cbc0038I Pass  28: suminf.    1.27515 (6) obj. 2.2798e+06 iterations 2
Cbc0038I Pass  29: suminf.    1.11050 (4) obj. 2.2798e+06 iterations 8
Cbc0038I Pass  30: suminf.    1.11050 (4) obj. 2.2798e+06 iterations 3
Cbc0038I Pass  31: suminf.    1.11414 (3) obj. 2.2798e+06 iterations 8
Cbc0038I Pass  32: suminf.    0.46499 (3) obj. 2.2798e+06 iterations 1
Cbc0038I Pass  33: suminf.    0.57939 (3) obj. 2.2798e+06 iterations 8
Cbc0038I No solution found this major pass
Cbc0038I Before mini branch and bound, 2 integers at bound fixed and 68 continuous
Cbc0038I Full problem 114 rows 157 columns, reduced to 23 rows 32 columns
Cbc0038I Mini branch and bound did not improve solution (0.03 seconds)
Cbc0038I After 0.03 seconds - Feasibility pump exiting with objective of 2.27983e+06 - took 0.02 seconds
Cbc0012I Integer solution of 2279825.3 found by feasibility pump after 0 iterations and 0 nodes (0.03 seconds)
Cbc0038I Full problem 114 rows 157 columns, reduced to 74 rows 114 columns
Cbc0031I 13 added rows had average density of 21.307692
Cbc0013I At root node, 13 cuts changed objective from 2279704.2 to 2279807.1 in 100 passes
Cbc0014I Cut generator 0 (Probing) - 1 row cuts average 2.0 elements, 2 column cuts (2 active)  in 0.008 seconds - new frequency is -100
Cbc0014I Cut generator 1 (Gomory) - 377 row cuts average 32.3 elements, 0 column cuts (0 active)  in 0.010 seconds - new frequency is 1
Cbc0014I Cut generator 2 (Knapsack) - 0 row cuts average 0.0 elements, 0 column cuts (0 active)  in 0.025 seconds - new frequency is -100
Cbc0014I Cut generator 3 (Clique) - 0 row cuts average 0.0 elements, 0 column cuts (0 active)  in 0.000 seconds - new frequency is -100
Cbc0014I Cut generator 4 (MixedIntegerRounding2) - 3 row cuts average 4.0 elements, 0 column cuts (0 active)  in 0.001 seconds - new frequency is -100
Cbc0014I Cut generator 5 (FlowCover) - 0 row cuts average 0.0 elements, 0 column cuts (0 active)  in 0.022 seconds - new frequency is -100
Cbc0014I Cut generator 6 (TwoMirCuts) - 25 row cuts average 9.4 elements, 0 column cuts (0 active)  in 0.007 seconds - new frequency is -100
Cbc0010I After 0 nodes, 1 on tree, 2279825.3 best solution, best possible 2279807.1 (0.16 seconds)
Cbc0001I Search completed - best objective 2279825.331558714, took 964 iterations and 2 nodes (0.17 seconds)
Cbc0032I Strong branching done 20 times (127 iterations), fathomed 1 nodes and fixed 0 variables
Cbc0035I Maximum depth 0, 0 variables fixed on reduced cost
Cuts at root node changed objective from 2.2797e+06 to 2.27981e+06
Probing was tried 100 times and created 3 cuts of which 0 were active after adding rounds of cuts (0.008 seconds)
Gomory was tried 105 times and created 393 cuts of which 0 were active after adding rounds of cuts (0.010 seconds)
Knapsack was tried 100 times and created 0 cuts of which 0 were active after adding rounds of cuts (0.025 seconds)
Clique was tried 100 times and created 0 cuts of which 0 were active after adding rounds of cuts (0.000 seconds)
MixedIntegerRounding2 was tried 100 times and created 3 cuts of which 0 were active after adding rounds of cuts (0.001 seconds)
FlowCover was tried 100 times and created 0 cuts of which 0 were active after adding rounds of cuts (0.022 seconds)
TwoMirCuts was tried 100 times and created 25 cuts of which 0 were active after adding rounds of cuts (0.007 seconds)
ZeroHalf was tried 1 times and created 0 cuts of which 0 were active after adding rounds of cuts (0.000 seconds)

Result - Optimal solution found

Objective value:                2279825.33155871
Enumerated nodes:               2
Total iterations:               964
Time (CPU seconds):             0.17
Time (Wallclock seconds):       0.17

Option for printingOptions changed from normal to all
Total time (CPU seconds):       0.19   (Wallclock seconds):       0.19

