Welcome to the CBC MILP Solver 
Version: 2.10.3 
Build Date: Dec 15 2019 

command line - E:\dachuang\.venv\Lib\site-packages\pulp\apis\../solverdir/cbc/win/i64/cbc.exe model.mps -primalTolerance 1e-9 -integerTolerance 1e-9 -ratioGap 0 -allowableGap 0 -threads 0 -branch -printingOptions all -solution solution.txt -saveSolution solution.bin -quit (default strategy 1)
At line 2 NAME          MODEL
At line 3 ROWS
At line 317 COLUMNS
At line 1133 RHS
At line 1446 BOUNDS
At line 1521 ENDATA
Problem MODEL has 312 rows, 241 columns and 647 elements
Coin0008I MODEL read with 0 errors
primalTolerance was changed from 1e-07 to 1e-09
integerTolerance was changed from 1e-07 to 1e-09
ratioGap was changed from 0 to 0
allowableGap was changed from 1e-10 to 0
Continuous objective value is 1.34701e+06 - 0.00 seconds
Cgl0003I 0 fixed, 0 tightened bounds, 2 strengthened rows, 0 substitutions
Cgl0004I processed model has 116 rows, 161 columns (24 integer (24 of which binary)) and 341 elements
Cbc0038I Initial state - 7 integers unsatisfied sum - 1.5848
Cbc0038I Pass   1: suminf.    0.00000 (0) obj. 1.37679e+06 iterations 10
Cbc0038I Solution found of 1.37679e+06
Cbc0038I Relaxing continuous gives 1.34801e+06
Cbc0038I Before mini branch and bound, 17 integers at bound fixed and 89 continuous
Cbc0038I Full problem 116 rows 161 columns, reduced to 7 rows 10 columns
Cbc0038I Mini branch and bound improved solution from 1.34801e+06 to 1.34722e+06 (0.01 seconds)
Cbc0038I Freeing continuous variables gives a solution of 1.34722e+06
Cbc0038I Round again with cutoff of 1.3472e+06
Cbc0038I Pass   2: suminf.    0.28386 (3) obj. 1.3472e+06 iterations 10
Cbc0038I Pass   3: suminf.    0.45944 (2) obj. 1.3472e+06 iterations 12
Cbc0038I Pass   4: suminf.    0.08731 (1) obj. 1.3472e+06 iterations 7
Cbc0038I Pass   5: suminf.    1.43104 (5) obj. 1.3472e+06 iterations 17
Cbc0038I Pass   6: suminf.    0.55952 (3) obj. 1.3472e+06 iterations 5
Cbc0038I Pass   7: suminf.    0.45944 (2) obj. 1.3472e+06 iterations 6
Cbc0038I Pass   8: suminf.    0.08731 (1) obj. 1.3472e+06 iterations 7
Cbc0038I Pass   9: suminf.    0.33281 (2) obj. 1.3472e+06 iterations 6
Cbc0038I Pass  10: suminf.    0.45944 (2) obj. 1.3472e+06 iterations 8
Cbc0038I Pass  11: suminf.    0.08731 (1) obj. 1.3472e+06 iterations 7
Cbc0038I Pass  12: suminf.    1.15715 (5) obj. 1.3472e+06 iterations 15
Cbc0038I Pass  13: suminf.    0.70052 (4) obj. 1.3472e+06 iterations 4
Cbc0038I Pass  14: suminf.    0.45944 (2) obj. 1.3472e+06 iterations 7
Cbc0038I Pass  15: suminf.    0.08731 (1) obj. 1.3472e+06 iterations 7
Cbc0038I Pass  16: suminf.    1.60636 (7) obj. 1.3472e+06 iterations 11
Cbc0038I Pass  17: suminf.    0.84686 (5) obj. 1.3472e+06 iterations 2
Cbc0038I Pass  18: suminf.    0.45944 (2) obj. 1.3472e+06 iterations 12
Cbc0038I Pass  19: suminf.    0.08731 (1) obj. 1.3472e+06 iterations 7
Cbc0038I Pass  20: suminf.    1.57983 (7) obj. 1.3472e+06 iterations 27
Cbc0038I Pass  21: suminf.    0.56919 (4) obj. 1.3472e+06 iterations 4
Cbc0038I Pass  22: suminf.    0.12915 (3) obj. 1.3472e+06 iterations 8
Cbc0038I Pass  23: suminf.    0.77944 (4) obj. 1.3472e+06 iterations 10
Cbc0038I Pass  24: suminf.    0.08731 (2) obj. 1.3472e+06 iterations 8
Cbc0038I Pass  25: suminf.    0.90936 (7) obj. 1.3472e+06 iterations 21
Cbc0038I Pass  26: suminf.    0.66936 (6) obj. 1.3472e+06 iterations 1
Cbc0038I Pass  27: suminf.    0.77944 (4) obj. 1.3472e+06 iterations 15
Cbc0038I Pass  28: suminf.    0.08731 (2) obj. 1.3472e+06 iterations 8
Cbc0038I Pass  29: suminf.    0.70665 (4) obj. 1.3472e+06 iterations 17
Cbc0038I Pass  30: suminf.    0.12915 (3) obj. 1.3472e+06 iterations 9
Cbc0038I Pass  31: suminf.    0.77944 (4) obj. 1.3472e+06 iterations 10
Cbc0038I No solution found this major pass
Cbc0038I Before mini branch and bound, 2 integers at bound fixed and 71 continuous
Cbc0038I Full problem 116 rows 161 columns, reduced to 5 rows 10 columns
Cbc0038I Mini branch and bound did not improve solution (0.02 seconds)
Cbc0038I After 0.02 seconds - Feasibility pump exiting with objective of 1.34722e+06 - took 0.02 seconds
Cbc0012I Integer solution of 1347215.7 found by feasibility pump after 0 iterations and 0 nodes (0.02 seconds)
Cbc0038I Full problem 116 rows 161 columns, reduced to 70 rows 113 columns
Cbc0031I 11 added rows had average density of 15.363636
Cbc0013I At root node, 11 cuts changed objective from 1347013.1 to 1347215.5 in 10 passes
Cbc0014I Cut generator 0 (Probing) - 2 row cuts average 2.0 elements, 2 column cuts (2 active)  in 0.000 seconds - new frequency is 1
Cbc0014I Cut generator 1 (Gomory) - 29 row cuts average 21.8 elements, 0 column cuts (0 active)  in 0.001 seconds - new frequency is 1
Cbc0014I Cut generator 2 (Knapsack) - 0 row cuts average 0.0 elements, 0 column cuts (0 active)  in 0.000 seconds - new frequency is -100
Cbc0014I Cut generator 3 (Clique) - 0 row cuts average 0.0 elements, 0 column cuts (0 active)  in 0.000 seconds - new frequency is -100
Cbc0014I Cut generator 4 (MixedIntegerRounding2) - 4 row cuts average 4.5 elements, 0 column cuts (0 active)  in 0.001 seconds - new frequency is 1
Cbc0014I Cut generator 5 (FlowCover) - 0 row cuts average 0.0 elements, 0 column cuts (0 active)  in 0.003 seconds - new frequency is -100
Cbc0014I Cut generator 6 (TwoMirCuts) - 22 row cuts average 13.3 elements, 0 column cuts (0 active)  in 0.002 seconds - new frequency is -100
Cbc0001I Search completed - best objective 1347215.743295938, took 71 iterations and 0 nodes (0.04 seconds)
Cbc0032I Strong branching done 4 times (19 iterations), fathomed 1 nodes and fixed 0 variables
Cbc0035I Maximum depth 0, 0 variables fixed on reduced cost
Cuts at root node changed objective from 1.34701e+06 to 1.34737e+06
Probing was tried 10 times and created 4 cuts of which 0 were active after adding rounds of cuts (0.000 seconds)
Gomory was tried 10 times and created 29 cuts of which 0 were active after adding rounds of cuts (0.001 seconds)
Knapsack was tried 10 times and created 0 cuts of which 0 were active after adding rounds of cuts (0.000 seconds)
Clique was tried 10 times and created 0 cuts of which 0 were active after adding rounds of cuts (0.000 seconds)
MixedIntegerRounding2 was tried 10 times and created 4 cuts of which 0 were active after adding rounds of cuts (0.001 seconds)
FlowCover was tried 10 times and created 0 cuts of which 0 were active after adding rounds of cuts (0.003 seconds)
TwoMirCuts was tried 10 times and created 22 cuts of which 0 were active after adding rounds of cuts (0.002 seconds)
ZeroHalf was tried 1 times and created 0 cuts of which 0 were active after adding rounds of cuts (0.000 seconds)

Result - Optimal solution found

Objective value:                1347215.74329594
Enumerated nodes:               0
Total iterations:               71
Time (CPU seconds):             0.05
Time (Wallclock seconds):       0.05

Option for printingOptions changed from normal to all
Total time (CPU seconds):       0.08   (Wallclock seconds):       0.08

