Welcome to the CBC MILP Solver 
Version: 2.10.3 
Build Date: Dec 15 2019 

command line - E:\dachuang\.venv\Lib\site-packages\pulp\apis\../solverdir/cbc/win/i64/cbc.exe model.mps -primalTolerance 1e-9 -integerTolerance 1e-9 -ratioGap 0 -allowableGap 0 -threads 0 -branch -printingOptions all -solution solution.txt -saveSolution solution.bin -quit (default strategy 1)
At line 2 NAME          MODEL
At line 3 ROWS
At line 317 COLUMNS
At line 1133 RHS
At line 1446 BOUNDS
At line 1521 ENDATA
Problem MODEL has 312 rows, 241 columns and 647 elements
Coin0008I MODEL read with 0 errors
primalTolerance was changed from 1e-07 to 1e-09
integerTolerance was changed from 1e-07 to 1e-09
ratioGap was changed from 0 to 0
allowableGap was changed from 1e-10 to 0
Continuous objective value is 2.34209e+06 - 0.00 seconds
Cgl0003I 0 fixed, 0 tightened bounds, 2 strengthened rows, 0 substitutions
Cgl0004I processed model has 115 rows, 149 columns (24 integer (24 of which binary)) and 326 elements
Cbc0038I Initial state - 9 integers unsatisfied sum - 2.62231
Cbc0038I Pass   1: suminf.    0.00000 (0) obj. 2.38469e+06 iterations 12
Cbc0038I Solution found of 2.38469e+06
Cbc0038I Relaxing continuous gives 2.3815e+06
Cbc0038I Before mini branch and bound, 15 integers at bound fixed and 80 continuous
Cbc0038I Full problem 115 rows 149 columns, reduced to 7 rows 8 columns
Cbc0038I Mini branch and bound improved solution from 2.3815e+06 to 2.34257e+06 (0.01 seconds)
Cbc0038I Freeing continuous variables gives a solution of 2.34257e+06
Cbc0038I Round again with cutoff of 2.34252e+06
Cbc0038I Pass   2: suminf.    0.45973 (3) obj. 2.34252e+06 iterations 11
Cbc0038I Pass   3: suminf.    0.00000 (0) obj. 2.34252e+06 iterations 14
Cbc0038I Solution found of 2.34252e+06
Cbc0038I Relaxing continuous gives 2.34249e+06
Cbc0038I Before mini branch and bound, 15 integers at bound fixed and 75 continuous
Cbc0038I Full problem 115 rows 149 columns, reduced to 17 rows 22 columns
Cbc0038I Mini branch and bound improved solution from 2.34249e+06 to 2.34234e+06 (0.02 seconds)
Cbc0038I Round again with cutoff of 2.34229e+06
Cbc0038I Pass   4: suminf.    1.04554 (4) obj. 2.34229e+06 iterations 4
Cbc0038I Pass   5: suminf.    0.61883 (3) obj. 2.34229e+06 iterations 10
Cbc0038I Pass   6: suminf.    0.20946 (1) obj. 2.34229e+06 iterations 4
Cbc0038I Pass   7: suminf.    0.36383 (1) obj. 2.34229e+06 iterations 2
Cbc0038I Pass   8: suminf.    0.37567 (1) obj. 2.34229e+06 iterations 6
Cbc0038I Pass   9: suminf.    0.30696 (1) obj. 2.34229e+06 iterations 1
Cbc0038I Pass  10: suminf.    0.37567 (1) obj. 2.34229e+06 iterations 1
Cbc0038I Pass  11: suminf.    0.97436 (3) obj. 2.34229e+06 iterations 7
Cbc0038I Pass  12: suminf.    0.66344 (3) obj. 2.34229e+06 iterations 1
Cbc0038I Pass  13: suminf.    0.66344 (3) obj. 2.34229e+06 iterations 0
Cbc0038I Pass  14: suminf.    1.01219 (3) obj. 2.34229e+06 iterations 5
Cbc0038I Pass  15: suminf.    1.01219 (3) obj. 2.34229e+06 iterations 1
Cbc0038I Pass  16: suminf.    0.97436 (3) obj. 2.34229e+06 iterations 3
Cbc0038I Pass  17: suminf.    0.66344 (3) obj. 2.34229e+06 iterations 1
Cbc0038I Pass  18: suminf.    0.66344 (3) obj. 2.34229e+06 iterations 0
Cbc0038I Pass  19: suminf.    1.01219 (3) obj. 2.34229e+06 iterations 5
Cbc0038I Pass  20: suminf.    1.01219 (3) obj. 2.34229e+06 iterations 1
Cbc0038I Pass  21: suminf.    0.97436 (3) obj. 2.34229e+06 iterations 3
Cbc0038I Pass  22: suminf.    0.66344 (3) obj. 2.34229e+06 iterations 1
Cbc0038I Pass  23: suminf.    0.66344 (3) obj. 2.34229e+06 iterations 0
Cbc0038I Pass  24: suminf.    1.01219 (3) obj. 2.34229e+06 iterations 5
Cbc0038I Pass  25: suminf.    1.01219 (3) obj. 2.34229e+06 iterations 1
Cbc0038I Pass  26: suminf.    0.97436 (3) obj. 2.34229e+06 iterations 3
Cbc0038I Pass  27: suminf.    0.66344 (3) obj. 2.34229e+06 iterations 1
Cbc0038I Pass  28: suminf.    0.66344 (3) obj. 2.34229e+06 iterations 0
Cbc0038I Pass  29: suminf.    1.01219 (3) obj. 2.34229e+06 iterations 5
Cbc0038I Pass  30: suminf.    1.01219 (3) obj. 2.34229e+06 iterations 1
Cbc0038I Pass  31: suminf.    0.97436 (3) obj. 2.34229e+06 iterations 3
Cbc0038I Pass  32: suminf.    0.66344 (3) obj. 2.34229e+06 iterations 1
Cbc0038I Pass  33: suminf.    0.66344 (3) obj. 2.34229e+06 iterations 0
Cbc0038I No solution found this major pass
Cbc0038I Before mini branch and bound, 13 integers at bound fixed and 76 continuous
Cbc0038I Full problem 115 rows 149 columns, reduced to 19 rows 24 columns
Cbc0038I Mini branch and bound did not improve solution (0.03 seconds)
Cbc0038I After 0.03 seconds - Feasibility pump exiting with objective of 2.34234e+06 - took 0.02 seconds
Cbc0012I Integer solution of 2342336.8 found by feasibility pump after 0 iterations and 0 nodes (0.03 seconds)
Cbc0038I Full problem 115 rows 149 columns, reduced to 73 rows 104 columns
Cbc0031I 9 added rows had average density of 12.333333
Cbc0013I At root node, 9 cuts changed objective from 2342093.7 to 2342300.3 in 100 passes
Cbc0014I Cut generator 0 (Probing) - 1 row cuts average 2.0 elements, 1 column cuts (1 active)  in 0.010 seconds - new frequency is -100
Cbc0014I Cut generator 1 (Gomory) - 255 row cuts average 29.5 elements, 0 column cuts (0 active)  in 0.010 seconds - new frequency is 1
Cbc0014I Cut generator 2 (Knapsack) - 0 row cuts average 0.0 elements, 0 column cuts (0 active)  in 0.013 seconds - new frequency is -100
Cbc0014I Cut generator 3 (Clique) - 0 row cuts average 0.0 elements, 0 column cuts (0 active)  in 0.000 seconds - new frequency is -100
Cbc0014I Cut generator 4 (MixedIntegerRounding2) - 1 row cuts average 4.0 elements, 0 column cuts (0 active)  in 0.008 seconds - new frequency is -100
Cbc0014I Cut generator 5 (FlowCover) - 1 row cuts average 2.0 elements, 0 column cuts (0 active)  in 0.016 seconds - new frequency is -100
Cbc0014I Cut generator 6 (TwoMirCuts) - 18 row cuts average 10.2 elements, 0 column cuts (0 active)  in 0.002 seconds - new frequency is -100
Cbc0010I After 0 nodes, 1 on tree, 2342336.8 best solution, best possible 2342300.3 (0.15 seconds)
Cbc0001I Search completed - best objective 2342336.793022742, took 874 iterations and 4 nodes (0.16 seconds)
Cbc0032I Strong branching done 22 times (85 iterations), fathomed 2 nodes and fixed 0 variables
Cbc0035I Maximum depth 1, 0 variables fixed on reduced cost
Cuts at root node changed objective from 2.34209e+06 to 2.3423e+06
Probing was tried 100 times and created 2 cuts of which 0 were active after adding rounds of cuts (0.010 seconds)
Gomory was tried 111 times and created 270 cuts of which 0 were active after adding rounds of cuts (0.012 seconds)
Knapsack was tried 100 times and created 0 cuts of which 0 were active after adding rounds of cuts (0.013 seconds)
Clique was tried 100 times and created 0 cuts of which 0 were active after adding rounds of cuts (0.000 seconds)
MixedIntegerRounding2 was tried 100 times and created 1 cuts of which 0 were active after adding rounds of cuts (0.008 seconds)
FlowCover was tried 100 times and created 1 cuts of which 0 were active after adding rounds of cuts (0.016 seconds)
TwoMirCuts was tried 100 times and created 18 cuts of which 0 were active after adding rounds of cuts (0.002 seconds)
ZeroHalf was tried 1 times and created 0 cuts of which 0 were active after adding rounds of cuts (0.000 seconds)

Result - Optimal solution found

Objective value:                2342336.79302274
Enumerated nodes:               4
Total iterations:               874
Time (CPU seconds):             0.16
Time (Wallclock seconds):       0.16

Option for printingOptions changed from normal to all
Total time (CPU seconds):       0.18   (Wallclock seconds):       0.18

