Welcome to the CBC MILP Solver 
Version: 2.10.3 
Build Date: Dec 15 2019 

command line - E:\dachuang\.venv\Lib\site-packages\pulp\apis\../solverdir/cbc/win/i64/cbc.exe model.mps -primalTolerance 1e-9 -integerTolerance 1e-9 -ratioGap 0 -allowableGap 0 -threads 0 -branch -printingOptions all -solution solution.txt -saveSolution solution.bin -quit (default strategy 1)
At line 2 NAME          MODEL
At line 3 ROWS
At line 317 COLUMNS
At line 1133 RHS
At line 1446 BOUNDS
At line 1521 ENDATA
Problem MODEL has 312 rows, 241 columns and 647 elements
Coin0008I MODEL read with 0 errors
primalTolerance was changed from 1e-07 to 1e-09
integerTolerance was changed from 1e-07 to 1e-09
ratioGap was changed from 0 to 0
allowableGap was changed from 1e-10 to 0
Continuous objective value is 3.2734e+06 - 0.00 seconds
Cgl0003I 0 fixed, 0 tightened bounds, 3 strengthened rows, 0 substitutions
Cgl0004I processed model has 112 rows, 153 columns (24 integer (24 of which binary)) and 321 elements
Cbc0038I Initial state - 10 integers unsatisfied sum - 3.84248
Cbc0038I Pass   1: suminf.    0.00000 (0) obj. 3.28124e+06 iterations 16
Cbc0038I Solution found of 3.28124e+06
Cbc0038I Relaxing continuous gives 3.27412e+06
Cbc0038I Before mini branch and bound, 14 integers at bound fixed and 85 continuous
Cbc0038I Full problem 112 rows 153 columns, reduced to 10 rows 10 columns
Cbc0038I Mini branch and bound did not improve solution (0.01 seconds)
Cbc0038I Round again with cutoff of 3.27405e+06
Cbc0038I Pass   2: suminf.    0.30130 (1) obj. 3.27405e+06 iterations 5
Cbc0038I Pass   3: suminf.    0.00000 (0) obj. 3.27405e+06 iterations 5
Cbc0038I Solution found of 3.27405e+06
Cbc0038I Relaxing continuous gives 3.27389e+06
Cbc0038I Before mini branch and bound, 14 integers at bound fixed and 80 continuous
Cbc0038I Full problem 112 rows 153 columns, reduced to 22 rows 29 columns
Cbc0038I Mini branch and bound improved solution from 3.27389e+06 to 3.2736e+06 (0.02 seconds)
Cbc0038I Freeing continuous variables gives a solution of 3.27358e+06
Cbc0038I Round again with cutoff of 3.27355e+06
Cbc0038I Pass   4: suminf.    0.46485 (3) obj. 3.27355e+06 iterations 9
Cbc0038I Pass   5: suminf.    0.46485 (3) obj. 3.27355e+06 iterations 2
Cbc0038I Pass   6: suminf.    0.58466 (3) obj. 3.27355e+06 iterations 15
Cbc0038I Pass   7: suminf.    0.56235 (2) obj. 3.27355e+06 iterations 3
Cbc0038I Pass   8: suminf.    0.58466 (2) obj. 3.27355e+06 iterations 2
Cbc0038I Pass   9: suminf.    0.58466 (2) obj. 3.27355e+06 iterations 4
Cbc0038I Pass  10: suminf.    0.56235 (2) obj. 3.27355e+06 iterations 1
Cbc0038I Pass  11: suminf.    0.58466 (2) obj. 3.27355e+06 iterations 2
Cbc0038I Pass  12: suminf.    0.96888 (3) obj. 3.27355e+06 iterations 3
Cbc0038I Pass  13: suminf.    0.56235 (2) obj. 3.27355e+06 iterations 3
Cbc0038I Pass  14: suminf.    0.58466 (2) obj. 3.27355e+06 iterations 2
Cbc0038I Pass  15: suminf.    1.34895 (5) obj. 3.27355e+06 iterations 16
Cbc0038I Pass  16: suminf.    1.34895 (5) obj. 3.27355e+06 iterations 0
Cbc0038I Pass  17: suminf.    1.15184 (4) obj. 3.27355e+06 iterations 11
Cbc0038I Pass  18: suminf.    0.45230 (3) obj. 3.27355e+06 iterations 1
Cbc0038I Pass  19: suminf.    0.15184 (1) obj. 3.27355e+06 iterations 3
Cbc0038I Pass  20: suminf.    0.34015 (1) obj. 3.27355e+06 iterations 1
Cbc0038I Pass  21: suminf.    0.41534 (2) obj. 3.27355e+06 iterations 11
Cbc0038I Pass  22: suminf.    0.41534 (2) obj. 3.27355e+06 iterations 0
Cbc0038I Pass  23: suminf.    0.43765 (2) obj. 3.27355e+06 iterations 2
Cbc0038I Pass  24: suminf.    1.15184 (3) obj. 3.27355e+06 iterations 17
Cbc0038I Pass  25: suminf.    1.15184 (3) obj. 3.27355e+06 iterations 0
Cbc0038I Pass  26: suminf.    0.46485 (1) obj. 3.27355e+06 iterations 10
Cbc0038I Pass  27: suminf.    0.46485 (1) obj. 3.27355e+06 iterations 1
Cbc0038I Pass  28: suminf.    0.45145 (3) obj. 3.27355e+06 iterations 4
Cbc0038I Pass  29: suminf.    0.56235 (2) obj. 3.27355e+06 iterations 5
Cbc0038I Pass  30: suminf.    0.56235 (2) obj. 3.27355e+06 iterations 1
Cbc0038I Pass  31: suminf.    1.33630 (3) obj. 3.27355e+06 iterations 8
Cbc0038I Pass  32: suminf.    0.56235 (2) obj. 3.27355e+06 iterations 5
Cbc0038I Pass  33: suminf.    1.24265 (4) obj. 3.27355e+06 iterations 14
Cbc0038I No solution found this major pass
Cbc0038I Before mini branch and bound, 3 integers at bound fixed and 73 continuous
Cbc0038I Full problem 112 rows 153 columns, reduced to 24 rows 32 columns
Cbc0038I Mini branch and bound did not improve solution (0.04 seconds)
Cbc0038I After 0.04 seconds - Feasibility pump exiting with objective of 3.27358e+06 - took 0.03 seconds
Cbc0012I Integer solution of 3273584.5 found by feasibility pump after 0 iterations and 0 nodes (0.04 seconds)
Cbc0038I Full problem 112 rows 153 columns, reduced to 72 rows 107 columns
Cbc0031I 15 added rows had average density of 27.666667
Cbc0013I At root node, 15 cuts changed objective from 3273425.5 to 3273532.9 in 100 passes
Cbc0014I Cut generator 0 (Probing) - 0 row cuts average 0.0 elements, 0 column cuts (0 active)  in 0.009 seconds - new frequency is -100
Cbc0014I Cut generator 1 (Gomory) - 399 row cuts average 37.3 elements, 0 column cuts (0 active)  in 0.006 seconds - new frequency is 1
Cbc0014I Cut generator 2 (Knapsack) - 0 row cuts average 0.0 elements, 0 column cuts (0 active)  in 0.023 seconds - new frequency is -100
Cbc0014I Cut generator 3 (Clique) - 0 row cuts average 0.0 elements, 0 column cuts (0 active)  in 0.001 seconds - new frequency is -100
Cbc0014I Cut generator 4 (MixedIntegerRounding2) - 12 row cuts average 4.6 elements, 0 column cuts (0 active)  in 0.006 seconds - new frequency is -100
Cbc0014I Cut generator 5 (FlowCover) - 0 row cuts average 0.0 elements, 0 column cuts (0 active)  in 0.014 seconds - new frequency is -100
Cbc0014I Cut generator 6 (TwoMirCuts) - 34 row cuts average 10.9 elements, 0 column cuts (0 active)  in 0.006 seconds - new frequency is -100
Cbc0010I After 0 nodes, 1 on tree, 3273584.5 best solution, best possible 3273532.9 (0.18 seconds)
Cbc0001I Search completed - best objective 3273584.533592004, took 1245 iterations and 4 nodes (0.19 seconds)
Cbc0032I Strong branching done 22 times (209 iterations), fathomed 1 nodes and fixed 4 variables
Cbc0035I Maximum depth 1, 0 variables fixed on reduced cost
Cuts at root node changed objective from 3.27343e+06 to 3.27353e+06
Probing was tried 100 times and created 0 cuts of which 0 were active after adding rounds of cuts (0.009 seconds)
Gomory was tried 114 times and created 422 cuts of which 0 were active after adding rounds of cuts (0.007 seconds)
Knapsack was tried 100 times and created 0 cuts of which 0 were active after adding rounds of cuts (0.023 seconds)
Clique was tried 100 times and created 0 cuts of which 0 were active after adding rounds of cuts (0.001 seconds)
MixedIntegerRounding2 was tried 100 times and created 12 cuts of which 0 were active after adding rounds of cuts (0.006 seconds)
FlowCover was tried 100 times and created 0 cuts of which 0 were active after adding rounds of cuts (0.014 seconds)
TwoMirCuts was tried 100 times and created 34 cuts of which 0 were active after adding rounds of cuts (0.006 seconds)
ZeroHalf was tried 1 times and created 0 cuts of which 0 were active after adding rounds of cuts (0.000 seconds)

Result - Optimal solution found

Objective value:                3273584.53359200
Enumerated nodes:               4
Total iterations:               1245
Time (CPU seconds):             0.19
Time (Wallclock seconds):       0.19

Option for printingOptions changed from normal to all
Total time (CPU seconds):       0.21   (Wallclock seconds):       0.21

