Welcome to the CBC MILP Solver 
Version: 2.10.3 
Build Date: Dec 15 2019 

command line - E:\dachuang\.venv\Lib\site-packages\pulp\apis\../solverdir/cbc/win/i64/cbc.exe model.mps -primalTolerance 1e-9 -integerTolerance 1e-9 -ratioGap 0 -allowableGap 0 -threads 0 -branch -printingOptions all -solution solution.txt -saveSolution solution.bin -quit (default strategy 1)
At line 2 NAME          MODEL
At line 3 ROWS
At line 317 COLUMNS
At line 1133 RHS
At line 1446 BOUNDS
At line 1521 ENDATA
Problem MODEL has 312 rows, 241 columns and 647 elements
Coin0008I MODEL read with 0 errors
primalTolerance was changed from 1e-07 to 1e-09
integerTolerance was changed from 1e-07 to 1e-09
ratioGap was changed from 0 to 0
allowableGap was changed from 1e-10 to 0
Continuous objective value is 3.60059e+06 - 0.00 seconds
Cgl0003I 0 fixed, 0 tightened bounds, 3 strengthened rows, 0 substitutions
Cgl0004I processed model has 113 rows, 155 columns (24 integer (24 of which binary)) and 326 elements
Cbc0038I Initial state - 9 integers unsatisfied sum - 3.19581
Cbc0038I Pass   1: suminf.    0.00000 (0) obj. 3.6221e+06 iterations 14
Cbc0038I Solution found of 3.6221e+06
Cbc0038I Relaxing continuous gives 3.60117e+06
Cbc0038I Before mini branch and bound, 15 integers at bound fixed and 88 continuous
Cbc0038I Full problem 113 rows 155 columns, reduced to 11 rows 14 columns
Cbc0038I Mini branch and bound did not improve solution (0.01 seconds)
Cbc0038I Round again with cutoff of 3.60111e+06
Cbc0038I Pass   2: suminf.    0.24190 (1) obj. 3.60111e+06 iterations 4
Cbc0038I Pass   3: suminf.    0.00000 (0) obj. 3.60111e+06 iterations 10
Cbc0038I Solution found of 3.60111e+06
Cbc0038I Relaxing continuous gives 3.60104e+06
Cbc0038I Before mini branch and bound, 15 integers at bound fixed and 86 continuous
Cbc0038I Full problem 113 rows 155 columns, reduced to 17 rows 23 columns
Cbc0038I Mini branch and bound improved solution from 3.60104e+06 to 3.60083e+06 (0.02 seconds)
Cbc0038I Freeing continuous variables gives a solution of 3.60083e+06
Cbc0038I Round again with cutoff of 3.60078e+06
Cbc0038I Pass   4: suminf.    0.34087 (2) obj. 3.60078e+06 iterations 3
Cbc0038I Pass   5: suminf.    0.21419 (2) obj. 3.60078e+06 iterations 10
Cbc0038I Pass   6: suminf.    0.77094 (4) obj. 3.60078e+06 iterations 7
Cbc0038I Pass   7: suminf.    0.75207 (4) obj. 3.60078e+06 iterations 7
Cbc0038I Pass   8: suminf.    0.54707 (3) obj. 3.60078e+06 iterations 2
Cbc0038I Pass   9: suminf.    0.79103 (3) obj. 3.60078e+06 iterations 7
Cbc0038I Pass  10: suminf.    1.08541 (3) obj. 3.60078e+06 iterations 7
Cbc0038I Pass  11: suminf.    0.49809 (3) obj. 3.60078e+06 iterations 6
Cbc0038I Pass  12: suminf.    0.49492 (3) obj. 3.60078e+06 iterations 1
Cbc0038I Pass  13: suminf.    1.47741 (4) obj. 3.60078e+06 iterations 4
Cbc0038I Pass  14: suminf.    0.97191 (4) obj. 3.60078e+06 iterations 8
Cbc0038I Pass  15: suminf.    0.49492 (3) obj. 3.60078e+06 iterations 5
Cbc0038I Pass  16: suminf.    1.47741 (4) obj. 3.60078e+06 iterations 4
Cbc0038I Pass  17: suminf.    0.49809 (3) obj. 3.60078e+06 iterations 8
Cbc0038I Pass  18: suminf.    0.45632 (2) obj. 3.60078e+06 iterations 11
Cbc0038I Pass  19: suminf.    0.21419 (2) obj. 3.60078e+06 iterations 3
Cbc0038I Pass  20: suminf.    0.77094 (4) obj. 3.60078e+06 iterations 6
Cbc0038I Pass  21: suminf.    0.75207 (4) obj. 3.60078e+06 iterations 7
Cbc0038I Pass  22: suminf.    0.54707 (3) obj. 3.60078e+06 iterations 2
Cbc0038I Pass  23: suminf.    0.79103 (3) obj. 3.60078e+06 iterations 7
Cbc0038I Pass  24: suminf.    1.05167 (4) obj. 3.60078e+06 iterations 21
Cbc0038I Pass  25: suminf.    1.05167 (4) obj. 3.60078e+06 iterations 1
Cbc0038I Pass  26: suminf.    1.08541 (3) obj. 3.60078e+06 iterations 4
Cbc0038I Pass  27: suminf.    0.49809 (3) obj. 3.60078e+06 iterations 14
Cbc0038I Pass  28: suminf.    0.49492 (3) obj. 3.60078e+06 iterations 1
Cbc0038I Pass  29: suminf.    1.47741 (4) obj. 3.60078e+06 iterations 4
Cbc0038I Pass  30: suminf.    0.90894 (3) obj. 3.60078e+06 iterations 18
Cbc0038I Pass  31: suminf.    0.90894 (3) obj. 3.60078e+06 iterations 1
Cbc0038I Pass  32: suminf.    0.33941 (2) obj. 3.60078e+06 iterations 10
Cbc0038I Pass  33: suminf.    0.26368 (2) obj. 3.60078e+06 iterations 3
Cbc0038I No solution found this major pass
Cbc0038I Before mini branch and bound, 5 integers at bound fixed and 75 continuous
Cbc0038I Full problem 113 rows 155 columns, reduced to 23 rows 30 columns
Cbc0038I Mini branch and bound improved solution from 3.60083e+06 to 3.60078e+06 (0.03 seconds)
Cbc0038I Freeing continuous variables gives a solution of 3.60078e+06
Cbc0038I Round again with cutoff of 3.60073e+06
Cbc0038I Pass  33: suminf.    0.49900 (4) obj. 3.60073e+06 iterations 4
Cbc0038I Pass  34: suminf.    0.48331 (3) obj. 3.60073e+06 iterations 3
Cbc0038I Pass  35: suminf.    0.46595 (2) obj. 3.60073e+06 iterations 13
Cbc0038I Pass  36: suminf.    0.46443 (2) obj. 3.60073e+06 iterations 1
Cbc0038I Pass  37: suminf.    1.04006 (4) obj. 3.60073e+06 iterations 4
Cbc0038I Pass  38: suminf.    1.02118 (4) obj. 3.60073e+06 iterations 6
Cbc0038I Pass  39: suminf.    0.81619 (3) obj. 3.60073e+06 iterations 2
Cbc0038I Pass  40: suminf.    0.91880 (3) obj. 3.60073e+06 iterations 8
Cbc0038I Pass  41: suminf.    0.46595 (2) obj. 3.60073e+06 iterations 12
Cbc0038I Pass  42: suminf.    0.46443 (2) obj. 3.60073e+06 iterations 1
Cbc0038I Pass  43: suminf.    1.04006 (4) obj. 3.60073e+06 iterations 5
Cbc0038I Pass  44: suminf.    1.02118 (4) obj. 3.60073e+06 iterations 6
Cbc0038I Pass  45: suminf.    0.81619 (3) obj. 3.60073e+06 iterations 2
Cbc0038I Pass  46: suminf.    0.91880 (3) obj. 3.60073e+06 iterations 8
Cbc0038I Pass  47: suminf.    0.46595 (2) obj. 3.60073e+06 iterations 12
Cbc0038I Pass  48: suminf.    0.46443 (2) obj. 3.60073e+06 iterations 1
Cbc0038I Pass  49: suminf.    1.04006 (4) obj. 3.60073e+06 iterations 5
Cbc0038I Pass  50: suminf.    1.02118 (4) obj. 3.60073e+06 iterations 6
Cbc0038I Pass  51: suminf.    0.81619 (3) obj. 3.60073e+06 iterations 2
Cbc0038I Pass  52: suminf.    0.91880 (3) obj. 3.60073e+06 iterations 8
Cbc0038I Pass  53: suminf.    0.46595 (2) obj. 3.60073e+06 iterations 12
Cbc0038I Pass  54: suminf.    0.46443 (2) obj. 3.60073e+06 iterations 1
Cbc0038I Pass  55: suminf.    1.04006 (4) obj. 3.60073e+06 iterations 5
Cbc0038I Pass  56: suminf.    1.02118 (4) obj. 3.60073e+06 iterations 6
Cbc0038I Pass  57: suminf.    0.81619 (3) obj. 3.60073e+06 iterations 2
Cbc0038I Pass  58: suminf.    0.91880 (3) obj. 3.60073e+06 iterations 8
Cbc0038I Pass  59: suminf.    0.46595 (2) obj. 3.60073e+06 iterations 12
Cbc0038I Pass  60: suminf.    0.46443 (2) obj. 3.60073e+06 iterations 1
Cbc0038I Pass  61: suminf.    1.04006 (4) obj. 3.60073e+06 iterations 5
Cbc0038I Pass  62: suminf.    1.02118 (4) obj. 3.60073e+06 iterations 6
Cbc0038I No solution found this major pass
Cbc0038I Before mini branch and bound, 15 integers at bound fixed and 85 continuous
Cbc0038I Full problem 113 rows 155 columns, reduced to 23 rows 30 columns
Cbc0038I Mini branch and bound did not improve solution (0.05 seconds)
Cbc0038I After 0.05 seconds - Feasibility pump exiting with objective of 3.60078e+06 - took 0.04 seconds
Cbc0012I Integer solution of 3600779.4 found by feasibility pump after 0 iterations and 0 nodes (0.05 seconds)
Cbc0038I Full problem 113 rows 155 columns, reduced to 70 rows 107 columns
Cbc0012I Integer solution of 3600734.1 found by DiveCoefficient after 1192 iterations and 0 nodes (0.19 seconds)
Cbc0031I 12 added rows had average density of 28.666667
Cbc0013I At root node, 12 cuts changed objective from 3600608 to 3600675.8 in 100 passes
Cbc0014I Cut generator 0 (Probing) - 2 row cuts average 2.0 elements, 0 column cuts (0 active)  in 0.012 seconds - new frequency is -100
Cbc0014I Cut generator 1 (Gomory) - 452 row cuts average 38.3 elements, 0 column cuts (0 active)  in 0.010 seconds - new frequency is 1
Cbc0014I Cut generator 2 (Knapsack) - 0 row cuts average 0.0 elements, 0 column cuts (0 active)  in 0.018 seconds - new frequency is -100
Cbc0014I Cut generator 3 (Clique) - 0 row cuts average 0.0 elements, 0 column cuts (0 active)  in 0.001 seconds - new frequency is -100
Cbc0014I Cut generator 4 (MixedIntegerRounding2) - 5 row cuts average 5.8 elements, 0 column cuts (0 active)  in 0.006 seconds - new frequency is -100
Cbc0014I Cut generator 5 (FlowCover) - 0 row cuts average 0.0 elements, 0 column cuts (0 active)  in 0.022 seconds - new frequency is -100
Cbc0014I Cut generator 6 (TwoMirCuts) - 32 row cuts average 11.9 elements, 0 column cuts (0 active)  in 0.004 seconds - new frequency is -100
Cbc0010I After 0 nodes, 1 on tree, 3600734.1 best solution, best possible 3600675.8 (0.20 seconds)
Cbc0001I Search completed - best objective 3600734.128808762, took 1465 iterations and 8 nodes (0.22 seconds)
Cbc0032I Strong branching done 52 times (333 iterations), fathomed 1 nodes and fixed 2 variables
Cbc0035I Maximum depth 3, 0 variables fixed on reduced cost
Cuts at root node changed objective from 3.60061e+06 to 3.60068e+06
Probing was tried 100 times and created 2 cuts of which 0 were active after adding rounds of cuts (0.012 seconds)
Gomory was tried 138 times and created 527 cuts of which 0 were active after adding rounds of cuts (0.012 seconds)
Knapsack was tried 100 times and created 0 cuts of which 0 were active after adding rounds of cuts (0.018 seconds)
Clique was tried 100 times and created 0 cuts of which 0 were active after adding rounds of cuts (0.001 seconds)
MixedIntegerRounding2 was tried 100 times and created 5 cuts of which 0 were active after adding rounds of cuts (0.006 seconds)
FlowCover was tried 100 times and created 0 cuts of which 0 were active after adding rounds of cuts (0.022 seconds)
TwoMirCuts was tried 100 times and created 32 cuts of which 0 were active after adding rounds of cuts (0.004 seconds)
ZeroHalf was tried 1 times and created 0 cuts of which 0 were active after adding rounds of cuts (0.000 seconds)

Result - Optimal solution found

Objective value:                3600734.12880876
Enumerated nodes:               8
Total iterations:               1465
Time (CPU seconds):             0.22
Time (Wallclock seconds):       0.22

Option for printingOptions changed from normal to all
Total time (CPU seconds):       0.25   (Wallclock seconds):       0.25

