Welcome to the CBC MILP Solver 
Version: 2.10.3 
Build Date: Dec 15 2019 

command line - E:\dachuang\.venv\Lib\site-packages\pulp\apis\../solverdir/cbc/win/i64/cbc.exe model.mps -primalTolerance 1e-9 -integerTolerance 1e-9 -ratioGap 0 -allowableGap 0 -threads 0 -branch -printingOptions all -solution solution.txt -saveSolution solution.bin -quit (default strategy 1)
At line 2 NAME          MODEL
At line 3 ROWS
At line 317 COLUMNS
At line 1133 RHS
At line 1446 BOUNDS
At line 1521 ENDATA
Problem MODEL has 312 rows, 241 columns and 647 elements
Coin0008I MODEL read with 0 errors
primalTolerance was changed from 1e-07 to 1e-09
integerTolerance was changed from 1e-07 to 1e-09
ratioGap was changed from 0 to 0
allowableGap was changed from 1e-10 to 0
Continuous objective value is 2.05592e+06 - 0.00 seconds
Cgl0003I 0 fixed, 0 tightened bounds, 2 strengthened rows, 0 substitutions
Cgl0004I processed model has 115 rows, 159 columns (24 integer (24 of which binary)) and 336 elements
Cbc0038I Initial state - 8 integers unsatisfied sum - 2.25605
Cbc0038I Pass   1: suminf.    0.00000 (0) obj. 2.24483e+06 iterations 13
Cbc0038I Solution found of 2.24483e+06
Cbc0038I Relaxing continuous gives 2.2321e+06
Cbc0038I Before mini branch and bound, 16 integers at bound fixed and 85 continuous
Cbc0038I Full problem 115 rows 159 columns, reduced to 6 rows 9 columns
Cbc0038I Mini branch and bound improved solution from 2.2321e+06 to 2.05618e+06 (0.01 seconds)
Cbc0038I Round again with cutoff of 2.05615e+06
Cbc0038I Pass   2: suminf.    1.26736 (5) obj. 2.05615e+06 iterations 19
Cbc0038I Pass   3: suminf.    0.10986 (1) obj. 2.05615e+06 iterations 11
Cbc0038I Pass   4: suminf.    0.56543 (2) obj. 2.05615e+06 iterations 9
Cbc0038I Pass   5: suminf.    0.10986 (1) obj. 2.05615e+06 iterations 2
Cbc0038I Pass   6: suminf.    0.70766 (3) obj. 2.05615e+06 iterations 12
Cbc0038I Pass   7: suminf.    0.10986 (1) obj. 2.05615e+06 iterations 9
Cbc0038I Pass   8: suminf.    0.56543 (2) obj. 2.05615e+06 iterations 9
Cbc0038I Pass   9: suminf.    0.10986 (1) obj. 2.05615e+06 iterations 2
Cbc0038I Pass  10: suminf.    0.34286 (2) obj. 2.05615e+06 iterations 5
Cbc0038I Pass  11: suminf.    0.10986 (1) obj. 2.05615e+06 iterations 6
Cbc0038I Pass  12: suminf.    0.56543 (2) obj. 2.05615e+06 iterations 11
Cbc0038I Pass  13: suminf.    0.10986 (1) obj. 2.05615e+06 iterations 2
Cbc0038I Pass  14: suminf.    1.39148 (6) obj. 2.05615e+06 iterations 14
Cbc0038I Pass  15: suminf.    1.01598 (5) obj. 2.05615e+06 iterations 1
Cbc0038I Pass  16: suminf.    0.10986 (1) obj. 2.05615e+06 iterations 9
Cbc0038I Pass  17: suminf.    0.56543 (2) obj. 2.05615e+06 iterations 3
Cbc0038I Pass  18: suminf.    0.10986 (1) obj. 2.05615e+06 iterations 2
Cbc0038I Pass  19: suminf.    0.83133 (5) obj. 2.05615e+06 iterations 14
Cbc0038I Pass  20: suminf.    0.46483 (4) obj. 2.05615e+06 iterations 1
Cbc0038I Pass  21: suminf.    0.40396 (2) obj. 2.05615e+06 iterations 7
Cbc0038I Pass  22: suminf.    0.00500 (1) obj. 2.05615e+06 iterations 3
Cbc0038I Pass  23: suminf.    2.31484 (8) obj. 2.05615e+06 iterations 23
Cbc0038I Pass  24: suminf.    1.69934 (6) obj. 2.05615e+06 iterations 2
Cbc0038I Pass  25: suminf.    0.10986 (1) obj. 2.05615e+06 iterations 6
Cbc0038I Pass  26: suminf.    0.10986 (1) obj. 2.05615e+06 iterations 4
Cbc0038I Pass  27: suminf.    0.56543 (2) obj. 2.05615e+06 iterations 3
Cbc0038I Pass  28: suminf.    1.43463 (5) obj. 2.05615e+06 iterations 9
Cbc0038I Pass  29: suminf.    0.78436 (4) obj. 2.05615e+06 iterations 6
Cbc0038I Pass  30: suminf.    0.80593 (3) obj. 2.05615e+06 iterations 10
Cbc0038I Pass  31: suminf.    0.80593 (3) obj. 2.05615e+06 iterations 1
Cbc0038I No solution found this major pass
Cbc0038I Before mini branch and bound, 2 integers at bound fixed and 76 continuous
Cbc0038I Full problem 115 rows 159 columns, reduced to 13 rows 17 columns
Cbc0038I Mini branch and bound improved solution from 2.05618e+06 to 2.05615e+06 (0.02 seconds)
Cbc0038I Round again with cutoff of 2.0561e+06
Cbc0038I Pass  31: suminf.    1.46510 (5) obj. 2.0561e+06 iterations 0
Cbc0038I Pass  32: suminf.    0.30760 (2) obj. 2.0561e+06 iterations 12
Cbc0038I Pass  33: suminf.    0.69651 (2) obj. 2.0561e+06 iterations 9
Cbc0038I Pass  34: suminf.    0.32464 (3) obj. 2.0561e+06 iterations 5
Cbc0038I Pass  35: suminf.    0.90886 (3) obj. 2.0561e+06 iterations 6
Cbc0038I Pass  36: suminf.    0.90886 (3) obj. 2.0561e+06 iterations 0
Cbc0038I Pass  37: suminf.    0.30760 (2) obj. 2.0561e+06 iterations 9
Cbc0038I Pass  38: suminf.    0.69651 (2) obj. 2.0561e+06 iterations 9
Cbc0038I Pass  39: suminf.    0.32464 (3) obj. 2.0561e+06 iterations 5
Cbc0038I Pass  40: suminf.    0.90886 (3) obj. 2.0561e+06 iterations 6
Cbc0038I Pass  41: suminf.    0.90886 (3) obj. 2.0561e+06 iterations 0
Cbc0038I Pass  42: suminf.    0.30760 (2) obj. 2.0561e+06 iterations 9
Cbc0038I Pass  43: suminf.    0.69651 (2) obj. 2.0561e+06 iterations 9
Cbc0038I Pass  44: suminf.    0.32464 (3) obj. 2.0561e+06 iterations 5
Cbc0038I Pass  45: suminf.    0.90886 (3) obj. 2.0561e+06 iterations 6
Cbc0038I Pass  46: suminf.    0.90886 (3) obj. 2.0561e+06 iterations 0
Cbc0038I Pass  47: suminf.    0.30760 (2) obj. 2.0561e+06 iterations 9
Cbc0038I Pass  48: suminf.    0.69651 (2) obj. 2.0561e+06 iterations 9
Cbc0038I Pass  49: suminf.    0.32464 (3) obj. 2.0561e+06 iterations 5
Cbc0038I Pass  50: suminf.    0.90886 (3) obj. 2.0561e+06 iterations 6
Cbc0038I Pass  51: suminf.    0.90886 (3) obj. 2.0561e+06 iterations 0
Cbc0038I Pass  52: suminf.    0.30760 (2) obj. 2.0561e+06 iterations 9
Cbc0038I Pass  53: suminf.    0.69651 (2) obj. 2.0561e+06 iterations 9
Cbc0038I Pass  54: suminf.    0.32464 (3) obj. 2.0561e+06 iterations 5
Cbc0038I Pass  55: suminf.    0.90886 (3) obj. 2.0561e+06 iterations 6
Cbc0038I Pass  56: suminf.    0.90886 (3) obj. 2.0561e+06 iterations 0
Cbc0038I Pass  57: suminf.    0.30760 (2) obj. 2.0561e+06 iterations 9
Cbc0038I Pass  58: suminf.    0.69651 (2) obj. 2.0561e+06 iterations 9
Cbc0038I Pass  59: suminf.    0.32464 (3) obj. 2.0561e+06 iterations 5
Cbc0038I Pass  60: suminf.    0.90886 (3) obj. 2.0561e+06 iterations 6
Cbc0038I No solution found this major pass
Cbc0038I Before mini branch and bound, 16 integers at bound fixed and 89 continuous
Cbc0038I Full problem 115 rows 159 columns, reduced to 14 rows 18 columns
Cbc0038I Mini branch and bound did not improve solution (0.03 seconds)
Cbc0038I After 0.03 seconds - Feasibility pump exiting with objective of 2.05615e+06 - took 0.03 seconds
Cbc0012I Integer solution of 2056150.9 found by feasibility pump after 0 iterations and 0 nodes (0.03 seconds)
Cbc0038I Full problem 115 rows 159 columns, reduced to 73 rows 114 columns
Cbc0031I 9 added rows had average density of 17.222222
Cbc0013I At root node, 9 cuts changed objective from 2055920.3 to 2056149.7 in 9 passes
Cbc0014I Cut generator 0 (Probing) - 2 row cuts average 2.0 elements, 2 column cuts (2 active)  in 0.001 seconds - new frequency is 1
Cbc0014I Cut generator 1 (Gomory) - 22 row cuts average 33.7 elements, 0 column cuts (0 active)  in 0.000 seconds - new frequency is 1
Cbc0014I Cut generator 2 (Knapsack) - 0 row cuts average 0.0 elements, 0 column cuts (0 active)  in 0.002 seconds - new frequency is -100
Cbc0014I Cut generator 3 (Clique) - 0 row cuts average 0.0 elements, 0 column cuts (0 active)  in 0.000 seconds - new frequency is -100
Cbc0014I Cut generator 4 (MixedIntegerRounding2) - 6 row cuts average 4.3 elements, 0 column cuts (0 active)  in 0.001 seconds - new frequency is 1
Cbc0014I Cut generator 5 (FlowCover) - 0 row cuts average 0.0 elements, 0 column cuts (0 active)  in 0.003 seconds - new frequency is -100
Cbc0014I Cut generator 6 (TwoMirCuts) - 21 row cuts average 27.2 elements, 0 column cuts (0 active)  in 0.001 seconds - new frequency is -100
Cbc0001I Search completed - best objective 2056150.937294542, took 51 iterations and 0 nodes (0.05 seconds)
Cbc0032I Strong branching done 4 times (40 iterations), fathomed 1 nodes and fixed 0 variables
Cbc0035I Maximum depth 0, 1 variables fixed on reduced cost
Cuts at root node changed objective from 2.05592e+06 to 2.05615e+06
Probing was tried 9 times and created 4 cuts of which 0 were active after adding rounds of cuts (0.001 seconds)
Gomory was tried 9 times and created 22 cuts of which 0 were active after adding rounds of cuts (0.000 seconds)
Knapsack was tried 9 times and created 0 cuts of which 0 were active after adding rounds of cuts (0.002 seconds)
Clique was tried 9 times and created 0 cuts of which 0 were active after adding rounds of cuts (0.000 seconds)
MixedIntegerRounding2 was tried 9 times and created 6 cuts of which 0 were active after adding rounds of cuts (0.001 seconds)
FlowCover was tried 9 times and created 0 cuts of which 0 were active after adding rounds of cuts (0.003 seconds)
TwoMirCuts was tried 9 times and created 21 cuts of which 0 were active after adding rounds of cuts (0.001 seconds)
ZeroHalf was tried 1 times and created 0 cuts of which 0 were active after adding rounds of cuts (0.000 seconds)

Result - Optimal solution found

Objective value:                2056150.93729454
Enumerated nodes:               0
Total iterations:               51
Time (CPU seconds):             0.06
Time (Wallclock seconds):       0.06

Option for printingOptions changed from normal to all
Total time (CPU seconds):       0.08   (Wallclock seconds):       0.08

