Welcome to the CBC MILP Solver 
Version: 2.10.3 
Build Date: Dec 15 2019 

command line - E:\dachuang\.venv\Lib\site-packages\pulp\apis\../solverdir/cbc/win/i64/cbc.exe model.mps -primalTolerance 1e-9 -integerTolerance 1e-9 -ratioGap 0 -allowableGap 0 -threads 0 -branch -printingOptions all -solution solution.txt -saveSolution solution.bin -quit (default strategy 1)
At line 2 NAME          MODEL
At line 3 ROWS
At line 317 COLUMNS
At line 1133 RHS
At line 1446 BOUNDS
At line 1521 ENDATA
Problem MODEL has 312 rows, 241 columns and 647 elements
Coin0008I MODEL read with 0 errors
primalTolerance was changed from 1e-07 to 1e-09
integerTolerance was changed from 1e-07 to 1e-09
ratioGap was changed from 0 to 0
allowableGap was changed from 1e-10 to 0
Continuous objective value is 2.28358e+06 - 0.00 seconds
Cgl0003I 0 fixed, 0 tightened bounds, 2 strengthened rows, 0 substitutions
Cgl0004I processed model has 115 rows, 159 columns (24 integer (24 of which binary)) and 336 elements
Cbc0038I Initial state - 10 integers unsatisfied sum - 2.76022
Cbc0038I Pass   1: suminf.    0.00000 (0) obj. 2.36676e+06 iterations 15
Cbc0038I Solution found of 2.36676e+06
Cbc0038I Relaxing continuous gives 2.31378e+06
Cbc0038I Before mini branch and bound, 14 integers at bound fixed and 84 continuous
Cbc0038I Full problem 115 rows 159 columns, reduced to 13 rows 17 columns
Cbc0038I Mini branch and bound improved solution from 2.31378e+06 to 2.28405e+06 (0.01 seconds)
Cbc0038I Round again with cutoff of 2.28401e+06
Cbc0038I Pass   2: suminf.    0.57620 (4) obj. 2.28401e+06 iterations 18
Cbc0038I Pass   3: suminf.    0.00000 (0) obj. 2.28401e+06 iterations 11
Cbc0038I Solution found of 2.28401e+06
Cbc0038I Relaxing continuous gives 2.28392e+06
Cbc0038I Before mini branch and bound, 14 integers at bound fixed and 81 continuous
Cbc0038I Full problem 115 rows 159 columns, reduced to 19 rows 25 columns
Cbc0038I Mini branch and bound improved solution from 2.28392e+06 to 2.28371e+06 (0.02 seconds)
Cbc0038I Round again with cutoff of 2.28369e+06
Cbc0038I Pass   4: suminf.    0.78848 (5) obj. 2.28369e+06 iterations 4
Cbc0038I Pass   5: suminf.    0.48755 (4) obj. 2.28369e+06 iterations 9
Cbc0038I Pass   6: suminf.    0.68657 (4) obj. 2.28369e+06 iterations 10
Cbc0038I Pass   7: suminf.    0.68657 (4) obj. 2.28369e+06 iterations 0
Cbc0038I Pass   8: suminf.    0.68657 (4) obj. 2.28369e+06 iterations 6
Cbc0038I Pass   9: suminf.    0.58407 (3) obj. 2.28369e+06 iterations 2
Cbc0038I Pass  10: suminf.    0.58407 (3) obj. 2.28369e+06 iterations 5
Cbc0038I Pass  11: suminf.    0.68657 (4) obj. 2.28369e+06 iterations 9
Cbc0038I Pass  12: suminf.    0.68657 (4) obj. 2.28369e+06 iterations 0
Cbc0038I Pass  13: suminf.    0.68657 (4) obj. 2.28369e+06 iterations 6
Cbc0038I Pass  14: suminf.    0.58407 (3) obj. 2.28369e+06 iterations 2
Cbc0038I Pass  15: suminf.    1.05319 (6) obj. 2.28369e+06 iterations 11
Cbc0038I Pass  16: suminf.    1.05319 (6) obj. 2.28369e+06 iterations 0
Cbc0038I Pass  17: suminf.    0.68657 (4) obj. 2.28369e+06 iterations 13
Cbc0038I Pass  18: suminf.    0.68657 (4) obj. 2.28369e+06 iterations 0
Cbc0038I Pass  19: suminf.    0.68657 (4) obj. 2.28369e+06 iterations 6
Cbc0038I Pass  20: suminf.    0.58407 (3) obj. 2.28369e+06 iterations 2
Cbc0038I Pass  21: suminf.    0.68657 (4) obj. 2.28369e+06 iterations 6
Cbc0038I Pass  22: suminf.    0.58407 (3) obj. 2.28369e+06 iterations 2
Cbc0038I Pass  23: suminf.    0.68657 (4) obj. 2.28369e+06 iterations 9
Cbc0038I Pass  24: suminf.    0.68657 (4) obj. 2.28369e+06 iterations 0
Cbc0038I Pass  25: suminf.    0.68657 (4) obj. 2.28369e+06 iterations 6
Cbc0038I Pass  26: suminf.    1.85857 (9) obj. 2.28369e+06 iterations 20
Cbc0038I Pass  27: suminf.    1.44857 (7) obj. 2.28369e+06 iterations 3
Cbc0038I Pass  28: suminf.    0.83577 (2) obj. 2.28369e+06 iterations 9
Cbc0038I Pass  29: suminf.    0.81657 (3) obj. 2.28369e+06 iterations 1
Cbc0038I Pass  30: suminf.    0.81657 (3) obj. 2.28369e+06 iterations 7
Cbc0038I Pass  31: suminf.    0.81657 (3) obj. 2.28369e+06 iterations 0
Cbc0038I Pass  32: suminf.    0.95154 (6) obj. 2.28369e+06 iterations 21
Cbc0038I Pass  33: suminf.    0.84904 (5) obj. 2.28369e+06 iterations 2
Cbc0038I No solution found this major pass
Cbc0038I Before mini branch and bound, 0 integers at bound fixed and 67 continuous
Cbc0038I Full problem 115 rows 159 columns, reduced to 20 rows 25 columns
Cbc0038I Mini branch and bound did not improve solution (0.04 seconds)
Cbc0038I After 0.04 seconds - Feasibility pump exiting with objective of 2.28371e+06 - took 0.03 seconds
Cbc0012I Integer solution of 2283713.7 found by feasibility pump after 0 iterations and 0 nodes (0.04 seconds)
Cbc0038I Full problem 115 rows 159 columns, reduced to 77 rows 118 columns
Cbc0031I 14 added rows had average density of 17.285714
Cbc0013I At root node, 14 cuts changed objective from 2283579 to 2283701.8 in 100 passes
Cbc0014I Cut generator 0 (Probing) - 3 row cuts average 2.0 elements, 1 column cuts (1 active)  in 0.011 seconds - new frequency is -100
Cbc0014I Cut generator 1 (Gomory) - 238 row cuts average 35.1 elements, 0 column cuts (0 active)  in 0.012 seconds - new frequency is 1
Cbc0014I Cut generator 2 (Knapsack) - 0 row cuts average 0.0 elements, 0 column cuts (0 active)  in 0.021 seconds - new frequency is -100
Cbc0014I Cut generator 3 (Clique) - 0 row cuts average 0.0 elements, 0 column cuts (0 active)  in 0.001 seconds - new frequency is -100
Cbc0014I Cut generator 4 (MixedIntegerRounding2) - 5 row cuts average 4.4 elements, 0 column cuts (0 active)  in 0.008 seconds - new frequency is -100
Cbc0014I Cut generator 5 (FlowCover) - 1 row cuts average 2.0 elements, 0 column cuts (0 active)  in 0.016 seconds - new frequency is -100
Cbc0014I Cut generator 6 (TwoMirCuts) - 27 row cuts average 14.5 elements, 0 column cuts (0 active)  in 0.007 seconds - new frequency is -100
Cbc0010I After 0 nodes, 1 on tree, 2283713.7 best solution, best possible 2283701.8 (0.18 seconds)
Cbc0001I Search completed - best objective 2283713.712341106, took 750 iterations and 2 nodes (0.18 seconds)
Cbc0032I Strong branching done 12 times (37 iterations), fathomed 2 nodes and fixed 0 variables
Cbc0035I Maximum depth 0, 0 variables fixed on reduced cost
Cuts at root node changed objective from 2.28358e+06 to 2.2837e+06
Probing was tried 100 times and created 4 cuts of which 0 were active after adding rounds of cuts (0.011 seconds)
Gomory was tried 105 times and created 242 cuts of which 0 were active after adding rounds of cuts (0.012 seconds)
Knapsack was tried 100 times and created 0 cuts of which 0 were active after adding rounds of cuts (0.021 seconds)
Clique was tried 100 times and created 0 cuts of which 0 were active after adding rounds of cuts (0.001 seconds)
MixedIntegerRounding2 was tried 100 times and created 5 cuts of which 0 were active after adding rounds of cuts (0.008 seconds)
FlowCover was tried 100 times and created 1 cuts of which 0 were active after adding rounds of cuts (0.016 seconds)
TwoMirCuts was tried 100 times and created 27 cuts of which 0 were active after adding rounds of cuts (0.007 seconds)
ZeroHalf was tried 1 times and created 0 cuts of which 0 were active after adding rounds of cuts (0.000 seconds)

Result - Optimal solution found

Objective value:                2283713.71234111
Enumerated nodes:               2
Total iterations:               750
Time (CPU seconds):             0.19
Time (Wallclock seconds):       0.19

Option for printingOptions changed from normal to all
Total time (CPU seconds):       0.21   (Wallclock seconds):       0.21

