Welcome to the CBC MILP Solver 
Version: 2.10.3 
Build Date: Dec 15 2019 

command line - E:\dachuang\.venv\Lib\site-packages\pulp\apis\../solverdir/cbc/win/i64/cbc.exe model.mps -primalTolerance 1e-9 -integerTolerance 1e-9 -ratioGap 0 -allowableGap 0 -threads 0 -branch -printingOptions all -solution solution.txt -saveSolution solution.bin -quit (default strategy 1)
At line 2 NAME          MODEL
At line 3 ROWS
At line 317 COLUMNS
At line 1133 RHS
At line 1446 BOUNDS
At line 1521 ENDATA
Problem MODEL has 312 rows, 241 columns and 647 elements
Coin0008I MODEL read with 0 errors
primalTolerance was changed from 1e-07 to 1e-09
integerTolerance was changed from 1e-07 to 1e-09
ratioGap was changed from 0 to 0
allowableGap was changed from 1e-10 to 0
Continuous objective value is 4.15794e+06 - 0.00 seconds
Cgl0003I 0 fixed, 0 tightened bounds, 3 strengthened rows, 0 substitutions
Cgl0004I processed model has 111 rows, 148 columns (24 integer (24 of which binary)) and 313 elements
Cbc0038I Initial state - 8 integers unsatisfied sum - 1.72006
Cbc0038I Pass   1: suminf.    0.00000 (0) obj. 4.15836e+06 iterations 12
Cbc0038I Solution found of 4.15836e+06
Cbc0038I Relaxing continuous gives 4.15836e+06
Cbc0038I Before mini branch and bound, 16 integers at bound fixed and 86 continuous
Cbc0038I Full problem 111 rows 148 columns, reduced to 7 rows 8 columns
Cbc0038I Mini branch and bound did not improve solution (0.01 seconds)
Cbc0038I Round again with cutoff of 4.15832e+06
Cbc0038I Pass   2: suminf.    0.17047 (1) obj. 4.15832e+06 iterations 2
Cbc0038I Pass   3: suminf.    0.00000 (0) obj. 4.15832e+06 iterations 8
Cbc0038I Solution found of 4.15832e+06
Cbc0038I Relaxing continuous gives 4.15817e+06
Cbc0038I Before mini branch and bound, 16 integers at bound fixed and 81 continuous
Cbc0038I Full problem 111 rows 148 columns, reduced to 16 rows 21 columns
Cbc0038I Mini branch and bound improved solution from 4.15817e+06 to 4.15809e+06 (0.01 seconds)
Cbc0038I Freeing continuous variables gives a solution of 4.15809e+06
Cbc0038I Round again with cutoff of 4.15806e+06
Cbc0038I Pass   4: suminf.    0.47506 (2) obj. 4.15806e+06 iterations 3
Cbc0038I Pass   5: suminf.    0.46590 (1) obj. 4.15806e+06 iterations 1
Cbc0038I Pass   6: suminf.    0.20044 (1) obj. 4.15806e+06 iterations 7
Cbc0038I Pass   7: suminf.    0.38468 (1) obj. 4.15806e+06 iterations 1
Cbc0038I Pass   8: suminf.    1.53310 (7) obj. 4.15806e+06 iterations 11
Cbc0038I Pass   9: suminf.    0.50005 (5) obj. 4.15806e+06 iterations 2
Cbc0038I Pass  10: suminf.    1.11056 (4) obj. 4.15806e+06 iterations 13
Cbc0038I Pass  11: suminf.    1.11056 (4) obj. 4.15806e+06 iterations 2
Cbc0038I Pass  12: suminf.    1.05470 (3) obj. 4.15806e+06 iterations 7
Cbc0038I Pass  13: suminf.    0.40555 (3) obj. 4.15806e+06 iterations 1
Cbc0038I Pass  14: suminf.    0.42142 (2) obj. 4.15806e+06 iterations 6
Cbc0038I Pass  15: suminf.    0.40555 (2) obj. 4.15806e+06 iterations 1
Cbc0038I Pass  16: suminf.    1.05470 (4) obj. 4.15806e+06 iterations 8
Cbc0038I Pass  17: suminf.    0.61396 (3) obj. 4.15806e+06 iterations 11
Cbc0038I Pass  18: suminf.    0.40555 (2) obj. 4.15806e+06 iterations 1
Cbc0038I Pass  19: suminf.    1.05470 (4) obj. 4.15806e+06 iterations 8
Cbc0038I Pass  20: suminf.    0.40555 (3) obj. 4.15806e+06 iterations 2
Cbc0038I Pass  21: suminf.    0.42142 (2) obj. 4.15806e+06 iterations 6
Cbc0038I Pass  22: suminf.    0.42452 (6) obj. 4.15806e+06 iterations 17
Cbc0038I Pass  23: suminf.    0.41005 (5) obj. 4.15806e+06 iterations 4
Cbc0038I Pass  24: suminf.    1.11056 (4) obj. 4.15806e+06 iterations 18
Cbc0038I Pass  25: suminf.    1.11056 (4) obj. 4.15806e+06 iterations 2
Cbc0038I Pass  26: suminf.    1.05470 (3) obj. 4.15806e+06 iterations 10
Cbc0038I Pass  27: suminf.    0.40555 (3) obj. 4.15806e+06 iterations 1
Cbc0038I Pass  28: suminf.    0.42142 (2) obj. 4.15806e+06 iterations 6
Cbc0038I Pass  29: suminf.    0.40555 (2) obj. 4.15806e+06 iterations 1
Cbc0038I Pass  30: suminf.    1.05470 (4) obj. 4.15806e+06 iterations 8
Cbc0038I Pass  31: suminf.    1.21305 (5) obj. 4.15806e+06 iterations 12
Cbc0038I Pass  32: suminf.    1.11056 (4) obj. 4.15806e+06 iterations 2
Cbc0038I Pass  33: suminf.    0.83358 (3) obj. 4.15806e+06 iterations 11
Cbc0038I No solution found this major pass
Cbc0038I Before mini branch and bound, 11 integers at bound fixed and 73 continuous
Cbc0038I Full problem 111 rows 148 columns, reduced to 23 rows 31 columns
Cbc0038I Mini branch and bound did not improve solution (0.03 seconds)
Cbc0038I After 0.03 seconds - Feasibility pump exiting with objective of 4.15809e+06 - took 0.02 seconds
Cbc0012I Integer solution of 4158086.1 found by feasibility pump after 0 iterations and 0 nodes (0.03 seconds)
Cbc0038I Full problem 111 rows 148 columns, reduced to 64 rows 94 columns
Cbc0031I 12 added rows had average density of 27.75
Cbc0013I At root node, 12 cuts changed objective from 4157965 to 4158029.9 in 100 passes
Cbc0014I Cut generator 0 (Probing) - 23 row cuts average 2.4 elements, 0 column cuts (0 active)  in 0.011 seconds - new frequency is -100
Cbc0014I Cut generator 1 (Gomory) - 348 row cuts average 36.9 elements, 0 column cuts (0 active)  in 0.012 seconds - new frequency is 1
Cbc0014I Cut generator 2 (Knapsack) - 0 row cuts average 0.0 elements, 0 column cuts (0 active)  in 0.021 seconds - new frequency is -100
Cbc0014I Cut generator 3 (Clique) - 0 row cuts average 0.0 elements, 0 column cuts (0 active)  in 0.000 seconds - new frequency is -100
Cbc0014I Cut generator 4 (MixedIntegerRounding2) - 25 row cuts average 5.6 elements, 0 column cuts (0 active)  in 0.005 seconds - new frequency is -100
Cbc0014I Cut generator 5 (FlowCover) - 0 row cuts average 0.0 elements, 0 column cuts (0 active)  in 0.019 seconds - new frequency is -100
Cbc0014I Cut generator 6 (TwoMirCuts) - 31 row cuts average 9.1 elements, 0 column cuts (0 active)  in 0.004 seconds - new frequency is -100
Cbc0010I After 0 nodes, 1 on tree, 4158086.1 best solution, best possible 4158029.9 (0.17 seconds)
Cbc0001I Search completed - best objective 4158086.128808762, took 1195 iterations and 6 nodes (0.18 seconds)
Cbc0032I Strong branching done 26 times (115 iterations), fathomed 1 nodes and fixed 3 variables
Cbc0035I Maximum depth 1, 0 variables fixed on reduced cost
Cuts at root node changed objective from 4.15796e+06 to 4.15803e+06
Probing was tried 100 times and created 23 cuts of which 0 were active after adding rounds of cuts (0.011 seconds)
Gomory was tried 120 times and created 378 cuts of which 0 were active after adding rounds of cuts (0.013 seconds)
Knapsack was tried 100 times and created 0 cuts of which 0 were active after adding rounds of cuts (0.021 seconds)
Clique was tried 100 times and created 0 cuts of which 0 were active after adding rounds of cuts (0.000 seconds)
MixedIntegerRounding2 was tried 100 times and created 25 cuts of which 0 were active after adding rounds of cuts (0.005 seconds)
FlowCover was tried 100 times and created 0 cuts of which 0 were active after adding rounds of cuts (0.019 seconds)
TwoMirCuts was tried 100 times and created 31 cuts of which 0 were active after adding rounds of cuts (0.004 seconds)
ZeroHalf was tried 1 times and created 0 cuts of which 0 were active after adding rounds of cuts (0.000 seconds)

Result - Optimal solution found

Objective value:                4158086.12880876
Enumerated nodes:               6
Total iterations:               1195
Time (CPU seconds):             0.18
Time (Wallclock seconds):       0.18

Option for printingOptions changed from normal to all
Total time (CPU seconds):       0.21   (Wallclock seconds):       0.21

