Welcome to the CBC MILP Solver 
Version: 2.10.3 
Build Date: Dec 15 2019 

command line - E:\dachuang\.venv\Lib\site-packages\pulp\apis\../solverdir/cbc/win/i64/cbc.exe model.mps -primalTolerance 1e-9 -integerTolerance 1e-9 -ratioGap 0 -allowableGap 0 -threads 0 -branch -printingOptions all -solution solution.txt -saveSolution solution.bin -quit (default strategy 1)
At line 2 NAME          MODEL
At line 3 ROWS
At line 317 COLUMNS
At line 1133 RHS
At line 1446 BOUNDS
At line 1521 ENDATA
Problem MODEL has 312 rows, 241 columns and 647 elements
Coin0008I MODEL read with 0 errors
primalTolerance was changed from 1e-07 to 1e-09
integerTolerance was changed from 1e-07 to 1e-09
ratioGap was changed from 0 to 0
allowableGap was changed from 1e-10 to 0
Continuous objective value is 594649 - 0.00 seconds
Cgl0003I 0 fixed, 0 tightened bounds, 3 strengthened rows, 0 substitutions
Cgl0004I processed model has 119 rows, 167 columns (24 integer (24 of which binary)) and 356 elements
Cbc0038I Initial state - 9 integers unsatisfied sum - 2.89832
Cbc0038I Pass   1: suminf.    0.00000 (0) obj. 676933 iterations 14
Cbc0038I Solution found of 676933
Cbc0038I Relaxing continuous gives 676933
Cbc0038I Before mini branch and bound, 15 integers at bound fixed and 92 continuous
Cbc0038I Full problem 119 rows 167 columns, reduced to 6 rows 6 columns
Cbc0038I Mini branch and bound improved solution from 676933 to 595194 (0.01 seconds)
Cbc0038I Round again with cutoff of 595142
Cbc0038I Pass   2: suminf.    0.82621 (3) obj. 595142 iterations 5
Cbc0038I Pass   3: suminf.    0.00000 (0) obj. 595142 iterations 8
Cbc0038I Solution found of 595142
Cbc0038I Relaxing continuous gives 594975
Cbc0038I Before mini branch and bound, 14 integers at bound fixed and 82 continuous
Cbc0038I Full problem 119 rows 167 columns, reduced to 14 rows 18 columns
Cbc0038I Mini branch and bound improved solution from 594975 to 594909 (0.01 seconds)
Cbc0038I Round again with cutoff of 594861
Cbc0038I Pass   4: suminf.    1.09578 (4) obj. 594861 iterations 3
Cbc0038I Pass   5: suminf.    1.09291 (3) obj. 594861 iterations 1
Cbc0038I Pass   6: suminf.    0.23180 (1) obj. 594861 iterations 7
Cbc0038I Pass   7: suminf.    0.46429 (1) obj. 594861 iterations 2
Cbc0038I Pass   8: suminf.    0.63207 (3) obj. 594861 iterations 5
Cbc0038I Pass   9: suminf.    0.62920 (2) obj. 594861 iterations 1
Cbc0038I Pass  10: suminf.    0.23180 (1) obj. 594861 iterations 5
Cbc0038I Pass  11: suminf.    0.46429 (1) obj. 594861 iterations 3
Cbc0038I Pass  12: suminf.    1.48045 (7) obj. 594861 iterations 16
Cbc0038I Pass  13: suminf.    0.86612 (4) obj. 594861 iterations 8
Cbc0038I Pass  14: suminf.    0.39321 (1) obj. 594861 iterations 5
Cbc0038I Pass  15: suminf.    0.14040 (1) obj. 594861 iterations 1
Cbc0038I Pass  16: suminf.    0.73318 (3) obj. 594861 iterations 5
Cbc0038I Pass  17: suminf.    0.14040 (1) obj. 594861 iterations 5
Cbc0038I Pass  18: suminf.    0.39321 (1) obj. 594861 iterations 2
Cbc0038I Pass  19: suminf.    1.63931 (6) obj. 594861 iterations 18
Cbc0038I Pass  20: suminf.    1.63931 (6) obj. 594861 iterations 1
Cbc0038I Pass  21: suminf.    0.46429 (1) obj. 594861 iterations 9
Cbc0038I Pass  22: suminf.    0.29830 (1) obj. 594861 iterations 1
Cbc0038I Pass  23: suminf.    0.82671 (5) obj. 594861 iterations 16
Cbc0038I Pass  24: suminf.    0.43371 (3) obj. 594861 iterations 3
Cbc0038I Pass  25: suminf.    0.29830 (1) obj. 594861 iterations 6
Cbc0038I Pass  26: suminf.    0.46429 (1) obj. 594861 iterations 1
Cbc0038I Pass  27: suminf.    1.07281 (4) obj. 594861 iterations 15
Cbc0038I Pass  28: suminf.    1.07281 (4) obj. 594861 iterations 0
Cbc0038I Pass  29: suminf.    0.46429 (1) obj. 594861 iterations 9
Cbc0038I Pass  30: suminf.    0.29830 (1) obj. 594861 iterations 1
Cbc0038I Pass  31: suminf.    1.40841 (4) obj. 594861 iterations 14
Cbc0038I Pass  32: suminf.    1.40841 (4) obj. 594861 iterations 2
Cbc0038I Pass  33: suminf.    1.18055 (3) obj. 594861 iterations 5
Cbc0038I No solution found this major pass
Cbc0038I Before mini branch and bound, 1 integers at bound fixed and 82 continuous
Cbc0038I Full problem 119 rows 167 columns, reduced to 28 rows 36 columns
Cbc0038I Mini branch and bound improved solution from 594909 to 594851 (0.03 seconds)
Cbc0038I Round again with cutoff of 594796
Cbc0038I Pass  33: suminf.    1.14108 (6) obj. 594796 iterations 3
Cbc0038I Pass  34: suminf.    1.14108 (5) obj. 594796 iterations 6
Cbc0038I Pass  35: suminf.    0.50235 (3) obj. 594796 iterations 7
Cbc0038I Pass  36: suminf.    0.49112 (2) obj. 594796 iterations 3
Cbc0038I Pass  37: suminf.    0.54237 (3) obj. 594796 iterations 6
Cbc0038I Pass  38: suminf.    0.54237 (3) obj. 594796 iterations 3
Cbc0038I Pass  39: suminf.    1.49687 (6) obj. 594796 iterations 4
Cbc0038I Pass  40: suminf.    1.10887 (5) obj. 594796 iterations 1
Cbc0038I Pass  41: suminf.    0.50235 (3) obj. 594796 iterations 7
Cbc0038I Pass  42: suminf.    0.49112 (2) obj. 594796 iterations 3
Cbc0038I Pass  43: suminf.    0.54237 (3) obj. 594796 iterations 6
Cbc0038I Pass  44: suminf.    0.54237 (3) obj. 594796 iterations 3
Cbc0038I Pass  45: suminf.    0.66937 (4) obj. 594796 iterations 1
Cbc0038I Pass  46: suminf.    1.32258 (5) obj. 594796 iterations 5
Cbc0038I Pass  47: suminf.    1.30921 (6) obj. 594796 iterations 3
Cbc0038I Pass  48: suminf.    0.88797 (4) obj. 594796 iterations 13
Cbc0038I Pass  49: suminf.    0.88797 (4) obj. 594796 iterations 1
Cbc0038I Pass  50: suminf.    0.56544 (2) obj. 594796 iterations 9
Cbc0038I Pass  51: suminf.    0.55762 (2) obj. 594796 iterations 1
Cbc0038I Pass  52: suminf.    0.60887 (4) obj. 594796 iterations 5
Cbc0038I Pass  53: suminf.    0.60887 (3) obj. 594796 iterations 4
Cbc0038I Pass  54: suminf.    0.56544 (3) obj. 594796 iterations 5
Cbc0038I Pass  55: suminf.    0.98700 (5) obj. 594796 iterations 7
Cbc0038I Pass  56: suminf.    0.59012 (3) obj. 594796 iterations 3
Cbc0038I Pass  57: suminf.    0.60887 (4) obj. 594796 iterations 6
Cbc0038I Pass  58: suminf.    0.60887 (3) obj. 594796 iterations 1
Cbc0038I Pass  59: suminf.    0.56544 (3) obj. 594796 iterations 4
Cbc0038I Pass  60: suminf.    0.55762 (2) obj. 594796 iterations 3
Cbc0038I Pass  61: suminf.    1.12412 (4) obj. 594796 iterations 2
Cbc0038I Pass  62: suminf.    1.86458 (6) obj. 594796 iterations 10
Cbc0038I No solution found this major pass
Cbc0038I Before mini branch and bound, 6 integers at bound fixed and 84 continuous
Cbc0038I Full problem 119 rows 167 columns, reduced to 25 rows 33 columns
Cbc0038I Mini branch and bound did not improve solution (0.05 seconds)
Cbc0038I After 0.05 seconds - Feasibility pump exiting with objective of 594851 - took 0.04 seconds
Cbc0012I Integer solution of 594850.87 found by feasibility pump after 0 iterations and 0 nodes (0.05 seconds)
Cbc0038I Full problem 119 rows 167 columns, reduced to 82 rows 130 columns
Cbc0031I 10 added rows had average density of 25.8
Cbc0013I At root node, 10 cuts changed objective from 594666.32 to 594786.58 in 100 passes
Cbc0014I Cut generator 0 (Probing) - 15 row cuts average 2.1 elements, 4 column cuts (4 active)  in 0.014 seconds - new frequency is 1
Cbc0014I Cut generator 1 (Gomory) - 287 row cuts average 35.4 elements, 0 column cuts (0 active)  in 0.013 seconds - new frequency is 1
Cbc0014I Cut generator 2 (Knapsack) - 0 row cuts average 0.0 elements, 0 column cuts (0 active)  in 0.019 seconds - new frequency is -100
Cbc0014I Cut generator 3 (Clique) - 0 row cuts average 0.0 elements, 0 column cuts (0 active)  in 0.000 seconds - new frequency is -100
Cbc0014I Cut generator 4 (MixedIntegerRounding2) - 27 row cuts average 6.7 elements, 0 column cuts (0 active)  in 0.011 seconds - new frequency is 1
Cbc0014I Cut generator 5 (FlowCover) - 0 row cuts average 0.0 elements, 0 column cuts (0 active)  in 0.017 seconds - new frequency is -100
Cbc0014I Cut generator 6 (TwoMirCuts) - 28 row cuts average 8.1 elements, 0 column cuts (0 active)  in 0.008 seconds - new frequency is -100
Cbc0010I After 0 nodes, 1 on tree, 594850.87 best solution, best possible 594786.58 (0.21 seconds)
Cbc0001I Search completed - best objective 594850.8684349041, took 1921 iterations and 12 nodes (0.25 seconds)
Cbc0032I Strong branching done 54 times (249 iterations), fathomed 2 nodes and fixed 4 variables
Cbc0035I Maximum depth 3, 0 variables fixed on reduced cost
Cuts at root node changed objective from 594666 to 594787
Probing was tried 167 times and created 28 cuts of which 0 were active after adding rounds of cuts (0.017 seconds)
Gomory was tried 167 times and created 416 cuts of which 0 were active after adding rounds of cuts (0.019 seconds)
Knapsack was tried 100 times and created 0 cuts of which 0 were active after adding rounds of cuts (0.019 seconds)
Clique was tried 100 times and created 0 cuts of which 0 were active after adding rounds of cuts (0.000 seconds)
MixedIntegerRounding2 was tried 167 times and created 41 cuts of which 0 were active after adding rounds of cuts (0.016 seconds)
FlowCover was tried 100 times and created 0 cuts of which 0 were active after adding rounds of cuts (0.017 seconds)
TwoMirCuts was tried 100 times and created 28 cuts of which 0 were active after adding rounds of cuts (0.008 seconds)
ZeroHalf was tried 1 times and created 0 cuts of which 0 were active after adding rounds of cuts (0.000 seconds)

Result - Optimal solution found

Objective value:                594850.86843490
Enumerated nodes:               12
Total iterations:               1921
Time (CPU seconds):             0.26
Time (Wallclock seconds):       0.26

Option for printingOptions changed from normal to all
Total time (CPU seconds):       0.28   (Wallclock seconds):       0.28

