Welcome to the CBC MILP Solver 
Version: 2.10.3 
Build Date: Dec 15 2019 

command line - E:\dachuang\.venv\Lib\site-packages\pulp\apis\../solverdir/cbc/win/i64/cbc.exe model.mps -primalTolerance 1e-9 -integerTolerance 1e-9 -ratioGap 0 -allowableGap 0 -threads 0 -branch -printingOptions all -solution solution.txt -saveSolution solution.bin -quit (default strategy 1)
At line 2 NAME          MODEL
At line 3 ROWS
At line 317 COLUMNS
At line 1133 RHS
At line 1446 BOUNDS
At line 1521 ENDATA
Problem MODEL has 312 rows, 241 columns and 647 elements
Coin0008I MODEL read with 0 errors
primalTolerance was changed from 1e-07 to 1e-09
integerTolerance was changed from 1e-07 to 1e-09
ratioGap was changed from 0 to 0
allowableGap was changed from 1e-10 to 0
Continuous objective value is 3.09157e+06 - 0.00 seconds
Cgl0003I 0 fixed, 0 tightened bounds, 4 strengthened rows, 0 substitutions
Cgl0004I processed model has 114 rows, 157 columns (24 integer (24 of which binary)) and 331 elements
Cbc0038I Initial state - 8 integers unsatisfied sum - 2.86041
Cbc0038I Pass   1: suminf.    0.00000 (0) obj. 3.09221e+06 iterations 13
Cbc0038I Solution found of 3.09221e+06
Cbc0038I Relaxing continuous gives 3.09221e+06
Cbc0038I Before mini branch and bound, 16 integers at bound fixed and 86 continuous
Cbc0038I Full problem 114 rows 157 columns, reduced to 18 rows 22 columns
Cbc0038I Mini branch and bound did not improve solution (0.01 seconds)
Cbc0038I Freeing continuous variables gives a solution of 3.09221e+06
Cbc0038I Round again with cutoff of 3.09215e+06
Cbc0038I Pass   2: suminf.    0.25871 (1) obj. 3.09215e+06 iterations 1
Cbc0038I Pass   3: suminf.    0.00000 (0) obj. 3.09215e+06 iterations 9
Cbc0038I Solution found of 3.09215e+06
Cbc0038I Relaxing continuous gives 3.09198e+06
Cbc0038I Before mini branch and bound, 16 integers at bound fixed and 82 continuous
Cbc0038I Full problem 114 rows 157 columns, reduced to 24 rows 32 columns
Cbc0038I Mini branch and bound improved solution from 3.09198e+06 to 3.09187e+06 (0.02 seconds)
Cbc0038I Freeing continuous variables gives a solution of 3.09187e+06
Cbc0038I Round again with cutoff of 3.09182e+06
Cbc0038I Pass   4: suminf.    0.71001 (3) obj. 3.09182e+06 iterations 6
Cbc0038I Pass   5: suminf.    0.71001 (3) obj. 3.09182e+06 iterations 0
Cbc0038I Pass   6: suminf.    1.37397 (4) obj. 3.09182e+06 iterations 17
Cbc0038I Pass   7: suminf.    0.72482 (4) obj. 3.09182e+06 iterations 4
Cbc0038I Pass   8: suminf.    1.19171 (4) obj. 3.09182e+06 iterations 6
Cbc0038I Pass   9: suminf.    0.72482 (3) obj. 3.09182e+06 iterations 1
Cbc0038I Pass  10: suminf.    0.87857 (4) obj. 3.09182e+06 iterations 9
Cbc0038I Pass  11: suminf.    0.72482 (3) obj. 3.09182e+06 iterations 6
Cbc0038I Pass  12: suminf.    0.72482 (3) obj. 3.09182e+06 iterations 5
Cbc0038I Pass  13: suminf.    0.87857 (4) obj. 3.09182e+06 iterations 10
Cbc0038I Pass  14: suminf.    0.72482 (3) obj. 3.09182e+06 iterations 6
Cbc0038I Pass  15: suminf.    0.72482 (3) obj. 3.09182e+06 iterations 1
Cbc0038I Pass  16: suminf.    0.94357 (5) obj. 3.09182e+06 iterations 7
Cbc0038I Pass  17: suminf.    0.72482 (3) obj. 3.09182e+06 iterations 2
Cbc0038I Pass  18: suminf.    0.87857 (4) obj. 3.09182e+06 iterations 10
Cbc0038I Pass  19: suminf.    0.72482 (3) obj. 3.09182e+06 iterations 6
Cbc0038I Pass  20: suminf.    1.62233 (5) obj. 3.09182e+06 iterations 8
Cbc0038I Pass  21: suminf.    0.72482 (4) obj. 3.09182e+06 iterations 3
Cbc0038I Pass  22: suminf.    0.72482 (4) obj. 3.09182e+06 iterations 0
Cbc0038I Pass  23: suminf.    1.19171 (4) obj. 3.09182e+06 iterations 6
Cbc0038I Pass  24: suminf.    0.72482 (3) obj. 3.09182e+06 iterations 1
Cbc0038I Pass  25: suminf.    0.87857 (4) obj. 3.09182e+06 iterations 9
Cbc0038I Pass  26: suminf.    0.72482 (3) obj. 3.09182e+06 iterations 6
Cbc0038I Pass  27: suminf.    1.60826 (5) obj. 3.09182e+06 iterations 17
Cbc0038I Pass  28: suminf.    1.30927 (4) obj. 3.09182e+06 iterations 11
Cbc0038I Pass  29: suminf.    1.33757 (4) obj. 3.09182e+06 iterations 14
Cbc0038I Pass  30: suminf.    1.33757 (4) obj. 3.09182e+06 iterations 3
Cbc0038I Pass  31: suminf.    1.18990 (3) obj. 3.09182e+06 iterations 9
Cbc0038I Pass  32: suminf.    0.54997 (2) obj. 3.09182e+06 iterations 7
Cbc0038I Pass  33: suminf.    0.54257 (3) obj. 3.09182e+06 iterations 2
Cbc0038I No solution found this major pass
Cbc0038I Before mini branch and bound, 5 integers at bound fixed and 75 continuous
Cbc0038I Full problem 114 rows 157 columns, reduced to 34 rows 45 columns
Cbc0038I Mini branch and bound did not improve solution (0.03 seconds)
Cbc0038I After 0.03 seconds - Feasibility pump exiting with objective of 3.09187e+06 - took 0.03 seconds
Cbc0012I Integer solution of 3091867.7 found by feasibility pump after 0 iterations and 0 nodes (0.03 seconds)
Cbc0038I Full problem 114 rows 157 columns, reduced to 69 rows 107 columns
Cbc0031I 12 added rows had average density of 34.166667
Cbc0013I At root node, 12 cuts changed objective from 3091613.2 to 3091831.9 in 100 passes
Cbc0014I Cut generator 0 (Probing) - 3 row cuts average 4.7 elements, 0 column cuts (0 active)  in 0.010 seconds - new frequency is -100
Cbc0014I Cut generator 1 (Gomory) - 385 row cuts average 39.1 elements, 0 column cuts (0 active)  in 0.018 seconds - new frequency is 1
Cbc0014I Cut generator 2 (Knapsack) - 0 row cuts average 0.0 elements, 0 column cuts (0 active)  in 0.026 seconds - new frequency is -100
Cbc0014I Cut generator 3 (Clique) - 0 row cuts average 0.0 elements, 0 column cuts (0 active)  in 0.000 seconds - new frequency is -100
Cbc0014I Cut generator 4 (MixedIntegerRounding2) - 5 row cuts average 5.6 elements, 0 column cuts (0 active)  in 0.009 seconds - new frequency is -100
Cbc0014I Cut generator 5 (FlowCover) - 0 row cuts average 0.0 elements, 0 column cuts (0 active)  in 0.019 seconds - new frequency is -100
Cbc0014I Cut generator 6 (TwoMirCuts) - 33 row cuts average 11.7 elements, 0 column cuts (0 active)  in 0.002 seconds - new frequency is -100
Cbc0010I After 0 nodes, 1 on tree, 3091867.7 best solution, best possible 3091831.9 (0.19 seconds)
Cbc0001I Search completed - best objective 3091867.686947267, took 1515 iterations and 12 nodes (0.22 seconds)
Cbc0032I Strong branching done 56 times (337 iterations), fathomed 2 nodes and fixed 0 variables
Cbc0035I Maximum depth 5, 1 variables fixed on reduced cost
Cuts at root node changed objective from 3.09161e+06 to 3.09183e+06
Probing was tried 100 times and created 3 cuts of which 0 were active after adding rounds of cuts (0.010 seconds)
Gomory was tried 135 times and created 444 cuts of which 0 were active after adding rounds of cuts (0.020 seconds)
Knapsack was tried 100 times and created 0 cuts of which 0 were active after adding rounds of cuts (0.026 seconds)
Clique was tried 100 times and created 0 cuts of which 0 were active after adding rounds of cuts (0.000 seconds)
MixedIntegerRounding2 was tried 100 times and created 5 cuts of which 0 were active after adding rounds of cuts (0.009 seconds)
FlowCover was tried 100 times and created 0 cuts of which 0 were active after adding rounds of cuts (0.019 seconds)
TwoMirCuts was tried 100 times and created 33 cuts of which 0 were active after adding rounds of cuts (0.002 seconds)
ZeroHalf was tried 1 times and created 0 cuts of which 0 were active after adding rounds of cuts (0.000 seconds)

Result - Optimal solution found

Objective value:                3091867.68694727
Enumerated nodes:               12
Total iterations:               1515
Time (CPU seconds):             0.23
Time (Wallclock seconds):       0.23

Option for printingOptions changed from normal to all
Total time (CPU seconds):       0.26   (Wallclock seconds):       0.26

