Welcome to the CBC MILP Solver 
Version: 2.10.3 
Build Date: Dec 15 2019 

command line - E:\dachuang\.venv\Lib\site-packages\pulp\apis\../solverdir/cbc/win/i64/cbc.exe model.mps -primalTolerance 1e-9 -integerTolerance 1e-9 -ratioGap 0 -allowableGap 0 -threads 0 -branch -printingOptions all -solution solution.txt -saveSolution solution.bin -quit (default strategy 1)
At line 2 NAME          MODEL
At line 3 ROWS
At line 317 COLUMNS
At line 1133 RHS
At line 1446 BOUNDS
At line 1521 ENDATA
Problem MODEL has 312 rows, 241 columns and 647 elements
Coin0008I MODEL read with 0 errors
primalTolerance was changed from 1e-07 to 1e-09
integerTolerance was changed from 1e-07 to 1e-09
ratioGap was changed from 0 to 0
allowableGap was changed from 1e-10 to 0
Continuous objective value is 1.49452e+06 - 0.00 seconds
Cgl0003I 0 fixed, 0 tightened bounds, 3 strengthened rows, 0 substitutions
Cgl0004I processed model has 116 rows, 161 columns (24 integer (24 of which binary)) and 341 elements
Cbc0038I Initial state - 11 integers unsatisfied sum - 3.68017
Cbc0038I Pass   1: suminf.    0.00000 (0) obj. 1.57987e+06 iterations 17
Cbc0038I Solution found of 1.57987e+06
Cbc0038I Relaxing continuous gives 1.49653e+06
Cbc0038I Before mini branch and bound, 13 integers at bound fixed and 81 continuous
Cbc0038I Full problem 116 rows 161 columns, reduced to 10 rows 13 columns
Cbc0038I Mini branch and bound improved solution from 1.49653e+06 to 1.495e+06 (0.01 seconds)
Cbc0038I Freeing continuous variables gives a solution of 1.495e+06
Cbc0038I Round again with cutoff of 1.49495e+06
Cbc0038I Pass   2: suminf.    0.57147 (3) obj. 1.49495e+06 iterations 12
Cbc0038I Pass   3: suminf.    0.00000 (0) obj. 1.49495e+06 iterations 23
Cbc0038I Solution found of 1.49495e+06
Cbc0038I Relaxing continuous gives 1.49479e+06
Cbc0038I Before mini branch and bound, 11 integers at bound fixed and 75 continuous
Cbc0038I Full problem 116 rows 161 columns, reduced to 19 rows 26 columns
Cbc0038I Mini branch and bound improved solution from 1.49479e+06 to 1.49461e+06 (0.02 seconds)
Cbc0038I Freeing continuous variables gives a solution of 1.49461e+06
Cbc0038I Round again with cutoff of 1.49459e+06
Cbc0038I Pass   4: suminf.    0.97935 (5) obj. 1.49459e+06 iterations 5
Cbc0038I Pass   5: suminf.    0.97935 (5) obj. 1.49459e+06 iterations 4
Cbc0038I Pass   6: suminf.    0.37058 (3) obj. 1.49459e+06 iterations 16
Cbc0038I Pass   7: suminf.    0.35559 (1) obj. 1.49459e+06 iterations 4
Cbc0038I Pass   8: suminf.    0.60661 (3) obj. 1.49459e+06 iterations 6
Cbc0038I Pass   9: suminf.    0.97311 (4) obj. 1.49459e+06 iterations 7
Cbc0038I Pass  10: suminf.    0.60661 (3) obj. 1.49459e+06 iterations 1
Cbc0038I Pass  11: suminf.    0.37058 (3) obj. 1.49459e+06 iterations 10
Cbc0038I Pass  12: suminf.    0.35559 (1) obj. 1.49459e+06 iterations 5
Cbc0038I Pass  13: suminf.    0.65326 (3) obj. 1.49459e+06 iterations 15
Cbc0038I Pass  14: suminf.    0.65326 (3) obj. 1.49459e+06 iterations 0
Cbc0038I Pass  15: suminf.    0.75247 (3) obj. 1.49459e+06 iterations 3
Cbc0038I Pass  16: suminf.    0.75247 (3) obj. 1.49459e+06 iterations 0
Cbc0038I Pass  17: suminf.    0.65326 (3) obj. 1.49459e+06 iterations 6
Cbc0038I Pass  18: suminf.    0.49809 (1) obj. 1.49459e+06 iterations 10
Cbc0038I Pass  19: suminf.    0.23611 (1) obj. 1.49459e+06 iterations 1
Cbc0038I Pass  20: suminf.    0.49809 (1) obj. 1.49459e+06 iterations 1
Cbc0038I Pass  21: suminf.    1.01976 (5) obj. 1.49459e+06 iterations 14
Cbc0038I Pass  22: suminf.    0.65326 (4) obj. 1.49459e+06 iterations 1
Cbc0038I Pass  23: suminf.    0.60661 (2) obj. 1.49459e+06 iterations 6
Cbc0038I Pass  24: suminf.    0.60661 (2) obj. 1.49459e+06 iterations 0
Cbc0038I Pass  25: suminf.    0.16559 (2) obj. 1.49459e+06 iterations 4
Cbc0038I Pass  26: suminf.    0.16059 (1) obj. 1.49459e+06 iterations 2
Cbc0038I Pass  27: suminf.    0.78732 (6) obj. 1.49459e+06 iterations 19
Cbc0038I Pass  28: suminf.    0.78233 (5) obj. 1.49459e+06 iterations 2
Cbc0038I Pass  29: suminf.    0.60661 (2) obj. 1.49459e+06 iterations 9
Cbc0038I Pass  30: suminf.    0.16559 (2) obj. 1.49459e+06 iterations 4
Cbc0038I Pass  31: suminf.    0.16059 (1) obj. 1.49459e+06 iterations 2
Cbc0038I Pass  32: suminf.    0.91735 (5) obj. 1.49459e+06 iterations 11
Cbc0038I Pass  33: suminf.    0.43083 (2) obj. 1.49459e+06 iterations 4
Cbc0038I No solution found this major pass
Cbc0038I Before mini branch and bound, 2 integers at bound fixed and 66 continuous
Cbc0038I Full problem 116 rows 161 columns, reduced to 24 rows 31 columns
Cbc0038I Mini branch and bound did not improve solution (0.04 seconds)
Cbc0038I After 0.04 seconds - Feasibility pump exiting with objective of 1.49461e+06 - took 0.03 seconds
Cbc0012I Integer solution of 1494608.8 found by feasibility pump after 0 iterations and 0 nodes (0.04 seconds)
Cbc0038I Full problem 116 rows 161 columns, reduced to 85 rows 127 columns
Cbc0031I 16 added rows had average density of 22.125
Cbc0013I At root node, 16 cuts changed objective from 1494535.5 to 1494568.7 in 100 passes
Cbc0014I Cut generator 0 (Probing) - 8 row cuts average 4.1 elements, 0 column cuts (0 active)  in 0.011 seconds - new frequency is -100
Cbc0014I Cut generator 1 (Gomory) - 559 row cuts average 30.5 elements, 0 column cuts (0 active)  in 0.012 seconds - new frequency is 1
Cbc0014I Cut generator 2 (Knapsack) - 0 row cuts average 0.0 elements, 0 column cuts (0 active)  in 0.027 seconds - new frequency is -100
Cbc0014I Cut generator 3 (Clique) - 0 row cuts average 0.0 elements, 0 column cuts (0 active)  in 0.000 seconds - new frequency is -100
Cbc0014I Cut generator 4 (MixedIntegerRounding2) - 13 row cuts average 4.8 elements, 0 column cuts (0 active)  in 0.012 seconds - new frequency is -100
Cbc0014I Cut generator 5 (FlowCover) - 0 row cuts average 0.0 elements, 0 column cuts (0 active)  in 0.015 seconds - new frequency is -100
Cbc0014I Cut generator 6 (TwoMirCuts) - 35 row cuts average 7.4 elements, 0 column cuts (0 active)  in 0.004 seconds - new frequency is -100
Cbc0010I After 0 nodes, 1 on tree, 1494608.8 best solution, best possible 1494568.7 (0.22 seconds)
Cbc0001I Search completed - best objective 1494608.765096849, took 1675 iterations and 14 nodes (0.25 seconds)
Cbc0032I Strong branching done 66 times (313 iterations), fathomed 2 nodes and fixed 10 variables
Cbc0035I Maximum depth 2, 0 variables fixed on reduced cost
Cuts at root node changed objective from 1.49454e+06 to 1.49457e+06
Probing was tried 100 times and created 8 cuts of which 0 were active after adding rounds of cuts (0.011 seconds)
Gomory was tried 132 times and created 616 cuts of which 0 were active after adding rounds of cuts (0.013 seconds)
Knapsack was tried 100 times and created 0 cuts of which 0 were active after adding rounds of cuts (0.027 seconds)
Clique was tried 100 times and created 0 cuts of which 0 were active after adding rounds of cuts (0.000 seconds)
MixedIntegerRounding2 was tried 100 times and created 13 cuts of which 0 were active after adding rounds of cuts (0.012 seconds)
FlowCover was tried 100 times and created 0 cuts of which 0 were active after adding rounds of cuts (0.015 seconds)
TwoMirCuts was tried 100 times and created 35 cuts of which 0 were active after adding rounds of cuts (0.004 seconds)
ZeroHalf was tried 1 times and created 0 cuts of which 0 were active after adding rounds of cuts (0.000 seconds)

Result - Optimal solution found

Objective value:                1494608.76509685
Enumerated nodes:               14
Total iterations:               1675
Time (CPU seconds):             0.26
Time (Wallclock seconds):       0.26

Option for printingOptions changed from normal to all
Total time (CPU seconds):       0.30   (Wallclock seconds):       0.30

