Welcome to the CBC MILP Solver 
Version: 2.10.3 
Build Date: Dec 15 2019 

command line - E:\dachuang\.venv\Lib\site-packages\pulp\apis\../solverdir/cbc/win/i64/cbc.exe model.mps -primalTolerance 1e-9 -integerTolerance 1e-9 -ratioGap 0 -allowableGap 0 -threads 0 -branch -printingOptions all -solution solution.txt -saveSolution solution.bin -quit (default strategy 1)
At line 2 NAME          MODEL
At line 3 ROWS
At line 317 COLUMNS
At line 1133 RHS
At line 1446 BOUNDS
At line 1521 ENDATA
Problem MODEL has 312 rows, 241 columns and 647 elements
Coin0008I MODEL read with 0 errors
primalTolerance was changed from 1e-07 to 1e-09
integerTolerance was changed from 1e-07 to 1e-09
ratioGap was changed from 0 to 0
allowableGap was changed from 1e-10 to 0
Continuous objective value is 1.94221e+06 - 0.00 seconds
Cgl0003I 0 fixed, 0 tightened bounds, 3 strengthened rows, 0 substitutions
Cgl0004I processed model has 115 rows, 159 columns (24 integer (24 of which binary)) and 336 elements
Cbc0038I Initial state - 11 integers unsatisfied sum - 3.49529
Cbc0038I Pass   1: suminf.    0.00000 (0) obj. 2.09076e+06 iterations 19
Cbc0038I Solution found of 2.09076e+06
Cbc0038I Relaxing continuous gives 2.02874e+06
Cbc0038I Before mini branch and bound, 13 integers at bound fixed and 80 continuous
Cbc0038I Full problem 115 rows 159 columns, reduced to 6 rows 10 columns
Cbc0038I Mini branch and bound improved solution from 2.02874e+06 to 1.94257e+06 (0.02 seconds)
Cbc0038I Round again with cutoff of 1.94254e+06
Cbc0038I Pass   2: suminf.    0.49737 (3) obj. 1.94254e+06 iterations 20
Cbc0038I Solution found of 1.94254e+06
Cbc0038I Relaxing continuous gives 1.94243e+06
Cbc0038I Before mini branch and bound, 13 integers at bound fixed and 83 continuous
Cbc0038I Full problem 115 rows 159 columns, reduced to 5 rows 7 columns
Cbc0038I Mini branch and bound improved solution from 1.94243e+06 to 1.94243e+06 (0.02 seconds)
Cbc0038I Round again with cutoff of 1.94239e+06
Cbc0038I Pass   3: suminf.    0.67245 (4) obj. 1.94239e+06 iterations 2
Cbc0038I Pass   4: suminf.    0.00000 (0) obj. 1.94239e+06 iterations 15
Cbc0038I Solution found of 1.94239e+06
Cbc0038I Relaxing continuous gives 1.94236e+06
Cbc0038I Before mini branch and bound, 13 integers at bound fixed and 77 continuous
Cbc0038I Full problem 115 rows 159 columns, reduced to 6 rows 9 columns
Cbc0038I Mini branch and bound did not improve solution (0.03 seconds)
Cbc0038I Round again with cutoff of 1.94232e+06
Cbc0038I Pass   5: suminf.    0.95918 (4) obj. 1.94232e+06 iterations 0
Cbc0038I Pass   6: suminf.    0.19521 (1) obj. 1.94232e+06 iterations 10
Cbc0038I Pass   7: suminf.    0.32355 (1) obj. 1.94232e+06 iterations 10
Cbc0038I Pass   8: suminf.    0.35070 (4) obj. 1.94232e+06 iterations 9
Cbc0038I Pass   9: suminf.    0.35070 (4) obj. 1.94232e+06 iterations 1
Cbc0038I Pass  10: suminf.    0.34232 (3) obj. 1.94232e+06 iterations 15
Cbc0038I Pass  11: suminf.    0.34232 (3) obj. 1.94232e+06 iterations 3
Cbc0038I Pass  12: suminf.    0.46118 (1) obj. 1.94232e+06 iterations 5
Cbc0038I Pass  13: suminf.    0.19521 (1) obj. 1.94232e+06 iterations 7
Cbc0038I Pass  14: suminf.    0.32355 (1) obj. 1.94232e+06 iterations 10
Cbc0038I Pass  15: suminf.    0.82223 (4) obj. 1.94232e+06 iterations 10
Cbc0038I Pass  16: suminf.    0.81018 (3) obj. 1.94232e+06 iterations 1
Cbc0038I Pass  17: suminf.    0.19521 (1) obj. 1.94232e+06 iterations 9
Cbc0038I Pass  18: suminf.    0.32355 (1) obj. 1.94232e+06 iterations 8
Cbc0038I Pass  19: suminf.    0.49781 (5) obj. 1.94232e+06 iterations 17
Cbc0038I Pass  20: suminf.    0.34232 (3) obj. 1.94232e+06 iterations 7
Cbc0038I Pass  21: suminf.    0.34232 (3) obj. 1.94232e+06 iterations 3
Cbc0038I Pass  22: suminf.    0.32355 (1) obj. 1.94232e+06 iterations 6
Cbc0038I Pass  23: suminf.    0.19521 (1) obj. 1.94232e+06 iterations 1
Cbc0038I Pass  24: suminf.    1.64274 (6) obj. 1.94232e+06 iterations 19
Cbc0038I Pass  25: suminf.    1.13733 (4) obj. 1.94232e+06 iterations 3
Cbc0038I Pass  26: suminf.    0.80361 (3) obj. 1.94232e+06 iterations 10
Cbc0038I Pass  27: suminf.    0.19521 (1) obj. 1.94232e+06 iterations 3
Cbc0038I Pass  28: suminf.    0.32355 (1) obj. 1.94232e+06 iterations 2
Cbc0038I Pass  29: suminf.    0.84032 (7) obj. 1.94232e+06 iterations 17
Cbc0038I Pass  30: suminf.    0.84032 (7) obj. 1.94232e+06 iterations 3
Cbc0038I Pass  31: suminf.    1.13733 (4) obj. 1.94232e+06 iterations 13
Cbc0038I Pass  32: suminf.    1.13733 (4) obj. 1.94232e+06 iterations 0
Cbc0038I Pass  33: suminf.    1.14397 (3) obj. 1.94232e+06 iterations 8
Cbc0038I Pass  34: suminf.    0.49482 (3) obj. 1.94232e+06 iterations 1
Cbc0038I No solution found this major pass
Cbc0038I Before mini branch and bound, 3 integers at bound fixed and 68 continuous
Cbc0038I Full problem 115 rows 159 columns, reduced to 22 rows 30 columns
Cbc0038I Mini branch and bound improved solution from 1.94236e+06 to 1.94235e+06 (0.05 seconds)
Cbc0038I Round again with cutoff of 1.94229e+06
Cbc0038I Pass  34: suminf.    0.91349 (4) obj. 1.94229e+06 iterations 0
Cbc0038I Pass  35: suminf.    0.82986 (4) obj. 1.94229e+06 iterations 7
Cbc0038I Pass  36: suminf.    0.44687 (1) obj. 1.94229e+06 iterations 5
Cbc0038I Pass  37: suminf.    0.33186 (1) obj. 1.94229e+06 iterations 1
Cbc0038I Pass  38: suminf.    0.68656 (5) obj. 1.94229e+06 iterations 18
Cbc0038I Pass  39: suminf.    0.68656 (5) obj. 1.94229e+06 iterations 0
Cbc0038I Pass  40: suminf.    0.47897 (3) obj. 1.94229e+06 iterations 11
Cbc0038I Pass  41: suminf.    0.41549 (1) obj. 1.94229e+06 iterations 5
Cbc0038I Pass  42: suminf.    0.33186 (1) obj. 1.94229e+06 iterations 7
Cbc0038I Pass  43: suminf.    0.44687 (1) obj. 1.94229e+06 iterations 2
Cbc0038I Pass  44: suminf.    1.04547 (5) obj. 1.94229e+06 iterations 20
Cbc0038I Pass  45: suminf.    1.04547 (5) obj. 1.94229e+06 iterations 2
Cbc0038I Pass  46: suminf.    0.47897 (3) obj. 1.94229e+06 iterations 7
Cbc0038I Pass  47: suminf.    0.47897 (3) obj. 1.94229e+06 iterations 3
Cbc0038I Pass  48: suminf.    0.44687 (1) obj. 1.94229e+06 iterations 6
Cbc0038I Pass  49: suminf.    0.33186 (1) obj. 1.94229e+06 iterations 1
Cbc0038I Pass  50: suminf.    0.48086 (2) obj. 1.94229e+06 iterations 9
Cbc0038I Pass  51: suminf.    0.44687 (1) obj. 1.94229e+06 iterations 3
Cbc0038I Pass  52: suminf.    0.33186 (1) obj. 1.94229e+06 iterations 1
Cbc0038I Pass  53: suminf.    0.33186 (1) obj. 1.94229e+06 iterations 2
Cbc0038I Pass  54: suminf.    0.44687 (1) obj. 1.94229e+06 iterations 8
Cbc0038I Pass  55: suminf.    0.33186 (1) obj. 1.94229e+06 iterations 1
Cbc0038I Pass  56: suminf.    1.03439 (4) obj. 1.94229e+06 iterations 12
Cbc0038I Pass  57: suminf.    0.63147 (3) obj. 1.94229e+06 iterations 1
Cbc0038I Pass  58: suminf.    0.44687 (1) obj. 1.94229e+06 iterations 8
Cbc0038I Pass  59: suminf.    0.33186 (1) obj. 1.94229e+06 iterations 1
Cbc0038I Pass  60: suminf.    0.81549 (3) obj. 1.94229e+06 iterations 8
Cbc0038I Pass  61: suminf.    0.73186 (3) obj. 1.94229e+06 iterations 5
Cbc0038I Pass  62: suminf.    0.44687 (1) obj. 1.94229e+06 iterations 4
Cbc0038I Pass  63: suminf.    0.33186 (1) obj. 1.94229e+06 iterations 1
Cbc0038I No solution found this major pass
Cbc0038I Before mini branch and bound, 2 integers at bound fixed and 69 continuous
Cbc0038I Full problem 115 rows 159 columns, reduced to 22 rows 30 columns
Cbc0038I Mini branch and bound did not improve solution (0.06 seconds)
Cbc0038I After 0.06 seconds - Feasibility pump exiting with objective of 1.94235e+06 - took 0.05 seconds
Cbc0012I Integer solution of 1942353 found by feasibility pump after 0 iterations and 0 nodes (0.06 seconds)
Cbc0038I Full problem 115 rows 159 columns, reduced to 84 rows 125 columns
Cbc0031I 12 added rows had average density of 14.083333
Cbc0013I At root node, 12 cuts changed objective from 1942227.8 to 1942292.1 in 100 passes
Cbc0014I Cut generator 0 (Probing) - 2 row cuts average 6.0 elements, 1 column cuts (1 active)  in 0.011 seconds - new frequency is -100
Cbc0014I Cut generator 1 (Gomory) - 290 row cuts average 31.3 elements, 0 column cuts (0 active)  in 0.013 seconds - new frequency is 1
Cbc0014I Cut generator 2 (Knapsack) - 0 row cuts average 0.0 elements, 0 column cuts (0 active)  in 0.020 seconds - new frequency is -100
Cbc0014I Cut generator 3 (Clique) - 0 row cuts average 0.0 elements, 0 column cuts (0 active)  in 0.002 seconds - new frequency is -100
Cbc0014I Cut generator 4 (MixedIntegerRounding2) - 5 row cuts average 4.4 elements, 0 column cuts (0 active)  in 0.009 seconds - new frequency is -100
Cbc0014I Cut generator 5 (FlowCover) - 1 row cuts average 5.0 elements, 0 column cuts (0 active)  in 0.017 seconds - new frequency is -100
Cbc0014I Cut generator 6 (TwoMirCuts) - 28 row cuts average 8.1 elements, 0 column cuts (0 active)  in 0.005 seconds - new frequency is -100
Cbc0010I After 0 nodes, 1 on tree, 1942353 best solution, best possible 1942292.1 (0.20 seconds)
Cbc0001I Search completed - best objective 1942353.017808731, took 1127 iterations and 8 nodes (0.22 seconds)
Cbc0032I Strong branching done 30 times (135 iterations), fathomed 1 nodes and fixed 3 variables
Cbc0035I Maximum depth 2, 0 variables fixed on reduced cost
Cuts at root node changed objective from 1.94223e+06 to 1.94229e+06
Probing was tried 100 times and created 3 cuts of which 0 were active after adding rounds of cuts (0.011 seconds)
Gomory was tried 132 times and created 337 cuts of which 0 were active after adding rounds of cuts (0.013 seconds)
Knapsack was tried 100 times and created 0 cuts of which 0 were active after adding rounds of cuts (0.020 seconds)
Clique was tried 100 times and created 0 cuts of which 0 were active after adding rounds of cuts (0.002 seconds)
MixedIntegerRounding2 was tried 100 times and created 5 cuts of which 0 were active after adding rounds of cuts (0.009 seconds)
FlowCover was tried 100 times and created 1 cuts of which 0 were active after adding rounds of cuts (0.017 seconds)
TwoMirCuts was tried 100 times and created 28 cuts of which 0 were active after adding rounds of cuts (0.005 seconds)
ZeroHalf was tried 1 times and created 0 cuts of which 0 were active after adding rounds of cuts (0.000 seconds)

Result - Optimal solution found

Objective value:                1942353.01780873
Enumerated nodes:               8
Total iterations:               1127
Time (CPU seconds):             0.22
Time (Wallclock seconds):       0.22

Option for printingOptions changed from normal to all
Total time (CPU seconds):       0.25   (Wallclock seconds):       0.25

