Welcome to the CBC MILP Solver 
Version: 2.10.3 
Build Date: Dec 15 2019 

command line - E:\dachuang\.venv\Lib\site-packages\pulp\apis\../solverdir/cbc/win/i64/cbc.exe model.mps -primalTolerance 1e-9 -integerTolerance 1e-9 -ratioGap 0 -allowableGap 0 -threads 0 -branch -printingOptions all -solution solution.txt -saveSolution solution.bin -quit (default strategy 1)
At line 2 NAME          MODEL
At line 3 ROWS
At line 317 COLUMNS
At line 1133 RHS
At line 1446 BOUNDS
At line 1521 ENDATA
Problem MODEL has 312 rows, 241 columns and 647 elements
Coin0008I MODEL read with 0 errors
primalTolerance was changed from 1e-07 to 1e-09
integerTolerance was changed from 1e-07 to 1e-09
ratioGap was changed from 0 to 0
allowableGap was changed from 1e-10 to 0
Continuous objective value is 708278 - 0.00 seconds
Cgl0003I 0 fixed, 0 tightened bounds, 3 strengthened rows, 0 substitutions
Cgl0004I processed model has 119 rows, 167 columns (24 integer (24 of which binary)) and 356 elements
Cbc0038I Initial state - 5 integers unsatisfied sum - 1.82523
Cbc0038I Pass   1: suminf.    0.00000 (0) obj. 708713 iterations 10
Cbc0038I Solution found of 708713
Cbc0038I Relaxing continuous gives 708713
Cbc0038I Before mini branch and bound, 19 integers at bound fixed and 87 continuous
Cbc0038I Full problem 119 rows 167 columns, reduced to 8 rows 9 columns
Cbc0038I Mini branch and bound improved solution from 708713 to 708713 (0.01 seconds)
Cbc0038I Round again with cutoff of 708671
Cbc0038I Pass   2: suminf.    0.18006 (1) obj. 708671 iterations 2
Cbc0038I Pass   3: suminf.    0.00000 (0) obj. 708671 iterations 6
Cbc0038I Solution found of 708671
Cbc0038I Relaxing continuous gives 708504
Cbc0038I Before mini branch and bound, 18 integers at bound fixed and 80 continuous
Cbc0038I Full problem 119 rows 167 columns, reduced to 20 rows 26 columns
Cbc0038I Mini branch and bound improved solution from 708504 to 708370 (0.02 seconds)
Cbc0038I Round again with cutoff of 708355
Cbc0038I Pass   4: suminf.    0.45587 (2) obj. 708355 iterations 3
Cbc0038I Pass   5: suminf.    0.39515 (2) obj. 708355 iterations 5
Cbc0038I Pass   6: suminf.    0.39515 (2) obj. 708355 iterations 2
Cbc0038I Pass   7: suminf.    0.45587 (2) obj. 708355 iterations 2
Cbc0038I Pass   8: suminf.    0.39515 (2) obj. 708355 iterations 5
Cbc0038I Pass   9: suminf.    1.34391 (3) obj. 708355 iterations 10
Cbc0038I Pass  10: suminf.    0.69476 (3) obj. 708355 iterations 2
Cbc0038I Pass  11: suminf.    1.34391 (3) obj. 708355 iterations 2
Cbc0038I Pass  12: suminf.    1.34391 (3) obj. 708355 iterations 1
Cbc0038I Pass  13: suminf.    0.69476 (3) obj. 708355 iterations 4
Cbc0038I Pass  14: suminf.    0.36662 (2) obj. 708355 iterations 13
Cbc0038I Pass  15: suminf.    0.35663 (1) obj. 708355 iterations 2
Cbc0038I Pass  16: suminf.    0.39515 (2) obj. 708355 iterations 6
Cbc0038I Pass  17: suminf.    0.45587 (2) obj. 708355 iterations 2
Cbc0038I Pass  18: suminf.    1.58101 (5) obj. 708355 iterations 29
Cbc0038I Pass  19: suminf.    0.93186 (5) obj. 708355 iterations 1
Cbc0038I Pass  20: suminf.    0.53686 (3) obj. 708355 iterations 7
Cbc0038I Pass  21: suminf.    0.53686 (3) obj. 708355 iterations 3
Cbc0038I Pass  22: suminf.    0.53686 (3) obj. 708355 iterations 4
Cbc0038I Pass  23: suminf.    0.53686 (3) obj. 708355 iterations 0
Cbc0038I Pass  24: suminf.    0.54236 (5) obj. 708355 iterations 15
Cbc0038I Pass  25: suminf.    0.54236 (4) obj. 708355 iterations 1
Cbc0038I Pass  26: suminf.    0.49913 (1) obj. 708355 iterations 8
Cbc0038I Pass  27: suminf.    0.23726 (1) obj. 708355 iterations 1
Cbc0038I Pass  28: suminf.    0.61688 (3) obj. 708355 iterations 7
Cbc0038I Pass  29: suminf.    0.23726 (1) obj. 708355 iterations 2
Cbc0038I Pass  30: suminf.    0.49913 (1) obj. 708355 iterations 4
Cbc0038I Pass  31: suminf.    1.43437 (4) obj. 708355 iterations 9
Cbc0038I Pass  32: suminf.    0.53686 (3) obj. 708355 iterations 2
Cbc0038I Pass  33: suminf.    0.53686 (3) obj. 708355 iterations 0
Cbc0038I No solution found this major pass
Cbc0038I Before mini branch and bound, 2 integers at bound fixed and 76 continuous
Cbc0038I Full problem 119 rows 167 columns, reduced to 25 rows 33 columns
Cbc0038I Mini branch and bound did not improve solution (0.03 seconds)
Cbc0038I After 0.03 seconds - Feasibility pump exiting with objective of 708370 - took 0.02 seconds
Cbc0012I Integer solution of 708369.68 found by feasibility pump after 0 iterations and 0 nodes (0.03 seconds)
Cbc0038I Full problem 119 rows 167 columns, reduced to 65 rows 112 columns
Cbc0031I 8 added rows had average density of 20.75
Cbc0013I At root node, 8 cuts changed objective from 708295.25 to 708320.47 in 100 passes
Cbc0014I Cut generator 0 (Probing) - 2 row cuts average 4.0 elements, 0 column cuts (0 active)  in 0.009 seconds - new frequency is -100
Cbc0014I Cut generator 1 (Gomory) - 385 row cuts average 28.1 elements, 0 column cuts (0 active)  in 0.016 seconds - new frequency is 1
Cbc0014I Cut generator 2 (Knapsack) - 0 row cuts average 0.0 elements, 0 column cuts (0 active)  in 0.019 seconds - new frequency is -100
Cbc0014I Cut generator 3 (Clique) - 0 row cuts average 0.0 elements, 0 column cuts (0 active)  in 0.000 seconds - new frequency is -100
Cbc0014I Cut generator 4 (MixedIntegerRounding2) - 1 row cuts average 4.0 elements, 0 column cuts (0 active)  in 0.003 seconds - new frequency is -100
Cbc0014I Cut generator 5 (FlowCover) - 0 row cuts average 0.0 elements, 0 column cuts (0 active)  in 0.016 seconds - new frequency is -100
Cbc0014I Cut generator 6 (TwoMirCuts) - 24 row cuts average 8.0 elements, 0 column cuts (0 active)  in 0.002 seconds - new frequency is -100
Cbc0010I After 0 nodes, 1 on tree, 708369.68 best solution, best possible 708320.47 (0.17 seconds)
Cbc0001I Search completed - best objective 708369.6800554044, took 1535 iterations and 14 nodes (0.20 seconds)
Cbc0032I Strong branching done 62 times (271 iterations), fathomed 1 nodes and fixed 5 variables
Cbc0035I Maximum depth 3, 0 variables fixed on reduced cost
Cuts at root node changed objective from 708295 to 708320
Probing was tried 100 times and created 2 cuts of which 0 were active after adding rounds of cuts (0.009 seconds)
Gomory was tried 152 times and created 481 cuts of which 0 were active after adding rounds of cuts (0.018 seconds)
Knapsack was tried 100 times and created 0 cuts of which 0 were active after adding rounds of cuts (0.019 seconds)
Clique was tried 100 times and created 0 cuts of which 0 were active after adding rounds of cuts (0.000 seconds)
MixedIntegerRounding2 was tried 100 times and created 1 cuts of which 0 were active after adding rounds of cuts (0.003 seconds)
FlowCover was tried 100 times and created 0 cuts of which 0 were active after adding rounds of cuts (0.016 seconds)
TwoMirCuts was tried 100 times and created 24 cuts of which 0 were active after adding rounds of cuts (0.002 seconds)
ZeroHalf was tried 1 times and created 0 cuts of which 0 were active after adding rounds of cuts (0.000 seconds)

Result - Optimal solution found

Objective value:                708369.68005540
Enumerated nodes:               14
Total iterations:               1535
Time (CPU seconds):             0.20
Time (Wallclock seconds):       0.20

Option for printingOptions changed from normal to all
Total time (CPU seconds):       0.23   (Wallclock seconds):       0.23

