Welcome to the CBC MILP Solver 
Version: 2.10.3 
Build Date: Dec 15 2019 

command line - E:\dachuang\.venv\Lib\site-packages\pulp\apis\../solverdir/cbc/win/i64/cbc.exe model.mps -primalTolerance 1e-9 -integerTolerance 1e-9 -ratioGap 0 -allowableGap 0 -threads 0 -branch -printingOptions all -solution solution.txt -saveSolution solution.bin -quit (default strategy 1)
At line 2 NAME          MODEL
At line 3 ROWS
At line 317 COLUMNS
At line 1133 RHS
At line 1446 BOUNDS
At line 1521 ENDATA
Problem MODEL has 312 rows, 241 columns and 647 elements
Coin0008I MODEL read with 0 errors
primalTolerance was changed from 1e-07 to 1e-09
integerTolerance was changed from 1e-07 to 1e-09
ratioGap was changed from 0 to 0
allowableGap was changed from 1e-10 to 0
Continuous objective value is 1.72987e+06 - 0.00 seconds
Cgl0003I 0 fixed, 0 tightened bounds, 3 strengthened rows, 0 substitutions
Cgl0004I processed model has 115 rows, 158 columns (24 integer (24 of which binary)) and 335 elements
Cbc0038I Initial state - 9 integers unsatisfied sum - 3.26782
Cbc0038I Pass   1: suminf.    0.00000 (0) obj. 1.88021e+06 iterations 22
Cbc0038I Solution found of 1.88021e+06
Cbc0038I Relaxing continuous gives 1.73381e+06
Cbc0038I Before mini branch and bound, 15 integers at bound fixed and 81 continuous
Cbc0038I Full problem 115 rows 158 columns, reduced to 13 rows 19 columns
Cbc0038I Mini branch and bound improved solution from 1.73381e+06 to 1.73042e+06 (0.01 seconds)
Cbc0038I Freeing continuous variables gives a solution of 1.73042e+06
Cbc0038I Round again with cutoff of 1.73037e+06
Cbc0038I Pass   2: suminf.    0.40129 (2) obj. 1.73037e+06 iterations 15
Cbc0038I Pass   3: suminf.    0.22750 (1) obj. 1.73037e+06 iterations 2
Cbc0038I Pass   4: suminf.    0.00000 (0) obj. 1.73037e+06 iterations 7
Cbc0038I Solution found of 1.73037e+06
Cbc0038I Relaxing continuous gives 1.73019e+06
Cbc0038I Before mini branch and bound, 13 integers at bound fixed and 73 continuous
Cbc0038I Full problem 115 rows 158 columns, reduced to 21 rows 29 columns
Cbc0038I Mini branch and bound improved solution from 1.73019e+06 to 1.73004e+06 (0.02 seconds)
Cbc0038I Freeing continuous variables gives a solution of 1.73004e+06
Cbc0038I Round again with cutoff of 1.73001e+06
Cbc0038I Pass   5: suminf.    0.41681 (2) obj. 1.73001e+06 iterations 4
Cbc0038I Pass   6: suminf.    0.14350 (1) obj. 1.73001e+06 iterations 9
Cbc0038I Pass   7: suminf.    0.14552 (1) obj. 1.73001e+06 iterations 1
Cbc0038I Pass   8: suminf.    0.27698 (2) obj. 1.73001e+06 iterations 11
Cbc0038I Pass   9: suminf.    0.27698 (2) obj. 1.73001e+06 iterations 1
Cbc0038I Pass  10: suminf.    0.85650 (2) obj. 1.73001e+06 iterations 11
Cbc0038I Pass  11: suminf.    0.44820 (2) obj. 1.73001e+06 iterations 3
Cbc0038I Pass  12: suminf.    0.44310 (2) obj. 1.73001e+06 iterations 1
Cbc0038I Pass  13: suminf.    0.87936 (3) obj. 1.73001e+06 iterations 5
Cbc0038I Pass  14: suminf.    0.77686 (3) obj. 1.73001e+06 iterations 12
Cbc0038I Pass  15: suminf.    0.77686 (3) obj. 1.73001e+06 iterations 1
Cbc0038I Pass  16: suminf.    0.87936 (3) obj. 1.73001e+06 iterations 5
Cbc0038I Pass  17: suminf.    0.87936 (3) obj. 1.73001e+06 iterations 0
Cbc0038I Pass  18: suminf.    1.79403 (6) obj. 1.73001e+06 iterations 16
Cbc0038I Pass  19: suminf.    1.79403 (6) obj. 1.73001e+06 iterations 1
Cbc0038I Pass  20: suminf.    0.37476 (2) obj. 1.73001e+06 iterations 10
Cbc0038I Pass  21: suminf.    0.63100 (2) obj. 1.73001e+06 iterations 3
Cbc0038I Pass  22: suminf.    0.63100 (2) obj. 1.73001e+06 iterations 0
Cbc0038I Pass  23: suminf.    0.37947 (2) obj. 1.73001e+06 iterations 2
Cbc0038I Pass  24: suminf.    1.19515 (5) obj. 1.73001e+06 iterations 5
Cbc0038I Pass  25: suminf.    0.87936 (4) obj. 1.73001e+06 iterations 2
Cbc0038I Pass  26: suminf.    0.63100 (2) obj. 1.73001e+06 iterations 6
Cbc0038I Pass  27: suminf.    0.63100 (2) obj. 1.73001e+06 iterations 0
Cbc0038I Pass  28: suminf.    0.37947 (2) obj. 1.73001e+06 iterations 2
Cbc0038I Pass  29: suminf.    0.37476 (2) obj. 1.73001e+06 iterations 2
Cbc0038I Pass  30: suminf.    1.98652 (5) obj. 1.73001e+06 iterations 19
Cbc0038I Pass  31: suminf.    1.97660 (5) obj. 1.73001e+06 iterations 5
Cbc0038I Pass  32: suminf.    0.61896 (3) obj. 1.73001e+06 iterations 7
Cbc0038I Pass  33: suminf.    0.61896 (3) obj. 1.73001e+06 iterations 5
Cbc0038I Pass  34: suminf.    1.02107 (4) obj. 1.73001e+06 iterations 9
Cbc0038I No solution found this major pass
Cbc0038I Before mini branch and bound, 3 integers at bound fixed and 62 continuous
Cbc0038I Full problem 115 rows 158 columns, reduced to 28 rows 37 columns
Cbc0038I Mini branch and bound improved solution from 1.73004e+06 to 1.73001e+06 (0.03 seconds)
Cbc0038I Freeing continuous variables gives a solution of 1.73001e+06
Cbc0038I Round again with cutoff of 1.72997e+06
Cbc0038I Pass  34: suminf.    0.49956 (3) obj. 1.72997e+06 iterations 1
Cbc0038I Pass  35: suminf.    0.32577 (3) obj. 1.72997e+06 iterations 5
Cbc0038I Pass  36: suminf.    0.44148 (1) obj. 1.72997e+06 iterations 6
Cbc0038I Pass  37: suminf.    0.44148 (1) obj. 1.72997e+06 iterations 1
Cbc0038I Pass  38: suminf.    2.46646 (7) obj. 1.72997e+06 iterations 20
Cbc0038I Pass  39: suminf.    2.03546 (6) obj. 1.72997e+06 iterations 1
Cbc0038I Pass  40: suminf.    0.32577 (2) obj. 1.72997e+06 iterations 12
Cbc0038I Pass  41: suminf.    0.32577 (3) obj. 1.72997e+06 iterations 3
Cbc0038I Pass  42: suminf.    0.44148 (1) obj. 1.72997e+06 iterations 3
Cbc0038I Pass  43: suminf.    0.44148 (1) obj. 1.72997e+06 iterations 2
Cbc0038I Pass  44: suminf.    1.12078 (4) obj. 1.72997e+06 iterations 14
Cbc0038I Pass  45: suminf.    1.12078 (4) obj. 1.72997e+06 iterations 3
Cbc0038I Pass  46: suminf.    0.32577 (2) obj. 1.72997e+06 iterations 9
Cbc0038I Pass  47: suminf.    0.32577 (3) obj. 1.72997e+06 iterations 3
Cbc0038I Pass  48: suminf.    0.44148 (1) obj. 1.72997e+06 iterations 3
Cbc0038I Pass  49: suminf.    0.44148 (1) obj. 1.72997e+06 iterations 2
Cbc0038I Pass  50: suminf.    0.44148 (2) obj. 1.72997e+06 iterations 5
Cbc0038I Pass  51: suminf.    0.44148 (2) obj. 1.72997e+06 iterations 1
Cbc0038I Pass  52: suminf.    0.93415 (3) obj. 1.72997e+06 iterations 10
Cbc0038I Pass  53: suminf.    0.62538 (3) obj. 1.72997e+06 iterations 2
Cbc0038I Pass  54: suminf.    0.62538 (3) obj. 1.72997e+06 iterations 1
Cbc0038I Pass  55: suminf.    1.01898 (3) obj. 1.72997e+06 iterations 10
Cbc0038I Pass  56: suminf.    0.95914 (4) obj. 1.72997e+06 iterations 8
Cbc0038I Pass  57: suminf.    0.95914 (4) obj. 1.72997e+06 iterations 3
Cbc0038I Pass  58: suminf.    1.03665 (3) obj. 1.72997e+06 iterations 10
Cbc0038I Pass  59: suminf.    1.60603 (6) obj. 1.72997e+06 iterations 13
Cbc0038I Pass  60: suminf.    1.45454 (4) obj. 1.72997e+06 iterations 7
Cbc0038I Pass  61: suminf.    0.93415 (3) obj. 1.72997e+06 iterations 7
Cbc0038I Pass  62: suminf.    0.62538 (3) obj. 1.72997e+06 iterations 2
Cbc0038I Pass  63: suminf.    0.62538 (3) obj. 1.72997e+06 iterations 1
Cbc0038I No solution found this major pass
Cbc0038I Before mini branch and bound, 4 integers at bound fixed and 63 continuous
Cbc0038I Full problem 115 rows 158 columns, reduced to 24 rows 33 columns
Cbc0038I Mini branch and bound did not improve solution (0.05 seconds)
Cbc0038I After 0.05 seconds - Feasibility pump exiting with objective of 1.73001e+06 - took 0.04 seconds
Cbc0012I Integer solution of 1730007.1 found by feasibility pump after 0 iterations and 0 nodes (0.05 seconds)
Cbc0038I Full problem 115 rows 158 columns, reduced to 90 rows 130 columns - 3 fixed gives 83, 123 - ok now
Cbc0038I Full problem 115 rows 158 columns, reduced to 83 rows 123 columns
Cbc0031I 15 added rows had average density of 31.6
Cbc0013I At root node, 15 cuts changed objective from 1729889.8 to 1729954.3 in 100 passes
Cbc0014I Cut generator 0 (Probing) - 3 row cuts average 4.7 elements, 0 column cuts (0 active)  in 0.015 seconds - new frequency is -100
Cbc0014I Cut generator 1 (Gomory) - 469 row cuts average 44.0 elements, 0 column cuts (0 active)  in 0.010 seconds - new frequency is 1
Cbc0014I Cut generator 2 (Knapsack) - 0 row cuts average 0.0 elements, 0 column cuts (0 active)  in 0.019 seconds - new frequency is -100
Cbc0014I Cut generator 3 (Clique) - 0 row cuts average 0.0 elements, 0 column cuts (0 active)  in 0.000 seconds - new frequency is -100
Cbc0014I Cut generator 4 (MixedIntegerRounding2) - 3 row cuts average 4.3 elements, 0 column cuts (0 active)  in 0.011 seconds - new frequency is -100
Cbc0014I Cut generator 5 (FlowCover) - 0 row cuts average 0.0 elements, 0 column cuts (0 active)  in 0.020 seconds - new frequency is -100
Cbc0014I Cut generator 6 (TwoMirCuts) - 29 row cuts average 14.8 elements, 0 column cuts (0 active)  in 0.007 seconds - new frequency is -100
Cbc0010I After 0 nodes, 1 on tree, 1730007.1 best solution, best possible 1729954.3 (0.20 seconds)
Cbc0001I Search completed - best objective 1730007.079276207, took 1237 iterations and 8 nodes (0.23 seconds)
Cbc0032I Strong branching done 46 times (244 iterations), fathomed 2 nodes and fixed 6 variables
Cbc0035I Maximum depth 2, 0 variables fixed on reduced cost
Cuts at root node changed objective from 1.72989e+06 to 1.72995e+06
Probing was tried 100 times and created 3 cuts of which 0 were active after adding rounds of cuts (0.015 seconds)
Gomory was tried 124 times and created 511 cuts of which 0 were active after adding rounds of cuts (0.012 seconds)
Knapsack was tried 100 times and created 0 cuts of which 0 were active after adding rounds of cuts (0.019 seconds)
Clique was tried 100 times and created 0 cuts of which 0 were active after adding rounds of cuts (0.000 seconds)
MixedIntegerRounding2 was tried 100 times and created 3 cuts of which 0 were active after adding rounds of cuts (0.011 seconds)
FlowCover was tried 100 times and created 0 cuts of which 0 were active after adding rounds of cuts (0.020 seconds)
TwoMirCuts was tried 100 times and created 29 cuts of which 0 were active after adding rounds of cuts (0.007 seconds)
ZeroHalf was tried 1 times and created 0 cuts of which 0 were active after adding rounds of cuts (0.000 seconds)

Result - Optimal solution found

Objective value:                1730007.07927621
Enumerated nodes:               8
Total iterations:               1237
Time (CPU seconds):             0.23
Time (Wallclock seconds):       0.23

Option for printingOptions changed from normal to all
Total time (CPU seconds):       0.25   (Wallclock seconds):       0.25

