Welcome to the CBC MILP Solver 
Version: 2.10.3 
Build Date: Dec 15 2019 

command line - E:\dachuang\.venv\Lib\site-packages\pulp\apis\../solverdir/cbc/win/i64/cbc.exe model.mps -primalTolerance 1e-9 -integerTolerance 1e-9 -ratioGap 0 -allowableGap 0 -threads 0 -branch -printingOptions all -solution solution.txt -saveSolution solution.bin -quit (default strategy 1)
At line 2 NAME          MODEL
At line 3 ROWS
At line 317 COLUMNS
At line 1133 RHS
At line 1446 BOUNDS
At line 1521 ENDATA
Problem MODEL has 312 rows, 241 columns and 647 elements
Coin0008I MODEL read with 0 errors
primalTolerance was changed from 1e-07 to 1e-09
integerTolerance was changed from 1e-07 to 1e-09
ratioGap was changed from 0 to 0
allowableGap was changed from 1e-10 to 0
Continuous objective value is 1.88033e+06 - 0.00 seconds
Cgl0003I 0 fixed, 0 tightened bounds, 3 strengthened rows, 0 substitutions
Cgl0004I processed model has 115 rows, 157 columns (24 integer (24 of which binary)) and 334 elements
Cbc0038I Initial state - 13 integers unsatisfied sum - 3.73901
Cbc0038I Pass   1: suminf.    0.00000 (0) obj. 1.96486e+06 iterations 24
Cbc0038I Solution found of 1.96486e+06
Cbc0038I Relaxing continuous gives 1.92192e+06
Cbc0038I Before mini branch and bound, 11 integers at bound fixed and 73 continuous
Cbc0038I Full problem 115 rows 157 columns, reduced to 14 rows 20 columns
Cbc0038I Mini branch and bound improved solution from 1.92192e+06 to 1.88089e+06 (0.01 seconds)
Cbc0038I Round again with cutoff of 1.88084e+06
Cbc0038I Pass   2: suminf.    0.75638 (5) obj. 1.88084e+06 iterations 18
Cbc0038I Pass   3: suminf.    0.10657 (1) obj. 1.88084e+06 iterations 12
Cbc0038I Pass   4: suminf.    0.00000 (0) obj. 1.88084e+06 iterations 11
Cbc0038I Solution found of 1.88084e+06
Cbc0038I Relaxing continuous gives 1.88065e+06
Cbc0038I Before mini branch and bound, 11 integers at bound fixed and 79 continuous
Cbc0038I Full problem 115 rows 157 columns, reduced to 17 rows 22 columns
Cbc0038I Mini branch and bound improved solution from 1.88065e+06 to 1.88065e+06 (0.01 seconds)
Cbc0038I Round again with cutoff of 1.88059e+06
Cbc0038I Pass   5: suminf.    1.20731 (6) obj. 1.88059e+06 iterations 4
Cbc0038I Pass   6: suminf.    0.81652 (6) obj. 1.88059e+06 iterations 9
Cbc0038I Pass   7: suminf.    0.61879 (3) obj. 1.88059e+06 iterations 9
Cbc0038I Pass   8: suminf.    0.34343 (3) obj. 1.88059e+06 iterations 5
Cbc0038I Pass   9: suminf.    0.34343 (2) obj. 1.88059e+06 iterations 5
Cbc0038I Pass  10: suminf.    0.44843 (3) obj. 1.88059e+06 iterations 3
Cbc0038I Pass  11: suminf.    0.61879 (3) obj. 1.88059e+06 iterations 7
Cbc0038I Pass  12: suminf.    0.34343 (3) obj. 1.88059e+06 iterations 4
Cbc0038I Pass  13: suminf.    0.34343 (2) obj. 1.88059e+06 iterations 2
Cbc0038I Pass  14: suminf.    1.35168 (5) obj. 1.88059e+06 iterations 9
Cbc0038I Pass  15: suminf.    0.61930 (3) obj. 1.88059e+06 iterations 1
Cbc0038I Pass  16: suminf.    0.61879 (3) obj. 1.88059e+06 iterations 7
Cbc0038I Pass  17: suminf.    0.34343 (3) obj. 1.88059e+06 iterations 4
Cbc0038I Pass  18: suminf.    0.34343 (2) obj. 1.88059e+06 iterations 2
Cbc0038I Pass  19: suminf.    1.07158 (3) obj. 1.88059e+06 iterations 13
Cbc0038I Pass  20: suminf.    0.78987 (3) obj. 1.88059e+06 iterations 2
Cbc0038I Pass  21: suminf.    0.77976 (3) obj. 1.88059e+06 iterations 1
Cbc0038I Pass  22: suminf.    0.79571 (2) obj. 1.88059e+06 iterations 3
Cbc0038I Pass  23: suminf.    0.51400 (2) obj. 1.88059e+06 iterations 2
Cbc0038I Pass  24: suminf.    0.50389 (2) obj. 1.88059e+06 iterations 1
Cbc0038I Pass  25: suminf.    0.65406 (5) obj. 1.88059e+06 iterations 10
Cbc0038I Pass  26: suminf.    0.65406 (4) obj. 1.88059e+06 iterations 2
Cbc0038I Pass  27: suminf.    0.61879 (3) obj. 1.88059e+06 iterations 8
Cbc0038I Pass  28: suminf.    0.34343 (3) obj. 1.88059e+06 iterations 4
Cbc0038I Pass  29: suminf.    0.34343 (2) obj. 1.88059e+06 iterations 2
Cbc0038I Pass  30: suminf.    1.39696 (5) obj. 1.88059e+06 iterations 22
Cbc0038I Pass  31: suminf.    0.28152 (3) obj. 1.88059e+06 iterations 4
Cbc0038I Pass  32: suminf.    0.65258 (2) obj. 1.88059e+06 iterations 3
Cbc0038I Pass  33: suminf.    0.26952 (2) obj. 1.88059e+06 iterations 3
Cbc0038I Pass  34: suminf.    1.07208 (4) obj. 1.88059e+06 iterations 18
Cbc0038I No solution found this major pass
Cbc0038I Before mini branch and bound, 2 integers at bound fixed and 65 continuous
Cbc0038I Full problem 115 rows 157 columns, reduced to 27 rows 35 columns
Cbc0038I Mini branch and bound improved solution from 1.88065e+06 to 1.88055e+06 (0.03 seconds)
Cbc0038I Round again with cutoff of 1.88049e+06
Cbc0038I Pass  34: suminf.    1.30105 (7) obj. 1.88049e+06 iterations 2
Cbc0038I Pass  35: suminf.    1.25931 (8) obj. 1.88049e+06 iterations 4
Cbc0038I Pass  36: suminf.    1.25663 (6) obj. 1.88049e+06 iterations 2
Cbc0038I Pass  37: suminf.    0.75362 (4) obj. 1.88049e+06 iterations 13
Cbc0038I Pass  38: suminf.    0.75362 (4) obj. 1.88049e+06 iterations 1
Cbc0038I Pass  39: suminf.    0.68372 (3) obj. 1.88049e+06 iterations 8
Cbc0038I Pass  40: suminf.    0.68372 (3) obj. 1.88049e+06 iterations 0
Cbc0038I Pass  41: suminf.    1.12405 (4) obj. 1.88049e+06 iterations 13
Cbc0038I Pass  42: suminf.    0.69866 (3) obj. 1.88049e+06 iterations 4
Cbc0038I Pass  43: suminf.    0.98092 (4) obj. 1.88049e+06 iterations 6
Cbc0038I Pass  44: suminf.    1.61238 (6) obj. 1.88049e+06 iterations 8
Cbc0038I Pass  45: suminf.    1.20326 (4) obj. 1.88049e+06 iterations 13
Cbc0038I Pass  46: suminf.    1.20326 (4) obj. 1.88049e+06 iterations 2
Cbc0038I Pass  47: suminf.    1.16372 (4) obj. 1.88049e+06 iterations 6
Cbc0038I Pass  48: suminf.    1.11138 (4) obj. 1.88049e+06 iterations 1
Cbc0038I Pass  49: suminf.    1.11138 (4) obj. 1.88049e+06 iterations 1
Cbc0038I Pass  50: suminf.    1.20326 (4) obj. 1.88049e+06 iterations 16
Cbc0038I Pass  51: suminf.    1.20326 (4) obj. 1.88049e+06 iterations 2
Cbc0038I Pass  52: suminf.    1.16372 (4) obj. 1.88049e+06 iterations 4
Cbc0038I Pass  53: suminf.    1.11138 (4) obj. 1.88049e+06 iterations 1
Cbc0038I Pass  54: suminf.    1.11138 (4) obj. 1.88049e+06 iterations 1
Cbc0038I Pass  55: suminf.    1.20326 (4) obj. 1.88049e+06 iterations 13
Cbc0038I Pass  56: suminf.    1.20326 (4) obj. 1.88049e+06 iterations 2
Cbc0038I Pass  57: suminf.    1.16372 (4) obj. 1.88049e+06 iterations 6
Cbc0038I Pass  58: suminf.    1.11138 (4) obj. 1.88049e+06 iterations 1
Cbc0038I Pass  59: suminf.    1.11138 (4) obj. 1.88049e+06 iterations 1
Cbc0038I Pass  60: suminf.    1.20326 (4) obj. 1.88049e+06 iterations 16
Cbc0038I Pass  61: suminf.    1.20326 (4) obj. 1.88049e+06 iterations 2
Cbc0038I Pass  62: suminf.    1.16372 (4) obj. 1.88049e+06 iterations 6
Cbc0038I Pass  63: suminf.    1.11138 (4) obj. 1.88049e+06 iterations 1
Cbc0038I No solution found this major pass
Cbc0038I Before mini branch and bound, 9 integers at bound fixed and 78 continuous
Cbc0038I Full problem 115 rows 157 columns, reduced to 20 rows 26 columns
Cbc0038I Mini branch and bound did not improve solution (0.04 seconds)
Cbc0038I After 0.04 seconds - Feasibility pump exiting with objective of 1.88055e+06 - took 0.04 seconds
Cbc0012I Integer solution of 1880552.4 found by feasibility pump after 0 iterations and 0 nodes (0.04 seconds)
Cbc0038I Full problem 115 rows 157 columns, reduced to 86 rows 125 columns
Cbc0031I 15 added rows had average density of 17.133333
Cbc0013I At root node, 15 cuts changed objective from 1880346.3 to 1880519.4 in 13 passes
Cbc0014I Cut generator 0 (Probing) - 2 row cuts average 2.0 elements, 3 column cuts (3 active)  in 0.003 seconds - new frequency is 1
Cbc0014I Cut generator 1 (Gomory) - 50 row cuts average 34.2 elements, 0 column cuts (0 active)  in 0.001 seconds - new frequency is 1
Cbc0014I Cut generator 2 (Knapsack) - 0 row cuts average 0.0 elements, 0 column cuts (0 active)  in 0.001 seconds - new frequency is -100
Cbc0014I Cut generator 3 (Clique) - 0 row cuts average 0.0 elements, 0 column cuts (0 active)  in 0.000 seconds - new frequency is -100
Cbc0014I Cut generator 4 (MixedIntegerRounding2) - 9 row cuts average 5.9 elements, 0 column cuts (0 active)  in 0.001 seconds - new frequency is 1
Cbc0014I Cut generator 5 (FlowCover) - 0 row cuts average 0.0 elements, 0 column cuts (0 active)  in 0.001 seconds - new frequency is -100
Cbc0014I Cut generator 6 (TwoMirCuts) - 32 row cuts average 17.8 elements, 0 column cuts (0 active)  in 0.002 seconds - new frequency is -100
Cbc0010I After 0 nodes, 1 on tree, 1880552.4 best solution, best possible 1880521.7 (0.07 seconds)
Cbc0001I Search completed - best objective 1880552.407275639, took 141 iterations and 2 nodes (0.07 seconds)
Cbc0032I Strong branching done 12 times (56 iterations), fathomed 1 nodes and fixed 2 variables
Cbc0035I Maximum depth 0, 0 variables fixed on reduced cost
Cuts at root node changed objective from 1.88035e+06 to 1.88052e+06
Probing was tried 18 times and created 5 cuts of which 0 were active after adding rounds of cuts (0.003 seconds)
Gomory was tried 18 times and created 60 cuts of which 0 were active after adding rounds of cuts (0.001 seconds)
Knapsack was tried 13 times and created 0 cuts of which 0 were active after adding rounds of cuts (0.001 seconds)
Clique was tried 13 times and created 0 cuts of which 0 were active after adding rounds of cuts (0.000 seconds)
MixedIntegerRounding2 was tried 18 times and created 9 cuts of which 0 were active after adding rounds of cuts (0.002 seconds)
FlowCover was tried 13 times and created 0 cuts of which 0 were active after adding rounds of cuts (0.001 seconds)
TwoMirCuts was tried 13 times and created 32 cuts of which 0 were active after adding rounds of cuts (0.002 seconds)
ZeroHalf was tried 1 times and created 0 cuts of which 0 were active after adding rounds of cuts (0.000 seconds)

Result - Optimal solution found

Objective value:                1880552.40727564
Enumerated nodes:               2
Total iterations:               141
Time (CPU seconds):             0.07
Time (Wallclock seconds):       0.08

Option for printingOptions changed from normal to all
Total time (CPU seconds):       0.10   (Wallclock seconds):       0.10

