Welcome to the CBC MILP Solver 
Version: 2.10.3 
Build Date: Dec 15 2019 

command line - E:\dachuang\.venv\Lib\site-packages\pulp\apis\../solverdir/cbc/win/i64/cbc.exe model.mps -primalTolerance 1e-9 -integerTolerance 1e-9 -ratioGap 0 -allowableGap 0 -threads 0 -branch -printingOptions all -solution solution.txt -saveSolution solution.bin -quit (default strategy 1)
At line 2 NAME          MODEL
At line 3 ROWS
At line 317 COLUMNS
At line 1133 RHS
At line 1446 BOUNDS
At line 1521 ENDATA
Problem MODEL has 312 rows, 241 columns and 647 elements
Coin0008I MODEL read with 0 errors
primalTolerance was changed from 1e-07 to 1e-09
integerTolerance was changed from 1e-07 to 1e-09
ratioGap was changed from 0 to 0
allowableGap was changed from 1e-10 to 0
Continuous objective value is 1.58175e+06 - 0.00 seconds
Cgl0003I 0 fixed, 0 tightened bounds, 3 strengthened rows, 0 substitutions
Cgl0004I processed model has 116 rows, 161 columns (24 integer (24 of which binary)) and 341 elements
Cbc0038I Initial state - 10 integers unsatisfied sum - 2.74301
Cbc0038I Pass   1: suminf.    0.00000 (0) obj. 1.74889e+06 iterations 20
Cbc0038I Solution found of 1.74889e+06
Cbc0038I Relaxing continuous gives 1.73657e+06
Cbc0038I Before mini branch and bound, 14 integers at bound fixed and 82 continuous
Cbc0038I Full problem 116 rows 161 columns, reduced to 7 rows 12 columns
Cbc0038I Mini branch and bound improved solution from 1.73657e+06 to 1.58207e+06 (0.01 seconds)
Cbc0038I Round again with cutoff of 1.58204e+06
Cbc0038I Pass   2: suminf.    1.12278 (7) obj. 1.58204e+06 iterations 25
Cbc0038I Pass   3: suminf.    0.13263 (1) obj. 1.58204e+06 iterations 12
Cbc0038I Solution found of 1.58204e+06
Cbc0038I Relaxing continuous gives 1.58201e+06
Cbc0038I Before mini branch and bound, 12 integers at bound fixed and 83 continuous
Cbc0038I Full problem 116 rows 161 columns, reduced to 12 rows 16 columns
Cbc0038I Mini branch and bound improved solution from 1.58201e+06 to 1.58186e+06 (0.02 seconds)
Cbc0038I Round again with cutoff of 1.58184e+06
Cbc0038I Pass   4: suminf.    1.95165 (8) obj. 1.58184e+06 iterations 3
Cbc0038I Pass   5: suminf.    1.07490 (7) obj. 1.58184e+06 iterations 10
Cbc0038I Pass   6: suminf.    0.22188 (1) obj. 1.58184e+06 iterations 7
Cbc0038I Pass   7: suminf.    0.08475 (1) obj. 1.58184e+06 iterations 2
Cbc0038I Pass   8: suminf.    0.43225 (2) obj. 1.58184e+06 iterations 5
Cbc0038I Pass   9: suminf.    0.22188 (1) obj. 1.58184e+06 iterations 2
Cbc0038I Pass  10: suminf.    0.08475 (1) obj. 1.58184e+06 iterations 2
Cbc0038I Pass  11: suminf.    0.08475 (1) obj. 1.58184e+06 iterations 8
Cbc0038I Pass  12: suminf.    0.22188 (1) obj. 1.58184e+06 iterations 1
Cbc0038I Pass  13: suminf.    0.08475 (1) obj. 1.58184e+06 iterations 2
Cbc0038I Pass  14: suminf.    0.86203 (3) obj. 1.58184e+06 iterations 17
Cbc0038I Pass  15: suminf.    0.37978 (1) obj. 1.58184e+06 iterations 5
Cbc0038I Pass  16: suminf.    0.00000 (0) obj. 1.58184e+06 iterations 3
Cbc0038I Solution found of 1.58184e+06
Cbc0038I Relaxing continuous gives 1.58183e+06
Cbc0038I Before mini branch and bound, 4 integers at bound fixed and 71 continuous
Cbc0038I Full problem 116 rows 161 columns, reduced to 22 rows 29 columns
Cbc0038I Mini branch and bound improved solution from 1.58183e+06 to 1.5818e+06 (0.03 seconds)
Cbc0038I Round again with cutoff of 1.58179e+06
Cbc0038I Pass  17: suminf.    1.98503 (9) obj. 1.58179e+06 iterations 2
Cbc0038I Pass  18: suminf.    1.33588 (9) obj. 1.58179e+06 iterations 1
Cbc0038I Pass  19: suminf.    0.99488 (3) obj. 1.58179e+06 iterations 12
Cbc0038I Pass  20: suminf.    0.95388 (2) obj. 1.58179e+06 iterations 2
Cbc0038I Pass  21: suminf.    0.74913 (2) obj. 1.58179e+06 iterations 1
Cbc0038I Pass  22: suminf.    0.34573 (3) obj. 1.58179e+06 iterations 5
Cbc0038I Pass  23: suminf.    0.34573 (3) obj. 1.58179e+06 iterations 0
Cbc0038I Pass  24: suminf.    0.99488 (3) obj. 1.58179e+06 iterations 5
Cbc0038I Pass  25: suminf.    0.95388 (2) obj. 1.58179e+06 iterations 2
Cbc0038I Pass  26: suminf.    0.74913 (2) obj. 1.58179e+06 iterations 1
Cbc0038I Pass  27: suminf.    0.34573 (3) obj. 1.58179e+06 iterations 5
Cbc0038I Pass  28: suminf.    0.34573 (3) obj. 1.58179e+06 iterations 0
Cbc0038I Pass  29: suminf.    0.99488 (3) obj. 1.58179e+06 iterations 5
Cbc0038I Pass  30: suminf.    0.95388 (2) obj. 1.58179e+06 iterations 2
Cbc0038I Pass  31: suminf.    0.74913 (2) obj. 1.58179e+06 iterations 1
Cbc0038I Pass  32: suminf.    0.34573 (3) obj. 1.58179e+06 iterations 5
Cbc0038I Pass  33: suminf.    0.34573 (3) obj. 1.58179e+06 iterations 0
Cbc0038I Pass  34: suminf.    0.99488 (3) obj. 1.58179e+06 iterations 5
Cbc0038I Pass  35: suminf.    0.95388 (2) obj. 1.58179e+06 iterations 2
Cbc0038I Pass  36: suminf.    0.74913 (2) obj. 1.58179e+06 iterations 1
Cbc0038I Pass  37: suminf.    0.34573 (3) obj. 1.58179e+06 iterations 5
Cbc0038I Pass  38: suminf.    0.34573 (3) obj. 1.58179e+06 iterations 0
Cbc0038I Pass  39: suminf.    0.99488 (3) obj. 1.58179e+06 iterations 5
Cbc0038I Pass  40: suminf.    0.95388 (2) obj. 1.58179e+06 iterations 2
Cbc0038I Pass  41: suminf.    0.74913 (2) obj. 1.58179e+06 iterations 1
Cbc0038I Pass  42: suminf.    0.34573 (3) obj. 1.58179e+06 iterations 5
Cbc0038I Pass  43: suminf.    0.34573 (3) obj. 1.58179e+06 iterations 0
Cbc0038I Pass  44: suminf.    0.99488 (3) obj. 1.58179e+06 iterations 5
Cbc0038I Pass  45: suminf.    0.95388 (2) obj. 1.58179e+06 iterations 2
Cbc0038I Pass  46: suminf.    0.74913 (2) obj. 1.58179e+06 iterations 1
Cbc0038I No solution found this major pass
Cbc0038I Before mini branch and bound, 11 integers at bound fixed and 79 continuous
Cbc0038I Full problem 116 rows 161 columns, reduced to 19 rows 26 columns
Cbc0038I Mini branch and bound did not improve solution (0.04 seconds)
Cbc0038I After 0.04 seconds - Feasibility pump exiting with objective of 1.5818e+06 - took 0.03 seconds
Cbc0012I Integer solution of 1581797.7 found by feasibility pump after 0 iterations and 0 nodes (0.04 seconds)
Cbc0038I Full problem 116 rows 161 columns, reduced to 82 rows 124 columns
Cbc0031I 13 added rows had average density of 13.307692
Cbc0013I At root node, 13 cuts changed objective from 1581765.4 to 1581784.6 in 100 passes
Cbc0014I Cut generator 0 (Probing) - 2 row cuts average 3.0 elements, 2 column cuts (2 active)  in 0.013 seconds - new frequency is -100
Cbc0014I Cut generator 1 (Gomory) - 280 row cuts average 23.2 elements, 0 column cuts (0 active)  in 0.013 seconds - new frequency is 1
Cbc0014I Cut generator 2 (Knapsack) - 0 row cuts average 0.0 elements, 0 column cuts (0 active)  in 0.014 seconds - new frequency is -100
Cbc0014I Cut generator 3 (Clique) - 0 row cuts average 0.0 elements, 0 column cuts (0 active)  in 0.000 seconds - new frequency is -100
Cbc0014I Cut generator 4 (MixedIntegerRounding2) - 6 row cuts average 4.2 elements, 0 column cuts (0 active)  in 0.013 seconds - new frequency is -100
Cbc0014I Cut generator 5 (FlowCover) - 2 row cuts average 3.5 elements, 0 column cuts (0 active)  in 0.021 seconds - new frequency is -100
Cbc0014I Cut generator 6 (TwoMirCuts) - 27 row cuts average 8.7 elements, 0 column cuts (0 active)  in 0.004 seconds - new frequency is -100
Cbc0010I After 0 nodes, 1 on tree, 1581797.7 best solution, best possible 1581784.6 (0.19 seconds)
Cbc0001I Search completed - best objective 1581797.65484754, took 1062 iterations and 2 nodes (0.20 seconds)
Cbc0032I Strong branching done 16 times (82 iterations), fathomed 2 nodes and fixed 1 variables
Cbc0035I Maximum depth 0, 1 variables fixed on reduced cost
Cuts at root node changed objective from 1.58177e+06 to 1.58178e+06
Probing was tried 100 times and created 4 cuts of which 0 were active after adding rounds of cuts (0.013 seconds)
Gomory was tried 117 times and created 311 cuts of which 0 were active after adding rounds of cuts (0.013 seconds)
Knapsack was tried 100 times and created 0 cuts of which 0 were active after adding rounds of cuts (0.014 seconds)
Clique was tried 100 times and created 0 cuts of which 0 were active after adding rounds of cuts (0.000 seconds)
MixedIntegerRounding2 was tried 100 times and created 6 cuts of which 0 were active after adding rounds of cuts (0.013 seconds)
FlowCover was tried 100 times and created 2 cuts of which 0 were active after adding rounds of cuts (0.021 seconds)
TwoMirCuts was tried 100 times and created 27 cuts of which 0 were active after adding rounds of cuts (0.004 seconds)
ZeroHalf was tried 1 times and created 0 cuts of which 0 were active after adding rounds of cuts (0.000 seconds)

Result - Optimal solution found

Objective value:                1581797.65484754
Enumerated nodes:               2
Total iterations:               1062
Time (CPU seconds):             0.20
Time (Wallclock seconds):       0.20

Option for printingOptions changed from normal to all
Total time (CPU seconds):       0.22   (Wallclock seconds):       0.22

