Welcome to the CBC MILP Solver 
Version: 2.10.3 
Build Date: Dec 15 2019 

command line - E:\dachuang\.venv\Lib\site-packages\pulp\apis\../solverdir/cbc/win/i64/cbc.exe model.mps -primalTolerance 1e-9 -integerTolerance 1e-9 -ratioGap 0 -allowableGap 0 -threads 0 -branch -printingOptions all -solution solution.txt -saveSolution solution.bin -quit (default strategy 1)
At line 2 NAME          MODEL
At line 3 ROWS
At line 317 COLUMNS
At line 1133 RHS
At line 1446 BOUNDS
At line 1521 ENDATA
Problem MODEL has 312 rows, 241 columns and 647 elements
Coin0008I MODEL read with 0 errors
primalTolerance was changed from 1e-07 to 1e-09
integerTolerance was changed from 1e-07 to 1e-09
ratioGap was changed from 0 to 0
allowableGap was changed from 1e-10 to 0
Continuous objective value is 1.5324e+06 - 0.00 seconds
Cgl0003I 0 fixed, 0 tightened bounds, 3 strengthened rows, 0 substitutions
Cgl0004I processed model has 117 rows, 163 columns (24 integer (24 of which binary)) and 346 elements
Cbc0038I Initial state - 10 integers unsatisfied sum - 3.35989
Cbc0038I Pass   1: suminf.    0.00000 (0) obj. 1.54286e+06 iterations 15
Cbc0038I Solution found of 1.54286e+06
Cbc0038I Relaxing continuous gives 1.53666e+06
Cbc0038I Before mini branch and bound, 14 integers at bound fixed and 85 continuous
Cbc0038I Full problem 117 rows 163 columns, reduced to 10 rows 12 columns
Cbc0038I Mini branch and bound improved solution from 1.53666e+06 to 1.5329e+06 (0.01 seconds)
Cbc0038I Round again with cutoff of 1.53285e+06
Cbc0038I Pass   2: suminf.    0.97634 (4) obj. 1.53285e+06 iterations 11
Cbc0038I Pass   3: suminf.    0.42986 (2) obj. 1.53285e+06 iterations 3
Cbc0038I Pass   4: suminf.    0.20635 (1) obj. 1.53285e+06 iterations 10
Cbc0038I Pass   5: suminf.    0.00000 (0) obj. 1.53285e+06 iterations 2
Cbc0038I Solution found of 1.53285e+06
Cbc0038I Relaxing continuous gives 1.53269e+06
Cbc0038I Before mini branch and bound, 13 integers at bound fixed and 81 continuous
Cbc0038I Full problem 117 rows 163 columns, reduced to 16 rows 21 columns
Cbc0038I Mini branch and bound improved solution from 1.53269e+06 to 1.53259e+06 (0.02 seconds)
Cbc0038I Freeing continuous variables gives a solution of 1.53248e+06
Cbc0038I Round again with cutoff of 1.53247e+06
Cbc0038I Pass   6: suminf.    1.75985 (7) obj. 1.53247e+06 iterations 9
Cbc0038I Pass   7: suminf.    1.11088 (4) obj. 1.53247e+06 iterations 4
Cbc0038I Pass   8: suminf.    0.25849 (1) obj. 1.53247e+06 iterations 13
Cbc0038I Pass   9: suminf.    0.05171 (1) obj. 1.53247e+06 iterations 4
Cbc0038I Pass  10: suminf.    0.32922 (3) obj. 1.53247e+06 iterations 4
Cbc0038I Pass  11: suminf.    0.25849 (1) obj. 1.53247e+06 iterations 3
Cbc0038I Pass  12: suminf.    0.05171 (1) obj. 1.53247e+06 iterations 4
Cbc0038I Pass  13: suminf.    2.41116 (7) obj. 1.53247e+06 iterations 12
Cbc0038I Pass  14: suminf.    1.43048 (5) obj. 1.53247e+06 iterations 4
Cbc0038I Pass  15: suminf.    0.34072 (3) obj. 1.53247e+06 iterations 11
Cbc0038I Pass  16: suminf.    0.34072 (3) obj. 1.53247e+06 iterations 0
Cbc0038I Pass  17: suminf.    0.98986 (3) obj. 1.53247e+06 iterations 7
Cbc0038I Pass  18: suminf.    0.98986 (3) obj. 1.53247e+06 iterations 0
Cbc0038I Pass  19: suminf.    1.60937 (5) obj. 1.53247e+06 iterations 3
Cbc0038I Pass  20: suminf.    1.60937 (5) obj. 1.53247e+06 iterations 3
Cbc0038I Pass  21: suminf.    0.34072 (3) obj. 1.53247e+06 iterations 8
Cbc0038I Pass  22: suminf.    0.34072 (3) obj. 1.53247e+06 iterations 0
Cbc0038I Pass  23: suminf.    0.98986 (3) obj. 1.53247e+06 iterations 7
Cbc0038I Pass  24: suminf.    0.98986 (3) obj. 1.53247e+06 iterations 0
Cbc0038I Pass  25: suminf.    1.73656 (7) obj. 1.53247e+06 iterations 21
Cbc0038I Pass  26: suminf.    0.25849 (1) obj. 1.53247e+06 iterations 11
Cbc0038I Pass  27: suminf.    0.05171 (1) obj. 1.53247e+06 iterations 2
Cbc0038I Pass  28: suminf.    2.40998 (8) obj. 1.53247e+06 iterations 15
Cbc0038I Pass  29: suminf.    2.10348 (7) obj. 1.53247e+06 iterations 5
Cbc0038I Pass  30: suminf.    0.34072 (3) obj. 1.53247e+06 iterations 13
Cbc0038I Pass  31: suminf.    0.34072 (3) obj. 1.53247e+06 iterations 0
Cbc0038I Pass  32: suminf.    0.98986 (3) obj. 1.53247e+06 iterations 7
Cbc0038I Pass  33: suminf.    0.98986 (3) obj. 1.53247e+06 iterations 0
Cbc0038I Pass  34: suminf.    1.77537 (6) obj. 1.53247e+06 iterations 6
Cbc0038I Pass  35: suminf.    1.77537 (6) obj. 1.53247e+06 iterations 3
Cbc0038I No solution found this major pass
Cbc0038I Before mini branch and bound, 4 integers at bound fixed and 71 continuous
Cbc0038I Full problem 117 rows 163 columns, reduced to 19 rows 26 columns
Cbc0038I Mini branch and bound did not improve solution (0.03 seconds)
Cbc0038I After 0.03 seconds - Feasibility pump exiting with objective of 1.53248e+06 - took 0.02 seconds
Cbc0012I Integer solution of 1532478 found by feasibility pump after 0 iterations and 0 nodes (0.03 seconds)
Cbc0038I Full problem 117 rows 163 columns, reduced to 81 rows 126 columns
Cbc0031I 11 added rows had average density of 11.181818
Cbc0013I At root node, 11 cuts changed objective from 1532417.9 to 1532472.1 in 100 passes
Cbc0014I Cut generator 0 (Probing) - 2 row cuts average 2.0 elements, 3 column cuts (3 active)  in 0.011 seconds - new frequency is 1
Cbc0014I Cut generator 1 (Gomory) - 288 row cuts average 25.5 elements, 0 column cuts (0 active)  in 0.009 seconds - new frequency is 1
Cbc0014I Cut generator 2 (Knapsack) - 0 row cuts average 0.0 elements, 0 column cuts (0 active)  in 0.019 seconds - new frequency is -100
Cbc0014I Cut generator 3 (Clique) - 0 row cuts average 0.0 elements, 0 column cuts (0 active)  in 0.000 seconds - new frequency is -100
Cbc0014I Cut generator 4 (MixedIntegerRounding2) - 11 row cuts average 4.1 elements, 0 column cuts (0 active)  in 0.007 seconds - new frequency is -100
Cbc0014I Cut generator 5 (FlowCover) - 1 row cuts average 2.0 elements, 0 column cuts (0 active)  in 0.014 seconds - new frequency is -100
Cbc0014I Cut generator 6 (TwoMirCuts) - 27 row cuts average 8.5 elements, 0 column cuts (0 active)  in 0.003 seconds - new frequency is -100
Cbc0001I Search completed - best objective 1532477.96260377, took 604 iterations and 0 nodes (0.15 seconds)
Cbc0032I Strong branching done 2 times (8 iterations), fathomed 1 nodes and fixed 0 variables
Cbc0035I Maximum depth 0, 0 variables fixed on reduced cost
Cuts at root node changed objective from 1.53242e+06 to 1.53357e+06
Probing was tried 100 times and created 5 cuts of which 0 were active after adding rounds of cuts (0.011 seconds)
Gomory was tried 100 times and created 288 cuts of which 0 were active after adding rounds of cuts (0.009 seconds)
Knapsack was tried 100 times and created 0 cuts of which 0 were active after adding rounds of cuts (0.019 seconds)
Clique was tried 100 times and created 0 cuts of which 0 were active after adding rounds of cuts (0.000 seconds)
MixedIntegerRounding2 was tried 100 times and created 11 cuts of which 0 were active after adding rounds of cuts (0.007 seconds)
FlowCover was tried 100 times and created 1 cuts of which 0 were active after adding rounds of cuts (0.014 seconds)
TwoMirCuts was tried 100 times and created 27 cuts of which 0 were active after adding rounds of cuts (0.003 seconds)
ZeroHalf was tried 1 times and created 0 cuts of which 0 were active after adding rounds of cuts (0.000 seconds)

Result - Optimal solution found

Objective value:                1532477.96260377
Enumerated nodes:               0
Total iterations:               604
Time (CPU seconds):             0.15
Time (Wallclock seconds):       0.15

Option for printingOptions changed from normal to all
Total time (CPU seconds):       0.17   (Wallclock seconds):       0.17

