Welcome to the CBC MILP Solver 
Version: 2.10.3 
Build Date: Dec 15 2019 

command line - E:\dachuang\.venv\Lib\site-packages\pulp\apis\../solverdir/cbc/win/i64/cbc.exe model.mps -primalTolerance 1e-9 -integerTolerance 1e-9 -ratioGap 0 -allowableGap 0 -threads 0 -branch -printingOptions all -solution solution.txt -saveSolution solution.bin -quit (default strategy 1)
At line 2 NAME          MODEL
At line 3 ROWS
At line 317 COLUMNS
At line 1133 RHS
At line 1446 BOUNDS
At line 1521 ENDATA
Problem MODEL has 312 rows, 241 columns and 647 elements
Coin0008I MODEL read with 0 errors
primalTolerance was changed from 1e-07 to 1e-09
integerTolerance was changed from 1e-07 to 1e-09
ratioGap was changed from 0 to 0
allowableGap was changed from 1e-10 to 0
Continuous objective value is 2.73505e+06 - 0.00 seconds
Cgl0003I 0 fixed, 0 tightened bounds, 2 strengthened rows, 0 substitutions
Cgl0004I processed model has 113 rows, 155 columns (24 integer (24 of which binary)) and 326 elements
Cbc0038I Initial state - 6 integers unsatisfied sum - 2.43396
Cbc0038I Pass   1: suminf.    0.00000 (0) obj. 2.79837e+06 iterations 11
Cbc0038I Solution found of 2.79837e+06
Cbc0038I Relaxing continuous gives 2.79196e+06
Cbc0038I Before mini branch and bound, 18 integers at bound fixed and 93 continuous
Cbc0038I Full problem 113 rows 155 columns, reduced to 9 rows 10 columns
Cbc0038I Mini branch and bound improved solution from 2.79196e+06 to 2.73553e+06 (0.01 seconds)
Cbc0038I Round again with cutoff of 2.73548e+06
Cbc0038I Pass   2: suminf.    0.59139 (2) obj. 2.73548e+06 iterations 7
Cbc0038I Pass   3: suminf.    0.00000 (0) obj. 2.73548e+06 iterations 12
Cbc0038I Solution found of 2.73548e+06
Cbc0038I Relaxing continuous gives 2.73534e+06
Cbc0038I Before mini branch and bound, 18 integers at bound fixed and 88 continuous
Cbc0038I Full problem 113 rows 155 columns, reduced to 16 rows 22 columns
Cbc0038I Mini branch and bound improved solution from 2.73534e+06 to 2.73513e+06 (0.01 seconds)
Cbc0038I Freeing continuous variables gives a solution of 2.73513e+06
Cbc0038I Round again with cutoff of 2.73512e+06
Cbc0038I Pass   4: suminf.    0.60359 (3) obj. 2.73512e+06 iterations 5
Cbc0038I Pass   5: suminf.    0.45272 (2) obj. 2.73512e+06 iterations 31
Cbc0038I Pass   6: suminf.    0.75741 (4) obj. 2.73512e+06 iterations 12
Cbc0038I Pass   7: suminf.    0.90826 (4) obj. 2.73512e+06 iterations 6
Cbc0038I Pass   8: suminf.    0.80577 (3) obj. 2.73512e+06 iterations 2
Cbc0038I Pass   9: suminf.    1.77842 (6) obj. 2.73512e+06 iterations 6
Cbc0038I Pass  10: suminf.    1.19242 (4) obj. 2.73512e+06 iterations 3
Cbc0038I Pass  11: suminf.    0.75741 (4) obj. 2.73512e+06 iterations 10
Cbc0038I Pass  12: suminf.    0.90826 (4) obj. 2.73512e+06 iterations 6
Cbc0038I Pass  13: suminf.    0.80577 (3) obj. 2.73512e+06 iterations 2
Cbc0038I Pass  14: suminf.    0.80577 (3) obj. 2.73512e+06 iterations 6
Cbc0038I Pass  15: suminf.    0.75741 (4) obj. 2.73512e+06 iterations 9
Cbc0038I Pass  16: suminf.    0.90826 (4) obj. 2.73512e+06 iterations 6
Cbc0038I Pass  17: suminf.    0.80577 (3) obj. 2.73512e+06 iterations 2
Cbc0038I Pass  18: suminf.    0.90826 (3) obj. 2.73512e+06 iterations 11
Cbc0038I Pass  19: suminf.    0.90826 (3) obj. 2.73512e+06 iterations 1
Cbc0038I Pass  20: suminf.    0.75741 (2) obj. 2.73512e+06 iterations 6
Cbc0038I Pass  21: suminf.    0.11943 (1) obj. 2.73512e+06 iterations 3
Cbc0038I Pass  22: suminf.    0.06606 (1) obj. 2.73512e+06 iterations 2
Cbc0038I Pass  23: suminf.    0.90826 (3) obj. 2.73512e+06 iterations 10
Cbc0038I Pass  24: suminf.    0.90826 (3) obj. 2.73512e+06 iterations 0
Cbc0038I Pass  25: suminf.    0.75741 (2) obj. 2.73512e+06 iterations 6
Cbc0038I Pass  26: suminf.    0.11943 (1) obj. 2.73512e+06 iterations 3
Cbc0038I Pass  27: suminf.    0.06606 (1) obj. 2.73512e+06 iterations 2
Cbc0038I Pass  28: suminf.    0.78009 (5) obj. 2.73512e+06 iterations 15
Cbc0038I Pass  29: suminf.    0.06606 (1) obj. 2.73512e+06 iterations 5
Cbc0038I Pass  30: suminf.    0.75741 (2) obj. 2.73512e+06 iterations 4
Cbc0038I Pass  31: suminf.    0.11943 (1) obj. 2.73512e+06 iterations 3
Cbc0038I Pass  32: suminf.    0.93622 (3) obj. 2.73512e+06 iterations 25
Cbc0038I Pass  33: suminf.    0.45272 (2) obj. 2.73512e+06 iterations 1
Cbc0038I No solution found this major pass
Cbc0038I Before mini branch and bound, 3 integers at bound fixed and 72 continuous
Cbc0038I Full problem 113 rows 155 columns, reduced to 15 rows 20 columns
Cbc0038I Mini branch and bound did not improve solution (0.03 seconds)
Cbc0038I After 0.03 seconds - Feasibility pump exiting with objective of 2.73513e+06 - took 0.02 seconds
Cbc0012I Integer solution of 2735131.3 found by feasibility pump after 0 iterations and 0 nodes (0.03 seconds)
Cbc0038I Full problem 113 rows 155 columns, reduced to 63 rows 100 columns
Cbc0012I Integer solution of 2735110.9 found by DiveCoefficient after 159 iterations and 0 nodes (0.07 seconds)
Cbc0031I 7 added rows had average density of 13.714286
Cbc0013I At root node, 7 cuts changed objective from 2735054.6 to 2735110.9 in 36 passes
Cbc0014I Cut generator 0 (Probing) - 0 row cuts average 0.0 elements, 0 column cuts (0 active)  in 0.003 seconds - new frequency is -100
Cbc0014I Cut generator 1 (Gomory) - 82 row cuts average 25.7 elements, 0 column cuts (0 active)  in 0.006 seconds - new frequency is 1
Cbc0014I Cut generator 2 (Knapsack) - 0 row cuts average 0.0 elements, 0 column cuts (0 active)  in 0.006 seconds - new frequency is -100
Cbc0014I Cut generator 3 (Clique) - 0 row cuts average 0.0 elements, 0 column cuts (0 active)  in 0.000 seconds - new frequency is -100
Cbc0014I Cut generator 4 (MixedIntegerRounding2) - 1 row cuts average 3.0 elements, 0 column cuts (0 active)  in 0.001 seconds - new frequency is -100
Cbc0014I Cut generator 5 (FlowCover) - 0 row cuts average 0.0 elements, 0 column cuts (0 active)  in 0.002 seconds - new frequency is -100
Cbc0014I Cut generator 6 (TwoMirCuts) - 23 row cuts average 12.0 elements, 0 column cuts (0 active)  in 0.005 seconds - new frequency is -100
Cbc0001I Search completed - best objective 2735110.894736738, took 160 iterations and 0 nodes (0.07 seconds)
Cbc0032I Strong branching done 4 times (14 iterations), fathomed 1 nodes and fixed 0 variables
Cbc0035I Maximum depth 0, 0 variables fixed on reduced cost
Cuts at root node changed objective from 2.73505e+06 to 2.73511e+06
Probing was tried 36 times and created 0 cuts of which 0 were active after adding rounds of cuts (0.003 seconds)
Gomory was tried 36 times and created 82 cuts of which 0 were active after adding rounds of cuts (0.006 seconds)
Knapsack was tried 36 times and created 0 cuts of which 0 were active after adding rounds of cuts (0.006 seconds)
Clique was tried 36 times and created 0 cuts of which 0 were active after adding rounds of cuts (0.000 seconds)
MixedIntegerRounding2 was tried 36 times and created 1 cuts of which 0 were active after adding rounds of cuts (0.001 seconds)
FlowCover was tried 36 times and created 0 cuts of which 0 were active after adding rounds of cuts (0.002 seconds)
TwoMirCuts was tried 36 times and created 23 cuts of which 0 were active after adding rounds of cuts (0.005 seconds)
ZeroHalf was tried 1 times and created 0 cuts of which 0 were active after adding rounds of cuts (0.000 seconds)

Result - Optimal solution found

Objective value:                2735110.89473674
Enumerated nodes:               0
Total iterations:               160
Time (CPU seconds):             0.07
Time (Wallclock seconds):       0.07

Option for printingOptions changed from normal to all
Total time (CPU seconds):       0.10   (Wallclock seconds):       0.10

