Welcome to the CBC MILP Solver 
Version: 2.10.3 
Build Date: Dec 15 2019 

command line - E:\dachuang\.venv\Lib\site-packages\pulp\apis\../solverdir/cbc/win/i64/cbc.exe model.mps -primalTolerance 1e-9 -integerTolerance 1e-9 -ratioGap 0 -allowableGap 0 -threads 0 -branch -printingOptions all -solution solution.txt -saveSolution solution.bin -quit (default strategy 1)
At line 2 NAME          MODEL
At line 3 ROWS
At line 317 COLUMNS
At line 1133 RHS
At line 1446 BOUNDS
At line 1521 ENDATA
Problem MODEL has 312 rows, 241 columns and 647 elements
Coin0008I MODEL read with 0 errors
primalTolerance was changed from 1e-07 to 1e-09
integerTolerance was changed from 1e-07 to 1e-09
ratioGap was changed from 0 to 0
allowableGap was changed from 1e-10 to 0
Continuous objective value is 2.46597e+06 - 0.00 seconds
Cgl0003I 0 fixed, 0 tightened bounds, 2 strengthened rows, 0 substitutions
Cgl0004I processed model has 115 rows, 159 columns (24 integer (24 of which binary)) and 336 elements
Cbc0038I Initial state - 9 integers unsatisfied sum - 3.00782
Cbc0038I Pass   1: suminf.    0.00000 (0) obj. 2.52447e+06 iterations 15
Cbc0038I Solution found of 2.52447e+06
Cbc0038I Relaxing continuous gives 2.46985e+06
Cbc0038I Before mini branch and bound, 15 integers at bound fixed and 92 continuous
Cbc0038I Full problem 115 rows 159 columns, reduced to 12 rows 13 columns
Cbc0038I Mini branch and bound improved solution from 2.46985e+06 to 2.46655e+06 (0.01 seconds)
Cbc0038I Round again with cutoff of 2.46649e+06
Cbc0038I Pass   2: suminf.    0.43036 (2) obj. 2.46649e+06 iterations 5
Cbc0038I Pass   3: suminf.    0.00000 (0) obj. 2.46649e+06 iterations 12
Cbc0038I Solution found of 2.46649e+06
Cbc0038I Relaxing continuous gives 2.46636e+06
Cbc0038I Before mini branch and bound, 15 integers at bound fixed and 87 continuous
Cbc0038I Full problem 115 rows 159 columns, reduced to 20 rows 27 columns
Cbc0038I Mini branch and bound improved solution from 2.46636e+06 to 2.46609e+06 (0.01 seconds)
Cbc0038I Round again with cutoff of 2.46606e+06
Cbc0038I Pass   4: suminf.    0.58197 (4) obj. 2.46606e+06 iterations 7
Cbc0038I Pass   5: suminf.    0.56739 (2) obj. 2.46606e+06 iterations 2
Cbc0038I Pass   6: suminf.    0.41507 (3) obj. 2.46606e+06 iterations 10
Cbc0038I Pass   7: suminf.    0.29986 (1) obj. 2.46606e+06 iterations 4
Cbc0038I Pass   8: suminf.    0.11546 (1) obj. 2.46606e+06 iterations 1
Cbc0038I Pass   9: suminf.    0.35546 (2) obj. 2.46606e+06 iterations 4
Cbc0038I Pass  10: suminf.    0.11546 (1) obj. 2.46606e+06 iterations 1
Cbc0038I Pass  11: suminf.    0.29986 (1) obj. 2.46606e+06 iterations 1
Cbc0038I Pass  12: suminf.    0.47805 (2) obj. 2.46606e+06 iterations 5
Cbc0038I Pass  13: suminf.    0.11546 (1) obj. 2.46606e+06 iterations 3
Cbc0038I Pass  14: suminf.    0.29986 (1) obj. 2.46606e+06 iterations 1
Cbc0038I Pass  15: suminf.    0.61568 (5) obj. 2.46606e+06 iterations 22
Cbc0038I Pass  16: suminf.    0.31607 (3) obj. 2.46606e+06 iterations 11
Cbc0038I Pass  17: suminf.    0.31607 (3) obj. 2.46606e+06 iterations 0
Cbc0038I Pass  18: suminf.    0.29986 (1) obj. 2.46606e+06 iterations 5
Cbc0038I Pass  19: suminf.    0.11546 (1) obj. 2.46606e+06 iterations 1
Cbc0038I Pass  20: suminf.    1.21357 (4) obj. 2.46606e+06 iterations 16
Cbc0038I Pass  21: suminf.    0.41507 (4) obj. 2.46606e+06 iterations 2
Cbc0038I Pass  22: suminf.    0.41507 (4) obj. 2.46606e+06 iterations 0
Cbc0038I Pass  23: suminf.    0.61568 (4) obj. 2.46606e+06 iterations 8
Cbc0038I Pass  24: suminf.    0.41507 (3) obj. 2.46606e+06 iterations 7
Cbc0038I Pass  25: suminf.    0.43043 (2) obj. 2.46606e+06 iterations 6
Cbc0038I Pass  26: suminf.    0.41507 (2) obj. 2.46606e+06 iterations 1
Cbc0038I Pass  27: suminf.    1.06422 (4) obj. 2.46606e+06 iterations 6
Cbc0038I Pass  28: suminf.    1.01633 (6) obj. 2.46606e+06 iterations 16
Cbc0038I Pass  29: suminf.    0.33038 (4) obj. 2.46606e+06 iterations 2
Cbc0038I Pass  30: suminf.    0.41507 (4) obj. 2.46606e+06 iterations 7
Cbc0038I Pass  31: suminf.    0.41507 (3) obj. 2.46606e+06 iterations 1
Cbc0038I Pass  32: suminf.    0.43043 (2) obj. 2.46606e+06 iterations 6
Cbc0038I Pass  33: suminf.    0.41507 (2) obj. 2.46606e+06 iterations 1
Cbc0038I No solution found this major pass
Cbc0038I Before mini branch and bound, 1 integers at bound fixed and 67 continuous
Cbc0038I Full problem 115 rows 159 columns, reduced to 23 rows 31 columns
Cbc0038I Mini branch and bound did not improve solution (0.03 seconds)
Cbc0038I After 0.03 seconds - Feasibility pump exiting with objective of 2.46609e+06 - took 0.02 seconds
Cbc0012I Integer solution of 2466086.5 found by feasibility pump after 0 iterations and 0 nodes (0.03 seconds)
Cbc0038I Full problem 115 rows 159 columns, reduced to 71 rows 112 columns
Cbc0031I 10 added rows had average density of 24
Cbc0013I At root node, 10 cuts changed objective from 2465965.5 to 2466024.5 in 100 passes
Cbc0014I Cut generator 0 (Probing) - 1 row cuts average 2.0 elements, 1 column cuts (1 active)  in 0.010 seconds - new frequency is -100
Cbc0014I Cut generator 1 (Gomory) - 420 row cuts average 31.9 elements, 0 column cuts (0 active)  in 0.009 seconds - new frequency is 1
Cbc0014I Cut generator 2 (Knapsack) - 0 row cuts average 0.0 elements, 0 column cuts (0 active)  in 0.020 seconds - new frequency is -100
Cbc0014I Cut generator 3 (Clique) - 0 row cuts average 0.0 elements, 0 column cuts (0 active)  in 0.001 seconds - new frequency is -100
Cbc0014I Cut generator 4 (MixedIntegerRounding2) - 0 row cuts average 0.0 elements, 0 column cuts (0 active)  in 0.008 seconds - new frequency is -100
Cbc0014I Cut generator 5 (FlowCover) - 0 row cuts average 0.0 elements, 0 column cuts (0 active)  in 0.011 seconds - new frequency is -100
Cbc0014I Cut generator 6 (TwoMirCuts) - 28 row cuts average 8.3 elements, 0 column cuts (0 active)  in 0.003 seconds - new frequency is -100
Cbc0010I After 0 nodes, 1 on tree, 2466086.5 best solution, best possible 2466024.5 (0.16 seconds)
Cbc0001I Search completed - best objective 2466086.477342, took 1209 iterations and 6 nodes (0.18 seconds)
Cbc0032I Strong branching done 40 times (182 iterations), fathomed 3 nodes and fixed 1 variables
Cbc0035I Maximum depth 1, 0 variables fixed on reduced cost
Cuts at root node changed objective from 2.46597e+06 to 2.46602e+06
Probing was tried 100 times and created 2 cuts of which 0 were active after adding rounds of cuts (0.010 seconds)
Gomory was tried 136 times and created 491 cuts of which 0 were active after adding rounds of cuts (0.010 seconds)
Knapsack was tried 100 times and created 0 cuts of which 0 were active after adding rounds of cuts (0.020 seconds)
Clique was tried 100 times and created 0 cuts of which 0 were active after adding rounds of cuts (0.001 seconds)
MixedIntegerRounding2 was tried 100 times and created 0 cuts of which 0 were active after adding rounds of cuts (0.008 seconds)
FlowCover was tried 100 times and created 0 cuts of which 0 were active after adding rounds of cuts (0.011 seconds)
TwoMirCuts was tried 100 times and created 28 cuts of which 0 were active after adding rounds of cuts (0.003 seconds)
ZeroHalf was tried 1 times and created 0 cuts of which 0 were active after adding rounds of cuts (0.000 seconds)

Result - Optimal solution found

Objective value:                2466086.47734200
Enumerated nodes:               6
Total iterations:               1209
Time (CPU seconds):             0.18
Time (Wallclock seconds):       0.18

Option for printingOptions changed from normal to all
Total time (CPU seconds):       0.21   (Wallclock seconds):       0.21

