Welcome to the CBC MILP Solver 
Version: 2.10.3 
Build Date: Dec 15 2019 

command line - E:\dachuang\.venv\Lib\site-packages\pulp\apis\../solverdir/cbc/win/i64/cbc.exe model.mps -primalTolerance 1e-9 -integerTolerance 1e-9 -ratioGap 0 -allowableGap 0 -threads 0 -branch -printingOptions all -solution solution.txt -saveSolution solution.bin -quit (default strategy 1)
At line 2 NAME          MODEL
At line 3 ROWS
At line 317 COLUMNS
At line 1133 RHS
At line 1446 BOUNDS
At line 1521 ENDATA
Problem MODEL has 312 rows, 241 columns and 647 elements
Coin0008I MODEL read with 0 errors
primalTolerance was changed from 1e-07 to 1e-09
integerTolerance was changed from 1e-07 to 1e-09
ratioGap was changed from 0 to 0
allowableGap was changed from 1e-10 to 0
Continuous objective value is 1.84037e+06 - 0.00 seconds
Cgl0003I 0 fixed, 0 tightened bounds, 3 strengthened rows, 0 substitutions
Cgl0004I processed model has 115 rows, 159 columns (24 integer (24 of which binary)) and 336 elements
Cbc0038I Initial state - 12 integers unsatisfied sum - 3.28057
Cbc0038I Pass   1: suminf.    0.00000 (0) obj. 1.91175e+06 iterations 18
Cbc0038I Solution found of 1.91175e+06
Cbc0038I Relaxing continuous gives 1.86835e+06
Cbc0038I Before mini branch and bound, 12 integers at bound fixed and 81 continuous
Cbc0038I Full problem 115 rows 159 columns, reduced to 13 rows 15 columns
Cbc0038I Mini branch and bound improved solution from 1.86835e+06 to 1.841e+06 (0.01 seconds)
Cbc0038I Freeing continuous variables gives a solution of 1.841e+06
Cbc0038I Round again with cutoff of 1.84094e+06
Cbc0038I Pass   2: suminf.    0.54241 (4) obj. 1.84094e+06 iterations 8
Cbc0038I Pass   3: suminf.    0.00000 (0) obj. 1.84094e+06 iterations 14
Cbc0038I Solution found of 1.84094e+06
Cbc0038I Relaxing continuous gives 1.84081e+06
Cbc0038I Before mini branch and bound, 12 integers at bound fixed and 80 continuous
Cbc0038I Full problem 115 rows 159 columns, reduced to 20 rows 26 columns
Cbc0038I Mini branch and bound improved solution from 1.84081e+06 to 1.84058e+06 (0.02 seconds)
Cbc0038I Freeing continuous variables gives a solution of 1.84058e+06
Cbc0038I Round again with cutoff of 1.84054e+06
Cbc0038I Pass   4: suminf.    1.26565 (7) obj. 1.84054e+06 iterations 4
Cbc0038I Pass   5: suminf.    1.26565 (7) obj. 1.84054e+06 iterations 7
Cbc0038I Pass   6: suminf.    1.20423 (4) obj. 1.84054e+06 iterations 9
Cbc0038I Pass   7: suminf.    0.99923 (3) obj. 1.84054e+06 iterations 2
Cbc0038I Pass   8: suminf.    0.98395 (4) obj. 1.84054e+06 iterations 11
Cbc0038I Pass   9: suminf.    0.52194 (3) obj. 1.84054e+06 iterations 9
Cbc0038I Pass  10: suminf.    0.44795 (2) obj. 1.84054e+06 iterations 2
Cbc0038I Pass  11: suminf.    0.51833 (2) obj. 1.84054e+06 iterations 2
Cbc0038I Pass  12: suminf.    0.72287 (4) obj. 1.84054e+06 iterations 13
Cbc0038I Pass  13: suminf.    0.71787 (3) obj. 1.84054e+06 iterations 1
Cbc0038I Pass  14: suminf.    0.62556 (3) obj. 1.84054e+06 iterations 4
Cbc0038I Pass  15: suminf.    0.62556 (3) obj. 1.84054e+06 iterations 1
Cbc0038I Pass  16: suminf.    0.64445 (3) obj. 1.84054e+06 iterations 4
Cbc0038I Pass  17: suminf.    0.58417 (3) obj. 1.84054e+06 iterations 4
Cbc0038I Pass  18: suminf.    0.57917 (2) obj. 1.84054e+06 iterations 1
Cbc0038I Pass  19: suminf.    0.62556 (3) obj. 1.84054e+06 iterations 3
Cbc0038I Pass  20: suminf.    0.62556 (3) obj. 1.84054e+06 iterations 1
Cbc0038I Pass  21: suminf.    0.64445 (3) obj. 1.84054e+06 iterations 4
Cbc0038I Pass  22: suminf.    0.58417 (3) obj. 1.84054e+06 iterations 4
Cbc0038I Pass  23: suminf.    0.57917 (2) obj. 1.84054e+06 iterations 1
Cbc0038I Pass  24: suminf.    0.62556 (3) obj. 1.84054e+06 iterations 3
Cbc0038I Pass  25: suminf.    0.62556 (3) obj. 1.84054e+06 iterations 1
Cbc0038I Pass  26: suminf.    0.64445 (3) obj. 1.84054e+06 iterations 4
Cbc0038I Pass  27: suminf.    0.58417 (3) obj. 1.84054e+06 iterations 4
Cbc0038I Pass  28: suminf.    0.57917 (2) obj. 1.84054e+06 iterations 1
Cbc0038I Pass  29: suminf.    0.62556 (3) obj. 1.84054e+06 iterations 3
Cbc0038I Pass  30: suminf.    0.62556 (3) obj. 1.84054e+06 iterations 1
Cbc0038I Pass  31: suminf.    0.64445 (3) obj. 1.84054e+06 iterations 4
Cbc0038I Pass  32: suminf.    0.58417 (3) obj. 1.84054e+06 iterations 4
Cbc0038I Pass  33: suminf.    0.57917 (2) obj. 1.84054e+06 iterations 1
Cbc0038I No solution found this major pass
Cbc0038I Before mini branch and bound, 6 integers at bound fixed and 69 continuous
Cbc0038I Full problem 115 rows 159 columns, reduced to 31 rows 42 columns
Cbc0038I Mini branch and bound did not improve solution (0.03 seconds)
Cbc0038I After 0.03 seconds - Feasibility pump exiting with objective of 1.84058e+06 - took 0.03 seconds
Cbc0012I Integer solution of 1840579.5 found by feasibility pump after 0 iterations and 0 nodes (0.04 seconds)
Cbc0038I Full problem 115 rows 159 columns, reduced to 82 rows 122 columns
Cbc0031I 14 added rows had average density of 24.928571
Cbc0013I At root node, 14 cuts changed objective from 1840393.3 to 1840560.3 in 100 passes
Cbc0014I Cut generator 0 (Probing) - 1 row cuts average 2.0 elements, 1 column cuts (1 active)  in 0.015 seconds - new frequency is -100
Cbc0014I Cut generator 1 (Gomory) - 472 row cuts average 40.3 elements, 0 column cuts (0 active)  in 0.013 seconds - new frequency is 1
Cbc0014I Cut generator 2 (Knapsack) - 0 row cuts average 0.0 elements, 0 column cuts (0 active)  in 0.019 seconds - new frequency is -100
Cbc0014I Cut generator 3 (Clique) - 0 row cuts average 0.0 elements, 0 column cuts (0 active)  in 0.001 seconds - new frequency is -100
Cbc0014I Cut generator 4 (MixedIntegerRounding2) - 7 row cuts average 5.1 elements, 0 column cuts (0 active)  in 0.011 seconds - new frequency is -100
Cbc0014I Cut generator 5 (FlowCover) - 0 row cuts average 0.0 elements, 0 column cuts (0 active)  in 0.016 seconds - new frequency is -100
Cbc0014I Cut generator 6 (TwoMirCuts) - 34 row cuts average 10.1 elements, 0 column cuts (0 active)  in 0.006 seconds - new frequency is -100
Cbc0010I After 0 nodes, 1 on tree, 1840579.5 best solution, best possible 1840560.3 (0.19 seconds)
Cbc0001I Search completed - best objective 1840579.498236731, took 1316 iterations and 14 nodes (0.22 seconds)
Cbc0032I Strong branching done 62 times (257 iterations), fathomed 2 nodes and fixed 8 variables
Cbc0035I Maximum depth 2, 2 variables fixed on reduced cost
Cuts at root node changed objective from 1.84039e+06 to 1.84056e+06
Probing was tried 100 times and created 2 cuts of which 0 were active after adding rounds of cuts (0.015 seconds)
Gomory was tried 127 times and created 521 cuts of which 0 were active after adding rounds of cuts (0.013 seconds)
Knapsack was tried 100 times and created 0 cuts of which 0 were active after adding rounds of cuts (0.019 seconds)
Clique was tried 100 times and created 0 cuts of which 0 were active after adding rounds of cuts (0.001 seconds)
MixedIntegerRounding2 was tried 100 times and created 7 cuts of which 0 were active after adding rounds of cuts (0.011 seconds)
FlowCover was tried 100 times and created 0 cuts of which 0 were active after adding rounds of cuts (0.016 seconds)
TwoMirCuts was tried 100 times and created 34 cuts of which 0 were active after adding rounds of cuts (0.006 seconds)
ZeroHalf was tried 1 times and created 0 cuts of which 0 were active after adding rounds of cuts (0.000 seconds)

Result - Optimal solution found

Objective value:                1840579.49823673
Enumerated nodes:               14
Total iterations:               1316
Time (CPU seconds):             0.22
Time (Wallclock seconds):       0.22

Option for printingOptions changed from normal to all
Total time (CPU seconds):       0.25   (Wallclock seconds):       0.25

