Welcome to the CBC MILP Solver 
Version: 2.10.3 
Build Date: Dec 15 2019 

command line - E:\dachuang\.venv\Lib\site-packages\pulp\apis\../solverdir/cbc/win/i64/cbc.exe model.mps -primalTolerance 1e-9 -integerTolerance 1e-9 -ratioGap 0 -allowableGap 0 -threads 0 -branch -printingOptions all -solution solution.txt -saveSolution solution.bin -quit (default strategy 1)
At line 2 NAME          MODEL
At line 3 ROWS
At line 317 COLUMNS
At line 1133 RHS
At line 1446 BOUNDS
At line 1521 ENDATA
Problem MODEL has 312 rows, 241 columns and 647 elements
Coin0008I MODEL read with 0 errors
primalTolerance was changed from 1e-07 to 1e-09
integerTolerance was changed from 1e-07 to 1e-09
ratioGap was changed from 0 to 0
allowableGap was changed from 1e-10 to 0
Continuous objective value is 3.67563e+06 - 0.00 seconds
Cgl0003I 0 fixed, 0 tightened bounds, 2 strengthened rows, 0 substitutions
Cgl0004I processed model has 112 rows, 153 columns (24 integer (24 of which binary)) and 321 elements
Cbc0038I Initial state - 6 integers unsatisfied sum - 2.52168
Cbc0038I Pass   1: suminf.    0.00000 (0) obj. 3.67622e+06 iterations 13
Cbc0038I Solution found of 3.67622e+06
Cbc0038I Relaxing continuous gives 3.67622e+06
Cbc0038I Before mini branch and bound, 18 integers at bound fixed and 91 continuous
Cbc0038I Full problem 112 rows 153 columns, reduced to 8 rows 8 columns
Cbc0038I Mini branch and bound did not improve solution (0.01 seconds)
Cbc0038I Round again with cutoff of 3.67616e+06
Cbc0038I Pass   2: suminf.    0.25217 (1) obj. 3.67616e+06 iterations 1
Cbc0038I Pass   3: suminf.    0.00000 (0) obj. 3.67616e+06 iterations 5
Cbc0038I Solution found of 3.67616e+06
Cbc0038I Relaxing continuous gives 3.67608e+06
Cbc0038I Before mini branch and bound, 18 integers at bound fixed and 86 continuous
Cbc0038I Full problem 112 rows 153 columns, reduced to 17 rows 23 columns
Cbc0038I Mini branch and bound improved solution from 3.67608e+06 to 3.67584e+06 (0.01 seconds)
Cbc0038I Round again with cutoff of 3.6758e+06
Cbc0038I Pass   4: suminf.    0.30355 (3) obj. 3.6758e+06 iterations 5
Cbc0038I Pass   5: suminf.    0.27883 (1) obj. 3.6758e+06 iterations 3
Cbc0038I Pass   6: suminf.    0.29276 (2) obj. 3.6758e+06 iterations 4
Cbc0038I Pass   7: suminf.    0.92302 (4) obj. 3.6758e+06 iterations 7
Cbc0038I Pass   8: suminf.    0.96841 (3) obj. 3.6758e+06 iterations 8
Cbc0038I Pass   9: suminf.    0.31926 (3) obj. 3.6758e+06 iterations 1
Cbc0038I Pass  10: suminf.    1.07698 (3) obj. 3.6758e+06 iterations 4
Cbc0038I Pass  11: suminf.    1.13882 (4) obj. 3.6758e+06 iterations 5
Cbc0038I Pass  12: suminf.    0.31926 (3) obj. 3.6758e+06 iterations 2
Cbc0038I Pass  13: suminf.    1.07698 (3) obj. 3.6758e+06 iterations 4
Cbc0038I Pass  14: suminf.    0.48967 (4) obj. 3.6758e+06 iterations 6
Cbc0038I Pass  15: suminf.    0.31926 (3) obj. 3.6758e+06 iterations 1
Cbc0038I Pass  16: suminf.    1.07698 (3) obj. 3.6758e+06 iterations 4
Cbc0038I Pass  17: suminf.    1.56534 (5) obj. 3.6758e+06 iterations 13
Cbc0038I Pass  18: suminf.    0.89388 (2) obj. 3.6758e+06 iterations 4
Cbc0038I Pass  19: suminf.    0.92302 (3) obj. 3.6758e+06 iterations 3
Cbc0038I Pass  20: suminf.    0.92302 (3) obj. 3.6758e+06 iterations 0
Cbc0038I Pass  21: suminf.    0.31926 (2) obj. 3.6758e+06 iterations 6
Cbc0038I Pass  22: suminf.    0.31926 (2) obj. 3.6758e+06 iterations 0
Cbc0038I Pass  23: suminf.    0.32534 (2) obj. 3.6758e+06 iterations 3
Cbc0038I Pass  24: suminf.    1.07698 (3) obj. 3.6758e+06 iterations 15
Cbc0038I Pass  25: suminf.    0.31926 (3) obj. 3.6758e+06 iterations 2
Cbc0038I Pass  26: suminf.    1.07698 (3) obj. 3.6758e+06 iterations 4
Cbc0038I Pass  27: suminf.    0.89206 (4) obj. 3.6758e+06 iterations 23
Cbc0038I Pass  28: suminf.    0.33816 (1) obj. 3.6758e+06 iterations 2
Cbc0038I Pass  29: suminf.    0.00000 (0) obj. 3.6758e+06 iterations 4
Cbc0038I Solution found of 3.6758e+06
Cbc0038I Relaxing continuous gives 3.67576e+06
Cbc0038I Before mini branch and bound, 5 integers at bound fixed and 73 continuous
Cbc0038I Full problem 112 rows 153 columns, reduced to 21 rows 27 columns
Cbc0038I Mini branch and bound did not improve solution (0.03 seconds)
Cbc0038I Round again with cutoff of 3.67572e+06
Cbc0038I Pass  30: suminf.    0.66368 (3) obj. 3.67572e+06 iterations 1
Cbc0038I Pass  31: suminf.    0.64055 (3) obj. 3.67572e+06 iterations 4
Cbc0038I Pass  32: suminf.    1.02881 (4) obj. 3.67572e+06 iterations 7
Cbc0038I Pass  33: suminf.    0.66705 (3) obj. 3.67572e+06 iterations 5
Cbc0038I Pass  34: suminf.    1.36744 (4) obj. 3.67572e+06 iterations 5
Cbc0038I Pass  35: suminf.    0.71830 (4) obj. 3.67572e+06 iterations 1
Cbc0038I Pass  36: suminf.    0.76413 (3) obj. 3.67572e+06 iterations 5
Cbc0038I Pass  37: suminf.    0.68337 (3) obj. 3.67572e+06 iterations 3
Cbc0038I Pass  38: suminf.    0.66705 (3) obj. 3.67572e+06 iterations 2
Cbc0038I Pass  39: suminf.    1.36744 (4) obj. 3.67572e+06 iterations 5
Cbc0038I Pass  40: suminf.    0.71830 (4) obj. 3.67572e+06 iterations 1
Cbc0038I Pass  41: suminf.    0.76413 (3) obj. 3.67572e+06 iterations 5
Cbc0038I Pass  42: suminf.    0.68337 (3) obj. 3.67572e+06 iterations 3
Cbc0038I Pass  43: suminf.    0.66705 (3) obj. 3.67572e+06 iterations 2
Cbc0038I Pass  44: suminf.    1.36744 (4) obj. 3.67572e+06 iterations 5
Cbc0038I Pass  45: suminf.    0.71830 (4) obj. 3.67572e+06 iterations 1
Cbc0038I Pass  46: suminf.    0.76413 (3) obj. 3.67572e+06 iterations 5
Cbc0038I Pass  47: suminf.    0.68337 (3) obj. 3.67572e+06 iterations 3
Cbc0038I Pass  48: suminf.    0.66705 (3) obj. 3.67572e+06 iterations 2
Cbc0038I Pass  49: suminf.    1.36744 (4) obj. 3.67572e+06 iterations 5
Cbc0038I Pass  50: suminf.    0.71830 (4) obj. 3.67572e+06 iterations 1
Cbc0038I Pass  51: suminf.    0.76413 (3) obj. 3.67572e+06 iterations 5
Cbc0038I Pass  52: suminf.    0.68337 (3) obj. 3.67572e+06 iterations 3
Cbc0038I Pass  53: suminf.    0.66705 (3) obj. 3.67572e+06 iterations 2
Cbc0038I Pass  54: suminf.    1.36744 (4) obj. 3.67572e+06 iterations 5
Cbc0038I Pass  55: suminf.    0.71830 (4) obj. 3.67572e+06 iterations 1
Cbc0038I Pass  56: suminf.    0.76413 (3) obj. 3.67572e+06 iterations 5
Cbc0038I Pass  57: suminf.    0.68337 (3) obj. 3.67572e+06 iterations 3
Cbc0038I Pass  58: suminf.    0.66705 (3) obj. 3.67572e+06 iterations 2
Cbc0038I Pass  59: suminf.    1.36744 (4) obj. 3.67572e+06 iterations 5
Cbc0038I No solution found this major pass
Cbc0038I Before mini branch and bound, 18 integers at bound fixed and 87 continuous
Cbc0038I Full problem 112 rows 153 columns, reduced to 18 rows 23 columns
Cbc0038I Mini branch and bound did not improve solution (0.04 seconds)
Cbc0038I After 0.04 seconds - Feasibility pump exiting with objective of 3.67576e+06 - took 0.03 seconds
Cbc0012I Integer solution of 3675755.6 found by feasibility pump after 0 iterations and 0 nodes (0.04 seconds)
Cbc0038I Full problem 112 rows 153 columns, reduced to 83 rows 121 columns
Cbc0031I 7 added rows had average density of 18.428571
Cbc0013I At root node, 7 cuts changed objective from 3675634.5 to 3675728.4 in 100 passes
Cbc0014I Cut generator 0 (Probing) - 1 row cuts average 2.0 elements, 2 column cuts (2 active)  in 0.009 seconds - new frequency is -100
Cbc0014I Cut generator 1 (Gomory) - 242 row cuts average 30.7 elements, 0 column cuts (0 active)  in 0.005 seconds - new frequency is 1
Cbc0014I Cut generator 2 (Knapsack) - 0 row cuts average 0.0 elements, 0 column cuts (0 active)  in 0.022 seconds - new frequency is -100
Cbc0014I Cut generator 3 (Clique) - 0 row cuts average 0.0 elements, 0 column cuts (0 active)  in 0.000 seconds - new frequency is -100
Cbc0014I Cut generator 4 (MixedIntegerRounding2) - 0 row cuts average 0.0 elements, 0 column cuts (0 active)  in 0.005 seconds - new frequency is -100
Cbc0014I Cut generator 5 (FlowCover) - 0 row cuts average 0.0 elements, 0 column cuts (0 active)  in 0.013 seconds - new frequency is -100
Cbc0014I Cut generator 6 (TwoMirCuts) - 21 row cuts average 11.9 elements, 0 column cuts (0 active)  in 0.003 seconds - new frequency is -100
Cbc0010I After 0 nodes, 1 on tree, 3675755.6 best solution, best possible 3675728.4 (0.15 seconds)
Cbc0001I Search completed - best objective 3675755.628808759, took 731 iterations and 4 nodes (0.16 seconds)
Cbc0032I Strong branching done 14 times (57 iterations), fathomed 1 nodes and fixed 2 variables
Cbc0035I Maximum depth 1, 0 variables fixed on reduced cost
Cuts at root node changed objective from 3.67563e+06 to 3.67573e+06
Probing was tried 100 times and created 3 cuts of which 0 were active after adding rounds of cuts (0.009 seconds)
Gomory was tried 108 times and created 255 cuts of which 0 were active after adding rounds of cuts (0.005 seconds)
Knapsack was tried 100 times and created 0 cuts of which 0 were active after adding rounds of cuts (0.022 seconds)
Clique was tried 100 times and created 0 cuts of which 0 were active after adding rounds of cuts (0.000 seconds)
MixedIntegerRounding2 was tried 100 times and created 0 cuts of which 0 were active after adding rounds of cuts (0.005 seconds)
FlowCover was tried 100 times and created 0 cuts of which 0 were active after adding rounds of cuts (0.013 seconds)
TwoMirCuts was tried 100 times and created 21 cuts of which 0 were active after adding rounds of cuts (0.003 seconds)
ZeroHalf was tried 1 times and created 0 cuts of which 0 were active after adding rounds of cuts (0.000 seconds)

Result - Optimal solution found

Objective value:                3675755.62880876
Enumerated nodes:               4
Total iterations:               731
Time (CPU seconds):             0.16
Time (Wallclock seconds):       0.16

Option for printingOptions changed from normal to all
Total time (CPU seconds):       0.18   (Wallclock seconds):       0.18

