Welcome to the CBC MILP Solver 
Version: 2.10.3 
Build Date: Dec 15 2019 

command line - E:\dachuang\.venv\Lib\site-packages\pulp\apis\../solverdir/cbc/win/i64/cbc.exe model.mps -primalTolerance 1e-9 -integerTolerance 1e-9 -ratioGap 0 -allowableGap 0 -threads 0 -branch -printingOptions all -solution solution.txt -saveSolution solution.bin -quit (default strategy 1)
At line 2 NAME          MODEL
At line 3 ROWS
At line 317 COLUMNS
At line 1133 RHS
At line 1446 BOUNDS
At line 1521 ENDATA
Problem MODEL has 312 rows, 241 columns and 647 elements
Coin0008I MODEL read with 0 errors
primalTolerance was changed from 1e-07 to 1e-09
integerTolerance was changed from 1e-07 to 1e-09
ratioGap was changed from 0 to 0
allowableGap was changed from 1e-10 to 0
Continuous objective value is 2.4449e+06 - 0.00 seconds
Cgl0003I 0 fixed, 0 tightened bounds, 3 strengthened rows, 0 substitutions
Cgl0004I processed model has 114 rows, 155 columns (24 integer (24 of which binary)) and 329 elements
Cbc0038I Initial state - 8 integers unsatisfied sum - 2.58742
Cbc0038I Pass   1: suminf.    0.00000 (0) obj. 2.44551e+06 iterations 14
Cbc0038I Solution found of 2.44551e+06
Cbc0038I Relaxing continuous gives 2.44551e+06
Cbc0038I Before mini branch and bound, 16 integers at bound fixed and 91 continuous
Cbc0038I Full problem 114 rows 155 columns, reduced to 8 rows 8 columns
Cbc0038I Mini branch and bound did not improve solution (0.01 seconds)
Cbc0038I Round again with cutoff of 2.44545e+06
Cbc0038I Pass   2: suminf.    0.25245 (1) obj. 2.44545e+06 iterations 2
Cbc0038I Pass   3: suminf.    0.00000 (0) obj. 2.44545e+06 iterations 9
Cbc0038I Solution found of 2.44545e+06
Cbc0038I Relaxing continuous gives 2.44535e+06
Cbc0038I Before mini branch and bound, 16 integers at bound fixed and 84 continuous
Cbc0038I Full problem 114 rows 155 columns, reduced to 19 rows 26 columns
Cbc0038I Mini branch and bound improved solution from 2.44535e+06 to 2.44507e+06 (0.02 seconds)
Cbc0038I Freeing continuous variables gives a solution of 2.44507e+06
Cbc0038I Round again with cutoff of 2.44504e+06
Cbc0038I Pass   4: suminf.    0.47039 (4) obj. 2.44504e+06 iterations 6
Cbc0038I Pass   5: suminf.    0.46819 (3) obj. 2.44504e+06 iterations 3
Cbc0038I Pass   6: suminf.    0.22190 (1) obj. 2.44504e+06 iterations 7
Cbc0038I Pass   7: suminf.    0.16858 (1) obj. 2.44504e+06 iterations 1
Cbc0038I Pass   8: suminf.    1.11691 (4) obj. 2.44504e+06 iterations 9
Cbc0038I Pass   9: suminf.    0.22969 (3) obj. 2.44504e+06 iterations 2
Cbc0038I Pass  10: suminf.    0.22969 (3) obj. 2.44504e+06 iterations 5
Cbc0038I Pass  11: suminf.    0.22969 (3) obj. 2.44504e+06 iterations 0
Cbc0038I Pass  12: suminf.    0.22190 (1) obj. 2.44504e+06 iterations 7
Cbc0038I Pass  13: suminf.    0.16858 (1) obj. 2.44504e+06 iterations 1
Cbc0038I Pass  14: suminf.    0.16858 (1) obj. 2.44504e+06 iterations 7
Cbc0038I Pass  15: suminf.    0.22190 (1) obj. 2.44504e+06 iterations 1
Cbc0038I Pass  16: suminf.    0.16858 (1) obj. 2.44504e+06 iterations 1
Cbc0038I Pass  17: suminf.    2.15416 (7) obj. 2.44504e+06 iterations 22
Cbc0038I Pass  18: suminf.    0.46819 (4) obj. 2.44504e+06 iterations 3
Cbc0038I Pass  19: suminf.    0.46819 (4) obj. 2.44504e+06 iterations 0
Cbc0038I Pass  20: suminf.    0.52929 (3) obj. 2.44504e+06 iterations 7
Cbc0038I Pass  21: suminf.    1.06992 (3) obj. 2.44504e+06 iterations 5
Cbc0038I Pass  22: suminf.    1.02690 (3) obj. 2.44504e+06 iterations 3
Cbc0038I Pass  23: suminf.    1.06992 (3) obj. 2.44504e+06 iterations 3
Cbc0038I Pass  24: suminf.    0.46819 (4) obj. 2.44504e+06 iterations 14
Cbc0038I Pass  25: suminf.    0.46819 (3) obj. 2.44504e+06 iterations 1
Cbc0038I Pass  26: suminf.    0.22190 (1) obj. 2.44504e+06 iterations 8
Cbc0038I Pass  27: suminf.    0.16858 (1) obj. 2.44504e+06 iterations 1
Cbc0038I Pass  28: suminf.    0.62016 (5) obj. 2.44504e+06 iterations 18
Cbc0038I Pass  29: suminf.    0.46819 (3) obj. 2.44504e+06 iterations 2
Cbc0038I Pass  30: suminf.    0.22190 (1) obj. 2.44504e+06 iterations 7
Cbc0038I Pass  31: suminf.    0.16858 (1) obj. 2.44504e+06 iterations 1
Cbc0038I Pass  32: suminf.    1.34319 (6) obj. 2.44504e+06 iterations 21
Cbc0038I Pass  33: suminf.    0.46819 (4) obj. 2.44504e+06 iterations 1
Cbc0038I No solution found this major pass
Cbc0038I Before mini branch and bound, 4 integers at bound fixed and 62 continuous
Cbc0038I Full problem 114 rows 155 columns, reduced to 22 rows 30 columns
Cbc0038I Mini branch and bound improved solution from 2.44507e+06 to 2.44505e+06 (0.03 seconds)
Cbc0038I Round again with cutoff of 2.445e+06
Cbc0038I Pass  33: suminf.    0.63359 (5) obj. 2.445e+06 iterations 2
Cbc0038I Pass  34: suminf.    0.63359 (3) obj. 2.445e+06 iterations 3
Cbc0038I Pass  35: suminf.    0.37118 (1) obj. 2.445e+06 iterations 11
Cbc0038I Pass  36: suminf.    0.33399 (1) obj. 2.445e+06 iterations 1
Cbc0038I Pass  37: suminf.    0.74643 (3) obj. 2.445e+06 iterations 14
Cbc0038I Pass  38: suminf.    0.33399 (1) obj. 2.445e+06 iterations 6
Cbc0038I Pass  39: suminf.    0.37118 (1) obj. 2.445e+06 iterations 1
Cbc0038I Pass  40: suminf.    0.60745 (2) obj. 2.445e+06 iterations 12
Cbc0038I Pass  41: suminf.    0.58642 (2) obj. 2.445e+06 iterations 2
Cbc0038I Pass  42: suminf.    0.74643 (3) obj. 2.445e+06 iterations 11
Cbc0038I Pass  43: suminf.    0.33399 (1) obj. 2.445e+06 iterations 3
Cbc0038I Pass  44: suminf.    0.37118 (1) obj. 2.445e+06 iterations 1
Cbc0038I Pass  45: suminf.    0.78556 (5) obj. 2.445e+06 iterations 9
Cbc0038I Pass  46: suminf.    0.63359 (3) obj. 2.445e+06 iterations 3
Cbc0038I Pass  47: suminf.    0.37118 (1) obj. 2.445e+06 iterations 11
Cbc0038I Pass  48: suminf.    0.33399 (1) obj. 2.445e+06 iterations 1
Cbc0038I Pass  49: suminf.    1.28858 (3) obj. 2.445e+06 iterations 14
Cbc0038I Pass  50: suminf.    0.33399 (1) obj. 2.445e+06 iterations 5
Cbc0038I Pass  51: suminf.    0.37118 (1) obj. 2.445e+06 iterations 1
Cbc0038I Pass  52: suminf.    1.29259 (4) obj. 2.445e+06 iterations 12
Cbc0038I Pass  53: suminf.    0.63359 (4) obj. 2.445e+06 iterations 2
Cbc0038I Pass  54: suminf.    0.63359 (4) obj. 2.445e+06 iterations 0
Cbc0038I Pass  55: suminf.    0.69470 (4) obj. 2.445e+06 iterations 8
Cbc0038I Pass  56: suminf.    0.63359 (3) obj. 2.445e+06 iterations 7
Cbc0038I Pass  57: suminf.    0.63410 (2) obj. 2.445e+06 iterations 10
Cbc0038I Pass  58: suminf.    0.63359 (2) obj. 2.445e+06 iterations 2
Cbc0038I Pass  59: suminf.    1.28274 (4) obj. 2.445e+06 iterations 8
Cbc0038I Pass  60: suminf.    0.63359 (4) obj. 2.445e+06 iterations 9
Cbc0038I Pass  61: suminf.    0.63359 (4) obj. 2.445e+06 iterations 0
Cbc0038I Pass  62: suminf.    0.69470 (4) obj. 2.445e+06 iterations 8
Cbc0038I No solution found this major pass
Cbc0038I Before mini branch and bound, 5 integers at bound fixed and 69 continuous
Cbc0038I Full problem 114 rows 155 columns, reduced to 22 rows 30 columns
Cbc0038I Mini branch and bound did not improve solution (0.04 seconds)
Cbc0038I After 0.04 seconds - Feasibility pump exiting with objective of 2.44505e+06 - took 0.04 seconds
Cbc0012I Integer solution of 2445045.6 found by feasibility pump after 0 iterations and 0 nodes (0.04 seconds)
Cbc0038I Full problem 114 rows 155 columns, reduced to 70 rows 107 columns
Cbc0031I 11 added rows had average density of 34.727273
Cbc0013I At root node, 11 cuts changed objective from 2444923.9 to 2444992.1 in 100 passes
Cbc0014I Cut generator 0 (Probing) - 2 row cuts average 5.0 elements, 0 column cuts (0 active)  in 0.010 seconds - new frequency is -100
Cbc0014I Cut generator 1 (Gomory) - 374 row cuts average 35.6 elements, 0 column cuts (0 active)  in 0.012 seconds - new frequency is 1
Cbc0014I Cut generator 2 (Knapsack) - 0 row cuts average 0.0 elements, 0 column cuts (0 active)  in 0.019 seconds - new frequency is -100
Cbc0014I Cut generator 3 (Clique) - 0 row cuts average 0.0 elements, 0 column cuts (0 active)  in 0.000 seconds - new frequency is -100
Cbc0014I Cut generator 4 (MixedIntegerRounding2) - 5 row cuts average 5.4 elements, 0 column cuts (0 active)  in 0.009 seconds - new frequency is -100
Cbc0014I Cut generator 5 (FlowCover) - 0 row cuts average 0.0 elements, 0 column cuts (0 active)  in 0.020 seconds - new frequency is -100
Cbc0014I Cut generator 6 (TwoMirCuts) - 26 row cuts average 12.5 elements, 0 column cuts (0 active)  in 0.002 seconds - new frequency is -100
Cbc0010I After 0 nodes, 1 on tree, 2445045.6 best solution, best possible 2444992.1 (0.19 seconds)
Cbc0001I Search completed - best objective 2445045.628808761, took 1525 iterations and 8 nodes (0.21 seconds)
Cbc0032I Strong branching done 34 times (196 iterations), fathomed 0 nodes and fixed 4 variables
Cbc0035I Maximum depth 2, 1 variables fixed on reduced cost
Cuts at root node changed objective from 2.44492e+06 to 2.44499e+06
Probing was tried 100 times and created 2 cuts of which 0 were active after adding rounds of cuts (0.010 seconds)
Gomory was tried 122 times and created 421 cuts of which 0 were active after adding rounds of cuts (0.016 seconds)
Knapsack was tried 100 times and created 0 cuts of which 0 were active after adding rounds of cuts (0.019 seconds)
Clique was tried 100 times and created 0 cuts of which 0 were active after adding rounds of cuts (0.000 seconds)
MixedIntegerRounding2 was tried 100 times and created 5 cuts of which 0 were active after adding rounds of cuts (0.009 seconds)
FlowCover was tried 100 times and created 0 cuts of which 0 were active after adding rounds of cuts (0.020 seconds)
TwoMirCuts was tried 100 times and created 26 cuts of which 0 were active after adding rounds of cuts (0.002 seconds)
ZeroHalf was tried 1 times and created 0 cuts of which 0 were active after adding rounds of cuts (0.000 seconds)

Result - Optimal solution found

Objective value:                2445045.62880876
Enumerated nodes:               8
Total iterations:               1525
Time (CPU seconds):             0.21
Time (Wallclock seconds):       0.21

Option for printingOptions changed from normal to all
Total time (CPU seconds):       0.24   (Wallclock seconds):       0.24

