Welcome to the CBC MILP Solver 
Version: 2.10.3 
Build Date: Dec 15 2019 

command line - E:\dachuang\.venv\Lib\site-packages\pulp\apis\../solverdir/cbc/win/i64/cbc.exe model.mps -primalTolerance 1e-9 -integerTolerance 1e-9 -ratioGap 0 -allowableGap 0 -threads 0 -branch -printingOptions all -solution solution.txt -saveSolution solution.bin -quit (default strategy 1)
At line 2 NAME          MODEL
At line 3 ROWS
At line 317 COLUMNS
At line 1133 RHS
At line 1446 BOUNDS
At line 1521 ENDATA
Problem MODEL has 312 rows, 241 columns and 647 elements
Coin0008I MODEL read with 0 errors
primalTolerance was changed from 1e-07 to 1e-09
integerTolerance was changed from 1e-07 to 1e-09
ratioGap was changed from 0 to 0
allowableGap was changed from 1e-10 to 0
Continuous objective value is 2.68365e+06 - 0.00 seconds
Cgl0003I 0 fixed, 0 tightened bounds, 3 strengthened rows, 0 substitutions
Cgl0004I processed model has 114 rows, 156 columns (24 integer (24 of which binary)) and 330 elements
Cbc0038I Initial state - 9 integers unsatisfied sum - 2.97839
Cbc0038I Pass   1: suminf.    0.00000 (0) obj. 2.69102e+06 iterations 15
Cbc0038I Solution found of 2.69102e+06
Cbc0038I Relaxing continuous gives 2.6842e+06
Cbc0038I Before mini branch and bound, 15 integers at bound fixed and 86 continuous
Cbc0038I Full problem 114 rows 156 columns, reduced to 8 rows 8 columns
Cbc0038I Mini branch and bound did not improve solution (0.01 seconds)
Cbc0038I Round again with cutoff of 2.68414e+06
Cbc0038I Pass   2: suminf.    0.22750 (1) obj. 2.68414e+06 iterations 5
Cbc0038I Pass   3: suminf.    0.00000 (0) obj. 2.68414e+06 iterations 14
Cbc0038I Solution found of 2.68414e+06
Cbc0038I Relaxing continuous gives 2.68396e+06
Cbc0038I Before mini branch and bound, 15 integers at bound fixed and 81 continuous
Cbc0038I Full problem 114 rows 156 columns, reduced to 17 rows 22 columns
Cbc0038I Mini branch and bound improved solution from 2.68396e+06 to 2.68385e+06 (0.02 seconds)
Cbc0038I Freeing continuous variables gives a solution of 2.68385e+06
Cbc0038I Round again with cutoff of 2.68382e+06
Cbc0038I Pass   4: suminf.    0.36100 (1) obj. 2.68382e+06 iterations 3
Cbc0038I Pass   5: suminf.    0.34328 (2) obj. 2.68382e+06 iterations 11
Cbc0038I Pass   6: suminf.    0.34328 (2) obj. 2.68382e+06 iterations 1
Cbc0038I Pass   7: suminf.    0.36100 (1) obj. 2.68382e+06 iterations 2
Cbc0038I Pass   8: suminf.    0.34328 (2) obj. 2.68382e+06 iterations 13
Cbc0038I Pass   9: suminf.    0.71176 (3) obj. 2.68382e+06 iterations 5
Cbc0038I Pass  10: suminf.    0.34328 (2) obj. 2.68382e+06 iterations 1
Cbc0038I Pass  11: suminf.    0.36100 (1) obj. 2.68382e+06 iterations 2
Cbc0038I Pass  12: suminf.    1.29529 (4) obj. 2.68382e+06 iterations 21
Cbc0038I Pass  13: suminf.    1.19279 (3) obj. 2.68382e+06 iterations 2
Cbc0038I Pass  14: suminf.    0.60478 (3) obj. 2.68382e+06 iterations 12
Cbc0038I Pass  15: suminf.    0.56564 (3) obj. 2.68382e+06 iterations 5
Cbc0038I Pass  16: suminf.    0.55353 (2) obj. 2.68382e+06 iterations 3
Cbc0038I Pass  17: suminf.    0.60478 (4) obj. 2.68382e+06 iterations 6
Cbc0038I Pass  18: suminf.    0.36100 (1) obj. 2.68382e+06 iterations 12
Cbc0038I Pass  19: suminf.    0.34328 (2) obj. 2.68382e+06 iterations 2
Cbc0038I Pass  20: suminf.    0.36100 (1) obj. 2.68382e+06 iterations 2
Cbc0038I Pass  21: suminf.    1.39778 (4) obj. 2.68382e+06 iterations 28
Cbc0038I Pass  22: suminf.    0.74864 (5) obj. 2.68382e+06 iterations 3
Cbc0038I Pass  23: suminf.    1.19279 (3) obj. 2.68382e+06 iterations 9
Cbc0038I Pass  24: suminf.    1.19279 (3) obj. 2.68382e+06 iterations 0
Cbc0038I Pass  25: suminf.    0.60478 (2) obj. 2.68382e+06 iterations 7
Cbc0038I Pass  26: suminf.    0.36064 (2) obj. 2.68382e+06 iterations 3
Cbc0038I Pass  27: suminf.    0.35081 (1) obj. 2.68382e+06 iterations 1
Cbc0038I Pass  28: suminf.    2.01462 (6) obj. 2.68382e+06 iterations 12
Cbc0038I Pass  29: suminf.    0.85314 (5) obj. 2.68382e+06 iterations 2
Cbc0038I Pass  30: suminf.    0.85314 (5) obj. 2.68382e+06 iterations 0
Cbc0038I Pass  31: suminf.    0.79988 (3) obj. 2.68382e+06 iterations 9
Cbc0038I Pass  32: suminf.    0.35081 (1) obj. 2.68382e+06 iterations 5
Cbc0038I Pass  33: suminf.    0.60478 (2) obj. 2.68382e+06 iterations 5
Cbc0038I No solution found this major pass
Cbc0038I Before mini branch and bound, 6 integers at bound fixed and 68 continuous
Cbc0038I Full problem 114 rows 156 columns, reduced to 26 rows 35 columns
Cbc0038I Mini branch and bound did not improve solution (0.03 seconds)
Cbc0038I After 0.03 seconds - Feasibility pump exiting with objective of 2.68385e+06 - took 0.02 seconds
Cbc0012I Integer solution of 2683851.9 found by feasibility pump after 0 iterations and 0 nodes (0.03 seconds)
Cbc0038I Full problem 114 rows 156 columns, reduced to 71 rows 108 columns
Cbc0031I 10 added rows had average density of 30.5
Cbc0013I At root node, 10 cuts changed objective from 2683667.4 to 2683766.4 in 100 passes
Cbc0014I Cut generator 0 (Probing) - 13 row cuts average 2.2 elements, 0 column cuts (0 active)  in 0.005 seconds - new frequency is -100
Cbc0014I Cut generator 1 (Gomory) - 385 row cuts average 41.9 elements, 0 column cuts (0 active)  in 0.011 seconds - new frequency is 1
Cbc0014I Cut generator 2 (Knapsack) - 0 row cuts average 0.0 elements, 0 column cuts (0 active)  in 0.030 seconds - new frequency is -100
Cbc0014I Cut generator 3 (Clique) - 0 row cuts average 0.0 elements, 0 column cuts (0 active)  in 0.001 seconds - new frequency is -100
Cbc0014I Cut generator 4 (MixedIntegerRounding2) - 14 row cuts average 5.4 elements, 0 column cuts (0 active)  in 0.011 seconds - new frequency is -100
Cbc0014I Cut generator 5 (FlowCover) - 0 row cuts average 0.0 elements, 0 column cuts (0 active)  in 0.024 seconds - new frequency is -100
Cbc0014I Cut generator 6 (TwoMirCuts) - 24 row cuts average 11.0 elements, 0 column cuts (0 active)  in 0.004 seconds - new frequency is -100
Cbc0010I After 0 nodes, 1 on tree, 2683851.9 best solution, best possible 2683766.4 (0.20 seconds)
Cbc0001I Search completed - best objective 2683851.916897405, took 1591 iterations and 22 nodes (0.26 seconds)
Cbc0032I Strong branching done 112 times (461 iterations), fathomed 3 nodes and fixed 10 variables
Cbc0035I Maximum depth 4, 1 variables fixed on reduced cost
Cuts at root node changed objective from 2.68367e+06 to 2.68377e+06
Probing was tried 100 times and created 13 cuts of which 0 were active after adding rounds of cuts (0.005 seconds)
Gomory was tried 172 times and created 516 cuts of which 0 were active after adding rounds of cuts (0.014 seconds)
Knapsack was tried 100 times and created 0 cuts of which 0 were active after adding rounds of cuts (0.030 seconds)
Clique was tried 100 times and created 0 cuts of which 0 were active after adding rounds of cuts (0.001 seconds)
MixedIntegerRounding2 was tried 100 times and created 14 cuts of which 0 were active after adding rounds of cuts (0.011 seconds)
FlowCover was tried 100 times and created 0 cuts of which 0 were active after adding rounds of cuts (0.024 seconds)
TwoMirCuts was tried 100 times and created 24 cuts of which 0 were active after adding rounds of cuts (0.004 seconds)
ZeroHalf was tried 1 times and created 0 cuts of which 0 were active after adding rounds of cuts (0.000 seconds)

Result - Optimal solution found

Objective value:                2683851.91689741
Enumerated nodes:               22
Total iterations:               1591
Time (CPU seconds):             0.26
Time (Wallclock seconds):       0.26

Option for printingOptions changed from normal to all
Total time (CPU seconds):       0.29   (Wallclock seconds):       0.29

