Welcome to the CBC MILP Solver 
Version: 2.10.3 
Build Date: Dec 15 2019 

command line - E:\dachuang\.venv\Lib\site-packages\pulp\apis\../solverdir/cbc/win/i64/cbc.exe model.mps -primalTolerance 1e-9 -integerTolerance 1e-9 -ratioGap 0 -allowableGap 0 -threads 0 -branch -printingOptions all -solution solution.txt -saveSolution solution.bin -quit (default strategy 1)
At line 2 NAME          MODEL
At line 3 ROWS
At line 317 COLUMNS
At line 1133 RHS
At line 1446 BOUNDS
At line 1521 ENDATA
Problem MODEL has 312 rows, 241 columns and 647 elements
Coin0008I MODEL read with 0 errors
primalTolerance was changed from 1e-07 to 1e-09
integerTolerance was changed from 1e-07 to 1e-09
ratioGap was changed from 0 to 0
allowableGap was changed from 1e-10 to 0
Continuous objective value is 3.17682e+06 - 0.00 seconds
Cgl0003I 0 fixed, 0 tightened bounds, 2 strengthened rows, 0 substitutions
Cgl0004I processed model has 113 rows, 150 columns (24 integer (24 of which binary)) and 321 elements
Cbc0038I Initial state - 8 integers unsatisfied sum - 3.18023
Cbc0038I Pass   1: suminf.    0.00000 (0) obj. 3.27305e+06 iterations 15
Cbc0038I Solution found of 3.27305e+06
Cbc0038I Relaxing continuous gives 3.17741e+06
Cbc0038I Before mini branch and bound, 16 integers at bound fixed and 85 continuous
Cbc0038I Full problem 113 rows 150 columns, reduced to 13 rows 16 columns
Cbc0038I Mini branch and bound did not improve solution (0.01 seconds)
Cbc0038I Round again with cutoff of 3.17735e+06
Cbc0038I Pass   2: suminf.    0.25217 (1) obj. 3.17735e+06 iterations 5
Cbc0038I Pass   3: suminf.    0.00000 (0) obj. 3.17735e+06 iterations 10
Cbc0038I Solution found of 3.17735e+06
Cbc0038I Relaxing continuous gives 3.17727e+06
Cbc0038I Before mini branch and bound, 15 integers at bound fixed and 80 continuous
Cbc0038I Full problem 113 rows 150 columns, reduced to 20 rows 27 columns
Cbc0038I Mini branch and bound improved solution from 3.17727e+06 to 3.17696e+06 (0.02 seconds)
Cbc0038I Round again with cutoff of 3.17693e+06
Cbc0038I Pass   4: suminf.    0.58927 (3) obj. 3.17693e+06 iterations 6
Cbc0038I Pass   5: suminf.    0.56249 (2) obj. 3.17693e+06 iterations 5
Cbc0038I Pass   6: suminf.    1.02561 (4) obj. 3.17693e+06 iterations 9
Cbc0038I Pass   7: suminf.    1.01882 (4) obj. 3.17693e+06 iterations 1
Cbc0038I Pass   8: suminf.    1.71922 (4) obj. 3.17693e+06 iterations 5
Cbc0038I Pass   9: suminf.    1.07007 (4) obj. 3.17693e+06 iterations 1
Cbc0038I Pass  10: suminf.    1.13346 (4) obj. 3.17693e+06 iterations 3
Cbc0038I Pass  11: suminf.    1.02561 (4) obj. 3.17693e+06 iterations 1
Cbc0038I Pass  12: suminf.    1.01882 (4) obj. 3.17693e+06 iterations 1
Cbc0038I Pass  13: suminf.    1.71922 (4) obj. 3.17693e+06 iterations 5
Cbc0038I Pass  14: suminf.    1.07007 (4) obj. 3.17693e+06 iterations 1
Cbc0038I Pass  15: suminf.    1.13346 (4) obj. 3.17693e+06 iterations 3
Cbc0038I Pass  16: suminf.    1.02561 (4) obj. 3.17693e+06 iterations 1
Cbc0038I Pass  17: suminf.    1.01882 (4) obj. 3.17693e+06 iterations 1
Cbc0038I Pass  18: suminf.    1.71922 (4) obj. 3.17693e+06 iterations 5
Cbc0038I Pass  19: suminf.    1.07007 (4) obj. 3.17693e+06 iterations 1
Cbc0038I Pass  20: suminf.    1.13346 (4) obj. 3.17693e+06 iterations 3
Cbc0038I Pass  21: suminf.    1.02561 (4) obj. 3.17693e+06 iterations 1
Cbc0038I Pass  22: suminf.    1.01882 (4) obj. 3.17693e+06 iterations 1
Cbc0038I Pass  23: suminf.    1.71922 (4) obj. 3.17693e+06 iterations 5
Cbc0038I Pass  24: suminf.    1.07007 (4) obj. 3.17693e+06 iterations 1
Cbc0038I Pass  25: suminf.    1.13346 (4) obj. 3.17693e+06 iterations 3
Cbc0038I Pass  26: suminf.    1.02561 (4) obj. 3.17693e+06 iterations 1
Cbc0038I Pass  27: suminf.    1.01882 (4) obj. 3.17693e+06 iterations 1
Cbc0038I Pass  28: suminf.    1.71922 (4) obj. 3.17693e+06 iterations 5
Cbc0038I Pass  29: suminf.    1.07007 (4) obj. 3.17693e+06 iterations 1
Cbc0038I Pass  30: suminf.    1.13346 (4) obj. 3.17693e+06 iterations 3
Cbc0038I Pass  31: suminf.    1.02561 (4) obj. 3.17693e+06 iterations 1
Cbc0038I Pass  32: suminf.    1.01882 (4) obj. 3.17693e+06 iterations 1
Cbc0038I Pass  33: suminf.    1.71922 (4) obj. 3.17693e+06 iterations 5
Cbc0038I No solution found this major pass
Cbc0038I Before mini branch and bound, 15 integers at bound fixed and 80 continuous
Cbc0038I Full problem 113 rows 150 columns, reduced to 22 rows 29 columns
Cbc0038I Mini branch and bound did not improve solution (0.03 seconds)
Cbc0038I After 0.03 seconds - Feasibility pump exiting with objective of 3.17696e+06 - took 0.03 seconds
Cbc0012I Integer solution of 3176962.8 found by feasibility pump after 0 iterations and 0 nodes (0.03 seconds)
Cbc0038I Full problem 113 rows 150 columns, reduced to 67 rows 99 columns
Cbc0031I 9 added rows had average density of 12
Cbc0013I At root node, 9 cuts changed objective from 3176823 to 3176956.6 in 8 passes
Cbc0014I Cut generator 0 (Probing) - 2 row cuts average 2.0 elements, 2 column cuts (2 active)  in 0.000 seconds - new frequency is 1
Cbc0014I Cut generator 1 (Gomory) - 23 row cuts average 17.8 elements, 0 column cuts (0 active)  in 0.000 seconds - new frequency is 1
Cbc0014I Cut generator 2 (Knapsack) - 0 row cuts average 0.0 elements, 0 column cuts (0 active)  in 0.001 seconds - new frequency is -100
Cbc0014I Cut generator 3 (Clique) - 0 row cuts average 0.0 elements, 0 column cuts (0 active)  in 0.000 seconds - new frequency is -100
Cbc0014I Cut generator 4 (MixedIntegerRounding2) - 1 row cuts average 4.0 elements, 0 column cuts (0 active)  in 0.000 seconds - new frequency is -100
Cbc0014I Cut generator 5 (FlowCover) - 1 row cuts average 2.0 elements, 0 column cuts (0 active)  in 0.000 seconds - new frequency is -100
Cbc0014I Cut generator 6 (TwoMirCuts) - 22 row cuts average 12.8 elements, 0 column cuts (0 active)  in 0.000 seconds - new frequency is -100
Cbc0001I Search completed - best objective 3176962.832342001, took 50 iterations and 0 nodes (0.05 seconds)
Cbc0032I Strong branching done 2 times (2 iterations), fathomed 1 nodes and fixed 0 variables
Cbc0035I Maximum depth 0, 0 variables fixed on reduced cost
Cuts at root node changed objective from 3.17682e+06 to 3.17697e+06
Probing was tried 8 times and created 4 cuts of which 0 were active after adding rounds of cuts (0.000 seconds)
Gomory was tried 8 times and created 23 cuts of which 0 were active after adding rounds of cuts (0.000 seconds)
Knapsack was tried 8 times and created 0 cuts of which 0 were active after adding rounds of cuts (0.001 seconds)
Clique was tried 8 times and created 0 cuts of which 0 were active after adding rounds of cuts (0.000 seconds)
MixedIntegerRounding2 was tried 8 times and created 1 cuts of which 0 were active after adding rounds of cuts (0.000 seconds)
FlowCover was tried 8 times and created 1 cuts of which 0 were active after adding rounds of cuts (0.000 seconds)
TwoMirCuts was tried 8 times and created 22 cuts of which 0 were active after adding rounds of cuts (0.000 seconds)
ZeroHalf was tried 1 times and created 0 cuts of which 0 were active after adding rounds of cuts (0.000 seconds)

Result - Optimal solution found

Objective value:                3176962.83234200
Enumerated nodes:               0
Total iterations:               50
Time (CPU seconds):             0.05
Time (Wallclock seconds):       0.05

Option for printingOptions changed from normal to all
Total time (CPU seconds):       0.08   (Wallclock seconds):       0.08

