Welcome to the CBC MILP Solver 
Version: 2.10.3 
Build Date: Dec 15 2019 

command line - E:\dachuang\.venv\Lib\site-packages\pulp\apis\../solverdir/cbc/win/i64/cbc.exe model.mps -primalTolerance 1e-9 -integerTolerance 1e-9 -ratioGap 0 -allowableGap 0 -threads 0 -branch -printingOptions all -solution solution.txt -saveSolution solution.bin -quit (default strategy 1)
At line 2 NAME          MODEL
At line 3 ROWS
At line 317 COLUMNS
At line 1133 RHS
At line 1446 BOUNDS
At line 1521 ENDATA
Problem MODEL has 312 rows, 241 columns and 647 elements
Coin0008I MODEL read with 0 errors
primalTolerance was changed from 1e-07 to 1e-09
integerTolerance was changed from 1e-07 to 1e-09
ratioGap was changed from 0 to 0
allowableGap was changed from 1e-10 to 0
Continuous objective value is 3.61407e+06 - 0.00 seconds
Cgl0003I 0 fixed, 0 tightened bounds, 3 strengthened rows, 0 substitutions
Cgl0004I processed model has 114 rows, 157 columns (24 integer (24 of which binary)) and 331 elements
Cbc0038I Initial state - 7 integers unsatisfied sum - 2.86611
Cbc0038I Pass   1: suminf.    0.00000 (0) obj. 3.61474e+06 iterations 15
Cbc0038I Solution found of 3.61474e+06
Cbc0038I Relaxing continuous gives 3.61474e+06
Cbc0038I Before mini branch and bound, 17 integers at bound fixed and 91 continuous
Cbc0038I Full problem 114 rows 157 columns, reduced to 16 rows 18 columns
Cbc0038I Mini branch and bound improved solution from 3.61474e+06 to 3.61458e+06 (0.01 seconds)
Cbc0038I Round again with cutoff of 3.61454e+06
Cbc0038I Pass   2: suminf.    0.12563 (1) obj. 3.61454e+06 iterations 5
Cbc0038I Pass   3: suminf.    0.00000 (0) obj. 3.61454e+06 iterations 3
Cbc0038I Solution found of 3.61454e+06
Cbc0038I Relaxing continuous gives 3.61451e+06
Cbc0038I Before mini branch and bound, 17 integers at bound fixed and 86 continuous
Cbc0038I Full problem 114 rows 157 columns, reduced to 19 rows 25 columns
Cbc0038I Mini branch and bound improved solution from 3.61451e+06 to 3.61428e+06 (0.02 seconds)
Cbc0038I Round again with cutoff of 3.61424e+06
Cbc0038I Pass   4: suminf.    0.16001 (2) obj. 3.61424e+06 iterations 7
Cbc0038I Pass   5: suminf.    0.15924 (1) obj. 3.61424e+06 iterations 2
Cbc0038I Pass   6: suminf.    0.74305 (3) obj. 3.61424e+06 iterations 7
Cbc0038I Pass   7: suminf.    0.91946 (4) obj. 3.61424e+06 iterations 4
Cbc0038I Pass   8: suminf.    0.74305 (3) obj. 3.61424e+06 iterations 1
Cbc0038I Pass   9: suminf.    0.16001 (2) obj. 3.61424e+06 iterations 4
Cbc0038I Pass  10: suminf.    0.15924 (1) obj. 3.61424e+06 iterations 3
Cbc0038I Pass  11: suminf.    0.15924 (1) obj. 3.61424e+06 iterations 8
Cbc0038I Pass  12: suminf.    0.74305 (3) obj. 3.61424e+06 iterations 8
Cbc0038I Pass  13: suminf.    0.16001 (2) obj. 3.61424e+06 iterations 4
Cbc0038I Pass  14: suminf.    0.15924 (1) obj. 3.61424e+06 iterations 3
Cbc0038I Pass  15: suminf.    1.59187 (6) obj. 3.61424e+06 iterations 24
Cbc0038I Pass  16: suminf.    1.26691 (4) obj. 3.61424e+06 iterations 1
Cbc0038I Pass  17: suminf.    0.31816 (2) obj. 3.61424e+06 iterations 15
Cbc0038I Pass  18: suminf.    1.01855 (3) obj. 3.61424e+06 iterations 10
Cbc0038I Pass  19: suminf.    0.96730 (3) obj. 3.61424e+06 iterations 6
Cbc0038I Pass  20: suminf.    0.48176 (2) obj. 3.61424e+06 iterations 4
Cbc0038I Pass  21: suminf.    1.27480 (3) obj. 3.61424e+06 iterations 13
Cbc0038I Pass  22: suminf.    0.62566 (3) obj. 3.61424e+06 iterations 1
Cbc0038I Pass  23: suminf.    0.62566 (3) obj. 3.61424e+06 iterations 4
Cbc0038I Pass  24: suminf.    0.62566 (3) obj. 3.61424e+06 iterations 0
Cbc0038I Pass  25: suminf.    0.62566 (3) obj. 3.61424e+06 iterations 4
Cbc0038I Pass  26: suminf.    1.16841 (5) obj. 3.61424e+06 iterations 19
Cbc0038I Pass  27: suminf.    0.31816 (2) obj. 3.61424e+06 iterations 5
Cbc0038I Pass  28: suminf.    0.57926 (2) obj. 3.61424e+06 iterations 4
Cbc0038I Pass  29: suminf.    0.62566 (2) obj. 3.61424e+06 iterations 9
Cbc0038I Pass  30: suminf.    0.62566 (2) obj. 3.61424e+06 iterations 0
Cbc0038I Pass  31: suminf.    0.62566 (2) obj. 3.61424e+06 iterations 4
Cbc0038I Pass  32: suminf.    0.62566 (3) obj. 3.61424e+06 iterations 22
Cbc0038I Pass  33: suminf.    0.62566 (3) obj. 3.61424e+06 iterations 5
Cbc0038I No solution found this major pass
Cbc0038I Before mini branch and bound, 3 integers at bound fixed and 69 continuous
Cbc0038I Full problem 114 rows 157 columns, reduced to 29 rows 38 columns
Cbc0038I Mini branch and bound improved solution from 3.61428e+06 to 3.61424e+06 (0.03 seconds)
Cbc0038I Freeing continuous variables gives a solution of 3.61424e+06
Cbc0038I Round again with cutoff of 3.6142e+06
Cbc0038I Pass  33: suminf.    0.36597 (3) obj. 3.6142e+06 iterations 2
Cbc0038I Pass  34: suminf.    0.36597 (3) obj. 3.6142e+06 iterations 4
Cbc0038I Pass  35: suminf.    1.22012 (4) obj. 3.6142e+06 iterations 12
Cbc0038I Pass  36: suminf.    0.67347 (3) obj. 3.6142e+06 iterations 5
Cbc0038I Pass  37: suminf.    0.95479 (4) obj. 3.6142e+06 iterations 6
Cbc0038I Pass  38: suminf.    0.91262 (4) obj. 3.6142e+06 iterations 4
Cbc0038I Pass  39: suminf.    0.36597 (3) obj. 3.6142e+06 iterations 2
Cbc0038I Pass  40: suminf.    1.22012 (4) obj. 3.6142e+06 iterations 12
Cbc0038I Pass  41: suminf.    0.67347 (3) obj. 3.6142e+06 iterations 5
Cbc0038I Pass  42: suminf.    0.95479 (4) obj. 3.6142e+06 iterations 6
Cbc0038I Pass  43: suminf.    0.91262 (4) obj. 3.6142e+06 iterations 4
Cbc0038I Pass  44: suminf.    0.36597 (3) obj. 3.6142e+06 iterations 2
Cbc0038I Pass  45: suminf.    1.22012 (4) obj. 3.6142e+06 iterations 12
Cbc0038I Pass  46: suminf.    0.67347 (3) obj. 3.6142e+06 iterations 5
Cbc0038I Pass  47: suminf.    0.95479 (4) obj. 3.6142e+06 iterations 6
Cbc0038I Pass  48: suminf.    0.91262 (4) obj. 3.6142e+06 iterations 4
Cbc0038I Pass  49: suminf.    0.36597 (3) obj. 3.6142e+06 iterations 2
Cbc0038I Pass  50: suminf.    1.22012 (4) obj. 3.6142e+06 iterations 12
Cbc0038I Pass  51: suminf.    0.67347 (3) obj. 3.6142e+06 iterations 5
Cbc0038I Pass  52: suminf.    0.95479 (4) obj. 3.6142e+06 iterations 6
Cbc0038I Pass  53: suminf.    0.91262 (4) obj. 3.6142e+06 iterations 4
Cbc0038I Pass  54: suminf.    0.36597 (3) obj. 3.6142e+06 iterations 2
Cbc0038I Pass  55: suminf.    1.22012 (4) obj. 3.6142e+06 iterations 12
Cbc0038I Pass  56: suminf.    0.67347 (3) obj. 3.6142e+06 iterations 5
Cbc0038I Pass  57: suminf.    0.95479 (4) obj. 3.6142e+06 iterations 6
Cbc0038I Pass  58: suminf.    0.91262 (4) obj. 3.6142e+06 iterations 4
Cbc0038I Pass  59: suminf.    0.36597 (3) obj. 3.6142e+06 iterations 2
Cbc0038I Pass  60: suminf.    1.22012 (4) obj. 3.6142e+06 iterations 12
Cbc0038I Pass  61: suminf.    0.67347 (3) obj. 3.6142e+06 iterations 5
Cbc0038I Pass  62: suminf.    0.95479 (4) obj. 3.6142e+06 iterations 6
Cbc0038I No solution found this major pass
Cbc0038I Before mini branch and bound, 17 integers at bound fixed and 87 continuous
Cbc0038I Full problem 114 rows 157 columns, reduced to 20 rows 27 columns
Cbc0038I Mini branch and bound did not improve solution (0.05 seconds)
Cbc0038I After 0.05 seconds - Feasibility pump exiting with objective of 3.61424e+06 - took 0.04 seconds
Cbc0012I Integer solution of 3614244.8 found by feasibility pump after 0 iterations and 0 nodes (0.05 seconds)
Cbc0038I Full problem 114 rows 157 columns, reduced to 69 rows 107 columns
Cbc0031I 8 added rows had average density of 31.875
Cbc0013I At root node, 8 cuts changed objective from 3614093.1 to 3614200.9 in 100 passes
Cbc0014I Cut generator 0 (Probing) - 1 row cuts average 2.0 elements, 0 column cuts (0 active)  in 0.006 seconds - new frequency is -100
Cbc0014I Cut generator 1 (Gomory) - 355 row cuts average 39.1 elements, 0 column cuts (0 active)  in 0.009 seconds - new frequency is 1
Cbc0014I Cut generator 2 (Knapsack) - 0 row cuts average 0.0 elements, 0 column cuts (0 active)  in 0.021 seconds - new frequency is -100
Cbc0014I Cut generator 3 (Clique) - 0 row cuts average 0.0 elements, 0 column cuts (0 active)  in 0.001 seconds - new frequency is -100
Cbc0014I Cut generator 4 (MixedIntegerRounding2) - 2 row cuts average 5.0 elements, 0 column cuts (0 active)  in 0.010 seconds - new frequency is -100
Cbc0014I Cut generator 5 (FlowCover) - 1 row cuts average 5.0 elements, 0 column cuts (0 active)  in 0.016 seconds - new frequency is -100
Cbc0014I Cut generator 6 (TwoMirCuts) - 34 row cuts average 14.8 elements, 0 column cuts (0 active)  in 0.002 seconds - new frequency is -100
Cbc0010I After 0 nodes, 1 on tree, 3614244.8 best solution, best possible 3614200.9 (0.19 seconds)
Cbc0001I Search completed - best objective 3614244.815592004, took 1421 iterations and 8 nodes (0.21 seconds)
Cbc0032I Strong branching done 24 times (106 iterations), fathomed 1 nodes and fixed 0 variables
Cbc0035I Maximum depth 2, 1 variables fixed on reduced cost
Cuts at root node changed objective from 3.61409e+06 to 3.6142e+06
Probing was tried 100 times and created 1 cuts of which 0 were active after adding rounds of cuts (0.006 seconds)
Gomory was tried 133 times and created 418 cuts of which 0 were active after adding rounds of cuts (0.009 seconds)
Knapsack was tried 100 times and created 0 cuts of which 0 were active after adding rounds of cuts (0.021 seconds)
Clique was tried 100 times and created 0 cuts of which 0 were active after adding rounds of cuts (0.001 seconds)
MixedIntegerRounding2 was tried 100 times and created 2 cuts of which 0 were active after adding rounds of cuts (0.010 seconds)
FlowCover was tried 100 times and created 1 cuts of which 0 were active after adding rounds of cuts (0.016 seconds)
TwoMirCuts was tried 100 times and created 34 cuts of which 0 were active after adding rounds of cuts (0.002 seconds)
ZeroHalf was tried 1 times and created 0 cuts of which 0 were active after adding rounds of cuts (0.000 seconds)

Result - Optimal solution found

Objective value:                3614244.81559200
Enumerated nodes:               8
Total iterations:               1421
Time (CPU seconds):             0.21
Time (Wallclock seconds):       0.21

Option for printingOptions changed from normal to all
Total time (CPU seconds):       0.24   (Wallclock seconds):       0.24

