Welcome to the CBC MILP Solver 
Version: 2.10.3 
Build Date: Dec 15 2019 

command line - E:\dachuang\.venv\Lib\site-packages\pulp\apis\../solverdir/cbc/win/i64/cbc.exe model.mps -primalTolerance 1e-9 -integerTolerance 1e-9 -ratioGap 0 -allowableGap 0 -threads 0 -branch -printingOptions all -solution solution.txt -saveSolution solution.bin -quit (default strategy 1)
At line 2 NAME          MODEL
At line 3 ROWS
At line 317 COLUMNS
At line 1133 RHS
At line 1446 BOUNDS
At line 1521 ENDATA
Problem MODEL has 312 rows, 241 columns and 647 elements
Coin0008I MODEL read with 0 errors
primalTolerance was changed from 1e-07 to 1e-09
integerTolerance was changed from 1e-07 to 1e-09
ratioGap was changed from 0 to 0
allowableGap was changed from 1e-10 to 0
Continuous objective value is 2.40378e+06 - 0.00 seconds
Cgl0003I 0 fixed, 0 tightened bounds, 3 strengthened rows, 0 substitutions
Cgl0004I processed model has 115 rows, 158 columns (24 integer (24 of which binary)) and 335 elements
Cbc0038I Initial state - 8 integers unsatisfied sum - 2.88324
Cbc0038I Pass   1: suminf.    0.00000 (0) obj. 2.40442e+06 iterations 12
Cbc0038I Solution found of 2.40442e+06
Cbc0038I Relaxing continuous gives 2.40442e+06
Cbc0038I Before mini branch and bound, 16 integers at bound fixed and 87 continuous
Cbc0038I Full problem 115 rows 158 columns, reduced to 6 rows 6 columns
Cbc0038I Mini branch and bound did not improve solution (0.01 seconds)
Cbc0038I Round again with cutoff of 2.40436e+06
Cbc0038I Pass   2: suminf.    0.26732 (1) obj. 2.40436e+06 iterations 2
Cbc0038I Pass   3: suminf.    0.26732 (1) obj. 2.40436e+06 iterations 5
Cbc0038I Pass   4: suminf.    0.00000 (0) obj. 2.40436e+06 iterations 2
Cbc0038I Solution found of 2.40436e+06
Cbc0038I Relaxing continuous gives 2.40421e+06
Cbc0038I Before mini branch and bound, 16 integers at bound fixed and 83 continuous
Cbc0038I Full problem 115 rows 158 columns, reduced to 18 rows 23 columns
Cbc0038I Mini branch and bound improved solution from 2.40421e+06 to 2.404e+06 (0.01 seconds)
Cbc0038I Freeing continuous variables gives a solution of 2.404e+06
Cbc0038I Round again with cutoff of 2.40396e+06
Cbc0038I Pass   5: suminf.    1.12497 (5) obj. 2.40396e+06 iterations 9
Cbc0038I Pass   6: suminf.    1.02247 (4) obj. 2.40396e+06 iterations 2
Cbc0038I Pass   7: suminf.    0.24795 (2) obj. 2.40396e+06 iterations 13
Cbc0038I Pass   8: suminf.    0.87661 (4) obj. 2.40396e+06 iterations 9
Cbc0038I Pass   9: suminf.    0.83427 (3) obj. 2.40396e+06 iterations 2
Cbc0038I Pass  10: suminf.    0.60077 (3) obj. 2.40396e+06 iterations 9
Cbc0038I Pass  11: suminf.    0.11011 (1) obj. 2.40396e+06 iterations 3
Cbc0038I Pass  12: suminf.    0.47935 (1) obj. 2.40396e+06 iterations 2
Cbc0038I Pass  13: suminf.    1.20939 (3) obj. 2.40396e+06 iterations 7
Cbc0038I Pass  14: suminf.    0.57170 (2) obj. 2.40396e+06 iterations 2
Cbc0038I Pass  15: suminf.    0.47935 (1) obj. 2.40396e+06 iterations 2
Cbc0038I Pass  16: suminf.    0.26111 (1) obj. 2.40396e+06 iterations 1
Cbc0038I Pass  17: suminf.    0.94559 (4) obj. 2.40396e+06 iterations 10
Cbc0038I Pass  18: suminf.    0.39895 (3) obj. 2.40396e+06 iterations 2
Cbc0038I Pass  19: suminf.    0.87661 (4) obj. 2.40396e+06 iterations 9
Cbc0038I Pass  20: suminf.    0.83427 (3) obj. 2.40396e+06 iterations 2
Cbc0038I Pass  21: suminf.    0.24795 (2) obj. 2.40396e+06 iterations 5
Cbc0038I Pass  22: suminf.    0.62682 (5) obj. 2.40396e+06 iterations 12
Cbc0038I Pass  23: suminf.    0.62682 (5) obj. 2.40396e+06 iterations 1
Cbc0038I Pass  24: suminf.    1.09420 (3) obj. 2.40396e+06 iterations 11
Cbc0038I Pass  25: suminf.    1.12222 (4) obj. 2.40396e+06 iterations 7
Cbc0038I Pass  26: suminf.    1.12222 (4) obj. 2.40396e+06 iterations 1
Cbc0038I Pass  27: suminf.    0.69855 (4) obj. 2.40396e+06 iterations 14
Cbc0038I Pass  28: suminf.    0.69855 (4) obj. 2.40396e+06 iterations 1
Cbc0038I Pass  29: suminf.    1.12339 (3) obj. 2.40396e+06 iterations 9
Cbc0038I Pass  30: suminf.    1.08565 (3) obj. 2.40396e+06 iterations 2
Cbc0038I Pass  31: suminf.    1.12339 (3) obj. 2.40396e+06 iterations 5
Cbc0038I Pass  32: suminf.    0.59492 (3) obj. 2.40396e+06 iterations 16
Cbc0038I Pass  33: suminf.    1.09146 (4) obj. 2.40396e+06 iterations 13
Cbc0038I Pass  34: suminf.    1.09146 (4) obj. 2.40396e+06 iterations 4
Cbc0038I No solution found this major pass
Cbc0038I Before mini branch and bound, 3 integers at bound fixed and 68 continuous
Cbc0038I Full problem 115 rows 158 columns, reduced to 28 rows 36 columns
Cbc0038I Mini branch and bound improved solution from 2.404e+06 to 2.40399e+06 (0.03 seconds)
Cbc0038I Round again with cutoff of 2.40392e+06
Cbc0038I Pass  34: suminf.    1.35585 (6) obj. 2.40392e+06 iterations 1
Cbc0038I Pass  35: suminf.    1.25335 (5) obj. 2.40392e+06 iterations 1
Cbc0038I Pass  36: suminf.    0.62982 (3) obj. 2.40392e+06 iterations 13
Cbc0038I Pass  37: suminf.    1.10749 (4) obj. 2.40392e+06 iterations 6
Cbc0038I Pass  38: suminf.    1.02547 (4) obj. 2.40392e+06 iterations 2
Cbc0038I Pass  39: suminf.    0.47882 (3) obj. 2.40392e+06 iterations 2
Cbc0038I Pass  40: suminf.    1.17647 (4) obj. 2.40392e+06 iterations 9
Cbc0038I Pass  41: suminf.    0.62982 (3) obj. 2.40392e+06 iterations 3
Cbc0038I Pass  42: suminf.    1.10749 (4) obj. 2.40392e+06 iterations 6
Cbc0038I Pass  43: suminf.    1.02547 (4) obj. 2.40392e+06 iterations 2
Cbc0038I Pass  44: suminf.    0.47882 (3) obj. 2.40392e+06 iterations 2
Cbc0038I Pass  45: suminf.    1.17647 (4) obj. 2.40392e+06 iterations 9
Cbc0038I Pass  46: suminf.    0.62982 (3) obj. 2.40392e+06 iterations 3
Cbc0038I Pass  47: suminf.    1.10749 (4) obj. 2.40392e+06 iterations 6
Cbc0038I Pass  48: suminf.    1.02547 (4) obj. 2.40392e+06 iterations 2
Cbc0038I Pass  49: suminf.    0.47882 (3) obj. 2.40392e+06 iterations 2
Cbc0038I Pass  50: suminf.    1.17647 (4) obj. 2.40392e+06 iterations 9
Cbc0038I Pass  51: suminf.    0.62982 (3) obj. 2.40392e+06 iterations 3
Cbc0038I Pass  52: suminf.    1.10749 (4) obj. 2.40392e+06 iterations 6
Cbc0038I Pass  53: suminf.    1.02547 (4) obj. 2.40392e+06 iterations 2
Cbc0038I Pass  54: suminf.    0.47882 (3) obj. 2.40392e+06 iterations 2
Cbc0038I Pass  55: suminf.    1.17647 (4) obj. 2.40392e+06 iterations 9
Cbc0038I Pass  56: suminf.    0.62982 (3) obj. 2.40392e+06 iterations 3
Cbc0038I Pass  57: suminf.    1.10749 (4) obj. 2.40392e+06 iterations 6
Cbc0038I Pass  58: suminf.    1.02547 (4) obj. 2.40392e+06 iterations 2
Cbc0038I Pass  59: suminf.    0.47882 (3) obj. 2.40392e+06 iterations 2
Cbc0038I Pass  60: suminf.    1.17647 (4) obj. 2.40392e+06 iterations 9
Cbc0038I Pass  61: suminf.    0.62982 (3) obj. 2.40392e+06 iterations 3
Cbc0038I Pass  62: suminf.    1.10749 (4) obj. 2.40392e+06 iterations 6
Cbc0038I Pass  63: suminf.    1.02547 (4) obj. 2.40392e+06 iterations 2
Cbc0038I No solution found this major pass
Cbc0038I Before mini branch and bound, 16 integers at bound fixed and 82 continuous
Cbc0038I Full problem 115 rows 158 columns, reduced to 21 rows 27 columns
Cbc0038I Mini branch and bound did not improve solution (0.04 seconds)
Cbc0038I After 0.04 seconds - Feasibility pump exiting with objective of 2.40399e+06 - took 0.04 seconds
Cbc0012I Integer solution of 2403987.1 found by feasibility pump after 0 iterations and 0 nodes (0.04 seconds)
Cbc0038I Full problem 115 rows 158 columns, reduced to 72 rows 112 columns
Cbc0031I 9 added rows had average density of 35.666667
Cbc0013I At root node, 9 cuts changed objective from 2403802.8 to 2403926.4 in 100 passes
Cbc0014I Cut generator 0 (Probing) - 1 row cuts average 2.0 elements, 0 column cuts (0 active)  in 0.011 seconds - new frequency is -100
Cbc0014I Cut generator 1 (Gomory) - 504 row cuts average 34.9 elements, 0 column cuts (0 active)  in 0.012 seconds - new frequency is 1
Cbc0014I Cut generator 2 (Knapsack) - 0 row cuts average 0.0 elements, 0 column cuts (0 active)  in 0.021 seconds - new frequency is -100
Cbc0014I Cut generator 3 (Clique) - 0 row cuts average 0.0 elements, 0 column cuts (0 active)  in 0.001 seconds - new frequency is -100
Cbc0014I Cut generator 4 (MixedIntegerRounding2) - 1 row cuts average 5.0 elements, 0 column cuts (0 active)  in 0.007 seconds - new frequency is -100
Cbc0014I Cut generator 5 (FlowCover) - 0 row cuts average 0.0 elements, 0 column cuts (0 active)  in 0.018 seconds - new frequency is -100
Cbc0014I Cut generator 6 (TwoMirCuts) - 33 row cuts average 11.9 elements, 0 column cuts (0 active)  in 0.006 seconds - new frequency is -100
Cbc0010I After 0 nodes, 1 on tree, 2403987.1 best solution, best possible 2403926.4 (0.20 seconds)
Cbc0001I Search completed - best objective 2403987.102342003, took 1658 iterations and 10 nodes (0.23 seconds)
Cbc0032I Strong branching done 40 times (229 iterations), fathomed 2 nodes and fixed 4 variables
Cbc0035I Maximum depth 2, 0 variables fixed on reduced cost
Cuts at root node changed objective from 2.4038e+06 to 2.40393e+06
Probing was tried 100 times and created 1 cuts of which 0 were active after adding rounds of cuts (0.011 seconds)
Gomory was tried 132 times and created 552 cuts of which 0 were active after adding rounds of cuts (0.014 seconds)
Knapsack was tried 100 times and created 0 cuts of which 0 were active after adding rounds of cuts (0.021 seconds)
Clique was tried 100 times and created 0 cuts of which 0 were active after adding rounds of cuts (0.001 seconds)
MixedIntegerRounding2 was tried 100 times and created 1 cuts of which 0 were active after adding rounds of cuts (0.007 seconds)
FlowCover was tried 100 times and created 0 cuts of which 0 were active after adding rounds of cuts (0.018 seconds)
TwoMirCuts was tried 100 times and created 33 cuts of which 0 were active after adding rounds of cuts (0.006 seconds)
ZeroHalf was tried 1 times and created 0 cuts of which 0 were active after adding rounds of cuts (0.000 seconds)

Result - Optimal solution found

Objective value:                2403987.10234200
Enumerated nodes:               10
Total iterations:               1658
Time (CPU seconds):             0.23
Time (Wallclock seconds):       0.23

Option for printingOptions changed from normal to all
Total time (CPU seconds):       0.26   (Wallclock seconds):       0.26

