Welcome to the CBC MILP Solver 
Version: 2.10.3 
Build Date: Dec 15 2019 

command line - E:\dachuang\.venv\Lib\site-packages\pulp\apis\../solverdir/cbc/win/i64/cbc.exe model.mps -primalTolerance 1e-9 -integerTolerance 1e-9 -ratioGap 0 -allowableGap 0 -threads 0 -branch -printingOptions all -solution solution.txt -saveSolution solution.bin -quit (default strategy 1)
At line 2 NAME          MODEL
At line 3 ROWS
At line 317 COLUMNS
At line 1133 RHS
At line 1446 BOUNDS
At line 1521 ENDATA
Problem MODEL has 312 rows, 241 columns and 647 elements
Coin0008I MODEL read with 0 errors
primalTolerance was changed from 1e-07 to 1e-09
integerTolerance was changed from 1e-07 to 1e-09
ratioGap was changed from 0 to 0
allowableGap was changed from 1e-10 to 0
Continuous objective value is 3.04226e+06 - 0.00 seconds
Cgl0003I 0 fixed, 0 tightened bounds, 2 strengthened rows, 0 substitutions
Cgl0004I processed model has 112 rows, 151 columns (24 integer (24 of which binary)) and 319 elements
Cbc0038I Initial state - 5 integers unsatisfied sum - 2.04731
Cbc0038I Pass   1: suminf.    0.00000 (0) obj. 3.04274e+06 iterations 9
Cbc0038I Solution found of 3.04274e+06
Cbc0038I Relaxing continuous gives 3.04274e+06
Cbc0038I Before mini branch and bound, 19 integers at bound fixed and 92 continuous
Cbc0038I Full problem 112 rows 151 columns, reduced to 10 rows 12 columns
Cbc0038I Mini branch and bound did not improve solution (0.01 seconds)
Cbc0038I Round again with cutoff of 3.04269e+06
Cbc0038I Pass   2: suminf.    0.20473 (1) obj. 3.04269e+06 iterations 1
Cbc0038I Pass   3: suminf.    0.00000 (0) obj. 3.04269e+06 iterations 9
Cbc0038I Solution found of 3.04269e+06
Cbc0038I Relaxing continuous gives 3.0426e+06
Cbc0038I Before mini branch and bound, 19 integers at bound fixed and 87 continuous
Cbc0038I Full problem 112 rows 151 columns, reduced to 15 rows 21 columns
Cbc0038I Mini branch and bound improved solution from 3.0426e+06 to 3.04239e+06 (0.01 seconds)
Cbc0038I Round again with cutoff of 3.04236e+06
Cbc0038I Pass   4: suminf.    0.38335 (2) obj. 3.04236e+06 iterations 4
Cbc0038I Pass   5: suminf.    0.10767 (1) obj. 3.04236e+06 iterations 12
Cbc0038I Pass   6: suminf.    0.72386 (4) obj. 3.04236e+06 iterations 7
Cbc0038I Pass   7: suminf.    0.72386 (4) obj. 3.04236e+06 iterations 0
Cbc0038I Pass   8: suminf.    0.72386 (4) obj. 3.04236e+06 iterations 6
Cbc0038I Pass   9: suminf.    0.62137 (3) obj. 3.04236e+06 iterations 2
Cbc0038I Pass  10: suminf.    0.62137 (3) obj. 3.04236e+06 iterations 1
Cbc0038I Pass  11: suminf.    0.72386 (4) obj. 3.04236e+06 iterations 9
Cbc0038I Pass  12: suminf.    0.72386 (4) obj. 3.04236e+06 iterations 0
Cbc0038I Pass  13: suminf.    0.72386 (4) obj. 3.04236e+06 iterations 6
Cbc0038I Pass  14: suminf.    0.62137 (3) obj. 3.04236e+06 iterations 2
Cbc0038I Pass  15: suminf.    0.62137 (3) obj. 3.04236e+06 iterations 3
Cbc0038I Pass  16: suminf.    0.72386 (4) obj. 3.04236e+06 iterations 9
Cbc0038I Pass  17: suminf.    0.72386 (4) obj. 3.04236e+06 iterations 0
Cbc0038I Pass  18: suminf.    0.72386 (4) obj. 3.04236e+06 iterations 6
Cbc0038I Pass  19: suminf.    0.62137 (3) obj. 3.04236e+06 iterations 2
Cbc0038I Pass  20: suminf.    0.72386 (4) obj. 3.04236e+06 iterations 6
Cbc0038I Pass  21: suminf.    0.72386 (4) obj. 3.04236e+06 iterations 10
Cbc0038I Pass  22: suminf.    0.72386 (4) obj. 3.04236e+06 iterations 6
Cbc0038I Pass  23: suminf.    0.62137 (3) obj. 3.04236e+06 iterations 2
Cbc0038I Pass  24: suminf.    0.72386 (4) obj. 3.04236e+06 iterations 9
Cbc0038I Pass  25: suminf.    0.72386 (4) obj. 3.04236e+06 iterations 14
Cbc0038I Pass  26: suminf.    0.72386 (4) obj. 3.04236e+06 iterations 0
Cbc0038I Pass  27: suminf.    0.72386 (4) obj. 3.04236e+06 iterations 6
Cbc0038I Pass  28: suminf.    0.62137 (3) obj. 3.04236e+06 iterations 2
Cbc0038I Pass  29: suminf.    0.72386 (4) obj. 3.04236e+06 iterations 9
Cbc0038I Pass  30: suminf.    1.12211 (4) obj. 3.04236e+06 iterations 20
Cbc0038I Pass  31: suminf.    0.24711 (2) obj. 3.04236e+06 iterations 1
Cbc0038I Pass  32: suminf.    0.86786 (3) obj. 3.04236e+06 iterations 4
Cbc0038I Pass  33: suminf.    0.86786 (3) obj. 3.04236e+06 iterations 7
Cbc0038I No solution found this major pass
Cbc0038I Before mini branch and bound, 4 integers at bound fixed and 68 continuous
Cbc0038I Full problem 112 rows 151 columns, reduced to 19 rows 25 columns
Cbc0038I Mini branch and bound improved solution from 3.04239e+06 to 3.04235e+06 (0.03 seconds)
Cbc0038I Freeing continuous variables gives a solution of 3.04235e+06
Cbc0038I Round again with cutoff of 3.04233e+06
Cbc0038I Pass  33: suminf.    0.29920 (3) obj. 3.04233e+06 iterations 1
Cbc0038I Pass  34: suminf.    0.28301 (2) obj. 3.04233e+06 iterations 4
Cbc0038I Pass  35: suminf.    0.90377 (4) obj. 3.04233e+06 iterations 6
Cbc0038I Pass  36: suminf.    0.90377 (4) obj. 3.04233e+06 iterations 6
Cbc0038I Pass  37: suminf.    0.80127 (3) obj. 3.04233e+06 iterations 2
Cbc0038I Pass  38: suminf.    0.90377 (4) obj. 3.04233e+06 iterations 8
Cbc0038I Pass  39: suminf.    1.27127 (5) obj. 3.04233e+06 iterations 11
Cbc0038I Pass  40: suminf.    1.16877 (5) obj. 3.04233e+06 iterations 3
Cbc0038I Pass  41: suminf.    0.90377 (4) obj. 3.04233e+06 iterations 9
Cbc0038I Pass  42: suminf.    0.90377 (4) obj. 3.04233e+06 iterations 0
Cbc0038I Pass  43: suminf.    0.90377 (4) obj. 3.04233e+06 iterations 9
Cbc0038I Pass  44: suminf.    0.90377 (4) obj. 3.04233e+06 iterations 6
Cbc0038I Pass  45: suminf.    0.80127 (3) obj. 3.04233e+06 iterations 2
Cbc0038I Pass  46: suminf.    0.90377 (4) obj. 3.04233e+06 iterations 8
Cbc0038I Pass  47: suminf.    1.67627 (5) obj. 3.04233e+06 iterations 17
Cbc0038I Pass  48: suminf.    0.80127 (3) obj. 3.04233e+06 iterations 2
Cbc0038I Pass  49: suminf.    0.90377 (4) obj. 3.04233e+06 iterations 8
Cbc0038I Pass  50: suminf.    0.90377 (4) obj. 3.04233e+06 iterations 0
Cbc0038I Pass  51: suminf.    0.90377 (4) obj. 3.04233e+06 iterations 6
Cbc0038I Pass  52: suminf.    1.37877 (5) obj. 3.04233e+06 iterations 7
Cbc0038I Pass  53: suminf.    0.90377 (4) obj. 3.04233e+06 iterations 2
Cbc0038I Pass  54: suminf.    0.90377 (4) obj. 3.04233e+06 iterations 6
Cbc0038I Pass  55: suminf.    0.80127 (3) obj. 3.04233e+06 iterations 2
Cbc0038I Pass  56: suminf.    0.90377 (4) obj. 3.04233e+06 iterations 8
Cbc0038I Pass  57: suminf.    1.27127 (5) obj. 3.04233e+06 iterations 1
Cbc0038I Pass  58: suminf.    1.27127 (5) obj. 3.04233e+06 iterations 0
Cbc0038I Pass  59: suminf.    1.27127 (5) obj. 3.04233e+06 iterations 2
Cbc0038I Pass  60: suminf.    0.90377 (4) obj. 3.04233e+06 iterations 7
Cbc0038I Pass  61: suminf.    0.80127 (3) obj. 3.04233e+06 iterations 2
Cbc0038I Pass  62: suminf.    0.90377 (4) obj. 3.04233e+06 iterations 8
Cbc0038I No solution found this major pass
Cbc0038I Before mini branch and bound, 7 integers at bound fixed and 74 continuous
Cbc0038I Full problem 112 rows 151 columns, reduced to 19 rows 25 columns
Cbc0038I Mini branch and bound did not improve solution (0.04 seconds)
Cbc0038I After 0.04 seconds - Feasibility pump exiting with objective of 3.04235e+06 - took 0.03 seconds
Cbc0012I Integer solution of 3042353.6 found by feasibility pump after 0 iterations and 0 nodes (0.04 seconds)
Cbc0038I Full problem 112 rows 151 columns, reduced to 63 rows 96 columns
Cbc0031I 8 added rows had average density of 21.875
Cbc0013I At root node, 8 cuts changed objective from 3042264.6 to 3042347.2 in 100 passes
Cbc0014I Cut generator 0 (Probing) - 0 row cuts average 0.0 elements, 1 column cuts (1 active)  in 0.006 seconds - new frequency is -100
Cbc0014I Cut generator 1 (Gomory) - 172 row cuts average 29.2 elements, 0 column cuts (0 active)  in 0.006 seconds - new frequency is 1
Cbc0014I Cut generator 2 (Knapsack) - 0 row cuts average 0.0 elements, 0 column cuts (0 active)  in 0.022 seconds - new frequency is -100
Cbc0014I Cut generator 3 (Clique) - 0 row cuts average 0.0 elements, 0 column cuts (0 active)  in 0.000 seconds - new frequency is -100
Cbc0014I Cut generator 4 (MixedIntegerRounding2) - 0 row cuts average 0.0 elements, 0 column cuts (0 active)  in 0.007 seconds - new frequency is -100
Cbc0014I Cut generator 5 (FlowCover) - 0 row cuts average 0.0 elements, 0 column cuts (0 active)  in 0.015 seconds - new frequency is -100
Cbc0014I Cut generator 6 (TwoMirCuts) - 20 row cuts average 11.8 elements, 0 column cuts (0 active)  in 0.005 seconds - new frequency is -100
Cbc0010I After 0 nodes, 1 on tree, 3042353.6 best solution, best possible 3042347.2 (0.15 seconds)
Cbc0001I Search completed - best objective 3042353.620841999, took 376 iterations and 2 nodes (0.15 seconds)
Cbc0032I Strong branching done 12 times (41 iterations), fathomed 1 nodes and fixed 1 variables
Cbc0035I Maximum depth 0, 0 variables fixed on reduced cost
Cuts at root node changed objective from 3.04226e+06 to 3.04235e+06
Probing was tried 100 times and created 1 cuts of which 0 were active after adding rounds of cuts (0.006 seconds)
Gomory was tried 101 times and created 172 cuts of which 0 were active after adding rounds of cuts (0.006 seconds)
Knapsack was tried 100 times and created 0 cuts of which 0 were active after adding rounds of cuts (0.022 seconds)
Clique was tried 100 times and created 0 cuts of which 0 were active after adding rounds of cuts (0.000 seconds)
MixedIntegerRounding2 was tried 100 times and created 0 cuts of which 0 were active after adding rounds of cuts (0.007 seconds)
FlowCover was tried 100 times and created 0 cuts of which 0 were active after adding rounds of cuts (0.015 seconds)
TwoMirCuts was tried 100 times and created 20 cuts of which 0 were active after adding rounds of cuts (0.005 seconds)
ZeroHalf was tried 1 times and created 0 cuts of which 0 were active after adding rounds of cuts (0.000 seconds)

Result - Optimal solution found

Objective value:                3042353.62084200
Enumerated nodes:               2
Total iterations:               376
Time (CPU seconds):             0.16
Time (Wallclock seconds):       0.16

Option for printingOptions changed from normal to all
Total time (CPU seconds):       0.18   (Wallclock seconds):       0.18

