Welcome to the CBC MILP Solver 
Version: 2.10.3 
Build Date: Dec 15 2019 

command line - E:\dachuang\.venv\Lib\site-packages\pulp\apis\../solverdir/cbc/win/i64/cbc.exe model.mps -primalTolerance 1e-9 -integerTolerance 1e-9 -ratioGap 0 -allowableGap 0 -threads 0 -branch -printingOptions all -solution solution.txt -saveSolution solution.bin -quit (default strategy 1)
At line 2 NAME          MODEL
At line 3 ROWS
At line 317 COLUMNS
At line 1133 RHS
At line 1446 BOUNDS
At line 1521 ENDATA
Problem MODEL has 312 rows, 241 columns and 647 elements
Coin0008I MODEL read with 0 errors
primalTolerance was changed from 1e-07 to 1e-09
integerTolerance was changed from 1e-07 to 1e-09
ratioGap was changed from 0 to 0
allowableGap was changed from 1e-10 to 0
Continuous objective value is 3.21727e+06 - 0.00 seconds
Cgl0003I 0 fixed, 0 tightened bounds, 3 strengthened rows, 0 substitutions
Cgl0004I processed model has 113 rows, 153 columns (24 integer (24 of which binary)) and 324 elements
Cbc0038I Initial state - 7 integers unsatisfied sum - 2.08655
Cbc0038I Pass   1: suminf.    0.00000 (0) obj. 3.21773e+06 iterations 11
Cbc0038I Solution found of 3.21773e+06
Cbc0038I Relaxing continuous gives 3.21773e+06
Cbc0038I Before mini branch and bound, 17 integers at bound fixed and 89 continuous
Cbc0038I Full problem 113 rows 153 columns, reduced to 7 rows 8 columns
Cbc0038I Mini branch and bound did not improve solution (0.02 seconds)
Cbc0038I Round again with cutoff of 3.21768e+06
Cbc0038I Pass   2: suminf.    0.18815 (1) obj. 3.21768e+06 iterations 1
Cbc0038I Pass   3: suminf.    0.00000 (0) obj. 3.21768e+06 iterations 13
Cbc0038I Solution found of 3.21768e+06
Cbc0038I Relaxing continuous gives 3.21762e+06
Cbc0038I Before mini branch and bound, 16 integers at bound fixed and 84 continuous
Cbc0038I Full problem 113 rows 153 columns, reduced to 16 rows 21 columns
Cbc0038I Mini branch and bound improved solution from 3.21762e+06 to 3.21736e+06 (0.03 seconds)
Cbc0038I Freeing continuous variables gives a solution of 3.21736e+06
Cbc0038I Round again with cutoff of 3.21735e+06
Cbc0038I Pass   4: suminf.    0.96226 (4) obj. 3.21735e+06 iterations 6
Cbc0038I Pass   5: suminf.    0.75816 (4) obj. 3.21735e+06 iterations 2
Cbc0038I Pass   6: suminf.    0.73512 (4) obj. 3.21735e+06 iterations 1
Cbc0038I Pass   7: suminf.    1.29688 (4) obj. 3.21735e+06 iterations 10
Cbc0038I Pass   8: suminf.    1.09189 (3) obj. 3.21735e+06 iterations 2
Cbc0038I Pass   9: suminf.    1.09189 (3) obj. 3.21735e+06 iterations 1
Cbc0038I Pass  10: suminf.    0.75816 (4) obj. 3.21735e+06 iterations 7
Cbc0038I Pass  11: suminf.    0.73512 (4) obj. 3.21735e+06 iterations 1
Cbc0038I Pass  12: suminf.    1.29688 (4) obj. 3.21735e+06 iterations 10
Cbc0038I Pass  13: suminf.    1.09189 (3) obj. 3.21735e+06 iterations 2
Cbc0038I Pass  14: suminf.    1.09189 (3) obj. 3.21735e+06 iterations 5
Cbc0038I Pass  15: suminf.    0.75816 (4) obj. 3.21735e+06 iterations 7
Cbc0038I Pass  16: suminf.    0.73512 (4) obj. 3.21735e+06 iterations 1
Cbc0038I Pass  17: suminf.    1.29688 (4) obj. 3.21735e+06 iterations 10
Cbc0038I Pass  18: suminf.    1.09189 (3) obj. 3.21735e+06 iterations 2
Cbc0038I Pass  19: suminf.    1.43387 (4) obj. 3.21735e+06 iterations 13
Cbc0038I Pass  20: suminf.    1.01187 (4) obj. 3.21735e+06 iterations 1
Cbc0038I Pass  21: suminf.    1.01187 (4) obj. 3.21735e+06 iterations 0
Cbc0038I Pass  22: suminf.    0.83597 (4) obj. 3.21735e+06 iterations 5
Cbc0038I Pass  23: suminf.    0.85812 (4) obj. 3.21735e+06 iterations 8
Cbc0038I Pass  24: suminf.    0.85812 (4) obj. 3.21735e+06 iterations 1
Cbc0038I Pass  25: suminf.    1.33138 (4) obj. 3.21735e+06 iterations 4
Cbc0038I Pass  26: suminf.    1.33138 (4) obj. 3.21735e+06 iterations 2
Cbc0038I Pass  27: suminf.    1.30368 (4) obj. 3.21735e+06 iterations 7
Cbc0038I Pass  28: suminf.    0.85812 (4) obj. 3.21735e+06 iterations 2
Cbc0038I Pass  29: suminf.    0.85812 (4) obj. 3.21735e+06 iterations 0
Cbc0038I Pass  30: suminf.    1.33138 (4) obj. 3.21735e+06 iterations 4
Cbc0038I Pass  31: suminf.    1.33138 (4) obj. 3.21735e+06 iterations 2
Cbc0038I Pass  32: suminf.    1.30368 (4) obj. 3.21735e+06 iterations 7
Cbc0038I Pass  33: suminf.    0.85812 (4) obj. 3.21735e+06 iterations 2
Cbc0038I No solution found this major pass
Cbc0038I Before mini branch and bound, 10 integers at bound fixed and 77 continuous
Cbc0038I Full problem 113 rows 153 columns, reduced to 27 rows 36 columns
Cbc0038I Mini branch and bound did not improve solution (0.05 seconds)
Cbc0038I After 0.05 seconds - Feasibility pump exiting with objective of 3.21736e+06 - took 0.04 seconds
Cbc0012I Integer solution of 3217364.9 found by feasibility pump after 0 iterations and 0 nodes (0.05 seconds)
Cbc0038I Full problem 113 rows 153 columns, reduced to 65 rows 99 columns
Cbc0031I 7 added rows had average density of 19.285714
Cbc0013I At root node, 7 cuts changed objective from 3217291 to 3217353.6 in 100 passes
Cbc0014I Cut generator 0 (Probing) - 5 row cuts average 5.2 elements, 0 column cuts (0 active)  in 0.008 seconds - new frequency is -100
Cbc0014I Cut generator 1 (Gomory) - 265 row cuts average 36.8 elements, 0 column cuts (0 active)  in 0.014 seconds - new frequency is 1
Cbc0014I Cut generator 2 (Knapsack) - 0 row cuts average 0.0 elements, 0 column cuts (0 active)  in 0.017 seconds - new frequency is -100
Cbc0014I Cut generator 3 (Clique) - 0 row cuts average 0.0 elements, 0 column cuts (0 active)  in 0.000 seconds - new frequency is -100
Cbc0014I Cut generator 4 (MixedIntegerRounding2) - 3 row cuts average 5.0 elements, 0 column cuts (0 active)  in 0.014 seconds - new frequency is -100
Cbc0014I Cut generator 5 (FlowCover) - 0 row cuts average 0.0 elements, 0 column cuts (0 active)  in 0.021 seconds - new frequency is -100
Cbc0014I Cut generator 6 (TwoMirCuts) - 28 row cuts average 10.8 elements, 0 column cuts (0 active)  in 0.006 seconds - new frequency is -100
Cbc0010I After 0 nodes, 1 on tree, 3217364.9 best solution, best possible 3217353.6 (0.20 seconds)
Cbc0001I Search completed - best objective 3217364.916897405, took 823 iterations and 2 nodes (0.21 seconds)
Cbc0032I Strong branching done 22 times (103 iterations), fathomed 2 nodes and fixed 1 variables
Cbc0035I Maximum depth 0, 0 variables fixed on reduced cost
Cuts at root node changed objective from 3.21729e+06 to 3.21735e+06
Probing was tried 100 times and created 5 cuts of which 0 were active after adding rounds of cuts (0.008 seconds)
Gomory was tried 105 times and created 273 cuts of which 0 were active after adding rounds of cuts (0.014 seconds)
Knapsack was tried 100 times and created 0 cuts of which 0 were active after adding rounds of cuts (0.017 seconds)
Clique was tried 100 times and created 0 cuts of which 0 were active after adding rounds of cuts (0.000 seconds)
MixedIntegerRounding2 was tried 100 times and created 3 cuts of which 0 were active after adding rounds of cuts (0.014 seconds)
FlowCover was tried 100 times and created 0 cuts of which 0 were active after adding rounds of cuts (0.021 seconds)
TwoMirCuts was tried 100 times and created 28 cuts of which 0 were active after adding rounds of cuts (0.006 seconds)
ZeroHalf was tried 1 times and created 0 cuts of which 0 were active after adding rounds of cuts (0.000 seconds)

Result - Optimal solution found

Objective value:                3217364.91689741
Enumerated nodes:               2
Total iterations:               823
Time (CPU seconds):             0.21
Time (Wallclock seconds):       0.21

Option for printingOptions changed from normal to all
Total time (CPU seconds):       0.24   (Wallclock seconds):       0.24

