Welcome to the CBC MILP Solver 
Version: 2.10.3 
Build Date: Dec 15 2019 

command line - E:\dachuang\.venv\Lib\site-packages\pulp\apis\../solverdir/cbc/win/i64/cbc.exe model.mps -primalTolerance 1e-9 -integerTolerance 1e-9 -ratioGap 0 -allowableGap 0 -threads 0 -branch -printingOptions all -solution solution.txt -saveSolution solution.bin -quit (default strategy 1)
At line 2 NAME          MODEL
At line 3 ROWS
At line 317 COLUMNS
At line 1133 RHS
At line 1446 BOUNDS
At line 1521 ENDATA
Problem MODEL has 312 rows, 241 columns and 647 elements
Coin0008I MODEL read with 0 errors
primalTolerance was changed from 1e-07 to 1e-09
integerTolerance was changed from 1e-07 to 1e-09
ratioGap was changed from 0 to 0
allowableGap was changed from 1e-10 to 0
Continuous objective value is 1.56414e+06 - 0.00 seconds
Cgl0003I 0 fixed, 0 tightened bounds, 3 strengthened rows, 0 substitutions
Cgl0004I processed model has 115 rows, 159 columns (24 integer (24 of which binary)) and 336 elements
Cbc0038I Initial state - 10 integers unsatisfied sum - 2.33788
Cbc0038I Pass   1: suminf.    0.00000 (0) obj. 1.68517e+06 iterations 13
Cbc0038I Solution found of 1.68517e+06
Cbc0038I Relaxing continuous gives 1.57196e+06
Cbc0038I Before mini branch and bound, 14 integers at bound fixed and 80 continuous
Cbc0038I Full problem 115 rows 159 columns, reduced to 11 rows 15 columns
Cbc0038I Mini branch and bound improved solution from 1.57196e+06 to 1.56447e+06 (0.01 seconds)
Cbc0038I Freeing continuous variables gives a solution of 1.56447e+06
Cbc0038I Round again with cutoff of 1.56444e+06
Cbc0038I Pass   2: suminf.    0.63285 (4) obj. 1.56444e+06 iterations 13
Cbc0038I Pass   3: suminf.    0.24654 (1) obj. 1.56444e+06 iterations 14
Cbc0038I Pass   4: suminf.    0.40322 (1) obj. 1.56444e+06 iterations 5
Cbc0038I Pass   5: suminf.    0.39878 (1) obj. 1.56444e+06 iterations 1
Cbc0038I Pass   6: suminf.    1.10366 (3) obj. 1.56444e+06 iterations 3
Cbc0038I Pass   7: suminf.    0.69571 (2) obj. 1.56444e+06 iterations 1
Cbc0038I Pass   8: suminf.    0.40322 (1) obj. 1.56444e+06 iterations 4
Cbc0038I Pass   9: suminf.    0.39878 (1) obj. 1.56444e+06 iterations 1
Cbc0038I Pass  10: suminf.    0.39878 (1) obj. 1.56444e+06 iterations 12
Cbc0038I Pass  11: suminf.    0.40322 (1) obj. 1.56444e+06 iterations 2
Cbc0038I Pass  12: suminf.    0.39878 (1) obj. 1.56444e+06 iterations 1
Cbc0038I Pass  13: suminf.    0.42254 (3) obj. 1.56444e+06 iterations 11
Cbc0038I Pass  14: suminf.    0.74828 (2) obj. 1.56444e+06 iterations 4
Cbc0038I Pass  15: suminf.    0.74828 (2) obj. 1.56444e+06 iterations 0
Cbc0038I Pass  16: suminf.    0.58801 (2) obj. 1.56444e+06 iterations 3
Cbc0038I Pass  17: suminf.    1.05175 (4) obj. 1.56444e+06 iterations 11
Cbc0038I Pass  18: suminf.    0.82102 (2) obj. 1.56444e+06 iterations 5
Cbc0038I Pass  19: suminf.    0.66075 (2) obj. 1.56444e+06 iterations 3
Cbc0038I Pass  20: suminf.    0.81825 (3) obj. 1.56444e+06 iterations 16
Cbc0038I Pass  21: suminf.    0.29552 (1) obj. 1.56444e+06 iterations 3
Cbc0038I Solution found of 1.56444e+06
Cbc0038I Relaxing continuous gives 1.56442e+06
Cbc0038I Before mini branch and bound, 3 integers at bound fixed and 72 continuous
Cbc0038I Full problem 115 rows 159 columns, reduced to 18 rows 23 columns
Cbc0038I Mini branch and bound improved solution from 1.56442e+06 to 1.5644e+06 (0.02 seconds)
Cbc0038I Freeing continuous variables gives a solution of 1.5644e+06
Cbc0038I Round again with cutoff of 1.56435e+06
Cbc0038I Pass  22: suminf.    1.02159 (5) obj. 1.56435e+06 iterations 2
Cbc0038I Pass  23: suminf.    0.82951 (2) obj. 1.56435e+06 iterations 10
Cbc0038I Pass  24: suminf.    0.82951 (2) obj. 1.56435e+06 iterations 0
Cbc0038I Pass  25: suminf.    0.66924 (2) obj. 1.56435e+06 iterations 3
Cbc0038I Pass  26: suminf.    1.47515 (4) obj. 1.56435e+06 iterations 20
Cbc0038I Pass  27: suminf.    1.06720 (3) obj. 1.56435e+06 iterations 1
Cbc0038I Pass  28: suminf.    0.42076 (2) obj. 1.56435e+06 iterations 2
Cbc0038I Pass  29: suminf.    0.42076 (2) obj. 1.56435e+06 iterations 0
Cbc0038I Pass  30: suminf.    0.77026 (2) obj. 1.56435e+06 iterations 5
Cbc0038I Pass  31: suminf.    0.77026 (2) obj. 1.56435e+06 iterations 0
Cbc0038I Pass  32: suminf.    0.98451 (3) obj. 1.56435e+06 iterations 16
Cbc0038I Pass  33: suminf.    0.98451 (3) obj. 1.56435e+06 iterations 0
Cbc0038I Pass  34: suminf.    0.63362 (3) obj. 1.56435e+06 iterations 9
Cbc0038I Pass  35: suminf.    0.63362 (3) obj. 1.56435e+06 iterations 0
Cbc0038I Pass  36: suminf.    0.81749 (2) obj. 1.56435e+06 iterations 8
Cbc0038I Pass  37: suminf.    0.28412 (2) obj. 1.56435e+06 iterations 4
Cbc0038I Pass  38: suminf.    0.58106 (3) obj. 1.56435e+06 iterations 2
Cbc0038I Pass  39: suminf.    0.81749 (2) obj. 1.56435e+06 iterations 3
Cbc0038I Pass  40: suminf.    0.28412 (2) obj. 1.56435e+06 iterations 3
Cbc0038I Pass  41: suminf.    0.34801 (1) obj. 1.56435e+06 iterations 6
Cbc0038I Pass  42: suminf.    0.45399 (1) obj. 1.56435e+06 iterations 1
Cbc0038I Pass  43: suminf.    0.34801 (1) obj. 1.56435e+06 iterations 2
Cbc0038I Pass  44: suminf.    0.42076 (2) obj. 1.56435e+06 iterations 8
Cbc0038I Pass  45: suminf.    0.77026 (2) obj. 1.56435e+06 iterations 8
Cbc0038I Pass  46: suminf.    0.77026 (2) obj. 1.56435e+06 iterations 0
Cbc0038I Pass  47: suminf.    0.42076 (2) obj. 1.56435e+06 iterations 2
Cbc0038I Pass  48: suminf.    0.42076 (2) obj. 1.56435e+06 iterations 0
Cbc0038I Pass  49: suminf.    1.46223 (8) obj. 1.56435e+06 iterations 20
Cbc0038I Pass  50: suminf.    0.63362 (3) obj. 1.56435e+06 iterations 17
Cbc0038I Pass  51: suminf.    0.63362 (3) obj. 1.56435e+06 iterations 0
Cbc0038I No solution found this major pass
Cbc0038I Before mini branch and bound, 2 integers at bound fixed and 68 continuous
Cbc0038I Full problem 115 rows 159 columns, reduced to 22 rows 28 columns
Cbc0038I Mini branch and bound did not improve solution (0.03 seconds)
Cbc0038I After 0.03 seconds - Feasibility pump exiting with objective of 1.5644e+06 - took 0.03 seconds
Cbc0012I Integer solution of 1564400.1 found by feasibility pump after 0 iterations and 0 nodes (0.04 seconds)
Cbc0038I Full problem 115 rows 159 columns, reduced to 84 rows 125 columns
Cbc0031I 14 added rows had average density of 19.285714
Cbc0013I At root node, 14 cuts changed objective from 1564156.7 to 1564374.2 in 78 passes
Cbc0014I Cut generator 0 (Probing) - 6 row cuts average 2.0 elements, 0 column cuts (0 active)  in 0.008 seconds - new frequency is -100
Cbc0014I Cut generator 1 (Gomory) - 198 row cuts average 30.4 elements, 0 column cuts (0 active)  in 0.003 seconds - new frequency is 1
Cbc0014I Cut generator 2 (Knapsack) - 0 row cuts average 0.0 elements, 0 column cuts (0 active)  in 0.010 seconds - new frequency is -100
Cbc0014I Cut generator 3 (Clique) - 0 row cuts average 0.0 elements, 0 column cuts (0 active)  in 0.000 seconds - new frequency is -100
Cbc0014I Cut generator 4 (MixedIntegerRounding2) - 7 row cuts average 4.9 elements, 0 column cuts (0 active)  in 0.007 seconds - new frequency is -100
Cbc0014I Cut generator 5 (FlowCover) - 0 row cuts average 0.0 elements, 0 column cuts (0 active)  in 0.012 seconds - new frequency is -100
Cbc0014I Cut generator 6 (TwoMirCuts) - 26 row cuts average 14.5 elements, 0 column cuts (0 active)  in 0.005 seconds - new frequency is -100
Cbc0010I After 0 nodes, 1 on tree, 1564400.1 best solution, best possible 1564374.2 (0.14 seconds)
Cbc0001I Search completed - best objective 1564400.143516773, took 688 iterations and 8 nodes (0.15 seconds)
Cbc0032I Strong branching done 32 times (126 iterations), fathomed 2 nodes and fixed 2 variables
Cbc0035I Maximum depth 2, 2 variables fixed on reduced cost
Cuts at root node changed objective from 1.56416e+06 to 1.56437e+06
Probing was tried 78 times and created 6 cuts of which 0 were active after adding rounds of cuts (0.008 seconds)
Gomory was tried 88 times and created 206 cuts of which 0 were active after adding rounds of cuts (0.005 seconds)
Knapsack was tried 78 times and created 0 cuts of which 0 were active after adding rounds of cuts (0.010 seconds)
Clique was tried 78 times and created 0 cuts of which 0 were active after adding rounds of cuts (0.000 seconds)
MixedIntegerRounding2 was tried 78 times and created 7 cuts of which 0 were active after adding rounds of cuts (0.007 seconds)
FlowCover was tried 78 times and created 0 cuts of which 0 were active after adding rounds of cuts (0.012 seconds)
TwoMirCuts was tried 78 times and created 26 cuts of which 0 were active after adding rounds of cuts (0.005 seconds)
ZeroHalf was tried 1 times and created 0 cuts of which 0 were active after adding rounds of cuts (0.000 seconds)

Result - Optimal solution found

Objective value:                1564400.14351677
Enumerated nodes:               8
Total iterations:               688
Time (CPU seconds):             0.15
Time (Wallclock seconds):       0.15

Option for printingOptions changed from normal to all
Total time (CPU seconds):       0.18   (Wallclock seconds):       0.18

