Welcome to the CBC MILP Solver 
Version: 2.10.3 
Build Date: Dec 15 2019 

command line - E:\dachuang\.venv\Lib\site-packages\pulp\apis\../solverdir/cbc/win/i64/cbc.exe model.mps -primalTolerance 1e-9 -integerTolerance 1e-9 -ratioGap 0 -allowableGap 0 -threads 0 -branch -printingOptions all -solution solution.txt -saveSolution solution.bin -quit (default strategy 1)
At line 2 NAME          MODEL
At line 3 ROWS
At line 317 COLUMNS
At line 1133 RHS
At line 1446 BOUNDS
At line 1521 ENDATA
Problem MODEL has 312 rows, 241 columns and 647 elements
Coin0008I MODEL read with 0 errors
primalTolerance was changed from 1e-07 to 1e-09
integerTolerance was changed from 1e-07 to 1e-09
ratioGap was changed from 0 to 0
allowableGap was changed from 1e-10 to 0
Continuous objective value is 1.76582e+06 - 0.00 seconds
Cgl0003I 0 fixed, 0 tightened bounds, 2 strengthened rows, 0 substitutions
Cgl0004I processed model has 115 rows, 159 columns (24 integer (24 of which binary)) and 336 elements
Cbc0038I Initial state - 6 integers unsatisfied sum - 1.63843
Cbc0038I Pass   1: suminf.    0.00000 (0) obj. 1.76917e+06 iterations 11
Cbc0038I Solution found of 1.76917e+06
Cbc0038I Relaxing continuous gives 1.76737e+06
Cbc0038I Before mini branch and bound, 18 integers at bound fixed and 92 continuous
Cbc0038I Full problem 115 rows 159 columns, reduced to 6 rows 8 columns
Cbc0038I Mini branch and bound improved solution from 1.76737e+06 to 1.76597e+06 (0.01 seconds)
Cbc0038I Round again with cutoff of 1.76595e+06
Cbc0038I Pass   2: suminf.    0.40417 (2) obj. 1.76595e+06 iterations 8
Cbc0038I Pass   3: suminf.    0.38213 (1) obj. 1.76595e+06 iterations 9
Cbc0038I Pass   4: suminf.    0.06242 (1) obj. 1.76595e+06 iterations 1
Cbc0038I Pass   5: suminf.    1.21397 (4) obj. 1.76595e+06 iterations 15
Cbc0038I Pass   6: suminf.    0.48487 (2) obj. 1.76595e+06 iterations 2
Cbc0038I Pass   7: suminf.    0.06242 (1) obj. 1.76595e+06 iterations 14
Cbc0038I Pass   8: suminf.    0.11363 (1) obj. 1.76595e+06 iterations 5
Cbc0038I Pass   9: suminf.    0.79152 (3) obj. 1.76595e+06 iterations 6
Cbc0038I Pass  10: suminf.    0.06242 (1) obj. 1.76595e+06 iterations 2
Cbc0038I Pass  11: suminf.    0.11363 (1) obj. 1.76595e+06 iterations 5
Cbc0038I Pass  12: suminf.    1.05837 (3) obj. 1.76595e+06 iterations 13
Cbc0038I Pass  13: suminf.    0.75337 (2) obj. 1.76595e+06 iterations 1
Cbc0038I Pass  14: suminf.    0.06242 (1) obj. 1.76595e+06 iterations 3
Cbc0038I Pass  15: suminf.    0.38213 (1) obj. 1.76595e+06 iterations 7
Cbc0038I Pass  16: suminf.    1.43238 (5) obj. 1.76595e+06 iterations 15
Cbc0038I Pass  17: suminf.    0.92417 (4) obj. 1.76595e+06 iterations 2
Cbc0038I Pass  18: suminf.    0.38213 (1) obj. 1.76595e+06 iterations 11
Cbc0038I Pass  19: suminf.    0.06242 (1) obj. 1.76595e+06 iterations 1
Cbc0038I Pass  20: suminf.    2.57722 (8) obj. 1.76595e+06 iterations 19
Cbc0038I Pass  21: suminf.    1.54312 (5) obj. 1.76595e+06 iterations 3
Cbc0038I Pass  22: suminf.    0.06242 (1) obj. 1.76595e+06 iterations 7
Cbc0038I Pass  23: suminf.    0.38213 (1) obj. 1.76595e+06 iterations 4
Cbc0038I Pass  24: suminf.    0.55592 (3) obj. 1.76595e+06 iterations 13
Cbc0038I Pass  25: suminf.    0.06242 (1) obj. 1.76595e+06 iterations 2
Cbc0038I Pass  26: suminf.    0.11363 (1) obj. 1.76595e+06 iterations 4
Cbc0038I Pass  27: suminf.    0.36742 (2) obj. 1.76595e+06 iterations 11
Cbc0038I Pass  28: suminf.    0.06242 (1) obj. 1.76595e+06 iterations 1
Cbc0038I Pass  29: suminf.    0.11363 (1) obj. 1.76595e+06 iterations 9
Cbc0038I Pass  30: suminf.    0.11363 (1) obj. 1.76595e+06 iterations 5
Cbc0038I Pass  31: suminf.    0.06242 (1) obj. 1.76595e+06 iterations 1
Cbc0038I No solution found this major pass
Cbc0038I Before mini branch and bound, 0 integers at bound fixed and 71 continuous
Cbc0038I Full problem 115 rows 159 columns, reduced to 4 rows 6 columns
Cbc0038I Mini branch and bound did not improve solution (0.02 seconds)
Cbc0038I After 0.02 seconds - Feasibility pump exiting with objective of 1.76597e+06 - took 0.02 seconds
Cbc0012I Integer solution of 1765966.5 found by feasibility pump after 0 iterations and 0 nodes (0.03 seconds)
Cbc0038I Full problem 115 rows 159 columns, reduced to 65 rows 106 columns
Cbc0031I 8 added rows had average density of 8.25
Cbc0013I At root node, 8 cuts changed objective from 1765821.6 to 1765965.3 in 19 passes
Cbc0014I Cut generator 0 (Probing) - 1 row cuts average 2.0 elements, 0 column cuts (0 active)  in 0.002 seconds - new frequency is -100
Cbc0014I Cut generator 1 (Gomory) - 35 row cuts average 14.5 elements, 0 column cuts (0 active)  in 0.003 seconds - new frequency is 1
Cbc0014I Cut generator 2 (Knapsack) - 0 row cuts average 0.0 elements, 0 column cuts (0 active)  in 0.002 seconds - new frequency is -100
Cbc0014I Cut generator 3 (Clique) - 0 row cuts average 0.0 elements, 0 column cuts (0 active)  in 0.000 seconds - new frequency is -100
Cbc0014I Cut generator 4 (MixedIntegerRounding2) - 5 row cuts average 4.2 elements, 0 column cuts (0 active)  in 0.000 seconds - new frequency is 1
Cbc0014I Cut generator 5 (FlowCover) - 0 row cuts average 0.0 elements, 0 column cuts (0 active)  in 0.007 seconds - new frequency is -100
Cbc0014I Cut generator 6 (TwoMirCuts) - 16 row cuts average 8.9 elements, 0 column cuts (0 active)  in 0.000 seconds - new frequency is -100
Cbc0001I Search completed - best objective 1765966.459279667, took 54 iterations and 0 nodes (0.05 seconds)
Cbc0032I Strong branching done 4 times (26 iterations), fathomed 1 nodes and fixed 0 variables
Cbc0035I Maximum depth 0, 0 variables fixed on reduced cost
Cuts at root node changed objective from 1.76582e+06 to 1.76597e+06
Probing was tried 19 times and created 1 cuts of which 0 were active after adding rounds of cuts (0.002 seconds)
Gomory was tried 19 times and created 35 cuts of which 0 were active after adding rounds of cuts (0.003 seconds)
Knapsack was tried 19 times and created 0 cuts of which 0 were active after adding rounds of cuts (0.002 seconds)
Clique was tried 19 times and created 0 cuts of which 0 were active after adding rounds of cuts (0.000 seconds)
MixedIntegerRounding2 was tried 19 times and created 5 cuts of which 0 were active after adding rounds of cuts (0.000 seconds)
FlowCover was tried 19 times and created 0 cuts of which 0 were active after adding rounds of cuts (0.007 seconds)
TwoMirCuts was tried 19 times and created 16 cuts of which 0 were active after adding rounds of cuts (0.000 seconds)
ZeroHalf was tried 1 times and created 0 cuts of which 0 were active after adding rounds of cuts (0.000 seconds)

Result - Optimal solution found

Objective value:                1765966.45927967
Enumerated nodes:               0
Total iterations:               54
Time (CPU seconds):             0.06
Time (Wallclock seconds):       0.06

Option for printingOptions changed from normal to all
Total time (CPU seconds):       0.08   (Wallclock seconds):       0.08

