Welcome to the CBC MILP Solver 
Version: 2.10.3 
Build Date: Dec 15 2019 

command line - E:\dachuang\.venv\Lib\site-packages\pulp\apis\../solverdir/cbc/win/i64/cbc.exe model.mps -primalTolerance 1e-9 -integerTolerance 1e-9 -ratioGap 0 -allowableGap 0 -threads 0 -branch -printingOptions all -solution solution.txt -saveSolution solution.bin -quit (default strategy 1)
At line 2 NAME          MODEL
At line 3 ROWS
At line 317 COLUMNS
At line 1133 RHS
At line 1446 BOUNDS
At line 1521 ENDATA
Problem MODEL has 312 rows, 241 columns and 647 elements
Coin0008I MODEL read with 0 errors
primalTolerance was changed from 1e-07 to 1e-09
integerTolerance was changed from 1e-07 to 1e-09
ratioGap was changed from 0 to 0
allowableGap was changed from 1e-10 to 0
Continuous objective value is 2.55264e+06 - 0.00 seconds
Cgl0003I 0 fixed, 0 tightened bounds, 2 strengthened rows, 0 substitutions
Cgl0004I processed model has 114 rows, 157 columns (24 integer (24 of which binary)) and 331 elements
Cbc0038I Initial state - 12 integers unsatisfied sum - 4.17554
Cbc0038I Pass   1: suminf.    0.00000 (0) obj. 2.70015e+06 iterations 20
Cbc0038I Solution found of 2.70015e+06
Cbc0038I Relaxing continuous gives 2.68949e+06
Cbc0038I Before mini branch and bound, 12 integers at bound fixed and 80 continuous
Cbc0038I Full problem 114 rows 157 columns, reduced to 9 rows 11 columns
Cbc0038I Mini branch and bound improved solution from 2.68949e+06 to 2.55317e+06 (0.01 seconds)
Cbc0038I Freeing continuous variables gives a solution of 2.55317e+06
Cbc0038I Round again with cutoff of 2.55312e+06
Cbc0038I Pass   2: suminf.    1.01622 (4) obj. 2.55312e+06 iterations 15
Cbc0038I Pass   3: suminf.    0.00000 (0) obj. 2.55312e+06 iterations 10
Cbc0038I Solution found of 2.55312e+06
Cbc0038I Relaxing continuous gives 2.5531e+06
Cbc0038I Before mini branch and bound, 12 integers at bound fixed and 81 continuous
Cbc0038I Full problem 114 rows 157 columns, reduced to 14 rows 18 columns
Cbc0038I Mini branch and bound improved solution from 2.5531e+06 to 2.55289e+06 (0.02 seconds)
Cbc0038I Round again with cutoff of 2.55284e+06
Cbc0038I Pass   4: suminf.    1.33972 (5) obj. 2.55284e+06 iterations 3
Cbc0038I Pass   5: suminf.    1.00590 (5) obj. 2.55284e+06 iterations 6
Cbc0038I Pass   6: suminf.    0.54428 (2) obj. 2.55284e+06 iterations 11
Cbc0038I Pass   7: suminf.    0.58690 (4) obj. 2.55284e+06 iterations 10
Cbc0038I Pass   8: suminf.    0.58690 (4) obj. 2.55284e+06 iterations 0
Cbc0038I Pass   9: suminf.    0.89279 (3) obj. 2.55284e+06 iterations 8
Cbc0038I Pass  10: suminf.    0.54106 (3) obj. 2.55284e+06 iterations 1
Cbc0038I Pass  11: suminf.    0.51991 (2) obj. 2.55284e+06 iterations 2
Cbc0038I Pass  12: suminf.    0.55990 (4) obj. 2.55284e+06 iterations 9
Cbc0038I Pass  13: suminf.    0.55990 (4) obj. 2.55284e+06 iterations 0
Cbc0038I Pass  14: suminf.    0.91979 (3) obj. 2.55284e+06 iterations 7
Cbc0038I Pass  15: suminf.    0.56806 (3) obj. 2.55284e+06 iterations 1
Cbc0038I Pass  16: suminf.    0.54428 (2) obj. 2.55284e+06 iterations 3
Cbc0038I Pass  17: suminf.    0.58690 (4) obj. 2.55284e+06 iterations 10
Cbc0038I Pass  18: suminf.    0.58690 (4) obj. 2.55284e+06 iterations 0
Cbc0038I Pass  19: suminf.    0.89279 (3) obj. 2.55284e+06 iterations 7
Cbc0038I Pass  20: suminf.    0.54106 (3) obj. 2.55284e+06 iterations 1
Cbc0038I Pass  21: suminf.    0.51991 (2) obj. 2.55284e+06 iterations 2
Cbc0038I Pass  22: suminf.    0.55990 (4) obj. 2.55284e+06 iterations 9
Cbc0038I Pass  23: suminf.    0.55990 (4) obj. 2.55284e+06 iterations 0
Cbc0038I Pass  24: suminf.    0.91979 (3) obj. 2.55284e+06 iterations 7
Cbc0038I Pass  25: suminf.    0.56806 (3) obj. 2.55284e+06 iterations 1
Cbc0038I Pass  26: suminf.    0.54428 (2) obj. 2.55284e+06 iterations 3
Cbc0038I Pass  27: suminf.    0.58690 (4) obj. 2.55284e+06 iterations 10
Cbc0038I Pass  28: suminf.    0.58690 (4) obj. 2.55284e+06 iterations 0
Cbc0038I Pass  29: suminf.    0.89279 (3) obj. 2.55284e+06 iterations 7
Cbc0038I Pass  30: suminf.    0.54106 (3) obj. 2.55284e+06 iterations 1
Cbc0038I Pass  31: suminf.    0.51991 (2) obj. 2.55284e+06 iterations 2
Cbc0038I Pass  32: suminf.    0.55990 (4) obj. 2.55284e+06 iterations 9
Cbc0038I Pass  33: suminf.    0.55990 (4) obj. 2.55284e+06 iterations 0
Cbc0038I No solution found this major pass
Cbc0038I Before mini branch and bound, 12 integers at bound fixed and 81 continuous
Cbc0038I Full problem 114 rows 157 columns, reduced to 18 rows 23 columns
Cbc0038I Mini branch and bound improved solution from 2.55289e+06 to 2.55288e+06 (0.03 seconds)
Cbc0038I Freeing continuous variables gives a solution of 2.55288e+06
Cbc0038I Round again with cutoff of 2.55278e+06
Cbc0038I Pass  33: suminf.    1.30478 (6) obj. 2.55278e+06 iterations 1
Cbc0038I Pass  34: suminf.    1.28860 (5) obj. 2.55278e+06 iterations 4
Cbc0038I Pass  35: suminf.    0.81835 (4) obj. 2.55278e+06 iterations 10
Cbc0038I Pass  36: suminf.    1.49174 (4) obj. 2.55278e+06 iterations 6
Cbc0038I Pass  37: suminf.    0.84260 (4) obj. 2.55278e+06 iterations 1
Cbc0038I Pass  38: suminf.    1.20249 (4) obj. 2.55278e+06 iterations 4
Cbc0038I Pass  39: suminf.    0.83141 (4) obj. 2.55278e+06 iterations 1
Cbc0038I Pass  40: suminf.    0.81835 (4) obj. 2.55278e+06 iterations 3
Cbc0038I Pass  41: suminf.    1.49174 (4) obj. 2.55278e+06 iterations 6
Cbc0038I Pass  42: suminf.    0.84260 (4) obj. 2.55278e+06 iterations 1
Cbc0038I Pass  43: suminf.    1.20249 (4) obj. 2.55278e+06 iterations 4
Cbc0038I Pass  44: suminf.    0.83141 (4) obj. 2.55278e+06 iterations 1
Cbc0038I Pass  45: suminf.    0.81835 (4) obj. 2.55278e+06 iterations 3
Cbc0038I Pass  46: suminf.    1.49174 (4) obj. 2.55278e+06 iterations 6
Cbc0038I Pass  47: suminf.    0.84260 (4) obj. 2.55278e+06 iterations 1
Cbc0038I Pass  48: suminf.    1.20249 (4) obj. 2.55278e+06 iterations 4
Cbc0038I Pass  49: suminf.    0.83141 (4) obj. 2.55278e+06 iterations 1
Cbc0038I Pass  50: suminf.    0.81835 (4) obj. 2.55278e+06 iterations 3
Cbc0038I Pass  51: suminf.    1.49174 (4) obj. 2.55278e+06 iterations 6
Cbc0038I Pass  52: suminf.    0.84260 (4) obj. 2.55278e+06 iterations 1
Cbc0038I Pass  53: suminf.    1.20249 (4) obj. 2.55278e+06 iterations 4
Cbc0038I Pass  54: suminf.    0.83141 (4) obj. 2.55278e+06 iterations 1
Cbc0038I Pass  55: suminf.    0.81835 (4) obj. 2.55278e+06 iterations 3
Cbc0038I Pass  56: suminf.    1.49174 (4) obj. 2.55278e+06 iterations 6
Cbc0038I Pass  57: suminf.    0.84260 (4) obj. 2.55278e+06 iterations 1
Cbc0038I Pass  58: suminf.    1.20249 (4) obj. 2.55278e+06 iterations 4
Cbc0038I Pass  59: suminf.    0.83141 (4) obj. 2.55278e+06 iterations 1
Cbc0038I Pass  60: suminf.    0.81835 (4) obj. 2.55278e+06 iterations 3
Cbc0038I Pass  61: suminf.    1.49174 (4) obj. 2.55278e+06 iterations 6
Cbc0038I Pass  62: suminf.    0.84260 (4) obj. 2.55278e+06 iterations 1
Cbc0038I No solution found this major pass
Cbc0038I Before mini branch and bound, 12 integers at bound fixed and 81 continuous
Cbc0038I Full problem 114 rows 157 columns, reduced to 18 rows 23 columns
Cbc0038I Mini branch and bound did not improve solution (0.04 seconds)
Cbc0038I After 0.04 seconds - Feasibility pump exiting with objective of 2.55288e+06 - took 0.03 seconds
Cbc0012I Integer solution of 2552879.9 found by feasibility pump after 0 iterations and 0 nodes (0.04 seconds)
Cbc0038I Full problem 114 rows 157 columns, reduced to 81 rows 121 columns
Cbc0012I Integer solution of 2552813.7 found by DiveCoefficient after 768 iterations and 0 nodes (0.16 seconds)
Cbc0031I 17 added rows had average density of 13.882353
Cbc0013I At root node, 17 cuts changed objective from 2552638.8 to 2552812.5 in 100 passes
Cbc0014I Cut generator 0 (Probing) - 3 row cuts average 2.0 elements, 1 column cuts (1 active)  in 0.009 seconds - new frequency is -100
Cbc0014I Cut generator 1 (Gomory) - 259 row cuts average 27.9 elements, 0 column cuts (0 active)  in 0.015 seconds - new frequency is 1
Cbc0014I Cut generator 2 (Knapsack) - 0 row cuts average 0.0 elements, 0 column cuts (0 active)  in 0.012 seconds - new frequency is -100
Cbc0014I Cut generator 3 (Clique) - 0 row cuts average 0.0 elements, 0 column cuts (0 active)  in 0.000 seconds - new frequency is -100
Cbc0014I Cut generator 4 (MixedIntegerRounding2) - 11 row cuts average 6.6 elements, 0 column cuts (0 active)  in 0.011 seconds - new frequency is -100
Cbc0014I Cut generator 5 (FlowCover) - 1 row cuts average 2.0 elements, 0 column cuts (0 active)  in 0.015 seconds - new frequency is -100
Cbc0014I Cut generator 6 (TwoMirCuts) - 29 row cuts average 10.4 elements, 0 column cuts (0 active)  in 0.002 seconds - new frequency is -100
Cbc0010I After 0 nodes, 1 on tree, 2552813.7 best solution, best possible 2552812.5 (0.17 seconds)
Cbc0001I Search completed - best objective 2552813.741341911, took 823 iterations and 2 nodes (0.17 seconds)
Cbc0032I Strong branching done 6 times (37 iterations), fathomed 1 nodes and fixed 0 variables
Cbc0035I Maximum depth 0, 0 variables fixed on reduced cost
Cuts at root node changed objective from 2.55264e+06 to 2.55281e+06
Probing was tried 100 times and created 4 cuts of which 0 were active after adding rounds of cuts (0.009 seconds)
Gomory was tried 105 times and created 264 cuts of which 0 were active after adding rounds of cuts (0.016 seconds)
Knapsack was tried 100 times and created 0 cuts of which 0 were active after adding rounds of cuts (0.012 seconds)
Clique was tried 100 times and created 0 cuts of which 0 were active after adding rounds of cuts (0.000 seconds)
MixedIntegerRounding2 was tried 100 times and created 11 cuts of which 0 were active after adding rounds of cuts (0.011 seconds)
FlowCover was tried 100 times and created 1 cuts of which 0 were active after adding rounds of cuts (0.015 seconds)
TwoMirCuts was tried 100 times and created 29 cuts of which 0 were active after adding rounds of cuts (0.002 seconds)
ZeroHalf was tried 1 times and created 0 cuts of which 0 were active after adding rounds of cuts (0.000 seconds)

Result - Optimal solution found

Objective value:                2552813.74134191
Enumerated nodes:               2
Total iterations:               823
Time (CPU seconds):             0.17
Time (Wallclock seconds):       0.17

Option for printingOptions changed from normal to all
Total time (CPU seconds):       0.20   (Wallclock seconds):       0.20

