Welcome to the CBC MILP Solver 
Version: 2.10.3 
Build Date: Dec 15 2019 

command line - E:\dachuang\.venv\Lib\site-packages\pulp\apis\../solverdir/cbc/win/i64/cbc.exe model.mps -primalTolerance 1e-9 -integerTolerance 1e-9 -ratioGap 0 -allowableGap 0 -threads 0 -branch -printingOptions all -solution solution.txt -saveSolution solution.bin -quit (default strategy 1)
At line 2 NAME          MODEL
At line 3 ROWS
At line 317 COLUMNS
At line 1133 RHS
At line 1446 BOUNDS
At line 1521 ENDATA
Problem MODEL has 312 rows, 241 columns and 647 elements
Coin0008I MODEL read with 0 errors
primalTolerance was changed from 1e-07 to 1e-09
integerTolerance was changed from 1e-07 to 1e-09
ratioGap was changed from 0 to 0
allowableGap was changed from 1e-10 to 0
Continuous objective value is 3.76783e+06 - 0.00 seconds
Cgl0003I 0 fixed, 0 tightened bounds, 3 strengthened rows, 0 substitutions
Cgl0004I processed model has 112 rows, 149 columns (24 integer (24 of which binary)) and 317 elements
Cbc0038I Initial state - 7 integers unsatisfied sum - 2.56382
Cbc0038I Pass   1: suminf.    0.00000 (0) obj. 3.76833e+06 iterations 12
Cbc0038I Solution found of 3.76833e+06
Cbc0038I Relaxing continuous gives 3.76833e+06
Cbc0038I Before mini branch and bound, 17 integers at bound fixed and 84 continuous
Cbc0038I Full problem 112 rows 149 columns, reduced to 9 rows 10 columns
Cbc0038I Mini branch and bound improved solution from 3.76833e+06 to 3.76833e+06 (0.01 seconds)
Cbc0038I Round again with cutoff of 3.76828e+06
Cbc0038I Pass   2: suminf.    0.22420 (1) obj. 3.76828e+06 iterations 2
Cbc0038I Pass   3: suminf.    0.00000 (0) obj. 3.76828e+06 iterations 7
Cbc0038I Solution found of 3.76828e+06
Cbc0038I Relaxing continuous gives 3.76818e+06
Cbc0038I Before mini branch and bound, 17 integers at bound fixed and 81 continuous
Cbc0038I Full problem 112 rows 149 columns, reduced to 13 rows 17 columns
Cbc0038I Mini branch and bound improved solution from 3.76818e+06 to 3.76812e+06 (0.02 seconds)
Cbc0038I Round again with cutoff of 3.76806e+06
Cbc0038I Pass   4: suminf.    0.52938 (2) obj. 3.76806e+06 iterations 4
Cbc0038I Pass   5: suminf.    0.48914 (1) obj. 3.76806e+06 iterations 2
Cbc0038I Pass   6: suminf.    0.25026 (1) obj. 3.76806e+06 iterations 7
Cbc0038I Pass   7: suminf.    0.24688 (1) obj. 3.76806e+06 iterations 3
Cbc0038I Pass   8: suminf.    0.53438 (2) obj. 3.76806e+06 iterations 10
Cbc0038I Pass   9: suminf.    0.51086 (2) obj. 3.76806e+06 iterations 4
Cbc0038I Pass  10: suminf.    0.85224 (3) obj. 3.76806e+06 iterations 10
Cbc0038I Pass  11: suminf.    0.24688 (1) obj. 3.76806e+06 iterations 3
Cbc0038I Pass  12: suminf.    0.25026 (1) obj. 3.76806e+06 iterations 6
Cbc0038I Pass  13: suminf.    1.17790 (4) obj. 3.76806e+06 iterations 11
Cbc0038I Pass  14: suminf.    0.76128 (2) obj. 3.76806e+06 iterations 5
Cbc0038I Pass  15: suminf.    0.57592 (2) obj. 3.76806e+06 iterations 3
Cbc0038I Pass  16: suminf.    0.24688 (1) obj. 3.76806e+06 iterations 4
Cbc0038I Pass  17: suminf.    0.25026 (1) obj. 3.76806e+06 iterations 7
Cbc0038I Pass  18: suminf.    0.25503 (4) obj. 3.76806e+06 iterations 25
Cbc0038I Pass  19: suminf.    0.24688 (3) obj. 3.76806e+06 iterations 5
Cbc0038I Pass  20: suminf.    0.90651 (3) obj. 3.76806e+06 iterations 7
Cbc0038I Pass  21: suminf.    0.25736 (4) obj. 3.76806e+06 iterations 2
Cbc0038I Pass  22: suminf.    1.05237 (4) obj. 3.76806e+06 iterations 13
Cbc0038I Pass  23: suminf.    1.05237 (4) obj. 3.76806e+06 iterations 0
Cbc0038I Pass  24: suminf.    1.16986 (3) obj. 3.76806e+06 iterations 12
Cbc0038I Pass  25: suminf.    0.54986 (4) obj. 3.76806e+06 iterations 2
Cbc0038I Pass  26: suminf.    0.54986 (3) obj. 3.76806e+06 iterations 1
Cbc0038I Pass  27: suminf.    0.53188 (2) obj. 3.76806e+06 iterations 6
Cbc0038I Pass  28: suminf.    0.53188 (4) obj. 3.76806e+06 iterations 10
Cbc0038I Pass  29: suminf.    0.25736 (3) obj. 3.76806e+06 iterations 11
Cbc0038I Pass  30: suminf.    0.25736 (3) obj. 3.76806e+06 iterations 6
Cbc0038I Pass  31: suminf.    0.54986 (4) obj. 3.76806e+06 iterations 13
Cbc0038I Pass  32: suminf.    0.54986 (3) obj. 3.76806e+06 iterations 1
Cbc0038I Pass  33: suminf.    0.53188 (2) obj. 3.76806e+06 iterations 6
Cbc0038I No solution found this major pass
Cbc0038I Before mini branch and bound, 8 integers at bound fixed and 69 continuous
Cbc0038I Full problem 112 rows 149 columns, reduced to 26 rows 35 columns
Cbc0038I Mini branch and bound improved solution from 3.76812e+06 to 3.76808e+06 (0.03 seconds)
Cbc0038I Freeing continuous variables gives a solution of 3.76808e+06
Cbc0038I Round again with cutoff of 3.768e+06
Cbc0038I Pass  33: suminf.    0.57959 (2) obj. 3.768e+06 iterations 0
Cbc0038I Pass  34: suminf.    0.52142 (2) obj. 3.768e+06 iterations 3
Cbc0038I Pass  35: suminf.    0.51791 (2) obj. 3.768e+06 iterations 1
Cbc0038I Pass  36: suminf.    0.55767 (3) obj. 3.768e+06 iterations 5
Cbc0038I Pass  37: suminf.    0.55767 (3) obj. 3.768e+06 iterations 0
Cbc0038I Pass  38: suminf.    0.55057 (2) obj. 3.768e+06 iterations 5
Cbc0038I Pass  39: suminf.    0.52142 (2) obj. 3.768e+06 iterations 3
Cbc0038I Pass  40: suminf.    0.51791 (2) obj. 3.768e+06 iterations 1
Cbc0038I Pass  41: suminf.    0.55767 (3) obj. 3.768e+06 iterations 5
Cbc0038I Pass  42: suminf.    0.55767 (3) obj. 3.768e+06 iterations 0
Cbc0038I Pass  43: suminf.    0.55057 (2) obj. 3.768e+06 iterations 5
Cbc0038I Pass  44: suminf.    0.52142 (2) obj. 3.768e+06 iterations 3
Cbc0038I Pass  45: suminf.    0.51791 (2) obj. 3.768e+06 iterations 1
Cbc0038I Pass  46: suminf.    0.55767 (3) obj. 3.768e+06 iterations 5
Cbc0038I Pass  47: suminf.    0.55767 (3) obj. 3.768e+06 iterations 0
Cbc0038I Pass  48: suminf.    0.55057 (2) obj. 3.768e+06 iterations 5
Cbc0038I Pass  49: suminf.    0.52142 (2) obj. 3.768e+06 iterations 3
Cbc0038I Pass  50: suminf.    0.51791 (2) obj. 3.768e+06 iterations 1
Cbc0038I Pass  51: suminf.    0.55767 (3) obj. 3.768e+06 iterations 5
Cbc0038I Pass  52: suminf.    0.55767 (3) obj. 3.768e+06 iterations 0
Cbc0038I Pass  53: suminf.    0.55057 (2) obj. 3.768e+06 iterations 5
Cbc0038I Pass  54: suminf.    0.52142 (2) obj. 3.768e+06 iterations 3
Cbc0038I Pass  55: suminf.    0.51791 (2) obj. 3.768e+06 iterations 1
Cbc0038I Pass  56: suminf.    0.55767 (3) obj. 3.768e+06 iterations 5
Cbc0038I Pass  57: suminf.    0.55767 (3) obj. 3.768e+06 iterations 0
Cbc0038I Pass  58: suminf.    0.55057 (2) obj. 3.768e+06 iterations 5
Cbc0038I Pass  59: suminf.    0.52142 (2) obj. 3.768e+06 iterations 3
Cbc0038I Pass  60: suminf.    0.51791 (2) obj. 3.768e+06 iterations 1
Cbc0038I Pass  61: suminf.    0.55767 (3) obj. 3.768e+06 iterations 5
Cbc0038I Pass  62: suminf.    0.55767 (3) obj. 3.768e+06 iterations 0
Cbc0038I No solution found this major pass
Cbc0038I Before mini branch and bound, 17 integers at bound fixed and 80 continuous
Cbc0038I Full problem 112 rows 149 columns, reduced to 16 rows 21 columns
Cbc0038I Mini branch and bound did not improve solution (0.04 seconds)
Cbc0038I After 0.04 seconds - Feasibility pump exiting with objective of 3.76808e+06 - took 0.03 seconds
Cbc0012I Integer solution of 3768076.6 found by feasibility pump after 0 iterations and 0 nodes (0.04 seconds)
Cbc0038I Full problem 112 rows 149 columns, reduced to 71 rows 102 columns
Cbc0031I 6 added rows had average density of 24.833333
Cbc0013I At root node, 6 cuts changed objective from 3767854.9 to 3768029 in 100 passes
Cbc0014I Cut generator 0 (Probing) - 1 row cuts average 8.0 elements, 0 column cuts (0 active)  in 0.011 seconds - new frequency is -100
Cbc0014I Cut generator 1 (Gomory) - 256 row cuts average 33.6 elements, 0 column cuts (0 active)  in 0.013 seconds - new frequency is 1
Cbc0014I Cut generator 2 (Knapsack) - 0 row cuts average 0.0 elements, 0 column cuts (0 active)  in 0.019 seconds - new frequency is -100
Cbc0014I Cut generator 3 (Clique) - 0 row cuts average 0.0 elements, 0 column cuts (0 active)  in 0.000 seconds - new frequency is -100
Cbc0014I Cut generator 4 (MixedIntegerRounding2) - 5 row cuts average 5.2 elements, 0 column cuts (0 active)  in 0.005 seconds - new frequency is -100
Cbc0014I Cut generator 5 (FlowCover) - 1 row cuts average 5.0 elements, 0 column cuts (0 active)  in 0.008 seconds - new frequency is -100
Cbc0014I Cut generator 6 (TwoMirCuts) - 33 row cuts average 10.9 elements, 0 column cuts (0 active)  in 0.004 seconds - new frequency is -100
Cbc0010I After 0 nodes, 1 on tree, 3768076.6 best solution, best possible 3768029 (0.17 seconds)
Cbc0001I Search completed - best objective 3768076.628808763, took 1175 iterations and 8 nodes (0.19 seconds)
Cbc0032I Strong branching done 30 times (143 iterations), fathomed 1 nodes and fixed 1 variables
Cbc0035I Maximum depth 2, 1 variables fixed on reduced cost
Cuts at root node changed objective from 3.76785e+06 to 3.76803e+06
Probing was tried 100 times and created 1 cuts of which 0 were active after adding rounds of cuts (0.011 seconds)
Gomory was tried 135 times and created 316 cuts of which 0 were active after adding rounds of cuts (0.014 seconds)
Knapsack was tried 100 times and created 0 cuts of which 0 were active after adding rounds of cuts (0.019 seconds)
Clique was tried 100 times and created 0 cuts of which 0 were active after adding rounds of cuts (0.000 seconds)
MixedIntegerRounding2 was tried 100 times and created 5 cuts of which 0 were active after adding rounds of cuts (0.005 seconds)
FlowCover was tried 100 times and created 1 cuts of which 0 were active after adding rounds of cuts (0.008 seconds)
TwoMirCuts was tried 100 times and created 33 cuts of which 0 were active after adding rounds of cuts (0.004 seconds)
ZeroHalf was tried 1 times and created 0 cuts of which 0 were active after adding rounds of cuts (0.000 seconds)

Result - Optimal solution found

Objective value:                3768076.62880876
Enumerated nodes:               8
Total iterations:               1175
Time (CPU seconds):             0.19
Time (Wallclock seconds):       0.19

Option for printingOptions changed from normal to all
Total time (CPU seconds):       0.22   (Wallclock seconds):       0.22

