Welcome to the CBC MILP Solver 
Version: 2.10.3 
Build Date: Dec 15 2019 

command line - E:\dachuang\.venv\Lib\site-packages\pulp\apis\../solverdir/cbc/win/i64/cbc.exe model.mps -primalTolerance 1e-9 -integerTolerance 1e-9 -ratioGap 0 -allowableGap 0 -threads 0 -branch -printingOptions all -solution solution.txt -saveSolution solution.bin -quit (default strategy 1)
At line 2 NAME          MODEL
At line 3 ROWS
At line 317 COLUMNS
At line 1133 RHS
At line 1446 BOUNDS
At line 1521 ENDATA
Problem MODEL has 312 rows, 241 columns and 647 elements
Coin0008I MODEL read with 0 errors
primalTolerance was changed from 1e-07 to 1e-09
integerTolerance was changed from 1e-07 to 1e-09
ratioGap was changed from 0 to 0
allowableGap was changed from 1e-10 to 0
Continuous objective value is 3.1793e+06 - 0.00 seconds
Cgl0003I 0 fixed, 0 tightened bounds, 2 strengthened rows, 0 substitutions
Cgl0004I processed model has 112 rows, 149 columns (24 integer (24 of which binary)) and 317 elements
Cbc0038I Initial state - 6 integers unsatisfied sum - 2.52168
Cbc0038I Pass   1: suminf.    0.00000 (0) obj. 3.17989e+06 iterations 13
Cbc0038I Solution found of 3.17989e+06
Cbc0038I Relaxing continuous gives 3.17989e+06
Cbc0038I Before mini branch and bound, 18 integers at bound fixed and 88 continuous
Cbc0038I Full problem 112 rows 149 columns, reduced to 8 rows 8 columns
Cbc0038I Mini branch and bound did not improve solution (0.01 seconds)
Cbc0038I Round again with cutoff of 3.17983e+06
Cbc0038I Pass   2: suminf.    0.25217 (1) obj. 3.17983e+06 iterations 1
Cbc0038I Pass   3: suminf.    0.00000 (0) obj. 3.17983e+06 iterations 5
Cbc0038I Solution found of 3.17983e+06
Cbc0038I Relaxing continuous gives 3.17975e+06
Cbc0038I Before mini branch and bound, 17 integers at bound fixed and 81 continuous
Cbc0038I Full problem 112 rows 149 columns, reduced to 19 rows 25 columns
Cbc0038I Mini branch and bound improved solution from 3.17975e+06 to 3.17943e+06 (0.02 seconds)
Cbc0038I Round again with cutoff of 3.17941e+06
Cbc0038I Pass   4: suminf.    0.60819 (3) obj. 3.17941e+06 iterations 6
Cbc0038I Pass   5: suminf.    0.58270 (2) obj. 3.17941e+06 iterations 5
Cbc0038I Pass   6: suminf.    1.03780 (4) obj. 3.17941e+06 iterations 9
Cbc0038I Pass   7: suminf.    1.03422 (4) obj. 3.17941e+06 iterations 1
Cbc0038I Pass   8: suminf.    1.73462 (4) obj. 3.17941e+06 iterations 5
Cbc0038I Pass   9: suminf.    1.08547 (4) obj. 3.17941e+06 iterations 1
Cbc0038I Pass  10: suminf.    1.12086 (4) obj. 3.17941e+06 iterations 3
Cbc0038I Pass  11: suminf.    1.03780 (4) obj. 3.17941e+06 iterations 1
Cbc0038I Pass  12: suminf.    1.03422 (4) obj. 3.17941e+06 iterations 1
Cbc0038I Pass  13: suminf.    1.73462 (4) obj. 3.17941e+06 iterations 5
Cbc0038I Pass  14: suminf.    1.08547 (4) obj. 3.17941e+06 iterations 1
Cbc0038I Pass  15: suminf.    1.12086 (4) obj. 3.17941e+06 iterations 3
Cbc0038I Pass  16: suminf.    1.03780 (4) obj. 3.17941e+06 iterations 1
Cbc0038I Pass  17: suminf.    1.03422 (4) obj. 3.17941e+06 iterations 1
Cbc0038I Pass  18: suminf.    1.73462 (4) obj. 3.17941e+06 iterations 5
Cbc0038I Pass  19: suminf.    1.08547 (4) obj. 3.17941e+06 iterations 1
Cbc0038I Pass  20: suminf.    1.12086 (4) obj. 3.17941e+06 iterations 3
Cbc0038I Pass  21: suminf.    1.03780 (4) obj. 3.17941e+06 iterations 1
Cbc0038I Pass  22: suminf.    1.03422 (4) obj. 3.17941e+06 iterations 1
Cbc0038I Pass  23: suminf.    1.73462 (4) obj. 3.17941e+06 iterations 5
Cbc0038I Pass  24: suminf.    1.08547 (4) obj. 3.17941e+06 iterations 1
Cbc0038I Pass  25: suminf.    1.12086 (4) obj. 3.17941e+06 iterations 3
Cbc0038I Pass  26: suminf.    1.03780 (4) obj. 3.17941e+06 iterations 1
Cbc0038I Pass  27: suminf.    1.03422 (4) obj. 3.17941e+06 iterations 1
Cbc0038I Pass  28: suminf.    1.73462 (4) obj. 3.17941e+06 iterations 5
Cbc0038I Pass  29: suminf.    1.08547 (4) obj. 3.17941e+06 iterations 1
Cbc0038I Pass  30: suminf.    1.12086 (4) obj. 3.17941e+06 iterations 3
Cbc0038I Pass  31: suminf.    1.03780 (4) obj. 3.17941e+06 iterations 1
Cbc0038I Pass  32: suminf.    1.03422 (4) obj. 3.17941e+06 iterations 1
Cbc0038I Pass  33: suminf.    1.73462 (4) obj. 3.17941e+06 iterations 5
Cbc0038I No solution found this major pass
Cbc0038I Before mini branch and bound, 17 integers at bound fixed and 81 continuous
Cbc0038I Full problem 112 rows 149 columns, reduced to 21 rows 27 columns
Cbc0038I Mini branch and bound did not improve solution (0.03 seconds)
Cbc0038I After 0.03 seconds - Feasibility pump exiting with objective of 3.17943e+06 - took 0.02 seconds
Cbc0012I Integer solution of 3179430.6 found by feasibility pump after 0 iterations and 0 nodes (0.03 seconds)
Cbc0038I Full problem 112 rows 149 columns, reduced to 60 rows 91 columns
Cbc0031I 8 added rows had average density of 11.875
Cbc0013I At root node, 8 cuts changed objective from 3179304 to 3179430 in 13 passes
Cbc0014I Cut generator 0 (Probing) - 1 row cuts average 2.0 elements, 3 column cuts (3 active)  in 0.002 seconds - new frequency is 1
Cbc0014I Cut generator 1 (Gomory) - 27 row cuts average 16.7 elements, 0 column cuts (0 active)  in 0.003 seconds - new frequency is 1
Cbc0014I Cut generator 2 (Knapsack) - 0 row cuts average 0.0 elements, 0 column cuts (0 active)  in 0.004 seconds - new frequency is -100
Cbc0014I Cut generator 3 (Clique) - 0 row cuts average 0.0 elements, 0 column cuts (0 active)  in 0.001 seconds - new frequency is -100
Cbc0014I Cut generator 4 (MixedIntegerRounding2) - 1 row cuts average 12.0 elements, 0 column cuts (0 active)  in 0.000 seconds - new frequency is -100
Cbc0014I Cut generator 5 (FlowCover) - 0 row cuts average 0.0 elements, 0 column cuts (0 active)  in 0.001 seconds - new frequency is -100
Cbc0014I Cut generator 6 (TwoMirCuts) - 22 row cuts average 10.7 elements, 0 column cuts (0 active)  in 0.000 seconds - new frequency is -100
Cbc0001I Search completed - best objective 3179430.633841999, took 59 iterations and 0 nodes (0.05 seconds)
Cbc0032I Strong branching done 4 times (14 iterations), fathomed 1 nodes and fixed 0 variables
Cbc0035I Maximum depth 0, 0 variables fixed on reduced cost
Cuts at root node changed objective from 3.1793e+06 to 3.17949e+06
Probing was tried 13 times and created 4 cuts of which 0 were active after adding rounds of cuts (0.002 seconds)
Gomory was tried 13 times and created 27 cuts of which 0 were active after adding rounds of cuts (0.003 seconds)
Knapsack was tried 13 times and created 0 cuts of which 0 were active after adding rounds of cuts (0.004 seconds)
Clique was tried 13 times and created 0 cuts of which 0 were active after adding rounds of cuts (0.001 seconds)
MixedIntegerRounding2 was tried 13 times and created 1 cuts of which 0 were active after adding rounds of cuts (0.000 seconds)
FlowCover was tried 13 times and created 0 cuts of which 0 were active after adding rounds of cuts (0.001 seconds)
TwoMirCuts was tried 13 times and created 22 cuts of which 0 were active after adding rounds of cuts (0.000 seconds)
ZeroHalf was tried 1 times and created 0 cuts of which 0 were active after adding rounds of cuts (0.000 seconds)

Result - Optimal solution found

Objective value:                3179430.63384200
Enumerated nodes:               0
Total iterations:               59
Time (CPU seconds):             0.06
Time (Wallclock seconds):       0.06

Option for printingOptions changed from normal to all
Total time (CPU seconds):       0.08   (Wallclock seconds):       0.08

