Welcome to the CBC MILP Solver 
Version: 2.10.3 
Build Date: Dec 15 2019 

command line - E:\dachuang\.venv\Lib\site-packages\pulp\apis\../solverdir/cbc/win/i64/cbc.exe model.mps -primalTolerance 1e-9 -integerTolerance 1e-9 -ratioGap 0 -allowableGap 0 -threads 0 -branch -printingOptions all -solution solution.txt -saveSolution solution.bin -quit (default strategy 1)
At line 2 NAME          MODEL
At line 3 ROWS
At line 317 COLUMNS
At line 1133 RHS
At line 1446 BOUNDS
At line 1521 ENDATA
Problem MODEL has 312 rows, 241 columns and 647 elements
Coin0008I MODEL read with 0 errors
primalTolerance was changed from 1e-07 to 1e-09
integerTolerance was changed from 1e-07 to 1e-09
ratioGap was changed from 0 to 0
allowableGap was changed from 1e-10 to 0
Continuous objective value is 3.04264e+06 - 0.00 seconds
Cgl0003I 0 fixed, 0 tightened bounds, 3 strengthened rows, 0 substitutions
Cgl0004I processed model has 114 rows, 157 columns (24 integer (24 of which binary)) and 331 elements
Cbc0038I Initial state - 10 integers unsatisfied sum - 3.47904
Cbc0038I Pass   1: suminf.    0.00000 (0) obj. 3.04362e+06 iterations 17
Cbc0038I Solution found of 3.04362e+06
Cbc0038I Relaxing continuous gives 3.04336e+06
Cbc0038I Before mini branch and bound, 14 integers at bound fixed and 87 continuous
Cbc0038I Full problem 114 rows 157 columns, reduced to 10 rows 11 columns
Cbc0038I Mini branch and bound did not improve solution (0.01 seconds)
Cbc0038I Freeing continuous variables gives a solution of 3.04336e+06
Cbc0038I Round again with cutoff of 3.04329e+06
Cbc0038I Pass   2: suminf.    0.30075 (1) obj. 3.04329e+06 iterations 3
Cbc0038I Pass   3: suminf.    0.00000 (0) obj. 3.04329e+06 iterations 9
Cbc0038I Solution found of 3.04329e+06
Cbc0038I Relaxing continuous gives 3.04324e+06
Cbc0038I Before mini branch and bound, 13 integers at bound fixed and 82 continuous
Cbc0038I Full problem 114 rows 157 columns, reduced to 20 rows 26 columns
Cbc0038I Mini branch and bound improved solution from 3.04324e+06 to 3.04304e+06 (0.02 seconds)
Cbc0038I Freeing continuous variables gives a solution of 3.04304e+06
Cbc0038I Round again with cutoff of 3.04296e+06
Cbc0038I Pass   4: suminf.    1.02013 (4) obj. 3.04296e+06 iterations 6
Cbc0038I Pass   5: suminf.    0.84914 (3) obj. 3.04296e+06 iterations 3
Cbc0038I Pass   6: suminf.    0.80676 (3) obj. 3.04296e+06 iterations 3
Cbc0038I Pass   7: suminf.    0.87774 (4) obj. 3.04296e+06 iterations 13
Cbc0038I Pass   8: suminf.    0.87774 (4) obj. 3.04296e+06 iterations 0
Cbc0038I Pass   9: suminf.    1.11813 (3) obj. 3.04296e+06 iterations 8
Cbc0038I Pass  10: suminf.    0.85606 (3) obj. 3.04296e+06 iterations 1
Cbc0038I Pass  11: suminf.    0.82849 (4) obj. 3.04296e+06 iterations 2
Cbc0038I Pass  12: suminf.    1.52688 (4) obj. 3.04296e+06 iterations 5
Cbc0038I Pass  13: suminf.    0.87774 (4) obj. 3.04296e+06 iterations 1
Cbc0038I Pass  14: suminf.    1.11813 (3) obj. 3.04296e+06 iterations 8
Cbc0038I Pass  15: suminf.    0.85606 (3) obj. 3.04296e+06 iterations 1
Cbc0038I Pass  16: suminf.    0.82849 (4) obj. 3.04296e+06 iterations 2
Cbc0038I Pass  17: suminf.    1.52688 (4) obj. 3.04296e+06 iterations 5
Cbc0038I Pass  18: suminf.    0.87774 (4) obj. 3.04296e+06 iterations 1
Cbc0038I Pass  19: suminf.    1.11813 (3) obj. 3.04296e+06 iterations 8
Cbc0038I Pass  20: suminf.    0.85606 (3) obj. 3.04296e+06 iterations 1
Cbc0038I Pass  21: suminf.    0.82849 (4) obj. 3.04296e+06 iterations 2
Cbc0038I Pass  22: suminf.    1.52688 (4) obj. 3.04296e+06 iterations 5
Cbc0038I Pass  23: suminf.    0.87774 (4) obj. 3.04296e+06 iterations 1
Cbc0038I Pass  24: suminf.    1.11813 (3) obj. 3.04296e+06 iterations 8
Cbc0038I Pass  25: suminf.    0.85606 (3) obj. 3.04296e+06 iterations 1
Cbc0038I Pass  26: suminf.    0.82849 (4) obj. 3.04296e+06 iterations 2
Cbc0038I Pass  27: suminf.    1.52688 (4) obj. 3.04296e+06 iterations 5
Cbc0038I Pass  28: suminf.    0.87774 (4) obj. 3.04296e+06 iterations 1
Cbc0038I Pass  29: suminf.    1.11813 (3) obj. 3.04296e+06 iterations 8
Cbc0038I Pass  30: suminf.    0.85606 (3) obj. 3.04296e+06 iterations 1
Cbc0038I Pass  31: suminf.    0.82849 (4) obj. 3.04296e+06 iterations 2
Cbc0038I Pass  32: suminf.    1.52688 (4) obj. 3.04296e+06 iterations 5
Cbc0038I Pass  33: suminf.    0.87774 (4) obj. 3.04296e+06 iterations 1
Cbc0038I No solution found this major pass
Cbc0038I Before mini branch and bound, 13 integers at bound fixed and 80 continuous
Cbc0038I Full problem 114 rows 157 columns, reduced to 28 rows 36 columns
Cbc0038I Mini branch and bound did not improve solution (0.03 seconds)
Cbc0038I After 0.03 seconds - Feasibility pump exiting with objective of 3.04304e+06 - took 0.03 seconds
Cbc0012I Integer solution of 3043036.5 found by feasibility pump after 0 iterations and 0 nodes (0.03 seconds)
Cbc0038I Full problem 114 rows 157 columns, reduced to 74 rows 113 columns
Cbc0031I 16 added rows had average density of 31.9375
Cbc0013I At root node, 16 cuts changed objective from 3042659.8 to 3042992 in 100 passes
Cbc0014I Cut generator 0 (Probing) - 19 row cuts average 2.0 elements, 0 column cuts (0 active)  in 0.009 seconds - new frequency is 1
Cbc0014I Cut generator 1 (Gomory) - 324 row cuts average 49.1 elements, 0 column cuts (0 active)  in 0.013 seconds - new frequency is 1
Cbc0014I Cut generator 2 (Knapsack) - 0 row cuts average 0.0 elements, 0 column cuts (0 active)  in 0.016 seconds - new frequency is -100
Cbc0014I Cut generator 3 (Clique) - 0 row cuts average 0.0 elements, 0 column cuts (0 active)  in 0.000 seconds - new frequency is -100
Cbc0014I Cut generator 4 (MixedIntegerRounding2) - 23 row cuts average 5.1 elements, 0 column cuts (0 active)  in 0.011 seconds - new frequency is 1
Cbc0014I Cut generator 5 (FlowCover) - 1 row cuts average 2.0 elements, 0 column cuts (0 active)  in 0.015 seconds - new frequency is -100
Cbc0014I Cut generator 6 (TwoMirCuts) - 25 row cuts average 16.5 elements, 0 column cuts (0 active)  in 0.005 seconds - new frequency is -100
Cbc0010I After 0 nodes, 1 on tree, 3043036.5 best solution, best possible 3042992 (0.20 seconds)
Cbc0001I Search completed - best objective 3043036.542092002, took 1386 iterations and 8 nodes (0.23 seconds)
Cbc0032I Strong branching done 42 times (259 iterations), fathomed 1 nodes and fixed 2 variables
Cbc0035I Maximum depth 3, 0 variables fixed on reduced cost
Cuts at root node changed objective from 3.04266e+06 to 3.04299e+06
Probing was tried 119 times and created 19 cuts of which 0 were active after adding rounds of cuts (0.010 seconds)
Gomory was tried 119 times and created 348 cuts of which 0 were active after adding rounds of cuts (0.014 seconds)
Knapsack was tried 100 times and created 0 cuts of which 0 were active after adding rounds of cuts (0.016 seconds)
Clique was tried 100 times and created 0 cuts of which 0 were active after adding rounds of cuts (0.000 seconds)
MixedIntegerRounding2 was tried 119 times and created 23 cuts of which 0 were active after adding rounds of cuts (0.013 seconds)
FlowCover was tried 100 times and created 1 cuts of which 0 were active after adding rounds of cuts (0.015 seconds)
TwoMirCuts was tried 100 times and created 25 cuts of which 0 were active after adding rounds of cuts (0.005 seconds)
ZeroHalf was tried 1 times and created 0 cuts of which 0 were active after adding rounds of cuts (0.000 seconds)

Result - Optimal solution found

Objective value:                3043036.54209200
Enumerated nodes:               8
Total iterations:               1386
Time (CPU seconds):             0.23
Time (Wallclock seconds):       0.23

Option for printingOptions changed from normal to all
Total time (CPU seconds):       0.26   (Wallclock seconds):       0.26

