Welcome to the CBC MILP Solver 
Version: 2.10.3 
Build Date: Dec 15 2019 

command line - E:\dachuang\.venv\Lib\site-packages\pulp\apis\../solverdir/cbc/win/i64/cbc.exe model.mps -primalTolerance 1e-9 -integerTolerance 1e-9 -ratioGap 0 -allowableGap 0 -threads 0 -branch -printingOptions all -solution solution.txt -saveSolution solution.bin -quit (default strategy 1)
At line 2 NAME          MODEL
At line 3 ROWS
At line 317 COLUMNS
At line 1133 RHS
At line 1446 BOUNDS
At line 1521 ENDATA
Problem MODEL has 312 rows, 241 columns and 647 elements
Coin0008I MODEL read with 0 errors
primalTolerance was changed from 1e-07 to 1e-09
integerTolerance was changed from 1e-07 to 1e-09
ratioGap was changed from 0 to 0
allowableGap was changed from 1e-10 to 0
Continuous objective value is 3.15032e+06 - 0.00 seconds
Cgl0003I 0 fixed, 0 tightened bounds, 3 strengthened rows, 0 substitutions
Cgl0004I processed model has 113 rows, 155 columns (24 integer (24 of which binary)) and 326 elements
Cbc0038I Initial state - 5 integers unsatisfied sum - 0.907346
Cbc0038I Pass   1: suminf.    0.00000 (0) obj. 3.18238e+06 iterations 6
Cbc0038I Solution found of 3.18238e+06
Cbc0038I Relaxing continuous gives 3.18048e+06
Cbc0038I Before mini branch and bound, 19 integers at bound fixed and 98 continuous
Cbc0038I Full problem 113 rows 155 columns, reduced to 0 rows 0 columns
Cbc0038I Mini branch and bound improved solution from 3.18048e+06 to 3.15049e+06 (0.01 seconds)
Cbc0038I Freeing continuous variables gives a solution of 3.15049e+06
Cbc0038I Round again with cutoff of 3.15048e+06
Cbc0038I Pass   2: suminf.    0.23656 (2) obj. 3.15048e+06 iterations 3
Cbc0038I Pass   3: suminf.    0.11786 (1) obj. 3.15048e+06 iterations 5
Cbc0038I Solution found of 3.15048e+06
Cbc0038I Relaxing continuous gives 3.15047e+06
Cbc0038I Before mini branch and bound, 19 integers at bound fixed and 98 continuous
Cbc0038I Full problem 113 rows 155 columns, reduced to 7 rows 8 columns
Cbc0038I Mini branch and bound did not improve solution (0.02 seconds)
Cbc0038I Round again with cutoff of 3.15044e+06
Cbc0038I Pass   4: suminf.    0.38710 (4) obj. 3.15044e+06 iterations 2
Cbc0038I Pass   5: suminf.    0.21410 (3) obj. 3.15044e+06 iterations 12
Cbc0038I Pass   6: suminf.    0.21410 (2) obj. 3.15044e+06 iterations 1
Cbc0038I Pass   7: suminf.    0.21410 (3) obj. 3.15044e+06 iterations 4
Cbc0038I Pass   8: suminf.    1.09410 (5) obj. 3.15044e+06 iterations 4
Cbc0038I Pass   9: suminf.    0.60610 (4) obj. 3.15044e+06 iterations 1
Cbc0038I Pass  10: suminf.    0.21410 (3) obj. 3.15044e+06 iterations 12
Cbc0038I Pass  11: suminf.    0.21410 (2) obj. 3.15044e+06 iterations 1
Cbc0038I Pass  12: suminf.    0.21410 (3) obj. 3.15044e+06 iterations 4
Cbc0038I Pass  13: suminf.    0.21410 (3) obj. 3.15044e+06 iterations 5
Cbc0038I Pass  14: suminf.    0.21410 (3) obj. 3.15044e+06 iterations 11
Cbc0038I Pass  15: suminf.    0.21410 (2) obj. 3.15044e+06 iterations 1
Cbc0038I Pass  16: suminf.    0.21410 (3) obj. 3.15044e+06 iterations 4
Cbc0038I Pass  17: suminf.    1.47634 (6) obj. 3.15044e+06 iterations 12
Cbc0038I Pass  18: suminf.    0.98834 (5) obj. 3.15044e+06 iterations 1
Cbc0038I Pass  19: suminf.    0.21410 (3) obj. 3.15044e+06 iterations 10
Cbc0038I Pass  20: suminf.    0.21410 (2) obj. 3.15044e+06 iterations 1
Cbc0038I Pass  21: suminf.    0.21410 (3) obj. 3.15044e+06 iterations 4
Cbc0038I Pass  22: suminf.    0.21410 (3) obj. 3.15044e+06 iterations 8
Cbc0038I Pass  23: suminf.    0.21410 (3) obj. 3.15044e+06 iterations 11
Cbc0038I Pass  24: suminf.    0.21410 (2) obj. 3.15044e+06 iterations 1
Cbc0038I Pass  25: suminf.    0.21410 (3) obj. 3.15044e+06 iterations 4
Cbc0038I Pass  26: suminf.    1.26710 (6) obj. 3.15044e+06 iterations 10
Cbc0038I Pass  27: suminf.    0.77910 (5) obj. 3.15044e+06 iterations 1
Cbc0038I Pass  28: suminf.    0.21410 (3) obj. 3.15044e+06 iterations 12
Cbc0038I Pass  29: suminf.    0.21410 (2) obj. 3.15044e+06 iterations 1
Cbc0038I Pass  30: suminf.    0.21410 (3) obj. 3.15044e+06 iterations 4
Cbc0038I Pass  31: suminf.    0.92547 (6) obj. 3.15044e+06 iterations 19
Cbc0038I Pass  32: suminf.    0.21410 (3) obj. 3.15044e+06 iterations 18
Cbc0038I Pass  33: suminf.    0.21410 (2) obj. 3.15044e+06 iterations 1
Cbc0038I No solution found this major pass
Cbc0038I Before mini branch and bound, 2 integers at bound fixed and 84 continuous
Cbc0038I Full problem 113 rows 155 columns, reduced to 11 rows 16 columns
Cbc0038I Mini branch and bound did not improve solution (0.03 seconds)
Cbc0038I After 0.03 seconds - Feasibility pump exiting with objective of 3.15047e+06 - took 0.02 seconds
Cbc0012I Integer solution of 3150469.7 found by feasibility pump after 0 iterations and 0 nodes (0.03 seconds)
Cbc0038I Full problem 113 rows 155 columns, reduced to 58 rows 96 columns
Cbc0031I 6 added rows had average density of 7.5
Cbc0013I At root node, 6 cuts changed objective from 3150345.6 to 3150469.7 in 8 passes
Cbc0014I Cut generator 0 (Probing) - 4 row cuts average 2.0 elements, 0 column cuts (0 active)  in 0.001 seconds - new frequency is 1
Cbc0014I Cut generator 1 (Gomory) - 18 row cuts average 14.5 elements, 0 column cuts (0 active)  in 0.000 seconds - new frequency is 1
Cbc0014I Cut generator 2 (Knapsack) - 0 row cuts average 0.0 elements, 0 column cuts (0 active)  in 0.000 seconds - new frequency is -100
Cbc0014I Cut generator 3 (Clique) - 0 row cuts average 0.0 elements, 0 column cuts (0 active)  in 0.000 seconds - new frequency is -100
Cbc0014I Cut generator 4 (MixedIntegerRounding2) - 5 row cuts average 4.6 elements, 0 column cuts (0 active)  in 0.000 seconds - new frequency is 1
Cbc0014I Cut generator 5 (FlowCover) - 0 row cuts average 0.0 elements, 0 column cuts (0 active)  in 0.001 seconds - new frequency is -100
Cbc0014I Cut generator 6 (TwoMirCuts) - 17 row cuts average 11.2 elements, 0 column cuts (0 active)  in 0.000 seconds - new frequency is -100
Cbc0001I Search completed - best objective 3150469.701341987, took 56 iterations and 0 nodes (0.05 seconds)
Cbc0032I Strong branching done 2 times (5 iterations), fathomed 1 nodes and fixed 0 variables
Cbc0035I Maximum depth 0, 1 variables fixed on reduced cost
Cuts at root node changed objective from 3.15035e+06 to 3.15047e+06
Probing was tried 8 times and created 4 cuts of which 0 were active after adding rounds of cuts (0.001 seconds)
Gomory was tried 8 times and created 18 cuts of which 0 were active after adding rounds of cuts (0.000 seconds)
Knapsack was tried 8 times and created 0 cuts of which 0 were active after adding rounds of cuts (0.000 seconds)
Clique was tried 8 times and created 0 cuts of which 0 were active after adding rounds of cuts (0.000 seconds)
MixedIntegerRounding2 was tried 8 times and created 5 cuts of which 0 were active after adding rounds of cuts (0.000 seconds)
FlowCover was tried 8 times and created 0 cuts of which 0 were active after adding rounds of cuts (0.001 seconds)
TwoMirCuts was tried 8 times and created 17 cuts of which 0 were active after adding rounds of cuts (0.000 seconds)
ZeroHalf was tried 1 times and created 0 cuts of which 0 were active after adding rounds of cuts (0.000 seconds)

Result - Optimal solution found

Objective value:                3150469.70134199
Enumerated nodes:               0
Total iterations:               56
Time (CPU seconds):             0.05
Time (Wallclock seconds):       0.05

Option for printingOptions changed from normal to all
Total time (CPU seconds):       0.08   (Wallclock seconds):       0.08

