Welcome to the CBC MILP Solver 
Version: 2.10.3 
Build Date: Dec 15 2019 

command line - E:\dachuang\.venv\Lib\site-packages\pulp\apis\../solverdir/cbc/win/i64/cbc.exe model.mps -primalTolerance 1e-9 -integerTolerance 1e-9 -ratioGap 0 -allowableGap 0 -threads 0 -branch -printingOptions all -solution solution.txt -saveSolution solution.bin -quit (default strategy 1)
At line 2 NAME          MODEL
At line 3 ROWS
At line 317 COLUMNS
At line 1133 RHS
At line 1446 BOUNDS
At line 1521 ENDATA
Problem MODEL has 312 rows, 241 columns and 647 elements
Coin0008I MODEL read with 0 errors
primalTolerance was changed from 1e-07 to 1e-09
integerTolerance was changed from 1e-07 to 1e-09
ratioGap was changed from 0 to 0
allowableGap was changed from 1e-10 to 0
Continuous objective value is 1.82629e+06 - 0.00 seconds
Cgl0003I 0 fixed, 0 tightened bounds, 2 strengthened rows, 0 substitutions
Cgl0004I processed model has 115 rows, 159 columns (24 integer (24 of which binary)) and 336 elements
Cbc0038I Initial state - 11 integers unsatisfied sum - 3.81192
Cbc0038I Pass   1: suminf.    0.00000 (0) obj. 2.08713e+06 iterations 31
Cbc0038I Solution found of 2.08713e+06
Cbc0038I Relaxing continuous gives 2.02003e+06
Cbc0038I Before mini branch and bound, 13 integers at bound fixed and 71 continuous
Cbc0038I Full problem 115 rows 159 columns, reduced to 12 rows 18 columns
Cbc0038I Mini branch and bound improved solution from 2.02003e+06 to 1.82679e+06 (0.01 seconds)
Cbc0038I Freeing continuous variables gives a solution of 1.82679e+06
Cbc0038I Round again with cutoff of 1.82674e+06
Cbc0038I Pass   2: suminf.    1.81109 (6) obj. 1.82674e+06 iterations 32
Cbc0038I Pass   3: suminf.    0.00000 (0) obj. 1.82674e+06 iterations 12
Cbc0038I Solution found of 1.82674e+06
Cbc0038I Relaxing continuous gives 1.82668e+06
Cbc0038I Before mini branch and bound, 12 integers at bound fixed and 76 continuous
Cbc0038I Full problem 115 rows 159 columns, reduced to 17 rows 22 columns
Cbc0038I Mini branch and bound improved solution from 1.82668e+06 to 1.82641e+06 (0.02 seconds)
Cbc0038I Freeing continuous variables gives a solution of 1.82641e+06
Cbc0038I Round again with cutoff of 1.82638e+06
Cbc0038I Pass   4: suminf.    2.69259 (9) obj. 1.82638e+06 iterations 4
Cbc0038I Pass   5: suminf.    2.46321 (9) obj. 1.82638e+06 iterations 2
Cbc0038I Pass   6: suminf.    2.45198 (9) obj. 1.82638e+06 iterations 1
Cbc0038I Pass   7: suminf.    1.55664 (4) obj. 1.82638e+06 iterations 12
Cbc0038I Pass   8: suminf.    0.90749 (4) obj. 1.82638e+06 iterations 1
Cbc0038I Pass   9: suminf.    1.09685 (4) obj. 1.82638e+06 iterations 4
Cbc0038I Pass  10: suminf.    0.86747 (4) obj. 1.82638e+06 iterations 1
Cbc0038I Pass  11: suminf.    0.85624 (4) obj. 1.82638e+06 iterations 1
Cbc0038I Pass  12: suminf.    1.55664 (4) obj. 1.82638e+06 iterations 6
Cbc0038I Pass  13: suminf.    0.90749 (4) obj. 1.82638e+06 iterations 1
Cbc0038I Pass  14: suminf.    1.09685 (4) obj. 1.82638e+06 iterations 4
Cbc0038I Pass  15: suminf.    0.86747 (4) obj. 1.82638e+06 iterations 1
Cbc0038I Pass  16: suminf.    0.85624 (4) obj. 1.82638e+06 iterations 1
Cbc0038I Pass  17: suminf.    1.55664 (4) obj. 1.82638e+06 iterations 6
Cbc0038I Pass  18: suminf.    0.90749 (4) obj. 1.82638e+06 iterations 1
Cbc0038I Pass  19: suminf.    1.09685 (4) obj. 1.82638e+06 iterations 4
Cbc0038I Pass  20: suminf.    0.86747 (4) obj. 1.82638e+06 iterations 1
Cbc0038I Pass  21: suminf.    0.85624 (4) obj. 1.82638e+06 iterations 1
Cbc0038I Pass  22: suminf.    1.55664 (4) obj. 1.82638e+06 iterations 6
Cbc0038I Pass  23: suminf.    0.90749 (4) obj. 1.82638e+06 iterations 1
Cbc0038I Pass  24: suminf.    1.09685 (4) obj. 1.82638e+06 iterations 4
Cbc0038I Pass  25: suminf.    0.86747 (4) obj. 1.82638e+06 iterations 1
Cbc0038I Pass  26: suminf.    0.85624 (4) obj. 1.82638e+06 iterations 1
Cbc0038I Pass  27: suminf.    1.55664 (4) obj. 1.82638e+06 iterations 6
Cbc0038I Pass  28: suminf.    0.90749 (4) obj. 1.82638e+06 iterations 1
Cbc0038I Pass  29: suminf.    1.09685 (4) obj. 1.82638e+06 iterations 4
Cbc0038I Pass  30: suminf.    0.86747 (4) obj. 1.82638e+06 iterations 1
Cbc0038I Pass  31: suminf.    0.85624 (4) obj. 1.82638e+06 iterations 1
Cbc0038I Pass  32: suminf.    1.55664 (4) obj. 1.82638e+06 iterations 6
Cbc0038I Pass  33: suminf.    0.90749 (4) obj. 1.82638e+06 iterations 1
Cbc0038I No solution found this major pass
Cbc0038I Before mini branch and bound, 12 integers at bound fixed and 76 continuous
Cbc0038I Mini branch and bound did not improve solution (0.03 seconds)
Cbc0038I After 0.03 seconds - Feasibility pump exiting with objective of 1.82641e+06 - took 0.02 seconds
Cbc0012I Integer solution of 1826406.3 found by feasibility pump after 0 iterations and 0 nodes (0.03 seconds)
Cbc0038I Full problem 115 rows 159 columns, reduced to 79 rows 120 columns
Cbc0031I 14 added rows had average density of 25
Cbc0013I At root node, 14 cuts changed objective from 1826285.2 to 1826406 in 15 passes
Cbc0014I Cut generator 0 (Probing) - 3 row cuts average 2.0 elements, 5 column cuts (5 active)  in 0.003 seconds - new frequency is 1
Cbc0014I Cut generator 1 (Gomory) - 36 row cuts average 31.6 elements, 0 column cuts (0 active)  in 0.000 seconds - new frequency is 1
Cbc0014I Cut generator 2 (Knapsack) - 0 row cuts average 0.0 elements, 0 column cuts (0 active)  in 0.004 seconds - new frequency is -100
Cbc0014I Cut generator 3 (Clique) - 0 row cuts average 0.0 elements, 0 column cuts (0 active)  in 0.000 seconds - new frequency is -100
Cbc0014I Cut generator 4 (MixedIntegerRounding2) - 4 row cuts average 4.5 elements, 0 column cuts (0 active)  in 0.001 seconds - new frequency is -100
Cbc0014I Cut generator 5 (FlowCover) - 0 row cuts average 0.0 elements, 0 column cuts (0 active)  in 0.002 seconds - new frequency is -100
Cbc0014I Cut generator 6 (TwoMirCuts) - 26 row cuts average 19.5 elements, 0 column cuts (0 active)  in 0.002 seconds - new frequency is -100
Cbc0001I Search completed - best objective 1826406.312808757, took 102 iterations and 0 nodes (0.06 seconds)
Cbc0032I Strong branching done 8 times (39 iterations), fathomed 1 nodes and fixed 0 variables
Cbc0035I Maximum depth 0, 0 variables fixed on reduced cost
Cuts at root node changed objective from 1.82629e+06 to 1.82641e+06
Probing was tried 15 times and created 8 cuts of which 0 were active after adding rounds of cuts (0.003 seconds)
Gomory was tried 15 times and created 36 cuts of which 0 were active after adding rounds of cuts (0.000 seconds)
Knapsack was tried 15 times and created 0 cuts of which 0 were active after adding rounds of cuts (0.004 seconds)
Clique was tried 15 times and created 0 cuts of which 0 were active after adding rounds of cuts (0.000 seconds)
MixedIntegerRounding2 was tried 15 times and created 4 cuts of which 0 were active after adding rounds of cuts (0.001 seconds)
FlowCover was tried 15 times and created 0 cuts of which 0 were active after adding rounds of cuts (0.002 seconds)
TwoMirCuts was tried 15 times and created 26 cuts of which 0 were active after adding rounds of cuts (0.002 seconds)
ZeroHalf was tried 1 times and created 0 cuts of which 0 were active after adding rounds of cuts (0.000 seconds)

Result - Optimal solution found

Objective value:                1826406.31280876
Enumerated nodes:               0
Total iterations:               102
Time (CPU seconds):             0.06
Time (Wallclock seconds):       0.06

Option for printingOptions changed from normal to all
Total time (CPU seconds):       0.09   (Wallclock seconds):       0.09

