Welcome to the CBC MILP Solver 
Version: 2.10.3 
Build Date: Dec 15 2019 

command line - E:\dachuang\.venv\Lib\site-packages\pulp\apis\../solverdir/cbc/win/i64/cbc.exe model.mps -primalTolerance 1e-9 -integerTolerance 1e-9 -ratioGap 0 -allowableGap 0 -threads 0 -branch -printingOptions all -solution solution.txt -saveSolution solution.bin -quit (default strategy 1)
At line 2 NAME          MODEL
At line 3 ROWS
At line 317 COLUMNS
At line 1133 RHS
At line 1446 BOUNDS
At line 1521 ENDATA
Problem MODEL has 312 rows, 241 columns and 647 elements
Coin0008I MODEL read with 0 errors
primalTolerance was changed from 1e-07 to 1e-09
integerTolerance was changed from 1e-07 to 1e-09
ratioGap was changed from 0 to 0
allowableGap was changed from 1e-10 to 0
Continuous objective value is 2.74624e+06 - 0.00 seconds
Cgl0003I 0 fixed, 0 tightened bounds, 3 strengthened rows, 0 substitutions
Cgl0004I processed model has 114 rows, 155 columns (24 integer (24 of which binary)) and 329 elements
Cbc0038I Initial state - 9 integers unsatisfied sum - 3.10246
Cbc0038I Pass   1: suminf.    0.00000 (0) obj. 2.74697e+06 iterations 14
Cbc0038I Solution found of 2.74697e+06
Cbc0038I Relaxing continuous gives 2.74697e+06
Cbc0038I Before mini branch and bound, 15 integers at bound fixed and 86 continuous
Cbc0038I Full problem 114 rows 155 columns, reduced to 12 rows 13 columns
Cbc0038I Mini branch and bound did not improve solution (0.01 seconds)
Cbc0038I Round again with cutoff of 2.7469e+06
Cbc0038I Pass   2: suminf.    0.30067 (1) obj. 2.7469e+06 iterations 2
Cbc0038I Pass   3: suminf.    0.00000 (0) obj. 2.7469e+06 iterations 13
Cbc0038I Solution found of 2.7469e+06
Cbc0038I Relaxing continuous gives 2.7468e+06
Cbc0038I Before mini branch and bound, 15 integers at bound fixed and 81 continuous
Cbc0038I Full problem 114 rows 155 columns, reduced to 20 rows 26 columns
Cbc0038I Mini branch and bound improved solution from 2.7468e+06 to 2.74652e+06 (0.01 seconds)
Cbc0038I Freeing continuous variables gives a solution of 2.74652e+06
Cbc0038I Round again with cutoff of 2.74647e+06
Cbc0038I Pass   4: suminf.    0.54838 (4) obj. 2.74647e+06 iterations 6
Cbc0038I Pass   5: suminf.    0.54236 (3) obj. 2.74647e+06 iterations 3
Cbc0038I Pass   6: suminf.    0.32539 (1) obj. 2.74647e+06 iterations 8
Cbc0038I Pass   7: suminf.    0.24276 (1) obj. 2.74647e+06 iterations 2
Cbc0038I Pass   8: suminf.    1.03041 (4) obj. 2.74647e+06 iterations 8
Cbc0038I Pass   9: suminf.    0.60660 (4) obj. 2.74647e+06 iterations 4
Cbc0038I Pass  10: suminf.    0.34436 (3) obj. 2.74647e+06 iterations 16
Cbc0038I Pass  11: suminf.    0.34436 (3) obj. 2.74647e+06 iterations 3
Cbc0038I Pass  12: suminf.    0.32539 (1) obj. 2.74647e+06 iterations 8
Cbc0038I Pass  13: suminf.    0.46474 (1) obj. 2.74647e+06 iterations 1
Cbc0038I Pass  14: suminf.    0.32539 (1) obj. 2.74647e+06 iterations 6
Cbc0038I Pass  15: suminf.    0.46474 (1) obj. 2.74647e+06 iterations 1
Cbc0038I Pass  16: suminf.    0.32539 (1) obj. 2.74647e+06 iterations 1
Cbc0038I Pass  17: suminf.    1.94478 (6) obj. 2.74647e+06 iterations 16
Cbc0038I Pass  18: suminf.    1.53778 (6) obj. 2.74647e+06 iterations 1
Cbc0038I Pass  19: suminf.    1.53778 (6) obj. 2.74647e+06 iterations 0
Cbc0038I Pass  20: suminf.    0.64397 (4) obj. 2.74647e+06 iterations 12
Cbc0038I Pass  21: suminf.    0.83486 (3) obj. 2.74647e+06 iterations 9
Cbc0038I Pass  22: suminf.    0.61039 (3) obj. 2.74647e+06 iterations 7
Cbc0038I Pass  23: suminf.    1.13937 (4) obj. 2.74647e+06 iterations 7
Cbc0038I Pass  24: suminf.    1.13937 (4) obj. 2.74647e+06 iterations 2
Cbc0038I Pass  25: suminf.    1.26700 (3) obj. 2.74647e+06 iterations 8
Cbc0038I Pass  26: suminf.    0.83486 (4) obj. 2.74647e+06 iterations 2
Cbc0038I Pass  27: suminf.    0.83486 (3) obj. 2.74647e+06 iterations 1
Cbc0038I Pass  28: suminf.    0.61039 (3) obj. 2.74647e+06 iterations 7
Cbc0038I Pass  29: suminf.    1.13937 (4) obj. 2.74647e+06 iterations 7
Cbc0038I Pass  30: suminf.    1.13937 (4) obj. 2.74647e+06 iterations 2
Cbc0038I Pass  31: suminf.    1.26700 (3) obj. 2.74647e+06 iterations 8
Cbc0038I Pass  32: suminf.    0.83486 (4) obj. 2.74647e+06 iterations 2
Cbc0038I Pass  33: suminf.    0.83486 (3) obj. 2.74647e+06 iterations 1
Cbc0038I No solution found this major pass
Cbc0038I Before mini branch and bound, 7 integers at bound fixed and 73 continuous
Cbc0038I Full problem 114 rows 155 columns, reduced to 27 rows 37 columns
Cbc0038I Mini branch and bound improved solution from 2.74652e+06 to 2.74649e+06 (0.03 seconds)
Cbc0038I Round again with cutoff of 2.74641e+06
Cbc0038I Pass  33: suminf.    0.83367 (5) obj. 2.74641e+06 iterations 2
Cbc0038I Pass  34: suminf.    0.83367 (3) obj. 2.74641e+06 iterations 7
Cbc0038I Pass  35: suminf.    0.53406 (2) obj. 2.74641e+06 iterations 8
Cbc0038I Pass  36: suminf.    0.53406 (3) obj. 2.74641e+06 iterations 1
Cbc0038I Pass  37: suminf.    0.99232 (3) obj. 2.74641e+06 iterations 3
Cbc0038I Pass  38: suminf.    0.34317 (3) obj. 2.74641e+06 iterations 1
Cbc0038I Pass  39: suminf.    0.53406 (3) obj. 2.74641e+06 iterations 5
Cbc0038I Pass  40: suminf.    0.59329 (3) obj. 2.74641e+06 iterations 18
Cbc0038I Pass  41: suminf.    0.58830 (2) obj. 2.74641e+06 iterations 1
Cbc0038I Pass  42: suminf.    0.63567 (3) obj. 2.74641e+06 iterations 3
Cbc0038I Pass  43: suminf.    0.63567 (3) obj. 2.74641e+06 iterations 0
Cbc0038I Pass  44: suminf.    0.82656 (3) obj. 2.74641e+06 iterations 4
Cbc0038I Pass  45: suminf.    0.59329 (3) obj. 2.74641e+06 iterations 1
Cbc0038I Pass  46: suminf.    0.58830 (2) obj. 2.74641e+06 iterations 1
Cbc0038I Pass  47: suminf.    0.63567 (3) obj. 2.74641e+06 iterations 3
Cbc0038I Pass  48: suminf.    0.63567 (3) obj. 2.74641e+06 iterations 0
Cbc0038I Pass  49: suminf.    0.82656 (3) obj. 2.74641e+06 iterations 4
Cbc0038I Pass  50: suminf.    0.59329 (3) obj. 2.74641e+06 iterations 1
Cbc0038I Pass  51: suminf.    0.58830 (2) obj. 2.74641e+06 iterations 1
Cbc0038I Pass  52: suminf.    0.63567 (3) obj. 2.74641e+06 iterations 3
Cbc0038I Pass  53: suminf.    0.63567 (3) obj. 2.74641e+06 iterations 0
Cbc0038I Pass  54: suminf.    0.82656 (3) obj. 2.74641e+06 iterations 4
Cbc0038I Pass  55: suminf.    0.59329 (3) obj. 2.74641e+06 iterations 1
Cbc0038I Pass  56: suminf.    0.58830 (2) obj. 2.74641e+06 iterations 1
Cbc0038I Pass  57: suminf.    0.63567 (3) obj. 2.74641e+06 iterations 3
Cbc0038I Pass  58: suminf.    0.63567 (3) obj. 2.74641e+06 iterations 0
Cbc0038I Pass  59: suminf.    0.82656 (3) obj. 2.74641e+06 iterations 4
Cbc0038I Pass  60: suminf.    0.59329 (3) obj. 2.74641e+06 iterations 1
Cbc0038I Pass  61: suminf.    0.58830 (2) obj. 2.74641e+06 iterations 1
Cbc0038I Pass  62: suminf.    0.63567 (3) obj. 2.74641e+06 iterations 3
Cbc0038I No solution found this major pass
Cbc0038I Before mini branch and bound, 8 integers at bound fixed and 67 continuous
Cbc0038I Full problem 114 rows 155 columns, reduced to 26 rows 35 columns
Cbc0038I Mini branch and bound did not improve solution (0.04 seconds)
Cbc0038I After 0.04 seconds - Feasibility pump exiting with objective of 2.74649e+06 - took 0.04 seconds
Cbc0012I Integer solution of 2746486.1 found by feasibility pump after 0 iterations and 0 nodes (0.04 seconds)
Cbc0038I Full problem 114 rows 155 columns, reduced to 73 rows 110 columns
Cbc0031I 9 added rows had average density of 32.333333
Cbc0013I At root node, 9 cuts changed objective from 2746268.4 to 2746439.3 in 100 passes
Cbc0014I Cut generator 0 (Probing) - 1 row cuts average 5.0 elements, 0 column cuts (0 active)  in 0.010 seconds - new frequency is -100
Cbc0014I Cut generator 1 (Gomory) - 460 row cuts average 40.3 elements, 0 column cuts (0 active)  in 0.010 seconds - new frequency is 1
Cbc0014I Cut generator 2 (Knapsack) - 0 row cuts average 0.0 elements, 0 column cuts (0 active)  in 0.026 seconds - new frequency is -100
Cbc0014I Cut generator 3 (Clique) - 0 row cuts average 0.0 elements, 0 column cuts (0 active)  in 0.001 seconds - new frequency is -100
Cbc0014I Cut generator 4 (MixedIntegerRounding2) - 1 row cuts average 4.0 elements, 0 column cuts (0 active)  in 0.009 seconds - new frequency is -100
Cbc0014I Cut generator 5 (FlowCover) - 0 row cuts average 0.0 elements, 0 column cuts (0 active)  in 0.019 seconds - new frequency is -100
Cbc0014I Cut generator 6 (TwoMirCuts) - 34 row cuts average 10.3 elements, 0 column cuts (0 active)  in 0.004 seconds - new frequency is -100
Cbc0010I After 0 nodes, 1 on tree, 2746486.1 best solution, best possible 2746439.3 (0.20 seconds)
Cbc0001I Search completed - best objective 2746486.115986739, took 1837 iterations and 16 nodes (0.24 seconds)
Cbc0032I Strong branching done 70 times (345 iterations), fathomed 3 nodes and fixed 4 variables
Cbc0035I Maximum depth 5, 0 variables fixed on reduced cost
Cuts at root node changed objective from 2.74627e+06 to 2.74644e+06
Probing was tried 100 times and created 1 cuts of which 0 were active after adding rounds of cuts (0.010 seconds)
Gomory was tried 164 times and created 598 cuts of which 0 were active after adding rounds of cuts (0.016 seconds)
Knapsack was tried 100 times and created 0 cuts of which 0 were active after adding rounds of cuts (0.026 seconds)
Clique was tried 100 times and created 0 cuts of which 0 were active after adding rounds of cuts (0.001 seconds)
MixedIntegerRounding2 was tried 100 times and created 1 cuts of which 0 were active after adding rounds of cuts (0.009 seconds)
FlowCover was tried 100 times and created 0 cuts of which 0 were active after adding rounds of cuts (0.019 seconds)
TwoMirCuts was tried 100 times and created 34 cuts of which 0 were active after adding rounds of cuts (0.004 seconds)
ZeroHalf was tried 1 times and created 0 cuts of which 0 were active after adding rounds of cuts (0.000 seconds)

Result - Optimal solution found

Objective value:                2746486.11598674
Enumerated nodes:               16
Total iterations:               1837
Time (CPU seconds):             0.25
Time (Wallclock seconds):       0.25

Option for printingOptions changed from normal to all
Total time (CPU seconds):       0.28   (Wallclock seconds):       0.28

