Welcome to the CBC MILP Solver 
Version: 2.10.3 
Build Date: Dec 15 2019 

command line - E:\dachuang\.venv\Lib\site-packages\pulp\apis\../solverdir/cbc/win/i64/cbc.exe model.mps -primalTolerance 1e-9 -integerTolerance 1e-9 -ratioGap 0 -allowableGap 0 -threads 0 -branch -printingOptions all -solution solution.txt -saveSolution solution.bin -quit (default strategy 1)
At line 2 NAME          MODEL
At line 3 ROWS
At line 317 COLUMNS
At line 1133 RHS
At line 1446 BOUNDS
At line 1521 ENDATA
Problem MODEL has 312 rows, 241 columns and 647 elements
Coin0008I MODEL read with 0 errors
primalTolerance was changed from 1e-07 to 1e-09
integerTolerance was changed from 1e-07 to 1e-09
ratioGap was changed from 0 to 0
allowableGap was changed from 1e-10 to 0
Continuous objective value is 2.10703e+06 - 0.00 seconds
Cgl0003I 0 fixed, 0 tightened bounds, 2 strengthened rows, 0 substitutions
Cgl0004I processed model has 115 rows, 159 columns (24 integer (24 of which binary)) and 336 elements
Cbc0038I Initial state - 10 integers unsatisfied sum - 3.37722
Cbc0038I Pass   1: suminf.    0.00000 (0) obj. 2.34518e+06 iterations 27
Cbc0038I Solution found of 2.34518e+06
Cbc0038I Relaxing continuous gives 2.33821e+06
Cbc0038I Before mini branch and bound, 14 integers at bound fixed and 77 continuous
Cbc0038I Full problem 115 rows 159 columns, reduced to 11 rows 16 columns
Cbc0038I Mini branch and bound improved solution from 2.33821e+06 to 2.10747e+06 (0.01 seconds)
Cbc0038I Round again with cutoff of 2.10743e+06
Cbc0038I Pass   2: suminf.    1.39815 (5) obj. 2.10743e+06 iterations 30
Cbc0038I Solution found of 2.10743e+06
Cbc0038I Relaxing continuous gives 2.10733e+06
Cbc0038I Before mini branch and bound, 14 integers at bound fixed and 81 continuous
Cbc0038I Full problem 115 rows 159 columns, reduced to 9 rows 12 columns
Cbc0038I Mini branch and bound improved solution from 2.10733e+06 to 2.10733e+06 (0.01 seconds)
Cbc0038I Round again with cutoff of 2.10727e+06
Cbc0038I Pass   3: suminf.    1.66013 (6) obj. 2.10727e+06 iterations 2
Cbc0038I Pass   4: suminf.    0.00000 (0) obj. 2.10727e+06 iterations 11
Cbc0038I Solution found of 2.10727e+06
Cbc0038I Relaxing continuous gives 2.10712e+06
Cbc0038I Before mini branch and bound, 14 integers at bound fixed and 79 continuous
Cbc0038I Full problem 115 rows 159 columns, reduced to 10 rows 14 columns
Cbc0038I Mini branch and bound improved solution from 2.10712e+06 to 2.10712e+06 (0.02 seconds)
Cbc0038I Round again with cutoff of 2.10709e+06
Cbc0038I Pass   5: suminf.    1.52506 (7) obj. 2.10709e+06 iterations 2
Cbc0038I Pass   6: suminf.    1.52006 (6) obj. 2.10709e+06 iterations 1
Cbc0038I Pass   7: suminf.    0.81861 (4) obj. 2.10709e+06 iterations 14
Cbc0038I Pass   8: suminf.    0.88746 (4) obj. 2.10709e+06 iterations 6
Cbc0038I Pass   9: suminf.    0.78497 (3) obj. 2.10709e+06 iterations 2
Cbc0038I Pass  10: suminf.    0.78497 (3) obj. 2.10709e+06 iterations 6
Cbc0038I Pass  11: suminf.    0.81861 (4) obj. 2.10709e+06 iterations 9
Cbc0038I Pass  12: suminf.    0.88746 (4) obj. 2.10709e+06 iterations 6
Cbc0038I Pass  13: suminf.    0.78497 (3) obj. 2.10709e+06 iterations 2
Cbc0038I Pass  14: suminf.    1.37046 (6) obj. 2.10709e+06 iterations 9
Cbc0038I Pass  15: suminf.    1.37046 (6) obj. 2.10709e+06 iterations 0
Cbc0038I Pass  16: suminf.    0.81861 (4) obj. 2.10709e+06 iterations 9
Cbc0038I Pass  17: suminf.    0.81861 (4) obj. 2.10709e+06 iterations 0
Cbc0038I Pass  18: suminf.    0.88746 (4) obj. 2.10709e+06 iterations 6
Cbc0038I Pass  19: suminf.    0.78497 (3) obj. 2.10709e+06 iterations 2
Cbc0038I Pass  20: suminf.    0.88746 (4) obj. 2.10709e+06 iterations 4
Cbc0038I Pass  21: suminf.    0.78497 (3) obj. 2.10709e+06 iterations 2
Cbc0038I Pass  22: suminf.    0.81861 (4) obj. 2.10709e+06 iterations 9
Cbc0038I Pass  23: suminf.    0.88746 (4) obj. 2.10709e+06 iterations 6
Cbc0038I Pass  24: suminf.    1.24082 (5) obj. 2.10709e+06 iterations 10
Cbc0038I Pass  25: suminf.    1.24082 (5) obj. 2.10709e+06 iterations 1
Cbc0038I Pass  26: suminf.    0.88746 (4) obj. 2.10709e+06 iterations 7
Cbc0038I Pass  27: suminf.    0.78497 (3) obj. 2.10709e+06 iterations 2
Cbc0038I Pass  28: suminf.    0.81861 (4) obj. 2.10709e+06 iterations 9
Cbc0038I Pass  29: suminf.    0.95339 (7) obj. 2.10709e+06 iterations 14
Cbc0038I Pass  30: suminf.    0.48995 (3) obj. 2.10709e+06 iterations 6
Cbc0038I Solution found of 2.10709e+06
Cbc0038I Relaxing continuous gives 2.10708e+06
Cbc0038I Before mini branch and bound, 5 integers at bound fixed and 74 continuous
Cbc0038I Full problem 115 rows 159 columns, reduced to 18 rows 24 columns
Cbc0038I Mini branch and bound improved solution from 2.10708e+06 to 2.10708e+06 (0.03 seconds)
Cbc0038I Round again with cutoff of 2.10707e+06
Cbc0038I Pass  31: suminf.    1.64263 (8) obj. 2.10707e+06 iterations 1
Cbc0038I Pass  32: suminf.    1.64263 (7) obj. 2.10707e+06 iterations 2
Cbc0038I Pass  33: suminf.    0.94426 (4) obj. 2.10707e+06 iterations 14
Cbc0038I Pass  34: suminf.    0.94426 (4) obj. 2.10707e+06 iterations 0
Cbc0038I Pass  35: suminf.    1.01311 (4) obj. 2.10707e+06 iterations 5
Cbc0038I Pass  36: suminf.    0.91062 (3) obj. 2.10707e+06 iterations 2
Cbc0038I Pass  37: suminf.    1.44233 (5) obj. 2.10707e+06 iterations 14
Cbc0038I Pass  38: suminf.    1.44233 (5) obj. 2.10707e+06 iterations 1
Cbc0038I Pass  39: suminf.    0.94426 (2) obj. 2.10707e+06 iterations 7
Cbc0038I Pass  40: suminf.    0.24799 (2) obj. 2.10707e+06 iterations 3
Cbc0038I Pass  41: suminf.    0.24386 (2) obj. 2.10707e+06 iterations 1
Cbc0038I Pass  42: suminf.    0.94426 (3) obj. 2.10707e+06 iterations 5
Cbc0038I Pass  43: suminf.    1.23524 (4) obj. 2.10707e+06 iterations 5
Cbc0038I Pass  44: suminf.    0.24799 (2) obj. 2.10707e+06 iterations 3
Cbc0038I Pass  45: suminf.    0.24386 (2) obj. 2.10707e+06 iterations 1
Cbc0038I Pass  46: suminf.    0.94426 (3) obj. 2.10707e+06 iterations 5
Cbc0038I Pass  47: suminf.    0.94426 (2) obj. 2.10707e+06 iterations 1
Cbc0038I Pass  48: suminf.    1.38648 (3) obj. 2.10707e+06 iterations 8
Cbc0038I Pass  49: suminf.    0.24799 (2) obj. 2.10707e+06 iterations 4
Cbc0038I Pass  50: suminf.    0.24386 (2) obj. 2.10707e+06 iterations 1
Cbc0038I Pass  51: suminf.    0.94426 (3) obj. 2.10707e+06 iterations 5
Cbc0038I Pass  52: suminf.    0.94426 (2) obj. 2.10707e+06 iterations 1
Cbc0038I Pass  53: suminf.    1.11448 (3) obj. 2.10707e+06 iterations 4
Cbc0038I Pass  54: suminf.    0.24799 (2) obj. 2.10707e+06 iterations 4
Cbc0038I Pass  55: suminf.    0.24386 (2) obj. 2.10707e+06 iterations 1
Cbc0038I Pass  56: suminf.    0.94426 (3) obj. 2.10707e+06 iterations 5
Cbc0038I Pass  57: suminf.    0.94426 (2) obj. 2.10707e+06 iterations 1
Cbc0038I Pass  58: suminf.    1.18326 (3) obj. 2.10707e+06 iterations 9
Cbc0038I Pass  59: suminf.    0.24799 (2) obj. 2.10707e+06 iterations 4
Cbc0038I Pass  60: suminf.    0.24386 (2) obj. 2.10707e+06 iterations 1
Cbc0038I No solution found this major pass
Cbc0038I Before mini branch and bound, 3 integers at bound fixed and 71 continuous
Cbc0038I Full problem 115 rows 159 columns, reduced to 15 rows 20 columns
Cbc0038I Mini branch and bound did not improve solution (0.04 seconds)
Cbc0038I After 0.04 seconds - Feasibility pump exiting with objective of 2.10708e+06 - took 0.03 seconds
Cbc0012I Integer solution of 2107082.3 found by feasibility pump after 0 iterations and 0 nodes (0.04 seconds)
Cbc0038I Full problem 115 rows 159 columns, reduced to 79 rows 120 columns
Cbc0031I 11 added rows had average density of 12.090909
Cbc0013I At root node, 11 cuts changed objective from 2107026.1 to 2107081.8 in 22 passes
Cbc0014I Cut generator 0 (Probing) - 0 row cuts average 0.0 elements, 1 column cuts (1 active)  in 0.000 seconds - new frequency is 1
Cbc0014I Cut generator 1 (Gomory) - 43 row cuts average 19.4 elements, 0 column cuts (0 active)  in 0.002 seconds - new frequency is 1
Cbc0014I Cut generator 2 (Knapsack) - 0 row cuts average 0.0 elements, 0 column cuts (0 active)  in 0.002 seconds - new frequency is -100
Cbc0014I Cut generator 3 (Clique) - 0 row cuts average 0.0 elements, 0 column cuts (0 active)  in 0.000 seconds - new frequency is -100
Cbc0014I Cut generator 4 (MixedIntegerRounding2) - 4 row cuts average 4.0 elements, 0 column cuts (0 active)  in 0.002 seconds - new frequency is 1
Cbc0014I Cut generator 5 (FlowCover) - 0 row cuts average 0.0 elements, 0 column cuts (0 active)  in 0.006 seconds - new frequency is -100
Cbc0014I Cut generator 6 (TwoMirCuts) - 26 row cuts average 10.1 elements, 0 column cuts (0 active)  in 0.001 seconds - new frequency is -100
Cbc0001I Search completed - best objective 2107082.339736706, took 101 iterations and 0 nodes (0.07 seconds)
Cbc0032I Strong branching done 4 times (21 iterations), fathomed 1 nodes and fixed 0 variables
Cbc0035I Maximum depth 0, 0 variables fixed on reduced cost
Cuts at root node changed objective from 2.10703e+06 to 2.10711e+06
Probing was tried 22 times and created 1 cuts of which 0 were active after adding rounds of cuts (0.000 seconds)
Gomory was tried 22 times and created 43 cuts of which 0 were active after adding rounds of cuts (0.002 seconds)
Knapsack was tried 22 times and created 0 cuts of which 0 were active after adding rounds of cuts (0.002 seconds)
Clique was tried 22 times and created 0 cuts of which 0 were active after adding rounds of cuts (0.000 seconds)
MixedIntegerRounding2 was tried 22 times and created 4 cuts of which 0 were active after adding rounds of cuts (0.002 seconds)
FlowCover was tried 22 times and created 0 cuts of which 0 were active after adding rounds of cuts (0.006 seconds)
TwoMirCuts was tried 22 times and created 26 cuts of which 0 were active after adding rounds of cuts (0.001 seconds)
ZeroHalf was tried 1 times and created 0 cuts of which 0 were active after adding rounds of cuts (0.000 seconds)

Result - Optimal solution found

Objective value:                2107082.33973671
Enumerated nodes:               0
Total iterations:               101
Time (CPU seconds):             0.07
Time (Wallclock seconds):       0.07

Option for printingOptions changed from normal to all
Total time (CPU seconds):       0.10   (Wallclock seconds):       0.10

