Welcome to the CBC MILP Solver 
Version: 2.10.3 
Build Date: Dec 15 2019 

command line - E:\dachuang\.venv\Lib\site-packages\pulp\apis\../solverdir/cbc/win/i64/cbc.exe model.mps -primalTolerance 1e-9 -integerTolerance 1e-9 -ratioGap 0 -allowableGap 0 -threads 0 -branch -printingOptions all -solution solution.txt -saveSolution solution.bin -quit (default strategy 1)
At line 2 NAME          MODEL
At line 3 ROWS
At line 317 COLUMNS
At line 1133 RHS
At line 1446 BOUNDS
At line 1521 ENDATA
Problem MODEL has 312 rows, 241 columns and 647 elements
Coin0008I MODEL read with 0 errors
primalTolerance was changed from 1e-07 to 1e-09
integerTolerance was changed from 1e-07 to 1e-09
ratioGap was changed from 0 to 0
allowableGap was changed from 1e-10 to 0
Continuous objective value is 1.38644e+06 - 0.00 seconds
Cgl0003I 0 fixed, 0 tightened bounds, 3 strengthened rows, 0 substitutions
Cgl0004I processed model has 116 rows, 161 columns (24 integer (24 of which binary)) and 341 elements
Cbc0038I Initial state - 5 integers unsatisfied sum - 0.903071
Cbc0038I Pass   1: suminf.    0.00000 (0) obj. 1.38713e+06 iterations 12
Cbc0038I Solution found of 1.38713e+06
Cbc0038I Relaxing continuous gives 1.38689e+06
Cbc0038I Before mini branch and bound, 19 integers at bound fixed and 90 continuous
Cbc0038I Full problem 116 rows 161 columns, reduced to 4 rows 6 columns
Cbc0038I Mini branch and bound improved solution from 1.38689e+06 to 1.38665e+06 (0.01 seconds)
Cbc0038I Round again with cutoff of 1.38663e+06
Cbc0038I Pass   2: suminf.    0.11178 (2) obj. 1.38663e+06 iterations 10
Cbc0038I Pass   3: suminf.    0.00000 (0) obj. 1.38663e+06 iterations 9
Cbc0038I Solution found of 1.38663e+06
Cbc0038I Relaxing continuous gives 1.38658e+06
Cbc0038I Before mini branch and bound, 18 integers at bound fixed and 87 continuous
Cbc0038I Full problem 116 rows 161 columns, reduced to 9 rows 12 columns
Cbc0038I Mini branch and bound improved solution from 1.38658e+06 to 1.38658e+06 (0.01 seconds)
Cbc0038I Round again with cutoff of 1.38656e+06
Cbc0038I Pass   4: suminf.    0.42497 (2) obj. 1.38656e+06 iterations 1
Cbc0038I Pass   5: suminf.    0.12562 (1) obj. 1.38656e+06 iterations 6
Cbc0038I Pass   6: suminf.    0.39838 (1) obj. 1.38656e+06 iterations 1
Cbc0038I Pass   7: suminf.    0.81051 (3) obj. 1.38656e+06 iterations 10
Cbc0038I Pass   8: suminf.    0.02585 (1) obj. 1.38656e+06 iterations 7
Cbc0038I Solution found of 1.38656e+06
Cbc0038I Relaxing continuous gives 1.38655e+06
Cbc0038I Before mini branch and bound, 15 integers at bound fixed and 82 continuous
Cbc0038I Full problem 116 rows 161 columns, reduced to 15 rows 21 columns
Cbc0038I Mini branch and bound did not improve solution (0.02 seconds)
Cbc0038I Round again with cutoff of 1.38652e+06
Cbc0038I Pass   9: suminf.    0.47178 (2) obj. 1.38652e+06 iterations 0
Cbc0038I Pass  10: suminf.    0.32556 (2) obj. 1.38652e+06 iterations 4
Cbc0038I Pass  11: suminf.    0.44519 (1) obj. 1.38652e+06 iterations 2
Cbc0038I Pass  12: suminf.    0.29896 (1) obj. 1.38652e+06 iterations 4
Cbc0038I Pass  13: suminf.    0.29896 (1) obj. 1.38652e+06 iterations 11
Cbc0038I Pass  14: suminf.    0.44519 (1) obj. 1.38652e+06 iterations 1
Cbc0038I Pass  15: suminf.    0.29896 (1) obj. 1.38652e+06 iterations 4
Cbc0038I Pass  16: suminf.    0.26981 (1) obj. 1.38652e+06 iterations 10
Cbc0038I Pass  17: suminf.    0.29896 (1) obj. 1.38652e+06 iterations 4
Cbc0038I Pass  18: suminf.    0.44519 (1) obj. 1.38652e+06 iterations 1
Cbc0038I Pass  19: suminf.    1.52656 (6) obj. 1.38652e+06 iterations 12
Cbc0038I Pass  20: suminf.    1.25406 (5) obj. 1.38652e+06 iterations 1
Cbc0038I Pass  21: suminf.    0.29896 (1) obj. 1.38652e+06 iterations 5
Cbc0038I Pass  22: suminf.    0.44519 (1) obj. 1.38652e+06 iterations 1
Cbc0038I Pass  23: suminf.    0.46467 (4) obj. 1.38652e+06 iterations 14
Cbc0038I Pass  24: suminf.    0.46467 (4) obj. 1.38652e+06 iterations 0
Cbc0038I Pass  25: suminf.    0.41231 (1) obj. 1.38652e+06 iterations 6
Cbc0038I Pass  26: suminf.    0.14107 (1) obj. 1.38652e+06 iterations 2
Cbc0038I Pass  27: suminf.    0.46467 (4) obj. 1.38652e+06 iterations 14
Cbc0038I Pass  28: suminf.    0.41231 (1) obj. 1.38652e+06 iterations 6
Cbc0038I Pass  29: suminf.    0.14107 (1) obj. 1.38652e+06 iterations 2
Cbc0038I Pass  30: suminf.    1.33818 (4) obj. 1.38652e+06 iterations 13
Cbc0038I Pass  31: suminf.    1.33818 (4) obj. 1.38652e+06 iterations 0
Cbc0038I Pass  32: suminf.    0.61057 (2) obj. 1.38652e+06 iterations 5
Cbc0038I Pass  33: suminf.    0.14107 (1) obj. 1.38652e+06 iterations 2
Cbc0038I Pass  34: suminf.    0.41231 (1) obj. 1.38652e+06 iterations 1
Cbc0038I Pass  35: suminf.    1.01917 (4) obj. 1.38652e+06 iterations 4
Cbc0038I Pass  36: suminf.    0.27716 (2) obj. 1.38652e+06 iterations 2
Cbc0038I Pass  37: suminf.    0.41231 (1) obj. 1.38652e+06 iterations 2
Cbc0038I Pass  38: suminf.    0.14107 (1) obj. 1.38652e+06 iterations 2
Cbc0038I No solution found this major pass
Cbc0038I Before mini branch and bound, 2 integers at bound fixed and 72 continuous
Cbc0038I Full problem 116 rows 161 columns, reduced to 17 rows 22 columns
Cbc0038I Mini branch and bound improved solution from 1.38655e+06 to 1.38654e+06 (0.03 seconds)
Cbc0038I Round again with cutoff of 1.3865e+06
Cbc0038I Pass  38: suminf.    0.42430 (3) obj. 1.3865e+06 iterations 2
Cbc0038I Pass  39: suminf.    0.42430 (3) obj. 1.3865e+06 iterations 3
Cbc0038I Pass  40: suminf.    0.36893 (2) obj. 1.3865e+06 iterations 7
Cbc0038I Pass  41: suminf.    0.35893 (1) obj. 1.3865e+06 iterations 2
Cbc0038I Pass  42: suminf.    0.39771 (2) obj. 1.3865e+06 iterations 4
Cbc0038I Pass  43: suminf.    0.64607 (3) obj. 1.3865e+06 iterations 5
Cbc0038I Pass  44: suminf.    0.64607 (3) obj. 1.3865e+06 iterations 0
Cbc0038I Pass  45: suminf.    0.39771 (1) obj. 1.3865e+06 iterations 10
Cbc0038I Pass  46: suminf.    0.16393 (1) obj. 1.3865e+06 iterations 2
Cbc0038I Pass  47: suminf.    0.39771 (2) obj. 1.3865e+06 iterations 10
Cbc0038I Pass  48: suminf.    0.68232 (2) obj. 1.3865e+06 iterations 3
Cbc0038I Pass  49: suminf.    0.16393 (1) obj. 1.3865e+06 iterations 2
Cbc0038I Pass  50: suminf.    0.39771 (1) obj. 1.3865e+06 iterations 2
Cbc0038I Pass  51: suminf.    0.64607 (3) obj. 1.3865e+06 iterations 11
Cbc0038I Pass  52: suminf.    0.64607 (3) obj. 1.3865e+06 iterations 1
Cbc0038I Pass  53: suminf.    0.39771 (1) obj. 1.3865e+06 iterations 12
Cbc0038I Pass  54: suminf.    0.16393 (1) obj. 1.3865e+06 iterations 4
Cbc0038I Pass  55: suminf.    0.53942 (2) obj. 1.3865e+06 iterations 8
Cbc0038I Pass  56: suminf.    0.53942 (2) obj. 1.3865e+06 iterations 6
Cbc0038I Pass  57: suminf.    0.53942 (2) obj. 1.3865e+06 iterations 6
Cbc0038I Pass  58: suminf.    1.01942 (3) obj. 1.3865e+06 iterations 15
Cbc0038I Pass  59: suminf.    0.53942 (2) obj. 1.3865e+06 iterations 4
Cbc0038I Pass  60: suminf.    0.53942 (2) obj. 1.3865e+06 iterations 8
Cbc0038I Pass  61: suminf.    0.53942 (2) obj. 1.3865e+06 iterations 3
Cbc0038I Pass  62: suminf.    0.53942 (2) obj. 1.3865e+06 iterations 11
Cbc0038I Pass  63: suminf.    0.53942 (2) obj. 1.3865e+06 iterations 3
Cbc0038I Pass  64: suminf.    0.53942 (2) obj. 1.3865e+06 iterations 8
Cbc0038I Pass  65: suminf.    0.53942 (2) obj. 1.3865e+06 iterations 3
Cbc0038I Pass  66: suminf.    0.94801 (5) obj. 1.3865e+06 iterations 11
Cbc0038I Pass  67: suminf.    0.67551 (4) obj. 1.3865e+06 iterations 1
Cbc0038I No solution found this major pass
Cbc0038I Before mini branch and bound, 4 integers at bound fixed and 70 continuous
Cbc0038I Full problem 116 rows 161 columns, reduced to 19 rows 25 columns
Cbc0038I Mini branch and bound did not improve solution (0.05 seconds)
Cbc0038I After 0.05 seconds - Feasibility pump exiting with objective of 1.38654e+06 - took 0.04 seconds
Cbc0012I Integer solution of 1386539 found by feasibility pump after 0 iterations and 0 nodes (0.05 seconds)
Cbc0038I Full problem 116 rows 161 columns, reduced to 78 rows 121 columns
Cbc0031I 7 added rows had average density of 14.428571
Cbc0013I At root node, 7 cuts changed objective from 1386452.7 to 1386470.4 in 100 passes
Cbc0014I Cut generator 0 (Probing) - 1 row cuts average 4.0 elements, 0 column cuts (0 active)  in 0.009 seconds - new frequency is -100
Cbc0014I Cut generator 1 (Gomory) - 286 row cuts average 20.9 elements, 0 column cuts (0 active)  in 0.002 seconds - new frequency is 1
Cbc0014I Cut generator 2 (Knapsack) - 0 row cuts average 0.0 elements, 0 column cuts (0 active)  in 0.006 seconds - new frequency is -100
Cbc0014I Cut generator 3 (Clique) - 0 row cuts average 0.0 elements, 0 column cuts (0 active)  in 0.000 seconds - new frequency is -100
Cbc0014I Cut generator 4 (MixedIntegerRounding2) - 2 row cuts average 4.0 elements, 0 column cuts (0 active)  in 0.006 seconds - new frequency is -100
Cbc0014I Cut generator 5 (FlowCover) - 0 row cuts average 0.0 elements, 0 column cuts (0 active)  in 0.004 seconds - new frequency is -100
Cbc0014I Cut generator 6 (TwoMirCuts) - 21 row cuts average 10.1 elements, 0 column cuts (0 active)  in 0.003 seconds - new frequency is -100
Cbc0010I After 0 nodes, 1 on tree, 1386539 best solution, best possible 1386470.4 (0.16 seconds)
Cbc0001I Search completed - best objective 1386538.99944588, took 982 iterations and 6 nodes (0.17 seconds)
Cbc0032I Strong branching done 24 times (82 iterations), fathomed 1 nodes and fixed 1 variables
Cbc0035I Maximum depth 1, 1 variables fixed on reduced cost
Cuts at root node changed objective from 1.38645e+06 to 1.38647e+06
Probing was tried 100 times and created 1 cuts of which 0 were active after adding rounds of cuts (0.009 seconds)
Gomory was tried 130 times and created 332 cuts of which 0 were active after adding rounds of cuts (0.003 seconds)
Knapsack was tried 100 times and created 0 cuts of which 0 were active after adding rounds of cuts (0.006 seconds)
Clique was tried 100 times and created 0 cuts of which 0 were active after adding rounds of cuts (0.000 seconds)
MixedIntegerRounding2 was tried 100 times and created 2 cuts of which 0 were active after adding rounds of cuts (0.006 seconds)
FlowCover was tried 100 times and created 0 cuts of which 0 were active after adding rounds of cuts (0.004 seconds)
TwoMirCuts was tried 100 times and created 21 cuts of which 0 were active after adding rounds of cuts (0.003 seconds)
ZeroHalf was tried 1 times and created 0 cuts of which 0 were active after adding rounds of cuts (0.000 seconds)

Result - Optimal solution found

Objective value:                1386538.99944588
Enumerated nodes:               6
Total iterations:               982
Time (CPU seconds):             0.18
Time (Wallclock seconds):       0.17

Option for printingOptions changed from normal to all
Total time (CPU seconds):       0.20   (Wallclock seconds):       0.20

