Welcome to the CBC MILP Solver 
Version: 2.10.3 
Build Date: Dec 15 2019 

command line - E:\dachuang\.venv\Lib\site-packages\pulp\apis\../solverdir/cbc/win/i64/cbc.exe model.mps -primalTolerance 1e-9 -integerTolerance 1e-9 -ratioGap 0 -allowableGap 0 -threads 0 -branch -printingOptions all -solution solution.txt -saveSolution solution.bin -quit (default strategy 1)
At line 2 NAME          MODEL
At line 3 ROWS
At line 317 COLUMNS
At line 1133 RHS
At line 1446 BOUNDS
At line 1521 ENDATA
Problem MODEL has 312 rows, 241 columns and 647 elements
Coin0008I MODEL read with 0 errors
primalTolerance was changed from 1e-07 to 1e-09
integerTolerance was changed from 1e-07 to 1e-09
ratioGap was changed from 0 to 0
allowableGap was changed from 1e-10 to 0
Continuous objective value is 4.09065e+06 - 0.00 seconds
Cgl0003I 0 fixed, 0 tightened bounds, 2 strengthened rows, 0 substitutions
Cgl0004I processed model has 111 rows, 150 columns (24 integer (24 of which binary)) and 315 elements
Cbc0038I Initial state - 6 integers unsatisfied sum - 2.12868
Cbc0038I Pass   1: suminf.    0.00000 (0) obj. 4.09113e+06 iterations 9
Cbc0038I Solution found of 4.09113e+06
Cbc0038I Relaxing continuous gives 4.09113e+06
Cbc0038I Before mini branch and bound, 18 integers at bound fixed and 89 continuous
Cbc0038I Full problem 111 rows 150 columns, reduced to 4 rows 4 columns
Cbc0038I Mini branch and bound did not improve solution (0.01 seconds)
Cbc0038I Round again with cutoff of 4.09108e+06
Cbc0038I Pass   2: suminf.    0.20745 (1) obj. 4.09108e+06 iterations 1
Cbc0038I Pass   3: suminf.    0.00000 (0) obj. 4.09108e+06 iterations 5
Cbc0038I Solution found of 4.09108e+06
Cbc0038I Relaxing continuous gives 4.09102e+06
Cbc0038I Before mini branch and bound, 18 integers at bound fixed and 86 continuous
Cbc0038I Full problem 111 rows 150 columns, reduced to 13 rows 17 columns
Cbc0038I Mini branch and bound improved solution from 4.09102e+06 to 4.0909e+06 (0.01 seconds)
Cbc0038I Round again with cutoff of 4.09085e+06
Cbc0038I Pass   4: suminf.    0.78835 (2) obj. 4.09085e+06 iterations 3
Cbc0038I Pass   5: suminf.    0.46424 (1) obj. 4.09085e+06 iterations 4
Cbc0038I Pass   6: suminf.    0.30915 (1) obj. 4.09085e+06 iterations 2
Cbc0038I Pass   7: suminf.    0.34675 (2) obj. 4.09085e+06 iterations 9
Cbc0038I Pass   8: suminf.    0.31321 (1) obj. 4.09085e+06 iterations 2
Cbc0038I Pass   9: suminf.    0.33086 (2) obj. 4.09085e+06 iterations 3
Cbc0038I Pass  10: suminf.    0.77062 (4) obj. 4.09085e+06 iterations 6
Cbc0038I Pass  11: suminf.    0.97551 (3) obj. 4.09085e+06 iterations 8
Cbc0038I Pass  12: suminf.    0.32636 (3) obj. 4.09085e+06 iterations 1
Cbc0038I Pass  13: suminf.    1.22938 (3) obj. 4.09085e+06 iterations 3
Cbc0038I Pass  14: suminf.    1.14651 (4) obj. 4.09085e+06 iterations 4
Cbc0038I Pass  15: suminf.    0.32636 (3) obj. 4.09085e+06 iterations 2
Cbc0038I Pass  16: suminf.    1.22938 (3) obj. 4.09085e+06 iterations 3
Cbc0038I Pass  17: suminf.    1.02676 (3) obj. 4.09085e+06 iterations 16
Cbc0038I Pass  18: suminf.    1.02676 (3) obj. 4.09085e+06 iterations 0
Cbc0038I Pass  19: suminf.    1.08924 (4) obj. 4.09085e+06 iterations 6
Cbc0038I Pass  20: suminf.    0.83536 (4) obj. 4.09085e+06 iterations 2
Cbc0038I Pass  21: suminf.    1.27512 (4) obj. 4.09085e+06 iterations 7
Cbc0038I Pass  22: suminf.    1.27512 (4) obj. 4.09085e+06 iterations 1
Cbc0038I Pass  23: suminf.    1.23624 (4) obj. 4.09085e+06 iterations 3
Cbc0038I Pass  24: suminf.    0.83536 (4) obj. 4.09085e+06 iterations 2
Cbc0038I Pass  25: suminf.    0.83536 (4) obj. 4.09085e+06 iterations 1
Cbc0038I Pass  26: suminf.    1.27512 (4) obj. 4.09085e+06 iterations 7
Cbc0038I Pass  27: suminf.    1.27512 (4) obj. 4.09085e+06 iterations 1
Cbc0038I Pass  28: suminf.    1.23624 (4) obj. 4.09085e+06 iterations 3
Cbc0038I Pass  29: suminf.    0.83536 (4) obj. 4.09085e+06 iterations 2
Cbc0038I Pass  30: suminf.    0.83536 (4) obj. 4.09085e+06 iterations 1
Cbc0038I Pass  31: suminf.    1.27512 (4) obj. 4.09085e+06 iterations 9
Cbc0038I Pass  32: suminf.    1.27512 (4) obj. 4.09085e+06 iterations 1
Cbc0038I Pass  33: suminf.    1.23624 (4) obj. 4.09085e+06 iterations 3
Cbc0038I No solution found this major pass
Cbc0038I Before mini branch and bound, 9 integers at bound fixed and 73 continuous
Cbc0038I Full problem 111 rows 150 columns, reduced to 21 rows 27 columns
Cbc0038I Mini branch and bound improved solution from 4.0909e+06 to 4.09077e+06 (0.03 seconds)
Cbc0038I Round again with cutoff of 4.09073e+06
Cbc0038I Pass  33: suminf.    1.08719 (4) obj. 4.09073e+06 iterations 2
Cbc0038I Pass  34: suminf.    0.83641 (4) obj. 4.09073e+06 iterations 2
Cbc0038I Pass  35: suminf.    0.82655 (4) obj. 4.09073e+06 iterations 1
Cbc0038I Pass  36: suminf.    1.52694 (4) obj. 4.09073e+06 iterations 5
Cbc0038I Pass  37: suminf.    0.87780 (4) obj. 4.09073e+06 iterations 1
Cbc0038I Pass  38: suminf.    1.08719 (4) obj. 4.09073e+06 iterations 4
Cbc0038I Pass  39: suminf.    0.83641 (4) obj. 4.09073e+06 iterations 1
Cbc0038I Pass  40: suminf.    0.82655 (4) obj. 4.09073e+06 iterations 1
Cbc0038I Pass  41: suminf.    1.52694 (4) obj. 4.09073e+06 iterations 5
Cbc0038I Pass  42: suminf.    0.87780 (4) obj. 4.09073e+06 iterations 1
Cbc0038I Pass  43: suminf.    1.08719 (4) obj. 4.09073e+06 iterations 4
Cbc0038I Pass  44: suminf.    0.83641 (4) obj. 4.09073e+06 iterations 1
Cbc0038I Pass  45: suminf.    0.82655 (4) obj. 4.09073e+06 iterations 1
Cbc0038I Pass  46: suminf.    1.52694 (4) obj. 4.09073e+06 iterations 5
Cbc0038I Pass  47: suminf.    0.87780 (4) obj. 4.09073e+06 iterations 1
Cbc0038I Pass  48: suminf.    1.08719 (4) obj. 4.09073e+06 iterations 4
Cbc0038I Pass  49: suminf.    0.83641 (4) obj. 4.09073e+06 iterations 1
Cbc0038I Pass  50: suminf.    0.82655 (4) obj. 4.09073e+06 iterations 1
Cbc0038I Pass  51: suminf.    1.52694 (4) obj. 4.09073e+06 iterations 5
Cbc0038I Pass  52: suminf.    0.87780 (4) obj. 4.09073e+06 iterations 1
Cbc0038I Pass  53: suminf.    1.08719 (4) obj. 4.09073e+06 iterations 4
Cbc0038I Pass  54: suminf.    0.83641 (4) obj. 4.09073e+06 iterations 1
Cbc0038I Pass  55: suminf.    0.82655 (4) obj. 4.09073e+06 iterations 1
Cbc0038I Pass  56: suminf.    1.52694 (4) obj. 4.09073e+06 iterations 5
Cbc0038I Pass  57: suminf.    0.87780 (4) obj. 4.09073e+06 iterations 1
Cbc0038I Pass  58: suminf.    1.08719 (4) obj. 4.09073e+06 iterations 4
Cbc0038I Pass  59: suminf.    0.83641 (4) obj. 4.09073e+06 iterations 1
Cbc0038I Pass  60: suminf.    0.82655 (4) obj. 4.09073e+06 iterations 1
Cbc0038I Pass  61: suminf.    1.52694 (4) obj. 4.09073e+06 iterations 5
Cbc0038I Pass  62: suminf.    0.87780 (4) obj. 4.09073e+06 iterations 1
Cbc0038I No solution found this major pass
Cbc0038I Before mini branch and bound, 18 integers at bound fixed and 87 continuous
Cbc0038I Full problem 111 rows 150 columns, reduced to 11 rows 14 columns
Cbc0038I Mini branch and bound did not improve solution (0.04 seconds)
Cbc0038I After 0.04 seconds - Feasibility pump exiting with objective of 4.09077e+06 - took 0.03 seconds
Cbc0012I Integer solution of 4090767.1 found by feasibility pump after 0 iterations and 0 nodes (0.04 seconds)
Cbc0038I Full problem 111 rows 150 columns, reduced to 64 rows 96 columns
Cbc0031I 10 added rows had average density of 13.6
Cbc0013I At root node, 10 cuts changed objective from 4090646 to 4090765.6 in 25 passes
Cbc0014I Cut generator 0 (Probing) - 2 row cuts average 2.0 elements, 2 column cuts (2 active)  in 0.001 seconds - new frequency is 1
Cbc0014I Cut generator 1 (Gomory) - 59 row cuts average 21.2 elements, 0 column cuts (0 active)  in 0.002 seconds - new frequency is 1
Cbc0014I Cut generator 2 (Knapsack) - 0 row cuts average 0.0 elements, 0 column cuts (0 active)  in 0.006 seconds - new frequency is -100
Cbc0014I Cut generator 3 (Clique) - 0 row cuts average 0.0 elements, 0 column cuts (0 active)  in 0.000 seconds - new frequency is -100
Cbc0014I Cut generator 4 (MixedIntegerRounding2) - 1 row cuts average 5.0 elements, 0 column cuts (0 active)  in 0.004 seconds - new frequency is -100
Cbc0014I Cut generator 5 (FlowCover) - 0 row cuts average 0.0 elements, 0 column cuts (0 active)  in 0.003 seconds - new frequency is -100
Cbc0014I Cut generator 6 (TwoMirCuts) - 23 row cuts average 11.8 elements, 0 column cuts (0 active)  in 0.000 seconds - new frequency is -100
Cbc0001I Search completed - best objective 4090767.128808759, took 116 iterations and 0 nodes (0.07 seconds)
Cbc0032I Strong branching done 8 times (50 iterations), fathomed 1 nodes and fixed 0 variables
Cbc0035I Maximum depth 0, 1 variables fixed on reduced cost
Cuts at root node changed objective from 4.09065e+06 to 4.09077e+06
Probing was tried 25 times and created 4 cuts of which 0 were active after adding rounds of cuts (0.001 seconds)
Gomory was tried 25 times and created 59 cuts of which 0 were active after adding rounds of cuts (0.002 seconds)
Knapsack was tried 25 times and created 0 cuts of which 0 were active after adding rounds of cuts (0.006 seconds)
Clique was tried 25 times and created 0 cuts of which 0 were active after adding rounds of cuts (0.000 seconds)
MixedIntegerRounding2 was tried 25 times and created 1 cuts of which 0 were active after adding rounds of cuts (0.004 seconds)
FlowCover was tried 25 times and created 0 cuts of which 0 were active after adding rounds of cuts (0.003 seconds)
TwoMirCuts was tried 25 times and created 23 cuts of which 0 were active after adding rounds of cuts (0.000 seconds)
ZeroHalf was tried 1 times and created 0 cuts of which 0 were active after adding rounds of cuts (0.000 seconds)

Result - Optimal solution found

Objective value:                4090767.12880876
Enumerated nodes:               0
Total iterations:               116
Time (CPU seconds):             0.07
Time (Wallclock seconds):       0.07

Option for printingOptions changed from normal to all
Total time (CPU seconds):       0.10   (Wallclock seconds):       0.10

