Welcome to the CBC MILP Solver 
Version: 2.10.3 
Build Date: Dec 15 2019 

command line - E:\dachuang\.venv\Lib\site-packages\pulp\apis\../solverdir/cbc/win/i64/cbc.exe model.mps -primalTolerance 1e-9 -integerTolerance 1e-9 -ratioGap 0 -allowableGap 0 -threads 0 -branch -printingOptions all -solution solution.txt -saveSolution solution.bin -quit (default strategy 1)
At line 2 NAME          MODEL
At line 3 ROWS
At line 317 COLUMNS
At line 1133 RHS
At line 1446 BOUNDS
At line 1521 ENDATA
Problem MODEL has 312 rows, 241 columns and 647 elements
Coin0008I MODEL read with 0 errors
primalTolerance was changed from 1e-07 to 1e-09
integerTolerance was changed from 1e-07 to 1e-09
ratioGap was changed from 0 to 0
allowableGap was changed from 1e-10 to 0
Continuous objective value is 2.06176e+06 - 0.00 seconds
Cgl0003I 0 fixed, 0 tightened bounds, 3 strengthened rows, 0 substitutions
Cgl0004I processed model has 115 rows, 152 columns (24 integer (24 of which binary)) and 329 elements
Cbc0038I Initial state - 11 integers unsatisfied sum - 3.57223
Cbc0038I Pass   1: suminf.    0.00000 (0) obj. 2.15002e+06 iterations 19
Cbc0038I Solution found of 2.15002e+06
Cbc0038I Relaxing continuous gives 2.07323e+06
Cbc0038I Before mini branch and bound, 13 integers at bound fixed and 74 continuous
Cbc0038I Full problem 115 rows 152 columns, reduced to 14 rows 19 columns
Cbc0038I Mini branch and bound improved solution from 2.07323e+06 to 2.06239e+06 (0.01 seconds)
Cbc0038I Freeing continuous variables gives a solution of 2.06239e+06
Cbc0038I Round again with cutoff of 2.06233e+06
Cbc0038I Pass   2: suminf.    0.32402 (2) obj. 2.06233e+06 iterations 7
Cbc0038I Pass   3: suminf.    0.00000 (0) obj. 2.06233e+06 iterations 19
Cbc0038I Solution found of 2.06233e+06
Cbc0038I Relaxing continuous gives 2.06224e+06
Cbc0038I Before mini branch and bound, 12 integers at bound fixed and 74 continuous
Cbc0038I Full problem 115 rows 152 columns, reduced to 21 rows 26 columns
Cbc0038I Mini branch and bound improved solution from 2.06224e+06 to 2.06205e+06 (0.02 seconds)
Cbc0038I Freeing continuous variables gives a solution of 2.06202e+06
Cbc0038I Round again with cutoff of 2.06197e+06
Cbc0038I Pass   4: suminf.    1.00721 (5) obj. 2.06197e+06 iterations 4
Cbc0038I Pass   5: suminf.    1.00721 (5) obj. 2.06197e+06 iterations 6
Cbc0038I Pass   6: suminf.    1.54946 (4) obj. 2.06197e+06 iterations 6
Cbc0038I Pass   7: suminf.    0.90031 (4) obj. 2.06197e+06 iterations 1
Cbc0038I Pass   8: suminf.    0.94471 (4) obj. 2.06197e+06 iterations 5
Cbc0038I Pass   9: suminf.    0.94471 (4) obj. 2.06197e+06 iterations 4
Cbc0038I Pass  10: suminf.    0.94471 (4) obj. 2.06197e+06 iterations 1
Cbc0038I Pass  11: suminf.    1.54946 (4) obj. 2.06197e+06 iterations 5
Cbc0038I Pass  12: suminf.    0.90031 (4) obj. 2.06197e+06 iterations 1
Cbc0038I Pass  13: suminf.    0.94471 (4) obj. 2.06197e+06 iterations 5
Cbc0038I Pass  14: suminf.    0.94471 (4) obj. 2.06197e+06 iterations 2
Cbc0038I Pass  15: suminf.    1.76514 (6) obj. 2.06197e+06 iterations 5
Cbc0038I Pass  16: suminf.    0.94471 (4) obj. 2.06197e+06 iterations 1
Cbc0038I Pass  17: suminf.    1.54946 (4) obj. 2.06197e+06 iterations 5
Cbc0038I Pass  18: suminf.    0.90031 (4) obj. 2.06197e+06 iterations 1
Cbc0038I Pass  19: suminf.    0.94471 (4) obj. 2.06197e+06 iterations 5
Cbc0038I Pass  20: suminf.    2.83989 (8) obj. 2.06197e+06 iterations 10
Cbc0038I Pass  21: suminf.    1.84907 (5) obj. 2.06197e+06 iterations 2
Cbc0038I Pass  22: suminf.    1.31896 (3) obj. 2.06197e+06 iterations 8
Cbc0038I Pass  23: suminf.    0.66981 (3) obj. 2.06197e+06 iterations 2
Cbc0038I Pass  24: suminf.    0.91333 (3) obj. 2.06197e+06 iterations 9
Cbc0038I Pass  25: suminf.    0.99581 (4) obj. 2.06197e+06 iterations 24
Cbc0038I Pass  26: suminf.    0.99581 (4) obj. 2.06197e+06 iterations 1
Cbc0038I Pass  27: suminf.    0.76531 (3) obj. 2.06197e+06 iterations 10
Cbc0038I Pass  28: suminf.    0.94457 (3) obj. 2.06197e+06 iterations 5
Cbc0038I Pass  29: suminf.    1.21632 (4) obj. 2.06197e+06 iterations 8
Cbc0038I Pass  30: suminf.    1.21632 (4) obj. 2.06197e+06 iterations 0
Cbc0038I Pass  31: suminf.    1.33645 (3) obj. 2.06197e+06 iterations 16
Cbc0038I Pass  32: suminf.    0.76531 (4) obj. 2.06197e+06 iterations 2
Cbc0038I Pass  33: suminf.    0.76531 (3) obj. 2.06197e+06 iterations 1
Cbc0038I No solution found this major pass
Cbc0038I Before mini branch and bound, 8 integers at bound fixed and 69 continuous
Cbc0038I Full problem 115 rows 152 columns, reduced to 27 rows 36 columns
Cbc0038I Mini branch and bound did not improve solution (0.03 seconds)
Cbc0038I After 0.03 seconds - Feasibility pump exiting with objective of 2.06202e+06 - took 0.02 seconds
Cbc0012I Integer solution of 2062019.2 found by feasibility pump after 0 iterations and 0 nodes (0.03 seconds)
Cbc0038I Full problem 115 rows 152 columns, reduced to 79 rows 113 columns
Cbc0031I 12 added rows had average density of 21.416667
Cbc0013I At root node, 12 cuts changed objective from 2061787.2 to 2062010 in 65 passes
Cbc0014I Cut generator 0 (Probing) - 3 row cuts average 2.0 elements, 3 column cuts (3 active)  in 0.007 seconds - new frequency is 1
Cbc0014I Cut generator 1 (Gomory) - 191 row cuts average 31.0 elements, 0 column cuts (0 active)  in 0.005 seconds - new frequency is 1
Cbc0014I Cut generator 2 (Knapsack) - 0 row cuts average 0.0 elements, 0 column cuts (0 active)  in 0.014 seconds - new frequency is -100
Cbc0014I Cut generator 3 (Clique) - 0 row cuts average 0.0 elements, 0 column cuts (0 active)  in 0.001 seconds - new frequency is -100
Cbc0014I Cut generator 4 (MixedIntegerRounding2) - 2 row cuts average 4.5 elements, 0 column cuts (0 active)  in 0.005 seconds - new frequency is -100
Cbc0014I Cut generator 5 (FlowCover) - 0 row cuts average 0.0 elements, 0 column cuts (0 active)  in 0.010 seconds - new frequency is -100
Cbc0014I Cut generator 6 (TwoMirCuts) - 34 row cuts average 12.5 elements, 0 column cuts (0 active)  in 0.003 seconds - new frequency is -100
Cbc0001I Search completed - best objective 2062019.160058758, took 435 iterations and 0 nodes (0.12 seconds)
Cbc0032I Strong branching done 8 times (65 iterations), fathomed 1 nodes and fixed 0 variables
Cbc0035I Maximum depth 0, 1 variables fixed on reduced cost
Cuts at root node changed objective from 2.06179e+06 to 2.06202e+06
Probing was tried 65 times and created 6 cuts of which 0 were active after adding rounds of cuts (0.007 seconds)
Gomory was tried 65 times and created 191 cuts of which 0 were active after adding rounds of cuts (0.005 seconds)
Knapsack was tried 65 times and created 0 cuts of which 0 were active after adding rounds of cuts (0.014 seconds)
Clique was tried 65 times and created 0 cuts of which 0 were active after adding rounds of cuts (0.001 seconds)
MixedIntegerRounding2 was tried 65 times and created 2 cuts of which 0 were active after adding rounds of cuts (0.005 seconds)
FlowCover was tried 65 times and created 0 cuts of which 0 were active after adding rounds of cuts (0.010 seconds)
TwoMirCuts was tried 65 times and created 34 cuts of which 0 were active after adding rounds of cuts (0.003 seconds)
ZeroHalf was tried 1 times and created 0 cuts of which 0 were active after adding rounds of cuts (0.000 seconds)

Result - Optimal solution found

Objective value:                2062019.16005876
Enumerated nodes:               0
Total iterations:               435
Time (CPU seconds):             0.12
Time (Wallclock seconds):       0.12

Option for printingOptions changed from normal to all
Total time (CPU seconds):       0.14   (Wallclock seconds):       0.14

