Welcome to the CBC MILP Solver 
Version: 2.10.3 
Build Date: Dec 15 2019 

command line - E:\dachuang\.venv\Lib\site-packages\pulp\apis\../solverdir/cbc/win/i64/cbc.exe model.mps -primalTolerance 1e-9 -integerTolerance 1e-9 -ratioGap 0 -allowableGap 0 -threads 0 -branch -printingOptions all -solution solution.txt -saveSolution solution.bin -quit (default strategy 1)
At line 2 NAME          MODEL
At line 3 ROWS
At line 317 COLUMNS
At line 1133 RHS
At line 1446 BOUNDS
At line 1521 ENDATA
Problem MODEL has 312 rows, 241 columns and 647 elements
Coin0008I MODEL read with 0 errors
primalTolerance was changed from 1e-07 to 1e-09
integerTolerance was changed from 1e-07 to 1e-09
ratioGap was changed from 0 to 0
allowableGap was changed from 1e-10 to 0
Continuous objective value is 4.27573e+06 - 0.00 seconds
Cgl0003I 0 fixed, 0 tightened bounds, 2 strengthened rows, 0 substitutions
Cgl0004I processed model has 111 rows, 147 columns (24 integer (24 of which binary)) and 312 elements
Cbc0038I Initial state - 6 integers unsatisfied sum - 2.04731
Cbc0038I Pass   1: suminf.    0.00000 (0) obj. 4.27621e+06 iterations 10
Cbc0038I Solution found of 4.27621e+06
Cbc0038I Relaxing continuous gives 4.27621e+06
Cbc0038I Before mini branch and bound, 18 integers at bound fixed and 89 continuous
Cbc0038I Full problem 111 rows 147 columns, reduced to 6 rows 6 columns
Cbc0038I Mini branch and bound did not improve solution (0.01 seconds)
Cbc0038I Round again with cutoff of 4.27616e+06
Cbc0038I Pass   2: suminf.    0.20473 (1) obj. 4.27616e+06 iterations 3
Cbc0038I Pass   3: suminf.    0.10365 (1) obj. 4.27616e+06 iterations 3
Cbc0038I Pass   4: suminf.    0.00000 (0) obj. 4.27616e+06 iterations 8
Cbc0038I Solution found of 4.27616e+06
Cbc0038I Relaxing continuous gives 4.27598e+06
Cbc0038I Before mini branch and bound, 18 integers at bound fixed and 83 continuous
Cbc0038I Full problem 111 rows 147 columns, reduced to 18 rows 23 columns
Cbc0038I Mini branch and bound improved solution from 4.27598e+06 to 4.27595e+06 (0.01 seconds)
Cbc0038I Round again with cutoff of 4.2759e+06
Cbc0038I Pass   5: suminf.    0.70191 (2) obj. 4.2759e+06 iterations 3
Cbc0038I Pass   6: suminf.    0.36164 (2) obj. 4.2759e+06 iterations 5
Cbc0038I Pass   7: suminf.    0.39559 (3) obj. 4.2759e+06 iterations 9
Cbc0038I Pass   8: suminf.    0.56264 (4) obj. 4.2759e+06 iterations 10
Cbc0038I Pass   9: suminf.    0.56264 (4) obj. 4.2759e+06 iterations 0
Cbc0038I Pass  10: suminf.    0.40059 (4) obj. 4.2759e+06 iterations 4
Cbc0038I Pass  11: suminf.    0.39559 (3) obj. 4.2759e+06 iterations 4
Cbc0038I Pass  12: suminf.    0.56264 (4) obj. 4.2759e+06 iterations 9
Cbc0038I Pass  13: suminf.    0.56264 (4) obj. 4.2759e+06 iterations 0
Cbc0038I Pass  14: suminf.    0.40059 (4) obj. 4.2759e+06 iterations 4
Cbc0038I Pass  15: suminf.    0.39559 (3) obj. 4.2759e+06 iterations 1
Cbc0038I Pass  16: suminf.    0.63559 (4) obj. 4.2759e+06 iterations 3
Cbc0038I Pass  17: suminf.    0.39559 (3) obj. 4.2759e+06 iterations 1
Cbc0038I Pass  18: suminf.    0.56264 (4) obj. 4.2759e+06 iterations 9
Cbc0038I Pass  19: suminf.    0.56264 (4) obj. 4.2759e+06 iterations 0
Cbc0038I Pass  20: suminf.    0.40059 (4) obj. 4.2759e+06 iterations 4
Cbc0038I Pass  21: suminf.    0.65066 (2) obj. 4.2759e+06 iterations 14
Cbc0038I Pass  22: suminf.    0.29809 (1) obj. 4.2759e+06 iterations 2
Cbc0038I Pass  23: suminf.    0.47364 (2) obj. 4.2759e+06 iterations 2
Cbc0038I Pass  24: suminf.    0.42214 (4) obj. 4.2759e+06 iterations 9
Cbc0038I Pass  25: suminf.    0.45064 (4) obj. 4.2759e+06 iterations 5
Cbc0038I Pass  26: suminf.    0.45064 (4) obj. 4.2759e+06 iterations 0
Cbc0038I Pass  27: suminf.    0.42214 (4) obj. 4.2759e+06 iterations 9
Cbc0038I Pass  28: suminf.    0.39559 (3) obj. 4.2759e+06 iterations 9
Cbc0038I Pass  29: suminf.    0.56264 (4) obj. 4.2759e+06 iterations 9
Cbc0038I Pass  30: suminf.    0.56264 (4) obj. 4.2759e+06 iterations 0
Cbc0038I Pass  31: suminf.    0.40059 (4) obj. 4.2759e+06 iterations 4
Cbc0038I Pass  32: suminf.    0.39559 (3) obj. 4.2759e+06 iterations 1
Cbc0038I Pass  33: suminf.    0.90033 (3) obj. 4.2759e+06 iterations 19
Cbc0038I Pass  34: suminf.    0.44658 (1) obj. 4.2759e+06 iterations 2
Cbc0038I No solution found this major pass
Cbc0038I Before mini branch and bound, 5 integers at bound fixed and 77 continuous
Cbc0038I Full problem 111 rows 147 columns, reduced to 20 rows 25 columns
Cbc0038I Mini branch and bound did not improve solution (0.03 seconds)
Cbc0038I After 0.03 seconds - Feasibility pump exiting with objective of 4.27595e+06 - took 0.02 seconds
Cbc0012I Integer solution of 4275948 found by feasibility pump after 0 iterations and 0 nodes (0.03 seconds)
Cbc0038I Full problem 111 rows 147 columns, reduced to 59 rows 88 columns
Cbc0031I 7 added rows had average density of 22.857143
Cbc0013I At root node, 7 cuts changed objective from 4275730.6 to 4275921.1 in 100 passes
Cbc0014I Cut generator 0 (Probing) - 2 row cuts average 2.0 elements, 1 column cuts (1 active)  in 0.006 seconds - new frequency is -100
Cbc0014I Cut generator 1 (Gomory) - 273 row cuts average 31.2 elements, 0 column cuts (0 active)  in 0.005 seconds - new frequency is 1
Cbc0014I Cut generator 2 (Knapsack) - 0 row cuts average 0.0 elements, 0 column cuts (0 active)  in 0.013 seconds - new frequency is -100
Cbc0014I Cut generator 3 (Clique) - 0 row cuts average 0.0 elements, 0 column cuts (0 active)  in 0.000 seconds - new frequency is -100
Cbc0014I Cut generator 4 (MixedIntegerRounding2) - 2 row cuts average 5.0 elements, 0 column cuts (0 active)  in 0.006 seconds - new frequency is -100
Cbc0014I Cut generator 5 (FlowCover) - 0 row cuts average 0.0 elements, 0 column cuts (0 active)  in 0.021 seconds - new frequency is -100
Cbc0014I Cut generator 6 (TwoMirCuts) - 24 row cuts average 9.6 elements, 0 column cuts (0 active)  in 0.006 seconds - new frequency is -100
Cbc0010I After 0 nodes, 1 on tree, 4275948 best solution, best possible 4275921.1 (0.14 seconds)
Cbc0001I Search completed - best objective 4275948.044342, took 1040 iterations and 6 nodes (0.15 seconds)
Cbc0032I Strong branching done 24 times (101 iterations), fathomed 2 nodes and fixed 1 variables
Cbc0035I Maximum depth 2, 0 variables fixed on reduced cost
Cuts at root node changed objective from 4.27573e+06 to 4.27592e+06
Probing was tried 100 times and created 3 cuts of which 0 were active after adding rounds of cuts (0.006 seconds)
Gomory was tried 116 times and created 290 cuts of which 0 were active after adding rounds of cuts (0.008 seconds)
Knapsack was tried 100 times and created 0 cuts of which 0 were active after adding rounds of cuts (0.013 seconds)
Clique was tried 100 times and created 0 cuts of which 0 were active after adding rounds of cuts (0.000 seconds)
MixedIntegerRounding2 was tried 100 times and created 2 cuts of which 0 were active after adding rounds of cuts (0.006 seconds)
FlowCover was tried 100 times and created 0 cuts of which 0 were active after adding rounds of cuts (0.021 seconds)
TwoMirCuts was tried 100 times and created 24 cuts of which 0 were active after adding rounds of cuts (0.006 seconds)
ZeroHalf was tried 1 times and created 0 cuts of which 0 were active after adding rounds of cuts (0.000 seconds)

Result - Optimal solution found

Objective value:                4275948.04434200
Enumerated nodes:               6
Total iterations:               1040
Time (CPU seconds):             0.16
Time (Wallclock seconds):       0.16

Option for printingOptions changed from normal to all
Total time (CPU seconds):       0.19   (Wallclock seconds):       0.19

