Welcome to the CBC MILP Solver 
Version: 2.10.3 
Build Date: Dec 15 2019 

command line - E:\dachuang\.venv\Lib\site-packages\pulp\apis\../solverdir/cbc/win/i64/cbc.exe model.mps -primalTolerance 1e-9 -integerTolerance 1e-9 -ratioGap 0 -allowableGap 0 -threads 0 -branch -printingOptions all -solution solution.txt -saveSolution solution.bin -quit (default strategy 1)
At line 2 NAME          MODEL
At line 3 ROWS
At line 317 COLUMNS
At line 1133 RHS
At line 1446 BOUNDS
At line 1521 ENDATA
Problem MODEL has 312 rows, 241 columns and 647 elements
Coin0008I MODEL read with 0 errors
primalTolerance was changed from 1e-07 to 1e-09
integerTolerance was changed from 1e-07 to 1e-09
ratioGap was changed from 0 to 0
allowableGap was changed from 1e-10 to 0
Continuous objective value is 3.60027e+06 - 0.00 seconds
Cgl0003I 0 fixed, 0 tightened bounds, 2 strengthened rows, 0 substitutions
Cgl0004I processed model has 114 rows, 157 columns (24 integer (24 of which binary)) and 331 elements
Cbc0038I Initial state - 9 integers unsatisfied sum - 3.65845
Cbc0038I Pass   1: suminf.    0.00000 (0) obj. 3.65492e+06 iterations 15
Cbc0038I Solution found of 3.65492e+06
Cbc0038I Relaxing continuous gives 3.60095e+06
Cbc0038I Before mini branch and bound, 15 integers at bound fixed and 87 continuous
Cbc0038I Full problem 114 rows 157 columns, reduced to 8 rows 10 columns
Cbc0038I Mini branch and bound did not improve solution (0.01 seconds)
Cbc0038I Round again with cutoff of 3.60088e+06
Cbc0038I Pass   2: suminf.    0.28981 (1) obj. 3.60088e+06 iterations 4
Cbc0038I Pass   3: suminf.    0.00000 (0) obj. 3.60088e+06 iterations 5
Cbc0038I Solution found of 3.60088e+06
Cbc0038I Relaxing continuous gives 3.60071e+06
Cbc0038I Before mini branch and bound, 15 integers at bound fixed and 85 continuous
Cbc0038I Full problem 114 rows 157 columns, reduced to 15 rows 20 columns
Cbc0038I Mini branch and bound improved solution from 3.60071e+06 to 3.6005e+06 (0.02 seconds)
Cbc0038I Freeing continuous variables gives a solution of 3.6005e+06
Cbc0038I Round again with cutoff of 3.60046e+06
Cbc0038I Pass   4: suminf.    0.65101 (3) obj. 3.60046e+06 iterations 6
Cbc0038I Pass   5: suminf.    0.65101 (3) obj. 3.60046e+06 iterations 5
Cbc0038I Pass   6: suminf.    0.75951 (3) obj. 3.60046e+06 iterations 14
Cbc0038I Pass   7: suminf.    0.75166 (3) obj. 3.60046e+06 iterations 2
Cbc0038I Pass   8: suminf.    1.59976 (4) obj. 3.60046e+06 iterations 9
Cbc0038I Pass   9: suminf.    1.15837 (4) obj. 3.60046e+06 iterations 3
Cbc0038I Pass  10: suminf.    1.06976 (3) obj. 3.60046e+06 iterations 15
Cbc0038I Pass  11: suminf.    0.42062 (3) obj. 3.60046e+06 iterations 1
Cbc0038I Pass  12: suminf.    0.96126 (3) obj. 3.60046e+06 iterations 3
Cbc0038I Pass  13: suminf.    0.31212 (3) obj. 3.60046e+06 iterations 1
Cbc0038I Pass  14: suminf.    1.06976 (3) obj. 3.60046e+06 iterations 4
Cbc0038I Pass  15: suminf.    1.26087 (4) obj. 3.60046e+06 iterations 7
Cbc0038I Pass  16: suminf.    1.26087 (4) obj. 3.60046e+06 iterations 0
Cbc0038I Pass  17: suminf.    1.06976 (3) obj. 3.60046e+06 iterations 10
Cbc0038I Pass  18: suminf.    0.42062 (3) obj. 3.60046e+06 iterations 1
Cbc0038I Pass  19: suminf.    0.96126 (3) obj. 3.60046e+06 iterations 3
Cbc0038I Pass  20: suminf.    0.31212 (3) obj. 3.60046e+06 iterations 1
Cbc0038I Pass  21: suminf.    1.06976 (3) obj. 3.60046e+06 iterations 4
Cbc0038I Pass  22: suminf.    0.66062 (3) obj. 3.60046e+06 iterations 5
Cbc0038I Pass  23: suminf.    0.42062 (2) obj. 3.60046e+06 iterations 1
Cbc0038I Pass  24: suminf.    0.31212 (2) obj. 3.60046e+06 iterations 1
Cbc0038I Pass  25: suminf.    0.31212 (2) obj. 3.60046e+06 iterations 0
Cbc0038I Pass  26: suminf.    0.42062 (2) obj. 3.60046e+06 iterations 2
Cbc0038I Pass  27: suminf.    1.99348 (5) obj. 3.60046e+06 iterations 10
Cbc0038I Pass  28: suminf.    0.31212 (2) obj. 3.60046e+06 iterations 5
Cbc0038I Pass  29: suminf.    0.42062 (2) obj. 3.60046e+06 iterations 2
Cbc0038I Pass  30: suminf.    0.42062 (2) obj. 3.60046e+06 iterations 0
Cbc0038I Pass  31: suminf.    0.31212 (2) obj. 3.60046e+06 iterations 1
Cbc0038I Pass  32: suminf.    0.40421 (3) obj. 3.60046e+06 iterations 18
Cbc0038I Pass  33: suminf.    0.39421 (1) obj. 3.60046e+06 iterations 2
Cbc0038I No solution found this major pass
Cbc0038I Before mini branch and bound, 4 integers at bound fixed and 81 continuous
Cbc0038I Full problem 114 rows 157 columns, reduced to 24 rows 31 columns
Cbc0038I Mini branch and bound did not improve solution (0.03 seconds)
Cbc0038I After 0.03 seconds - Feasibility pump exiting with objective of 3.6005e+06 - took 0.02 seconds
Cbc0012I Integer solution of 3600504.1 found by feasibility pump after 0 iterations and 0 nodes (0.03 seconds)
Cbc0038I Full problem 114 rows 157 columns, reduced to 71 rows 110 columns
Cbc0031I 12 added rows had average density of 16.666667
Cbc0013I At root node, 12 cuts changed objective from 3600272.9 to 3600470.8 in 100 passes
Cbc0014I Cut generator 0 (Probing) - 4 row cuts average 2.0 elements, 1 column cuts (1 active)  in 0.009 seconds - new frequency is -100
Cbc0014I Cut generator 1 (Gomory) - 367 row cuts average 36.2 elements, 0 column cuts (0 active)  in 0.016 seconds - new frequency is 1
Cbc0014I Cut generator 2 (Knapsack) - 0 row cuts average 0.0 elements, 0 column cuts (0 active)  in 0.017 seconds - new frequency is -100
Cbc0014I Cut generator 3 (Clique) - 0 row cuts average 0.0 elements, 0 column cuts (0 active)  in 0.000 seconds - new frequency is -100
Cbc0014I Cut generator 4 (MixedIntegerRounding2) - 2 row cuts average 4.5 elements, 0 column cuts (0 active)  in 0.003 seconds - new frequency is -100
Cbc0014I Cut generator 5 (FlowCover) - 0 row cuts average 0.0 elements, 0 column cuts (0 active)  in 0.025 seconds - new frequency is -100
Cbc0014I Cut generator 6 (TwoMirCuts) - 27 row cuts average 15.5 elements, 0 column cuts (0 active)  in 0.004 seconds - new frequency is -100
Cbc0010I After 0 nodes, 1 on tree, 3600504.1 best solution, best possible 3600470.8 (0.18 seconds)
Cbc0001I Search completed - best objective 3600504.128808759, took 1352 iterations and 8 nodes (0.20 seconds)
Cbc0032I Strong branching done 38 times (203 iterations), fathomed 3 nodes and fixed 2 variables
Cbc0035I Maximum depth 3, 0 variables fixed on reduced cost
Cuts at root node changed objective from 3.60027e+06 to 3.60047e+06
Probing was tried 100 times and created 5 cuts of which 0 were active after adding rounds of cuts (0.009 seconds)
Gomory was tried 130 times and created 407 cuts of which 0 were active after adding rounds of cuts (0.017 seconds)
Knapsack was tried 100 times and created 0 cuts of which 0 were active after adding rounds of cuts (0.017 seconds)
Clique was tried 100 times and created 0 cuts of which 0 were active after adding rounds of cuts (0.000 seconds)
MixedIntegerRounding2 was tried 100 times and created 2 cuts of which 0 were active after adding rounds of cuts (0.003 seconds)
FlowCover was tried 100 times and created 0 cuts of which 0 were active after adding rounds of cuts (0.025 seconds)
TwoMirCuts was tried 100 times and created 27 cuts of which 0 were active after adding rounds of cuts (0.004 seconds)
ZeroHalf was tried 1 times and created 0 cuts of which 0 were active after adding rounds of cuts (0.000 seconds)

Result - Optimal solution found

Objective value:                3600504.12880876
Enumerated nodes:               8
Total iterations:               1352
Time (CPU seconds):             0.21
Time (Wallclock seconds):       0.20

Option for printingOptions changed from normal to all
Total time (CPU seconds):       0.23   (Wallclock seconds):       0.23

