Welcome to the CBC MILP Solver 
Version: 2.10.3 
Build Date: Dec 15 2019 

command line - E:\dachuang\.venv\Lib\site-packages\pulp\apis\../solverdir/cbc/win/i64/cbc.exe model.mps -primalTolerance 1e-9 -integerTolerance 1e-9 -ratioGap 0 -allowableGap 0 -threads 0 -branch -printingOptions all -solution solution.txt -saveSolution solution.bin -quit (default strategy 1)
At line 2 NAME          MODEL
At line 3 ROWS
At line 317 COLUMNS
At line 1133 RHS
At line 1446 BOUNDS
At line 1521 ENDATA
Problem MODEL has 312 rows, 241 columns and 647 elements
Coin0008I MODEL read with 0 errors
primalTolerance was changed from 1e-07 to 1e-09
integerTolerance was changed from 1e-07 to 1e-09
ratioGap was changed from 0 to 0
allowableGap was changed from 1e-10 to 0
Continuous objective value is 2.05427e+06 - 0.00 seconds
Cgl0003I 0 fixed, 0 tightened bounds, 2 strengthened rows, 0 substitutions
Cgl0004I processed model has 115 rows, 159 columns (24 integer (24 of which binary)) and 336 elements
Cbc0038I Initial state - 10 integers unsatisfied sum - 2.93456
Cbc0038I Pass   1: suminf.    0.00000 (0) obj. 2.14166e+06 iterations 17
Cbc0038I Solution found of 2.14166e+06
Cbc0038I Relaxing continuous gives 2.13464e+06
Cbc0038I Before mini branch and bound, 14 integers at bound fixed and 81 continuous
Cbc0038I Full problem 115 rows 159 columns, reduced to 14 rows 17 columns
Cbc0038I Mini branch and bound improved solution from 2.13464e+06 to 2.0548e+06 (0.01 seconds)
Cbc0038I Round again with cutoff of 2.05475e+06
Cbc0038I Pass   2: suminf.    0.86568 (5) obj. 2.05475e+06 iterations 14
Cbc0038I Pass   3: suminf.    0.22718 (1) obj. 2.05475e+06 iterations 12
Cbc0038I Pass   4: suminf.    0.00000 (0) obj. 2.05475e+06 iterations 1
Cbc0038I Solution found of 2.05475e+06
Cbc0038I Relaxing continuous gives 2.05459e+06
Cbc0038I Before mini branch and bound, 14 integers at bound fixed and 86 continuous
Cbc0038I Full problem 115 rows 159 columns, reduced to 15 rows 17 columns
Cbc0038I Mini branch and bound improved solution from 2.05459e+06 to 2.05459e+06 (0.01 seconds)
Cbc0038I Round again with cutoff of 2.05452e+06
Cbc0038I Pass   5: suminf.    1.41089 (6) obj. 2.05452e+06 iterations 2
Cbc0038I Pass   6: suminf.    0.81486 (5) obj. 2.05452e+06 iterations 6
Cbc0038I Pass   7: suminf.    0.27386 (1) obj. 2.05452e+06 iterations 11
Cbc0038I Pass   8: suminf.    0.28726 (2) obj. 2.05452e+06 iterations 6
Cbc0038I Pass   9: suminf.    0.28726 (3) obj. 2.05452e+06 iterations 7
Cbc0038I Pass  10: suminf.    0.44443 (1) obj. 2.05452e+06 iterations 7
Cbc0038I Pass  11: suminf.    0.17666 (1) obj. 2.05452e+06 iterations 2
Cbc0038I Pass  12: suminf.    0.00000 (0) obj. 2.05452e+06 iterations 3
Cbc0038I Solution found of 2.05452e+06
Cbc0038I Relaxing continuous gives 2.05442e+06
Cbc0038I Before mini branch and bound, 14 integers at bound fixed and 84 continuous
Cbc0038I Full problem 115 rows 159 columns, reduced to 18 rows 22 columns
Cbc0038I Mini branch and bound improved solution from 2.05442e+06 to 2.05442e+06 (0.02 seconds)
Cbc0038I Round again with cutoff of 2.05437e+06
Cbc0038I Pass  13: suminf.    1.56664 (7) obj. 2.05437e+06 iterations 6
Cbc0038I Pass  14: suminf.    1.46414 (6) obj. 2.05437e+06 iterations 1
Cbc0038I Pass  15: suminf.    0.85294 (3) obj. 2.05437e+06 iterations 14
Cbc0038I Pass  16: suminf.    0.85294 (3) obj. 2.05437e+06 iterations 0
Cbc0038I Pass  17: suminf.    0.19569 (2) obj. 2.05437e+06 iterations 11
Cbc0038I Pass  18: suminf.    0.19569 (2) obj. 2.05437e+06 iterations 0
Cbc0038I Pass  19: suminf.    0.85556 (2) obj. 2.05437e+06 iterations 4
Cbc0038I Pass  20: suminf.    1.10144 (4) obj. 2.05437e+06 iterations 9
Cbc0038I Pass  21: suminf.    1.09820 (4) obj. 2.05437e+06 iterations 1
Cbc0038I Pass  22: suminf.    0.19569 (2) obj. 2.05437e+06 iterations 5
Cbc0038I Pass  23: suminf.    0.19569 (2) obj. 2.05437e+06 iterations 0
Cbc0038I Pass  24: suminf.    0.85556 (2) obj. 2.05437e+06 iterations 4
Cbc0038I Pass  25: suminf.    1.27086 (6) obj. 2.05437e+06 iterations 19
Cbc0038I Pass  26: suminf.    0.99858 (5) obj. 2.05437e+06 iterations 4
Cbc0038I Pass  27: suminf.    0.29292 (1) obj. 2.05437e+06 iterations 6
Cbc0038I Pass  28: suminf.    0.02064 (1) obj. 2.05437e+06 iterations 2
Cbc0038I Pass  29: suminf.    0.70386 (3) obj. 2.05437e+06 iterations 8
Cbc0038I Pass  30: suminf.    0.43158 (2) obj. 2.05437e+06 iterations 3
Cbc0038I Pass  31: suminf.    0.29292 (1) obj. 2.05437e+06 iterations 3
Cbc0038I Pass  32: suminf.    0.02064 (1) obj. 2.05437e+06 iterations 2
Cbc0038I Pass  33: suminf.    1.29208 (6) obj. 2.05437e+06 iterations 13
Cbc0038I Pass  34: suminf.    1.05208 (5) obj. 2.05437e+06 iterations 1
Cbc0038I Pass  35: suminf.    0.29292 (1) obj. 2.05437e+06 iterations 6
Cbc0038I Pass  36: suminf.    0.02064 (1) obj. 2.05437e+06 iterations 2
Cbc0038I Pass  37: suminf.    1.19561 (6) obj. 2.05437e+06 iterations 21
Cbc0038I Pass  38: suminf.    1.18408 (6) obj. 2.05437e+06 iterations 1
Cbc0038I Pass  39: suminf.    0.95420 (3) obj. 2.05437e+06 iterations 8
Cbc0038I Pass  40: suminf.    0.93119 (4) obj. 2.05437e+06 iterations 3
Cbc0038I Pass  41: suminf.    0.30629 (3) obj. 2.05437e+06 iterations 7
Cbc0038I Pass  42: suminf.    0.30629 (3) obj. 2.05437e+06 iterations 0
Cbc0038I No solution found this major pass
Cbc0038I Before mini branch and bound, 2 integers at bound fixed and 73 continuous
Cbc0038I Full problem 115 rows 159 columns, reduced to 22 rows 28 columns
Cbc0038I Mini branch and bound improved solution from 2.05442e+06 to 2.05437e+06 (0.03 seconds)
Cbc0038I Round again with cutoff of 2.05434e+06
Cbc0038I Pass  42: suminf.    1.70136 (8) obj. 2.05434e+06 iterations 2
Cbc0038I Pass  43: suminf.    1.59886 (7) obj. 2.05434e+06 iterations 1
Cbc0038I Pass  44: suminf.    0.34497 (4) obj. 2.05434e+06 iterations 16
Cbc0038I Pass  45: suminf.    0.34497 (4) obj. 2.05434e+06 iterations 0
Cbc0038I Pass  46: suminf.    0.98929 (4) obj. 2.05434e+06 iterations 8
Cbc0038I Pass  47: suminf.    0.32594 (2) obj. 2.05434e+06 iterations 3
Cbc0038I Pass  48: suminf.    0.34497 (4) obj. 2.05434e+06 iterations 4
Cbc0038I Pass  49: suminf.    0.96971 (7) obj. 2.05434e+06 iterations 7
Cbc0038I Pass  50: suminf.    0.72971 (6) obj. 2.05434e+06 iterations 1
Cbc0038I Pass  51: suminf.    0.98929 (4) obj. 2.05434e+06 iterations 10
Cbc0038I Pass  52: suminf.    0.32594 (2) obj. 2.05434e+06 iterations 3
Cbc0038I Pass  53: suminf.    0.34497 (4) obj. 2.05434e+06 iterations 4
Cbc0038I Pass  54: suminf.    0.34497 (4) obj. 2.05434e+06 iterations 0
Cbc0038I Pass  55: suminf.    0.53447 (5) obj. 2.05434e+06 iterations 1
Cbc0038I Pass  56: suminf.    2.02796 (9) obj. 2.05434e+06 iterations 12
Cbc0038I Pass  57: suminf.    2.02796 (9) obj. 2.05434e+06 iterations 1
Cbc0038I Pass  58: suminf.    1.10347 (3) obj. 2.05434e+06 iterations 11
Cbc0038I Pass  59: suminf.    1.08046 (4) obj. 2.05434e+06 iterations 2
Cbc0038I Pass  60: suminf.    0.45557 (3) obj. 2.05434e+06 iterations 8
Cbc0038I Pass  61: suminf.    0.45557 (3) obj. 2.05434e+06 iterations 0
Cbc0038I Pass  62: suminf.    1.10472 (3) obj. 2.05434e+06 iterations 8
Cbc0038I Pass  63: suminf.    1.10472 (3) obj. 2.05434e+06 iterations 0
Cbc0038I Pass  64: suminf.    2.06996 (8) obj. 2.05434e+06 iterations 9
Cbc0038I Pass  65: suminf.    1.73646 (7) obj. 2.05434e+06 iterations 1
Cbc0038I Pass  66: suminf.    0.45557 (3) obj. 2.05434e+06 iterations 9
Cbc0038I Pass  67: suminf.    0.45557 (3) obj. 2.05434e+06 iterations 0
Cbc0038I Pass  68: suminf.    1.10472 (3) obj. 2.05434e+06 iterations 5
Cbc0038I Pass  69: suminf.    1.10472 (3) obj. 2.05434e+06 iterations 0
Cbc0038I Pass  70: suminf.    1.83346 (7) obj. 2.05434e+06 iterations 5
Cbc0038I Pass  71: suminf.    0.45557 (3) obj. 2.05434e+06 iterations 9
Cbc0038I No solution found this major pass
Cbc0038I Before mini branch and bound, 3 integers at bound fixed and 75 continuous
Cbc0038I Full problem 115 rows 159 columns, reduced to 19 rows 24 columns
Cbc0038I Mini branch and bound did not improve solution (0.04 seconds)
Cbc0038I After 0.04 seconds - Feasibility pump exiting with objective of 2.05437e+06 - took 0.04 seconds
Cbc0012I Integer solution of 2054373.9 found by feasibility pump after 0 iterations and 0 nodes (0.04 seconds)
Cbc0038I Full problem 115 rows 159 columns, reduced to 82 rows 123 columns
Cbc0031I 12 added rows had average density of 20
Cbc0013I At root node, 12 cuts changed objective from 2054270.6 to 2054373.9 in 14 passes
Cbc0014I Cut generator 0 (Probing) - 1 row cuts average 2.0 elements, 5 column cuts (5 active)  in 0.000 seconds - new frequency is 1
Cbc0014I Cut generator 1 (Gomory) - 42 row cuts average 32.5 elements, 0 column cuts (0 active)  in 0.003 seconds - new frequency is 1
Cbc0014I Cut generator 2 (Knapsack) - 0 row cuts average 0.0 elements, 0 column cuts (0 active)  in 0.001 seconds - new frequency is -100
Cbc0014I Cut generator 3 (Clique) - 0 row cuts average 0.0 elements, 0 column cuts (0 active)  in 0.000 seconds - new frequency is -100
Cbc0014I Cut generator 4 (MixedIntegerRounding2) - 4 row cuts average 4.0 elements, 0 column cuts (0 active)  in 0.002 seconds - new frequency is -100
Cbc0014I Cut generator 5 (FlowCover) - 0 row cuts average 0.0 elements, 0 column cuts (0 active)  in 0.002 seconds - new frequency is -100
Cbc0014I Cut generator 6 (TwoMirCuts) - 28 row cuts average 14.4 elements, 0 column cuts (0 active)  in 0.001 seconds - new frequency is -100
Cbc0001I Search completed - best objective 2054373.921576104, took 85 iterations and 0 nodes (0.07 seconds)
Cbc0032I Strong branching done 4 times (15 iterations), fathomed 1 nodes and fixed 0 variables
Cbc0035I Maximum depth 0, 0 variables fixed on reduced cost
Cuts at root node changed objective from 2.05427e+06 to 2.05439e+06
Probing was tried 14 times and created 6 cuts of which 0 were active after adding rounds of cuts (0.000 seconds)
Gomory was tried 14 times and created 42 cuts of which 0 were active after adding rounds of cuts (0.003 seconds)
Knapsack was tried 14 times and created 0 cuts of which 0 were active after adding rounds of cuts (0.001 seconds)
Clique was tried 14 times and created 0 cuts of which 0 were active after adding rounds of cuts (0.000 seconds)
MixedIntegerRounding2 was tried 14 times and created 4 cuts of which 0 were active after adding rounds of cuts (0.002 seconds)
FlowCover was tried 14 times and created 0 cuts of which 0 were active after adding rounds of cuts (0.002 seconds)
TwoMirCuts was tried 14 times and created 28 cuts of which 0 were active after adding rounds of cuts (0.001 seconds)
ZeroHalf was tried 1 times and created 0 cuts of which 0 were active after adding rounds of cuts (0.000 seconds)

Result - Optimal solution found

Objective value:                2054373.92157610
Enumerated nodes:               0
Total iterations:               85
Time (CPU seconds):             0.07
Time (Wallclock seconds):       0.07

Option for printingOptions changed from normal to all
Total time (CPU seconds):       0.10   (Wallclock seconds):       0.10

