Welcome to the CBC MILP Solver 
Version: 2.10.3 
Build Date: Dec 15 2019 

command line - E:\dachuang\.venv\Lib\site-packages\pulp\apis\../solverdir/cbc/win/i64/cbc.exe model.mps -primalTolerance 1e-9 -integerTolerance 1e-9 -ratioGap 0 -allowableGap 0 -threads 0 -branch -printingOptions all -solution solution.txt -saveSolution solution.bin -quit (default strategy 1)
At line 2 NAME          MODEL
At line 3 ROWS
At line 317 COLUMNS
At line 1133 RHS
At line 1446 BOUNDS
At line 1521 ENDATA
Problem MODEL has 312 rows, 241 columns and 647 elements
Coin0008I MODEL read with 0 errors
primalTolerance was changed from 1e-07 to 1e-09
integerTolerance was changed from 1e-07 to 1e-09
ratioGap was changed from 0 to 0
allowableGap was changed from 1e-10 to 0
Continuous objective value is 1.55824e+06 - 0.00 seconds
Cgl0003I 0 fixed, 0 tightened bounds, 3 strengthened rows, 0 substitutions
Cgl0004I processed model has 116 rows, 161 columns (24 integer (24 of which binary)) and 341 elements
Cbc0038I Initial state - 15 integers unsatisfied sum - 5.13981
Cbc0038I Pass   1: suminf.    0.00000 (0) obj. 1.91349e+06 iterations 33
Cbc0038I Solution found of 1.91349e+06
Cbc0038I Relaxing continuous gives 1.88562e+06
Cbc0038I Before mini branch and bound, 9 integers at bound fixed and 67 continuous
Cbc0038I Full problem 116 rows 161 columns, reduced to 19 rows 24 columns
Cbc0038I Mini branch and bound improved solution from 1.88562e+06 to 1.55896e+06 (0.01 seconds)
Cbc0038I Round again with cutoff of 1.55889e+06
Cbc0038I Pass   2: suminf.    2.42431 (7) obj. 1.55889e+06 iterations 35
Cbc0038I Pass   3: suminf.    0.00000 (0) obj. 1.55889e+06 iterations 13
Cbc0038I Solution found of 1.55889e+06
Cbc0038I Relaxing continuous gives 1.55875e+06
Cbc0038I Before mini branch and bound, 9 integers at bound fixed and 71 continuous
Cbc0038I Full problem 116 rows 161 columns, reduced to 23 rows 28 columns
Cbc0038I Mini branch and bound improved solution from 1.55875e+06 to 1.55847e+06 (0.02 seconds)
Cbc0038I Round again with cutoff of 1.55843e+06
Cbc0038I Pass   4: suminf.    2.59194 (9) obj. 1.55843e+06 iterations 6
Cbc0038I Pass   5: suminf.    2.58261 (7) obj. 1.55843e+06 iterations 2
Cbc0038I Pass   6: suminf.    0.49123 (3) obj. 1.55843e+06 iterations 14
Cbc0038I Pass   7: suminf.    0.47803 (1) obj. 1.55843e+06 iterations 6
Cbc0038I Pass   8: suminf.    0.19963 (1) obj. 1.55843e+06 iterations 1
Cbc0038I Pass   9: suminf.    0.39375 (2) obj. 1.55843e+06 iterations 6
Cbc0038I Pass  10: suminf.    0.47803 (1) obj. 1.55843e+06 iterations 3
Cbc0038I Pass  11: suminf.    0.19963 (1) obj. 1.55843e+06 iterations 2
Cbc0038I Pass  12: suminf.    1.31549 (4) obj. 1.55843e+06 iterations 7
Cbc0038I Pass  13: suminf.    0.47803 (1) obj. 1.55843e+06 iterations 5
Cbc0038I Pass  14: suminf.    0.19963 (1) obj. 1.55843e+06 iterations 2
Cbc0038I Pass  15: suminf.    1.26813 (6) obj. 1.55843e+06 iterations 13
Cbc0038I Pass  16: suminf.    0.59661 (5) obj. 1.55843e+06 iterations 2
Cbc0038I Pass  17: suminf.    1.30050 (4) obj. 1.55843e+06 iterations 8
Cbc0038I Pass  18: suminf.    1.30050 (4) obj. 1.55843e+06 iterations 3
Cbc0038I Pass  19: suminf.    1.23776 (3) obj. 1.55843e+06 iterations 11
Cbc0038I Pass  20: suminf.    0.58861 (3) obj. 1.55843e+06 iterations 1
Cbc0038I Pass  21: suminf.    0.58861 (3) obj. 1.55843e+06 iterations 9
Cbc0038I Pass  22: suminf.    0.58861 (3) obj. 1.55843e+06 iterations 1
Cbc0038I Pass  23: suminf.    0.58861 (4) obj. 1.55843e+06 iterations 6
Cbc0038I Pass  24: suminf.    1.42231 (6) obj. 1.55843e+06 iterations 15
Cbc0038I Pass  25: suminf.    1.37361 (3) obj. 1.55843e+06 iterations 3
Cbc0038I Pass  26: suminf.    0.49123 (3) obj. 1.55843e+06 iterations 9
Cbc0038I Pass  27: suminf.    0.47803 (1) obj. 1.55843e+06 iterations 7
Cbc0038I Pass  28: suminf.    0.19963 (1) obj. 1.55843e+06 iterations 2
Cbc0038I Pass  29: suminf.    2.24044 (8) obj. 1.55843e+06 iterations 20
Cbc0038I Pass  30: suminf.    2.23545 (7) obj. 1.55843e+06 iterations 1
Cbc0038I Pass  31: suminf.    0.49123 (3) obj. 1.55843e+06 iterations 11
Cbc0038I Pass  32: suminf.    0.47803 (1) obj. 1.55843e+06 iterations 7
Cbc0038I Pass  33: suminf.    0.19963 (1) obj. 1.55843e+06 iterations 2
Cbc0038I No solution found this major pass
Cbc0038I Before mini branch and bound, 2 integers at bound fixed and 67 continuous
Cbc0038I Full problem 116 rows 161 columns, reduced to 27 rows 35 columns
Cbc0038I Mini branch and bound did not improve solution (0.03 seconds)
Cbc0038I After 0.03 seconds - Feasibility pump exiting with objective of 1.55847e+06 - took 0.03 seconds
Cbc0012I Integer solution of 1558474.1 found by feasibility pump after 0 iterations and 0 nodes (0.03 seconds)
Cbc0038I Full problem 116 rows 161 columns, reduced to 91 rows 134 columns - 2 fixed gives 86, 129 - still too large
Cbc0031I 19 added rows had average density of 36.421053
Cbc0013I At root node, 19 cuts changed objective from 1558265 to 1558421.4 in 74 passes
Cbc0014I Cut generator 0 (Probing) - 5 row cuts average 2.0 elements, 4 column cuts (4 active)  in 0.017 seconds - new frequency is 1
Cbc0014I Cut generator 1 (Gomory) - 213 row cuts average 59.8 elements, 0 column cuts (0 active)  in 0.006 seconds - new frequency is 1
Cbc0014I Cut generator 2 (Knapsack) - 0 row cuts average 0.0 elements, 0 column cuts (0 active)  in 0.008 seconds - new frequency is -100
Cbc0014I Cut generator 3 (Clique) - 0 row cuts average 0.0 elements, 0 column cuts (0 active)  in 0.001 seconds - new frequency is -100
Cbc0014I Cut generator 4 (MixedIntegerRounding2) - 12 row cuts average 4.6 elements, 0 column cuts (0 active)  in 0.010 seconds - new frequency is -100
Cbc0014I Cut generator 5 (FlowCover) - 0 row cuts average 0.0 elements, 0 column cuts (0 active)  in 0.020 seconds - new frequency is -100
Cbc0014I Cut generator 6 (TwoMirCuts) - 34 row cuts average 15.2 elements, 0 column cuts (0 active)  in 0.003 seconds - new frequency is -100
Cbc0010I After 0 nodes, 1 on tree, 1558474.1 best solution, best possible 1558421.4 (0.15 seconds)
Cbc0001I Search completed - best objective 1558474.098419491, took 878 iterations and 10 nodes (0.17 seconds)
Cbc0032I Strong branching done 48 times (235 iterations), fathomed 2 nodes and fixed 3 variables
Cbc0035I Maximum depth 3, 0 variables fixed on reduced cost
Cuts at root node changed objective from 1.55826e+06 to 1.55842e+06
Probing was tried 87 times and created 9 cuts of which 0 were active after adding rounds of cuts (0.017 seconds)
Gomory was tried 87 times and created 223 cuts of which 0 were active after adding rounds of cuts (0.007 seconds)
Knapsack was tried 74 times and created 0 cuts of which 0 were active after adding rounds of cuts (0.008 seconds)
Clique was tried 74 times and created 0 cuts of which 0 were active after adding rounds of cuts (0.001 seconds)
MixedIntegerRounding2 was tried 74 times and created 12 cuts of which 0 were active after adding rounds of cuts (0.010 seconds)
FlowCover was tried 74 times and created 0 cuts of which 0 were active after adding rounds of cuts (0.020 seconds)
TwoMirCuts was tried 74 times and created 34 cuts of which 0 were active after adding rounds of cuts (0.003 seconds)
ZeroHalf was tried 1 times and created 0 cuts of which 0 were active after adding rounds of cuts (0.000 seconds)

Result - Optimal solution found

Objective value:                1558474.09841949
Enumerated nodes:               10
Total iterations:               878
Time (CPU seconds):             0.18
Time (Wallclock seconds):       0.18

Option for printingOptions changed from normal to all
Total time (CPU seconds):       0.20   (Wallclock seconds):       0.20

