Welcome to the CBC MILP Solver 
Version: 2.10.3 
Build Date: Dec 15 2019 

command line - E:\dachuang\.venv\Lib\site-packages\pulp\apis\../solverdir/cbc/win/i64/cbc.exe model.mps -primalTolerance 1e-9 -integerTolerance 1e-9 -ratioGap 0 -allowableGap 0 -threads 0 -branch -printingOptions all -solution solution.txt -saveSolution solution.bin -quit (default strategy 1)
At line 2 NAME          MODEL
At line 3 ROWS
At line 317 COLUMNS
At line 1133 RHS
At line 1446 BOUNDS
At line 1521 ENDATA
Problem MODEL has 312 rows, 241 columns and 647 elements
Coin0008I MODEL read with 0 errors
primalTolerance was changed from 1e-07 to 1e-09
integerTolerance was changed from 1e-07 to 1e-09
ratioGap was changed from 0 to 0
allowableGap was changed from 1e-10 to 0
Continuous objective value is 3.63217e+06 - 0.00 seconds
Cgl0003I 0 fixed, 0 tightened bounds, 3 strengthened rows, 0 substitutions
Cgl0004I processed model has 113 rows, 155 columns (24 integer (24 of which binary)) and 326 elements
Cbc0038I Initial state - 7 integers unsatisfied sum - 2.45363
Cbc0038I Pass   1: suminf.    0.00000 (0) obj. 3.63268e+06 iterations 12
Cbc0038I Solution found of 3.63268e+06
Cbc0038I Relaxing continuous gives 3.63268e+06
Cbc0038I Before mini branch and bound, 17 integers at bound fixed and 90 continuous
Cbc0038I Full problem 113 rows 155 columns, reduced to 8 rows 10 columns
Cbc0038I Mini branch and bound did not improve solution (0.01 seconds)
Cbc0038I Round again with cutoff of 3.63263e+06
Cbc0038I Pass   2: suminf.    0.21035 (1) obj. 3.63263e+06 iterations 2
Cbc0038I Pass   3: suminf.    0.00000 (0) obj. 3.63263e+06 iterations 9
Cbc0038I Solution found of 3.63263e+06
Cbc0038I Relaxing continuous gives 3.63245e+06
Cbc0038I Before mini branch and bound, 16 integers at bound fixed and 82 continuous
Cbc0038I Full problem 113 rows 155 columns, reduced to 19 rows 27 columns
Cbc0038I Mini branch and bound improved solution from 3.63245e+06 to 3.63238e+06 (0.02 seconds)
Cbc0038I Round again with cutoff of 3.63234e+06
Cbc0038I Pass   4: suminf.    0.45085 (2) obj. 3.63234e+06 iterations 5
Cbc0038I Pass   5: suminf.    0.45041 (1) obj. 3.63234e+06 iterations 1
Cbc0038I Pass   6: suminf.    0.18328 (1) obj. 3.63234e+06 iterations 8
Cbc0038I Pass   7: suminf.    0.46069 (1) obj. 3.63234e+06 iterations 2
Cbc0038I Pass   8: suminf.    1.43302 (4) obj. 3.63234e+06 iterations 15
Cbc0038I Pass   9: suminf.    0.53931 (2) obj. 3.63234e+06 iterations 2
Cbc0038I Pass  10: suminf.    0.58139 (2) obj. 3.63234e+06 iterations 12
Cbc0038I Pass  11: suminf.    0.58139 (2) obj. 3.63234e+06 iterations 0
Cbc0038I Pass  12: suminf.    0.58139 (2) obj. 3.63234e+06 iterations 8
Cbc0038I Pass  13: suminf.    0.58139 (2) obj. 3.63234e+06 iterations 6
Cbc0038I Pass  14: suminf.    0.58139 (2) obj. 3.63234e+06 iterations 2
Cbc0038I Pass  15: suminf.    0.58139 (2) obj. 3.63234e+06 iterations 4
Cbc0038I Pass  16: suminf.    0.57740 (3) obj. 3.63234e+06 iterations 10
Cbc0038I Pass  17: suminf.    0.18328 (1) obj. 3.63234e+06 iterations 6
Cbc0038I Pass  18: suminf.    0.46069 (1) obj. 3.63234e+06 iterations 2
Cbc0038I Pass  19: suminf.    0.46069 (1) obj. 3.63234e+06 iterations 10
Cbc0038I Pass  20: suminf.    0.28178 (1) obj. 3.63234e+06 iterations 2
Cbc0038I Pass  21: suminf.    0.46069 (1) obj. 3.63234e+06 iterations 1
Cbc0038I Pass  22: suminf.    1.18328 (3) obj. 3.63234e+06 iterations 19
Cbc0038I Pass  23: suminf.    1.18328 (3) obj. 3.63234e+06 iterations 3
Cbc0038I Pass  24: suminf.    0.35335 (2) obj. 3.63234e+06 iterations 8
Cbc0038I Pass  25: suminf.    0.35291 (1) obj. 3.63234e+06 iterations 1
Cbc0038I Pass  26: suminf.    0.48289 (3) obj. 3.63234e+06 iterations 6
Cbc0038I Pass  27: suminf.    0.48289 (3) obj. 3.63234e+06 iterations 6
Cbc0038I Pass  28: suminf.    0.48289 (3) obj. 3.63234e+06 iterations 1
Cbc0038I Pass  29: suminf.    0.48289 (3) obj. 3.63234e+06 iterations 6
Cbc0038I Pass  30: suminf.    2.07574 (6) obj. 3.63234e+06 iterations 20
Cbc0038I Pass  31: suminf.    1.00313 (3) obj. 3.63234e+06 iterations 4
Cbc0038I Pass  32: suminf.    0.58139 (2) obj. 3.63234e+06 iterations 11
Cbc0038I Pass  33: suminf.    0.58139 (2) obj. 3.63234e+06 iterations 0
Cbc0038I No solution found this major pass
Cbc0038I Before mini branch and bound, 3 integers at bound fixed and 66 continuous
Cbc0038I Full problem 113 rows 155 columns, reduced to 25 rows 34 columns
Cbc0038I Mini branch and bound did not improve solution (0.04 seconds)
Cbc0038I After 0.04 seconds - Feasibility pump exiting with objective of 3.63238e+06 - took 0.04 seconds
Cbc0012I Integer solution of 3632382.1 found by feasibility pump after 0 iterations and 0 nodes (0.04 seconds)
Cbc0038I Full problem 113 rows 155 columns, reduced to 67 rows 103 columns
Cbc0031I 10 added rows had average density of 30.5
Cbc0013I At root node, 10 cuts changed objective from 3632190.1 to 3632324.5 in 100 passes
Cbc0014I Cut generator 0 (Probing) - 4 row cuts average 2.0 elements, 0 column cuts (0 active)  in 0.005 seconds - new frequency is -100
Cbc0014I Cut generator 1 (Gomory) - 309 row cuts average 35.8 elements, 0 column cuts (0 active)  in 0.013 seconds - new frequency is 1
Cbc0014I Cut generator 2 (Knapsack) - 0 row cuts average 0.0 elements, 0 column cuts (0 active)  in 0.026 seconds - new frequency is -100
Cbc0014I Cut generator 3 (Clique) - 0 row cuts average 0.0 elements, 0 column cuts (0 active)  in 0.000 seconds - new frequency is -100
Cbc0014I Cut generator 4 (MixedIntegerRounding2) - 4 row cuts average 6.5 elements, 0 column cuts (0 active)  in 0.004 seconds - new frequency is -100
Cbc0014I Cut generator 5 (FlowCover) - 0 row cuts average 0.0 elements, 0 column cuts (0 active)  in 0.013 seconds - new frequency is -100
Cbc0014I Cut generator 6 (TwoMirCuts) - 29 row cuts average 11.9 elements, 0 column cuts (0 active)  in 0.002 seconds - new frequency is -100
Cbc0010I After 0 nodes, 1 on tree, 3632382.1 best solution, best possible 3632324.5 (0.18 seconds)
Cbc0001I Search completed - best objective 3632382.101092001, took 1313 iterations and 6 nodes (0.20 seconds)
Cbc0032I Strong branching done 38 times (208 iterations), fathomed 3 nodes and fixed 3 variables
Cbc0035I Maximum depth 1, 1 variables fixed on reduced cost
Cuts at root node changed objective from 3.63219e+06 to 3.63232e+06
Probing was tried 100 times and created 4 cuts of which 0 were active after adding rounds of cuts (0.005 seconds)
Gomory was tried 139 times and created 384 cuts of which 0 were active after adding rounds of cuts (0.018 seconds)
Knapsack was tried 100 times and created 0 cuts of which 0 were active after adding rounds of cuts (0.026 seconds)
Clique was tried 100 times and created 0 cuts of which 0 were active after adding rounds of cuts (0.000 seconds)
MixedIntegerRounding2 was tried 100 times and created 4 cuts of which 0 were active after adding rounds of cuts (0.004 seconds)
FlowCover was tried 100 times and created 0 cuts of which 0 were active after adding rounds of cuts (0.013 seconds)
TwoMirCuts was tried 100 times and created 29 cuts of which 0 were active after adding rounds of cuts (0.002 seconds)
ZeroHalf was tried 1 times and created 0 cuts of which 0 were active after adding rounds of cuts (0.000 seconds)

Result - Optimal solution found

Objective value:                3632382.10109200
Enumerated nodes:               6
Total iterations:               1313
Time (CPU seconds):             0.20
Time (Wallclock seconds):       0.20

Option for printingOptions changed from normal to all
Total time (CPU seconds):       0.22   (Wallclock seconds):       0.22

