Welcome to the CBC MILP Solver 
Version: 2.10.3 
Build Date: Dec 15 2019 

command line - E:\dachuang\.venv\Lib\site-packages\pulp\apis\../solverdir/cbc/win/i64/cbc.exe model.mps -primalTolerance 1e-9 -integerTolerance 1e-9 -ratioGap 0 -allowableGap 0 -threads 0 -branch -printingOptions all -solution solution.txt -saveSolution solution.bin -quit (default strategy 1)
At line 2 NAME          MODEL
At line 3 ROWS
At line 317 COLUMNS
At line 1133 RHS
At line 1446 BOUNDS
At line 1521 ENDATA
Problem MODEL has 312 rows, 241 columns and 647 elements
Coin0008I MODEL read with 0 errors
primalTolerance was changed from 1e-07 to 1e-09
integerTolerance was changed from 1e-07 to 1e-09
ratioGap was changed from 0 to 0
allowableGap was changed from 1e-10 to 0
Continuous objective value is 939058 - 0.00 seconds
Cgl0003I 0 fixed, 0 tightened bounds, 3 strengthened rows, 0 substitutions
Cgl0004I processed model has 119 rows, 167 columns (24 integer (24 of which binary)) and 356 elements
Cbc0038I Initial state - 9 integers unsatisfied sum - 3.09315
Cbc0038I Pass   1: suminf.    0.00000 (0) obj. 1.10884e+06 iterations 19
Cbc0038I Solution found of 1.10884e+06
Cbc0038I Relaxing continuous gives 949407
Cbc0038I Before mini branch and bound, 15 integers at bound fixed and 86 continuous
Cbc0038I Full problem 119 rows 167 columns, reduced to 9 rows 13 columns
Cbc0038I Mini branch and bound improved solution from 949407 to 939493 (0.01 seconds)
Cbc0038I Round again with cutoff of 939451
Cbc0038I Pass   2: suminf.    0.96804 (4) obj. 939451 iterations 17
Cbc0038I Pass   3: suminf.    0.00000 (0) obj. 939451 iterations 11
Cbc0038I Solution found of 939451
Cbc0038I Relaxing continuous gives 939351
Cbc0038I Before mini branch and bound, 13 integers at bound fixed and 83 continuous
Cbc0038I Full problem 119 rows 167 columns, reduced to 16 rows 21 columns
Cbc0038I Mini branch and bound improved solution from 939351 to 939149 (0.02 seconds)
Cbc0038I Round again with cutoff of 939135
Cbc0038I Pass   4: suminf.    1.50413 (6) obj. 939135 iterations 3
Cbc0038I Pass   5: suminf.    1.44794 (6) obj. 939135 iterations 3
Cbc0038I Pass   6: suminf.    1.43149 (6) obj. 939135 iterations 2
Cbc0038I Pass   7: suminf.    1.34391 (4) obj. 939135 iterations 11
Cbc0038I Pass   8: suminf.    0.69476 (4) obj. 939135 iterations 1
Cbc0038I Pass   9: suminf.    0.66491 (3) obj. 939135 iterations 6
Cbc0038I Pass  10: suminf.    0.66491 (2) obj. 939135 iterations 1
Cbc0038I Pass  11: suminf.    0.64351 (3) obj. 939135 iterations 4
Cbc0038I Pass  12: suminf.    1.34391 (4) obj. 939135 iterations 5
Cbc0038I Pass  13: suminf.    0.69476 (4) obj. 939135 iterations 1
Cbc0038I Pass  14: suminf.    0.66491 (3) obj. 939135 iterations 6
Cbc0038I Pass  15: suminf.    0.66491 (2) obj. 939135 iterations 1
Cbc0038I Pass  16: suminf.    0.64351 (3) obj. 939135 iterations 4
Cbc0038I Pass  17: suminf.    1.34391 (4) obj. 939135 iterations 5
Cbc0038I Pass  18: suminf.    0.69476 (4) obj. 939135 iterations 1
Cbc0038I Pass  19: suminf.    0.66491 (3) obj. 939135 iterations 6
Cbc0038I Pass  20: suminf.    0.66491 (2) obj. 939135 iterations 1
Cbc0038I Pass  21: suminf.    0.64351 (3) obj. 939135 iterations 4
Cbc0038I Pass  22: suminf.    1.34391 (4) obj. 939135 iterations 5
Cbc0038I Pass  23: suminf.    0.69476 (4) obj. 939135 iterations 1
Cbc0038I Pass  24: suminf.    0.66491 (3) obj. 939135 iterations 6
Cbc0038I Pass  25: suminf.    0.66491 (2) obj. 939135 iterations 1
Cbc0038I Pass  26: suminf.    0.64351 (3) obj. 939135 iterations 4
Cbc0038I Pass  27: suminf.    1.34391 (4) obj. 939135 iterations 5
Cbc0038I Pass  28: suminf.    0.69476 (4) obj. 939135 iterations 1
Cbc0038I Pass  29: suminf.    0.66491 (3) obj. 939135 iterations 6
Cbc0038I Pass  30: suminf.    0.66491 (2) obj. 939135 iterations 1
Cbc0038I Pass  31: suminf.    0.64351 (3) obj. 939135 iterations 4
Cbc0038I Pass  32: suminf.    1.34391 (4) obj. 939135 iterations 5
Cbc0038I Pass  33: suminf.    0.69476 (4) obj. 939135 iterations 1
Cbc0038I No solution found this major pass
Cbc0038I Before mini branch and bound, 12 integers at bound fixed and 80 continuous
Cbc0038I Full problem 119 rows 167 columns, reduced to 21 rows 28 columns
Cbc0038I Mini branch and bound did not improve solution (0.03 seconds)
Cbc0038I After 0.03 seconds - Feasibility pump exiting with objective of 939149 - took 0.02 seconds
Cbc0012I Integer solution of 939149.4 found by feasibility pump after 0 iterations and 0 nodes (0.03 seconds)
Cbc0038I Full problem 119 rows 167 columns, reduced to 82 rows 129 columns
Cbc0031I 9 added rows had average density of 18.333333
Cbc0013I At root node, 9 cuts changed objective from 939074.97 to 939116.14 in 100 passes
Cbc0014I Cut generator 0 (Probing) - 3 row cuts average 4.7 elements, 0 column cuts (0 active)  in 0.017 seconds - new frequency is -100
Cbc0014I Cut generator 1 (Gomory) - 229 row cuts average 30.8 elements, 0 column cuts (0 active)  in 0.007 seconds - new frequency is 1
Cbc0014I Cut generator 2 (Knapsack) - 0 row cuts average 0.0 elements, 0 column cuts (0 active)  in 0.021 seconds - new frequency is -100
Cbc0014I Cut generator 3 (Clique) - 0 row cuts average 0.0 elements, 0 column cuts (0 active)  in 0.001 seconds - new frequency is -100
Cbc0014I Cut generator 4 (MixedIntegerRounding2) - 4 row cuts average 9.0 elements, 0 column cuts (0 active)  in 0.003 seconds - new frequency is -100
Cbc0014I Cut generator 5 (FlowCover) - 0 row cuts average 0.0 elements, 0 column cuts (0 active)  in 0.017 seconds - new frequency is -100
Cbc0014I Cut generator 6 (TwoMirCuts) - 24 row cuts average 10.1 elements, 0 column cuts (0 active)  in 0.005 seconds - new frequency is -100
Cbc0010I After 0 nodes, 1 on tree, 939149.4 best solution, best possible 939116.14 (0.17 seconds)
Cbc0001I Search completed - best objective 939149.3980608392, took 880 iterations and 4 nodes (0.18 seconds)
Cbc0032I Strong branching done 20 times (80 iterations), fathomed 3 nodes and fixed 0 variables
Cbc0035I Maximum depth 1, 0 variables fixed on reduced cost
Cuts at root node changed objective from 939075 to 939116
Probing was tried 100 times and created 3 cuts of which 0 were active after adding rounds of cuts (0.017 seconds)
Gomory was tried 115 times and created 248 cuts of which 0 were active after adding rounds of cuts (0.009 seconds)
Knapsack was tried 100 times and created 0 cuts of which 0 were active after adding rounds of cuts (0.021 seconds)
Clique was tried 100 times and created 0 cuts of which 0 were active after adding rounds of cuts (0.001 seconds)
MixedIntegerRounding2 was tried 100 times and created 4 cuts of which 0 were active after adding rounds of cuts (0.003 seconds)
FlowCover was tried 100 times and created 0 cuts of which 0 were active after adding rounds of cuts (0.017 seconds)
TwoMirCuts was tried 100 times and created 24 cuts of which 0 were active after adding rounds of cuts (0.005 seconds)
ZeroHalf was tried 1 times and created 0 cuts of which 0 were active after adding rounds of cuts (0.000 seconds)

Result - Optimal solution found

Objective value:                939149.39806084
Enumerated nodes:               4
Total iterations:               880
Time (CPU seconds):             0.18
Time (Wallclock seconds):       0.19

Option for printingOptions changed from normal to all
Total time (CPU seconds):       0.21   (Wallclock seconds):       0.21

