Welcome to the CBC MILP Solver 
Version: 2.10.3 
Build Date: Dec 15 2019 

command line - E:\dachuang\.venv\Lib\site-packages\pulp\apis\../solverdir/cbc/win/i64/cbc.exe model.mps -primalTolerance 1e-9 -integerTolerance 1e-9 -ratioGap 0 -allowableGap 0 -threads 0 -branch -printingOptions all -solution solution.txt -saveSolution solution.bin -quit (default strategy 1)
At line 2 NAME          MODEL
At line 3 ROWS
At line 317 COLUMNS
At line 1133 RHS
At line 1446 BOUNDS
At line 1521 ENDATA
Problem MODEL has 312 rows, 241 columns and 647 elements
Coin0008I MODEL read with 0 errors
primalTolerance was changed from 1e-07 to 1e-09
integerTolerance was changed from 1e-07 to 1e-09
ratioGap was changed from 0 to 0
allowableGap was changed from 1e-10 to 0
Continuous objective value is 853825 - 0.00 seconds
Cgl0003I 0 fixed, 0 tightened bounds, 3 strengthened rows, 0 substitutions
Cgl0004I processed model has 119 rows, 167 columns (24 integer (24 of which binary)) and 356 elements
Cbc0038I Initial state - 9 integers unsatisfied sum - 3.37435
Cbc0038I Pass   1: suminf.    0.00000 (0) obj. 867338 iterations 17
Cbc0038I Solution found of 867338
Cbc0038I Relaxing continuous gives 857078
Cbc0038I Before mini branch and bound, 15 integers at bound fixed and 83 continuous
Cbc0038I Full problem 119 rows 167 columns, reduced to 21 rows 24 columns
Cbc0038I Mini branch and bound improved solution from 857078 to 854538 (0.01 seconds)
Cbc0038I Round again with cutoff of 854469
Cbc0038I Pass   2: suminf.    0.67744 (2) obj. 854469 iterations 15
Cbc0038I Pass   3: suminf.    0.24003 (1) obj. 854469 iterations 6
Cbc0038I Solution found of 854469
Cbc0038I Relaxing continuous gives 854315
Cbc0038I Before mini branch and bound, 13 integers at bound fixed and 80 continuous
Cbc0038I Full problem 119 rows 167 columns, reduced to 20 rows 25 columns
Cbc0038I Mini branch and bound improved solution from 854315 to 854315 (0.02 seconds)
Cbc0038I Round again with cutoff of 854221
Cbc0038I Pass   4: suminf.    1.00899 (3) obj. 854221 iterations 3
Cbc0038I Pass   5: suminf.    0.78462 (2) obj. 854221 iterations 6
Cbc0038I Pass   6: suminf.    0.40678 (2) obj. 854221 iterations 4
Cbc0038I Pass   7: suminf.    0.50077 (4) obj. 854221 iterations 15
Cbc0038I Pass   8: suminf.    0.46995 (3) obj. 854221 iterations 2
Cbc0038I Pass   9: suminf.    0.79546 (2) obj. 854221 iterations 8
Cbc0038I Pass  10: suminf.    0.46635 (2) obj. 854221 iterations 2
Cbc0038I Pass  11: suminf.    0.50415 (4) obj. 854221 iterations 13
Cbc0038I Pass  12: suminf.    0.50415 (4) obj. 854221 iterations 0
Cbc0038I Pass  13: suminf.    0.46635 (1) obj. 854221 iterations 6
Cbc0038I Pass  14: suminf.    0.18135 (1) obj. 854221 iterations 2
Cbc0038I Pass  15: suminf.    0.20454 (2) obj. 854221 iterations 9
Cbc0038I Pass  16: suminf.    0.00000 (0) obj. 854221 iterations 4
Cbc0038I Solution found of 854221
Cbc0038I Relaxing continuous gives 854119
Cbc0038I Before mini branch and bound, 13 integers at bound fixed and 77 continuous
Cbc0038I Full problem 119 rows 167 columns, reduced to 25 rows 33 columns
Cbc0038I Mini branch and bound improved solution from 854119 to 854105 (0.03 seconds)
Cbc0038I Round again with cutoff of 854027
Cbc0038I Pass  17: suminf.    1.68432 (5) obj. 854027 iterations 4
Cbc0038I Pass  18: suminf.    1.58183 (4) obj. 854027 iterations 1
Cbc0038I Pass  19: suminf.    1.22110 (4) obj. 854027 iterations 10
Cbc0038I Pass  20: suminf.    1.22110 (4) obj. 854027 iterations 0
Cbc0038I Pass  21: suminf.    0.42951 (4) obj. 854027 iterations 6
Cbc0038I Pass  22: suminf.    0.42951 (4) obj. 854027 iterations 0
Cbc0038I Pass  23: suminf.    1.00924 (3) obj. 854027 iterations 6
Cbc0038I Pass  24: suminf.    0.93609 (2) obj. 854027 iterations 2
Cbc0038I Pass  25: suminf.    0.39899 (2) obj. 854027 iterations 3
Cbc0038I Pass  26: suminf.    0.87009 (2) obj. 854027 iterations 8
Cbc0038I Pass  27: suminf.    0.39899 (2) obj. 854027 iterations 3
Cbc0038I Pass  28: suminf.    0.42951 (4) obj. 854027 iterations 13
Cbc0038I Pass  29: suminf.    0.42951 (4) obj. 854027 iterations 0
Cbc0038I Pass  30: suminf.    1.00924 (3) obj. 854027 iterations 6
Cbc0038I Pass  31: suminf.    0.93609 (2) obj. 854027 iterations 2
Cbc0038I Pass  32: suminf.    0.39899 (2) obj. 854027 iterations 3
Cbc0038I Pass  33: suminf.    0.87009 (2) obj. 854027 iterations 8
Cbc0038I Pass  34: suminf.    0.39899 (2) obj. 854027 iterations 3
Cbc0038I Pass  35: suminf.    0.42951 (4) obj. 854027 iterations 13
Cbc0038I Pass  36: suminf.    0.42951 (4) obj. 854027 iterations 0
Cbc0038I Pass  37: suminf.    1.00924 (3) obj. 854027 iterations 6
Cbc0038I Pass  38: suminf.    0.93609 (2) obj. 854027 iterations 2
Cbc0038I Pass  39: suminf.    0.39899 (2) obj. 854027 iterations 3
Cbc0038I Pass  40: suminf.    0.87009 (2) obj. 854027 iterations 8
Cbc0038I Pass  41: suminf.    0.39899 (2) obj. 854027 iterations 3
Cbc0038I Pass  42: suminf.    0.42951 (4) obj. 854027 iterations 13
Cbc0038I Pass  43: suminf.    0.42951 (4) obj. 854027 iterations 0
Cbc0038I Pass  44: suminf.    1.00924 (3) obj. 854027 iterations 6
Cbc0038I Pass  45: suminf.    0.93609 (2) obj. 854027 iterations 2
Cbc0038I Pass  46: suminf.    0.39899 (2) obj. 854027 iterations 3
Cbc0038I No solution found this major pass
Cbc0038I Before mini branch and bound, 13 integers at bound fixed and 77 continuous
Cbc0038I Full problem 119 rows 167 columns, reduced to 25 rows 33 columns
Cbc0038I Mini branch and bound did not improve solution (0.04 seconds)
Cbc0038I After 0.04 seconds - Feasibility pump exiting with objective of 854105 - took 0.03 seconds
Cbc0012I Integer solution of 854105.49 found by feasibility pump after 0 iterations and 0 nodes (0.04 seconds)
Cbc0038I Full problem 119 rows 167 columns, reduced to 81 rows 129 columns
Cbc0031I 15 added rows had average density of 17.4
Cbc0013I At root node, 15 cuts changed objective from 853842.85 to 854095.03 in 100 passes
Cbc0014I Cut generator 0 (Probing) - 4 row cuts average 3.5 elements, 1 column cuts (1 active)  in 0.017 seconds - new frequency is -100
Cbc0014I Cut generator 1 (Gomory) - 291 row cuts average 25.1 elements, 0 column cuts (0 active)  in 0.010 seconds - new frequency is 1
Cbc0014I Cut generator 2 (Knapsack) - 0 row cuts average 0.0 elements, 0 column cuts (0 active)  in 0.028 seconds - new frequency is -100
Cbc0014I Cut generator 3 (Clique) - 0 row cuts average 0.0 elements, 0 column cuts (0 active)  in 0.001 seconds - new frequency is -100
Cbc0014I Cut generator 4 (MixedIntegerRounding2) - 9 row cuts average 6.6 elements, 0 column cuts (0 active)  in 0.010 seconds - new frequency is -100
Cbc0014I Cut generator 5 (FlowCover) - 0 row cuts average 0.0 elements, 0 column cuts (0 active)  in 0.022 seconds - new frequency is -100
Cbc0014I Cut generator 6 (TwoMirCuts) - 26 row cuts average 9.2 elements, 0 column cuts (0 active)  in 0.004 seconds - new frequency is -100
Cbc0010I After 0 nodes, 1 on tree, 854105.49 best solution, best possible 854095.15 (0.21 seconds)
Cbc0001I Search completed - best objective 854105.4851882594, took 1161 iterations and 6 nodes (0.23 seconds)
Cbc0032I Strong branching done 30 times (187 iterations), fathomed 2 nodes and fixed 4 variables
Cbc0035I Maximum depth 1, 1 variables fixed on reduced cost
Cuts at root node changed objective from 853843 to 854095
Probing was tried 100 times and created 5 cuts of which 0 were active after adding rounds of cuts (0.017 seconds)
Gomory was tried 117 times and created 320 cuts of which 0 were active after adding rounds of cuts (0.011 seconds)
Knapsack was tried 100 times and created 0 cuts of which 0 were active after adding rounds of cuts (0.028 seconds)
Clique was tried 100 times and created 0 cuts of which 0 were active after adding rounds of cuts (0.001 seconds)
MixedIntegerRounding2 was tried 100 times and created 9 cuts of which 0 were active after adding rounds of cuts (0.010 seconds)
FlowCover was tried 100 times and created 0 cuts of which 0 were active after adding rounds of cuts (0.022 seconds)
TwoMirCuts was tried 100 times and created 26 cuts of which 0 were active after adding rounds of cuts (0.004 seconds)
ZeroHalf was tried 1 times and created 0 cuts of which 0 were active after adding rounds of cuts (0.000 seconds)

Result - Optimal solution found

Objective value:                854105.48518826
Enumerated nodes:               6
Total iterations:               1161
Time (CPU seconds):             0.24
Time (Wallclock seconds):       0.24

Option for printingOptions changed from normal to all
Total time (CPU seconds):       0.27   (Wallclock seconds):       0.26

