Welcome to the CBC MILP Solver 
Version: 2.10.3 
Build Date: Dec 15 2019 

command line - E:\dachuang\.venv\Lib\site-packages\pulp\apis\../solverdir/cbc/win/i64/cbc.exe model.mps -primalTolerance 1e-9 -integerTolerance 1e-9 -ratioGap 0 -allowableGap 0 -threads 0 -branch -printingOptions all -solution solution.txt -saveSolution solution.bin -quit (default strategy 1)
At line 2 NAME          MODEL
At line 3 ROWS
At line 317 COLUMNS
At line 1133 RHS
At line 1446 BOUNDS
At line 1521 ENDATA
Problem MODEL has 312 rows, 241 columns and 647 elements
Coin0008I MODEL read with 0 errors
primalTolerance was changed from 1e-07 to 1e-09
integerTolerance was changed from 1e-07 to 1e-09
ratioGap was changed from 0 to 0
allowableGap was changed from 1e-10 to 0
Continuous objective value is 1.82009e+06 - 0.00 seconds
Cgl0003I 0 fixed, 0 tightened bounds, 3 strengthened rows, 0 substitutions
Cgl0004I processed model has 115 rows, 159 columns (24 integer (24 of which binary)) and 336 elements
Cbc0038I Initial state - 13 integers unsatisfied sum - 4.29842
Cbc0038I Pass   1: suminf.    0.00000 (0) obj. 1.84663e+06 iterations 19
Cbc0038I Solution found of 1.84663e+06
Cbc0038I Relaxing continuous gives 1.82256e+06
Cbc0038I Before mini branch and bound, 11 integers at bound fixed and 79 continuous
Cbc0038I Full problem 115 rows 159 columns, reduced to 12 rows 15 columns
Cbc0038I Mini branch and bound improved solution from 1.82256e+06 to 1.82068e+06 (0.02 seconds)
Cbc0038I Freeing continuous variables gives a solution of 1.82068e+06
Cbc0038I Round again with cutoff of 1.82062e+06
Cbc0038I Pass   2: suminf.    0.70225 (3) obj. 1.82062e+06 iterations 10
Cbc0038I Pass   3: suminf.    0.24304 (1) obj. 1.82062e+06 iterations 11
Cbc0038I Pass   4: suminf.    0.00000 (0) obj. 1.82062e+06 iterations 3
Cbc0038I Solution found of 1.82062e+06
Cbc0038I Relaxing continuous gives 1.82047e+06
Cbc0038I Before mini branch and bound, 10 integers at bound fixed and 73 continuous
Cbc0038I Full problem 115 rows 159 columns, reduced to 22 rows 29 columns
Cbc0038I Mini branch and bound improved solution from 1.82047e+06 to 1.8204e+06 (0.03 seconds)
Cbc0038I Round again with cutoff of 1.82035e+06
Cbc0038I Pass   5: suminf.    0.99779 (5) obj. 1.82035e+06 iterations 4
Cbc0038I Pass   6: suminf.    0.89530 (4) obj. 1.82035e+06 iterations 1
Cbc0038I Pass   7: suminf.    0.57505 (3) obj. 1.82035e+06 iterations 11
Cbc0038I Pass   8: suminf.    0.57505 (3) obj. 1.82035e+06 iterations 0
Cbc0038I Pass   9: suminf.    0.48881 (3) obj. 1.82035e+06 iterations 5
Cbc0038I Pass  10: suminf.    0.48881 (2) obj. 1.82035e+06 iterations 2
Cbc0038I Pass  11: suminf.    0.80756 (3) obj. 1.82035e+06 iterations 7
Cbc0038I Pass  12: suminf.    0.57505 (3) obj. 1.82035e+06 iterations 7
Cbc0038I Pass  13: suminf.    0.48881 (3) obj. 1.82035e+06 iterations 5
Cbc0038I Pass  14: suminf.    0.48881 (2) obj. 1.82035e+06 iterations 2
Cbc0038I Pass  15: suminf.    1.26152 (4) obj. 1.82035e+06 iterations 10
Cbc0038I Pass  16: suminf.    0.94202 (3) obj. 1.82035e+06 iterations 1
Cbc0038I Pass  17: suminf.    0.57505 (2) obj. 1.82035e+06 iterations 3
Cbc0038I Pass  18: suminf.    0.48881 (2) obj. 1.82035e+06 iterations 6
Cbc0038I Pass  19: suminf.    0.48881 (2) obj. 1.82035e+06 iterations 2
Cbc0038I Pass  20: suminf.    0.48881 (2) obj. 1.82035e+06 iterations 0
Cbc0038I Pass  21: suminf.    0.57505 (2) obj. 1.82035e+06 iterations 3
Cbc0038I Pass  22: suminf.    1.95317 (6) obj. 1.82035e+06 iterations 16
Cbc0038I Pass  23: suminf.    1.06830 (4) obj. 1.82035e+06 iterations 3
Cbc0038I Pass  24: suminf.    0.57505 (3) obj. 1.82035e+06 iterations 8
Cbc0038I Pass  25: suminf.    0.57505 (3) obj. 1.82035e+06 iterations 1
Cbc0038I Pass  26: suminf.    0.48881 (3) obj. 1.82035e+06 iterations 5
Cbc0038I Pass  27: suminf.    0.48881 (2) obj. 1.82035e+06 iterations 3
Cbc0038I Pass  28: suminf.    1.46552 (5) obj. 1.82035e+06 iterations 25
Cbc0038I Pass  29: suminf.    0.53840 (2) obj. 1.82035e+06 iterations 3
Cbc0038I Pass  30: suminf.    0.00000 (0) obj. 1.82035e+06 iterations 7
Cbc0038I Solution found of 1.82035e+06
Cbc0038I Relaxing continuous gives 1.82027e+06
Cbc0038I Before mini branch and bound, 5 integers at bound fixed and 65 continuous
Cbc0038I Full problem 115 rows 159 columns, reduced to 26 rows 34 columns
Cbc0038I Mini branch and bound improved solution from 1.82027e+06 to 1.82027e+06 (0.05 seconds)
Cbc0038I Freeing continuous variables gives a solution of 1.82027e+06
Cbc0038I Round again with cutoff of 1.82022e+06
Cbc0038I Pass  31: suminf.    1.58480 (7) obj. 1.82022e+06 iterations 2
Cbc0038I Pass  32: suminf.    1.48230 (6) obj. 1.82022e+06 iterations 2
Cbc0038I Pass  33: suminf.    0.79967 (3) obj. 1.82022e+06 iterations 17
Cbc0038I Pass  34: suminf.    0.79967 (3) obj. 1.82022e+06 iterations 1
Cbc0038I Pass  35: suminf.    0.93686 (4) obj. 1.82022e+06 iterations 5
Cbc0038I Pass  36: suminf.    0.83436 (3) obj. 1.82022e+06 iterations 3
Cbc0038I Pass  37: suminf.    0.90217 (4) obj. 1.82022e+06 iterations 11
Cbc0038I Pass  38: suminf.    2.61746 (10) obj. 1.82022e+06 iterations 13
Cbc0038I Pass  39: suminf.    2.19242 (8) obj. 1.82022e+06 iterations 2
Cbc0038I Pass  40: suminf.    1.09090 (4) obj. 1.82022e+06 iterations 10
Cbc0038I Pass  41: suminf.    1.07984 (4) obj. 1.82022e+06 iterations 2
Cbc0038I Pass  42: suminf.    1.17684 (4) obj. 1.82022e+06 iterations 7
Cbc0038I Pass  43: suminf.    1.12559 (4) obj. 1.82022e+06 iterations 1
Cbc0038I Pass  44: suminf.    1.12559 (4) obj. 1.82022e+06 iterations 1
Cbc0038I Pass  45: suminf.    1.14215 (4) obj. 1.82022e+06 iterations 12
Cbc0038I Pass  46: suminf.    1.07984 (4) obj. 1.82022e+06 iterations 2
Cbc0038I Pass  47: suminf.    1.07984 (4) obj. 1.82022e+06 iterations 1
Cbc0038I Pass  48: suminf.    1.17684 (4) obj. 1.82022e+06 iterations 7
Cbc0038I Pass  49: suminf.    1.12559 (4) obj. 1.82022e+06 iterations 1
Cbc0038I Pass  50: suminf.    1.12559 (4) obj. 1.82022e+06 iterations 1
Cbc0038I Pass  51: suminf.    1.14215 (4) obj. 1.82022e+06 iterations 12
Cbc0038I Pass  52: suminf.    1.07984 (4) obj. 1.82022e+06 iterations 2
Cbc0038I Pass  53: suminf.    1.07984 (4) obj. 1.82022e+06 iterations 1
Cbc0038I Pass  54: suminf.    1.17684 (4) obj. 1.82022e+06 iterations 7
Cbc0038I Pass  55: suminf.    1.12559 (4) obj. 1.82022e+06 iterations 1
Cbc0038I Pass  56: suminf.    1.12559 (4) obj. 1.82022e+06 iterations 1
Cbc0038I Pass  57: suminf.    1.14215 (4) obj. 1.82022e+06 iterations 12
Cbc0038I Pass  58: suminf.    1.07984 (4) obj. 1.82022e+06 iterations 2
Cbc0038I Pass  59: suminf.    1.07984 (4) obj. 1.82022e+06 iterations 1
Cbc0038I Pass  60: suminf.    1.17684 (4) obj. 1.82022e+06 iterations 7
Cbc0038I No solution found this major pass
Cbc0038I Before mini branch and bound, 7 integers at bound fixed and 72 continuous
Cbc0038I Full problem 115 rows 159 columns, reduced to 23 rows 31 columns
Cbc0038I Mini branch and bound did not improve solution (0.07 seconds)
Cbc0038I After 0.07 seconds - Feasibility pump exiting with objective of 1.82027e+06 - took 0.06 seconds
Cbc0012I Integer solution of 1820265.5 found by feasibility pump after 0 iterations and 0 nodes (0.07 seconds)
Cbc0038I Full problem 115 rows 159 columns, reduced to 85 rows 126 columns
Cbc0031I 16 added rows had average density of 29.3125
Cbc0013I At root node, 16 cuts changed objective from 1820115.9 to 1820257.2 in 100 passes
Cbc0014I Cut generator 0 (Probing) - 3 row cuts average 4.0 elements, 3 column cuts (3 active)  in 0.016 seconds - new frequency is -100
Cbc0014I Cut generator 1 (Gomory) - 488 row cuts average 45.0 elements, 0 column cuts (0 active)  in 0.010 seconds - new frequency is 1
Cbc0014I Cut generator 2 (Knapsack) - 0 row cuts average 0.0 elements, 0 column cuts (0 active)  in 0.027 seconds - new frequency is -100
Cbc0014I Cut generator 3 (Clique) - 0 row cuts average 0.0 elements, 0 column cuts (0 active)  in 0.001 seconds - new frequency is -100
Cbc0014I Cut generator 4 (MixedIntegerRounding2) - 14 row cuts average 4.9 elements, 0 column cuts (0 active)  in 0.009 seconds - new frequency is -100
Cbc0014I Cut generator 5 (FlowCover) - 0 row cuts average 0.0 elements, 0 column cuts (0 active)  in 0.019 seconds - new frequency is -100
Cbc0014I Cut generator 6 (TwoMirCuts) - 39 row cuts average 14.5 elements, 0 column cuts (0 active)  in 0.006 seconds - new frequency is -100
Cbc0010I After 0 nodes, 1 on tree, 1820265.5 best solution, best possible 1820257.2 (0.24 seconds)
Cbc0001I Search completed - best objective 1820265.533795943, took 1235 iterations and 8 nodes (0.26 seconds)
Cbc0032I Strong branching done 32 times (184 iterations), fathomed 2 nodes and fixed 1 variables
Cbc0035I Maximum depth 2, 0 variables fixed on reduced cost
Cuts at root node changed objective from 1.82012e+06 to 1.82026e+06
Probing was tried 100 times and created 6 cuts of which 0 were active after adding rounds of cuts (0.016 seconds)
Gomory was tried 120 times and created 522 cuts of which 0 were active after adding rounds of cuts (0.012 seconds)
Knapsack was tried 100 times and created 0 cuts of which 0 were active after adding rounds of cuts (0.027 seconds)
Clique was tried 100 times and created 0 cuts of which 0 were active after adding rounds of cuts (0.001 seconds)
MixedIntegerRounding2 was tried 100 times and created 14 cuts of which 0 were active after adding rounds of cuts (0.009 seconds)
FlowCover was tried 100 times and created 0 cuts of which 0 were active after adding rounds of cuts (0.019 seconds)
TwoMirCuts was tried 100 times and created 39 cuts of which 0 were active after adding rounds of cuts (0.006 seconds)
ZeroHalf was tried 1 times and created 0 cuts of which 0 were active after adding rounds of cuts (0.000 seconds)

Result - Optimal solution found

Objective value:                1820265.53379594
Enumerated nodes:               8
Total iterations:               1235
Time (CPU seconds):             0.26
Time (Wallclock seconds):       0.26

Option for printingOptions changed from normal to all
Total time (CPU seconds):       0.29   (Wallclock seconds):       0.29

