Welcome to the CBC MILP Solver 
Version: 2.10.3 
Build Date: Dec 15 2019 

command line - E:\dachuang\.venv\Lib\site-packages\pulp\apis\../solverdir/cbc/win/i64/cbc.exe model.mps -primalTolerance 1e-9 -integerTolerance 1e-9 -ratioGap 0 -allowableGap 0 -threads 0 -branch -printingOptions all -solution solution.txt -saveSolution solution.bin -quit (default strategy 1)
At line 2 NAME          MODEL
At line 3 ROWS
At line 317 COLUMNS
At line 1133 RHS
At line 1446 BOUNDS
At line 1521 ENDATA
Problem MODEL has 312 rows, 241 columns and 647 elements
Coin0008I MODEL read with 0 errors
primalTolerance was changed from 1e-07 to 1e-09
integerTolerance was changed from 1e-07 to 1e-09
ratioGap was changed from 0 to 0
allowableGap was changed from 1e-10 to 0
Continuous objective value is 1.96231e+06 - 0.00 seconds
Cgl0003I 0 fixed, 0 tightened bounds, 3 strengthened rows, 0 substitutions
Cgl0004I processed model has 115 rows, 156 columns (24 integer (24 of which binary)) and 333 elements
Cbc0038I Initial state - 12 integers unsatisfied sum - 3.39066
Cbc0038I Pass   1: suminf.    0.00000 (0) obj. 2.05638e+06 iterations 19
Cbc0038I Solution found of 2.05638e+06
Cbc0038I Relaxing continuous gives 1.98731e+06
Cbc0038I Before mini branch and bound, 12 integers at bound fixed and 77 continuous
Cbc0038I Full problem 115 rows 156 columns, reduced to 9 rows 10 columns
Cbc0038I Mini branch and bound improved solution from 1.98731e+06 to 1.96287e+06 (0.01 seconds)
Cbc0038I Freeing continuous variables gives a solution of 1.96287e+06
Cbc0038I Round again with cutoff of 1.96281e+06
Cbc0038I Pass   2: suminf.    0.37316 (3) obj. 1.96281e+06 iterations 8
Cbc0038I Pass   3: suminf.    0.00000 (0) obj. 1.96281e+06 iterations 15
Cbc0038I Solution found of 1.96281e+06
Cbc0038I Relaxing continuous gives 1.96264e+06
Cbc0038I Before mini branch and bound, 12 integers at bound fixed and 76 continuous
Cbc0038I Full problem 115 rows 156 columns, reduced to 16 rows 21 columns
Cbc0038I Mini branch and bound improved solution from 1.96264e+06 to 1.96251e+06 (0.01 seconds)
Cbc0038I Freeing continuous variables gives a solution of 1.96251e+06
Cbc0038I Round again with cutoff of 1.96248e+06
Cbc0038I Pass   4: suminf.    0.59760 (5) obj. 1.96248e+06 iterations 3
Cbc0038I Pass   5: suminf.    0.59760 (5) obj. 1.96248e+06 iterations 3
Cbc0038I Pass   6: suminf.    0.37468 (3) obj. 1.96248e+06 iterations 7
Cbc0038I Pass   7: suminf.    0.36415 (1) obj. 1.96248e+06 iterations 3
Cbc0038I Pass   8: suminf.    0.45660 (3) obj. 1.96248e+06 iterations 6
Cbc0038I Pass   9: suminf.    1.35322 (5) obj. 1.96248e+06 iterations 9
Cbc0038I Pass  10: suminf.    0.70407 (5) obj. 1.96248e+06 iterations 2
Cbc0038I Pass  11: suminf.    1.44482 (4) obj. 1.96248e+06 iterations 6
Cbc0038I Pass  12: suminf.    1.44482 (4) obj. 1.96248e+06 iterations 1
Cbc0038I Pass  13: suminf.    1.30372 (4) obj. 1.96248e+06 iterations 6
Cbc0038I Pass  14: suminf.    0.65457 (4) obj. 1.96248e+06 iterations 2
Cbc0038I Pass  15: suminf.    1.39295 (6) obj. 1.96248e+06 iterations 21
Cbc0038I Pass  16: suminf.    0.90957 (5) obj. 1.96248e+06 iterations 1
Cbc0038I Pass  17: suminf.    0.85270 (3) obj. 1.96248e+06 iterations 13
Cbc0038I Pass  18: suminf.    0.40497 (2) obj. 1.96248e+06 iterations 10
Cbc0038I Pass  19: suminf.    0.71160 (3) obj. 1.96248e+06 iterations 7
Cbc0038I Pass  20: suminf.    0.71160 (2) obj. 1.96248e+06 iterations 5
Cbc0038I Pass  21: suminf.    0.41162 (2) obj. 1.96248e+06 iterations 4
Cbc0038I Pass  22: suminf.    0.71160 (4) obj. 1.96248e+06 iterations 6
Cbc0038I Pass  23: suminf.    0.71160 (2) obj. 1.96248e+06 iterations 3
Cbc0038I Pass  24: suminf.    0.41162 (2) obj. 1.96248e+06 iterations 4
Cbc0038I Pass  25: suminf.    0.40497 (2) obj. 1.96248e+06 iterations 2
Cbc0038I Pass  26: suminf.    0.71160 (3) obj. 1.96248e+06 iterations 4
Cbc0038I Pass  27: suminf.    1.28483 (5) obj. 1.96248e+06 iterations 19
Cbc0038I Pass  28: suminf.    0.80146 (4) obj. 1.96248e+06 iterations 1
Cbc0038I Pass  29: suminf.    0.85270 (4) obj. 1.96248e+06 iterations 14
Cbc0038I Pass  30: suminf.    0.85270 (4) obj. 1.96248e+06 iterations 3
Cbc0038I Pass  31: suminf.    0.61661 (2) obj. 1.96248e+06 iterations 9
Cbc0038I Pass  32: suminf.    0.60997 (2) obj. 1.96248e+06 iterations 2
Cbc0038I Pass  33: suminf.    0.71160 (4) obj. 1.96248e+06 iterations 6
Cbc0038I No solution found this major pass
Cbc0038I Before mini branch and bound, 6 integers at bound fixed and 67 continuous
Cbc0038I Full problem 115 rows 156 columns, reduced to 30 rows 39 columns
Cbc0038I Mini branch and bound did not improve solution (0.03 seconds)
Cbc0038I After 0.03 seconds - Feasibility pump exiting with objective of 1.96251e+06 - took 0.02 seconds
Cbc0012I Integer solution of 1962512.4 found by feasibility pump after 0 iterations and 0 nodes (0.03 seconds)
Cbc0038I Full problem 115 rows 156 columns, reduced to 82 rows 119 columns
Cbc0031I 15 added rows had average density of 21.8
Cbc0013I At root node, 15 cuts changed objective from 1962328.1 to 1962441.4 in 100 passes
Cbc0014I Cut generator 0 (Probing) - 11 row cuts average 3.5 elements, 1 column cuts (1 active)  in 0.010 seconds - new frequency is -100
Cbc0014I Cut generator 1 (Gomory) - 439 row cuts average 39.7 elements, 0 column cuts (0 active)  in 0.018 seconds - new frequency is 1
Cbc0014I Cut generator 2 (Knapsack) - 0 row cuts average 0.0 elements, 0 column cuts (0 active)  in 0.020 seconds - new frequency is -100
Cbc0014I Cut generator 3 (Clique) - 0 row cuts average 0.0 elements, 0 column cuts (0 active)  in 0.000 seconds - new frequency is -100
Cbc0014I Cut generator 4 (MixedIntegerRounding2) - 13 row cuts average 5.5 elements, 0 column cuts (0 active)  in 0.006 seconds - new frequency is -100
Cbc0014I Cut generator 5 (FlowCover) - 1 row cuts average 5.0 elements, 0 column cuts (0 active)  in 0.021 seconds - new frequency is -100
Cbc0014I Cut generator 6 (TwoMirCuts) - 29 row cuts average 11.1 elements, 0 column cuts (0 active)  in 0.005 seconds - new frequency is -100
Cbc0010I After 0 nodes, 1 on tree, 1962512.4 best solution, best possible 1962441.4 (0.19 seconds)
Cbc0001I Search completed - best objective 1962512.367397396, took 1746 iterations and 14 nodes (0.23 seconds)
Cbc0032I Strong branching done 84 times (369 iterations), fathomed 3 nodes and fixed 4 variables
Cbc0035I Maximum depth 4, 0 variables fixed on reduced cost
Cuts at root node changed objective from 1.96233e+06 to 1.96244e+06
Probing was tried 100 times and created 12 cuts of which 0 were active after adding rounds of cuts (0.010 seconds)
Gomory was tried 149 times and created 522 cuts of which 0 were active after adding rounds of cuts (0.020 seconds)
Knapsack was tried 100 times and created 0 cuts of which 0 were active after adding rounds of cuts (0.020 seconds)
Clique was tried 100 times and created 0 cuts of which 0 were active after adding rounds of cuts (0.000 seconds)
MixedIntegerRounding2 was tried 100 times and created 13 cuts of which 0 were active after adding rounds of cuts (0.006 seconds)
FlowCover was tried 100 times and created 1 cuts of which 0 were active after adding rounds of cuts (0.021 seconds)
TwoMirCuts was tried 100 times and created 29 cuts of which 0 were active after adding rounds of cuts (0.005 seconds)
ZeroHalf was tried 1 times and created 0 cuts of which 0 were active after adding rounds of cuts (0.000 seconds)

Result - Optimal solution found

Objective value:                1962512.36739740
Enumerated nodes:               14
Total iterations:               1746
Time (CPU seconds):             0.23
Time (Wallclock seconds):       0.23

Option for printingOptions changed from normal to all
Total time (CPU seconds):       0.26   (Wallclock seconds):       0.26

