Welcome to the CBC MILP Solver 
Version: 2.10.3 
Build Date: Dec 15 2019 

command line - E:\dachuang\.venv\Lib\site-packages\pulp\apis\../solverdir/cbc/win/i64/cbc.exe model.mps -primalTolerance 1e-9 -integerTolerance 1e-9 -ratioGap 0 -allowableGap 0 -threads 0 -branch -printingOptions all -solution solution.txt -saveSolution solution.bin -quit (default strategy 1)
At line 2 NAME          MODEL
At line 3 ROWS
At line 317 COLUMNS
At line 1133 RHS
At line 1446 BOUNDS
At line 1521 ENDATA
Problem MODEL has 312 rows, 241 columns and 647 elements
Coin0008I MODEL read with 0 errors
primalTolerance was changed from 1e-07 to 1e-09
integerTolerance was changed from 1e-07 to 1e-09
ratioGap was changed from 0 to 0
allowableGap was changed from 1e-10 to 0
Continuous objective value is 3.65474e+06 - 0.00 seconds
Cgl0003I 0 fixed, 0 tightened bounds, 2 strengthened rows, 0 substitutions
Cgl0004I processed model has 112 rows, 153 columns (24 integer (24 of which binary)) and 321 elements
Cbc0038I Initial state - 4 integers unsatisfied sum - 1.23438
Cbc0038I Pass   1: suminf.    0.00000 (0) obj. 3.74502e+06 iterations 5
Cbc0038I Solution found of 3.74502e+06
Cbc0038I Relaxing continuous gives 3.68977e+06
Cbc0038I Before mini branch and bound, 20 integers at bound fixed and 96 continuous
Cbc0038I Full problem 112 rows 153 columns, reduced to 2 rows 3 columns
Cbc0038I Mini branch and bound improved solution from 3.68977e+06 to 3.65474e+06 (0.01 seconds)
Cbc0038I Freeing continuous variables gives a solution of 3.65474e+06
Cbc0038I After 0.01 seconds - Feasibility pump exiting with objective of 3.65474e+06 - took 0.00 seconds
Cbc0012I Integer solution of 3654741 found by feasibility pump after 0 iterations and 0 nodes (0.01 seconds)
Cbc0012I Integer solution of 3654741 found by DiveCoefficient after 0 iterations and 0 nodes (0.01 seconds)
Cbc0001I Search completed - best objective 3654740.973684104, took 0 iterations and 0 nodes (0.01 seconds)
Cbc0035I Maximum depth 0, 0 variables fixed on reduced cost
Cuts at root node changed objective from 3.65474e+06 to 3.65474e+06
Probing was tried 0 times and created 0 cuts of which 0 were active after adding rounds of cuts (0.000 seconds)
Gomory was tried 0 times and created 0 cuts of which 0 were active after adding rounds of cuts (0.000 seconds)
Knapsack was tried 0 times and created 0 cuts of which 0 were active after adding rounds of cuts (0.000 seconds)
Clique was tried 0 times and created 0 cuts of which 0 were active after adding rounds of cuts (0.000 seconds)
MixedIntegerRounding2 was tried 0 times and created 0 cuts of which 0 were active after adding rounds of cuts (0.000 seconds)
FlowCover was tried 0 times and created 0 cuts of which 0 were active after adding rounds of cuts (0.000 seconds)
TwoMirCuts was tried 0 times and created 0 cuts of which 0 were active after adding rounds of cuts (0.000 seconds)
ZeroHalf was tried 0 times and created 0 cuts of which 0 were active after adding rounds of cuts (0.000 seconds)

Result - Optimal solution found

Objective value:                3654740.97368410
Enumerated nodes:               0
Total iterations:               0
Time (CPU seconds):             0.01
Time (Wallclock seconds):       0.01

Option for printingOptions changed from normal to all
Total time (CPU seconds):       0.04   (Wallclock seconds):       0.04

