Welcome to the CBC MILP Solver 
Version: 2.10.3 
Build Date: Dec 15 2019 

command line - E:\dachuang\.venv\Lib\site-packages\pulp\apis\../solverdir/cbc/win/i64/cbc.exe model.mps -primalTolerance 1e-9 -integerTolerance 1e-9 -ratioGap 0 -allowableGap 0 -threads 0 -branch -printingOptions all -solution solution.txt -saveSolution solution.bin -quit (default strategy 1)
At line 2 NAME          MODEL
At line 3 ROWS
At line 317 COLUMNS
At line 1133 RHS
At line 1446 BOUNDS
At line 1521 ENDATA
Problem MODEL has 312 rows, 241 columns and 647 elements
Coin0008I MODEL read with 0 errors
primalTolerance was changed from 1e-07 to 1e-09
integerTolerance was changed from 1e-07 to 1e-09
ratioGap was changed from 0 to 0
allowableGap was changed from 1e-10 to 0
Continuous objective value is 1.68084e+06 - 0.00 seconds
Cgl0003I 0 fixed, 0 tightened bounds, 2 strengthened rows, 0 substitutions
Cgl0004I processed model has 115 rows, 159 columns (24 integer (24 of which binary)) and 336 elements
Cbc0038I Initial state - 8 integers unsatisfied sum - 2.53294
Cbc0038I Pass   1: suminf.    0.00000 (0) obj. 1.70836e+06 iterations 13
Cbc0038I Solution found of 1.70836e+06
Cbc0038I Relaxing continuous gives 1.68286e+06
Cbc0038I Before mini branch and bound, 16 integers at bound fixed and 87 continuous
Cbc0038I Full problem 115 rows 159 columns, reduced to 10 rows 13 columns
Cbc0038I Mini branch and bound improved solution from 1.68286e+06 to 1.68132e+06 (0.01 seconds)
Cbc0038I Freeing continuous variables gives a solution of 1.68132e+06
Cbc0038I Round again with cutoff of 1.68127e+06
Cbc0038I Pass   2: suminf.    0.28792 (2) obj. 1.68127e+06 iterations 4
Cbc0038I Pass   3: suminf.    0.00000 (0) obj. 1.68127e+06 iterations 9
Cbc0038I Solution found of 1.68127e+06
Cbc0038I Relaxing continuous gives 1.68119e+06
Cbc0038I Before mini branch and bound, 16 integers at bound fixed and 84 continuous
Cbc0038I Full problem 115 rows 159 columns, reduced to 16 rows 22 columns
Cbc0038I Mini branch and bound improved solution from 1.68119e+06 to 1.68103e+06 (0.01 seconds)
Cbc0038I Freeing continuous variables gives a solution of 1.68103e+06
Cbc0038I Round again with cutoff of 1.68099e+06
Cbc0038I Pass   4: suminf.    0.69088 (3) obj. 1.68099e+06 iterations 4
Cbc0038I Pass   5: suminf.    0.26463 (2) obj. 1.68099e+06 iterations 6
Cbc0038I Pass   6: suminf.    0.39231 (1) obj. 1.68099e+06 iterations 3
Cbc0038I Pass   7: suminf.    0.18144 (1) obj. 1.68099e+06 iterations 1
Cbc0038I Pass   8: suminf.    0.18144 (1) obj. 1.68099e+06 iterations 6
Cbc0038I Pass   9: suminf.    0.39231 (1) obj. 1.68099e+06 iterations 2
Cbc0038I Pass  10: suminf.    0.18144 (1) obj. 1.68099e+06 iterations 2
Cbc0038I Pass  11: suminf.    0.46444 (3) obj. 1.68099e+06 iterations 7
Cbc0038I Pass  12: suminf.    0.45894 (2) obj. 1.68099e+06 iterations 1
Cbc0038I Pass  13: suminf.    0.39231 (1) obj. 1.68099e+06 iterations 3
Cbc0038I Pass  14: suminf.    0.18144 (1) obj. 1.68099e+06 iterations 2
Cbc0038I Pass  15: suminf.    0.88231 (3) obj. 1.68099e+06 iterations 12
Cbc0038I Pass  16: suminf.    0.39231 (3) obj. 1.68099e+06 iterations 2
Cbc0038I Pass  17: suminf.    0.52654 (3) obj. 1.68099e+06 iterations 13
Cbc0038I Pass  18: suminf.    0.52654 (3) obj. 1.68099e+06 iterations 0
Cbc0038I Pass  19: suminf.    0.48981 (2) obj. 1.68099e+06 iterations 5
Cbc0038I Pass  20: suminf.    0.52654 (3) obj. 1.68099e+06 iterations 5
Cbc0038I Pass  21: suminf.    0.52654 (3) obj. 1.68099e+06 iterations 0
Cbc0038I Pass  22: suminf.    0.63844 (3) obj. 1.68099e+06 iterations 3
Cbc0038I Pass  23: suminf.    0.49481 (3) obj. 1.68099e+06 iterations 1
Cbc0038I Pass  24: suminf.    0.48981 (2) obj. 1.68099e+06 iterations 1
Cbc0038I Pass  25: suminf.    0.52654 (3) obj. 1.68099e+06 iterations 5
Cbc0038I Pass  26: suminf.    0.52654 (3) obj. 1.68099e+06 iterations 0
Cbc0038I Pass  27: suminf.    0.63844 (3) obj. 1.68099e+06 iterations 3
Cbc0038I Pass  28: suminf.    0.49481 (3) obj. 1.68099e+06 iterations 1
Cbc0038I Pass  29: suminf.    0.48981 (2) obj. 1.68099e+06 iterations 1
Cbc0038I Pass  30: suminf.    0.52654 (3) obj. 1.68099e+06 iterations 5
Cbc0038I Pass  31: suminf.    0.52654 (3) obj. 1.68099e+06 iterations 0
Cbc0038I Pass  32: suminf.    0.63844 (3) obj. 1.68099e+06 iterations 3
Cbc0038I Pass  33: suminf.    0.49481 (3) obj. 1.68099e+06 iterations 1
Cbc0038I No solution found this major pass
Cbc0038I Before mini branch and bound, 6 integers at bound fixed and 77 continuous
Cbc0038I Full problem 115 rows 159 columns, reduced to 22 rows 28 columns
Cbc0038I Mini branch and bound did not improve solution (0.02 seconds)
Cbc0038I After 0.02 seconds - Feasibility pump exiting with objective of 1.68103e+06 - took 0.02 seconds
Cbc0012I Integer solution of 1681032.2 found by feasibility pump after 0 iterations and 0 nodes (0.03 seconds)
Cbc0038I Full problem 115 rows 159 columns, reduced to 72 rows 113 columns
Cbc0031I 11 added rows had average density of 24.636364
Cbc0013I At root node, 11 cuts changed objective from 1680842.1 to 1680996 in 100 passes
Cbc0014I Cut generator 0 (Probing) - 0 row cuts average 0.0 elements, 2 column cuts (2 active)  in 0.007 seconds - new frequency is -100
Cbc0014I Cut generator 1 (Gomory) - 319 row cuts average 38.0 elements, 0 column cuts (0 active)  in 0.008 seconds - new frequency is 1
Cbc0014I Cut generator 2 (Knapsack) - 0 row cuts average 0.0 elements, 0 column cuts (0 active)  in 0.021 seconds - new frequency is -100
Cbc0014I Cut generator 3 (Clique) - 0 row cuts average 0.0 elements, 0 column cuts (0 active)  in 0.000 seconds - new frequency is -100
Cbc0014I Cut generator 4 (MixedIntegerRounding2) - 4 row cuts average 8.5 elements, 0 column cuts (0 active)  in 0.007 seconds - new frequency is -100
Cbc0014I Cut generator 5 (FlowCover) - 0 row cuts average 0.0 elements, 0 column cuts (0 active)  in 0.020 seconds - new frequency is -100
Cbc0014I Cut generator 6 (TwoMirCuts) - 22 row cuts average 17.1 elements, 0 column cuts (0 active)  in 0.006 seconds - new frequency is -100
Cbc0010I After 0 nodes, 1 on tree, 1681032.2 best solution, best possible 1680996 (0.16 seconds)
Cbc0001I Search completed - best objective 1681032.178276195, took 924 iterations and 4 nodes (0.17 seconds)
Cbc0032I Strong branching done 22 times (91 iterations), fathomed 3 nodes and fixed 0 variables
Cbc0035I Maximum depth 1, 0 variables fixed on reduced cost
Cuts at root node changed objective from 1.68084e+06 to 1.681e+06
Probing was tried 100 times and created 2 cuts of which 0 were active after adding rounds of cuts (0.007 seconds)
Gomory was tried 114 times and created 332 cuts of which 0 were active after adding rounds of cuts (0.008 seconds)
Knapsack was tried 100 times and created 0 cuts of which 0 were active after adding rounds of cuts (0.021 seconds)
Clique was tried 100 times and created 0 cuts of which 0 were active after adding rounds of cuts (0.000 seconds)
MixedIntegerRounding2 was tried 100 times and created 4 cuts of which 0 were active after adding rounds of cuts (0.007 seconds)
FlowCover was tried 100 times and created 0 cuts of which 0 were active after adding rounds of cuts (0.020 seconds)
TwoMirCuts was tried 100 times and created 22 cuts of which 0 were active after adding rounds of cuts (0.006 seconds)
ZeroHalf was tried 1 times and created 0 cuts of which 0 were active after adding rounds of cuts (0.000 seconds)

Result - Optimal solution found

Objective value:                1681032.17827619
Enumerated nodes:               4
Total iterations:               924
Time (CPU seconds):             0.18
Time (Wallclock seconds):       0.18

Option for printingOptions changed from normal to all
Total time (CPU seconds):       0.21   (Wallclock seconds):       0.21

