Welcome to the CBC MILP Solver 
Version: 2.10.3 
Build Date: Dec 15 2019 

command line - E:\dachuang\.venv\Lib\site-packages\pulp\apis\../solverdir/cbc/win/i64/cbc.exe model.mps -primalTolerance 1e-9 -integerTolerance 1e-9 -ratioGap 0 -allowableGap 0 -threads 0 -branch -printingOptions all -solution solution.txt -saveSolution solution.bin -quit (default strategy 1)
At line 2 NAME          MODEL
At line 3 ROWS
At line 317 COLUMNS
At line 1133 RHS
At line 1446 BOUNDS
At line 1521 ENDATA
Problem MODEL has 312 rows, 241 columns and 647 elements
Coin0008I MODEL read with 0 errors
primalTolerance was changed from 1e-07 to 1e-09
integerTolerance was changed from 1e-07 to 1e-09
ratioGap was changed from 0 to 0
allowableGap was changed from 1e-10 to 0
Continuous objective value is 1.78425e+06 - 0.00 seconds
Cgl0003I 0 fixed, 0 tightened bounds, 2 strengthened rows, 0 substitutions
Cgl0004I processed model has 115 rows, 159 columns (24 integer (24 of which binary)) and 336 elements
Cbc0038I Initial state - 8 integers unsatisfied sum - 2.15714
Cbc0038I Pass   1: suminf.    0.00000 (0) obj. 1.81052e+06 iterations 14
Cbc0038I Solution found of 1.81052e+06
Cbc0038I Relaxing continuous gives 1.80788e+06
Cbc0038I Before mini branch and bound, 16 integers at bound fixed and 88 continuous
Cbc0038I Full problem 115 rows 159 columns, reduced to 10 rows 13 columns
Cbc0038I Mini branch and bound improved solution from 1.80788e+06 to 1.78462e+06 (0.01 seconds)
Cbc0038I Freeing continuous variables gives a solution of 1.78462e+06
Cbc0038I Round again with cutoff of 1.78458e+06
Cbc0038I Pass   2: suminf.    0.29150 (2) obj. 1.78458e+06 iterations 6
Cbc0038I Pass   3: suminf.    0.15729 (1) obj. 1.78458e+06 iterations 8
Cbc0038I Pass   4: suminf.    0.00000 (0) obj. 1.78458e+06 iterations 2
Cbc0038I Solution found of 1.78458e+06
Cbc0038I Relaxing continuous gives 1.78452e+06
Cbc0038I Before mini branch and bound, 16 integers at bound fixed and 86 continuous
Cbc0038I Full problem 115 rows 159 columns, reduced to 15 rows 19 columns
Cbc0038I Mini branch and bound improved solution from 1.78452e+06 to 1.78442e+06 (0.01 seconds)
Cbc0038I Round again with cutoff of 1.78439e+06
Cbc0038I Pass   5: suminf.    1.08139 (3) obj. 1.78439e+06 iterations 7
Cbc0038I Pass   6: suminf.    0.27705 (2) obj. 1.78439e+06 iterations 17
Cbc0038I Pass   7: suminf.    0.84248 (3) obj. 1.78439e+06 iterations 7
Cbc0038I Pass   8: suminf.    0.59909 (3) obj. 1.78439e+06 iterations 5
Cbc0038I Pass   9: suminf.    0.59909 (3) obj. 1.78439e+06 iterations 0
Cbc0038I Pass  10: suminf.    0.84248 (3) obj. 1.78439e+06 iterations 2
Cbc0038I Pass  11: suminf.    1.05898 (4) obj. 1.78439e+06 iterations 10
Cbc0038I Pass  12: suminf.    0.59909 (3) obj. 1.78439e+06 iterations 6
Cbc0038I Pass  13: suminf.    0.59909 (3) obj. 1.78439e+06 iterations 0
Cbc0038I Pass  14: suminf.    0.84248 (3) obj. 1.78439e+06 iterations 2
Cbc0038I Pass  15: suminf.    0.84248 (3) obj. 1.78439e+06 iterations 0
Cbc0038I Pass  16: suminf.    1.35169 (5) obj. 1.78439e+06 iterations 8
Cbc0038I Pass  17: suminf.    1.16269 (4) obj. 1.78439e+06 iterations 1
Cbc0038I Pass  18: suminf.    0.59909 (3) obj. 1.78439e+06 iterations 6
Cbc0038I Pass  19: suminf.    0.59909 (3) obj. 1.78439e+06 iterations 0
Cbc0038I Pass  20: suminf.    0.84248 (3) obj. 1.78439e+06 iterations 2
Cbc0038I Pass  21: suminf.    0.84248 (3) obj. 1.78439e+06 iterations 0
Cbc0038I Pass  22: suminf.    1.04234 (4) obj. 1.78439e+06 iterations 5
Cbc0038I Pass  23: suminf.    1.04234 (3) obj. 1.78439e+06 iterations 1
Cbc0038I Pass  24: suminf.    0.50148 (2) obj. 1.78439e+06 iterations 10
Cbc0038I Pass  25: suminf.    0.50148 (2) obj. 1.78439e+06 iterations 0
Cbc0038I Pass  26: suminf.    0.46102 (1) obj. 1.78439e+06 iterations 4
Cbc0038I Pass  27: suminf.    0.28137 (1) obj. 1.78439e+06 iterations 2
Cbc0038I Pass  28: suminf.    0.46102 (2) obj. 1.78439e+06 iterations 11
Cbc0038I Pass  29: suminf.    0.28137 (1) obj. 1.78439e+06 iterations 3
Cbc0038I Pass  30: suminf.    0.46102 (1) obj. 1.78439e+06 iterations 1
Cbc0038I Pass  31: suminf.    1.55155 (6) obj. 1.78439e+06 iterations 17
Cbc0038I Pass  32: suminf.    1.36255 (4) obj. 1.78439e+06 iterations 2
Cbc0038I Pass  33: suminf.    0.50148 (2) obj. 1.78439e+06 iterations 10
Cbc0038I Pass  34: suminf.    0.50148 (2) obj. 1.78439e+06 iterations 0
Cbc0038I No solution found this major pass
Cbc0038I Before mini branch and bound, 6 integers at bound fixed and 72 continuous
Cbc0038I Full problem 115 rows 159 columns, reduced to 17 rows 22 columns
Cbc0038I Mini branch and bound did not improve solution (0.03 seconds)
Cbc0038I After 0.03 seconds - Feasibility pump exiting with objective of 1.78442e+06 - took 0.02 seconds
Cbc0012I Integer solution of 1784420.5 found by feasibility pump after 0 iterations and 0 nodes (0.03 seconds)
Cbc0038I Full problem 115 rows 159 columns, reduced to 70 rows 112 columns
Cbc0031I 12 added rows had average density of 10.833333
Cbc0013I At root node, 12 cuts changed objective from 1784254.7 to 1784420.5 in 9 passes
Cbc0014I Cut generator 0 (Probing) - 1 row cuts average 2.0 elements, 1 column cuts (1 active)  in 0.001 seconds - new frequency is 1
Cbc0014I Cut generator 1 (Gomory) - 25 row cuts average 16.7 elements, 0 column cuts (0 active)  in 0.001 seconds - new frequency is 1
Cbc0014I Cut generator 2 (Knapsack) - 0 row cuts average 0.0 elements, 0 column cuts (0 active)  in 0.001 seconds - new frequency is -100
Cbc0014I Cut generator 3 (Clique) - 0 row cuts average 0.0 elements, 0 column cuts (0 active)  in 0.000 seconds - new frequency is -100
Cbc0014I Cut generator 4 (MixedIntegerRounding2) - 4 row cuts average 4.3 elements, 0 column cuts (0 active)  in 0.000 seconds - new frequency is 1
Cbc0014I Cut generator 5 (FlowCover) - 0 row cuts average 0.0 elements, 0 column cuts (0 active)  in 0.000 seconds - new frequency is -100
Cbc0014I Cut generator 6 (TwoMirCuts) - 19 row cuts average 11.3 elements, 0 column cuts (0 active)  in 0.001 seconds - new frequency is -100
Cbc0001I Search completed - best objective 1784420.529170837, took 47 iterations and 0 nodes (0.04 seconds)
Cbc0032I Strong branching done 2 times (5 iterations), fathomed 1 nodes and fixed 0 variables
Cbc0035I Maximum depth 0, 0 variables fixed on reduced cost
Cuts at root node changed objective from 1.78425e+06 to 1.78442e+06
Probing was tried 9 times and created 2 cuts of which 0 were active after adding rounds of cuts (0.001 seconds)
Gomory was tried 9 times and created 25 cuts of which 0 were active after adding rounds of cuts (0.001 seconds)
Knapsack was tried 9 times and created 0 cuts of which 0 were active after adding rounds of cuts (0.001 seconds)
Clique was tried 9 times and created 0 cuts of which 0 were active after adding rounds of cuts (0.000 seconds)
MixedIntegerRounding2 was tried 9 times and created 4 cuts of which 0 were active after adding rounds of cuts (0.000 seconds)
FlowCover was tried 9 times and created 0 cuts of which 0 were active after adding rounds of cuts (0.000 seconds)
TwoMirCuts was tried 9 times and created 19 cuts of which 0 were active after adding rounds of cuts (0.001 seconds)
ZeroHalf was tried 1 times and created 0 cuts of which 0 were active after adding rounds of cuts (0.000 seconds)

Result - Optimal solution found

Objective value:                1784420.52917084
Enumerated nodes:               0
Total iterations:               47
Time (CPU seconds):             0.05
Time (Wallclock seconds):       0.05

Option for printingOptions changed from normal to all
Total time (CPU seconds):       0.06   (Wallclock seconds):       0.06

