Welcome to the CBC MILP Solver 
Version: 2.10.3 
Build Date: Dec 15 2019 

command line - E:\dachuang\.venv\Lib\site-packages\pulp\apis\../solverdir/cbc/win/i64/cbc.exe model.mps -primalTolerance 1e-9 -integerTolerance 1e-9 -ratioGap 0 -allowableGap 0 -threads 0 -branch -printingOptions all -solution solution.txt -saveSolution solution.bin -quit (default strategy 1)
At line 2 NAME          MODEL
At line 3 ROWS
At line 317 COLUMNS
At line 1133 RHS
At line 1446 BOUNDS
At line 1521 ENDATA
Problem MODEL has 312 rows, 241 columns and 647 elements
Coin0008I MODEL read with 0 errors
primalTolerance was changed from 1e-07 to 1e-09
integerTolerance was changed from 1e-07 to 1e-09
ratioGap was changed from 0 to 0
allowableGap was changed from 1e-10 to 0
Continuous objective value is 2.03198e+06 - 0.00 seconds
Cgl0003I 0 fixed, 0 tightened bounds, 3 strengthened rows, 0 substitutions
Cgl0004I processed model has 115 rows, 159 columns (24 integer (24 of which binary)) and 336 elements
Cbc0038I Initial state - 10 integers unsatisfied sum - 3.04928
Cbc0038I Pass   1: suminf.    0.00000 (0) obj. 2.05256e+06 iterations 17
Cbc0038I Solution found of 2.05256e+06
Cbc0038I Relaxing continuous gives 2.05137e+06
Cbc0038I Before mini branch and bound, 14 integers at bound fixed and 85 continuous
Cbc0038I Full problem 115 rows 159 columns, reduced to 12 rows 15 columns
Cbc0038I Mini branch and bound improved solution from 2.05137e+06 to 2.03265e+06 (0.02 seconds)
Cbc0038I Freeing continuous variables gives a solution of 2.03265e+06
Cbc0038I Round again with cutoff of 2.03259e+06
Cbc0038I Pass   2: suminf.    0.38969 (3) obj. 2.03259e+06 iterations 8
Cbc0038I Pass   3: suminf.    0.00000 (0) obj. 2.03259e+06 iterations 12
Cbc0038I Solution found of 2.03259e+06
Cbc0038I Relaxing continuous gives 2.03242e+06
Cbc0038I Before mini branch and bound, 14 integers at bound fixed and 79 continuous
Cbc0038I Full problem 115 rows 159 columns, reduced to 23 rows 31 columns
Cbc0038I Mini branch and bound improved solution from 2.03242e+06 to 2.03218e+06 (0.02 seconds)
Cbc0038I Freeing continuous variables gives a solution of 2.03218e+06
Cbc0038I Round again with cutoff of 2.03214e+06
Cbc0038I Pass   4: suminf.    0.30094 (4) obj. 2.03214e+06 iterations 6
Cbc0038I Pass   5: suminf.    0.30094 (4) obj. 2.03214e+06 iterations 1
Cbc0038I Pass   6: suminf.    1.22994 (3) obj. 2.03214e+06 iterations 16
Cbc0038I Pass   7: suminf.    0.98338 (3) obj. 2.03214e+06 iterations 4
Cbc0038I Pass   8: suminf.    0.97959 (3) obj. 2.03214e+06 iterations 1
Cbc0038I Pass   9: suminf.    1.20867 (4) obj. 2.03214e+06 iterations 5
Cbc0038I Pass  10: suminf.    1.06966 (4) obj. 2.03214e+06 iterations 1
Cbc0038I Pass  11: suminf.    1.05732 (3) obj. 2.03214e+06 iterations 1
Cbc0038I Pass  12: suminf.    1.16984 (4) obj. 2.03214e+06 iterations 6
Cbc0038I Pass  13: suminf.    1.16984 (4) obj. 2.03214e+06 iterations 1
Cbc0038I Pass  14: suminf.    1.22994 (3) obj. 2.03214e+06 iterations 5
Cbc0038I Pass  15: suminf.    0.98338 (3) obj. 2.03214e+06 iterations 4
Cbc0038I Pass  16: suminf.    0.97959 (3) obj. 2.03214e+06 iterations 1
Cbc0038I Pass  17: suminf.    1.20867 (4) obj. 2.03214e+06 iterations 5
Cbc0038I Pass  18: suminf.    1.06966 (4) obj. 2.03214e+06 iterations 1
Cbc0038I Pass  19: suminf.    1.05732 (3) obj. 2.03214e+06 iterations 1
Cbc0038I Pass  20: suminf.    0.49350 (2) obj. 2.03214e+06 iterations 28
Cbc0038I Pass  21: suminf.    0.63866 (2) obj. 2.03214e+06 iterations 5
Cbc0038I Pass  22: suminf.    0.63866 (2) obj. 2.03214e+06 iterations 0
Cbc0038I Pass  23: suminf.    0.63866 (2) obj. 2.03214e+06 iterations 3
Cbc0038I Pass  24: suminf.    1.31457 (5) obj. 2.03214e+06 iterations 7
Cbc0038I Pass  25: suminf.    0.49350 (2) obj. 2.03214e+06 iterations 3
Cbc0038I Pass  26: suminf.    0.63866 (2) obj. 2.03214e+06 iterations 8
Cbc0038I Pass  27: suminf.    0.63866 (2) obj. 2.03214e+06 iterations 0
Cbc0038I Pass  28: suminf.    0.63866 (2) obj. 2.03214e+06 iterations 3
Cbc0038I Pass  29: suminf.    1.43057 (7) obj. 2.03214e+06 iterations 21
Cbc0038I Pass  30: suminf.    0.77694 (5) obj. 2.03214e+06 iterations 2
Cbc0038I Pass  31: suminf.    0.77006 (3) obj. 2.03214e+06 iterations 7
Cbc0038I Pass  32: suminf.    0.71881 (3) obj. 2.03214e+06 iterations 3
Cbc0038I Pass  33: suminf.    0.29044 (2) obj. 2.03214e+06 iterations 3
Cbc0038I No solution found this major pass
Cbc0038I Before mini branch and bound, 2 integers at bound fixed and 67 continuous
Cbc0038I Full problem 115 rows 159 columns, reduced to 26 rows 34 columns
Cbc0038I Mini branch and bound improved solution from 2.03218e+06 to 2.03214e+06 (0.04 seconds)
Cbc0038I Freeing continuous variables gives a solution of 2.03214e+06
Cbc0038I Round again with cutoff of 2.0321e+06
Cbc0038I Pass  33: suminf.    0.49126 (5) obj. 2.0321e+06 iterations 1
Cbc0038I Pass  34: suminf.    0.49126 (5) obj. 2.0321e+06 iterations 1
Cbc0038I Pass  35: suminf.    1.38072 (4) obj. 2.0321e+06 iterations 16
Cbc0038I Pass  36: suminf.    1.38072 (4) obj. 2.0321e+06 iterations 3
Cbc0038I Pass  37: suminf.    1.34632 (4) obj. 2.0321e+06 iterations 5
Cbc0038I Pass  38: suminf.    1.19047 (4) obj. 2.0321e+06 iterations 3
Cbc0038I Pass  39: suminf.    1.19047 (4) obj. 2.0321e+06 iterations 1
Cbc0038I Pass  40: suminf.    1.38072 (4) obj. 2.0321e+06 iterations 11
Cbc0038I Pass  41: suminf.    1.38072 (4) obj. 2.0321e+06 iterations 3
Cbc0038I Pass  42: suminf.    1.34632 (4) obj. 2.0321e+06 iterations 5
Cbc0038I Pass  43: suminf.    1.19047 (4) obj. 2.0321e+06 iterations 3
Cbc0038I Pass  44: suminf.    1.19047 (4) obj. 2.0321e+06 iterations 1
Cbc0038I Pass  45: suminf.    1.38072 (4) obj. 2.0321e+06 iterations 11
Cbc0038I Pass  46: suminf.    1.38072 (4) obj. 2.0321e+06 iterations 3
Cbc0038I Pass  47: suminf.    1.34632 (4) obj. 2.0321e+06 iterations 5
Cbc0038I Pass  48: suminf.    1.19047 (4) obj. 2.0321e+06 iterations 3
Cbc0038I Pass  49: suminf.    1.19047 (4) obj. 2.0321e+06 iterations 1
Cbc0038I Pass  50: suminf.    1.38072 (4) obj. 2.0321e+06 iterations 11
Cbc0038I Pass  51: suminf.    1.38072 (4) obj. 2.0321e+06 iterations 3
Cbc0038I Pass  52: suminf.    1.34632 (4) obj. 2.0321e+06 iterations 5
Cbc0038I Pass  53: suminf.    1.19047 (4) obj. 2.0321e+06 iterations 3
Cbc0038I Pass  54: suminf.    1.19047 (4) obj. 2.0321e+06 iterations 1
Cbc0038I Pass  55: suminf.    1.38072 (4) obj. 2.0321e+06 iterations 11
Cbc0038I Pass  56: suminf.    1.38072 (4) obj. 2.0321e+06 iterations 3
Cbc0038I Pass  57: suminf.    1.34632 (4) obj. 2.0321e+06 iterations 5
Cbc0038I Pass  58: suminf.    1.19047 (4) obj. 2.0321e+06 iterations 3
Cbc0038I Pass  59: suminf.    1.19047 (4) obj. 2.0321e+06 iterations 1
Cbc0038I Pass  60: suminf.    1.38072 (4) obj. 2.0321e+06 iterations 11
Cbc0038I Pass  61: suminf.    1.38072 (4) obj. 2.0321e+06 iterations 3
Cbc0038I Pass  62: suminf.    1.34632 (4) obj. 2.0321e+06 iterations 5
Cbc0038I No solution found this major pass
Cbc0038I Before mini branch and bound, 14 integers at bound fixed and 81 continuous
Cbc0038I Full problem 115 rows 159 columns, reduced to 23 rows 31 columns
Cbc0038I Mini branch and bound did not improve solution (0.05 seconds)
Cbc0038I After 0.05 seconds - Feasibility pump exiting with objective of 2.03214e+06 - took 0.04 seconds
Cbc0012I Integer solution of 2032143.7 found by feasibility pump after 0 iterations and 0 nodes (0.05 seconds)
Cbc0038I Full problem 115 rows 159 columns, reduced to 79 rows 120 columns
Cbc0031I 13 added rows had average density of 26.692308
Cbc0013I At root node, 13 cuts changed objective from 2031999.8 to 2032097 in 100 passes
Cbc0014I Cut generator 0 (Probing) - 1 row cuts average 2.0 elements, 0 column cuts (0 active)  in 0.014 seconds - new frequency is -100
Cbc0014I Cut generator 1 (Gomory) - 359 row cuts average 39.5 elements, 0 column cuts (0 active)  in 0.012 seconds - new frequency is 1
Cbc0014I Cut generator 2 (Knapsack) - 0 row cuts average 0.0 elements, 0 column cuts (0 active)  in 0.027 seconds - new frequency is -100
Cbc0014I Cut generator 3 (Clique) - 0 row cuts average 0.0 elements, 0 column cuts (0 active)  in 0.001 seconds - new frequency is -100
Cbc0014I Cut generator 4 (MixedIntegerRounding2) - 5 row cuts average 5.4 elements, 0 column cuts (0 active)  in 0.013 seconds - new frequency is -100
Cbc0014I Cut generator 5 (FlowCover) - 0 row cuts average 0.0 elements, 0 column cuts (0 active)  in 0.011 seconds - new frequency is -100
Cbc0014I Cut generator 6 (TwoMirCuts) - 35 row cuts average 10.2 elements, 0 column cuts (0 active)  in 0.004 seconds - new frequency is -100
Cbc0010I After 0 nodes, 1 on tree, 2032143.7 best solution, best possible 2032097 (0.21 seconds)
Cbc0001I Search completed - best objective 2032143.662841997, took 1242 iterations and 6 nodes (0.23 seconds)
Cbc0032I Strong branching done 40 times (205 iterations), fathomed 1 nodes and fixed 4 variables
Cbc0035I Maximum depth 2, 0 variables fixed on reduced cost
Cuts at root node changed objective from 2.032e+06 to 2.0321e+06
Probing was tried 100 times and created 1 cuts of which 0 were active after adding rounds of cuts (0.014 seconds)
Gomory was tried 116 times and created 384 cuts of which 0 were active after adding rounds of cuts (0.014 seconds)
Knapsack was tried 100 times and created 0 cuts of which 0 were active after adding rounds of cuts (0.027 seconds)
Clique was tried 100 times and created 0 cuts of which 0 were active after adding rounds of cuts (0.001 seconds)
MixedIntegerRounding2 was tried 100 times and created 5 cuts of which 0 were active after adding rounds of cuts (0.013 seconds)
FlowCover was tried 100 times and created 0 cuts of which 0 were active after adding rounds of cuts (0.011 seconds)
TwoMirCuts was tried 100 times and created 35 cuts of which 0 were active after adding rounds of cuts (0.004 seconds)
ZeroHalf was tried 1 times and created 0 cuts of which 0 were active after adding rounds of cuts (0.000 seconds)

Result - Optimal solution found

Objective value:                2032143.66284200
Enumerated nodes:               6
Total iterations:               1242
Time (CPU seconds):             0.23
Time (Wallclock seconds):       0.23

Option for printingOptions changed from normal to all
Total time (CPU seconds):       0.26   (Wallclock seconds):       0.26

