Welcome to the CBC MILP Solver 
Version: 2.10.3 
Build Date: Dec 15 2019 

command line - E:\dachuang\.venv\Lib\site-packages\pulp\apis\../solverdir/cbc/win/i64/cbc.exe model.mps -primalTolerance 1e-9 -integerTolerance 1e-9 -ratioGap 0 -allowableGap 0 -threads 0 -branch -printingOptions all -solution solution.txt -saveSolution solution.bin -quit (default strategy 1)
At line 2 NAME          MODEL
At line 3 ROWS
At line 317 COLUMNS
At line 1133 RHS
At line 1446 BOUNDS
At line 1521 ENDATA
Problem MODEL has 312 rows, 241 columns and 647 elements
Coin0008I MODEL read with 0 errors
primalTolerance was changed from 1e-07 to 1e-09
integerTolerance was changed from 1e-07 to 1e-09
ratioGap was changed from 0 to 0
allowableGap was changed from 1e-10 to 0
Continuous objective value is 2.13216e+06 - 0.00 seconds
Cgl0003I 0 fixed, 0 tightened bounds, 2 strengthened rows, 0 substitutions
Cgl0004I processed model has 116 rows, 155 columns (24 integer (24 of which binary)) and 335 elements
Cbc0038I Initial state - 8 integers unsatisfied sum - 2.37172
Cbc0038I Pass   1: suminf.    0.00000 (0) obj. 2.16183e+06 iterations 12
Cbc0038I Solution found of 2.16183e+06
Cbc0038I Relaxing continuous gives 2.14452e+06
Cbc0038I Before mini branch and bound, 16 integers at bound fixed and 83 continuous
Cbc0038I Full problem 116 rows 155 columns, reduced to 12 rows 15 columns
Cbc0038I Mini branch and bound improved solution from 2.14452e+06 to 2.13264e+06 (0.01 seconds)
Cbc0038I Round again with cutoff of 2.13259e+06
Cbc0038I Pass   2: suminf.    0.32370 (3) obj. 2.13259e+06 iterations 5
Cbc0038I Pass   3: suminf.    0.00000 (0) obj. 2.13259e+06 iterations 12
Cbc0038I Solution found of 2.13259e+06
Cbc0038I Relaxing continuous gives 2.13253e+06
Cbc0038I Before mini branch and bound, 16 integers at bound fixed and 81 continuous
Cbc0038I Full problem 116 rows 155 columns, reduced to 15 rows 21 columns
Cbc0038I Mini branch and bound improved solution from 2.13253e+06 to 2.13232e+06 (0.01 seconds)
Cbc0038I Round again with cutoff of 2.13229e+06
Cbc0038I Pass   4: suminf.    0.61171 (4) obj. 2.13229e+06 iterations 3
Cbc0038I Pass   5: suminf.    0.25398 (3) obj. 2.13229e+06 iterations 12
Cbc0038I Pass   6: suminf.    0.60976 (3) obj. 2.13229e+06 iterations 10
Cbc0038I Pass   7: suminf.    0.60476 (2) obj. 2.13229e+06 iterations 1
Cbc0038I Pass   8: suminf.    0.65391 (3) obj. 2.13229e+06 iterations 9
Cbc0038I Pass   9: suminf.    0.65391 (3) obj. 2.13229e+06 iterations 0
Cbc0038I Pass  10: suminf.    0.83381 (3) obj. 2.13229e+06 iterations 3
Cbc0038I Pass  11: suminf.    0.60976 (3) obj. 2.13229e+06 iterations 1
Cbc0038I Pass  12: suminf.    0.60476 (2) obj. 2.13229e+06 iterations 1
Cbc0038I Pass  13: suminf.    0.65391 (3) obj. 2.13229e+06 iterations 9
Cbc0038I Pass  14: suminf.    0.65391 (3) obj. 2.13229e+06 iterations 0
Cbc0038I Pass  15: suminf.    0.83381 (3) obj. 2.13229e+06 iterations 3
Cbc0038I Pass  16: suminf.    0.60976 (3) obj. 2.13229e+06 iterations 1
Cbc0038I Pass  17: suminf.    0.60476 (2) obj. 2.13229e+06 iterations 1
Cbc0038I Pass  18: suminf.    0.65391 (3) obj. 2.13229e+06 iterations 9
Cbc0038I Pass  19: suminf.    0.65391 (3) obj. 2.13229e+06 iterations 0
Cbc0038I Pass  20: suminf.    0.83381 (3) obj. 2.13229e+06 iterations 3
Cbc0038I Pass  21: suminf.    0.60976 (3) obj. 2.13229e+06 iterations 1
Cbc0038I Pass  22: suminf.    0.60476 (2) obj. 2.13229e+06 iterations 1
Cbc0038I Pass  23: suminf.    0.65391 (3) obj. 2.13229e+06 iterations 9
Cbc0038I Pass  24: suminf.    0.65391 (3) obj. 2.13229e+06 iterations 0
Cbc0038I Pass  25: suminf.    0.83381 (3) obj. 2.13229e+06 iterations 3
Cbc0038I Pass  26: suminf.    0.60976 (3) obj. 2.13229e+06 iterations 1
Cbc0038I Pass  27: suminf.    0.60476 (2) obj. 2.13229e+06 iterations 1
Cbc0038I Pass  28: suminf.    0.65391 (3) obj. 2.13229e+06 iterations 9
Cbc0038I Pass  29: suminf.    0.65391 (3) obj. 2.13229e+06 iterations 0
Cbc0038I Pass  30: suminf.    0.83381 (3) obj. 2.13229e+06 iterations 3
Cbc0038I Pass  31: suminf.    0.60976 (3) obj. 2.13229e+06 iterations 1
Cbc0038I Pass  32: suminf.    0.60476 (2) obj. 2.13229e+06 iterations 1
Cbc0038I Pass  33: suminf.    0.65391 (3) obj. 2.13229e+06 iterations 9
Cbc0038I No solution found this major pass
Cbc0038I Before mini branch and bound, 16 integers at bound fixed and 82 continuous
Cbc0038I Full problem 116 rows 155 columns, reduced to 15 rows 20 columns
Cbc0038I Mini branch and bound did not improve solution (0.02 seconds)
Cbc0038I After 0.03 seconds - Feasibility pump exiting with objective of 2.13232e+06 - took 0.02 seconds
Cbc0012I Integer solution of 2132319.4 found by feasibility pump after 0 iterations and 0 nodes (0.03 seconds)
Cbc0038I Full problem 116 rows 155 columns, reduced to 72 rows 109 columns
Cbc0012I Integer solution of 2132253.2 found by DiveCoefficient after 437 iterations and 0 nodes (0.14 seconds)
Cbc0031I 9 added rows had average density of 13.333333
Cbc0013I At root node, 9 cuts changed objective from 2132162.7 to 2132252.4 in 100 passes
Cbc0014I Cut generator 0 (Probing) - 0 row cuts average 0.0 elements, 1 column cuts (1 active)  in 0.007 seconds - new frequency is -100
Cbc0014I Cut generator 1 (Gomory) - 212 row cuts average 26.9 elements, 0 column cuts (0 active)  in 0.011 seconds - new frequency is 1
Cbc0014I Cut generator 2 (Knapsack) - 0 row cuts average 0.0 elements, 0 column cuts (0 active)  in 0.014 seconds - new frequency is -100
Cbc0014I Cut generator 3 (Clique) - 0 row cuts average 0.0 elements, 0 column cuts (0 active)  in 0.000 seconds - new frequency is -100
Cbc0014I Cut generator 4 (MixedIntegerRounding2) - 6 row cuts average 3.2 elements, 0 column cuts (0 active)  in 0.006 seconds - new frequency is -100
Cbc0014I Cut generator 5 (FlowCover) - 0 row cuts average 0.0 elements, 0 column cuts (0 active)  in 0.016 seconds - new frequency is -100
Cbc0014I Cut generator 6 (TwoMirCuts) - 21 row cuts average 9.3 elements, 0 column cuts (0 active)  in 0.005 seconds - new frequency is -100
Cbc0010I After 0 nodes, 1 on tree, 2132253.2 best solution, best possible 2132252.4 (0.14 seconds)
Cbc0001I Search completed - best objective 2132253.223341995, took 464 iterations and 2 nodes (0.15 seconds)
Cbc0032I Strong branching done 12 times (50 iterations), fathomed 1 nodes and fixed 1 variables
Cbc0035I Maximum depth 0, 0 variables fixed on reduced cost
Cuts at root node changed objective from 2.13216e+06 to 2.13225e+06
Probing was tried 100 times and created 1 cuts of which 0 were active after adding rounds of cuts (0.007 seconds)
Gomory was tried 104 times and created 217 cuts of which 0 were active after adding rounds of cuts (0.011 seconds)
Knapsack was tried 100 times and created 0 cuts of which 0 were active after adding rounds of cuts (0.014 seconds)
Clique was tried 100 times and created 0 cuts of which 0 were active after adding rounds of cuts (0.000 seconds)
MixedIntegerRounding2 was tried 100 times and created 6 cuts of which 0 were active after adding rounds of cuts (0.006 seconds)
FlowCover was tried 100 times and created 0 cuts of which 0 were active after adding rounds of cuts (0.016 seconds)
TwoMirCuts was tried 100 times and created 21 cuts of which 0 were active after adding rounds of cuts (0.005 seconds)
ZeroHalf was tried 1 times and created 0 cuts of which 0 were active after adding rounds of cuts (0.000 seconds)

Result - Optimal solution found

Objective value:                2132253.22334200
Enumerated nodes:               2
Total iterations:               464
Time (CPU seconds):             0.15
Time (Wallclock seconds):       0.15

Option for printingOptions changed from normal to all
Total time (CPU seconds):       0.17   (Wallclock seconds):       0.18

