Welcome to the CBC MILP Solver 
Version: 2.10.3 
Build Date: Dec 15 2019 

command line - E:\dachuang\.venv\Lib\site-packages\pulp\apis\../solverdir/cbc/win/i64/cbc.exe model.mps -primalTolerance 1e-9 -integerTolerance 1e-9 -ratioGap 0 -allowableGap 0 -threads 0 -branch -printingOptions all -solution solution.txt -saveSolution solution.bin -quit (default strategy 1)
At line 2 NAME          MODEL
At line 3 ROWS
At line 317 COLUMNS
At line 1133 RHS
At line 1446 BOUNDS
At line 1521 ENDATA
Problem MODEL has 312 rows, 241 columns and 647 elements
Coin0008I MODEL read with 0 errors
primalTolerance was changed from 1e-07 to 1e-09
integerTolerance was changed from 1e-07 to 1e-09
ratioGap was changed from 0 to 0
allowableGap was changed from 1e-10 to 0
Continuous objective value is 2.8633e+06 - 0.00 seconds
Cgl0003I 0 fixed, 0 tightened bounds, 3 strengthened rows, 0 substitutions
Cgl0004I processed model has 114 rows, 151 columns (24 integer (24 of which binary)) and 325 elements
Cbc0038I Initial state - 10 integers unsatisfied sum - 3.168
Cbc0038I Pass   1: suminf.    0.00000 (0) obj. 2.86702e+06 iterations 16
Cbc0038I Solution found of 2.86702e+06
Cbc0038I Relaxing continuous gives 2.86397e+06
Cbc0038I Before mini branch and bound, 14 integers at bound fixed and 80 continuous
Cbc0038I Full problem 114 rows 151 columns, reduced to 15 rows 16 columns
Cbc0038I Mini branch and bound improved solution from 2.86397e+06 to 2.86382e+06 (0.01 seconds)
Cbc0038I Round again with cutoff of 2.86377e+06
Cbc0038I Pass   2: suminf.    0.12560 (1) obj. 2.86377e+06 iterations 6
Cbc0038I Pass   3: suminf.    0.00000 (0) obj. 2.86377e+06 iterations 3
Cbc0038I Solution found of 2.86377e+06
Cbc0038I Relaxing continuous gives 2.86374e+06
Cbc0038I Before mini branch and bound, 14 integers at bound fixed and 76 continuous
Cbc0038I Full problem 114 rows 151 columns, reduced to 19 rows 23 columns
Cbc0038I Mini branch and bound improved solution from 2.86374e+06 to 2.86352e+06 (0.02 seconds)
Cbc0038I Round again with cutoff of 2.86348e+06
Cbc0038I Pass   4: suminf.    0.17729 (2) obj. 2.86348e+06 iterations 7
Cbc0038I Pass   5: suminf.    0.17301 (1) obj. 2.86348e+06 iterations 2
Cbc0038I Pass   6: suminf.    0.74880 (3) obj. 2.86348e+06 iterations 15
Cbc0038I Pass   7: suminf.    0.74880 (3) obj. 2.86348e+06 iterations 4
Cbc0038I Pass   8: suminf.    0.17729 (2) obj. 2.86348e+06 iterations 4
Cbc0038I Pass   9: suminf.    0.17301 (1) obj. 2.86348e+06 iterations 3
Cbc0038I Pass  10: suminf.    0.74880 (3) obj. 2.86348e+06 iterations 11
Cbc0038I Pass  11: suminf.    0.60070 (3) obj. 2.86348e+06 iterations 3
Cbc0038I Pass  12: suminf.    0.03380 (1) obj. 2.86348e+06 iterations 3
Cbc0038I Pass  13: suminf.    0.47556 (1) obj. 2.86348e+06 iterations 2
Cbc0038I Pass  14: suminf.    0.29141 (3) obj. 2.86348e+06 iterations 20
Cbc0038I Pass  15: suminf.    0.29141 (3) obj. 2.86348e+06 iterations 3
Cbc0038I Pass  16: suminf.    0.47556 (1) obj. 2.86348e+06 iterations 6
Cbc0038I Pass  17: suminf.    0.03380 (1) obj. 2.86348e+06 iterations 1
Cbc0038I Pass  18: suminf.    0.32944 (1) obj. 2.86348e+06 iterations 14
Cbc0038I Pass  19: suminf.    0.33341 (4) obj. 2.86348e+06 iterations 7
Cbc0038I Pass  20: suminf.    0.56491 (3) obj. 2.86348e+06 iterations 12
Cbc0038I Pass  21: suminf.    0.56491 (3) obj. 2.86348e+06 iterations 0
Cbc0038I Pass  22: suminf.    0.43766 (1) obj. 2.86348e+06 iterations 5
Cbc0038I Pass  23: suminf.    0.30730 (1) obj. 2.86348e+06 iterations 4
Cbc0038I Pass  24: suminf.    0.47556 (1) obj. 2.86348e+06 iterations 2
Cbc0038I Pass  25: suminf.    0.94055 (3) obj. 2.86348e+06 iterations 15
Cbc0038I Pass  26: suminf.    0.29141 (3) obj. 2.86348e+06 iterations 1
Cbc0038I Pass  27: suminf.    0.42694 (1) obj. 2.86348e+06 iterations 5
Cbc0038I Pass  28: suminf.    0.03380 (1) obj. 2.86348e+06 iterations 5
Cbc0038I Pass  29: suminf.    0.47556 (1) obj. 2.86348e+06 iterations 2
Cbc0038I Pass  30: suminf.    1.26354 (3) obj. 2.86348e+06 iterations 20
Cbc0038I Pass  31: suminf.    1.23091 (4) obj. 2.86348e+06 iterations 3
Cbc0038I Pass  32: suminf.    1.35991 (5) obj. 2.86348e+06 iterations 8
Cbc0038I Pass  33: suminf.    1.33341 (5) obj. 2.86348e+06 iterations 1
Cbc0038I No solution found this major pass
Cbc0038I Before mini branch and bound, 1 integers at bound fixed and 62 continuous
Cbc0038I Full problem 114 rows 151 columns, reduced to 30 rows 39 columns
Cbc0038I Mini branch and bound improved solution from 2.86352e+06 to 2.86349e+06 (0.03 seconds)
Cbc0038I Round again with cutoff of 2.86344e+06
Cbc0038I Pass  33: suminf.    0.39904 (4) obj. 2.86344e+06 iterations 3
Cbc0038I Pass  34: suminf.    0.39904 (4) obj. 2.86344e+06 iterations 4
Cbc0038I Pass  35: suminf.    1.42554 (5) obj. 2.86344e+06 iterations 22
Cbc0038I Pass  36: suminf.    0.67254 (4) obj. 2.86344e+06 iterations 5
Cbc0038I Pass  37: suminf.    0.67254 (4) obj. 2.86344e+06 iterations 7
Cbc0038I Pass  38: suminf.    1.20329 (5) obj. 2.86344e+06 iterations 6
Cbc0038I Pass  39: suminf.    1.10079 (4) obj. 2.86344e+06 iterations 2
Cbc0038I Pass  40: suminf.    1.21919 (5) obj. 2.86344e+06 iterations 14
Cbc0038I Pass  41: suminf.    0.97884 (4) obj. 2.86344e+06 iterations 13
Cbc0038I Pass  42: suminf.    0.94569 (5) obj. 2.86344e+06 iterations 5
Cbc0038I Pass  43: suminf.    0.39904 (4) obj. 2.86344e+06 iterations 2
Cbc0038I Pass  44: suminf.    1.42554 (5) obj. 2.86344e+06 iterations 18
Cbc0038I Pass  45: suminf.    0.67254 (4) obj. 2.86344e+06 iterations 4
Cbc0038I Pass  46: suminf.    0.67254 (4) obj. 2.86344e+06 iterations 2
Cbc0038I Pass  47: suminf.    1.20329 (5) obj. 2.86344e+06 iterations 6
Cbc0038I Pass  48: suminf.    1.10079 (4) obj. 2.86344e+06 iterations 2
Cbc0038I Pass  49: suminf.    1.21919 (5) obj. 2.86344e+06 iterations 16
Cbc0038I Pass  50: suminf.    0.97562 (7) obj. 2.86344e+06 iterations 6
Cbc0038I Pass  51: suminf.    0.67254 (4) obj. 2.86344e+06 iterations 5
Cbc0038I Pass  52: suminf.    1.20329 (5) obj. 2.86344e+06 iterations 6
Cbc0038I Pass  53: suminf.    1.10079 (4) obj. 2.86344e+06 iterations 2
Cbc0038I Pass  54: suminf.    1.21919 (5) obj. 2.86344e+06 iterations 16
Cbc0038I Pass  55: suminf.    0.57004 (4) obj. 2.86344e+06 iterations 4
Cbc0038I Pass  56: suminf.    0.57004 (4) obj. 2.86344e+06 iterations 7
Cbc0038I Pass  57: suminf.    0.57004 (4) obj. 2.86344e+06 iterations 1
Cbc0038I Pass  58: suminf.    1.20329 (5) obj. 2.86344e+06 iterations 9
Cbc0038I Pass  59: suminf.    1.10079 (4) obj. 2.86344e+06 iterations 2
Cbc0038I Pass  60: suminf.    1.21919 (5) obj. 2.86344e+06 iterations 16
Cbc0038I Pass  61: suminf.    0.67254 (4) obj. 2.86344e+06 iterations 2
Cbc0038I Pass  62: suminf.    0.57004 (4) obj. 2.86344e+06 iterations 10
Cbc0038I No solution found this major pass
Cbc0038I Before mini branch and bound, 4 integers at bound fixed and 59 continuous
Cbc0038I Full problem 114 rows 151 columns, reduced to 26 rows 34 columns
Cbc0038I Mini branch and bound did not improve solution (0.04 seconds)
Cbc0038I After 0.04 seconds - Feasibility pump exiting with objective of 2.86349e+06 - took 0.04 seconds
Cbc0012I Integer solution of 2863491.7 found by feasibility pump after 0 iterations and 0 nodes (0.05 seconds)
Cbc0038I Full problem 114 rows 151 columns, reduced to 74 rows 106 columns
Cbc0031I 11 added rows had average density of 33.272727
Cbc0013I At root node, 11 cuts changed objective from 2863324 to 2863437.1 in 100 passes
Cbc0014I Cut generator 0 (Probing) - 9 row cuts average 2.7 elements, 0 column cuts (0 active)  in 0.007 seconds - new frequency is -100
Cbc0014I Cut generator 1 (Gomory) - 373 row cuts average 42.8 elements, 0 column cuts (0 active)  in 0.006 seconds - new frequency is 1
Cbc0014I Cut generator 2 (Knapsack) - 0 row cuts average 0.0 elements, 0 column cuts (0 active)  in 0.019 seconds - new frequency is -100
Cbc0014I Cut generator 3 (Clique) - 0 row cuts average 0.0 elements, 0 column cuts (0 active)  in 0.001 seconds - new frequency is -100
Cbc0014I Cut generator 4 (MixedIntegerRounding2) - 15 row cuts average 5.5 elements, 0 column cuts (0 active)  in 0.006 seconds - new frequency is -100
Cbc0014I Cut generator 5 (FlowCover) - 0 row cuts average 0.0 elements, 0 column cuts (0 active)  in 0.021 seconds - new frequency is -100
Cbc0014I Cut generator 6 (TwoMirCuts) - 29 row cuts average 9.2 elements, 0 column cuts (0 active)  in 0.007 seconds - new frequency is -100
Cbc0010I After 0 nodes, 1 on tree, 2863491.7 best solution, best possible 2863437.1 (0.19 seconds)
Cbc0001I Search completed - best objective 2863491.737592003, took 1360 iterations and 8 nodes (0.21 seconds)
Cbc0032I Strong branching done 44 times (207 iterations), fathomed 2 nodes and fixed 4 variables
Cbc0035I Maximum depth 2, 0 variables fixed on reduced cost
Cuts at root node changed objective from 2.86332e+06 to 2.86344e+06
Probing was tried 100 times and created 9 cuts of which 0 were active after adding rounds of cuts (0.007 seconds)
Gomory was tried 118 times and created 408 cuts of which 0 were active after adding rounds of cuts (0.006 seconds)
Knapsack was tried 100 times and created 0 cuts of which 0 were active after adding rounds of cuts (0.019 seconds)
Clique was tried 100 times and created 0 cuts of which 0 were active after adding rounds of cuts (0.001 seconds)
MixedIntegerRounding2 was tried 100 times and created 15 cuts of which 0 were active after adding rounds of cuts (0.006 seconds)
FlowCover was tried 100 times and created 0 cuts of which 0 were active after adding rounds of cuts (0.021 seconds)
TwoMirCuts was tried 100 times and created 29 cuts of which 0 were active after adding rounds of cuts (0.007 seconds)
ZeroHalf was tried 1 times and created 0 cuts of which 0 were active after adding rounds of cuts (0.000 seconds)

Result - Optimal solution found

Objective value:                2863491.73759200
Enumerated nodes:               8
Total iterations:               1360
Time (CPU seconds):             0.21
Time (Wallclock seconds):       0.21

Option for printingOptions changed from normal to all
Total time (CPU seconds):       0.24   (Wallclock seconds):       0.24

