Welcome to the CBC MILP Solver 
Version: 2.10.3 
Build Date: Dec 15 2019 

command line - E:\dachuang\.venv\Lib\site-packages\pulp\apis\../solverdir/cbc/win/i64/cbc.exe model.mps -primalTolerance 1e-9 -integerTolerance 1e-9 -ratioGap 0 -allowableGap 0 -threads 0 -branch -printingOptions all -solution solution.txt -saveSolution solution.bin -quit (default strategy 1)
At line 2 NAME          MODEL
At line 3 ROWS
At line 317 COLUMNS
At line 1133 RHS
At line 1446 BOUNDS
At line 1521 ENDATA
Problem MODEL has 312 rows, 241 columns and 647 elements
Coin0008I MODEL read with 0 errors
primalTolerance was changed from 1e-07 to 1e-09
integerTolerance was changed from 1e-07 to 1e-09
ratioGap was changed from 0 to 0
allowableGap was changed from 1e-10 to 0
Continuous objective value is 2.01527e+06 - 0.00 seconds
Cgl0003I 0 fixed, 0 tightened bounds, 2 strengthened rows, 0 substitutions
Cgl0004I processed model has 115 rows, 159 columns (24 integer (24 of which binary)) and 336 elements
Cbc0038I Initial state - 11 integers unsatisfied sum - 3.36224
Cbc0038I Pass   1: suminf.    0.00000 (0) obj. 2.23105e+06 iterations 15
Cbc0038I Solution found of 2.23105e+06
Cbc0038I Relaxing continuous gives 2.10573e+06
Cbc0038I Before mini branch and bound, 13 integers at bound fixed and 83 continuous
Cbc0038I Full problem 115 rows 159 columns, reduced to 12 rows 14 columns
Cbc0038I Mini branch and bound improved solution from 2.10573e+06 to 2.01573e+06 (0.01 seconds)
Cbc0038I Round again with cutoff of 2.01569e+06
Cbc0038I Pass   2: suminf.    1.10480 (5) obj. 2.01569e+06 iterations 17
Cbc0038I Pass   3: suminf.    0.13818 (1) obj. 2.01569e+06 iterations 13
Cbc0038I Pass   4: suminf.    0.46668 (2) obj. 2.01569e+06 iterations 7
Cbc0038I Pass   5: suminf.    0.28882 (2) obj. 2.01569e+06 iterations 1
Cbc0038I Pass   6: suminf.    1.16925 (4) obj. 2.01569e+06 iterations 4
Cbc0038I Pass   7: suminf.    0.68105 (3) obj. 2.01569e+06 iterations 1
Cbc0038I Pass   8: suminf.    0.13818 (1) obj. 2.01569e+06 iterations 9
Cbc0038I Pass   9: suminf.    0.46668 (2) obj. 2.01569e+06 iterations 6
Cbc0038I Pass  10: suminf.    0.28882 (2) obj. 2.01569e+06 iterations 1
Cbc0038I Pass  11: suminf.    0.28882 (2) obj. 2.01569e+06 iterations 9
Cbc0038I Pass  12: suminf.    0.13818 (1) obj. 2.01569e+06 iterations 7
Cbc0038I Pass  13: suminf.    0.46668 (2) obj. 2.01569e+06 iterations 6
Cbc0038I Pass  14: suminf.    0.28882 (2) obj. 2.01569e+06 iterations 1
Cbc0038I Pass  15: suminf.    1.08682 (5) obj. 2.01569e+06 iterations 9
Cbc0038I Pass  16: suminf.    0.64032 (4) obj. 2.01569e+06 iterations 1
Cbc0038I Pass  17: suminf.    0.13818 (1) obj. 2.01569e+06 iterations 10
Cbc0038I Pass  18: suminf.    0.46668 (2) obj. 2.01569e+06 iterations 7
Cbc0038I Pass  19: suminf.    0.28882 (2) obj. 2.01569e+06 iterations 1
Cbc0038I Pass  20: suminf.    0.59532 (3) obj. 2.01569e+06 iterations 10
Cbc0038I Pass  21: suminf.    0.27807 (1) obj. 2.01569e+06 iterations 8
Cbc0038I Pass  22: suminf.    0.62168 (2) obj. 2.01569e+06 iterations 6
Cbc0038I Pass  23: suminf.    0.44382 (2) obj. 2.01569e+06 iterations 1
Cbc0038I Pass  24: suminf.    2.12182 (8) obj. 2.01569e+06 iterations 19
Cbc0038I Pass  25: suminf.    1.43532 (6) obj. 2.01569e+06 iterations 2
Cbc0038I Pass  26: suminf.    0.13818 (1) obj. 2.01569e+06 iterations 10
Cbc0038I Pass  27: suminf.    0.46668 (2) obj. 2.01569e+06 iterations 6
Cbc0038I Pass  28: suminf.    0.28882 (2) obj. 2.01569e+06 iterations 1
Cbc0038I Pass  29: suminf.    2.02869 (6) obj. 2.01569e+06 iterations 14
Cbc0038I Pass  30: suminf.    1.58219 (5) obj. 2.01569e+06 iterations 1
Cbc0038I Pass  31: suminf.    0.13818 (1) obj. 2.01569e+06 iterations 9
Cbc0038I No solution found this major pass
Cbc0038I Before mini branch and bound, 2 integers at bound fixed and 71 continuous
Cbc0038I Full problem 115 rows 159 columns, reduced to 23 rows 29 columns
Cbc0038I Mini branch and bound improved solution from 2.01573e+06 to 2.01571e+06 (0.03 seconds)
Cbc0038I Round again with cutoff of 2.0156e+06
Cbc0038I Pass  31: suminf.    1.36284 (6) obj. 2.0156e+06 iterations 4
Cbc0038I Pass  32: suminf.    1.31876 (6) obj. 2.0156e+06 iterations 3
Cbc0038I Pass  33: suminf.    0.65511 (2) obj. 2.0156e+06 iterations 12
Cbc0038I Pass  34: suminf.    0.52539 (2) obj. 2.0156e+06 iterations 2
Cbc0038I Pass  35: suminf.    2.09389 (8) obj. 2.0156e+06 iterations 15
Cbc0038I Pass  36: suminf.    1.76339 (7) obj. 2.0156e+06 iterations 1
Cbc0038I Pass  37: suminf.    0.68089 (2) obj. 2.0156e+06 iterations 10
Cbc0038I Pass  38: suminf.    0.68089 (2) obj. 2.0156e+06 iterations 0
Cbc0038I Pass  39: suminf.    0.49203 (2) obj. 2.0156e+06 iterations 4
Cbc0038I Pass  40: suminf.    0.65511 (2) obj. 2.0156e+06 iterations 8
Cbc0038I Pass  41: suminf.    0.52539 (2) obj. 2.0156e+06 iterations 2
Cbc0038I Pass  42: suminf.    0.53611 (2) obj. 2.0156e+06 iterations 5
Cbc0038I Pass  43: suminf.    0.49203 (2) obj. 2.0156e+06 iterations 3
Cbc0038I Pass  44: suminf.    0.65511 (2) obj. 2.0156e+06 iterations 8
Cbc0038I Pass  45: suminf.    0.52539 (2) obj. 2.0156e+06 iterations 2
Cbc0038I Pass  46: suminf.    0.52539 (2) obj. 2.0156e+06 iterations 0
Cbc0038I Pass  47: suminf.    1.73939 (6) obj. 2.0156e+06 iterations 11
Cbc0038I Pass  48: suminf.    0.68089 (2) obj. 2.0156e+06 iterations 9
Cbc0038I Pass  49: suminf.    0.68089 (2) obj. 2.0156e+06 iterations 0
Cbc0038I Pass  50: suminf.    0.49203 (2) obj. 2.0156e+06 iterations 4
Cbc0038I Pass  51: suminf.    0.65511 (2) obj. 2.0156e+06 iterations 8
Cbc0038I Pass  52: suminf.    0.52539 (2) obj. 2.0156e+06 iterations 2
Cbc0038I Pass  53: suminf.    1.86913 (6) obj. 2.0156e+06 iterations 9
Cbc0038I Pass  54: suminf.    0.68089 (2) obj. 2.0156e+06 iterations 9
Cbc0038I Pass  55: suminf.    0.68089 (2) obj. 2.0156e+06 iterations 0
Cbc0038I Pass  56: suminf.    0.49203 (2) obj. 2.0156e+06 iterations 4
Cbc0038I Pass  57: suminf.    0.65511 (2) obj. 2.0156e+06 iterations 8
Cbc0038I Pass  58: suminf.    0.52539 (2) obj. 2.0156e+06 iterations 2
Cbc0038I Pass  59: suminf.    0.85589 (3) obj. 2.0156e+06 iterations 2
Cbc0038I Pass  60: suminf.    0.52539 (2) obj. 2.0156e+06 iterations 1
Cbc0038I No solution found this major pass
Cbc0038I Before mini branch and bound, 7 integers at bound fixed and 74 continuous
Cbc0038I Full problem 115 rows 159 columns, reduced to 20 rows 25 columns
Cbc0038I Mini branch and bound did not improve solution (0.05 seconds)
Cbc0038I After 0.05 seconds - Feasibility pump exiting with objective of 2.01571e+06 - took 0.04 seconds
Cbc0012I Integer solution of 2015713.5 found by feasibility pump after 0 iterations and 0 nodes (0.05 seconds)
Cbc0038I Full problem 115 rows 159 columns, reduced to 79 rows 120 columns
Cbc0031I 16 added rows had average density of 16.5
Cbc0013I At root node, 16 cuts changed objective from 2015274.8 to 2015712.4 in 100 passes
Cbc0014I Cut generator 0 (Probing) - 23 row cuts average 2.0 elements, 0 column cuts (0 active)  in 0.011 seconds - new frequency is 1
Cbc0014I Cut generator 1 (Gomory) - 225 row cuts average 41.8 elements, 0 column cuts (0 active)  in 0.015 seconds - new frequency is 1
Cbc0014I Cut generator 2 (Knapsack) - 0 row cuts average 0.0 elements, 0 column cuts (0 active)  in 0.023 seconds - new frequency is -100
Cbc0014I Cut generator 3 (Clique) - 0 row cuts average 0.0 elements, 0 column cuts (0 active)  in 0.000 seconds - new frequency is -100
Cbc0014I Cut generator 4 (MixedIntegerRounding2) - 17 row cuts average 4.8 elements, 0 column cuts (0 active)  in 0.007 seconds - new frequency is -100
Cbc0014I Cut generator 5 (FlowCover) - 0 row cuts average 0.0 elements, 0 column cuts (0 active)  in 0.018 seconds - new frequency is -100
Cbc0014I Cut generator 6 (TwoMirCuts) - 27 row cuts average 22.0 elements, 0 column cuts (0 active)  in 0.005 seconds - new frequency is -100
Cbc0010I After 0 nodes, 1 on tree, 2015713.5 best solution, best possible 2015712.4 (0.20 seconds)
Cbc0001I Search completed - best objective 2015713.453591969, took 816 iterations and 2 nodes (0.20 seconds)
Cbc0032I Strong branching done 10 times (56 iterations), fathomed 2 nodes and fixed 1 variables
Cbc0035I Maximum depth 0, 0 variables fixed on reduced cost
Cuts at root node changed objective from 2.01527e+06 to 2.01571e+06
Probing was tried 103 times and created 24 cuts of which 0 were active after adding rounds of cuts (0.012 seconds)
Gomory was tried 103 times and created 225 cuts of which 0 were active after adding rounds of cuts (0.015 seconds)
Knapsack was tried 100 times and created 0 cuts of which 0 were active after adding rounds of cuts (0.023 seconds)
Clique was tried 100 times and created 0 cuts of which 0 were active after adding rounds of cuts (0.000 seconds)
MixedIntegerRounding2 was tried 100 times and created 17 cuts of which 0 were active after adding rounds of cuts (0.007 seconds)
FlowCover was tried 100 times and created 0 cuts of which 0 were active after adding rounds of cuts (0.018 seconds)
TwoMirCuts was tried 100 times and created 27 cuts of which 0 were active after adding rounds of cuts (0.005 seconds)
ZeroHalf was tried 1 times and created 0 cuts of which 0 were active after adding rounds of cuts (0.000 seconds)

Result - Optimal solution found

Objective value:                2015713.45359197
Enumerated nodes:               2
Total iterations:               816
Time (CPU seconds):             0.20
Time (Wallclock seconds):       0.20

Option for printingOptions changed from normal to all
Total time (CPU seconds):       0.23   (Wallclock seconds):       0.23

