Welcome to the CBC MILP Solver 
Version: 2.10.3 
Build Date: Dec 15 2019 

command line - E:\dachuang\.venv\Lib\site-packages\pulp\apis\../solverdir/cbc/win/i64/cbc.exe model.mps -primalTolerance 1e-9 -integerTolerance 1e-9 -ratioGap 0 -allowableGap 0 -threads 0 -branch -printingOptions all -solution solution.txt -saveSolution solution.bin -quit (default strategy 1)
At line 2 NAME          MODEL
At line 3 ROWS
At line 317 COLUMNS
At line 1133 RHS
At line 1446 BOUNDS
At line 1521 ENDATA
Problem MODEL has 312 rows, 241 columns and 647 elements
Coin0008I MODEL read with 0 errors
primalTolerance was changed from 1e-07 to 1e-09
integerTolerance was changed from 1e-07 to 1e-09
ratioGap was changed from 0 to 0
allowableGap was changed from 1e-10 to 0
Continuous objective value is 3.62117e+06 - 0.00 seconds
Cgl0003I 0 fixed, 0 tightened bounds, 2 strengthened rows, 0 substitutions
Cgl0004I processed model has 113 rows, 154 columns (24 integer (24 of which binary)) and 325 elements
Cbc0038I Initial state - 6 integers unsatisfied sum - 2.04731
Cbc0038I Pass   1: suminf.    0.00000 (0) obj. 3.62165e+06 iterations 11
Cbc0038I Solution found of 3.62165e+06
Cbc0038I Relaxing continuous gives 3.62165e+06
Cbc0038I Before mini branch and bound, 18 integers at bound fixed and 92 continuous
Cbc0038I Full problem 113 rows 154 columns, reduced to 8 rows 8 columns
Cbc0038I Mini branch and bound did not improve solution (0.01 seconds)
Cbc0038I Freeing continuous variables gives a solution of 3.62165e+06
Cbc0038I Round again with cutoff of 3.6216e+06
Cbc0038I Pass   2: suminf.    0.20473 (1) obj. 3.6216e+06 iterations 2
Cbc0038I Pass   3: suminf.    0.00000 (0) obj. 3.6216e+06 iterations 11
Cbc0038I Solution found of 3.6216e+06
Cbc0038I Relaxing continuous gives 3.62148e+06
Cbc0038I Before mini branch and bound, 18 integers at bound fixed and 86 continuous
Cbc0038I Full problem 113 rows 154 columns, reduced to 17 rows 23 columns
Cbc0038I Mini branch and bound improved solution from 3.62148e+06 to 3.62133e+06 (0.01 seconds)
Cbc0038I Freeing continuous variables gives a solution of 3.62133e+06
Cbc0038I Round again with cutoff of 3.6213e+06
Cbc0038I Pass   4: suminf.    0.50589 (2) obj. 3.6213e+06 iterations 5
Cbc0038I Pass   5: suminf.    0.15324 (1) obj. 3.6213e+06 iterations 11
Cbc0038I Pass   6: suminf.    0.49411 (1) obj. 3.6213e+06 iterations 2
Cbc0038I Pass   7: suminf.    0.49411 (2) obj. 3.6213e+06 iterations 5
Cbc0038I Pass   8: suminf.    0.63934 (3) obj. 3.6213e+06 iterations 8
Cbc0038I Pass   9: suminf.    0.63934 (3) obj. 3.6213e+06 iterations 0
Cbc0038I Pass  10: suminf.    0.56174 (3) obj. 3.6213e+06 iterations 3
Cbc0038I Pass  11: suminf.    0.56174 (3) obj. 3.6213e+06 iterations 1
Cbc0038I Pass  12: suminf.    1.28849 (3) obj. 3.6213e+06 iterations 4
Cbc0038I Pass  13: suminf.    0.72264 (4) obj. 3.6213e+06 iterations 11
Cbc0038I Pass  14: suminf.    0.56174 (3) obj. 3.6213e+06 iterations 2
Cbc0038I Pass  15: suminf.    1.28849 (3) obj. 3.6213e+06 iterations 4
Cbc0038I Pass  16: suminf.    0.63934 (3) obj. 3.6213e+06 iterations 1
Cbc0038I Pass  17: suminf.    0.56174 (3) obj. 3.6213e+06 iterations 3
Cbc0038I Pass  18: suminf.    1.92974 (7) obj. 3.6213e+06 iterations 10
Cbc0038I Pass  19: suminf.    1.09334 (5) obj. 3.6213e+06 iterations 2
Cbc0038I Pass  20: suminf.    1.09334 (5) obj. 3.6213e+06 iterations 0
Cbc0038I Pass  21: suminf.    1.12835 (4) obj. 3.6213e+06 iterations 5
Cbc0038I Pass  22: suminf.    0.45284 (4) obj. 3.6213e+06 iterations 2
Cbc0038I Pass  23: suminf.    0.45284 (4) obj. 3.6213e+06 iterations 0
Cbc0038I Pass  24: suminf.    1.53685 (4) obj. 3.6213e+06 iterations 6
Cbc0038I Pass  25: suminf.    0.86134 (4) obj. 3.6213e+06 iterations 2
Cbc0038I Pass  26: suminf.    0.86134 (4) obj. 3.6213e+06 iterations 0
Cbc0038I Pass  27: suminf.    1.12835 (4) obj. 3.6213e+06 iterations 3
Cbc0038I Pass  28: suminf.    0.45284 (4) obj. 3.6213e+06 iterations 2
Cbc0038I Pass  29: suminf.    0.45284 (4) obj. 3.6213e+06 iterations 0
Cbc0038I Pass  30: suminf.    1.53685 (4) obj. 3.6213e+06 iterations 6
Cbc0038I Pass  31: suminf.    0.86134 (4) obj. 3.6213e+06 iterations 2
Cbc0038I Pass  32: suminf.    0.86134 (4) obj. 3.6213e+06 iterations 0
Cbc0038I Pass  33: suminf.    1.12835 (4) obj. 3.6213e+06 iterations 3
Cbc0038I No solution found this major pass
Cbc0038I Before mini branch and bound, 11 integers at bound fixed and 81 continuous
Cbc0038I Full problem 113 rows 154 columns, reduced to 20 rows 27 columns
Cbc0038I Mini branch and bound did not improve solution (0.02 seconds)
Cbc0038I After 0.02 seconds - Feasibility pump exiting with objective of 3.62133e+06 - took 0.02 seconds
Cbc0012I Integer solution of 3621332.2 found by feasibility pump after 0 iterations and 0 nodes (0.03 seconds)
Cbc0038I Full problem 113 rows 154 columns, reduced to 61 rows 97 columns
Cbc0031I 10 added rows had average density of 21.1
Cbc0013I At root node, 10 cuts changed objective from 3621171.6 to 3621332 in 100 passes
Cbc0014I Cut generator 0 (Probing) - 0 row cuts average 0.0 elements, 1 column cuts (1 active)  in 0.007 seconds - new frequency is -100
Cbc0014I Cut generator 1 (Gomory) - 224 row cuts average 28.6 elements, 0 column cuts (0 active)  in 0.012 seconds - new frequency is 1
Cbc0014I Cut generator 2 (Knapsack) - 0 row cuts average 0.0 elements, 0 column cuts (0 active)  in 0.018 seconds - new frequency is -100
Cbc0014I Cut generator 3 (Clique) - 0 row cuts average 0.0 elements, 0 column cuts (0 active)  in 0.001 seconds - new frequency is -100
Cbc0014I Cut generator 4 (MixedIntegerRounding2) - 0 row cuts average 0.0 elements, 0 column cuts (0 active)  in 0.004 seconds - new frequency is -100
Cbc0014I Cut generator 5 (FlowCover) - 0 row cuts average 0.0 elements, 0 column cuts (0 active)  in 0.005 seconds - new frequency is -100
Cbc0014I Cut generator 6 (TwoMirCuts) - 18 row cuts average 8.9 elements, 0 column cuts (0 active)  in 0.002 seconds - new frequency is -100
Cbc0010I After 0 nodes, 1 on tree, 3621332.2 best solution, best possible 3621332 (0.14 seconds)
Cbc0001I Search completed - best objective 3621332.165091998, took 774 iterations and 4 nodes (0.14 seconds)
Cbc0032I Strong branching done 16 times (73 iterations), fathomed 2 nodes and fixed 1 variables
Cbc0035I Maximum depth 1, 0 variables fixed on reduced cost
Cuts at root node changed objective from 3.62117e+06 to 3.62133e+06
Probing was tried 100 times and created 1 cuts of which 0 were active after adding rounds of cuts (0.007 seconds)
Gomory was tried 105 times and created 227 cuts of which 0 were active after adding rounds of cuts (0.013 seconds)
Knapsack was tried 100 times and created 0 cuts of which 0 were active after adding rounds of cuts (0.018 seconds)
Clique was tried 100 times and created 0 cuts of which 0 were active after adding rounds of cuts (0.001 seconds)
MixedIntegerRounding2 was tried 100 times and created 0 cuts of which 0 were active after adding rounds of cuts (0.004 seconds)
FlowCover was tried 100 times and created 0 cuts of which 0 were active after adding rounds of cuts (0.005 seconds)
TwoMirCuts was tried 100 times and created 18 cuts of which 0 were active after adding rounds of cuts (0.002 seconds)
ZeroHalf was tried 1 times and created 0 cuts of which 0 were active after adding rounds of cuts (0.000 seconds)

Result - Optimal solution found

Objective value:                3621332.16509200
Enumerated nodes:               4
Total iterations:               774
Time (CPU seconds):             0.14
Time (Wallclock seconds):       0.14

Option for printingOptions changed from normal to all
Total time (CPU seconds):       0.16   (Wallclock seconds):       0.17

