Welcome to the CBC MILP Solver 
Version: 2.10.3 
Build Date: Dec 15 2019 

command line - E:\dachuang\.venv\Lib\site-packages\pulp\apis\../solverdir/cbc/win/i64/cbc.exe model.mps -primalTolerance 1e-9 -integerTolerance 1e-9 -ratioGap 0 -allowableGap 0 -threads 0 -branch -printingOptions all -solution solution.txt -saveSolution solution.bin -quit (default strategy 1)
At line 2 NAME          MODEL
At line 3 ROWS
At line 317 COLUMNS
At line 1133 RHS
At line 1446 BOUNDS
At line 1521 ENDATA
Problem MODEL has 312 rows, 241 columns and 647 elements
Coin0008I MODEL read with 0 errors
primalTolerance was changed from 1e-07 to 1e-09
integerTolerance was changed from 1e-07 to 1e-09
ratioGap was changed from 0 to 0
allowableGap was changed from 1e-10 to 0
Continuous objective value is 3.73296e+06 - 0.00 seconds
Cgl0003I 0 fixed, 0 tightened bounds, 3 strengthened rows, 0 substitutions
Cgl0004I processed model has 113 rows, 151 columns (24 integer (24 of which binary)) and 322 elements
Cbc0038I Initial state - 6 integers unsatisfied sum - 1.87875
Cbc0038I Pass   1: suminf.    0.00000 (0) obj. 3.73336e+06 iterations 11
Cbc0038I Solution found of 3.73336e+06
Cbc0038I Relaxing continuous gives 3.73336e+06
Cbc0038I Before mini branch and bound, 18 integers at bound fixed and 87 continuous
Cbc0038I Full problem 113 rows 151 columns, reduced to 9 rows 11 columns
Cbc0038I Mini branch and bound did not improve solution (0.02 seconds)
Cbc0038I Round again with cutoff of 3.73332e+06
Cbc0038I Pass   2: suminf.    0.16269 (1) obj. 3.73332e+06 iterations 2
Cbc0038I Pass   3: suminf.    0.00000 (0) obj. 3.73332e+06 iterations 9
Cbc0038I Solution found of 3.73332e+06
Cbc0038I Relaxing continuous gives 3.73325e+06
Cbc0038I Before mini branch and bound, 18 integers at bound fixed and 83 continuous
Cbc0038I Full problem 113 rows 151 columns, reduced to 15 rows 21 columns
Cbc0038I Mini branch and bound improved solution from 3.73325e+06 to 3.73315e+06 (0.03 seconds)
Cbc0038I Round again with cutoff of 3.73311e+06
Cbc0038I Pass   4: suminf.    0.60765 (2) obj. 3.73311e+06 iterations 3
Cbc0038I Pass   5: suminf.    0.41966 (1) obj. 3.73311e+06 iterations 1
Cbc0038I Pass   6: suminf.    0.32725 (1) obj. 3.73311e+06 iterations 7
Cbc0038I Pass   7: suminf.    0.14488 (1) obj. 3.73311e+06 iterations 4
Cbc0038I Pass   8: suminf.    0.68630 (2) obj. 3.73311e+06 iterations 7
Cbc0038I Pass   9: suminf.    0.14488 (1) obj. 3.73311e+06 iterations 4
Cbc0038I Pass  10: suminf.    0.32725 (1) obj. 3.73311e+06 iterations 4
Cbc0038I Pass  11: suminf.    1.19367 (4) obj. 3.73311e+06 iterations 7
Cbc0038I Pass  12: suminf.    0.14488 (1) obj. 3.73311e+06 iterations 7
Cbc0038I Pass  13: suminf.    0.32725 (1) obj. 3.73311e+06 iterations 4
Cbc0038I Pass  14: suminf.    0.19485 (3) obj. 3.73311e+06 iterations 19
Cbc0038I Pass  15: suminf.    0.19485 (3) obj. 3.73311e+06 iterations 0
Cbc0038I Pass  16: suminf.    0.15525 (1) obj. 3.73311e+06 iterations 5
Cbc0038I Pass  17: suminf.    0.14488 (1) obj. 3.73311e+06 iterations 3
Cbc0038I Pass  18: suminf.    0.94988 (3) obj. 3.73311e+06 iterations 11
Cbc0038I Pass  19: suminf.    0.25775 (3) obj. 3.73311e+06 iterations 5
Cbc0038I Pass  20: suminf.    0.14488 (1) obj. 3.73311e+06 iterations 4
Cbc0038I Pass  21: suminf.    0.15525 (1) obj. 3.73311e+06 iterations 1
Cbc0038I Pass  22: suminf.    0.32725 (1) obj. 3.73311e+06 iterations 14
Cbc0038I Pass  23: suminf.    0.14488 (1) obj. 3.73311e+06 iterations 4
Cbc0038I Pass  24: suminf.    0.32725 (1) obj. 3.73311e+06 iterations 3
Cbc0038I Pass  25: suminf.    1.38381 (4) obj. 3.73311e+06 iterations 28
Cbc0038I Pass  26: suminf.    1.09310 (3) obj. 3.73311e+06 iterations 1
Cbc0038I Pass  27: suminf.    0.44396 (3) obj. 3.73311e+06 iterations 11
Cbc0038I Pass  28: suminf.    0.44396 (3) obj. 3.73311e+06 iterations 0
Cbc0038I Pass  29: suminf.    1.09310 (3) obj. 3.73311e+06 iterations 3
Cbc0038I Pass  30: suminf.    0.19485 (3) obj. 3.73311e+06 iterations 17
Cbc0038I Pass  31: suminf.    0.19485 (3) obj. 3.73311e+06 iterations 0
Cbc0038I Pass  32: suminf.    0.15525 (1) obj. 3.73311e+06 iterations 6
Cbc0038I Pass  33: suminf.    0.14488 (1) obj. 3.73311e+06 iterations 2
Cbc0038I No solution found this major pass
Cbc0038I Before mini branch and bound, 2 integers at bound fixed and 64 continuous
Cbc0038I Full problem 113 rows 151 columns, reduced to 23 rows 31 columns
Cbc0038I Mini branch and bound improved solution from 3.73315e+06 to 3.7331e+06 (0.05 seconds)
Cbc0038I Round again with cutoff of 3.73307e+06
Cbc0038I Pass  33: suminf.    0.74368 (2) obj. 3.73307e+06 iterations 0
Cbc0038I Pass  34: suminf.    0.44124 (1) obj. 3.73307e+06 iterations 9
Cbc0038I Pass  35: suminf.    0.35382 (1) obj. 3.73307e+06 iterations 2
Cbc0038I Pass  36: suminf.    0.35382 (1) obj. 3.73307e+06 iterations 3
Cbc0038I Pass  37: suminf.    0.44124 (1) obj. 3.73307e+06 iterations 1
Cbc0038I Pass  38: suminf.    0.35382 (1) obj. 3.73307e+06 iterations 2
Cbc0038I Pass  39: suminf.    0.44124 (2) obj. 3.73307e+06 iterations 12
Cbc0038I Pass  40: suminf.    0.25632 (2) obj. 3.73307e+06 iterations 2
Cbc0038I Pass  41: suminf.    0.44124 (2) obj. 3.73307e+06 iterations 8
Cbc0038I Pass  42: suminf.    0.25632 (2) obj. 3.73307e+06 iterations 4
Cbc0038I Pass  43: suminf.    0.44124 (2) obj. 3.73307e+06 iterations 8
Cbc0038I Pass  44: suminf.    0.25632 (2) obj. 3.73307e+06 iterations 2
Cbc0038I Pass  45: suminf.    0.96187 (6) obj. 3.73307e+06 iterations 13
Cbc0038I Pass  46: suminf.    0.42636 (4) obj. 3.73307e+06 iterations 2
Cbc0038I Pass  47: suminf.    0.44124 (1) obj. 3.73307e+06 iterations 7
Cbc0038I Pass  48: suminf.    0.35382 (1) obj. 3.73307e+06 iterations 2
Cbc0038I Pass  49: suminf.    1.51269 (6) obj. 3.73307e+06 iterations 16
Cbc0038I Pass  50: suminf.    0.44124 (1) obj. 3.73307e+06 iterations 5
Cbc0038I Pass  51: suminf.    0.35382 (1) obj. 3.73307e+06 iterations 2
Cbc0038I Pass  52: suminf.    0.35382 (1) obj. 3.73307e+06 iterations 3
Cbc0038I Pass  53: suminf.    0.44124 (1) obj. 3.73307e+06 iterations 1
Cbc0038I Pass  54: suminf.    0.35382 (1) obj. 3.73307e+06 iterations 2
Cbc0038I Pass  55: suminf.    1.02501 (3) obj. 3.73307e+06 iterations 8
Cbc0038I Pass  56: suminf.    0.37586 (3) obj. 3.73307e+06 iterations 1
Cbc0038I Pass  57: suminf.    0.55876 (2) obj. 3.73307e+06 iterations 5
Cbc0038I Pass  58: suminf.    0.44124 (1) obj. 3.73307e+06 iterations 3
Cbc0038I Pass  59: suminf.    0.35382 (1) obj. 3.73307e+06 iterations 1
Cbc0038I Pass  60: suminf.    0.85836 (4) obj. 3.73307e+06 iterations 14
Cbc0038I Pass  61: suminf.    0.85836 (4) obj. 3.73307e+06 iterations 0
Cbc0038I Pass  62: suminf.    0.67547 (4) obj. 3.73307e+06 iterations 15
Cbc0038I No solution found this major pass
Cbc0038I Before mini branch and bound, 2 integers at bound fixed and 61 continuous
Cbc0038I Full problem 113 rows 151 columns, reduced to 23 rows 31 columns
Cbc0038I Mini branch and bound did not improve solution (0.07 seconds)
Cbc0038I After 0.07 seconds - Feasibility pump exiting with objective of 3.7331e+06 - took 0.05 seconds
Cbc0012I Integer solution of 3733103.1 found by feasibility pump after 0 iterations and 0 nodes (0.07 seconds)
Cbc0038I Full problem 113 rows 151 columns, reduced to 69 rows 102 columns
Cbc0031I 8 added rows had average density of 20
Cbc0013I At root node, 8 cuts changed objective from 3732980.2 to 3733074.4 in 100 passes
Cbc0014I Cut generator 0 (Probing) - 4 row cuts average 2.0 elements, 0 column cuts (0 active)  in 0.006 seconds - new frequency is -100
Cbc0014I Cut generator 1 (Gomory) - 238 row cuts average 34.8 elements, 0 column cuts (0 active)  in 0.012 seconds - new frequency is 1
Cbc0014I Cut generator 2 (Knapsack) - 0 row cuts average 0.0 elements, 0 column cuts (0 active)  in 0.013 seconds - new frequency is -100
Cbc0014I Cut generator 3 (Clique) - 0 row cuts average 0.0 elements, 0 column cuts (0 active)  in 0.000 seconds - new frequency is -100
Cbc0014I Cut generator 4 (MixedIntegerRounding2) - 6 row cuts average 6.3 elements, 0 column cuts (0 active)  in 0.006 seconds - new frequency is -100
Cbc0014I Cut generator 5 (FlowCover) - 0 row cuts average 0.0 elements, 0 column cuts (0 active)  in 0.016 seconds - new frequency is -100
Cbc0014I Cut generator 6 (TwoMirCuts) - 28 row cuts average 12.3 elements, 0 column cuts (0 active)  in 0.008 seconds - new frequency is -100
Cbc0010I After 0 nodes, 1 on tree, 3733103.1 best solution, best possible 3733074.4 (0.19 seconds)
Cbc0001I Search completed - best objective 3733103.128808762, took 994 iterations and 6 nodes (0.20 seconds)
Cbc0032I Strong branching done 26 times (120 iterations), fathomed 2 nodes and fixed 0 variables
Cbc0035I Maximum depth 2, 1 variables fixed on reduced cost
Cuts at root node changed objective from 3.73298e+06 to 3.73307e+06
Probing was tried 100 times and created 4 cuts of which 0 were active after adding rounds of cuts (0.006 seconds)
Gomory was tried 117 times and created 255 cuts of which 0 were active after adding rounds of cuts (0.014 seconds)
Knapsack was tried 100 times and created 0 cuts of which 0 were active after adding rounds of cuts (0.013 seconds)
Clique was tried 100 times and created 0 cuts of which 0 were active after adding rounds of cuts (0.000 seconds)
MixedIntegerRounding2 was tried 100 times and created 6 cuts of which 0 were active after adding rounds of cuts (0.006 seconds)
FlowCover was tried 100 times and created 0 cuts of which 0 were active after adding rounds of cuts (0.016 seconds)
TwoMirCuts was tried 100 times and created 28 cuts of which 0 were active after adding rounds of cuts (0.008 seconds)
ZeroHalf was tried 1 times and created 0 cuts of which 0 were active after adding rounds of cuts (0.000 seconds)

Result - Optimal solution found

Objective value:                3733103.12880876
Enumerated nodes:               6
Total iterations:               994
Time (CPU seconds):             0.21
Time (Wallclock seconds):       0.21

Option for printingOptions changed from normal to all
Total time (CPU seconds):       0.24   (Wallclock seconds):       0.24

