Welcome to the CBC MILP Solver 
Version: 2.10.3 
Build Date: Dec 15 2019 

command line - E:\dachuang\.venv\Lib\site-packages\pulp\apis\../solverdir/cbc/win/i64/cbc.exe model.mps -primalTolerance 1e-9 -integerTolerance 1e-9 -ratioGap 0 -allowableGap 0 -threads 0 -branch -printingOptions all -solution solution.txt -saveSolution solution.bin -quit (default strategy 1)
At line 2 NAME          MODEL
At line 3 ROWS
At line 317 COLUMNS
At line 1133 RHS
At line 1446 BOUNDS
At line 1521 ENDATA
Problem MODEL has 312 rows, 241 columns and 647 elements
Coin0008I MODEL read with 0 errors
primalTolerance was changed from 1e-07 to 1e-09
integerTolerance was changed from 1e-07 to 1e-09
ratioGap was changed from 0 to 0
allowableGap was changed from 1e-10 to 0
Continuous objective value is 1.53618e+06 - 0.00 seconds
Cgl0003I 0 fixed, 0 tightened bounds, 3 strengthened rows, 0 substitutions
Cgl0004I processed model has 116 rows, 161 columns (24 integer (24 of which binary)) and 341 elements
Cbc0038I Initial state - 12 integers unsatisfied sum - 3.77802
Cbc0038I Pass   1: suminf.    0.00000 (0) obj. 1.69135e+06 iterations 25
Cbc0038I Solution found of 1.69135e+06
Cbc0038I Relaxing continuous gives 1.61549e+06
Cbc0038I Before mini branch and bound, 12 integers at bound fixed and 75 continuous
Cbc0038I Full problem 116 rows 161 columns, reduced to 9 rows 14 columns
Cbc0038I Mini branch and bound improved solution from 1.61549e+06 to 1.5366e+06 (0.01 seconds)
Cbc0038I Round again with cutoff of 1.53656e+06
Cbc0038I Pass   2: suminf.    1.22784 (5) obj. 1.53656e+06 iterations 22
Cbc0038I Pass   3: suminf.    0.00000 (0) obj. 1.53656e+06 iterations 17
Cbc0038I Solution found of 1.53656e+06
Cbc0038I Relaxing continuous gives 1.53651e+06
Cbc0038I Before mini branch and bound, 11 integers at bound fixed and 80 continuous
Cbc0038I Full problem 116 rows 161 columns, reduced to 14 rows 18 columns
Cbc0038I Mini branch and bound improved solution from 1.53651e+06 to 1.53645e+06 (0.02 seconds)
Cbc0038I Freeing continuous variables gives a solution of 1.53645e+06
Cbc0038I Round again with cutoff of 1.5364e+06
Cbc0038I Pass   4: suminf.    1.58761 (7) obj. 1.5364e+06 iterations 4
Cbc0038I Pass   5: suminf.    1.58761 (8) obj. 1.5364e+06 iterations 2
Cbc0038I Pass   6: suminf.    0.91926 (4) obj. 1.5364e+06 iterations 14
Cbc0038I Pass   7: suminf.    0.91926 (4) obj. 1.5364e+06 iterations 1
Cbc0038I Pass   8: suminf.    0.89615 (4) obj. 1.5364e+06 iterations 6
Cbc0038I Pass   9: suminf.    0.53311 (3) obj. 1.5364e+06 iterations 2
Cbc0038I Pass  10: suminf.    0.53311 (4) obj. 1.5364e+06 iterations 2
Cbc0038I Pass  11: suminf.    0.91926 (4) obj. 1.5364e+06 iterations 9
Cbc0038I Pass  12: suminf.    0.91926 (4) obj. 1.5364e+06 iterations 1
Cbc0038I Pass  13: suminf.    0.89615 (4) obj. 1.5364e+06 iterations 6
Cbc0038I Pass  14: suminf.    0.53311 (3) obj. 1.5364e+06 iterations 2
Cbc0038I Pass  15: suminf.    0.53311 (4) obj. 1.5364e+06 iterations 2
Cbc0038I Pass  16: suminf.    0.91926 (4) obj. 1.5364e+06 iterations 9
Cbc0038I Pass  17: suminf.    0.91926 (4) obj. 1.5364e+06 iterations 1
Cbc0038I Pass  18: suminf.    0.89615 (4) obj. 1.5364e+06 iterations 4
Cbc0038I Pass  19: suminf.    0.53311 (3) obj. 1.5364e+06 iterations 2
Cbc0038I Pass  20: suminf.    0.53311 (4) obj. 1.5364e+06 iterations 2
Cbc0038I Pass  21: suminf.    0.91926 (4) obj. 1.5364e+06 iterations 11
Cbc0038I Pass  22: suminf.    0.91926 (4) obj. 1.5364e+06 iterations 1
Cbc0038I Pass  23: suminf.    0.89615 (4) obj. 1.5364e+06 iterations 6
Cbc0038I Pass  24: suminf.    0.53311 (3) obj. 1.5364e+06 iterations 2
Cbc0038I Pass  25: suminf.    0.53311 (4) obj. 1.5364e+06 iterations 2
Cbc0038I Pass  26: suminf.    0.91926 (4) obj. 1.5364e+06 iterations 9
Cbc0038I Pass  27: suminf.    0.91926 (4) obj. 1.5364e+06 iterations 1
Cbc0038I Pass  28: suminf.    0.89615 (4) obj. 1.5364e+06 iterations 6
Cbc0038I Pass  29: suminf.    0.53311 (3) obj. 1.5364e+06 iterations 2
Cbc0038I Pass  30: suminf.    0.53311 (4) obj. 1.5364e+06 iterations 2
Cbc0038I Pass  31: suminf.    0.91926 (4) obj. 1.5364e+06 iterations 11
Cbc0038I Pass  32: suminf.    0.91926 (4) obj. 1.5364e+06 iterations 1
Cbc0038I Pass  33: suminf.    0.89615 (4) obj. 1.5364e+06 iterations 6
Cbc0038I No solution found this major pass
Cbc0038I Before mini branch and bound, 11 integers at bound fixed and 81 continuous
Cbc0038I Full problem 116 rows 161 columns, reduced to 12 rows 16 columns
Cbc0038I Mini branch and bound did not improve solution (0.03 seconds)
Cbc0038I After 0.03 seconds - Feasibility pump exiting with objective of 1.53645e+06 - took 0.02 seconds
Cbc0012I Integer solution of 1536445.9 found by feasibility pump after 0 iterations and 0 nodes (0.03 seconds)
Cbc0038I Full problem 116 rows 161 columns, reduced to 84 rows 126 columns
Cbc0012I Integer solution of 1536371.6 found by DiveCoefficient after 765 iterations and 0 nodes (0.18 seconds)
Cbc0031I 14 added rows had average density of 32.071429
Cbc0013I At root node, 14 cuts changed objective from 1536201.3 to 1536305.4 in 100 passes
Cbc0014I Cut generator 0 (Probing) - 4 row cuts average 2.0 elements, 3 column cuts (3 active)  in 0.018 seconds - new frequency is -100
Cbc0014I Cut generator 1 (Gomory) - 348 row cuts average 61.9 elements, 0 column cuts (0 active)  in 0.013 seconds - new frequency is 1
Cbc0014I Cut generator 2 (Knapsack) - 0 row cuts average 0.0 elements, 0 column cuts (0 active)  in 0.010 seconds - new frequency is -100
Cbc0014I Cut generator 3 (Clique) - 0 row cuts average 0.0 elements, 0 column cuts (0 active)  in 0.000 seconds - new frequency is -100
Cbc0014I Cut generator 4 (MixedIntegerRounding2) - 11 row cuts average 5.4 elements, 0 column cuts (0 active)  in 0.009 seconds - new frequency is -100
Cbc0014I Cut generator 5 (FlowCover) - 0 row cuts average 0.0 elements, 0 column cuts (0 active)  in 0.027 seconds - new frequency is -100
Cbc0014I Cut generator 6 (TwoMirCuts) - 27 row cuts average 19.5 elements, 0 column cuts (0 active)  in 0.006 seconds - new frequency is -100
Cbc0010I After 0 nodes, 1 on tree, 1536371.6 best solution, best possible 1536305.4 (0.19 seconds)
Cbc0012I Integer solution of 1536324.6 found by DiveCoefficient after 803 iterations and 3 nodes (0.19 seconds)
Cbc0001I Search completed - best objective 1536324.637933757, took 822 iterations and 4 nodes (0.19 seconds)
Cbc0032I Strong branching done 34 times (179 iterations), fathomed 3 nodes and fixed 3 variables
Cbc0035I Maximum depth 1, 0 variables fixed on reduced cost
Cuts at root node changed objective from 1.5362e+06 to 1.53631e+06
Probing was tried 100 times and created 7 cuts of which 0 were active after adding rounds of cuts (0.018 seconds)
Gomory was tried 106 times and created 349 cuts of which 0 were active after adding rounds of cuts (0.013 seconds)
Knapsack was tried 100 times and created 0 cuts of which 0 were active after adding rounds of cuts (0.010 seconds)
Clique was tried 100 times and created 0 cuts of which 0 were active after adding rounds of cuts (0.000 seconds)
MixedIntegerRounding2 was tried 100 times and created 11 cuts of which 0 were active after adding rounds of cuts (0.009 seconds)
FlowCover was tried 100 times and created 0 cuts of which 0 were active after adding rounds of cuts (0.027 seconds)
TwoMirCuts was tried 100 times and created 27 cuts of which 0 were active after adding rounds of cuts (0.006 seconds)
ZeroHalf was tried 1 times and created 0 cuts of which 0 were active after adding rounds of cuts (0.000 seconds)

Result - Optimal solution found

Objective value:                1536324.63793376
Enumerated nodes:               4
Total iterations:               822
Time (CPU seconds):             0.20
Time (Wallclock seconds):       0.20

Option for printingOptions changed from normal to all
Total time (CPU seconds):       0.23   (Wallclock seconds):       0.23

