Welcome to the CBC MILP Solver 
Version: 2.10.3 
Build Date: Dec 15 2019 

command line - E:\dachuang\.venv\Lib\site-packages\pulp\apis\../solverdir/cbc/win/i64/cbc.exe model.mps -primalTolerance 1e-9 -integerTolerance 1e-9 -ratioGap 0 -allowableGap 0 -threads 0 -branch -printingOptions all -solution solution.txt -saveSolution solution.bin -quit (default strategy 1)
At line 2 NAME          MODEL
At line 3 ROWS
At line 317 COLUMNS
At line 1133 RHS
At line 1446 BOUNDS
At line 1521 ENDATA
Problem MODEL has 312 rows, 241 columns and 647 elements
Coin0008I MODEL read with 0 errors
primalTolerance was changed from 1e-07 to 1e-09
integerTolerance was changed from 1e-07 to 1e-09
ratioGap was changed from 0 to 0
allowableGap was changed from 1e-10 to 0
Continuous objective value is 2.28002e+06 - 0.00 seconds
Cgl0003I 0 fixed, 0 tightened bounds, 2 strengthened rows, 0 substitutions
Cgl0004I processed model has 115 rows, 155 columns (24 integer (24 of which binary)) and 332 elements
Cbc0038I Initial state - 9 integers unsatisfied sum - 3.04407
Cbc0038I Pass   1: suminf.    0.00000 (0) obj. 2.34473e+06 iterations 15
Cbc0038I Solution found of 2.34473e+06
Cbc0038I Relaxing continuous gives 2.30447e+06
Cbc0038I Before mini branch and bound, 15 integers at bound fixed and 84 continuous
Cbc0038I Full problem 115 rows 155 columns, reduced to 13 rows 15 columns
Cbc0038I Mini branch and bound improved solution from 2.30447e+06 to 2.2806e+06 (0.01 seconds)
Cbc0038I Round again with cutoff of 2.28055e+06
Cbc0038I Pass   2: suminf.    0.47861 (3) obj. 2.28055e+06 iterations 12
Cbc0038I Pass   3: suminf.    0.00000 (0) obj. 2.28055e+06 iterations 13
Cbc0038I Solution found of 2.28055e+06
Cbc0038I Relaxing continuous gives 2.28048e+06
Cbc0038I Before mini branch and bound, 14 integers at bound fixed and 79 continuous
Cbc0038I Full problem 115 rows 155 columns, reduced to 21 rows 28 columns
Cbc0038I Mini branch and bound improved solution from 2.28048e+06 to 2.28019e+06 (0.02 seconds)
Cbc0038I Round again with cutoff of 2.28016e+06
Cbc0038I Pass   4: suminf.    0.75724 (5) obj. 2.28016e+06 iterations 5
Cbc0038I Pass   5: suminf.    0.72809 (4) obj. 2.28016e+06 iterations 5
Cbc0038I Pass   6: suminf.    1.01102 (4) obj. 2.28016e+06 iterations 11
Cbc0038I Pass   7: suminf.    0.99742 (4) obj. 2.28016e+06 iterations 1
Cbc0038I Pass   8: suminf.    1.69782 (4) obj. 2.28016e+06 iterations 5
Cbc0038I Pass   9: suminf.    1.04867 (4) obj. 2.28016e+06 iterations 1
Cbc0038I Pass  10: suminf.    1.16306 (4) obj. 2.28016e+06 iterations 3
Cbc0038I Pass  11: suminf.    1.01102 (4) obj. 2.28016e+06 iterations 1
Cbc0038I Pass  12: suminf.    0.99742 (4) obj. 2.28016e+06 iterations 1
Cbc0038I Pass  13: suminf.    1.69782 (4) obj. 2.28016e+06 iterations 5
Cbc0038I Pass  14: suminf.    1.04867 (4) obj. 2.28016e+06 iterations 1
Cbc0038I Pass  15: suminf.    1.16306 (4) obj. 2.28016e+06 iterations 3
Cbc0038I Pass  16: suminf.    1.01102 (4) obj. 2.28016e+06 iterations 1
Cbc0038I Pass  17: suminf.    0.99742 (4) obj. 2.28016e+06 iterations 1
Cbc0038I Pass  18: suminf.    1.69782 (4) obj. 2.28016e+06 iterations 5
Cbc0038I Pass  19: suminf.    1.04867 (4) obj. 2.28016e+06 iterations 1
Cbc0038I Pass  20: suminf.    1.16306 (4) obj. 2.28016e+06 iterations 3
Cbc0038I Pass  21: suminf.    1.01102 (4) obj. 2.28016e+06 iterations 1
Cbc0038I Pass  22: suminf.    0.99742 (4) obj. 2.28016e+06 iterations 1
Cbc0038I Pass  23: suminf.    1.69782 (4) obj. 2.28016e+06 iterations 5
Cbc0038I Pass  24: suminf.    1.04867 (4) obj. 2.28016e+06 iterations 1
Cbc0038I Pass  25: suminf.    1.16306 (4) obj. 2.28016e+06 iterations 3
Cbc0038I Pass  26: suminf.    1.01102 (4) obj. 2.28016e+06 iterations 1
Cbc0038I Pass  27: suminf.    0.99742 (4) obj. 2.28016e+06 iterations 1
Cbc0038I Pass  28: suminf.    1.69782 (4) obj. 2.28016e+06 iterations 5
Cbc0038I Pass  29: suminf.    1.04867 (4) obj. 2.28016e+06 iterations 1
Cbc0038I Pass  30: suminf.    1.16306 (4) obj. 2.28016e+06 iterations 3
Cbc0038I Pass  31: suminf.    1.01102 (4) obj. 2.28016e+06 iterations 1
Cbc0038I Pass  32: suminf.    0.99742 (4) obj. 2.28016e+06 iterations 1
Cbc0038I Pass  33: suminf.    1.69782 (4) obj. 2.28016e+06 iterations 5
Cbc0038I No solution found this major pass
Cbc0038I Before mini branch and bound, 14 integers at bound fixed and 79 continuous
Cbc0038I Full problem 115 rows 155 columns, reduced to 22 rows 29 columns
Cbc0038I Mini branch and bound did not improve solution (0.03 seconds)
Cbc0038I After 0.03 seconds - Feasibility pump exiting with objective of 2.28019e+06 - took 0.02 seconds
Cbc0012I Integer solution of 2280190.4 found by feasibility pump after 0 iterations and 0 nodes (0.03 seconds)
Cbc0038I Full problem 115 rows 155 columns, reduced to 73 rows 110 columns
Cbc0031I 10 added rows had average density of 10.9
Cbc0013I At root node, 10 cuts changed objective from 2280019.6 to 2280190.4 in 16 passes
Cbc0014I Cut generator 0 (Probing) - 3 row cuts average 2.0 elements, 3 column cuts (3 active)  in 0.001 seconds - new frequency is 1
Cbc0014I Cut generator 1 (Gomory) - 35 row cuts average 22.9 elements, 0 column cuts (0 active)  in 0.002 seconds - new frequency is 1
Cbc0014I Cut generator 2 (Knapsack) - 0 row cuts average 0.0 elements, 0 column cuts (0 active)  in 0.002 seconds - new frequency is -100
Cbc0014I Cut generator 3 (Clique) - 0 row cuts average 0.0 elements, 0 column cuts (0 active)  in 0.000 seconds - new frequency is -100
Cbc0014I Cut generator 4 (MixedIntegerRounding2) - 3 row cuts average 5.0 elements, 0 column cuts (0 active)  in 0.002 seconds - new frequency is -100
Cbc0014I Cut generator 5 (FlowCover) - 1 row cuts average 2.0 elements, 0 column cuts (0 active)  in 0.002 seconds - new frequency is -100
Cbc0014I Cut generator 6 (TwoMirCuts) - 22 row cuts average 13.2 elements, 0 column cuts (0 active)  in 0.001 seconds - new frequency is -100
Cbc0001I Search completed - best objective 2280190.369591996, took 77 iterations and 0 nodes (0.06 seconds)
Cbc0032I Strong branching done 4 times (15 iterations), fathomed 1 nodes and fixed 0 variables
Cbc0035I Maximum depth 0, 0 variables fixed on reduced cost
Cuts at root node changed objective from 2.28002e+06 to 2.28032e+06
Probing was tried 16 times and created 6 cuts of which 0 were active after adding rounds of cuts (0.001 seconds)
Gomory was tried 16 times and created 35 cuts of which 0 were active after adding rounds of cuts (0.002 seconds)
Knapsack was tried 16 times and created 0 cuts of which 0 were active after adding rounds of cuts (0.002 seconds)
Clique was tried 16 times and created 0 cuts of which 0 were active after adding rounds of cuts (0.000 seconds)
MixedIntegerRounding2 was tried 16 times and created 3 cuts of which 0 were active after adding rounds of cuts (0.002 seconds)
FlowCover was tried 16 times and created 1 cuts of which 0 were active after adding rounds of cuts (0.002 seconds)
TwoMirCuts was tried 16 times and created 22 cuts of which 0 were active after adding rounds of cuts (0.001 seconds)
ZeroHalf was tried 1 times and created 0 cuts of which 0 were active after adding rounds of cuts (0.000 seconds)

Result - Optimal solution found

Objective value:                2280190.36959200
Enumerated nodes:               0
Total iterations:               77
Time (CPU seconds):             0.06
Time (Wallclock seconds):       0.06

Option for printingOptions changed from normal to all
Total time (CPU seconds):       0.09   (Wallclock seconds):       0.09

