Welcome to the CBC MILP Solver 
Version: 2.10.3 
Build Date: Dec 15 2019 

command line - E:\dachuang\.venv\Lib\site-packages\pulp\apis\../solverdir/cbc/win/i64/cbc.exe model.mps -primalTolerance 1e-9 -integerTolerance 1e-9 -ratioGap 0 -allowableGap 0 -threads 0 -branch -printingOptions all -solution solution.txt -saveSolution solution.bin -quit (default strategy 1)
At line 2 NAME          MODEL
At line 3 ROWS
At line 317 COLUMNS
At line 1133 RHS
At line 1446 BOUNDS
At line 1521 ENDATA
Problem MODEL has 312 rows, 241 columns and 647 elements
Coin0008I MODEL read with 0 errors
primalTolerance was changed from 1e-07 to 1e-09
integerTolerance was changed from 1e-07 to 1e-09
ratioGap was changed from 0 to 0
allowableGap was changed from 1e-10 to 0
Continuous objective value is 4.13554e+06 - 0.00 seconds
Cgl0003I 0 fixed, 0 tightened bounds, 3 strengthened rows, 0 substitutions
Cgl0004I processed model has 111 rows, 146 columns (24 integer (24 of which binary)) and 311 elements
Cbc0038I Initial state - 7 integers unsatisfied sum - 2.3744
Cbc0038I Pass   1: suminf.    0.00000 (0) obj. 4.13609e+06 iterations 13
Cbc0038I Solution found of 4.13609e+06
Cbc0038I Relaxing continuous gives 4.13595e+06
Cbc0038I Before mini branch and bound, 17 integers at bound fixed and 85 continuous
Cbc0038I Full problem 111 rows 146 columns, reduced to 6 rows 6 columns
Cbc0038I Mini branch and bound did not improve solution (0.01 seconds)
Cbc0038I Round again with cutoff of 4.13591e+06
Cbc0038I Pass   2: suminf.    0.16497 (1) obj. 4.13591e+06 iterations 4
Cbc0038I Pass   3: suminf.    0.00000 (0) obj. 4.13591e+06 iterations 5
Cbc0038I Solution found of 4.13591e+06
Cbc0038I Relaxing continuous gives 4.13574e+06
Cbc0038I Before mini branch and bound, 17 integers at bound fixed and 80 continuous
Cbc0038I Full problem 111 rows 146 columns, reduced to 12 rows 16 columns
Cbc0038I Mini branch and bound improved solution from 4.13574e+06 to 4.13567e+06 (0.01 seconds)
Cbc0038I Round again with cutoff of 4.13565e+06
Cbc0038I Pass   4: suminf.    0.40204 (4) obj. 4.13565e+06 iterations 4
Cbc0038I Pass   5: suminf.    0.40204 (3) obj. 4.13565e+06 iterations 1
Cbc0038I Pass   6: suminf.    0.35083 (1) obj. 4.13565e+06 iterations 16
Cbc0038I Pass   7: suminf.    0.10244 (1) obj. 4.13565e+06 iterations 1
Cbc0038I Pass   8: suminf.    0.89756 (3) obj. 4.13565e+06 iterations 9
Cbc0038I Pass   9: suminf.    0.25333 (1) obj. 4.13565e+06 iterations 7
Cbc0038I Pass  10: suminf.    0.40204 (2) obj. 4.13565e+06 iterations 2
Cbc0038I Pass  11: suminf.    0.37254 (3) obj. 4.13565e+06 iterations 7
Cbc0038I Pass  12: suminf.    0.37254 (3) obj. 4.13565e+06 iterations 10
Cbc0038I Pass  13: suminf.    0.37254 (3) obj. 4.13565e+06 iterations 0
Cbc0038I Pass  14: suminf.    0.35083 (1) obj. 4.13565e+06 iterations 6
Cbc0038I Pass  15: suminf.    0.10244 (1) obj. 4.13565e+06 iterations 1
Cbc0038I Pass  16: suminf.    0.99285 (4) obj. 4.13565e+06 iterations 6
Cbc0038I Pass  17: suminf.    0.10244 (1) obj. 4.13565e+06 iterations 10
Cbc0038I Pass  18: suminf.    0.35083 (1) obj. 4.13565e+06 iterations 2
Cbc0038I Pass  19: suminf.    0.37254 (3) obj. 4.13565e+06 iterations 13
Cbc0038I Pass  20: suminf.    0.37254 (3) obj. 4.13565e+06 iterations 0
Cbc0038I Pass  21: suminf.    0.35083 (1) obj. 4.13565e+06 iterations 6
Cbc0038I Pass  22: suminf.    0.10244 (1) obj. 4.13565e+06 iterations 1
Cbc0038I Pass  23: suminf.    0.37745 (1) obj. 4.13565e+06 iterations 11
Cbc0038I Pass  24: suminf.    0.40204 (3) obj. 4.13565e+06 iterations 3
Cbc0038I Pass  25: suminf.    0.35083 (1) obj. 4.13565e+06 iterations 13
Cbc0038I Pass  26: suminf.    0.10244 (1) obj. 4.13565e+06 iterations 1
Cbc0038I Pass  27: suminf.    0.37254 (3) obj. 4.13565e+06 iterations 17
Cbc0038I Pass  28: suminf.    0.37254 (3) obj. 4.13565e+06 iterations 0
Cbc0038I Pass  29: suminf.    0.37745 (1) obj. 4.13565e+06 iterations 5
Cbc0038I Pass  30: suminf.    0.10244 (1) obj. 4.13565e+06 iterations 4
Cbc0038I Pass  31: suminf.    0.35083 (1) obj. 4.13565e+06 iterations 1
Cbc0038I Pass  32: suminf.    1.78798 (7) obj. 4.13565e+06 iterations 20
Cbc0038I Pass  33: suminf.    1.27005 (5) obj. 4.13565e+06 iterations 3
Cbc0038I No solution found this major pass
Cbc0038I Before mini branch and bound, 2 integers at bound fixed and 67 continuous
Cbc0038I Full problem 111 rows 146 columns, reduced to 22 rows 30 columns
Cbc0038I Mini branch and bound did not improve solution (0.03 seconds)
Cbc0038I After 0.03 seconds - Feasibility pump exiting with objective of 4.13567e+06 - took 0.02 seconds
Cbc0012I Integer solution of 4135672.9 found by feasibility pump after 0 iterations and 0 nodes (0.03 seconds)
Cbc0038I Full problem 111 rows 146 columns, reduced to 62 rows 90 columns
Cbc0031I 8 added rows had average density of 27.375
Cbc0013I At root node, 8 cuts changed objective from 4135565.6 to 4135612.7 in 100 passes
Cbc0014I Cut generator 0 (Probing) - 0 row cuts average 0.0 elements, 0 column cuts (0 active)  in 0.007 seconds - new frequency is -100
Cbc0014I Cut generator 1 (Gomory) - 360 row cuts average 34.9 elements, 0 column cuts (0 active)  in 0.014 seconds - new frequency is 1
Cbc0014I Cut generator 2 (Knapsack) - 0 row cuts average 0.0 elements, 0 column cuts (0 active)  in 0.019 seconds - new frequency is -100
Cbc0014I Cut generator 3 (Clique) - 0 row cuts average 0.0 elements, 0 column cuts (0 active)  in 0.000 seconds - new frequency is -100
Cbc0014I Cut generator 4 (MixedIntegerRounding2) - 3 row cuts average 6.7 elements, 0 column cuts (0 active)  in 0.007 seconds - new frequency is -100
Cbc0014I Cut generator 5 (FlowCover) - 0 row cuts average 0.0 elements, 0 column cuts (0 active)  in 0.016 seconds - new frequency is -100
Cbc0014I Cut generator 6 (TwoMirCuts) - 27 row cuts average 11.7 elements, 0 column cuts (0 active)  in 0.007 seconds - new frequency is -100
Cbc0010I After 0 nodes, 1 on tree, 4135672.9 best solution, best possible 4135612.7 (0.16 seconds)
Cbc0001I Search completed - best objective 4135672.917092002, took 1221 iterations and 6 nodes (0.17 seconds)
Cbc0032I Strong branching done 28 times (109 iterations), fathomed 2 nodes and fixed 3 variables
Cbc0035I Maximum depth 1, 1 variables fixed on reduced cost
Cuts at root node changed objective from 4.13557e+06 to 4.13561e+06
Probing was tried 100 times and created 0 cuts of which 0 were active after adding rounds of cuts (0.007 seconds)
Gomory was tried 119 times and created 390 cuts of which 0 were active after adding rounds of cuts (0.016 seconds)
Knapsack was tried 100 times and created 0 cuts of which 0 were active after adding rounds of cuts (0.019 seconds)
Clique was tried 100 times and created 0 cuts of which 0 were active after adding rounds of cuts (0.000 seconds)
MixedIntegerRounding2 was tried 100 times and created 3 cuts of which 0 were active after adding rounds of cuts (0.007 seconds)
FlowCover was tried 100 times and created 0 cuts of which 0 were active after adding rounds of cuts (0.016 seconds)
TwoMirCuts was tried 100 times and created 27 cuts of which 0 were active after adding rounds of cuts (0.007 seconds)
ZeroHalf was tried 1 times and created 0 cuts of which 0 were active after adding rounds of cuts (0.000 seconds)

Result - Optimal solution found

Objective value:                4135672.91709200
Enumerated nodes:               6
Total iterations:               1221
Time (CPU seconds):             0.18
Time (Wallclock seconds):       0.18

Option for printingOptions changed from normal to all
Total time (CPU seconds):       0.20   (Wallclock seconds):       0.20

