Welcome to the CBC MILP Solver 
Version: 2.10.3 
Build Date: Dec 15 2019 

command line - E:\dachuang\.venv\Lib\site-packages\pulp\apis\../solverdir/cbc/win/i64/cbc.exe model.mps -primalTolerance 1e-9 -integerTolerance 1e-9 -ratioGap 0 -allowableGap 0 -threads 0 -branch -printingOptions all -solution solution.txt -saveSolution solution.bin -quit (default strategy 1)
At line 2 NAME          MODEL
At line 3 ROWS
At line 317 COLUMNS
At line 1133 RHS
At line 1446 BOUNDS
At line 1521 ENDATA
Problem MODEL has 312 rows, 241 columns and 647 elements
Coin0008I MODEL read with 0 errors
primalTolerance was changed from 1e-07 to 1e-09
integerTolerance was changed from 1e-07 to 1e-09
ratioGap was changed from 0 to 0
allowableGap was changed from 1e-10 to 0
Continuous objective value is 2.10305e+06 - 0.00 seconds
Cgl0003I 0 fixed, 0 tightened bounds, 3 strengthened rows, 0 substitutions
Cgl0004I processed model has 115 rows, 159 columns (24 integer (24 of which binary)) and 336 elements
Cbc0038I Initial state - 10 integers unsatisfied sum - 1.88135
Cbc0038I Pass   1: suminf.    0.00000 (0) obj. 2.13025e+06 iterations 12
Cbc0038I Solution found of 2.13025e+06
Cbc0038I Relaxing continuous gives 2.12928e+06
Cbc0038I Before mini branch and bound, 14 integers at bound fixed and 86 continuous
Cbc0038I Full problem 115 rows 159 columns, reduced to 7 rows 8 columns
Cbc0038I Mini branch and bound improved solution from 2.12928e+06 to 2.10348e+06 (0.01 seconds)
Cbc0038I Freeing continuous variables gives a solution of 2.10345e+06
Cbc0038I Round again with cutoff of 2.10342e+06
Cbc0038I Pass   2: suminf.    0.31024 (3) obj. 2.10342e+06 iterations 7
Cbc0038I Pass   3: suminf.    0.67337 (2) obj. 2.10342e+06 iterations 9
Cbc0038I Pass   4: suminf.    0.27044 (1) obj. 2.10342e+06 iterations 6
Cbc0038I Pass   5: suminf.    0.16124 (1) obj. 2.10342e+06 iterations 7
Cbc0038I Pass   6: suminf.    0.57990 (2) obj. 2.10342e+06 iterations 4
Cbc0038I Pass   7: suminf.    0.67337 (2) obj. 2.10342e+06 iterations 5
Cbc0038I Pass   8: suminf.    0.27044 (1) obj. 2.10342e+06 iterations 6
Cbc0038I Pass   9: suminf.    0.16124 (1) obj. 2.10342e+06 iterations 7
Cbc0038I Pass  10: suminf.    0.16124 (1) obj. 2.10342e+06 iterations 8
Cbc0038I Pass  11: suminf.    0.67337 (2) obj. 2.10342e+06 iterations 4
Cbc0038I Pass  12: suminf.    0.27044 (1) obj. 2.10342e+06 iterations 6
Cbc0038I Pass  13: suminf.    0.16124 (1) obj. 2.10342e+06 iterations 7
Cbc0038I Pass  14: suminf.    1.93545 (8) obj. 2.10342e+06 iterations 14
Cbc0038I Pass  15: suminf.    1.81308 (7) obj. 2.10342e+06 iterations 1
Cbc0038I Pass  16: suminf.    0.97337 (4) obj. 2.10342e+06 iterations 10
Cbc0038I Pass  17: suminf.    0.97337 (4) obj. 2.10342e+06 iterations 0
Cbc0038I Pass  18: suminf.    0.78387 (4) obj. 2.10342e+06 iterations 2
Cbc0038I Pass  19: suminf.    0.78387 (4) obj. 2.10342e+06 iterations 0
Cbc0038I Pass  20: suminf.    1.02637 (6) obj. 2.10342e+06 iterations 16
Cbc0038I Pass  21: suminf.    0.97337 (4) obj. 2.10342e+06 iterations 9
Cbc0038I Pass  22: suminf.    0.97337 (4) obj. 2.10342e+06 iterations 0
Cbc0038I Pass  23: suminf.    0.78387 (4) obj. 2.10342e+06 iterations 2
Cbc0038I Pass  24: suminf.    0.78387 (4) obj. 2.10342e+06 iterations 0
Cbc0038I Pass  25: suminf.    0.20514 (2) obj. 2.10342e+06 iterations 21
Cbc0038I Pass  26: suminf.    0.00000 (0) obj. 2.10342e+06 iterations 3
Cbc0038I Solution found of 2.10342e+06
Cbc0038I Relaxing continuous gives 2.10341e+06
Cbc0038I Before mini branch and bound, 2 integers at bound fixed and 67 continuous
Cbc0038I Full problem 115 rows 159 columns, reduced to 26 rows 34 columns
Cbc0038I Mini branch and bound did not improve solution (0.03 seconds)
Cbc0038I Freeing continuous variables gives a solution of 2.10341e+06
Cbc0038I Round again with cutoff of 2.10335e+06
Cbc0038I Pass  27: suminf.    0.60866 (4) obj. 2.10335e+06 iterations 1
Cbc0038I Pass  28: suminf.    0.79197 (2) obj. 2.10335e+06 iterations 11
Cbc0038I Pass  29: suminf.    0.49314 (2) obj. 2.10335e+06 iterations 1
Cbc0038I Pass  30: suminf.    0.79197 (2) obj. 2.10335e+06 iterations 1
Cbc0038I Pass  31: suminf.    1.02534 (4) obj. 2.10335e+06 iterations 14
Cbc0038I Pass  32: suminf.    0.49314 (2) obj. 2.10335e+06 iterations 3
Cbc0038I Pass  33: suminf.    0.79197 (2) obj. 2.10335e+06 iterations 1
Cbc0038I Pass  34: suminf.    1.02447 (4) obj. 2.10335e+06 iterations 8
Cbc0038I Pass  35: suminf.    0.61464 (3) obj. 2.10335e+06 iterations 2
Cbc0038I Pass  36: suminf.    0.79197 (2) obj. 2.10335e+06 iterations 2
Cbc0038I Pass  37: suminf.    0.49314 (2) obj. 2.10335e+06 iterations 1
Cbc0038I Pass  38: suminf.    1.81118 (5) obj. 2.10335e+06 iterations 6
Cbc0038I Pass  39: suminf.    1.40135 (4) obj. 2.10335e+06 iterations 2
Cbc0038I Pass  40: suminf.    0.79197 (2) obj. 2.10335e+06 iterations 3
Cbc0038I Pass  41: suminf.    0.49314 (2) obj. 2.10335e+06 iterations 1
Cbc0038I Pass  42: suminf.    1.45326 (5) obj. 2.10335e+06 iterations 8
Cbc0038I Pass  43: suminf.    1.33089 (4) obj. 2.10335e+06 iterations 1
Cbc0038I Pass  44: suminf.    0.79197 (2) obj. 2.10335e+06 iterations 4
Cbc0038I Pass  45: suminf.    0.49314 (2) obj. 2.10335e+06 iterations 1
Cbc0038I Pass  46: suminf.    1.06080 (5) obj. 2.10335e+06 iterations 6
Cbc0038I Pass  47: suminf.    0.79197 (2) obj. 2.10335e+06 iterations 4
Cbc0038I Pass  48: suminf.    0.49314 (2) obj. 2.10335e+06 iterations 1
Cbc0038I Pass  49: suminf.    1.23553 (5) obj. 2.10335e+06 iterations 15
Cbc0038I Pass  50: suminf.    1.23553 (5) obj. 2.10335e+06 iterations 0
Cbc0038I Pass  51: suminf.    1.11453 (5) obj. 2.10335e+06 iterations 2
Cbc0038I Pass  52: suminf.    1.11453 (5) obj. 2.10335e+06 iterations 0
Cbc0038I Pass  53: suminf.    1.23553 (5) obj. 2.10335e+06 iterations 5
Cbc0038I Pass  54: suminf.    1.26303 (6) obj. 2.10335e+06 iterations 2
Cbc0038I Pass  55: suminf.    1.26303 (6) obj. 2.10335e+06 iterations 0
Cbc0038I Pass  56: suminf.    1.11453 (5) obj. 2.10335e+06 iterations 2
Cbc0038I No solution found this major pass
Cbc0038I Before mini branch and bound, 3 integers at bound fixed and 71 continuous
Cbc0038I Full problem 115 rows 159 columns, reduced to 27 rows 36 columns
Cbc0038I Mini branch and bound did not improve solution (0.04 seconds)
Cbc0038I After 0.04 seconds - Feasibility pump exiting with objective of 2.10341e+06 - took 0.03 seconds
Cbc0012I Integer solution of 2103414.9 found by feasibility pump after 0 iterations and 0 nodes (0.04 seconds)
Cbc0038I Full problem 115 rows 159 columns, reduced to 78 rows 119 columns
Cbc0031I 11 added rows had average density of 19
Cbc0013I At root node, 11 cuts changed objective from 2103080.4 to 2103414.7 in 17 passes
Cbc0014I Cut generator 0 (Probing) - 4 row cuts average 2.0 elements, 1 column cuts (1 active)  in 0.000 seconds - new frequency is 1
Cbc0014I Cut generator 1 (Gomory) - 44 row cuts average 29.9 elements, 0 column cuts (0 active)  in 0.001 seconds - new frequency is 1
Cbc0014I Cut generator 2 (Knapsack) - 0 row cuts average 0.0 elements, 0 column cuts (0 active)  in 0.004 seconds - new frequency is -100
Cbc0014I Cut generator 3 (Clique) - 0 row cuts average 0.0 elements, 0 column cuts (0 active)  in 0.000 seconds - new frequency is -100
Cbc0014I Cut generator 4 (MixedIntegerRounding2) - 7 row cuts average 4.6 elements, 0 column cuts (0 active)  in 0.000 seconds - new frequency is 1
Cbc0014I Cut generator 5 (FlowCover) - 0 row cuts average 0.0 elements, 0 column cuts (0 active)  in 0.004 seconds - new frequency is -100
Cbc0014I Cut generator 6 (TwoMirCuts) - 24 row cuts average 14.5 elements, 0 column cuts (0 active)  in 0.000 seconds - new frequency is -100
Cbc0001I Search completed - best objective 2103414.889236728, took 116 iterations and 0 nodes (0.06 seconds)
Cbc0032I Strong branching done 2 times (16 iterations), fathomed 1 nodes and fixed 0 variables
Cbc0035I Maximum depth 0, 0 variables fixed on reduced cost
Cuts at root node changed objective from 2.10308e+06 to 2.10341e+06
Probing was tried 17 times and created 5 cuts of which 0 were active after adding rounds of cuts (0.000 seconds)
Gomory was tried 17 times and created 44 cuts of which 0 were active after adding rounds of cuts (0.001 seconds)
Knapsack was tried 17 times and created 0 cuts of which 0 were active after adding rounds of cuts (0.004 seconds)
Clique was tried 17 times and created 0 cuts of which 0 were active after adding rounds of cuts (0.000 seconds)
MixedIntegerRounding2 was tried 17 times and created 7 cuts of which 0 were active after adding rounds of cuts (0.000 seconds)
FlowCover was tried 17 times and created 0 cuts of which 0 were active after adding rounds of cuts (0.004 seconds)
TwoMirCuts was tried 17 times and created 24 cuts of which 0 were active after adding rounds of cuts (0.000 seconds)
ZeroHalf was tried 1 times and created 0 cuts of which 0 were active after adding rounds of cuts (0.000 seconds)

Result - Optimal solution found

Objective value:                2103414.88923673
Enumerated nodes:               0
Total iterations:               116
Time (CPU seconds):             0.07
Time (Wallclock seconds):       0.07

Option for printingOptions changed from normal to all
Total time (CPU seconds):       0.09   (Wallclock seconds):       0.09

