Welcome to the CBC MILP Solver 
Version: 2.10.3 
Build Date: Dec 15 2019 

command line - E:\dachuang\.venv\Lib\site-packages\pulp\apis\../solverdir/cbc/win/i64/cbc.exe model.mps -primalTolerance 1e-9 -integerTolerance 1e-9 -ratioGap 0 -allowableGap 0 -threads 0 -branch -printingOptions all -solution solution.txt -saveSolution solution.bin -quit (default strategy 1)
At line 2 NAME          MODEL
At line 3 ROWS
At line 317 COLUMNS
At line 1133 RHS
At line 1446 BOUNDS
At line 1521 ENDATA
Problem MODEL has 312 rows, 241 columns and 647 elements
Coin0008I MODEL read with 0 errors
primalTolerance was changed from 1e-07 to 1e-09
integerTolerance was changed from 1e-07 to 1e-09
ratioGap was changed from 0 to 0
allowableGap was changed from 1e-10 to 0
Continuous objective value is 4.09307e+06 - 0.00 seconds
Cgl0003I 0 fixed, 0 tightened bounds, 2 strengthened rows, 0 substitutions
Cgl0004I processed model has 111 rows, 146 columns (24 integer (24 of which binary)) and 311 elements
Cbc0038I Initial state - 7 integers unsatisfied sum - 1.46917
Cbc0038I Pass   1: suminf.    0.00000 (0) obj. 4.09544e+06 iterations 10
Cbc0038I Solution found of 4.09544e+06
Cbc0038I Relaxing continuous gives 4.09358e+06
Cbc0038I Before mini branch and bound, 17 integers at bound fixed and 82 continuous
Cbc0038I Full problem 111 rows 146 columns, reduced to 10 rows 13 columns
Cbc0038I Mini branch and bound improved solution from 4.09358e+06 to 4.09328e+06 (0.01 seconds)
Cbc0038I Round again with cutoff of 4.09326e+06
Cbc0038I Pass   2: suminf.    0.12248 (2) obj. 4.09326e+06 iterations 3
Cbc0038I Pass   3: suminf.    0.24814 (1) obj. 4.09326e+06 iterations 9
Cbc0038I Pass   4: suminf.    0.08858 (1) obj. 4.09326e+06 iterations 2
Cbc0038I Pass   5: suminf.    0.08858 (1) obj. 4.09326e+06 iterations 12
Cbc0038I Pass   6: suminf.    0.30655 (1) obj. 4.09326e+06 iterations 2
Cbc0038I Pass   7: suminf.    0.08858 (1) obj. 4.09326e+06 iterations 1
Cbc0038I Pass   8: suminf.    0.19445 (2) obj. 4.09326e+06 iterations 8
Cbc0038I Pass   9: suminf.    0.30655 (1) obj. 4.09326e+06 iterations 4
Cbc0038I Pass  10: suminf.    0.08858 (1) obj. 4.09326e+06 iterations 1
Cbc0038I Pass  11: suminf.    0.61357 (4) obj. 4.09326e+06 iterations 10
Cbc0038I Pass  12: suminf.    0.12248 (2) obj. 4.09326e+06 iterations 2
Cbc0038I Pass  13: suminf.    0.30655 (1) obj. 4.09326e+06 iterations 4
Cbc0038I Pass  14: suminf.    0.08858 (1) obj. 4.09326e+06 iterations 1
Cbc0038I Pass  15: suminf.    0.08858 (1) obj. 4.09326e+06 iterations 5
Cbc0038I Pass  16: suminf.    0.30655 (1) obj. 4.09326e+06 iterations 2
Cbc0038I Pass  17: suminf.    0.08858 (1) obj. 4.09326e+06 iterations 1
Cbc0038I Pass  18: suminf.    0.35917 (3) obj. 4.09326e+06 iterations 9
Cbc0038I Pass  19: suminf.    0.11917 (2) obj. 4.09326e+06 iterations 1
Cbc0038I Pass  20: suminf.    0.30655 (1) obj. 4.09326e+06 iterations 3
Cbc0038I Pass  21: suminf.    0.08858 (1) obj. 4.09326e+06 iterations 1
Cbc0038I Pass  22: suminf.    0.82729 (4) obj. 4.09326e+06 iterations 17
Cbc0038I Pass  23: suminf.    0.08858 (1) obj. 4.09326e+06 iterations 3
Cbc0038I Pass  24: suminf.    0.30655 (1) obj. 4.09326e+06 iterations 6
Cbc0038I Pass  25: suminf.    0.41861 (4) obj. 4.09326e+06 iterations 10
Cbc0038I Pass  26: suminf.    0.28676 (4) obj. 4.09326e+06 iterations 1
Cbc0038I Pass  27: suminf.    0.30655 (1) obj. 4.09326e+06 iterations 9
Cbc0038I Pass  28: suminf.    0.08858 (1) obj. 4.09326e+06 iterations 1
Cbc0038I Pass  29: suminf.    0.37010 (3) obj. 4.09326e+06 iterations 8
Cbc0038I Pass  30: suminf.    0.12248 (2) obj. 4.09326e+06 iterations 1
Cbc0038I Pass  31: suminf.    0.30655 (1) obj. 4.09326e+06 iterations 5
Cbc0038I No solution found this major pass
Cbc0038I Before mini branch and bound, 1 integers at bound fixed and 72 continuous
Cbc0038I Full problem 111 rows 146 columns, reduced to 15 rows 19 columns
Cbc0038I Mini branch and bound did not improve solution (0.02 seconds)
Cbc0038I After 0.02 seconds - Feasibility pump exiting with objective of 4.09328e+06 - took 0.01 seconds
Cbc0012I Integer solution of 4093275.6 found by feasibility pump after 0 iterations and 0 nodes (0.02 seconds)
Cbc0038I Full problem 111 rows 146 columns, reduced to 63 rows 91 columns
Cbc0031I 4 added rows had average density of 4
Cbc0013I At root node, 11 cuts changed objective from 4093070 to 4093275.6 in 1 passes
Cbc0014I Cut generator 0 (Probing) - 1 row cuts average 2.0 elements, 3 column cuts (3 active)  in 0.000 seconds - new frequency is 1
Cbc0014I Cut generator 1 (Gomory) - 4 row cuts average 7.5 elements, 0 column cuts (0 active)  in 0.000 seconds - new frequency is 1
Cbc0014I Cut generator 2 (Knapsack) - 0 row cuts average 0.0 elements, 0 column cuts (0 active)  in 0.001 seconds - new frequency is -100
Cbc0014I Cut generator 3 (Clique) - 0 row cuts average 0.0 elements, 0 column cuts (0 active)  in 0.000 seconds - new frequency is -100
Cbc0014I Cut generator 4 (MixedIntegerRounding2) - 1 row cuts average 4.0 elements, 0 column cuts (0 active)  in 0.000 seconds - new frequency is 1
Cbc0014I Cut generator 5 (FlowCover) - 1 row cuts average 2.0 elements, 0 column cuts (0 active)  in 0.000 seconds - new frequency is 1
Cbc0014I Cut generator 6 (TwoMirCuts) - 4 row cuts average 3.5 elements, 0 column cuts (0 active)  in 0.000 seconds - new frequency is -100
Cbc0001I Search completed - best objective 4093275.583173003, took 12 iterations and 0 nodes (0.03 seconds)
Cbc0035I Maximum depth 0, 0 variables fixed on reduced cost
Cuts at root node changed objective from 4.09307e+06 to 4.09328e+06
Probing was tried 1 times and created 4 cuts of which 0 were active after adding rounds of cuts (0.000 seconds)
Gomory was tried 1 times and created 4 cuts of which 0 were active after adding rounds of cuts (0.000 seconds)
Knapsack was tried 1 times and created 0 cuts of which 0 were active after adding rounds of cuts (0.001 seconds)
Clique was tried 1 times and created 0 cuts of which 0 were active after adding rounds of cuts (0.000 seconds)
MixedIntegerRounding2 was tried 1 times and created 1 cuts of which 0 were active after adding rounds of cuts (0.000 seconds)
FlowCover was tried 1 times and created 1 cuts of which 0 were active after adding rounds of cuts (0.000 seconds)
TwoMirCuts was tried 1 times and created 4 cuts of which 0 were active after adding rounds of cuts (0.000 seconds)
ZeroHalf was tried 1 times and created 0 cuts of which 0 were active after adding rounds of cuts (0.000 seconds)

Result - Optimal solution found

Objective value:                4093275.58317300
Enumerated nodes:               0
Total iterations:               12
Time (CPU seconds):             0.03
Time (Wallclock seconds):       0.03

Option for printingOptions changed from normal to all
Total time (CPU seconds):       0.06   (Wallclock seconds):       0.06

