Welcome to the CBC MILP Solver 
Version: 2.10.3 
Build Date: Dec 15 2019 

command line - E:\dachuang\.venv\Lib\site-packages\pulp\apis\../solverdir/cbc/win/i64/cbc.exe model.mps -primalTolerance 1e-9 -integerTolerance 1e-9 -ratioGap 0 -allowableGap 0 -threads 0 -branch -printingOptions all -solution solution.txt -saveSolution solution.bin -quit (default strategy 1)
At line 2 NAME          MODEL
At line 3 ROWS
At line 317 COLUMNS
At line 1133 RHS
At line 1446 BOUNDS
At line 1521 ENDATA
Problem MODEL has 312 rows, 241 columns and 647 elements
Coin0008I MODEL read with 0 errors
primalTolerance was changed from 1e-07 to 1e-09
integerTolerance was changed from 1e-07 to 1e-09
ratioGap was changed from 0 to 0
allowableGap was changed from 1e-10 to 0
Continuous objective value is 2.24895e+06 - 0.00 seconds
Cgl0003I 0 fixed, 0 tightened bounds, 2 strengthened rows, 0 substitutions
Cgl0004I processed model has 115 rows, 159 columns (24 integer (24 of which binary)) and 336 elements
Cbc0038I Initial state - 8 integers unsatisfied sum - 2.00796
Cbc0038I Pass   1: suminf.    0.00000 (0) obj. 2.3207e+06 iterations 12
Cbc0038I Solution found of 2.3207e+06
Cbc0038I Relaxing continuous gives 2.31535e+06
Cbc0038I Before mini branch and bound, 16 integers at bound fixed and 88 continuous
Cbc0038I Full problem 115 rows 159 columns, reduced to 7 rows 10 columns
Cbc0038I Mini branch and bound improved solution from 2.31535e+06 to 2.24932e+06 (0.02 seconds)
Cbc0038I Round again with cutoff of 2.24928e+06
Cbc0038I Pass   2: suminf.    0.59232 (4) obj. 2.24928e+06 iterations 11
Cbc0038I Pass   3: suminf.    0.00000 (0) obj. 2.24928e+06 iterations 11
Cbc0038I Solution found of 2.24928e+06
Cbc0038I Relaxing continuous gives 2.24928e+06
Cbc0038I Before mini branch and bound, 16 integers at bound fixed and 85 continuous
Cbc0038I Full problem 115 rows 159 columns, reduced to 18 rows 22 columns
Cbc0038I Mini branch and bound improved solution from 2.24928e+06 to 2.2491e+06 (0.02 seconds)
Cbc0038I Round again with cutoff of 2.24907e+06
Cbc0038I Pass   4: suminf.    1.36593 (5) obj. 2.24907e+06 iterations 3
Cbc0038I Pass   5: suminf.    0.72875 (4) obj. 2.24907e+06 iterations 8
Cbc0038I Pass   6: suminf.    0.61517 (4) obj. 2.24907e+06 iterations 2
Cbc0038I Pass   7: suminf.    0.29372 (1) obj. 2.24907e+06 iterations 4
Cbc0038I Pass   8: suminf.    0.18014 (1) obj. 2.24907e+06 iterations 1
Cbc0038I Pass   9: suminf.    0.23078 (2) obj. 2.24907e+06 iterations 10
Cbc0038I Pass  10: suminf.    0.29372 (1) obj. 2.24907e+06 iterations 2
Cbc0038I Pass  11: suminf.    0.18014 (1) obj. 2.24907e+06 iterations 1
Cbc0038I Pass  12: suminf.    0.50899 (4) obj. 2.24907e+06 iterations 10
Cbc0038I Pass  13: suminf.    0.23161 (2) obj. 2.24907e+06 iterations 2
Cbc0038I Pass  14: suminf.    0.29372 (1) obj. 2.24907e+06 iterations 2
Cbc0038I Pass  15: suminf.    0.18014 (1) obj. 2.24907e+06 iterations 1
Cbc0038I Pass  16: suminf.    0.98793 (3) obj. 2.24907e+06 iterations 10
Cbc0038I Pass  17: suminf.    0.35075 (2) obj. 2.24907e+06 iterations 4
Cbc0038I Pass  18: suminf.    0.23717 (2) obj. 2.24907e+06 iterations 2
Cbc0038I Pass  19: suminf.    0.29372 (1) obj. 2.24907e+06 iterations 2
Cbc0038I Pass  20: suminf.    0.18014 (1) obj. 2.24907e+06 iterations 1
Cbc0038I Pass  21: suminf.    0.63384 (5) obj. 2.24907e+06 iterations 9
Cbc0038I Pass  22: suminf.    0.46607 (4) obj. 2.24907e+06 iterations 2
Cbc0038I Pass  23: suminf.    0.29372 (2) obj. 2.24907e+06 iterations 7
Cbc0038I Pass  24: suminf.    0.12596 (1) obj. 2.24907e+06 iterations 2
Cbc0038I Pass  25: suminf.    1.21677 (7) obj. 2.24907e+06 iterations 20
Cbc0038I Pass  26: suminf.    0.93939 (5) obj. 2.24907e+06 iterations 2
Cbc0038I Pass  27: suminf.    1.11716 (3) obj. 2.24907e+06 iterations 8
Cbc0038I Pass  28: suminf.    1.11716 (3) obj. 2.24907e+06 iterations 0
Cbc0038I Pass  29: suminf.    1.06910 (3) obj. 2.24907e+06 iterations 6
Cbc0038I Pass  30: suminf.    0.99088 (3) obj. 2.24907e+06 iterations 1
Cbc0038I Pass  31: suminf.    0.99088 (3) obj. 2.24907e+06 iterations 1
Cbc0038I Pass  32: suminf.    1.11716 (3) obj. 2.24907e+06 iterations 7
Cbc0038I Pass  33: suminf.    1.11716 (3) obj. 2.24907e+06 iterations 1
Cbc0038I No solution found this major pass
Cbc0038I Before mini branch and bound, 3 integers at bound fixed and 71 continuous
Cbc0038I Full problem 115 rows 159 columns, reduced to 17 rows 22 columns
Cbc0038I Mini branch and bound did not improve solution (0.04 seconds)
Cbc0038I After 0.04 seconds - Feasibility pump exiting with objective of 2.2491e+06 - took 0.03 seconds
Cbc0012I Integer solution of 2249099.7 found by feasibility pump after 0 iterations and 0 nodes (0.04 seconds)
Cbc0038I Full problem 115 rows 159 columns, reduced to 71 rows 112 columns
Cbc0031I 11 added rows had average density of 11.636364
Cbc0013I At root node, 16 cuts changed objective from 2248953.5 to 2249099.7 in 6 passes
Cbc0014I Cut generator 0 (Probing) - 1 row cuts average 2.0 elements, 1 column cuts (1 active)  in 0.002 seconds - new frequency is 1
Cbc0014I Cut generator 1 (Gomory) - 21 row cuts average 16.8 elements, 0 column cuts (0 active)  in 0.000 seconds - new frequency is 1
Cbc0014I Cut generator 2 (Knapsack) - 0 row cuts average 0.0 elements, 0 column cuts (0 active)  in 0.000 seconds - new frequency is -100
Cbc0014I Cut generator 3 (Clique) - 0 row cuts average 0.0 elements, 0 column cuts (0 active)  in 0.000 seconds - new frequency is -100
Cbc0014I Cut generator 4 (MixedIntegerRounding2) - 4 row cuts average 4.3 elements, 0 column cuts (0 active)  in 0.002 seconds - new frequency is 1
Cbc0014I Cut generator 5 (FlowCover) - 0 row cuts average 0.0 elements, 0 column cuts (0 active)  in 0.000 seconds - new frequency is -100
Cbc0014I Cut generator 6 (TwoMirCuts) - 21 row cuts average 12.5 elements, 0 column cuts (0 active)  in 0.002 seconds - new frequency is -100
Cbc0001I Search completed - best objective 2249099.739444989, took 40 iterations and 0 nodes (0.06 seconds)
Cbc0035I Maximum depth 0, 0 variables fixed on reduced cost
Cuts at root node changed objective from 2.24895e+06 to 2.2491e+06
Probing was tried 6 times and created 2 cuts of which 0 were active after adding rounds of cuts (0.002 seconds)
Gomory was tried 6 times and created 21 cuts of which 0 were active after adding rounds of cuts (0.000 seconds)
Knapsack was tried 6 times and created 0 cuts of which 0 were active after adding rounds of cuts (0.000 seconds)
Clique was tried 6 times and created 0 cuts of which 0 were active after adding rounds of cuts (0.000 seconds)
MixedIntegerRounding2 was tried 6 times and created 4 cuts of which 0 were active after adding rounds of cuts (0.002 seconds)
FlowCover was tried 6 times and created 0 cuts of which 0 were active after adding rounds of cuts (0.000 seconds)
TwoMirCuts was tried 6 times and created 21 cuts of which 0 were active after adding rounds of cuts (0.002 seconds)
ZeroHalf was tried 1 times and created 0 cuts of which 0 were active after adding rounds of cuts (0.000 seconds)

Result - Optimal solution found

Objective value:                2249099.73944499
Enumerated nodes:               0
Total iterations:               40
Time (CPU seconds):             0.06
Time (Wallclock seconds):       0.06

Option for printingOptions changed from normal to all
Total time (CPU seconds):       0.09   (Wallclock seconds):       0.09

