Welcome to the CBC MILP Solver 
Version: 2.10.3 
Build Date: Dec 15 2019 

command line - E:\dachuang\.venv\Lib\site-packages\pulp\apis\../solverdir/cbc/win/i64/cbc.exe model.mps -primalTolerance 1e-9 -integerTolerance 1e-9 -ratioGap 0 -allowableGap 0 -threads 0 -branch -printingOptions all -solution solution.txt -saveSolution solution.bin -quit (default strategy 1)
At line 2 NAME          MODEL
At line 3 ROWS
At line 317 COLUMNS
At line 1133 RHS
At line 1446 BOUNDS
At line 1521 ENDATA
Problem MODEL has 312 rows, 241 columns and 647 elements
Coin0008I MODEL read with 0 errors
primalTolerance was changed from 1e-07 to 1e-09
integerTolerance was changed from 1e-07 to 1e-09
ratioGap was changed from 0 to 0
allowableGap was changed from 1e-10 to 0
Continuous objective value is 2.73695e+06 - 0.00 seconds
Cgl0003I 0 fixed, 0 tightened bounds, 3 strengthened rows, 0 substitutions
Cgl0004I processed model has 114 rows, 156 columns (24 integer (24 of which binary)) and 330 elements
Cbc0038I Initial state - 14 integers unsatisfied sum - 3.96407
Cbc0038I Pass   1: suminf.    0.00000 (0) obj. 2.79638e+06 iterations 20
Cbc0038I Solution found of 2.79638e+06
Cbc0038I Relaxing continuous gives 2.7875e+06
Cbc0038I Before mini branch and bound, 10 integers at bound fixed and 79 continuous
Cbc0038I Full problem 114 rows 156 columns, reduced to 11 rows 12 columns
Cbc0038I Mini branch and bound improved solution from 2.7875e+06 to 2.73767e+06 (0.01 seconds)
Cbc0038I Freeing continuous variables gives a solution of 2.73767e+06
Cbc0038I Round again with cutoff of 2.7376e+06
Cbc0038I Pass   2: suminf.    0.58830 (4) obj. 2.7376e+06 iterations 19
Cbc0038I Pass   3: suminf.    0.00000 (0) obj. 2.7376e+06 iterations 17
Cbc0038I Solution found of 2.7376e+06
Cbc0038I Relaxing continuous gives 2.73744e+06
Cbc0038I Before mini branch and bound, 10 integers at bound fixed and 76 continuous
Cbc0038I Full problem 114 rows 156 columns, reduced to 24 rows 30 columns
Cbc0038I Mini branch and bound improved solution from 2.73744e+06 to 2.73716e+06 (0.02 seconds)
Cbc0038I Freeing continuous variables gives a solution of 2.73716e+06
Cbc0038I Round again with cutoff of 2.73712e+06
Cbc0038I Pass   4: suminf.    0.71123 (7) obj. 2.73712e+06 iterations 12
Cbc0038I Pass   5: suminf.    0.71123 (6) obj. 2.73712e+06 iterations 8
Cbc0038I Pass   6: suminf.    0.37374 (1) obj. 2.73712e+06 iterations 10
Cbc0038I Pass   7: suminf.    0.17163 (1) obj. 2.73712e+06 iterations 1
Cbc0038I Pass   8: suminf.    0.77946 (2) obj. 2.73712e+06 iterations 7
Cbc0038I Pass   9: suminf.    0.17163 (1) obj. 2.73712e+06 iterations 5
Cbc0038I Pass  10: suminf.    0.37374 (1) obj. 2.73712e+06 iterations 1
Cbc0038I Pass  11: suminf.    0.50285 (3) obj. 2.73712e+06 iterations 5
Cbc0038I Pass  12: suminf.    0.19463 (2) obj. 2.73712e+06 iterations 1
Cbc0038I Pass  13: suminf.    0.37374 (1) obj. 2.73712e+06 iterations 2
Cbc0038I Pass  14: suminf.    0.17163 (1) obj. 2.73712e+06 iterations 1
Cbc0038I Pass  15: suminf.    0.83137 (4) obj. 2.73712e+06 iterations 13
Cbc0038I Pass  16: suminf.    0.74376 (3) obj. 2.73712e+06 iterations 3
Cbc0038I Pass  17: suminf.    0.56887 (2) obj. 2.73712e+06 iterations 3
Cbc0038I Pass  18: suminf.    0.52876 (2) obj. 2.73712e+06 iterations 2
Cbc0038I Pass  19: suminf.    1.15220 (6) obj. 2.73712e+06 iterations 18
Cbc0038I Pass  20: suminf.    0.57651 (4) obj. 2.73712e+06 iterations 7
Cbc0038I Pass  21: suminf.    0.43113 (2) obj. 2.73712e+06 iterations 9
Cbc0038I Pass  22: suminf.    0.47124 (2) obj. 2.73712e+06 iterations 2
Cbc0038I Pass  23: suminf.    1.45214 (7) obj. 2.73712e+06 iterations 17
Cbc0038I Pass  24: suminf.    0.84149 (5) obj. 2.73712e+06 iterations 3
Cbc0038I Pass  25: suminf.    1.32688 (4) obj. 2.73712e+06 iterations 11
Cbc0038I Pass  26: suminf.    0.67773 (5) obj. 2.73712e+06 iterations 2
Cbc0038I Pass  27: suminf.    1.42524 (4) obj. 2.73712e+06 iterations 8
Cbc0038I Pass  28: suminf.    1.42524 (4) obj. 2.73712e+06 iterations 2
Cbc0038I Pass  29: suminf.    1.33238 (3) obj. 2.73712e+06 iterations 9
Cbc0038I Pass  30: suminf.    0.68323 (3) obj. 2.73712e+06 iterations 1
Cbc0038I Pass  31: suminf.    0.68323 (4) obj. 2.73712e+06 iterations 9
Cbc0038I Pass  32: suminf.    0.68323 (3) obj. 2.73712e+06 iterations 1
Cbc0038I Pass  33: suminf.    0.68323 (4) obj. 2.73712e+06 iterations 4
Cbc0038I No solution found this major pass
Cbc0038I Before mini branch and bound, 3 integers at bound fixed and 67 continuous
Cbc0038I Full problem 114 rows 156 columns, reduced to 28 rows 39 columns
Cbc0038I Mini branch and bound did not improve solution (0.03 seconds)
Cbc0038I After 0.03 seconds - Feasibility pump exiting with objective of 2.73716e+06 - took 0.03 seconds
Cbc0012I Integer solution of 2737155.6 found by feasibility pump after 0 iterations and 0 nodes (0.03 seconds)
Cbc0038I Full problem 114 rows 156 columns, reduced to 86 rows 124 columns
Cbc0031I 16 added rows had average density of 22.625
Cbc0013I At root node, 16 cuts changed objective from 2736975.8 to 2737092.4 in 100 passes
Cbc0014I Cut generator 0 (Probing) - 14 row cuts average 2.0 elements, 0 column cuts (0 active)  in 0.005 seconds - new frequency is -100
Cbc0014I Cut generator 1 (Gomory) - 406 row cuts average 46.4 elements, 0 column cuts (0 active)  in 0.016 seconds - new frequency is 1
Cbc0014I Cut generator 2 (Knapsack) - 0 row cuts average 0.0 elements, 0 column cuts (0 active)  in 0.015 seconds - new frequency is -100
Cbc0014I Cut generator 3 (Clique) - 0 row cuts average 0.0 elements, 0 column cuts (0 active)  in 0.001 seconds - new frequency is -100
Cbc0014I Cut generator 4 (MixedIntegerRounding2) - 24 row cuts average 4.8 elements, 0 column cuts (0 active)  in 0.006 seconds - new frequency is -100
Cbc0014I Cut generator 5 (FlowCover) - 0 row cuts average 0.0 elements, 0 column cuts (0 active)  in 0.018 seconds - new frequency is -100
Cbc0014I Cut generator 6 (TwoMirCuts) - 34 row cuts average 11.6 elements, 0 column cuts (0 active)  in 0.006 seconds - new frequency is -100
Cbc0010I After 0 nodes, 1 on tree, 2737155.6 best solution, best possible 2737092.4 (0.17 seconds)
Cbc0001I Search completed - best objective 2737155.570091985, took 1125 iterations and 10 nodes (0.19 seconds)
Cbc0032I Strong branching done 38 times (185 iterations), fathomed 1 nodes and fixed 2 variables
Cbc0035I Maximum depth 3, 0 variables fixed on reduced cost
Cuts at root node changed objective from 2.73698e+06 to 2.73709e+06
Probing was tried 100 times and created 14 cuts of which 0 were active after adding rounds of cuts (0.005 seconds)
Gomory was tried 116 times and created 426 cuts of which 0 were active after adding rounds of cuts (0.017 seconds)
Knapsack was tried 100 times and created 0 cuts of which 0 were active after adding rounds of cuts (0.015 seconds)
Clique was tried 100 times and created 0 cuts of which 0 were active after adding rounds of cuts (0.001 seconds)
MixedIntegerRounding2 was tried 100 times and created 24 cuts of which 0 were active after adding rounds of cuts (0.006 seconds)
FlowCover was tried 100 times and created 0 cuts of which 0 were active after adding rounds of cuts (0.018 seconds)
TwoMirCuts was tried 100 times and created 34 cuts of which 0 were active after adding rounds of cuts (0.006 seconds)
ZeroHalf was tried 1 times and created 0 cuts of which 0 were active after adding rounds of cuts (0.000 seconds)

Result - Optimal solution found

Objective value:                2737155.57009198
Enumerated nodes:               10
Total iterations:               1125
Time (CPU seconds):             0.19
Time (Wallclock seconds):       0.19

Option for printingOptions changed from normal to all
Total time (CPU seconds):       0.22   (Wallclock seconds):       0.22

