Welcome to the CBC MILP Solver 
Version: 2.10.3 
Build Date: Dec 15 2019 

command line - E:\dachuang\.venv\Lib\site-packages\pulp\apis\../solverdir/cbc/win/i64/cbc.exe model.mps -primalTolerance 1e-9 -integerTolerance 1e-9 -ratioGap 0 -allowableGap 0 -threads 0 -branch -printingOptions all -solution solution.txt -saveSolution solution.bin -quit (default strategy 1)
At line 2 NAME          MODEL
At line 3 ROWS
At line 317 COLUMNS
At line 1133 RHS
At line 1446 BOUNDS
At line 1521 ENDATA
Problem MODEL has 312 rows, 241 columns and 647 elements
Coin0008I MODEL read with 0 errors
primalTolerance was changed from 1e-07 to 1e-09
integerTolerance was changed from 1e-07 to 1e-09
ratioGap was changed from 0 to 0
allowableGap was changed from 1e-10 to 0
Continuous objective value is 3.10392e+06 - 0.00 seconds
Cgl0003I 0 fixed, 0 tightened bounds, 2 strengthened rows, 0 substitutions
Cgl0004I processed model has 114 rows, 157 columns (24 integer (24 of which binary)) and 331 elements
Cbc0038I Initial state - 8 integers unsatisfied sum - 2.70965
Cbc0038I Pass   1: suminf.    0.00000 (0) obj. 3.1489e+06 iterations 11
Cbc0038I Solution found of 3.1489e+06
Cbc0038I Relaxing continuous gives 3.14436e+06
Cbc0038I Before mini branch and bound, 16 integers at bound fixed and 94 continuous
Cbc0038I Full problem 114 rows 157 columns, reduced to 11 rows 12 columns
Cbc0038I Mini branch and bound improved solution from 3.14436e+06 to 3.1044e+06 (0.01 seconds)
Cbc0038I Round again with cutoff of 3.10435e+06
Cbc0038I Pass   2: suminf.    0.47857 (2) obj. 3.10435e+06 iterations 4
Cbc0038I Pass   3: suminf.    0.00000 (0) obj. 3.10435e+06 iterations 12
Cbc0038I Solution found of 3.10435e+06
Cbc0038I Relaxing continuous gives 3.10432e+06
Cbc0038I Before mini branch and bound, 16 integers at bound fixed and 88 continuous
Cbc0038I Full problem 114 rows 157 columns, reduced to 18 rows 24 columns
Cbc0038I Mini branch and bound improved solution from 3.10432e+06 to 3.10416e+06 (0.01 seconds)
Cbc0038I Round again with cutoff of 3.10411e+06
Cbc0038I Pass   4: suminf.    1.06438 (3) obj. 3.10411e+06 iterations 4
Cbc0038I Pass   5: suminf.    0.73401 (2) obj. 3.10411e+06 iterations 8
Cbc0038I Pass   6: suminf.    0.48331 (2) obj. 3.10411e+06 iterations 2
Cbc0038I Pass   7: suminf.    0.46017 (1) obj. 3.10411e+06 iterations 3
Cbc0038I Pass   8: suminf.    0.20946 (1) obj. 3.10411e+06 iterations 2
Cbc0038I Pass   9: suminf.    0.30696 (1) obj. 3.10411e+06 iterations 10
Cbc0038I Pass  10: suminf.    0.32617 (1) obj. 3.10411e+06 iterations 1
Cbc0038I Pass  11: suminf.    0.30696 (1) obj. 3.10411e+06 iterations 1
Cbc0038I Pass  12: suminf.    0.30696 (1) obj. 3.10411e+06 iterations 8
Cbc0038I Pass  13: suminf.    0.32617 (1) obj. 3.10411e+06 iterations 1
Cbc0038I Pass  14: suminf.    0.30696 (1) obj. 3.10411e+06 iterations 1
Cbc0038I Pass  15: suminf.    1.49529 (5) obj. 3.10411e+06 iterations 13
Cbc0038I Pass  16: suminf.    1.24728 (5) obj. 3.10411e+06 iterations 1
Cbc0038I Pass  17: suminf.    1.24728 (5) obj. 3.10411e+06 iterations 0
Cbc0038I Pass  18: suminf.    1.10967 (3) obj. 3.10411e+06 iterations 6
Cbc0038I Pass  19: suminf.    0.83944 (3) obj. 3.10411e+06 iterations 3
Cbc0038I Pass  20: suminf.    0.83944 (3) obj. 3.10411e+06 iterations 0
Cbc0038I Pass  21: suminf.    0.83944 (3) obj. 3.10411e+06 iterations 6
Cbc0038I Pass  22: suminf.    1.10967 (3) obj. 3.10411e+06 iterations 7
Cbc0038I Pass  23: suminf.    0.83944 (3) obj. 3.10411e+06 iterations 3
Cbc0038I Pass  24: suminf.    0.83944 (3) obj. 3.10411e+06 iterations 0
Cbc0038I Pass  25: suminf.    0.32617 (2) obj. 3.10411e+06 iterations 25
Cbc0038I Pass  26: suminf.    0.20946 (2) obj. 3.10411e+06 iterations 1
Cbc0038I Pass  27: suminf.    0.32617 (2) obj. 3.10411e+06 iterations 6
Cbc0038I Pass  28: suminf.    0.94768 (3) obj. 3.10411e+06 iterations 17
Cbc0038I Pass  29: suminf.    0.60001 (2) obj. 3.10411e+06 iterations 3
Cbc0038I Pass  30: suminf.    0.58081 (2) obj. 3.10411e+06 iterations 1
Cbc0038I Pass  31: suminf.    0.32617 (1) obj. 3.10411e+06 iterations 2
Cbc0038I Pass  32: suminf.    0.30696 (1) obj. 3.10411e+06 iterations 1
Cbc0038I Pass  33: suminf.    0.97309 (3) obj. 3.10411e+06 iterations 13
Cbc0038I No solution found this major pass
Cbc0038I Before mini branch and bound, 2 integers at bound fixed and 73 continuous
Cbc0038I Full problem 114 rows 157 columns, reduced to 21 rows 29 columns
Cbc0038I Mini branch and bound did not improve solution (0.03 seconds)
Cbc0038I After 0.03 seconds - Feasibility pump exiting with objective of 3.10416e+06 - took 0.02 seconds
Cbc0012I Integer solution of 3104163.3 found by feasibility pump after 0 iterations and 0 nodes (0.03 seconds)
Cbc0038I Full problem 114 rows 157 columns, reduced to 68 rows 107 columns
Cbc0031I 10 added rows had average density of 20.7
Cbc0013I At root node, 10 cuts changed objective from 3103920.1 to 3104149.9 in 100 passes
Cbc0014I Cut generator 0 (Probing) - 1 row cuts average 2.0 elements, 0 column cuts (0 active)  in 0.010 seconds - new frequency is -100
Cbc0014I Cut generator 1 (Gomory) - 266 row cuts average 34.5 elements, 0 column cuts (0 active)  in 0.007 seconds - new frequency is 1
Cbc0014I Cut generator 2 (Knapsack) - 0 row cuts average 0.0 elements, 0 column cuts (0 active)  in 0.016 seconds - new frequency is -100
Cbc0014I Cut generator 3 (Clique) - 0 row cuts average 0.0 elements, 0 column cuts (0 active)  in 0.000 seconds - new frequency is -100
Cbc0014I Cut generator 4 (MixedIntegerRounding2) - 4 row cuts average 9.3 elements, 0 column cuts (0 active)  in 0.003 seconds - new frequency is -100
Cbc0014I Cut generator 5 (FlowCover) - 1 row cuts average 2.0 elements, 0 column cuts (0 active)  in 0.012 seconds - new frequency is -100
Cbc0014I Cut generator 6 (TwoMirCuts) - 21 row cuts average 14.6 elements, 0 column cuts (0 active)  in 0.007 seconds - new frequency is -100
Cbc0010I After 0 nodes, 1 on tree, 3104163.3 best solution, best possible 3104149.9 (0.14 seconds)
Cbc0001I Search completed - best objective 3104163.261772746, took 747 iterations and 2 nodes (0.15 seconds)
Cbc0032I Strong branching done 12 times (51 iterations), fathomed 1 nodes and fixed 1 variables
Cbc0035I Maximum depth 0, 0 variables fixed on reduced cost
Cuts at root node changed objective from 3.10392e+06 to 3.10415e+06
Probing was tried 100 times and created 1 cuts of which 0 were active after adding rounds of cuts (0.010 seconds)
Gomory was tried 105 times and created 271 cuts of which 0 were active after adding rounds of cuts (0.007 seconds)
Knapsack was tried 100 times and created 0 cuts of which 0 were active after adding rounds of cuts (0.016 seconds)
Clique was tried 100 times and created 0 cuts of which 0 were active after adding rounds of cuts (0.000 seconds)
MixedIntegerRounding2 was tried 100 times and created 4 cuts of which 0 were active after adding rounds of cuts (0.003 seconds)
FlowCover was tried 100 times and created 1 cuts of which 0 were active after adding rounds of cuts (0.012 seconds)
TwoMirCuts was tried 100 times and created 21 cuts of which 0 were active after adding rounds of cuts (0.007 seconds)
ZeroHalf was tried 1 times and created 0 cuts of which 0 were active after adding rounds of cuts (0.000 seconds)

Result - Optimal solution found

Objective value:                3104163.26177275
Enumerated nodes:               2
Total iterations:               747
Time (CPU seconds):             0.15
Time (Wallclock seconds):       0.15

Option for printingOptions changed from normal to all
Total time (CPU seconds):       0.18   (Wallclock seconds):       0.18

