Welcome to the CBC MILP Solver 
Version: 2.10.3 
Build Date: Dec 15 2019 

command line - E:\dachuang\.venv\Lib\site-packages\pulp\apis\../solverdir/cbc/win/i64/cbc.exe model.mps -primalTolerance 1e-9 -integerTolerance 1e-9 -ratioGap 0 -allowableGap 0 -threads 0 -branch -printingOptions all -solution solution.txt -saveSolution solution.bin -quit (default strategy 1)
At line 2 NAME          MODEL
At line 3 ROWS
At line 317 COLUMNS
At line 1133 RHS
At line 1446 BOUNDS
At line 1521 ENDATA
Problem MODEL has 312 rows, 241 columns and 647 elements
Coin0008I MODEL read with 0 errors
primalTolerance was changed from 1e-07 to 1e-09
integerTolerance was changed from 1e-07 to 1e-09
ratioGap was changed from 0 to 0
allowableGap was changed from 1e-10 to 0
Continuous objective value is 2.10383e+06 - 0.00 seconds
Cgl0003I 0 fixed, 0 tightened bounds, 3 strengthened rows, 0 substitutions
Cgl0004I processed model has 115 rows, 152 columns (24 integer (24 of which binary)) and 329 elements
Cbc0038I Initial state - 9 integers unsatisfied sum - 2.71322
Cbc0038I Pass   1: suminf.    0.00000 (0) obj. 2.11581e+06 iterations 15
Cbc0038I Solution found of 2.11581e+06
Cbc0038I Relaxing continuous gives 2.11544e+06
Cbc0038I Before mini branch and bound, 15 integers at bound fixed and 79 continuous
Cbc0038I Full problem 115 rows 152 columns, reduced to 11 rows 13 columns
Cbc0038I Mini branch and bound improved solution from 2.11544e+06 to 2.10444e+06 (0.01 seconds)
Cbc0038I Freeing continuous variables gives a solution of 2.10444e+06
Cbc0038I Round again with cutoff of 2.10438e+06
Cbc0038I Pass   2: suminf.    0.33370 (3) obj. 2.10438e+06 iterations 5
Cbc0038I Pass   3: suminf.    0.00000 (0) obj. 2.10438e+06 iterations 14
Cbc0038I Solution found of 2.10438e+06
Cbc0038I Relaxing continuous gives 2.10428e+06
Cbc0038I Before mini branch and bound, 14 integers at bound fixed and 75 continuous
Cbc0038I Full problem 115 rows 152 columns, reduced to 22 rows 29 columns
Cbc0038I Mini branch and bound improved solution from 2.10428e+06 to 2.104e+06 (0.02 seconds)
Cbc0038I Freeing continuous variables gives a solution of 2.104e+06
Cbc0038I Round again with cutoff of 2.10397e+06
Cbc0038I Pass   4: suminf.    0.52591 (6) obj. 2.10397e+06 iterations 6
Cbc0038I Pass   5: suminf.    0.52274 (5) obj. 2.10397e+06 iterations 3
Cbc0038I Pass   6: suminf.    0.21292 (1) obj. 2.10397e+06 iterations 11
Cbc0038I Pass   7: suminf.    0.14276 (1) obj. 2.10397e+06 iterations 1
Cbc0038I Pass   8: suminf.    0.15889 (2) obj. 2.10397e+06 iterations 2
Cbc0038I Pass   9: suminf.    0.21292 (1) obj. 2.10397e+06 iterations 2
Cbc0038I Pass  10: suminf.    0.14276 (1) obj. 2.10397e+06 iterations 1
Cbc0038I Pass  11: suminf.    0.51447 (2) obj. 2.10397e+06 iterations 9
Cbc0038I Pass  12: suminf.    0.21292 (1) obj. 2.10397e+06 iterations 4
Cbc0038I Pass  13: suminf.    0.14276 (1) obj. 2.10397e+06 iterations 1
Cbc0038I Pass  14: suminf.    0.65824 (4) obj. 2.10397e+06 iterations 10
Cbc0038I Pass  15: suminf.    0.59484 (4) obj. 2.10397e+06 iterations 3
Cbc0038I Pass  16: suminf.    0.21292 (1) obj. 2.10397e+06 iterations 6
Cbc0038I Pass  17: suminf.    0.14276 (1) obj. 2.10397e+06 iterations 2
Cbc0038I Pass  18: suminf.    1.38482 (5) obj. 2.10397e+06 iterations 16
Cbc0038I Pass  19: suminf.    0.14276 (1) obj. 2.10397e+06 iterations 7
Cbc0038I Pass  20: suminf.    0.21292 (1) obj. 2.10397e+06 iterations 3
Cbc0038I Pass  21: suminf.    0.23761 (4) obj. 2.10397e+06 iterations 18
Cbc0038I Pass  22: suminf.    0.41384 (1) obj. 2.10397e+06 iterations 7
Cbc0038I Pass  23: suminf.    0.14276 (1) obj. 2.10397e+06 iterations 9
Cbc0038I Pass  24: suminf.    0.21292 (1) obj. 2.10397e+06 iterations 3
Cbc0038I Pass  25: suminf.    1.55972 (8) obj. 2.10397e+06 iterations 18
Cbc0038I Pass  26: suminf.    0.91058 (7) obj. 2.10397e+06 iterations 2
Cbc0038I Pass  27: suminf.    0.49792 (1) obj. 2.10397e+06 iterations 10
Cbc0038I Pass  28: suminf.    0.44237 (2) obj. 2.10397e+06 iterations 2
Cbc0038I Pass  29: suminf.    1.09151 (4) obj. 2.10397e+06 iterations 5
Cbc0038I Pass  30: suminf.    0.44237 (3) obj. 2.10397e+06 iterations 3
Cbc0038I Pass  31: suminf.    1.27630 (7) obj. 2.10397e+06 iterations 15
Cbc0038I Pass  32: suminf.    0.81408 (4) obj. 2.10397e+06 iterations 3
Cbc0038I Pass  33: suminf.    0.21292 (1) obj. 2.10397e+06 iterations 17
Cbc0038I No solution found this major pass
Cbc0038I Before mini branch and bound, 2 integers at bound fixed and 59 continuous
Cbc0038I Full problem 115 rows 152 columns, reduced to 23 rows 33 columns
Cbc0038I Mini branch and bound improved solution from 2.104e+06 to 2.10398e+06 (0.03 seconds)
Cbc0038I Freeing continuous variables gives a solution of 2.10398e+06
Cbc0038I Round again with cutoff of 2.10394e+06
Cbc0038I Pass  33: suminf.    0.69405 (7) obj. 2.10394e+06 iterations 2
Cbc0038I Pass  34: suminf.    0.69405 (5) obj. 2.10394e+06 iterations 5
Cbc0038I Pass  35: suminf.    0.36753 (1) obj. 2.10394e+06 iterations 14
Cbc0038I Pass  36: suminf.    0.31408 (1) obj. 2.10394e+06 iterations 2
Cbc0038I Pass  37: suminf.    0.33020 (2) obj. 2.10394e+06 iterations 5
Cbc0038I Pass  38: suminf.    0.36753 (1) obj. 2.10394e+06 iterations 3
Cbc0038I Pass  39: suminf.    0.31408 (1) obj. 2.10394e+06 iterations 2
Cbc0038I Pass  40: suminf.    1.29683 (6) obj. 2.10394e+06 iterations 12
Cbc0038I Pass  41: suminf.    0.64768 (6) obj. 2.10394e+06 iterations 1
Cbc0038I Pass  42: suminf.    0.69066 (4) obj. 2.10394e+06 iterations 12
Cbc0038I Pass  43: suminf.    0.61368 (3) obj. 2.10394e+06 iterations 9
Cbc0038I Pass  44: suminf.    0.61539 (2) obj. 2.10394e+06 iterations 7
Cbc0038I Pass  45: suminf.    0.61368 (2) obj. 2.10394e+06 iterations 1
Cbc0038I Pass  46: suminf.    1.26283 (4) obj. 2.10394e+06 iterations 5
Cbc0038I Pass  47: suminf.    0.63155 (3) obj. 2.10394e+06 iterations 16
Cbc0038I Pass  48: suminf.    1.26283 (4) obj. 2.10394e+06 iterations 6
Cbc0038I Pass  49: suminf.    0.61368 (3) obj. 2.10394e+06 iterations 2
Cbc0038I Pass  50: suminf.    0.61539 (2) obj. 2.10394e+06 iterations 7
Cbc0038I Pass  51: suminf.    0.61368 (2) obj. 2.10394e+06 iterations 1
Cbc0038I Pass  52: suminf.    0.61368 (2) obj. 2.10394e+06 iterations 7
Cbc0038I Pass  53: suminf.    1.26283 (4) obj. 2.10394e+06 iterations 5
Cbc0038I Pass  54: suminf.    0.61368 (3) obj. 2.10394e+06 iterations 2
Cbc0038I Pass  55: suminf.    0.61539 (2) obj. 2.10394e+06 iterations 5
Cbc0038I Pass  56: suminf.    0.61368 (2) obj. 2.10394e+06 iterations 1
Cbc0038I Pass  57: suminf.    1.50349 (5) obj. 2.10394e+06 iterations 10
Cbc0038I Pass  58: suminf.    0.61368 (4) obj. 2.10394e+06 iterations 6
Cbc0038I Pass  59: suminf.    0.61368 (3) obj. 2.10394e+06 iterations 1
Cbc0038I Pass  60: suminf.    0.61539 (2) obj. 2.10394e+06 iterations 6
Cbc0038I Pass  61: suminf.    0.61368 (2) obj. 2.10394e+06 iterations 1
Cbc0038I Pass  62: suminf.    1.26283 (4) obj. 2.10394e+06 iterations 5
Cbc0038I No solution found this major pass
Cbc0038I Before mini branch and bound, 4 integers at bound fixed and 61 continuous
Cbc0038I Full problem 115 rows 152 columns, reduced to 22 rows 30 columns
Cbc0038I Mini branch and bound did not improve solution (0.04 seconds)
Cbc0038I After 0.04 seconds - Feasibility pump exiting with objective of 2.10398e+06 - took 0.04 seconds
Cbc0012I Integer solution of 2103977.7 found by feasibility pump after 0 iterations and 0 nodes (0.04 seconds)
Cbc0038I Full problem 115 rows 152 columns, reduced to 77 rows 111 columns
Cbc0031I 11 added rows had average density of 22.454545
Cbc0013I At root node, 11 cuts changed objective from 2103853.9 to 2103923.2 in 100 passes
Cbc0014I Cut generator 0 (Probing) - 11 row cuts average 2.0 elements, 2 column cuts (2 active)  in 0.009 seconds - new frequency is -100
Cbc0014I Cut generator 1 (Gomory) - 399 row cuts average 36.5 elements, 0 column cuts (0 active)  in 0.013 seconds - new frequency is 1
Cbc0014I Cut generator 2 (Knapsack) - 0 row cuts average 0.0 elements, 0 column cuts (0 active)  in 0.017 seconds - new frequency is -100
Cbc0014I Cut generator 3 (Clique) - 0 row cuts average 0.0 elements, 0 column cuts (0 active)  in 0.001 seconds - new frequency is -100
Cbc0014I Cut generator 4 (MixedIntegerRounding2) - 4 row cuts average 6.0 elements, 0 column cuts (0 active)  in 0.010 seconds - new frequency is -100
Cbc0014I Cut generator 5 (FlowCover) - 0 row cuts average 0.0 elements, 0 column cuts (0 active)  in 0.023 seconds - new frequency is -100
Cbc0014I Cut generator 6 (TwoMirCuts) - 28 row cuts average 9.2 elements, 0 column cuts (0 active)  in 0.002 seconds - new frequency is -100
Cbc0010I After 0 nodes, 1 on tree, 2103977.7 best solution, best possible 2103923.2 (0.20 seconds)
Cbc0001I Search completed - best objective 2103977.666366249, took 1161 iterations and 6 nodes (0.21 seconds)
Cbc0032I Strong branching done 30 times (114 iterations), fathomed 3 nodes and fixed 1 variables
Cbc0035I Maximum depth 1, 1 variables fixed on reduced cost
Cuts at root node changed objective from 2.10385e+06 to 2.10392e+06
Probing was tried 100 times and created 13 cuts of which 0 were active after adding rounds of cuts (0.009 seconds)
Gomory was tried 133 times and created 452 cuts of which 0 were active after adding rounds of cuts (0.014 seconds)
Knapsack was tried 100 times and created 0 cuts of which 0 were active after adding rounds of cuts (0.017 seconds)
Clique was tried 100 times and created 0 cuts of which 0 were active after adding rounds of cuts (0.001 seconds)
MixedIntegerRounding2 was tried 100 times and created 4 cuts of which 0 were active after adding rounds of cuts (0.010 seconds)
FlowCover was tried 100 times and created 0 cuts of which 0 were active after adding rounds of cuts (0.023 seconds)
TwoMirCuts was tried 100 times and created 28 cuts of which 0 were active after adding rounds of cuts (0.002 seconds)
ZeroHalf was tried 1 times and created 0 cuts of which 0 were active after adding rounds of cuts (0.000 seconds)

Result - Optimal solution found

Objective value:                2103977.66636625
Enumerated nodes:               6
Total iterations:               1161
Time (CPU seconds):             0.22
Time (Wallclock seconds):       0.22

Option for printingOptions changed from normal to all
Total time (CPU seconds):       0.24   (Wallclock seconds):       0.24

