Welcome to the CBC MILP Solver 
Version: 2.10.3 
Build Date: Dec 15 2019 

command line - E:\dachuang\.venv\Lib\site-packages\pulp\apis\../solverdir/cbc/win/i64/cbc.exe model.mps -primalTolerance 1e-9 -integerTolerance 1e-9 -ratioGap 0 -allowableGap 0 -threads 0 -branch -printingOptions all -solution solution.txt -saveSolution solution.bin -quit (default strategy 1)
At line 2 NAME          MODEL
At line 3 ROWS
At line 317 COLUMNS
At line 1133 RHS
At line 1446 BOUNDS
At line 1521 ENDATA
Problem MODEL has 312 rows, 241 columns and 647 elements
Coin0008I MODEL read with 0 errors
primalTolerance was changed from 1e-07 to 1e-09
integerTolerance was changed from 1e-07 to 1e-09
ratioGap was changed from 0 to 0
allowableGap was changed from 1e-10 to 0
Continuous objective value is 1.2216e+06 - 0.00 seconds
Cgl0003I 0 fixed, 0 tightened bounds, 2 strengthened rows, 0 substitutions
Cgl0004I processed model has 118 rows, 165 columns (24 integer (24 of which binary)) and 351 elements
Cbc0038I Initial state - 11 integers unsatisfied sum - 4.43568
Cbc0038I Pass   1: suminf.    0.00000 (0) obj. 1.46545e+06 iterations 19
Cbc0038I Solution found of 1.46545e+06
Cbc0038I Relaxing continuous gives 1.39801e+06
Cbc0038I Before mini branch and bound, 13 integers at bound fixed and 81 continuous
Cbc0038I Full problem 118 rows 165 columns, reduced to 18 rows 23 columns
Cbc0038I Mini branch and bound improved solution from 1.39801e+06 to 1.22219e+06 (0.01 seconds)
Cbc0038I Round again with cutoff of 1.22213e+06
Cbc0038I Pass   2: suminf.    1.50028 (5) obj. 1.22213e+06 iterations 21
Cbc0038I Pass   3: suminf.    0.00000 (0) obj. 1.22213e+06 iterations 16
Cbc0038I Solution found of 1.22213e+06
Cbc0038I Relaxing continuous gives 1.22208e+06
Cbc0038I Before mini branch and bound, 12 integers at bound fixed and 81 continuous
Cbc0038I Full problem 118 rows 165 columns, reduced to 20 rows 28 columns
Cbc0038I Mini branch and bound improved solution from 1.22208e+06 to 1.22184e+06 (0.02 seconds)
Cbc0038I Round again with cutoff of 1.22179e+06
Cbc0038I Pass   4: suminf.    1.60542 (7) obj. 1.22179e+06 iterations 5
Cbc0038I Pass   5: suminf.    1.57334 (5) obj. 1.22179e+06 iterations 3
Cbc0038I Pass   6: suminf.    0.34418 (2) obj. 1.22179e+06 iterations 9
Cbc0038I Pass   7: suminf.    0.81539 (4) obj. 1.22179e+06 iterations 7
Cbc0038I Pass   8: suminf.    0.86078 (3) obj. 1.22179e+06 iterations 8
Cbc0038I Pass   9: suminf.    0.21164 (3) obj. 1.22179e+06 iterations 1
Cbc0038I Pass  10: suminf.    1.18461 (3) obj. 1.22179e+06 iterations 4
Cbc0038I Pass  11: suminf.    1.66239 (6) obj. 1.22179e+06 iterations 7
Cbc0038I Pass  12: suminf.    1.19389 (5) obj. 1.22179e+06 iterations 2
Cbc0038I Pass  13: suminf.    1.12493 (4) obj. 1.22179e+06 iterations 4
Cbc0038I Pass  14: suminf.    0.68918 (4) obj. 1.22179e+06 iterations 2
Cbc0038I Pass  15: suminf.    0.68918 (4) obj. 1.22179e+06 iterations 1
Cbc0038I Pass  16: suminf.    1.16039 (4) obj. 1.22179e+06 iterations 7
Cbc0038I Pass  17: suminf.    1.16039 (4) obj. 1.22179e+06 iterations 1
Cbc0038I Pass  18: suminf.    1.12493 (4) obj. 1.22179e+06 iterations 3
Cbc0038I Pass  19: suminf.    0.68918 (4) obj. 1.22179e+06 iterations 2
Cbc0038I Pass  20: suminf.    0.68918 (4) obj. 1.22179e+06 iterations 1
Cbc0038I Pass  21: suminf.    1.16039 (4) obj. 1.22179e+06 iterations 7
Cbc0038I Pass  22: suminf.    1.16039 (4) obj. 1.22179e+06 iterations 1
Cbc0038I Pass  23: suminf.    1.12493 (4) obj. 1.22179e+06 iterations 3
Cbc0038I Pass  24: suminf.    0.68918 (4) obj. 1.22179e+06 iterations 2
Cbc0038I Pass  25: suminf.    0.68918 (4) obj. 1.22179e+06 iterations 1
Cbc0038I Pass  26: suminf.    1.16039 (4) obj. 1.22179e+06 iterations 7
Cbc0038I Pass  27: suminf.    1.16039 (4) obj. 1.22179e+06 iterations 1
Cbc0038I Pass  28: suminf.    1.12493 (4) obj. 1.22179e+06 iterations 3
Cbc0038I Pass  29: suminf.    0.68918 (4) obj. 1.22179e+06 iterations 2
Cbc0038I Pass  30: suminf.    0.68918 (4) obj. 1.22179e+06 iterations 1
Cbc0038I Pass  31: suminf.    1.16039 (4) obj. 1.22179e+06 iterations 7
Cbc0038I Pass  32: suminf.    1.16039 (4) obj. 1.22179e+06 iterations 1
Cbc0038I Pass  33: suminf.    1.12493 (4) obj. 1.22179e+06 iterations 3
Cbc0038I No solution found this major pass
Cbc0038I Before mini branch and bound, 10 integers at bound fixed and 82 continuous
Cbc0038I Full problem 118 rows 165 columns, reduced to 22 rows 28 columns
Cbc0038I Mini branch and bound did not improve solution (0.03 seconds)
Cbc0038I After 0.03 seconds - Feasibility pump exiting with objective of 1.22184e+06 - took 0.02 seconds
Cbc0012I Integer solution of 1221841.4 found by feasibility pump after 0 iterations and 0 nodes (0.03 seconds)
Cbc0038I Full problem 118 rows 165 columns, reduced to 86 rows 133 columns - 2 fixed gives 82, 129 - ok now
Cbc0038I Full problem 118 rows 165 columns, reduced to 82 rows 129 columns
Cbc0012I Integer solution of 1221723.9 found by DiveCoefficient after 390 iterations and 0 nodes (0.15 seconds)
Cbc0031I 11 added rows had average density of 23.090909
Cbc0013I At root node, 11 cuts changed objective from 1221602.8 to 1221720.9 in 100 passes
Cbc0014I Cut generator 0 (Probing) - 1 row cuts average 2.0 elements, 5 column cuts (5 active)  in 0.012 seconds - new frequency is 1
Cbc0014I Cut generator 1 (Gomory) - 273 row cuts average 56.9 elements, 0 column cuts (0 active)  in 0.006 seconds - new frequency is 1
Cbc0014I Cut generator 2 (Knapsack) - 0 row cuts average 0.0 elements, 0 column cuts (0 active)  in 0.011 seconds - new frequency is -100
Cbc0014I Cut generator 3 (Clique) - 0 row cuts average 0.0 elements, 0 column cuts (0 active)  in 0.000 seconds - new frequency is -100
Cbc0014I Cut generator 4 (MixedIntegerRounding2) - 4 row cuts average 4.0 elements, 0 column cuts (0 active)  in 0.012 seconds - new frequency is -100
Cbc0014I Cut generator 5 (FlowCover) - 0 row cuts average 0.0 elements, 0 column cuts (0 active)  in 0.025 seconds - new frequency is -100
Cbc0014I Cut generator 6 (TwoMirCuts) - 25 row cuts average 22.7 elements, 0 column cuts (0 active)  in 0.003 seconds - new frequency is -100
Cbc0010I After 0 nodes, 1 on tree, 1221723.9 best solution, best possible 1221721 (0.15 seconds)
Cbc0001I Search completed - best objective 1221723.876808744, took 404 iterations and 2 nodes (0.15 seconds)
Cbc0032I Strong branching done 8 times (23 iterations), fathomed 1 nodes and fixed 2 variables
Cbc0035I Maximum depth 0, 0 variables fixed on reduced cost
Cuts at root node changed objective from 1.2216e+06 to 1.22172e+06
Probing was tried 102 times and created 6 cuts of which 0 were active after adding rounds of cuts (0.012 seconds)
Gomory was tried 102 times and created 274 cuts of which 0 were active after adding rounds of cuts (0.007 seconds)
Knapsack was tried 100 times and created 0 cuts of which 0 were active after adding rounds of cuts (0.011 seconds)
Clique was tried 100 times and created 0 cuts of which 0 were active after adding rounds of cuts (0.000 seconds)
MixedIntegerRounding2 was tried 100 times and created 4 cuts of which 0 were active after adding rounds of cuts (0.012 seconds)
FlowCover was tried 100 times and created 0 cuts of which 0 were active after adding rounds of cuts (0.025 seconds)
TwoMirCuts was tried 100 times and created 25 cuts of which 0 were active after adding rounds of cuts (0.003 seconds)
ZeroHalf was tried 1 times and created 0 cuts of which 0 were active after adding rounds of cuts (0.000 seconds)

Result - Optimal solution found

Objective value:                1221723.87680874
Enumerated nodes:               2
Total iterations:               404
Time (CPU seconds):             0.16
Time (Wallclock seconds):       0.15

Option for printingOptions changed from normal to all
Total time (CPU seconds):       0.17   (Wallclock seconds):       0.17

