Welcome to the CBC MILP Solver 
Version: 2.10.3 
Build Date: Dec 15 2019 

command line - E:\dachuang\.venv\Lib\site-packages\pulp\apis\../solverdir/cbc/win/i64/cbc.exe model.mps -primalTolerance 1e-9 -integerTolerance 1e-9 -ratioGap 0 -allowableGap 0 -threads 0 -branch -printingOptions all -solution solution.txt -saveSolution solution.bin -quit (default strategy 1)
At line 2 NAME          MODEL
At line 3 ROWS
At line 317 COLUMNS
At line 1133 RHS
At line 1446 BOUNDS
At line 1521 ENDATA
Problem MODEL has 312 rows, 241 columns and 647 elements
Coin0008I MODEL read with 0 errors
primalTolerance was changed from 1e-07 to 1e-09
integerTolerance was changed from 1e-07 to 1e-09
ratioGap was changed from 0 to 0
allowableGap was changed from 1e-10 to 0
Continuous objective value is 1.39068e+06 - 0.00 seconds
Cgl0003I 0 fixed, 0 tightened bounds, 3 strengthened rows, 0 substitutions
Cgl0004I processed model has 117 rows, 163 columns (24 integer (24 of which binary)) and 346 elements
Cbc0038I Initial state - 12 integers unsatisfied sum - 3.91756
Cbc0038I Pass   1: suminf.    0.00000 (0) obj. 1.48259e+06 iterations 21
Cbc0038I Solution found of 1.48259e+06
Cbc0038I Relaxing continuous gives 1.39208e+06
Cbc0038I Before mini branch and bound, 12 integers at bound fixed and 81 continuous
Cbc0038I Full problem 117 rows 163 columns, reduced to 8 rows 12 columns
Cbc0038I Mini branch and bound improved solution from 1.39208e+06 to 1.39109e+06 (0.01 seconds)
Cbc0038I Freeing continuous variables gives a solution of 1.39109e+06
Cbc0038I Round again with cutoff of 1.39105e+06
Cbc0038I Pass   2: suminf.    0.40474 (3) obj. 1.39105e+06 iterations 12
Cbc0038I Pass   3: suminf.    0.00000 (0) obj. 1.39105e+06 iterations 16
Cbc0038I Solution found of 1.39105e+06
Cbc0038I Relaxing continuous gives 1.391e+06
Cbc0038I Before mini branch and bound, 10 integers at bound fixed and 75 continuous
Cbc0038I Full problem 117 rows 163 columns, reduced to 15 rows 20 columns
Cbc0038I Mini branch and bound improved solution from 1.391e+06 to 1.39093e+06 (0.02 seconds)
Cbc0038I Freeing continuous variables gives a solution of 1.39093e+06
Cbc0038I Round again with cutoff of 1.39089e+06
Cbc0038I Pass   4: suminf.    0.75103 (4) obj. 1.39089e+06 iterations 5
Cbc0038I Pass   5: suminf.    0.71946 (3) obj. 1.39089e+06 iterations 1
Cbc0038I Pass   6: suminf.    0.21413 (1) obj. 1.39089e+06 iterations 14
Cbc0038I Pass   7: suminf.    0.00000 (0) obj. 1.39089e+06 iterations 6
Cbc0038I Solution found of 1.39089e+06
Cbc0038I Relaxing continuous gives 1.39088e+06
Cbc0038I Before mini branch and bound, 10 integers at bound fixed and 75 continuous
Cbc0038I Full problem 117 rows 163 columns, reduced to 16 rows 22 columns
Cbc0038I Mini branch and bound improved solution from 1.39088e+06 to 1.39085e+06 (0.02 seconds)
Cbc0038I Freeing continuous variables gives a solution of 1.39085e+06
Cbc0038I Round again with cutoff of 1.39081e+06
Cbc0038I Pass   8: suminf.    1.05063 (4) obj. 1.39081e+06 iterations 0
Cbc0038I Pass   9: suminf.    0.66329 (3) obj. 1.39081e+06 iterations 7
Cbc0038I Pass  10: suminf.    0.52929 (3) obj. 1.39081e+06 iterations 2
Cbc0038I Pass  11: suminf.    0.42208 (1) obj. 1.39081e+06 iterations 4
Cbc0038I Pass  12: suminf.    0.28808 (1) obj. 1.39081e+06 iterations 2
Cbc0038I Pass  13: suminf.    1.71863 (4) obj. 1.39081e+06 iterations 8
Cbc0038I Pass  14: suminf.    1.30577 (4) obj. 1.39081e+06 iterations 4
Cbc0038I Pass  15: suminf.    1.09908 (4) obj. 1.39081e+06 iterations 8
Cbc0038I Pass  16: suminf.    2.54299 (9) obj. 1.39081e+06 iterations 15
Cbc0038I Pass  17: suminf.    1.70123 (6) obj. 1.39081e+06 iterations 5
Cbc0038I Pass  18: suminf.    0.57792 (2) obj. 1.39081e+06 iterations 9
Cbc0038I Pass  19: suminf.    0.42208 (1) obj. 1.39081e+06 iterations 3
Cbc0038I Pass  20: suminf.    0.28808 (1) obj. 1.39081e+06 iterations 1
Cbc0038I Pass  21: suminf.    0.76758 (2) obj. 1.39081e+06 iterations 2
Cbc0038I Pass  22: suminf.    0.42208 (1) obj. 1.39081e+06 iterations 2
Cbc0038I Pass  23: suminf.    0.28808 (1) obj. 1.39081e+06 iterations 2
Cbc0038I Pass  24: suminf.    1.59540 (8) obj. 1.39081e+06 iterations 22
Cbc0038I Pass  25: suminf.    0.75364 (5) obj. 1.39081e+06 iterations 5
Cbc0038I Pass  26: suminf.    1.09803 (4) obj. 1.39081e+06 iterations 13
Cbc0038I Pass  27: suminf.    1.09803 (4) obj. 1.39081e+06 iterations 1
Cbc0038I Pass  28: suminf.    1.22997 (3) obj. 1.39081e+06 iterations 5
Cbc0038I Pass  29: suminf.    0.87752 (4) obj. 1.39081e+06 iterations 3
Cbc0038I Pass  30: suminf.    0.87752 (3) obj. 1.39081e+06 iterations 2
Cbc0038I Pass  31: suminf.    0.57308 (3) obj. 1.39081e+06 iterations 8
Cbc0038I Pass  32: suminf.    1.09803 (4) obj. 1.39081e+06 iterations 6
Cbc0038I Pass  33: suminf.    1.09803 (4) obj. 1.39081e+06 iterations 2
Cbc0038I Pass  34: suminf.    1.22997 (3) obj. 1.39081e+06 iterations 5
Cbc0038I Pass  35: suminf.    0.87752 (4) obj. 1.39081e+06 iterations 3
Cbc0038I Pass  36: suminf.    0.87752 (3) obj. 1.39081e+06 iterations 2
Cbc0038I Pass  37: suminf.    0.57308 (3) obj. 1.39081e+06 iterations 8
Cbc0038I No solution found this major pass
Cbc0038I Before mini branch and bound, 1 integers at bound fixed and 67 continuous
Cbc0038I Full problem 117 rows 163 columns, reduced to 21 rows 29 columns
Cbc0038I Mini branch and bound improved solution from 1.39085e+06 to 1.39083e+06 (0.04 seconds)
Cbc0038I Freeing continuous variables gives a solution of 1.39083e+06
Cbc0038I Round again with cutoff of 1.39078e+06
Cbc0038I Pass  37: suminf.    0.96695 (5) obj. 1.39078e+06 iterations 1
Cbc0038I Pass  38: suminf.    0.66770 (5) obj. 1.39078e+06 iterations 1
Cbc0038I Pass  39: suminf.    0.66270 (4) obj. 1.39078e+06 iterations 1
Cbc0038I Pass  40: suminf.    0.45084 (3) obj. 1.39078e+06 iterations 18
Cbc0038I Pass  41: suminf.    0.45084 (3) obj. 1.39078e+06 iterations 0
Cbc0038I Pass  42: suminf.    0.72574 (3) obj. 1.39078e+06 iterations 3
Cbc0038I Pass  43: suminf.    0.42649 (3) obj. 1.39078e+06 iterations 1
Cbc0038I Pass  44: suminf.    0.42149 (2) obj. 1.39078e+06 iterations 1
Cbc0038I Pass  45: suminf.    0.45084 (3) obj. 1.39078e+06 iterations 13
Cbc0038I Pass  46: suminf.    0.45084 (3) obj. 1.39078e+06 iterations 0
Cbc0038I Pass  47: suminf.    0.72574 (3) obj. 1.39078e+06 iterations 3
Cbc0038I Pass  48: suminf.    0.42649 (3) obj. 1.39078e+06 iterations 1
Cbc0038I Pass  49: suminf.    0.42149 (2) obj. 1.39078e+06 iterations 1
Cbc0038I Pass  50: suminf.    0.45084 (3) obj. 1.39078e+06 iterations 13
Cbc0038I Pass  51: suminf.    0.45084 (3) obj. 1.39078e+06 iterations 0
Cbc0038I Pass  52: suminf.    0.72574 (3) obj. 1.39078e+06 iterations 3
Cbc0038I Pass  53: suminf.    0.42649 (3) obj. 1.39078e+06 iterations 1
Cbc0038I Pass  54: suminf.    0.42149 (2) obj. 1.39078e+06 iterations 1
Cbc0038I Pass  55: suminf.    0.45084 (3) obj. 1.39078e+06 iterations 10
Cbc0038I Pass  56: suminf.    0.45084 (3) obj. 1.39078e+06 iterations 0
Cbc0038I Pass  57: suminf.    0.72574 (3) obj. 1.39078e+06 iterations 3
Cbc0038I Pass  58: suminf.    0.42649 (3) obj. 1.39078e+06 iterations 1
Cbc0038I Pass  59: suminf.    0.42149 (2) obj. 1.39078e+06 iterations 1
Cbc0038I Pass  60: suminf.    0.45084 (3) obj. 1.39078e+06 iterations 13
Cbc0038I Pass  61: suminf.    0.45084 (3) obj. 1.39078e+06 iterations 0
Cbc0038I Pass  62: suminf.    0.72574 (3) obj. 1.39078e+06 iterations 3
Cbc0038I Pass  63: suminf.    0.42649 (3) obj. 1.39078e+06 iterations 1
Cbc0038I Pass  64: suminf.    0.42149 (2) obj. 1.39078e+06 iterations 1
Cbc0038I Pass  65: suminf.    0.45084 (3) obj. 1.39078e+06 iterations 10
Cbc0038I Pass  66: suminf.    0.45084 (3) obj. 1.39078e+06 iterations 0
Cbc0038I No solution found this major pass
Cbc0038I Before mini branch and bound, 10 integers at bound fixed and 75 continuous
Cbc0038I Full problem 117 rows 163 columns, reduced to 16 rows 22 columns
Cbc0038I Mini branch and bound did not improve solution (0.05 seconds)
Cbc0038I After 0.05 seconds - Feasibility pump exiting with objective of 1.39083e+06 - took 0.04 seconds
Cbc0012I Integer solution of 1390832.1 found by feasibility pump after 0 iterations and 0 nodes (0.05 seconds)
Cbc0038I Full problem 117 rows 163 columns, reduced to 93 rows 138 columns - 4 fixed gives 83, 128 - ok now
Cbc0038I Full problem 117 rows 163 columns, reduced to 83 rows 128 columns
Cbc0031I 14 added rows had average density of 18.642857
Cbc0013I At root node, 14 cuts changed objective from 1390707.3 to 1390809.3 in 100 passes
Cbc0014I Cut generator 0 (Probing) - 1 row cuts average 2.0 elements, 2 column cuts (2 active)  in 0.019 seconds - new frequency is -100
Cbc0014I Cut generator 1 (Gomory) - 290 row cuts average 41.9 elements, 0 column cuts (0 active)  in 0.009 seconds - new frequency is 1
Cbc0014I Cut generator 2 (Knapsack) - 0 row cuts average 0.0 elements, 0 column cuts (0 active)  in 0.026 seconds - new frequency is -100
Cbc0014I Cut generator 3 (Clique) - 0 row cuts average 0.0 elements, 0 column cuts (0 active)  in 0.000 seconds - new frequency is -100
Cbc0014I Cut generator 4 (MixedIntegerRounding2) - 9 row cuts average 4.3 elements, 0 column cuts (0 active)  in 0.008 seconds - new frequency is -100
Cbc0014I Cut generator 5 (FlowCover) - 1 row cuts average 2.0 elements, 0 column cuts (0 active)  in 0.027 seconds - new frequency is -100
Cbc0014I Cut generator 6 (TwoMirCuts) - 27 row cuts average 11.6 elements, 0 column cuts (0 active)  in 0.007 seconds - new frequency is -100
Cbc0010I After 0 nodes, 1 on tree, 1390832.1 best solution, best possible 1390809.3 (0.23 seconds)
Cbc0001I Search completed - best objective 1390832.102492966, took 1114 iterations and 4 nodes (0.23 seconds)
Cbc0032I Strong branching done 20 times (95 iterations), fathomed 2 nodes and fixed 1 variables
Cbc0035I Maximum depth 1, 0 variables fixed on reduced cost
Cuts at root node changed objective from 1.39071e+06 to 1.39081e+06
Probing was tried 100 times and created 3 cuts of which 0 were active after adding rounds of cuts (0.019 seconds)
Gomory was tried 112 times and created 311 cuts of which 0 were active after adding rounds of cuts (0.011 seconds)
Knapsack was tried 100 times and created 0 cuts of which 0 were active after adding rounds of cuts (0.026 seconds)
Clique was tried 100 times and created 0 cuts of which 0 were active after adding rounds of cuts (0.000 seconds)
MixedIntegerRounding2 was tried 100 times and created 9 cuts of which 0 were active after adding rounds of cuts (0.008 seconds)
FlowCover was tried 100 times and created 1 cuts of which 0 were active after adding rounds of cuts (0.027 seconds)
TwoMirCuts was tried 100 times and created 27 cuts of which 0 were active after adding rounds of cuts (0.007 seconds)
ZeroHalf was tried 1 times and created 0 cuts of which 0 were active after adding rounds of cuts (0.000 seconds)

Result - Optimal solution found

Objective value:                1390832.10249297
Enumerated nodes:               4
Total iterations:               1114
Time (CPU seconds):             0.24
Time (Wallclock seconds):       0.24

Option for printingOptions changed from normal to all
Total time (CPU seconds):       0.27   (Wallclock seconds):       0.26

