Welcome to the CBC MILP Solver 
Version: 2.10.3 
Build Date: Dec 15 2019 

command line - E:\dachuang\.venv\Lib\site-packages\pulp\apis\../solverdir/cbc/win/i64/cbc.exe model.mps -primalTolerance 1e-9 -integerTolerance 1e-9 -ratioGap 0 -allowableGap 0 -threads 0 -branch -printingOptions all -solution solution.txt -saveSolution solution.bin -quit (default strategy 1)
At line 2 NAME          MODEL
At line 3 ROWS
At line 317 COLUMNS
At line 1133 RHS
At line 1446 BOUNDS
At line 1521 ENDATA
Problem MODEL has 312 rows, 241 columns and 647 elements
Coin0008I MODEL read with 0 errors
primalTolerance was changed from 1e-07 to 1e-09
integerTolerance was changed from 1e-07 to 1e-09
ratioGap was changed from 0 to 0
allowableGap was changed from 1e-10 to 0
Continuous objective value is 1.79231e+06 - 0.00 seconds
Cgl0003I 0 fixed, 0 tightened bounds, 3 strengthened rows, 0 substitutions
Cgl0004I processed model has 115 rows, 159 columns (24 integer (24 of which binary)) and 336 elements
Cbc0038I Initial state - 11 integers unsatisfied sum - 3.90884
Cbc0038I Pass   1: suminf.    0.00000 (0) obj. 1.90592e+06 iterations 19
Cbc0038I Solution found of 1.90592e+06
Cbc0038I Relaxing continuous gives 1.89717e+06
Cbc0038I Before mini branch and bound, 13 integers at bound fixed and 81 continuous
Cbc0038I Full problem 115 rows 159 columns, reduced to 13 rows 16 columns
Cbc0038I Mini branch and bound improved solution from 1.89717e+06 to 1.79292e+06 (0.01 seconds)
Cbc0038I Freeing continuous variables gives a solution of 1.79292e+06
Cbc0038I Round again with cutoff of 1.79287e+06
Cbc0038I Pass   2: suminf.    1.04905 (4) obj. 1.79287e+06 iterations 14
Cbc0038I Pass   3: suminf.    0.00000 (0) obj. 1.79287e+06 iterations 11
Cbc0038I Solution found of 1.79287e+06
Cbc0038I Relaxing continuous gives 1.79282e+06
Cbc0038I Before mini branch and bound, 12 integers at bound fixed and 83 continuous
Cbc0038I Full problem 115 rows 159 columns, reduced to 15 rows 18 columns
Cbc0038I Mini branch and bound improved solution from 1.79282e+06 to 1.79275e+06 (0.02 seconds)
Cbc0038I Round again with cutoff of 1.79267e+06
Cbc0038I Pass   4: suminf.    1.46398 (5) obj. 1.79267e+06 iterations 6
Cbc0038I Pass   5: suminf.    1.15423 (4) obj. 1.79267e+06 iterations 2
Cbc0038I Pass   6: suminf.    0.79228 (3) obj. 1.79267e+06 iterations 3
Cbc0038I Pass   7: suminf.    0.00000 (0) obj. 1.79267e+06 iterations 5
Cbc0038I Solution found of 1.79267e+06
Cbc0038I Relaxing continuous gives 1.79261e+06
Cbc0038I Before mini branch and bound, 12 integers at bound fixed and 80 continuous
Cbc0038I Full problem 115 rows 159 columns, reduced to 18 rows 24 columns
Cbc0038I Mini branch and bound improved solution from 1.79261e+06 to 1.79254e+06 (0.02 seconds)
Cbc0038I Round again with cutoff of 1.79248e+06
Cbc0038I Pass   8: suminf.    1.40097 (7) obj. 1.79248e+06 iterations 3
Cbc0038I Pass   9: suminf.    1.38725 (6) obj. 1.79248e+06 iterations 3
Cbc0038I Pass  10: suminf.    0.11531 (1) obj. 1.79248e+06 iterations 10
Cbc0038I Pass  11: suminf.    0.29214 (1) obj. 1.79248e+06 iterations 2
Cbc0038I Pass  12: suminf.    0.51852 (2) obj. 1.79248e+06 iterations 7
Cbc0038I Pass  13: suminf.    0.44581 (2) obj. 1.79248e+06 iterations 2
Cbc0038I Pass  14: suminf.    0.18802 (1) obj. 1.79248e+06 iterations 2
Cbc0038I Pass  15: suminf.    0.11531 (1) obj. 1.79248e+06 iterations 2
Cbc0038I Pass  16: suminf.    2.70142 (8) obj. 1.79248e+06 iterations 13
Cbc0038I Pass  17: suminf.    1.85583 (6) obj. 1.79248e+06 iterations 3
Cbc0038I Pass  18: suminf.    1.01781 (3) obj. 1.79248e+06 iterations 7
Cbc0038I Pass  19: suminf.    0.59175 (3) obj. 1.79248e+06 iterations 1
Cbc0038I Pass  20: suminf.    0.59175 (3) obj. 1.79248e+06 iterations 0
Cbc0038I Pass  21: suminf.    1.06033 (3) obj. 1.79248e+06 iterations 3
Cbc0038I Pass  22: suminf.    1.06033 (3) obj. 1.79248e+06 iterations 1
Cbc0038I Pass  23: suminf.    1.01781 (3) obj. 1.79248e+06 iterations 4
Cbc0038I Pass  24: suminf.    0.59175 (3) obj. 1.79248e+06 iterations 1
Cbc0038I Pass  25: suminf.    0.59175 (3) obj. 1.79248e+06 iterations 0
Cbc0038I Pass  26: suminf.    1.06033 (3) obj. 1.79248e+06 iterations 3
Cbc0038I Pass  27: suminf.    1.06033 (3) obj. 1.79248e+06 iterations 1
Cbc0038I Pass  28: suminf.    1.01781 (3) obj. 1.79248e+06 iterations 4
Cbc0038I Pass  29: suminf.    0.59175 (3) obj. 1.79248e+06 iterations 1
Cbc0038I Pass  30: suminf.    0.59175 (3) obj. 1.79248e+06 iterations 0
Cbc0038I Pass  31: suminf.    1.06033 (3) obj. 1.79248e+06 iterations 3
Cbc0038I Pass  32: suminf.    1.06033 (3) obj. 1.79248e+06 iterations 1
Cbc0038I Pass  33: suminf.    1.01781 (3) obj. 1.79248e+06 iterations 4
Cbc0038I Pass  34: suminf.    0.59175 (3) obj. 1.79248e+06 iterations 1
Cbc0038I Pass  35: suminf.    0.59175 (3) obj. 1.79248e+06 iterations 0
Cbc0038I Pass  36: suminf.    1.06033 (3) obj. 1.79248e+06 iterations 3
Cbc0038I Pass  37: suminf.    1.06033 (3) obj. 1.79248e+06 iterations 1
Cbc0038I No solution found this major pass
Cbc0038I Before mini branch and bound, 7 integers at bound fixed and 76 continuous
Cbc0038I Full problem 115 rows 159 columns, reduced to 23 rows 30 columns
Cbc0038I Mini branch and bound improved solution from 1.79254e+06 to 1.79246e+06 (0.03 seconds)
Cbc0038I Freeing continuous variables gives a solution of 1.79246e+06
Cbc0038I Round again with cutoff of 1.79242e+06
Cbc0038I Pass  37: suminf.    1.65356 (8) obj. 1.79242e+06 iterations 1
Cbc0038I Pass  38: suminf.    1.65356 (6) obj. 1.79242e+06 iterations 3
Cbc0038I Pass  39: suminf.    0.35565 (1) obj. 1.79242e+06 iterations 9
Cbc0038I Pass  40: suminf.    0.44155 (1) obj. 1.79242e+06 iterations 1
Cbc0038I Pass  41: suminf.    2.07071 (6) obj. 1.79242e+06 iterations 12
Cbc0038I Pass  42: suminf.    0.57456 (4) obj. 1.79242e+06 iterations 3
Cbc0038I Pass  43: suminf.    0.55845 (2) obj. 1.79242e+06 iterations 7
Cbc0038I Pass  44: suminf.    0.44155 (1) obj. 1.79242e+06 iterations 3
Cbc0038I Pass  45: suminf.    0.35565 (1) obj. 1.79242e+06 iterations 1
Cbc0038I Pass  46: suminf.    1.51188 (8) obj. 1.79242e+06 iterations 16
Cbc0038I Pass  47: suminf.    1.51188 (7) obj. 1.79242e+06 iterations 2
Cbc0038I Pass  48: suminf.    0.37789 (3) obj. 1.79242e+06 iterations 12
Cbc0038I Pass  49: suminf.    0.55845 (2) obj. 1.79242e+06 iterations 6
Cbc0038I Pass  50: suminf.    0.44155 (1) obj. 1.79242e+06 iterations 3
Cbc0038I Pass  51: suminf.    0.35565 (1) obj. 1.79242e+06 iterations 1
Cbc0038I Pass  52: suminf.    1.99190 (6) obj. 1.79242e+06 iterations 16
Cbc0038I Pass  53: suminf.    1.61390 (5) obj. 1.79242e+06 iterations 1
Cbc0038I Pass  54: suminf.    0.54404 (3) obj. 1.79242e+06 iterations 11
Cbc0038I Pass  55: suminf.    0.35565 (1) obj. 1.79242e+06 iterations 4
Cbc0038I Pass  56: suminf.    0.44155 (1) obj. 1.79242e+06 iterations 1
Cbc0038I Pass  57: suminf.    1.99171 (7) obj. 1.79242e+06 iterations 23
Cbc0038I Pass  58: suminf.    1.57438 (7) obj. 1.79242e+06 iterations 2
Cbc0038I Pass  59: suminf.    1.57438 (7) obj. 1.79242e+06 iterations 0
Cbc0038I Pass  60: suminf.    0.67750 (4) obj. 1.79242e+06 iterations 11
Cbc0038I Pass  61: suminf.    0.85806 (3) obj. 1.79242e+06 iterations 9
Cbc0038I Pass  62: suminf.    0.64065 (3) obj. 1.79242e+06 iterations 5
Cbc0038I Pass  63: suminf.    1.17290 (4) obj. 1.79242e+06 iterations 5
Cbc0038I Pass  64: suminf.    1.17290 (4) obj. 1.79242e+06 iterations 2
Cbc0038I Pass  65: suminf.    1.30000 (3) obj. 1.79242e+06 iterations 8
Cbc0038I Pass  66: suminf.    0.85806 (4) obj. 1.79242e+06 iterations 2
Cbc0038I No solution found this major pass
Cbc0038I Before mini branch and bound, 2 integers at bound fixed and 70 continuous
Cbc0038I Full problem 115 rows 159 columns, reduced to 23 rows 30 columns
Cbc0038I Mini branch and bound did not improve solution (0.05 seconds)
Cbc0038I After 0.05 seconds - Feasibility pump exiting with objective of 1.79246e+06 - took 0.04 seconds
Cbc0012I Integer solution of 1792460.2 found by feasibility pump after 0 iterations and 0 nodes (0.05 seconds)
Cbc0038I Full problem 115 rows 159 columns, reduced to 82 rows 123 columns
Cbc0031I 10 added rows had average density of 28.7
Cbc0013I At root node, 10 cuts changed objective from 1792335.9 to 1792412.7 in 100 passes
Cbc0014I Cut generator 0 (Probing) - 0 row cuts average 0.0 elements, 2 column cuts (2 active)  in 0.011 seconds - new frequency is -100
Cbc0014I Cut generator 1 (Gomory) - 320 row cuts average 57.2 elements, 0 column cuts (0 active)  in 0.011 seconds - new frequency is 1
Cbc0014I Cut generator 2 (Knapsack) - 0 row cuts average 0.0 elements, 0 column cuts (0 active)  in 0.012 seconds - new frequency is -100
Cbc0014I Cut generator 3 (Clique) - 0 row cuts average 0.0 elements, 0 column cuts (0 active)  in 0.000 seconds - new frequency is -100
Cbc0014I Cut generator 4 (MixedIntegerRounding2) - 13 row cuts average 5.4 elements, 0 column cuts (0 active)  in 0.010 seconds - new frequency is -100
Cbc0014I Cut generator 5 (FlowCover) - 0 row cuts average 0.0 elements, 0 column cuts (0 active)  in 0.020 seconds - new frequency is -100
Cbc0014I Cut generator 6 (TwoMirCuts) - 28 row cuts average 16.6 elements, 0 column cuts (0 active)  in 0.006 seconds - new frequency is -100
Cbc0010I After 0 nodes, 1 on tree, 1792460.2 best solution, best possible 1792412.7 (0.19 seconds)
Cbc0001I Search completed - best objective 1792460.24080875, took 1085 iterations and 8 nodes (0.21 seconds)
Cbc0032I Strong branching done 30 times (133 iterations), fathomed 2 nodes and fixed 1 variables
Cbc0035I Maximum depth 2, 0 variables fixed on reduced cost
Cuts at root node changed objective from 1.79234e+06 to 1.79241e+06
Probing was tried 100 times and created 2 cuts of which 0 were active after adding rounds of cuts (0.011 seconds)
Gomory was tried 113 times and created 337 cuts of which 0 were active after adding rounds of cuts (0.011 seconds)
Knapsack was tried 100 times and created 0 cuts of which 0 were active after adding rounds of cuts (0.012 seconds)
Clique was tried 100 times and created 0 cuts of which 0 were active after adding rounds of cuts (0.000 seconds)
MixedIntegerRounding2 was tried 100 times and created 13 cuts of which 0 were active after adding rounds of cuts (0.010 seconds)
FlowCover was tried 100 times and created 0 cuts of which 0 were active after adding rounds of cuts (0.020 seconds)
TwoMirCuts was tried 100 times and created 28 cuts of which 0 were active after adding rounds of cuts (0.006 seconds)
ZeroHalf was tried 1 times and created 0 cuts of which 0 were active after adding rounds of cuts (0.000 seconds)

Result - Optimal solution found

Objective value:                1792460.24080875
Enumerated nodes:               8
Total iterations:               1085
Time (CPU seconds):             0.21
Time (Wallclock seconds):       0.21

Option for printingOptions changed from normal to all
Total time (CPU seconds):       0.24   (Wallclock seconds):       0.24

