Welcome to the CBC MILP Solver 
Version: 2.10.3 
Build Date: Dec 15 2019 

command line - E:\dachuang\.venv\Lib\site-packages\pulp\apis\../solverdir/cbc/win/i64/cbc.exe model.mps -primalTolerance 1e-9 -integerTolerance 1e-9 -ratioGap 0 -allowableGap 0 -threads 0 -branch -printingOptions all -solution solution.txt -saveSolution solution.bin -quit (default strategy 1)
At line 2 NAME          MODEL
At line 3 ROWS
At line 317 COLUMNS
At line 1133 RHS
At line 1446 BOUNDS
At line 1521 ENDATA
Problem MODEL has 312 rows, 241 columns and 647 elements
Coin0008I MODEL read with 0 errors
primalTolerance was changed from 1e-07 to 1e-09
integerTolerance was changed from 1e-07 to 1e-09
ratioGap was changed from 0 to 0
allowableGap was changed from 1e-10 to 0
Continuous objective value is 2.61697e+06 - 0.00 seconds
Cgl0003I 0 fixed, 0 tightened bounds, 3 strengthened rows, 0 substitutions
Cgl0004I processed model has 114 rows, 157 columns (24 integer (24 of which binary)) and 331 elements
Cbc0038I Initial state - 12 integers unsatisfied sum - 4.41696
Cbc0038I Pass   1: suminf.    0.00000 (0) obj. 2.83138e+06 iterations 36
Cbc0038I Solution found of 2.83138e+06
Cbc0038I Relaxing continuous gives 2.82708e+06
Cbc0038I Before mini branch and bound, 12 integers at bound fixed and 70 continuous
Cbc0038I Full problem 114 rows 157 columns, reduced to 16 rows 21 columns
Cbc0038I Mini branch and bound improved solution from 2.82708e+06 to 2.6177e+06 (0.01 seconds)
Cbc0038I Freeing continuous variables gives a solution of 2.6177e+06
Cbc0038I Round again with cutoff of 2.61763e+06
Cbc0038I Pass   2: suminf.    1.58601 (5) obj. 2.61763e+06 iterations 24
Cbc0038I Pass   3: suminf.    0.00000 (0) obj. 2.61763e+06 iterations 14
Cbc0038I Solution found of 2.61763e+06
Cbc0038I Relaxing continuous gives 2.61752e+06
Cbc0038I Before mini branch and bound, 11 integers at bound fixed and 67 continuous
Cbc0038I Full problem 114 rows 157 columns, reduced to 27 rows 37 columns
Cbc0038I Mini branch and bound improved solution from 2.61752e+06 to 2.61726e+06 (0.02 seconds)
Cbc0038I Freeing continuous variables gives a solution of 2.61725e+06
Cbc0038I Round again with cutoff of 2.6172e+06
Cbc0038I Pass   4: suminf.    1.82459 (9) obj. 2.6172e+06 iterations 13
Cbc0038I Pass   5: suminf.    1.82459 (7) obj. 2.6172e+06 iterations 8
Cbc0038I Pass   6: suminf.    0.34026 (1) obj. 2.6172e+06 iterations 13
Cbc0038I Pass   7: suminf.    0.24023 (1) obj. 2.6172e+06 iterations 2
Cbc0038I Pass   8: suminf.    1.40798 (5) obj. 2.6172e+06 iterations 11
Cbc0038I Pass   9: suminf.    0.75884 (5) obj. 2.6172e+06 iterations 1
Cbc0038I Pass  10: suminf.    0.56894 (4) obj. 2.6172e+06 iterations 8
Cbc0038I Pass  11: suminf.    0.53984 (3) obj. 2.6172e+06 iterations 9
Cbc0038I Pass  12: suminf.    0.54673 (2) obj. 2.6172e+06 iterations 9
Cbc0038I Pass  13: suminf.    0.53984 (2) obj. 2.6172e+06 iterations 1
Cbc0038I Pass  14: suminf.    1.24023 (4) obj. 2.6172e+06 iterations 5
Cbc0038I Pass  15: suminf.    1.18898 (3) obj. 2.6172e+06 iterations 5
Cbc0038I Pass  16: suminf.    0.53984 (3) obj. 2.6172e+06 iterations 1
Cbc0038I Pass  17: suminf.    0.54673 (2) obj. 2.6172e+06 iterations 9
Cbc0038I Pass  18: suminf.    0.53984 (2) obj. 2.6172e+06 iterations 1
Cbc0038I Pass  19: suminf.    1.24023 (4) obj. 2.6172e+06 iterations 5
Cbc0038I Pass  20: suminf.    1.18898 (3) obj. 2.6172e+06 iterations 5
Cbc0038I Pass  21: suminf.    0.53984 (3) obj. 2.6172e+06 iterations 1
Cbc0038I Pass  22: suminf.    0.54673 (2) obj. 2.6172e+06 iterations 9
Cbc0038I Pass  23: suminf.    0.53984 (2) obj. 2.6172e+06 iterations 1
Cbc0038I Pass  24: suminf.    1.24023 (4) obj. 2.6172e+06 iterations 5
Cbc0038I Pass  25: suminf.    1.18898 (3) obj. 2.6172e+06 iterations 5
Cbc0038I Pass  26: suminf.    0.53984 (3) obj. 2.6172e+06 iterations 1
Cbc0038I Pass  27: suminf.    0.54673 (2) obj. 2.6172e+06 iterations 9
Cbc0038I Pass  28: suminf.    0.53984 (2) obj. 2.6172e+06 iterations 1
Cbc0038I Pass  29: suminf.    1.24023 (4) obj. 2.6172e+06 iterations 5
Cbc0038I Pass  30: suminf.    1.18898 (3) obj. 2.6172e+06 iterations 5
Cbc0038I Pass  31: suminf.    0.53984 (3) obj. 2.6172e+06 iterations 1
Cbc0038I Pass  32: suminf.    0.54673 (2) obj. 2.6172e+06 iterations 9
Cbc0038I Pass  33: suminf.    0.53984 (2) obj. 2.6172e+06 iterations 1
Cbc0038I No solution found this major pass
Cbc0038I Before mini branch and bound, 10 integers at bound fixed and 66 continuous
Cbc0038I Full problem 114 rows 157 columns, reduced to 26 rows 36 columns
Cbc0038I Mini branch and bound improved solution from 2.61725e+06 to 2.61723e+06 (0.04 seconds)
Cbc0038I Freeing continuous variables gives a solution of 2.61723e+06
Cbc0038I Round again with cutoff of 2.61714e+06
Cbc0038I Pass  33: suminf.    2.11287 (9) obj. 2.61714e+06 iterations 0
Cbc0038I Pass  34: suminf.    2.11287 (7) obj. 2.61714e+06 iterations 8
Cbc0038I Pass  35: suminf.    0.52851 (2) obj. 2.61714e+06 iterations 15
Cbc0038I Pass  36: suminf.    0.52851 (3) obj. 2.61714e+06 iterations 1
Cbc0038I Pass  37: suminf.    1.20676 (3) obj. 2.61714e+06 iterations 3
Cbc0038I Pass  38: suminf.    0.55762 (3) obj. 2.61714e+06 iterations 1
Cbc0038I Pass  39: suminf.    0.52851 (3) obj. 2.61714e+06 iterations 4
Cbc0038I Pass  40: suminf.    0.95790 (4) obj. 2.61714e+06 iterations 16
Cbc0038I Pass  41: suminf.    0.89748 (5) obj. 2.61714e+06 iterations 3
Cbc0038I Pass  42: suminf.    0.64912 (3) obj. 2.61714e+06 iterations 14
Cbc0038I Pass  43: suminf.    0.64912 (3) obj. 2.61714e+06 iterations 4
Cbc0038I Pass  44: suminf.    0.60044 (2) obj. 2.61714e+06 iterations 7
Cbc0038I Pass  45: suminf.    0.64912 (3) obj. 2.61714e+06 iterations 4
Cbc0038I Pass  46: suminf.    0.64912 (3) obj. 2.61714e+06 iterations 0
Cbc0038I Pass  47: suminf.    0.62001 (3) obj. 2.61714e+06 iterations 4
Cbc0038I Pass  48: suminf.    0.60543 (3) obj. 2.61714e+06 iterations 1
Cbc0038I Pass  49: suminf.    0.60044 (2) obj. 2.61714e+06 iterations 1
Cbc0038I Pass  50: suminf.    0.64912 (3) obj. 2.61714e+06 iterations 3
Cbc0038I Pass  51: suminf.    0.64912 (3) obj. 2.61714e+06 iterations 0
Cbc0038I Pass  52: suminf.    0.62001 (3) obj. 2.61714e+06 iterations 4
Cbc0038I Pass  53: suminf.    0.60543 (3) obj. 2.61714e+06 iterations 1
Cbc0038I Pass  54: suminf.    0.60044 (2) obj. 2.61714e+06 iterations 1
Cbc0038I Pass  55: suminf.    0.64912 (3) obj. 2.61714e+06 iterations 3
Cbc0038I Pass  56: suminf.    0.64912 (3) obj. 2.61714e+06 iterations 0
Cbc0038I Pass  57: suminf.    0.62001 (3) obj. 2.61714e+06 iterations 4
Cbc0038I Pass  58: suminf.    0.60543 (3) obj. 2.61714e+06 iterations 1
Cbc0038I Pass  59: suminf.    0.60044 (2) obj. 2.61714e+06 iterations 1
Cbc0038I Pass  60: suminf.    0.64912 (3) obj. 2.61714e+06 iterations 3
Cbc0038I Pass  61: suminf.    0.64912 (3) obj. 2.61714e+06 iterations 0
Cbc0038I Pass  62: suminf.    0.62001 (3) obj. 2.61714e+06 iterations 4
Cbc0038I No solution found this major pass
Cbc0038I Before mini branch and bound, 9 integers at bound fixed and 65 continuous
Cbc0038I Full problem 114 rows 157 columns, reduced to 25 rows 33 columns
Cbc0038I Mini branch and bound did not improve solution (0.06 seconds)
Cbc0038I After 0.06 seconds - Feasibility pump exiting with objective of 2.61723e+06 - took 0.05 seconds
Cbc0012I Integer solution of 2617232.2 found by feasibility pump after 0 iterations and 0 nodes (0.06 seconds)
Cbc0038I Full problem 114 rows 157 columns, reduced to 81 rows 121 columns
Cbc0031I 18 added rows had average density of 23.111111
Cbc0013I At root node, 18 cuts changed objective from 2616997.2 to 2617167.9 in 100 passes
Cbc0014I Cut generator 0 (Probing) - 0 row cuts average 0.0 elements, 0 column cuts (0 active)  in 0.008 seconds - new frequency is -100
Cbc0014I Cut generator 1 (Gomory) - 298 row cuts average 37.6 elements, 0 column cuts (0 active)  in 0.014 seconds - new frequency is 1
Cbc0014I Cut generator 2 (Knapsack) - 0 row cuts average 0.0 elements, 0 column cuts (0 active)  in 0.012 seconds - new frequency is -100
Cbc0014I Cut generator 3 (Clique) - 0 row cuts average 0.0 elements, 0 column cuts (0 active)  in 0.000 seconds - new frequency is -100
Cbc0014I Cut generator 4 (MixedIntegerRounding2) - 7 row cuts average 5.0 elements, 0 column cuts (0 active)  in 0.013 seconds - new frequency is -100
Cbc0014I Cut generator 5 (FlowCover) - 0 row cuts average 0.0 elements, 0 column cuts (0 active)  in 0.025 seconds - new frequency is -100
Cbc0014I Cut generator 6 (TwoMirCuts) - 34 row cuts average 9.8 elements, 0 column cuts (0 active)  in 0.004 seconds - new frequency is -100
Cbc0010I After 0 nodes, 1 on tree, 2617232.2 best solution, best possible 2617167.9 (0.22 seconds)
Cbc0001I Search completed - best objective 2617232.191808738, took 1410 iterations and 10 nodes (0.25 seconds)
Cbc0032I Strong branching done 54 times (361 iterations), fathomed 1 nodes and fixed 2 variables
Cbc0035I Maximum depth 3, 0 variables fixed on reduced cost
Cuts at root node changed objective from 2.617e+06 to 2.61717e+06
Probing was tried 100 times and created 0 cuts of which 0 were active after adding rounds of cuts (0.008 seconds)
Gomory was tried 137 times and created 360 cuts of which 0 were active after adding rounds of cuts (0.016 seconds)
Knapsack was tried 100 times and created 0 cuts of which 0 were active after adding rounds of cuts (0.012 seconds)
Clique was tried 100 times and created 0 cuts of which 0 were active after adding rounds of cuts (0.000 seconds)
MixedIntegerRounding2 was tried 100 times and created 7 cuts of which 0 were active after adding rounds of cuts (0.013 seconds)
FlowCover was tried 100 times and created 0 cuts of which 0 were active after adding rounds of cuts (0.025 seconds)
TwoMirCuts was tried 100 times and created 34 cuts of which 0 were active after adding rounds of cuts (0.004 seconds)
ZeroHalf was tried 1 times and created 0 cuts of which 0 were active after adding rounds of cuts (0.000 seconds)

Result - Optimal solution found

Objective value:                2617232.19180874
Enumerated nodes:               10
Total iterations:               1410
Time (CPU seconds):             0.26
Time (Wallclock seconds):       0.25

Option for printingOptions changed from normal to all
Total time (CPU seconds):       0.28   (Wallclock seconds):       0.28

