Welcome to the CBC MILP Solver 
Version: 2.10.3 
Build Date: Dec 15 2019 

command line - E:\dachuang\.venv\Lib\site-packages\pulp\apis\../solverdir/cbc/win/i64/cbc.exe model.mps -primalTolerance 1e-9 -integerTolerance 1e-9 -ratioGap 0 -allowableGap 0 -threads 0 -branch -printingOptions all -solution solution.txt -saveSolution solution.bin -quit (default strategy 1)
At line 2 NAME          MODEL
At line 3 ROWS
At line 317 COLUMNS
At line 1133 RHS
At line 1446 BOUNDS
At line 1521 ENDATA
Problem MODEL has 312 rows, 241 columns and 647 elements
Coin0008I MODEL read with 0 errors
primalTolerance was changed from 1e-07 to 1e-09
integerTolerance was changed from 1e-07 to 1e-09
ratioGap was changed from 0 to 0
allowableGap was changed from 1e-10 to 0
Continuous objective value is 4.04086e+06 - 0.00 seconds
Cgl0003I 0 fixed, 0 tightened bounds, 2 strengthened rows, 0 substitutions
Cgl0004I processed model has 111 rows, 151 columns (24 integer (24 of which binary)) and 316 elements
Cbc0038I Initial state - 6 integers unsatisfied sum - 1.79371
Cbc0038I Pass   1: suminf.    0.00000 (0) obj. 4.08852e+06 iterations 7
Cbc0038I Solution found of 4.08852e+06
Cbc0038I Relaxing continuous gives 4.08368e+06
Cbc0038I Before mini branch and bound, 18 integers at bound fixed and 94 continuous
Cbc0038I Full problem 111 rows 151 columns, reduced to 7 rows 9 columns
Cbc0038I Mini branch and bound improved solution from 4.08368e+06 to 4.04112e+06 (0.01 seconds)
Cbc0038I Round again with cutoff of 4.04109e+06
Cbc0038I Pass   2: suminf.    0.40151 (2) obj. 4.04109e+06 iterations 4
Cbc0038I Pass   3: suminf.    0.10986 (2) obj. 4.04109e+06 iterations 11
Cbc0038I Pass   4: suminf.    0.72157 (2) obj. 4.04109e+06 iterations 11
Cbc0038I Pass   5: suminf.    0.00000 (0) obj. 4.04109e+06 iterations 3
Cbc0038I Solution found of 4.04109e+06
Cbc0038I Relaxing continuous gives 4.04108e+06
Cbc0038I Before mini branch and bound, 18 integers at bound fixed and 91 continuous
Cbc0038I Full problem 111 rows 151 columns, reduced to 15 rows 19 columns
Cbc0038I Mini branch and bound improved solution from 4.04108e+06 to 4.04108e+06 (0.01 seconds)
Cbc0038I Round again with cutoff of 4.04104e+06
Cbc0038I Pass   6: suminf.    0.61915 (2) obj. 4.04104e+06 iterations 0
Cbc0038I Pass   7: suminf.    0.32750 (2) obj. 4.04104e+06 iterations 11
Cbc0038I Pass   8: suminf.    0.48041 (2) obj. 4.04104e+06 iterations 10
Cbc0038I Pass   9: suminf.    0.21359 (1) obj. 4.04104e+06 iterations 3
Cbc0038I Pass  10: suminf.    0.34391 (1) obj. 4.04104e+06 iterations 4
Cbc0038I Pass  11: suminf.    0.34391 (1) obj. 4.04104e+06 iterations 1
Cbc0038I Pass  12: suminf.    0.21359 (1) obj. 4.04104e+06 iterations 1
Cbc0038I Pass  13: suminf.    0.34391 (1) obj. 4.04104e+06 iterations 4
Cbc0038I Pass  14: suminf.    0.90875 (3) obj. 4.04104e+06 iterations 6
Cbc0038I Pass  15: suminf.    0.50525 (2) obj. 4.04104e+06 iterations 1
Cbc0038I Pass  16: suminf.    0.34391 (1) obj. 4.04104e+06 iterations 8
Cbc0038I Pass  17: suminf.    0.21359 (1) obj. 4.04104e+06 iterations 1
Cbc0038I Pass  18: suminf.    0.74109 (4) obj. 4.04104e+06 iterations 13
Cbc0038I Pass  19: suminf.    0.70659 (2) obj. 4.04104e+06 iterations 10
Cbc0038I Pass  20: suminf.    0.70659 (2) obj. 4.04104e+06 iterations 0
Cbc0038I Pass  21: suminf.    0.32750 (2) obj. 4.04104e+06 iterations 5
Cbc0038I Pass  22: suminf.    0.48041 (2) obj. 4.04104e+06 iterations 9
Cbc0038I Pass  23: suminf.    0.21359 (1) obj. 4.04104e+06 iterations 3
Cbc0038I Pass  24: suminf.    0.34391 (1) obj. 4.04104e+06 iterations 4
Cbc0038I Pass  25: suminf.    0.34391 (1) obj. 4.04104e+06 iterations 6
Cbc0038I Pass  26: suminf.    0.21359 (1) obj. 4.04104e+06 iterations 1
Cbc0038I Pass  27: suminf.    0.34391 (1) obj. 4.04104e+06 iterations 4
Cbc0038I Pass  28: suminf.    1.10475 (5) obj. 4.04104e+06 iterations 19
Cbc0038I Pass  29: suminf.    0.66225 (4) obj. 4.04104e+06 iterations 2
Cbc0038I Pass  30: suminf.    0.70659 (2) obj. 4.04104e+06 iterations 12
Cbc0038I Pass  31: suminf.    0.70659 (2) obj. 4.04104e+06 iterations 0
Cbc0038I Pass  32: suminf.    0.32750 (2) obj. 4.04104e+06 iterations 5
Cbc0038I Pass  33: suminf.    0.48041 (2) obj. 4.04104e+06 iterations 9
Cbc0038I Pass  34: suminf.    0.21359 (1) obj. 4.04104e+06 iterations 3
Cbc0038I Pass  35: suminf.    0.34391 (1) obj. 4.04104e+06 iterations 4
Cbc0038I No solution found this major pass
Cbc0038I Before mini branch and bound, 8 integers at bound fixed and 88 continuous
Cbc0038I Full problem 111 rows 151 columns, reduced to 15 rows 19 columns
Cbc0038I Mini branch and bound did not improve solution (0.02 seconds)
Cbc0038I After 0.02 seconds - Feasibility pump exiting with objective of 4.04108e+06 - took 0.02 seconds
Cbc0012I Integer solution of 4041084.6 found by feasibility pump after 0 iterations and 0 nodes (0.02 seconds)
Cbc0038I Full problem 111 rows 151 columns, reduced to 59 rows 92 columns
Cbc0031I 9 added rows had average density of 14
Cbc0013I At root node, 9 cuts changed objective from 4040860.9 to 4041084.4 in 5 passes
Cbc0014I Cut generator 0 (Probing) - 3 row cuts average 2.0 elements, 0 column cuts (0 active)  in 0.000 seconds - new frequency is 1
Cbc0014I Cut generator 1 (Gomory) - 13 row cuts average 20.0 elements, 0 column cuts (0 active)  in 0.000 seconds - new frequency is 1
Cbc0014I Cut generator 2 (Knapsack) - 0 row cuts average 0.0 elements, 0 column cuts (0 active)  in 0.001 seconds - new frequency is -100
Cbc0014I Cut generator 3 (Clique) - 0 row cuts average 0.0 elements, 0 column cuts (0 active)  in 0.000 seconds - new frequency is -100
Cbc0014I Cut generator 4 (MixedIntegerRounding2) - 3 row cuts average 4.7 elements, 0 column cuts (0 active)  in 0.001 seconds - new frequency is 1
Cbc0014I Cut generator 5 (FlowCover) - 1 row cuts average 2.0 elements, 0 column cuts (0 active)  in 0.003 seconds - new frequency is -100
Cbc0014I Cut generator 6 (TwoMirCuts) - 13 row cuts average 16.5 elements, 0 column cuts (0 active)  in 0.000 seconds - new frequency is -100
Cbc0001I Search completed - best objective 4041084.618591996, took 25 iterations and 0 nodes (0.04 seconds)
Cbc0032I Strong branching done 2 times (9 iterations), fathomed 1 nodes and fixed 0 variables
Cbc0035I Maximum depth 0, 0 variables fixed on reduced cost
Cuts at root node changed objective from 4.04086e+06 to 4.04108e+06
Probing was tried 5 times and created 3 cuts of which 0 were active after adding rounds of cuts (0.000 seconds)
Gomory was tried 5 times and created 13 cuts of which 0 were active after adding rounds of cuts (0.000 seconds)
Knapsack was tried 5 times and created 0 cuts of which 0 were active after adding rounds of cuts (0.001 seconds)
Clique was tried 5 times and created 0 cuts of which 0 were active after adding rounds of cuts (0.000 seconds)
MixedIntegerRounding2 was tried 5 times and created 3 cuts of which 0 were active after adding rounds of cuts (0.001 seconds)
FlowCover was tried 5 times and created 1 cuts of which 0 were active after adding rounds of cuts (0.003 seconds)
TwoMirCuts was tried 5 times and created 13 cuts of which 0 were active after adding rounds of cuts (0.000 seconds)
ZeroHalf was tried 1 times and created 0 cuts of which 0 were active after adding rounds of cuts (0.000 seconds)

Result - Optimal solution found

Objective value:                4041084.61859200
Enumerated nodes:               0
Total iterations:               25
Time (CPU seconds):             0.04
Time (Wallclock seconds):       0.04

Option for printingOptions changed from normal to all
Total time (CPU seconds):       0.07   (Wallclock seconds):       0.07

