Welcome to the CBC MILP Solver 
Version: 2.10.3 
Build Date: Dec 15 2019 

command line - E:\dachuang\.venv\Lib\site-packages\pulp\apis\../solverdir/cbc/win/i64/cbc.exe model.mps -primalTolerance 1e-9 -integerTolerance 1e-9 -ratioGap 0 -allowableGap 0 -threads 0 -branch -printingOptions all -solution solution.txt -saveSolution solution.bin -quit (default strategy 1)
At line 2 NAME          MODEL
At line 3 ROWS
At line 317 COLUMNS
At line 1133 RHS
At line 1446 BOUNDS
At line 1521 ENDATA
Problem MODEL has 312 rows, 241 columns and 647 elements
Coin0008I MODEL read with 0 errors
primalTolerance was changed from 1e-07 to 1e-09
integerTolerance was changed from 1e-07 to 1e-09
ratioGap was changed from 0 to 0
allowableGap was changed from 1e-10 to 0
Continuous objective value is 2.68794e+06 - 0.00 seconds
Cgl0003I 0 fixed, 0 tightened bounds, 3 strengthened rows, 0 substitutions
Cgl0004I processed model has 115 rows, 159 columns (24 integer (24 of which binary)) and 336 elements
Cbc0038I Initial state - 7 integers unsatisfied sum - 2.48157
Cbc0038I Pass   1: suminf.    0.00000 (0) obj. 2.6885e+06 iterations 13
Cbc0038I Solution found of 2.6885e+06
Cbc0038I Relaxing continuous gives 2.6885e+06
Cbc0038I Before mini branch and bound, 17 integers at bound fixed and 92 continuous
Cbc0038I Full problem 115 rows 159 columns, reduced to 8 rows 8 columns
Cbc0038I Mini branch and bound did not improve solution (0.01 seconds)
Cbc0038I Freeing continuous variables gives a solution of 2.6885e+06
Cbc0038I Round again with cutoff of 2.68845e+06
Cbc0038I Pass   2: suminf.    0.23454 (1) obj. 2.68845e+06 iterations 2
Cbc0038I Pass   3: suminf.    0.00000 (0) obj. 2.68845e+06 iterations 10
Cbc0038I Solution found of 2.68845e+06
Cbc0038I Relaxing continuous gives 2.68834e+06
Cbc0038I Before mini branch and bound, 16 integers at bound fixed and 86 continuous
Cbc0038I Full problem 115 rows 159 columns, reduced to 21 rows 27 columns
Cbc0038I Mini branch and bound improved solution from 2.68834e+06 to 2.6882e+06 (0.01 seconds)
Cbc0038I Freeing continuous variables gives a solution of 2.6882e+06
Cbc0038I Round again with cutoff of 2.68815e+06
Cbc0038I Pass   4: suminf.    0.58729 (3) obj. 2.68815e+06 iterations 2
Cbc0038I Pass   5: suminf.    0.58729 (3) obj. 2.68815e+06 iterations 2
Cbc0038I Pass   6: suminf.    0.30271 (2) obj. 2.68815e+06 iterations 7
Cbc0038I Pass   7: suminf.    0.21271 (1) obj. 2.68815e+06 iterations 6
Cbc0038I Pass   8: suminf.    0.21271 (1) obj. 2.68815e+06 iterations 6
Cbc0038I Pass   9: suminf.    0.58729 (3) obj. 2.68815e+06 iterations 8
Cbc0038I Pass  10: suminf.    0.30271 (2) obj. 2.68815e+06 iterations 7
Cbc0038I Pass  11: suminf.    0.21271 (1) obj. 2.68815e+06 iterations 6
Cbc0038I Pass  12: suminf.    0.93247 (3) obj. 2.68815e+06 iterations 19
Cbc0038I Pass  13: suminf.    0.18969 (1) obj. 2.68815e+06 iterations 2
Cbc0038I Pass  14: suminf.    0.56179 (3) obj. 2.68815e+06 iterations 7
Cbc0038I Pass  15: suminf.    0.30271 (2) obj. 2.68815e+06 iterations 11
Cbc0038I Pass  16: suminf.    1.01200 (3) obj. 2.68815e+06 iterations 9
Cbc0038I Pass  17: suminf.    0.05229 (1) obj. 2.68815e+06 iterations 14
Cbc0038I Pass  18: suminf.    0.13229 (1) obj. 2.68815e+06 iterations 5
Cbc0038I Pass  19: suminf.    0.91396 (2) obj. 2.68815e+06 iterations 18
Cbc0038I Pass  20: suminf.    0.13229 (1) obj. 2.68815e+06 iterations 2
Cbc0038I Pass  21: suminf.    0.16921 (1) obj. 2.68815e+06 iterations 1
Cbc0038I Pass  22: suminf.    1.48237 (4) obj. 2.68815e+06 iterations 22
Cbc0038I Pass  23: suminf.    1.07915 (3) obj. 2.68815e+06 iterations 1
Cbc0038I Pass  24: suminf.    0.43000 (3) obj. 2.68815e+06 iterations 9
Cbc0038I Pass  25: suminf.    0.43000 (3) obj. 2.68815e+06 iterations 0
Cbc0038I Pass  26: suminf.    1.07915 (3) obj. 2.68815e+06 iterations 6
Cbc0038I Pass  27: suminf.    0.34029 (3) obj. 2.68815e+06 iterations 21
Cbc0038I Pass  28: suminf.    0.34029 (3) obj. 2.68815e+06 iterations 0
Cbc0038I Pass  29: suminf.    1.03413 (3) obj. 2.68815e+06 iterations 6
Cbc0038I Pass  30: suminf.    0.82855 (2) obj. 2.68815e+06 iterations 3
Cbc0038I Pass  31: suminf.    0.01771 (1) obj. 2.68815e+06 iterations 3
Cbc0038I Pass  32: suminf.    0.58729 (2) obj. 2.68815e+06 iterations 6
Cbc0038I Pass  33: suminf.    0.30271 (1) obj. 2.68815e+06 iterations 4
Cbc0038I No solution found this major pass
Cbc0038I Before mini branch and bound, 2 integers at bound fixed and 62 continuous
Cbc0038I Full problem 115 rows 159 columns, reduced to 29 rows 37 columns
Cbc0038I Mini branch and bound improved solution from 2.6882e+06 to 2.68808e+06 (0.03 seconds)
Cbc0038I Round again with cutoff of 2.68804e+06
Cbc0038I Pass  33: suminf.    1.10491 (5) obj. 2.68804e+06 iterations 4
Cbc0038I Pass  34: suminf.    1.10491 (5) obj. 2.68804e+06 iterations 5
Cbc0038I Pass  35: suminf.    1.37259 (4) obj. 2.68804e+06 iterations 18
Cbc0038I Pass  36: suminf.    0.69457 (3) obj. 2.68804e+06 iterations 8
Cbc0038I Pass  37: suminf.    0.69457 (3) obj. 2.68804e+06 iterations 1
Cbc0038I Pass  38: suminf.    1.10828 (4) obj. 2.68804e+06 iterations 6
Cbc0038I Pass  39: suminf.    1.07941 (5) obj. 2.68804e+06 iterations 3
Cbc0038I Pass  40: suminf.    1.07941 (4) obj. 2.68804e+06 iterations 5
Cbc0038I Pass  41: suminf.    1.37259 (4) obj. 2.68804e+06 iterations 7
Cbc0038I Pass  42: suminf.    0.69457 (3) obj. 2.68804e+06 iterations 8
Cbc0038I Pass  43: suminf.    0.69457 (3) obj. 2.68804e+06 iterations 1
Cbc0038I Pass  44: suminf.    1.10828 (4) obj. 2.68804e+06 iterations 6
Cbc0038I Pass  45: suminf.    1.07941 (5) obj. 2.68804e+06 iterations 3
Cbc0038I Pass  46: suminf.    1.07941 (4) obj. 2.68804e+06 iterations 5
Cbc0038I Pass  47: suminf.    1.37259 (4) obj. 2.68804e+06 iterations 7
Cbc0038I Pass  48: suminf.    0.69457 (3) obj. 2.68804e+06 iterations 8
Cbc0038I Pass  49: suminf.    0.69457 (3) obj. 2.68804e+06 iterations 1
Cbc0038I Pass  50: suminf.    1.10828 (4) obj. 2.68804e+06 iterations 6
Cbc0038I Pass  51: suminf.    1.07941 (5) obj. 2.68804e+06 iterations 3
Cbc0038I Pass  52: suminf.    1.07941 (4) obj. 2.68804e+06 iterations 5
Cbc0038I Pass  53: suminf.    1.37259 (4) obj. 2.68804e+06 iterations 7
Cbc0038I Pass  54: suminf.    0.69457 (3) obj. 2.68804e+06 iterations 8
Cbc0038I Pass  55: suminf.    0.69457 (3) obj. 2.68804e+06 iterations 1
Cbc0038I Pass  56: suminf.    1.10828 (4) obj. 2.68804e+06 iterations 6
Cbc0038I Pass  57: suminf.    1.07941 (5) obj. 2.68804e+06 iterations 3
Cbc0038I Pass  58: suminf.    1.07941 (4) obj. 2.68804e+06 iterations 5
Cbc0038I Pass  59: suminf.    1.37259 (4) obj. 2.68804e+06 iterations 7
Cbc0038I Pass  60: suminf.    0.69457 (3) obj. 2.68804e+06 iterations 8
Cbc0038I Pass  61: suminf.    0.69457 (3) obj. 2.68804e+06 iterations 1
Cbc0038I Pass  62: suminf.    1.10828 (4) obj. 2.68804e+06 iterations 6
Cbc0038I No solution found this major pass
Cbc0038I Before mini branch and bound, 16 integers at bound fixed and 85 continuous
Cbc0038I Full problem 115 rows 159 columns, reduced to 23 rows 30 columns
Cbc0038I Mini branch and bound did not improve solution (0.04 seconds)
Cbc0038I After 0.04 seconds - Feasibility pump exiting with objective of 2.68808e+06 - took 0.04 seconds
Cbc0012I Integer solution of 2688082.9 found by feasibility pump after 0 iterations and 0 nodes (0.04 seconds)
Cbc0038I Full problem 115 rows 159 columns, reduced to 72 rows 113 columns
Cbc0031I 11 added rows had average density of 23
Cbc0013I At root node, 11 cuts changed objective from 2687955.7 to 2688077.4 in 100 passes
Cbc0014I Cut generator 0 (Probing) - 2 row cuts average 2.0 elements, 0 column cuts (0 active)  in 0.009 seconds - new frequency is -100
Cbc0014I Cut generator 1 (Gomory) - 468 row cuts average 36.3 elements, 0 column cuts (0 active)  in 0.006 seconds - new frequency is 1
Cbc0014I Cut generator 2 (Knapsack) - 0 row cuts average 0.0 elements, 0 column cuts (0 active)  in 0.017 seconds - new frequency is -100
Cbc0014I Cut generator 3 (Clique) - 0 row cuts average 0.0 elements, 0 column cuts (0 active)  in 0.002 seconds - new frequency is -100
Cbc0014I Cut generator 4 (MixedIntegerRounding2) - 9 row cuts average 6.6 elements, 0 column cuts (0 active)  in 0.010 seconds - new frequency is -100
Cbc0014I Cut generator 5 (FlowCover) - 0 row cuts average 0.0 elements, 0 column cuts (0 active)  in 0.016 seconds - new frequency is -100
Cbc0014I Cut generator 6 (TwoMirCuts) - 34 row cuts average 9.7 elements, 0 column cuts (0 active)  in 0.006 seconds - new frequency is -100
Cbc0010I After 0 nodes, 1 on tree, 2688082.9 best solution, best possible 2688077.4 (0.19 seconds)
Cbc0001I Search completed - best objective 2688082.916897405, took 1458 iterations and 4 nodes (0.20 seconds)
Cbc0032I Strong branching done 26 times (118 iterations), fathomed 1 nodes and fixed 2 variables
Cbc0035I Maximum depth 1, 1 variables fixed on reduced cost
Cuts at root node changed objective from 2.68796e+06 to 2.68808e+06
Probing was tried 100 times and created 2 cuts of which 0 were active after adding rounds of cuts (0.009 seconds)
Gomory was tried 112 times and created 491 cuts of which 0 were active after adding rounds of cuts (0.008 seconds)
Knapsack was tried 100 times and created 0 cuts of which 0 were active after adding rounds of cuts (0.017 seconds)
Clique was tried 100 times and created 0 cuts of which 0 were active after adding rounds of cuts (0.002 seconds)
MixedIntegerRounding2 was tried 100 times and created 9 cuts of which 0 were active after adding rounds of cuts (0.010 seconds)
FlowCover was tried 100 times and created 0 cuts of which 0 were active after adding rounds of cuts (0.016 seconds)
TwoMirCuts was tried 100 times and created 34 cuts of which 0 were active after adding rounds of cuts (0.006 seconds)
ZeroHalf was tried 1 times and created 0 cuts of which 0 were active after adding rounds of cuts (0.000 seconds)

Result - Optimal solution found

Objective value:                2688082.91689740
Enumerated nodes:               4
Total iterations:               1458
Time (CPU seconds):             0.20
Time (Wallclock seconds):       0.20

Option for printingOptions changed from normal to all
Total time (CPU seconds):       0.23   (Wallclock seconds):       0.23

