Welcome to the CBC MILP Solver 
Version: 2.10.3 
Build Date: Dec 15 2019 

command line - E:\dachuang\.venv\Lib\site-packages\pulp\apis\../solverdir/cbc/win/i64/cbc.exe model.mps -primalTolerance 1e-9 -integerTolerance 1e-9 -ratioGap 0 -allowableGap 0 -threads 0 -branch -printingOptions all -solution solution.txt -saveSolution solution.bin -quit (default strategy 1)
At line 2 NAME          MODEL
At line 3 ROWS
At line 317 COLUMNS
At line 1133 RHS
At line 1446 BOUNDS
At line 1521 ENDATA
Problem MODEL has 312 rows, 241 columns and 647 elements
Coin0008I MODEL read with 0 errors
primalTolerance was changed from 1e-07 to 1e-09
integerTolerance was changed from 1e-07 to 1e-09
ratioGap was changed from 0 to 0
allowableGap was changed from 1e-10 to 0
Continuous objective value is 1.97788e+06 - 0.00 seconds
Cgl0003I 0 fixed, 0 tightened bounds, 2 strengthened rows, 0 substitutions
Cgl0004I processed model has 114 rows, 157 columns (24 integer (24 of which binary)) and 331 elements
Cbc0038I Initial state - 10 integers unsatisfied sum - 3.81393
Cbc0038I Pass   1: suminf.    0.00000 (0) obj. 2.15252e+06 iterations 16
Cbc0038I Solution found of 2.15252e+06
Cbc0038I Relaxing continuous gives 2.14057e+06
Cbc0038I Before mini branch and bound, 14 integers at bound fixed and 82 continuous
Cbc0038I Full problem 114 rows 157 columns, reduced to 8 rows 12 columns
Cbc0038I Mini branch and bound improved solution from 2.14057e+06 to 1.97835e+06 (0.01 seconds)
Cbc0038I Freeing continuous variables gives a solution of 1.97835e+06
Cbc0038I Round again with cutoff of 1.97831e+06
Cbc0038I Pass   2: suminf.    1.17586 (4) obj. 1.97831e+06 iterations 15
Cbc0038I Pass   3: suminf.    0.00000 (0) obj. 1.97831e+06 iterations 10
Cbc0038I Solution found of 1.97831e+06
Cbc0038I Relaxing continuous gives 1.97826e+06
Cbc0038I Before mini branch and bound, 14 integers at bound fixed and 78 continuous
Cbc0038I Full problem 114 rows 157 columns, reduced to 15 rows 21 columns
Cbc0038I Mini branch and bound improved solution from 1.97826e+06 to 1.97805e+06 (0.02 seconds)
Cbc0038I Freeing continuous variables gives a solution of 1.97805e+06
Cbc0038I Round again with cutoff of 1.97802e+06
Cbc0038I Pass   4: suminf.    1.52198 (5) obj. 1.97802e+06 iterations 4
Cbc0038I Pass   5: suminf.    1.12067 (4) obj. 1.97802e+06 iterations 10
Cbc0038I Pass   6: suminf.    0.55164 (3) obj. 1.97802e+06 iterations 10
Cbc0038I Pass   7: suminf.    0.54664 (2) obj. 1.97802e+06 iterations 1
Cbc0038I Pass   8: suminf.    0.58951 (3) obj. 1.97802e+06 iterations 5
Cbc0038I Pass   9: suminf.    0.58951 (3) obj. 1.97802e+06 iterations 0
Cbc0038I Pass  10: suminf.    0.84991 (3) obj. 1.97802e+06 iterations 3
Cbc0038I Pass  11: suminf.    0.55164 (3) obj. 1.97802e+06 iterations 1
Cbc0038I Pass  12: suminf.    0.54664 (2) obj. 1.97802e+06 iterations 1
Cbc0038I Pass  13: suminf.    0.58951 (3) obj. 1.97802e+06 iterations 5
Cbc0038I Pass  14: suminf.    0.58951 (3) obj. 1.97802e+06 iterations 0
Cbc0038I Pass  15: suminf.    0.84991 (3) obj. 1.97802e+06 iterations 3
Cbc0038I Pass  16: suminf.    0.55164 (3) obj. 1.97802e+06 iterations 1
Cbc0038I Pass  17: suminf.    0.54664 (2) obj. 1.97802e+06 iterations 1
Cbc0038I Pass  18: suminf.    0.58951 (3) obj. 1.97802e+06 iterations 5
Cbc0038I Pass  19: suminf.    0.58951 (3) obj. 1.97802e+06 iterations 0
Cbc0038I Pass  20: suminf.    0.84991 (3) obj. 1.97802e+06 iterations 3
Cbc0038I Pass  21: suminf.    0.55164 (3) obj. 1.97802e+06 iterations 1
Cbc0038I Pass  22: suminf.    0.54664 (2) obj. 1.97802e+06 iterations 1
Cbc0038I Pass  23: suminf.    0.58951 (3) obj. 1.97802e+06 iterations 5
Cbc0038I Pass  24: suminf.    0.58951 (3) obj. 1.97802e+06 iterations 0
Cbc0038I Pass  25: suminf.    0.84991 (3) obj. 1.97802e+06 iterations 3
Cbc0038I Pass  26: suminf.    0.55164 (3) obj. 1.97802e+06 iterations 1
Cbc0038I Pass  27: suminf.    0.54664 (2) obj. 1.97802e+06 iterations 1
Cbc0038I Pass  28: suminf.    0.58951 (3) obj. 1.97802e+06 iterations 5
Cbc0038I Pass  29: suminf.    0.58951 (3) obj. 1.97802e+06 iterations 0
Cbc0038I Pass  30: suminf.    0.84991 (3) obj. 1.97802e+06 iterations 3
Cbc0038I Pass  31: suminf.    0.55164 (3) obj. 1.97802e+06 iterations 1
Cbc0038I Pass  32: suminf.    0.54664 (2) obj. 1.97802e+06 iterations 1
Cbc0038I Pass  33: suminf.    0.58951 (3) obj. 1.97802e+06 iterations 5
Cbc0038I No solution found this major pass
Cbc0038I Before mini branch and bound, 14 integers at bound fixed and 80 continuous
Cbc0038I Full problem 114 rows 157 columns, reduced to 16 rows 21 columns
Cbc0038I Mini branch and bound did not improve solution (0.03 seconds)
Cbc0038I After 0.03 seconds - Feasibility pump exiting with objective of 1.97805e+06 - took 0.02 seconds
Cbc0012I Integer solution of 1978053.2 found by feasibility pump after 0 iterations and 0 nodes (0.03 seconds)
Cbc0038I Full problem 114 rows 157 columns, reduced to 76 rows 116 columns
Cbc0031I 15 added rows had average density of 16.2
Cbc0013I At root node, 15 cuts changed objective from 1977879.6 to 1978014.8 in 100 passes
Cbc0014I Cut generator 0 (Probing) - 1 row cuts average 2.0 elements, 0 column cuts (0 active)  in 0.010 seconds - new frequency is -100
Cbc0014I Cut generator 1 (Gomory) - 232 row cuts average 27.8 elements, 0 column cuts (0 active)  in 0.011 seconds - new frequency is 1
Cbc0014I Cut generator 2 (Knapsack) - 0 row cuts average 0.0 elements, 0 column cuts (0 active)  in 0.015 seconds - new frequency is -100
Cbc0014I Cut generator 3 (Clique) - 0 row cuts average 0.0 elements, 0 column cuts (0 active)  in 0.001 seconds - new frequency is -100
Cbc0014I Cut generator 4 (MixedIntegerRounding2) - 5 row cuts average 4.6 elements, 0 column cuts (0 active)  in 0.014 seconds - new frequency is -100
Cbc0014I Cut generator 5 (FlowCover) - 0 row cuts average 0.0 elements, 0 column cuts (0 active)  in 0.018 seconds - new frequency is -100
Cbc0014I Cut generator 6 (TwoMirCuts) - 22 row cuts average 9.6 elements, 0 column cuts (0 active)  in 0.006 seconds - new frequency is -100
Cbc0010I After 0 nodes, 1 on tree, 1978053.2 best solution, best possible 1978014.8 (0.17 seconds)
Cbc0012I Integer solution of 1978035.7 found by DiveCoefficient after 830 iterations and 2 nodes (0.18 seconds)
Cbc0001I Search completed - best objective 1978035.714341917, took 913 iterations and 6 nodes (0.18 seconds)
Cbc0032I Strong branching done 20 times (83 iterations), fathomed 1 nodes and fixed 0 variables
Cbc0035I Maximum depth 2, 0 variables fixed on reduced cost
Cuts at root node changed objective from 1.97788e+06 to 1.97801e+06
Probing was tried 100 times and created 1 cuts of which 0 were active after adding rounds of cuts (0.010 seconds)
Gomory was tried 119 times and created 255 cuts of which 0 were active after adding rounds of cuts (0.013 seconds)
Knapsack was tried 100 times and created 0 cuts of which 0 were active after adding rounds of cuts (0.015 seconds)
Clique was tried 100 times and created 0 cuts of which 0 were active after adding rounds of cuts (0.001 seconds)
MixedIntegerRounding2 was tried 100 times and created 5 cuts of which 0 were active after adding rounds of cuts (0.014 seconds)
FlowCover was tried 100 times and created 0 cuts of which 0 were active after adding rounds of cuts (0.018 seconds)
TwoMirCuts was tried 100 times and created 22 cuts of which 0 were active after adding rounds of cuts (0.006 seconds)
ZeroHalf was tried 1 times and created 0 cuts of which 0 were active after adding rounds of cuts (0.000 seconds)

Result - Optimal solution found

Objective value:                1978035.71434192
Enumerated nodes:               6
Total iterations:               913
Time (CPU seconds):             0.19
Time (Wallclock seconds):       0.19

Option for printingOptions changed from normal to all
Total time (CPU seconds):       0.21   (Wallclock seconds):       0.21

