Welcome to the CBC MILP Solver 
Version: 2.10.3 
Build Date: Dec 15 2019 

command line - E:\dachuang\.venv\Lib\site-packages\pulp\apis\../solverdir/cbc/win/i64/cbc.exe model.mps -primalTolerance 1e-9 -integerTolerance 1e-9 -ratioGap 0 -allowableGap 0 -threads 0 -branch -printingOptions all -solution solution.txt -saveSolution solution.bin -quit (default strategy 1)
At line 2 NAME          MODEL
At line 3 ROWS
At line 317 COLUMNS
At line 1133 RHS
At line 1446 BOUNDS
At line 1521 ENDATA
Problem MODEL has 312 rows, 241 columns and 647 elements
Coin0008I MODEL read with 0 errors
primalTolerance was changed from 1e-07 to 1e-09
integerTolerance was changed from 1e-07 to 1e-09
ratioGap was changed from 0 to 0
allowableGap was changed from 1e-10 to 0
Continuous objective value is 1.57929e+06 - 0.00 seconds
Cgl0003I 0 fixed, 0 tightened bounds, 2 strengthened rows, 0 substitutions
Cgl0004I processed model has 117 rows, 163 columns (24 integer (24 of which binary)) and 346 elements
Cbc0038I Initial state - 9 integers unsatisfied sum - 3.35081
Cbc0038I Pass   1: suminf.    0.00000 (0) obj. 1.72925e+06 iterations 15
Cbc0038I Solution found of 1.72925e+06
Cbc0038I Relaxing continuous gives 1.72033e+06
Cbc0038I Before mini branch and bound, 15 integers at bound fixed and 88 continuous
Cbc0038I Full problem 117 rows 163 columns, reduced to 11 rows 15 columns
Cbc0038I Mini branch and bound improved solution from 1.72033e+06 to 1.57976e+06 (0.01 seconds)
Cbc0038I Freeing continuous variables gives a solution of 1.57976e+06
Cbc0038I Round again with cutoff of 1.57972e+06
Cbc0038I Pass   2: suminf.    1.01573 (4) obj. 1.57972e+06 iterations 11
Cbc0038I Pass   3: suminf.    0.00000 (0) obj. 1.57972e+06 iterations 14
Cbc0038I Solution found of 1.57972e+06
Cbc0038I Relaxing continuous gives 1.57963e+06
Cbc0038I Before mini branch and bound, 15 integers at bound fixed and 85 continuous
Cbc0038I Full problem 117 rows 163 columns, reduced to 14 rows 21 columns
Cbc0038I Mini branch and bound improved solution from 1.57963e+06 to 1.57942e+06 (0.02 seconds)
Cbc0038I Freeing continuous variables gives a solution of 1.57942e+06
Cbc0038I Round again with cutoff of 1.57939e+06
Cbc0038I Pass   4: suminf.    1.20482 (5) obj. 1.57939e+06 iterations 3
Cbc0038I Pass   5: suminf.    0.92128 (4) obj. 1.57939e+06 iterations 12
Cbc0038I Pass   6: suminf.    0.71226 (4) obj. 1.57939e+06 iterations 14
Cbc0038I Pass   7: suminf.    0.71226 (4) obj. 1.57939e+06 iterations 0
Cbc0038I Pass   8: suminf.    0.71226 (4) obj. 1.57939e+06 iterations 6
Cbc0038I Pass   9: suminf.    0.60977 (3) obj. 1.57939e+06 iterations 2
Cbc0038I Pass  10: suminf.    1.54627 (5) obj. 1.57939e+06 iterations 2
Cbc0038I Pass  11: suminf.    1.05377 (4) obj. 1.57939e+06 iterations 1
Cbc0038I Pass  12: suminf.    0.71226 (4) obj. 1.57939e+06 iterations 10
Cbc0038I Pass  13: suminf.    0.71226 (4) obj. 1.57939e+06 iterations 0
Cbc0038I Pass  14: suminf.    0.71226 (4) obj. 1.57939e+06 iterations 6
Cbc0038I Pass  15: suminf.    0.60977 (3) obj. 1.57939e+06 iterations 2
Cbc0038I Pass  16: suminf.    1.57171 (7) obj. 1.57939e+06 iterations 17
Cbc0038I Pass  17: suminf.    1.25421 (6) obj. 1.57939e+06 iterations 1
Cbc0038I Pass  18: suminf.    0.71226 (4) obj. 1.57939e+06 iterations 12
Cbc0038I Pass  19: suminf.    0.71226 (4) obj. 1.57939e+06 iterations 0
Cbc0038I Pass  20: suminf.    0.71226 (4) obj. 1.57939e+06 iterations 6
Cbc0038I Pass  21: suminf.    0.60977 (3) obj. 1.57939e+06 iterations 2
Cbc0038I Pass  22: suminf.    0.78371 (4) obj. 1.57939e+06 iterations 4
Cbc0038I Pass  23: suminf.    0.71226 (4) obj. 1.57939e+06 iterations 10
Cbc0038I Pass  24: suminf.    0.71226 (4) obj. 1.57939e+06 iterations 0
Cbc0038I Pass  25: suminf.    0.71226 (4) obj. 1.57939e+06 iterations 6
Cbc0038I Pass  26: suminf.    0.60977 (3) obj. 1.57939e+06 iterations 2
Cbc0038I Pass  27: suminf.    1.39671 (5) obj. 1.57939e+06 iterations 18
Cbc0038I Pass  28: suminf.    1.39671 (5) obj. 1.57939e+06 iterations 1
Cbc0038I Pass  29: suminf.    0.72982 (2) obj. 1.57939e+06 iterations 8
Cbc0038I Pass  30: suminf.    0.71226 (3) obj. 1.57939e+06 iterations 1
Cbc0038I Pass  31: suminf.    0.71226 (3) obj. 1.57939e+06 iterations 9
Cbc0038I Pass  32: suminf.    0.71226 (3) obj. 1.57939e+06 iterations 0
Cbc0038I Pass  33: suminf.    1.40041 (4) obj. 1.57939e+06 iterations 11
Cbc0038I No solution found this major pass
Cbc0038I Before mini branch and bound, 2 integers at bound fixed and 74 continuous
Cbc0038I Full problem 117 rows 163 columns, reduced to 18 rows 24 columns
Cbc0038I Mini branch and bound improved solution from 1.57942e+06 to 1.57935e+06 (0.03 seconds)
Cbc0038I Round again with cutoff of 1.57933e+06
Cbc0038I Pass  33: suminf.    1.21535 (6) obj. 1.57933e+06 iterations 1
Cbc0038I Pass  34: suminf.    1.19916 (5) obj. 1.57933e+06 iterations 4
Cbc0038I Pass  35: suminf.    0.99442 (4) obj. 1.57933e+06 iterations 7
Cbc0038I Pass  36: suminf.    0.99442 (4) obj. 1.57933e+06 iterations 6
Cbc0038I Pass  37: suminf.    0.89192 (3) obj. 1.57933e+06 iterations 2
Cbc0038I Pass  38: suminf.    0.99442 (4) obj. 1.57933e+06 iterations 8
Cbc0038I Pass  39: suminf.    1.11942 (5) obj. 1.57933e+06 iterations 11
Cbc0038I Pass  40: suminf.    1.11942 (5) obj. 1.57933e+06 iterations 0
Cbc0038I Pass  41: suminf.    0.99442 (4) obj. 1.57933e+06 iterations 8
Cbc0038I Pass  42: suminf.    0.99442 (4) obj. 1.57933e+06 iterations 6
Cbc0038I Pass  43: suminf.    0.89192 (3) obj. 1.57933e+06 iterations 2
Cbc0038I Pass  44: suminf.    0.99442 (4) obj. 1.57933e+06 iterations 8
Cbc0038I Pass  45: suminf.    0.88066 (3) obj. 1.57933e+06 iterations 10
Cbc0038I Pass  46: suminf.    0.38816 (2) obj. 1.57933e+06 iterations 1
Cbc0038I Pass  47: suminf.    0.99442 (4) obj. 1.57933e+06 iterations 6
Cbc0038I Pass  48: suminf.    0.99442 (4) obj. 1.57933e+06 iterations 6
Cbc0038I Pass  49: suminf.    0.89192 (3) obj. 1.57933e+06 iterations 2
Cbc0038I Pass  50: suminf.    0.99442 (4) obj. 1.57933e+06 iterations 8
Cbc0038I Pass  51: suminf.    1.62086 (7) obj. 1.57933e+06 iterations 18
Cbc0038I Pass  52: suminf.    1.62086 (7) obj. 1.57933e+06 iterations 0
Cbc0038I Pass  53: suminf.    0.99442 (4) obj. 1.57933e+06 iterations 10
Cbc0038I Pass  54: suminf.    0.99442 (4) obj. 1.57933e+06 iterations 6
Cbc0038I Pass  55: suminf.    0.89192 (3) obj. 1.57933e+06 iterations 2
Cbc0038I Pass  56: suminf.    0.99442 (4) obj. 1.57933e+06 iterations 8
Cbc0038I Pass  57: suminf.    1.23642 (5) obj. 1.57933e+06 iterations 4
Cbc0038I Pass  58: suminf.    1.23642 (5) obj. 1.57933e+06 iterations 0
Cbc0038I Pass  59: suminf.    0.99442 (4) obj. 1.57933e+06 iterations 7
Cbc0038I Pass  60: suminf.    0.89192 (3) obj. 1.57933e+06 iterations 2
Cbc0038I Pass  61: suminf.    0.99442 (4) obj. 1.57933e+06 iterations 8
Cbc0038I Pass  62: suminf.    0.99442 (4) obj. 1.57933e+06 iterations 0
Cbc0038I No solution found this major pass
Cbc0038I Before mini branch and bound, 8 integers at bound fixed and 82 continuous
Cbc0038I Full problem 117 rows 163 columns, reduced to 19 rows 27 columns
Cbc0038I Mini branch and bound did not improve solution (0.04 seconds)
Cbc0038I After 0.04 seconds - Feasibility pump exiting with objective of 1.57935e+06 - took 0.04 seconds
Cbc0012I Integer solution of 1579351.2 found by feasibility pump after 0 iterations and 0 nodes (0.05 seconds)
Cbc0038I Full problem 117 rows 163 columns, reduced to 78 rows 123 columns
Cbc0031I 11 added rows had average density of 10.727273
Cbc0013I At root node, 11 cuts changed objective from 1579289.4 to 1579348.6 in 10 passes
Cbc0014I Cut generator 0 (Probing) - 0 row cuts average 0.0 elements, 1 column cuts (1 active)  in 0.001 seconds - new frequency is 1
Cbc0014I Cut generator 1 (Gomory) - 30 row cuts average 15.2 elements, 0 column cuts (0 active)  in 0.000 seconds - new frequency is 1
Cbc0014I Cut generator 2 (Knapsack) - 0 row cuts average 0.0 elements, 0 column cuts (0 active)  in 0.000 seconds - new frequency is -100
Cbc0014I Cut generator 3 (Clique) - 0 row cuts average 0.0 elements, 0 column cuts (0 active)  in 0.000 seconds - new frequency is -100
Cbc0014I Cut generator 4 (MixedIntegerRounding2) - 4 row cuts average 3.8 elements, 0 column cuts (0 active)  in 0.001 seconds - new frequency is 1
Cbc0014I Cut generator 5 (FlowCover) - 0 row cuts average 0.0 elements, 0 column cuts (0 active)  in 0.001 seconds - new frequency is -100
Cbc0014I Cut generator 6 (TwoMirCuts) - 21 row cuts average 8.9 elements, 0 column cuts (0 active)  in 0.001 seconds - new frequency is -100
Cbc0001I Search completed - best objective 1579351.229841916, took 53 iterations and 0 nodes (0.06 seconds)
Cbc0032I Strong branching done 4 times (12 iterations), fathomed 1 nodes and fixed 0 variables
Cbc0035I Maximum depth 0, 0 variables fixed on reduced cost
Cuts at root node changed objective from 1.57929e+06 to 1.57937e+06
Probing was tried 10 times and created 1 cuts of which 0 were active after adding rounds of cuts (0.001 seconds)
Gomory was tried 10 times and created 30 cuts of which 0 were active after adding rounds of cuts (0.000 seconds)
Knapsack was tried 10 times and created 0 cuts of which 0 were active after adding rounds of cuts (0.000 seconds)
Clique was tried 10 times and created 0 cuts of which 0 were active after adding rounds of cuts (0.000 seconds)
MixedIntegerRounding2 was tried 10 times and created 4 cuts of which 0 were active after adding rounds of cuts (0.001 seconds)
FlowCover was tried 10 times and created 0 cuts of which 0 were active after adding rounds of cuts (0.001 seconds)
TwoMirCuts was tried 10 times and created 21 cuts of which 0 were active after adding rounds of cuts (0.001 seconds)
ZeroHalf was tried 1 times and created 0 cuts of which 0 were active after adding rounds of cuts (0.000 seconds)

Result - Optimal solution found

Objective value:                1579351.22984192
Enumerated nodes:               0
Total iterations:               53
Time (CPU seconds):             0.07
Time (Wallclock seconds):       0.07

Option for printingOptions changed from normal to all
Total time (CPU seconds):       0.10   (Wallclock seconds):       0.10

