Welcome to the CBC MILP Solver 
Version: 2.10.3 
Build Date: Dec 15 2019 

command line - E:\dachuang\.venv\Lib\site-packages\pulp\apis\../solverdir/cbc/win/i64/cbc.exe model.mps -primalTolerance 1e-9 -integerTolerance 1e-9 -ratioGap 0 -allowableGap 0 -threads 0 -branch -printingOptions all -solution solution.txt -saveSolution solution.bin -quit (default strategy 1)
At line 2 NAME          MODEL
At line 3 ROWS
At line 317 COLUMNS
At line 1133 RHS
At line 1446 BOUNDS
At line 1521 ENDATA
Problem MODEL has 312 rows, 241 columns and 647 elements
Coin0008I MODEL read with 0 errors
primalTolerance was changed from 1e-07 to 1e-09
integerTolerance was changed from 1e-07 to 1e-09
ratioGap was changed from 0 to 0
allowableGap was changed from 1e-10 to 0
Continuous objective value is 3.82966e+06 - 0.00 seconds
Cgl0003I 0 fixed, 0 tightened bounds, 2 strengthened rows, 0 substitutions
Cgl0004I processed model has 112 rows, 148 columns (24 integer (24 of which binary)) and 316 elements
Cbc0038I Initial state - 4 integers unsatisfied sum - 1.11196
Cbc0038I Pass   1: suminf.    0.00000 (0) obj. 3.83032e+06 iterations 7
Cbc0038I Solution found of 3.83032e+06
Cbc0038I Relaxing continuous gives 3.83004e+06
Cbc0038I Before mini branch and bound, 20 integers at bound fixed and 90 continuous
Cbc0038I Full problem 112 rows 148 columns, reduced to 6 rows 7 columns
Cbc0038I Mini branch and bound improved solution from 3.83004e+06 to 3.82992e+06 (0.01 seconds)
Cbc0038I Freeing continuous variables gives a solution of 3.82992e+06
Cbc0038I Round again with cutoff of 3.82989e+06
Cbc0038I Pass   2: suminf.    0.12326 (2) obj. 3.82989e+06 iterations 3
Cbc0038I Pass   3: suminf.    0.10986 (1) obj. 3.82989e+06 iterations 8
Cbc0038I Pass   4: suminf.    0.00000 (0) obj. 3.82989e+06 iterations 7
Cbc0038I Solution found of 3.82989e+06
Cbc0038I Relaxing continuous gives 3.82985e+06
Cbc0038I Before mini branch and bound, 20 integers at bound fixed and 86 continuous
Cbc0038I Full problem 112 rows 148 columns, reduced to 10 rows 14 columns
Cbc0038I Mini branch and bound improved solution from 3.82985e+06 to 3.82978e+06 (0.01 seconds)
Cbc0038I Freeing continuous variables gives a solution of 3.82978e+06
Cbc0038I Round again with cutoff of 3.82975e+06
Cbc0038I Pass   5: suminf.    0.71663 (3) obj. 3.82975e+06 iterations 3
Cbc0038I Pass   6: suminf.    0.46341 (1) obj. 3.82975e+06 iterations 8
Cbc0038I Pass   7: suminf.    0.10951 (1) obj. 3.82975e+06 iterations 2
Cbc0038I Pass   8: suminf.    1.01540 (5) obj. 3.82975e+06 iterations 7
Cbc0038I Pass   9: suminf.    0.71177 (3) obj. 3.82975e+06 iterations 3
Cbc0038I Pass  10: suminf.    0.46341 (1) obj. 3.82975e+06 iterations 4
Cbc0038I Pass  11: suminf.    0.10951 (1) obj. 3.82975e+06 iterations 2
Cbc0038I Pass  12: suminf.    0.71177 (3) obj. 3.82975e+06 iterations 5
Cbc0038I Pass  13: suminf.    0.71177 (3) obj. 3.82975e+06 iterations 1
Cbc0038I Pass  14: suminf.    0.46341 (1) obj. 3.82975e+06 iterations 4
Cbc0038I Pass  15: suminf.    0.10951 (1) obj. 3.82975e+06 iterations 2
Cbc0038I Pass  16: suminf.    0.12291 (2) obj. 3.82975e+06 iterations 10
Cbc0038I Pass  17: suminf.    0.46341 (1) obj. 3.82975e+06 iterations 2
Cbc0038I Pass  18: suminf.    0.10951 (1) obj. 3.82975e+06 iterations 1
Cbc0038I Pass  19: suminf.    0.70323 (2) obj. 3.82975e+06 iterations 7
Cbc0038I Pass  20: suminf.    0.46341 (1) obj. 3.82975e+06 iterations 2
Cbc0038I Pass  21: suminf.    0.10951 (1) obj. 3.82975e+06 iterations 2
Cbc0038I Pass  22: suminf.    0.10951 (1) obj. 3.82975e+06 iterations 16
Cbc0038I Pass  23: suminf.    0.46341 (1) obj. 3.82975e+06 iterations 1
Cbc0038I Pass  24: suminf.    0.10951 (1) obj. 3.82975e+06 iterations 1
Cbc0038I Pass  25: suminf.    0.58604 (4) obj. 3.82975e+06 iterations 17
Cbc0038I Pass  26: suminf.    0.42121 (3) obj. 3.82975e+06 iterations 1
Cbc0038I Pass  27: suminf.    0.53659 (2) obj. 3.82975e+06 iterations 2
Cbc0038I Pass  28: suminf.    0.40911 (2) obj. 3.82975e+06 iterations 2
Cbc0038I Pass  29: suminf.    0.42121 (3) obj. 3.82975e+06 iterations 6
Cbc0038I Pass  30: suminf.    0.53659 (2) obj. 3.82975e+06 iterations 2
Cbc0038I Pass  31: suminf.    0.40911 (2) obj. 3.82975e+06 iterations 2
Cbc0038I Pass  32: suminf.    0.42121 (3) obj. 3.82975e+06 iterations 7
Cbc0038I Pass  33: suminf.    0.53659 (2) obj. 3.82975e+06 iterations 2
Cbc0038I Pass  34: suminf.    0.40911 (2) obj. 3.82975e+06 iterations 2
Cbc0038I No solution found this major pass
Cbc0038I Before mini branch and bound, 1 integers at bound fixed and 68 continuous
Cbc0038I Full problem 112 rows 148 columns, reduced to 14 rows 19 columns
Cbc0038I Mini branch and bound did not improve solution (0.02 seconds)
Cbc0038I After 0.02 seconds - Feasibility pump exiting with objective of 3.82978e+06 - took 0.02 seconds
Cbc0012I Integer solution of 3829776.1 found by feasibility pump after 0 iterations and 0 nodes (0.02 seconds)
Cbc0038I Full problem 112 rows 148 columns, reduced to 56 rows 86 columns
Cbc0031I 7 added rows had average density of 12.571429
Cbc0013I At root node, 16 cuts changed objective from 3829661.4 to 3829776.1 in 7 passes
Cbc0014I Cut generator 0 (Probing) - 0 row cuts average 0.0 elements, 0 column cuts (0 active)  in 0.000 seconds - new frequency is -100
Cbc0014I Cut generator 1 (Gomory) - 21 row cuts average 20.8 elements, 0 column cuts (0 active)  in 0.002 seconds - new frequency is 1
Cbc0014I Cut generator 2 (Knapsack) - 0 row cuts average 0.0 elements, 0 column cuts (0 active)  in 0.001 seconds - new frequency is -100
Cbc0014I Cut generator 3 (Clique) - 0 row cuts average 0.0 elements, 0 column cuts (0 active)  in 0.000 seconds - new frequency is -100
Cbc0014I Cut generator 4 (MixedIntegerRounding2) - 1 row cuts average 4.0 elements, 0 column cuts (0 active)  in 0.000 seconds - new frequency is -100
Cbc0014I Cut generator 5 (FlowCover) - 0 row cuts average 0.0 elements, 0 column cuts (0 active)  in 0.004 seconds - new frequency is -100
Cbc0014I Cut generator 6 (TwoMirCuts) - 17 row cuts average 16.1 elements, 0 column cuts (0 active)  in 0.000 seconds - new frequency is -100
Cbc0001I Search completed - best objective 3829776.09880685, took 42 iterations and 0 nodes (0.04 seconds)
Cbc0035I Maximum depth 0, 0 variables fixed on reduced cost
Cuts at root node changed objective from 3.82966e+06 to 3.82978e+06
Probing was tried 7 times and created 0 cuts of which 0 were active after adding rounds of cuts (0.000 seconds)
Gomory was tried 7 times and created 21 cuts of which 0 were active after adding rounds of cuts (0.002 seconds)
Knapsack was tried 7 times and created 0 cuts of which 0 were active after adding rounds of cuts (0.001 seconds)
Clique was tried 7 times and created 0 cuts of which 0 were active after adding rounds of cuts (0.000 seconds)
MixedIntegerRounding2 was tried 7 times and created 1 cuts of which 0 were active after adding rounds of cuts (0.000 seconds)
FlowCover was tried 7 times and created 0 cuts of which 0 were active after adding rounds of cuts (0.004 seconds)
TwoMirCuts was tried 7 times and created 17 cuts of which 0 were active after adding rounds of cuts (0.000 seconds)
ZeroHalf was tried 1 times and created 0 cuts of which 0 were active after adding rounds of cuts (0.000 seconds)

Result - Optimal solution found

Objective value:                3829776.09880685
Enumerated nodes:               0
Total iterations:               42
Time (CPU seconds):             0.04
Time (Wallclock seconds):       0.04

Option for printingOptions changed from normal to all
Total time (CPU seconds):       0.06   (Wallclock seconds):       0.06

