Welcome to the CBC MILP Solver 
Version: 2.10.3 
Build Date: Dec 15 2019 

command line - E:\dachuang\.venv\Lib\site-packages\pulp\apis\../solverdir/cbc/win/i64/cbc.exe model.mps -primalTolerance 1e-9 -integerTolerance 1e-9 -ratioGap 0 -allowableGap 0 -threads 0 -branch -printingOptions all -solution solution.txt -saveSolution solution.bin -quit (default strategy 1)
At line 2 NAME          MODEL
At line 3 ROWS
At line 317 COLUMNS
At line 1133 RHS
At line 1446 BOUNDS
At line 1521 ENDATA
Problem MODEL has 312 rows, 241 columns and 647 elements
Coin0008I MODEL read with 0 errors
primalTolerance was changed from 1e-07 to 1e-09
integerTolerance was changed from 1e-07 to 1e-09
ratioGap was changed from 0 to 0
allowableGap was changed from 1e-10 to 0
Continuous objective value is 3.17987e+06 - 0.00 seconds
Cgl0003I 0 fixed, 0 tightened bounds, 2 strengthened rows, 0 substitutions
Cgl0004I processed model has 114 rows, 157 columns (24 integer (24 of which binary)) and 331 elements
Cbc0038I Initial state - 7 integers unsatisfied sum - 2.88563
Cbc0038I Pass   1: suminf.    0.00000 (0) obj. 3.30041e+06 iterations 12
Cbc0038I Solution found of 3.30041e+06
Cbc0038I Relaxing continuous gives 3.21561e+06
Cbc0038I Before mini branch and bound, 17 integers at bound fixed and 92 continuous
Cbc0038I Full problem 114 rows 157 columns, reduced to 13 rows 16 columns
Cbc0038I Mini branch and bound improved solution from 3.21561e+06 to 3.18035e+06 (0.01 seconds)
Cbc0038I Round again with cutoff of 3.1803e+06
Cbc0038I Pass   2: suminf.    0.57411 (2) obj. 3.1803e+06 iterations 10
Cbc0038I Pass   3: suminf.    0.02919 (1) obj. 3.1803e+06 iterations 11
Cbc0038I Solution found of 3.1803e+06
Cbc0038I Relaxing continuous gives 3.18011e+06
Cbc0038I Before mini branch and bound, 17 integers at bound fixed and 90 continuous
Cbc0038I Full problem 114 rows 157 columns, reduced to 15 rows 20 columns
Cbc0038I Mini branch and bound did not improve solution (0.02 seconds)
Cbc0038I Round again with cutoff of 3.18006e+06
Cbc0038I Pass   4: suminf.    1.15431 (3) obj. 3.18006e+06 iterations 4
Cbc0038I Pass   5: suminf.    0.59991 (2) obj. 3.18006e+06 iterations 12
Cbc0038I Pass   6: suminf.    0.21506 (1) obj. 3.18006e+06 iterations 5
Cbc0038I Pass   7: suminf.    0.23054 (1) obj. 3.18006e+06 iterations 10
Cbc0038I Pass   8: suminf.    0.71468 (2) obj. 3.18006e+06 iterations 9
Cbc0038I Pass   9: suminf.    0.67340 (3) obj. 3.18006e+06 iterations 1
Cbc0038I Pass  10: suminf.    0.67340 (3) obj. 3.18006e+06 iterations 7
Cbc0038I Pass  11: suminf.    0.67340 (3) obj. 3.18006e+06 iterations 0
Cbc0038I Pass  12: suminf.    0.71468 (2) obj. 3.18006e+06 iterations 4
Cbc0038I Pass  13: suminf.    0.53531 (2) obj. 3.18006e+06 iterations 8
Cbc0038I Pass  14: suminf.    0.53014 (2) obj. 3.18006e+06 iterations 1
Cbc0038I Pass  15: suminf.    0.67340 (3) obj. 3.18006e+06 iterations 4
Cbc0038I Pass  16: suminf.    0.67340 (3) obj. 3.18006e+06 iterations 7
Cbc0038I Pass  17: suminf.    0.67340 (3) obj. 3.18006e+06 iterations 0
Cbc0038I Pass  18: suminf.    0.71468 (2) obj. 3.18006e+06 iterations 4
Cbc0038I Pass  19: suminf.    0.47954 (2) obj. 3.18006e+06 iterations 16
Cbc0038I Pass  20: suminf.    0.21506 (1) obj. 3.18006e+06 iterations 3
Cbc0038I Pass  21: suminf.    0.23054 (1) obj. 3.18006e+06 iterations 2
Cbc0038I Pass  22: suminf.    0.67340 (3) obj. 3.18006e+06 iterations 11
Cbc0038I Pass  23: suminf.    0.67340 (3) obj. 3.18006e+06 iterations 1
Cbc0038I Pass  24: suminf.    0.71468 (2) obj. 3.18006e+06 iterations 4
Cbc0038I Pass  25: suminf.    0.67340 (3) obj. 3.18006e+06 iterations 1
Cbc0038I Pass  26: suminf.    0.67340 (3) obj. 3.18006e+06 iterations 7
Cbc0038I Pass  27: suminf.    1.50336 (6) obj. 3.18006e+06 iterations 22
Cbc0038I Pass  28: suminf.    0.79441 (2) obj. 3.18006e+06 iterations 5
Cbc0038I Pass  29: suminf.    0.21506 (1) obj. 3.18006e+06 iterations 2
Cbc0038I Pass  30: suminf.    0.42504 (1) obj. 3.18006e+06 iterations 3
Cbc0038I Pass  31: suminf.    1.22765 (4) obj. 3.18006e+06 iterations 19
Cbc0038I Pass  32: suminf.    1.13564 (4) obj. 3.18006e+06 iterations 2
Cbc0038I Pass  33: suminf.    1.13564 (4) obj. 3.18006e+06 iterations 0
Cbc0038I No solution found this major pass
Cbc0038I Before mini branch and bound, 3 integers at bound fixed and 77 continuous
Cbc0038I Full problem 114 rows 157 columns, reduced to 17 rows 22 columns
Cbc0038I Mini branch and bound did not improve solution (0.03 seconds)
Cbc0038I After 0.03 seconds - Feasibility pump exiting with objective of 3.18011e+06 - took 0.02 seconds
Cbc0012I Integer solution of 3180112.1 found by feasibility pump after 0 iterations and 0 nodes (0.03 seconds)
Cbc0038I Full problem 114 rows 157 columns, reduced to 66 rows 105 columns
Cbc0031I 9 added rows had average density of 16.888889
Cbc0013I At root node, 9 cuts changed objective from 3179870.6 to 3180080 in 100 passes
Cbc0014I Cut generator 0 (Probing) - 0 row cuts average 0.0 elements, 0 column cuts (0 active)  in 0.006 seconds - new frequency is -100
Cbc0014I Cut generator 1 (Gomory) - 264 row cuts average 33.6 elements, 0 column cuts (0 active)  in 0.007 seconds - new frequency is 1
Cbc0014I Cut generator 2 (Knapsack) - 0 row cuts average 0.0 elements, 0 column cuts (0 active)  in 0.025 seconds - new frequency is -100
Cbc0014I Cut generator 3 (Clique) - 0 row cuts average 0.0 elements, 0 column cuts (0 active)  in 0.001 seconds - new frequency is -100
Cbc0014I Cut generator 4 (MixedIntegerRounding2) - 1 row cuts average 4.0 elements, 0 column cuts (0 active)  in 0.010 seconds - new frequency is -100
Cbc0014I Cut generator 5 (FlowCover) - 0 row cuts average 0.0 elements, 0 column cuts (0 active)  in 0.018 seconds - new frequency is -100
Cbc0014I Cut generator 6 (TwoMirCuts) - 21 row cuts average 13.9 elements, 0 column cuts (0 active)  in 0.002 seconds - new frequency is -100
Cbc0010I After 0 nodes, 1 on tree, 3180112.1 best solution, best possible 3180080 (0.15 seconds)
Cbc0001I Search completed - best objective 3180112.136841999, took 848 iterations and 6 nodes (0.17 seconds)
Cbc0032I Strong branching done 28 times (97 iterations), fathomed 2 nodes and fixed 0 variables
Cbc0035I Maximum depth 2, 0 variables fixed on reduced cost
Cuts at root node changed objective from 3.17987e+06 to 3.18008e+06
Probing was tried 100 times and created 0 cuts of which 0 were active after adding rounds of cuts (0.006 seconds)
Gomory was tried 122 times and created 296 cuts of which 0 were active after adding rounds of cuts (0.012 seconds)
Knapsack was tried 100 times and created 0 cuts of which 0 were active after adding rounds of cuts (0.025 seconds)
Clique was tried 100 times and created 0 cuts of which 0 were active after adding rounds of cuts (0.001 seconds)
MixedIntegerRounding2 was tried 100 times and created 1 cuts of which 0 were active after adding rounds of cuts (0.010 seconds)
FlowCover was tried 100 times and created 0 cuts of which 0 were active after adding rounds of cuts (0.018 seconds)
TwoMirCuts was tried 100 times and created 21 cuts of which 0 were active after adding rounds of cuts (0.002 seconds)
ZeroHalf was tried 1 times and created 0 cuts of which 0 were active after adding rounds of cuts (0.000 seconds)

Result - Optimal solution found

Objective value:                3180112.13684200
Enumerated nodes:               6
Total iterations:               848
Time (CPU seconds):             0.17
Time (Wallclock seconds):       0.17

Option for printingOptions changed from normal to all
Total time (CPU seconds):       0.20   (Wallclock seconds):       0.20

