Welcome to the CBC MILP Solver 
Version: 2.10.3 
Build Date: Dec 15 2019 

command line - E:\dachuang\.venv\Lib\site-packages\pulp\apis\../solverdir/cbc/win/i64/cbc.exe model.mps -primalTolerance 1e-9 -integerTolerance 1e-9 -ratioGap 0 -allowableGap 0 -threads 0 -branch -printingOptions all -solution solution.txt -saveSolution solution.bin -quit (default strategy 1)
At line 2 NAME          MODEL
At line 3 ROWS
At line 317 COLUMNS
At line 1133 RHS
At line 1446 BOUNDS
At line 1521 ENDATA
Problem MODEL has 312 rows, 241 columns and 647 elements
Coin0008I MODEL read with 0 errors
primalTolerance was changed from 1e-07 to 1e-09
integerTolerance was changed from 1e-07 to 1e-09
ratioGap was changed from 0 to 0
allowableGap was changed from 1e-10 to 0
Continuous objective value is 2.92284e+06 - 0.00 seconds
Cgl0003I 0 fixed, 0 tightened bounds, 2 strengthened rows, 0 substitutions
Cgl0004I processed model has 114 rows, 152 columns (24 integer (24 of which binary)) and 326 elements
Cbc0038I Initial state - 7 integers unsatisfied sum - 2.04823
Cbc0038I Pass   1: suminf.    0.00000 (0) obj. 2.92733e+06 iterations 11
Cbc0038I Solution found of 2.92733e+06
Cbc0038I Relaxing continuous gives 2.92322e+06
Cbc0038I Before mini branch and bound, 17 integers at bound fixed and 87 continuous
Cbc0038I Full problem 114 rows 152 columns, reduced to 12 rows 14 columns
Cbc0038I Mini branch and bound did not improve solution (0.02 seconds)
Cbc0038I Round again with cutoff of 2.92319e+06
Cbc0038I Pass   2: suminf.    0.16331 (1) obj. 2.92319e+06 iterations 4
Cbc0038I Pass   3: suminf.    0.00000 (0) obj. 2.92319e+06 iterations 9
Cbc0038I Solution found of 2.92319e+06
Cbc0038I Relaxing continuous gives 2.92308e+06
Cbc0038I Before mini branch and bound, 17 integers at bound fixed and 85 continuous
Cbc0038I Full problem 114 rows 152 columns, reduced to 16 rows 21 columns
Cbc0038I Mini branch and bound improved solution from 2.92308e+06 to 2.92301e+06 (0.02 seconds)
Cbc0038I Round again with cutoff of 2.92298e+06
Cbc0038I Pass   4: suminf.    0.46373 (2) obj. 2.92298e+06 iterations 5
Cbc0038I Pass   5: suminf.    0.44349 (1) obj. 2.92298e+06 iterations 1
Cbc0038I Pass   6: suminf.    0.17562 (1) obj. 2.92298e+06 iterations 11
Cbc0038I Pass   7: suminf.    0.14612 (1) obj. 2.92298e+06 iterations 3
Cbc0038I Pass   8: suminf.    0.14612 (1) obj. 2.92298e+06 iterations 2
Cbc0038I Pass   9: suminf.    0.17562 (1) obj. 2.92298e+06 iterations 2
Cbc0038I Pass  10: suminf.    0.14612 (1) obj. 2.92298e+06 iterations 2
Cbc0038I Pass  11: suminf.    0.32712 (2) obj. 2.92298e+06 iterations 3
Cbc0038I Pass  12: suminf.    0.17562 (1) obj. 2.92298e+06 iterations 3
Cbc0038I Pass  13: suminf.    0.14612 (1) obj. 2.92298e+06 iterations 2
Cbc0038I Pass  14: suminf.    0.64473 (3) obj. 2.92298e+06 iterations 15
Cbc0038I Pass  15: suminf.    0.62449 (2) obj. 2.92298e+06 iterations 1
Cbc0038I Pass  16: suminf.    0.17562 (1) obj. 2.92298e+06 iterations 10
Cbc0038I Pass  17: suminf.    0.14612 (1) obj. 2.92298e+06 iterations 3
Cbc0038I Pass  18: suminf.    0.55475 (3) obj. 2.92298e+06 iterations 11
Cbc0038I Pass  19: suminf.    0.14612 (1) obj. 2.92298e+06 iterations 1
Cbc0038I Pass  20: suminf.    0.17562 (1) obj. 2.92298e+06 iterations 2
Cbc0038I Pass  21: suminf.    0.45362 (2) obj. 2.92298e+06 iterations 15
Cbc0038I Pass  22: suminf.    0.45362 (2) obj. 2.92298e+06 iterations 0
Cbc0038I Pass  23: suminf.    0.84612 (2) obj. 2.92298e+06 iterations 4
Cbc0038I Pass  24: suminf.    0.45362 (2) obj. 2.92298e+06 iterations 3
Cbc0038I Pass  25: suminf.    1.26897 (4) obj. 2.92298e+06 iterations 19
Cbc0038I Pass  26: suminf.    1.26897 (4) obj. 2.92298e+06 iterations 1
Cbc0038I Pass  27: suminf.    1.04275 (3) obj. 2.92298e+06 iterations 4
Cbc0038I Pass  28: suminf.    0.46872 (3) obj. 2.92298e+06 iterations 1
Cbc0038I Pass  29: suminf.    0.46872 (3) obj. 2.92298e+06 iterations 0
Cbc0038I Pass  30: suminf.    1.08797 (3) obj. 2.92298e+06 iterations 11
Cbc0038I Pass  31: suminf.    1.08797 (3) obj. 2.92298e+06 iterations 1
Cbc0038I Pass  32: suminf.    1.04275 (3) obj. 2.92298e+06 iterations 3
Cbc0038I Pass  33: suminf.    0.46872 (3) obj. 2.92298e+06 iterations 1
Cbc0038I No solution found this major pass
Cbc0038I Before mini branch and bound, 3 integers at bound fixed and 68 continuous
Cbc0038I Full problem 114 rows 152 columns, reduced to 17 rows 22 columns
Cbc0038I Mini branch and bound improved solution from 2.92301e+06 to 2.92301e+06 (0.03 seconds)
Cbc0038I Round again with cutoff of 2.92294e+06
Cbc0038I Pass  33: suminf.    0.63907 (2) obj. 2.92294e+06 iterations 0
Cbc0038I Pass  34: suminf.    0.38116 (1) obj. 2.92294e+06 iterations 1
Cbc0038I Pass  35: suminf.    0.36990 (1) obj. 2.92294e+06 iterations 12
Cbc0038I Pass  36: suminf.    0.32146 (1) obj. 2.92294e+06 iterations 2
Cbc0038I Pass  37: suminf.    0.98915 (3) obj. 2.92294e+06 iterations 15
Cbc0038I Pass  38: suminf.    0.64790 (3) obj. 2.92294e+06 iterations 1
Cbc0038I Pass  39: suminf.    0.38116 (1) obj. 2.92294e+06 iterations 5
Cbc0038I Pass  40: suminf.    0.36990 (1) obj. 2.92294e+06 iterations 12
Cbc0038I Pass  41: suminf.    0.32146 (1) obj. 2.92294e+06 iterations 2
Cbc0038I Pass  42: suminf.    1.23751 (5) obj. 2.92294e+06 iterations 7
Cbc0038I Pass  43: suminf.    0.66951 (5) obj. 2.92294e+06 iterations 1
Cbc0038I Pass  44: suminf.    0.66951 (5) obj. 2.92294e+06 iterations 0
Cbc0038I Pass  45: suminf.    0.64140 (3) obj. 2.92294e+06 iterations 13
Cbc0038I Pass  46: suminf.    0.38116 (1) obj. 2.92294e+06 iterations 5
Cbc0038I Pass  47: suminf.    0.36340 (1) obj. 2.92294e+06 iterations 12
Cbc0038I Pass  48: suminf.    0.31560 (1) obj. 2.92294e+06 iterations 2
Cbc0038I Pass  49: suminf.    0.88140 (4) obj. 2.92294e+06 iterations 9
Cbc0038I Pass  50: suminf.    0.64140 (3) obj. 2.92294e+06 iterations 1
Cbc0038I Pass  51: suminf.    0.38116 (1) obj. 2.92294e+06 iterations 5
Cbc0038I Pass  52: suminf.    0.36340 (1) obj. 2.92294e+06 iterations 10
Cbc0038I Pass  53: suminf.    0.31560 (1) obj. 2.92294e+06 iterations 2
Cbc0038I Pass  54: suminf.    0.32146 (1) obj. 2.92294e+06 iterations 10
Cbc0038I Pass  55: suminf.    0.36990 (1) obj. 2.92294e+06 iterations 1
Cbc0038I Pass  56: suminf.    0.32146 (1) obj. 2.92294e+06 iterations 1
Cbc0038I Pass  57: suminf.    0.63010 (2) obj. 2.92294e+06 iterations 13
Cbc0038I Pass  58: suminf.    0.27701 (2) obj. 2.92294e+06 iterations 4
Cbc0038I Pass  59: suminf.    0.63010 (2) obj. 2.92294e+06 iterations 3
Cbc0038I Pass  60: suminf.    0.32146 (1) obj. 2.92294e+06 iterations 9
Cbc0038I Pass  61: suminf.    0.36990 (1) obj. 2.92294e+06 iterations 1
Cbc0038I Pass  62: suminf.    0.32146 (1) obj. 2.92294e+06 iterations 1
Cbc0038I No solution found this major pass
Cbc0038I Before mini branch and bound, 4 integers at bound fixed and 69 continuous
Cbc0038I Full problem 114 rows 152 columns, reduced to 20 rows 26 columns
Cbc0038I Mini branch and bound did not improve solution (0.05 seconds)
Cbc0038I After 0.05 seconds - Feasibility pump exiting with objective of 2.92301e+06 - took 0.03 seconds
Cbc0012I Integer solution of 2923012.5 found by feasibility pump after 0 iterations and 0 nodes (0.05 seconds)
Cbc0038I Full problem 114 rows 152 columns, reduced to 66 rows 100 columns
Cbc0031I 9 added rows had average density of 18.888889
Cbc0013I At root node, 9 cuts changed objective from 2922844.3 to 2922969.5 in 100 passes
Cbc0014I Cut generator 0 (Probing) - 2 row cuts average 7.0 elements, 0 column cuts (0 active)  in 0.007 seconds - new frequency is -100
Cbc0014I Cut generator 1 (Gomory) - 275 row cuts average 34.6 elements, 0 column cuts (0 active)  in 0.012 seconds - new frequency is 1
Cbc0014I Cut generator 2 (Knapsack) - 0 row cuts average 0.0 elements, 0 column cuts (0 active)  in 0.023 seconds - new frequency is -100
Cbc0014I Cut generator 3 (Clique) - 0 row cuts average 0.0 elements, 0 column cuts (0 active)  in 0.000 seconds - new frequency is -100
Cbc0014I Cut generator 4 (MixedIntegerRounding2) - 5 row cuts average 7.0 elements, 0 column cuts (0 active)  in 0.006 seconds - new frequency is -100
Cbc0014I Cut generator 5 (FlowCover) - 0 row cuts average 0.0 elements, 0 column cuts (0 active)  in 0.016 seconds - new frequency is -100
Cbc0014I Cut generator 6 (TwoMirCuts) - 26 row cuts average 18.4 elements, 0 column cuts (0 active)  in 0.004 seconds - new frequency is -100
Cbc0010I After 0 nodes, 1 on tree, 2923012.5 best solution, best possible 2922969.5 (0.19 seconds)
Cbc0016I Integer solution of 2923000.7 found by strong branching after 949 iterations and 2 nodes (0.20 seconds)
Cbc0001I Search completed - best objective 2923000.696236736, took 949 iterations and 2 nodes (0.20 seconds)
Cbc0032I Strong branching done 14 times (59 iterations), fathomed 2 nodes and fixed 0 variables
Cbc0035I Maximum depth 0, 0 variables fixed on reduced cost
Cuts at root node changed objective from 2.92284e+06 to 2.92297e+06
Probing was tried 100 times and created 2 cuts of which 0 were active after adding rounds of cuts (0.007 seconds)
Gomory was tried 105 times and created 282 cuts of which 0 were active after adding rounds of cuts (0.013 seconds)
Knapsack was tried 100 times and created 0 cuts of which 0 were active after adding rounds of cuts (0.023 seconds)
Clique was tried 100 times and created 0 cuts of which 0 were active after adding rounds of cuts (0.000 seconds)
MixedIntegerRounding2 was tried 100 times and created 5 cuts of which 0 were active after adding rounds of cuts (0.006 seconds)
FlowCover was tried 100 times and created 0 cuts of which 0 were active after adding rounds of cuts (0.016 seconds)
TwoMirCuts was tried 100 times and created 26 cuts of which 0 were active after adding rounds of cuts (0.004 seconds)
ZeroHalf was tried 1 times and created 0 cuts of which 0 were active after adding rounds of cuts (0.000 seconds)

Result - Optimal solution found

Objective value:                2923000.69623674
Enumerated nodes:               2
Total iterations:               949
Time (CPU seconds):             0.20
Time (Wallclock seconds):       0.20

Option for printingOptions changed from normal to all
Total time (CPU seconds):       0.23   (Wallclock seconds):       0.23

