Welcome to the CBC MILP Solver 
Version: 2.10.3 
Build Date: Dec 15 2019 

command line - E:\dachuang\.venv\Lib\site-packages\pulp\apis\../solverdir/cbc/win/i64/cbc.exe model.mps -primalTolerance 1e-9 -integerTolerance 1e-9 -ratioGap 0 -allowableGap 0 -threads 0 -branch -printingOptions all -solution solution.txt -saveSolution solution.bin -quit (default strategy 1)
At line 2 NAME          MODEL
At line 3 ROWS
At line 317 COLUMNS
At line 1133 RHS
At line 1446 BOUNDS
At line 1521 ENDATA
Problem MODEL has 312 rows, 241 columns and 647 elements
Coin0008I MODEL read with 0 errors
primalTolerance was changed from 1e-07 to 1e-09
integerTolerance was changed from 1e-07 to 1e-09
ratioGap was changed from 0 to 0
allowableGap was changed from 1e-10 to 0
Continuous objective value is 496326 - 0.00 seconds
Cgl0003I 0 fixed, 0 tightened bounds, 3 strengthened rows, 0 substitutions
Cgl0004I processed model has 119 rows, 167 columns (24 integer (24 of which binary)) and 356 elements
Cbc0038I Initial state - 6 integers unsatisfied sum - 1.67043
Cbc0038I Pass   1: suminf.    0.00000 (0) obj. 510922 iterations 10
Cbc0038I Solution found of 510922
Cbc0038I Relaxing continuous gives 507094
Cbc0038I Before mini branch and bound, 18 integers at bound fixed and 92 continuous
Cbc0038I Full problem 119 rows 167 columns, reduced to 7 rows 11 columns
Cbc0038I Mini branch and bound improved solution from 507094 to 496489 (0.01 seconds)
Cbc0038I Round again with cutoff of 496474
Cbc0038I Pass   2: suminf.    1.10867 (4) obj. 496474 iterations 9
Cbc0038I Pass   3: suminf.    0.21621 (2) obj. 496474 iterations 14
Cbc0038I Pass   4: suminf.    0.06242 (1) obj. 496474 iterations 3
Cbc0038I Pass   5: suminf.    0.51792 (3) obj. 496474 iterations 3
Cbc0038I Pass   6: suminf.    0.21621 (2) obj. 496474 iterations 14
Cbc0038I Pass   7: suminf.    0.06242 (1) obj. 496474 iterations 3
Cbc0038I Pass   8: suminf.    1.11038 (4) obj. 496474 iterations 15
Cbc0038I Pass   9: suminf.    0.92617 (3) obj. 496474 iterations 2
Cbc0038I Pass  10: suminf.    0.08463 (1) obj. 496474 iterations 3
Cbc0038I Pass  11: suminf.    0.06242 (1) obj. 496474 iterations 1
Cbc0038I Pass  12: suminf.    0.06242 (1) obj. 496474 iterations 6
Cbc0038I Pass  13: suminf.    0.08463 (1) obj. 496474 iterations 6
Cbc0038I Pass  14: suminf.    0.06242 (1) obj. 496474 iterations 1
Cbc0038I Pass  15: suminf.    2.02688 (6) obj. 496474 iterations 13
Cbc0038I Pass  16: suminf.    0.95017 (3) obj. 496474 iterations 3
Cbc0038I Pass  17: suminf.    0.08463 (1) obj. 496474 iterations 3
Cbc0038I Pass  18: suminf.    0.06242 (1) obj. 496474 iterations 1
Cbc0038I Pass  19: suminf.    0.40979 (3) obj. 496474 iterations 16
Cbc0038I Pass  20: suminf.    0.21621 (2) obj. 496474 iterations 7
Cbc0038I Pass  21: suminf.    0.06242 (1) obj. 496474 iterations 3
Cbc0038I Pass  22: suminf.    0.85192 (4) obj. 496474 iterations 13
Cbc0038I Pass  23: suminf.    0.08463 (1) obj. 496474 iterations 9
Cbc0038I Pass  24: suminf.    0.06242 (1) obj. 496474 iterations 1
Cbc0038I Pass  25: suminf.    1.10992 (4) obj. 496474 iterations 7
Cbc0038I Pass  26: suminf.    0.08463 (1) obj. 496474 iterations 8
Cbc0038I Pass  27: suminf.    0.06242 (1) obj. 496474 iterations 1
Cbc0038I Pass  28: suminf.    0.55267 (2) obj. 496474 iterations 1
Cbc0038I Pass  29: suminf.    1.68917 (5) obj. 496474 iterations 7
Cbc0038I Pass  30: suminf.    1.29317 (4) obj. 496474 iterations 1
Cbc0038I Pass  31: suminf.    0.08463 (1) obj. 496474 iterations 8
Cbc0038I No solution found this major pass
Cbc0038I Before mini branch and bound, 1 integers at bound fixed and 81 continuous
Cbc0038I Full problem 119 rows 167 columns, reduced to 8 rows 12 columns
Cbc0038I Mini branch and bound did not improve solution (0.02 seconds)
Cbc0038I After 0.02 seconds - Feasibility pump exiting with objective of 496489 - took 0.02 seconds
Cbc0012I Integer solution of 496488.65 found by feasibility pump after 0 iterations and 0 nodes (0.02 seconds)
Cbc0038I Full problem 119 rows 167 columns, reduced to 68 rows 116 columns
Cbc0031I 6 added rows had average density of 7.3333333
Cbc0013I At root node, 6 cuts changed objective from 496343.76 to 496487.92 in 4 passes
Cbc0014I Cut generator 0 (Probing) - 2 row cuts average 2.0 elements, 4 column cuts (4 active)  in 0.000 seconds - new frequency is 1
Cbc0014I Cut generator 1 (Gomory) - 7 row cuts average 12.1 elements, 0 column cuts (0 active)  in 0.000 seconds - new frequency is 1
Cbc0014I Cut generator 2 (Knapsack) - 0 row cuts average 0.0 elements, 0 column cuts (0 active)  in 0.000 seconds - new frequency is -100
Cbc0014I Cut generator 3 (Clique) - 0 row cuts average 0.0 elements, 0 column cuts (0 active)  in 0.000 seconds - new frequency is -100
Cbc0014I Cut generator 4 (MixedIntegerRounding2) - 2 row cuts average 5.0 elements, 0 column cuts (0 active)  in 0.000 seconds - new frequency is 1
Cbc0014I Cut generator 5 (FlowCover) - 0 row cuts average 0.0 elements, 0 column cuts (0 active)  in 0.000 seconds - new frequency is -100
Cbc0014I Cut generator 6 (TwoMirCuts) - 7 row cuts average 7.3 elements, 0 column cuts (0 active)  in 0.000 seconds - new frequency is -100
Cbc0001I Search completed - best objective 496488.6505920973, took 17 iterations and 0 nodes (0.03 seconds)
Cbc0032I Strong branching done 2 times (6 iterations), fathomed 1 nodes and fixed 0 variables
Cbc0035I Maximum depth 0, 0 variables fixed on reduced cost
Cuts at root node changed objective from 496344 to 496489
Probing was tried 4 times and created 6 cuts of which 0 were active after adding rounds of cuts (0.000 seconds)
Gomory was tried 4 times and created 7 cuts of which 0 were active after adding rounds of cuts (0.000 seconds)
Knapsack was tried 4 times and created 0 cuts of which 0 were active after adding rounds of cuts (0.000 seconds)
Clique was tried 4 times and created 0 cuts of which 0 were active after adding rounds of cuts (0.000 seconds)
MixedIntegerRounding2 was tried 4 times and created 2 cuts of which 0 were active after adding rounds of cuts (0.000 seconds)
FlowCover was tried 4 times and created 0 cuts of which 0 were active after adding rounds of cuts (0.000 seconds)
TwoMirCuts was tried 4 times and created 7 cuts of which 0 were active after adding rounds of cuts (0.000 seconds)
ZeroHalf was tried 1 times and created 0 cuts of which 0 were active after adding rounds of cuts (0.000 seconds)

Result - Optimal solution found

Objective value:                496488.65059210
Enumerated nodes:               0
Total iterations:               17
Time (CPU seconds):             0.04
Time (Wallclock seconds):       0.04

Option for printingOptions changed from normal to all
Total time (CPU seconds):       0.06   (Wallclock seconds):       0.06

