Welcome to the CBC MILP Solver 
Version: 2.10.3 
Build Date: Dec 15 2019 

command line - E:\dachuang\.venv\Lib\site-packages\pulp\apis\../solverdir/cbc/win/i64/cbc.exe model.mps -primalTolerance 1e-9 -integerTolerance 1e-9 -ratioGap 0 -allowableGap 0 -threads 0 -branch -printingOptions all -solution solution.txt -saveSolution solution.bin -quit (default strategy 1)
At line 2 NAME          MODEL
At line 3 ROWS
At line 317 COLUMNS
At line 1133 RHS
At line 1446 BOUNDS
At line 1521 ENDATA
Problem MODEL has 312 rows, 241 columns and 647 elements
Coin0008I MODEL read with 0 errors
primalTolerance was changed from 1e-07 to 1e-09
integerTolerance was changed from 1e-07 to 1e-09
ratioGap was changed from 0 to 0
allowableGap was changed from 1e-10 to 0
Continuous objective value is 1.91742e+06 - 0.00 seconds
Cgl0003I 0 fixed, 0 tightened bounds, 2 strengthened rows, 0 substitutions
Cgl0004I processed model has 115 rows, 158 columns (24 integer (24 of which binary)) and 335 elements
Cbc0038I Initial state - 9 integers unsatisfied sum - 2.47978
Cbc0038I Pass   1: suminf.    0.00000 (0) obj. 2.08699e+06 iterations 24
Cbc0038I Solution found of 2.08699e+06
Cbc0038I Relaxing continuous gives 2.08579e+06
Cbc0038I Before mini branch and bound, 15 integers at bound fixed and 74 continuous
Cbc0038I Full problem 115 rows 158 columns, reduced to 8 rows 14 columns
Cbc0038I Mini branch and bound improved solution from 2.08579e+06 to 1.91774e+06 (0.01 seconds)
Cbc0038I Round again with cutoff of 1.91771e+06
Cbc0038I Pass   2: suminf.    1.18005 (5) obj. 1.91771e+06 iterations 24
Cbc0038I Pass   3: suminf.    0.14649 (2) obj. 1.91771e+06 iterations 14
Cbc0038I Pass   4: suminf.    0.13563 (1) obj. 1.91771e+06 iterations 8
Cbc0038I Pass   5: suminf.    0.16551 (1) obj. 1.91771e+06 iterations 2
Cbc0038I Pass   6: suminf.    0.63939 (2) obj. 1.91771e+06 iterations 14
Cbc0038I Pass   7: suminf.    0.62036 (2) obj. 1.91771e+06 iterations 1
Cbc0038I Pass   8: suminf.    0.16551 (1) obj. 1.91771e+06 iterations 3
Cbc0038I Pass   9: suminf.    0.14649 (1) obj. 1.91771e+06 iterations 1
Cbc0038I Pass  10: suminf.    0.62036 (2) obj. 1.91771e+06 iterations 7
Cbc0038I Pass  11: suminf.    0.16551 (1) obj. 1.91771e+06 iterations 3
Cbc0038I Pass  12: suminf.    0.14649 (1) obj. 1.91771e+06 iterations 1
Cbc0038I Pass  13: suminf.    0.49799 (4) obj. 1.91771e+06 iterations 17
Cbc0038I Pass  14: suminf.    0.13563 (1) obj. 1.91771e+06 iterations 10
Cbc0038I Pass  15: suminf.    0.16551 (1) obj. 1.91771e+06 iterations 2
Cbc0038I Pass  16: suminf.    0.22713 (2) obj. 1.91771e+06 iterations 11
Cbc0038I Pass  17: suminf.    0.16551 (1) obj. 1.91771e+06 iterations 3
Cbc0038I Pass  18: suminf.    0.13563 (1) obj. 1.91771e+06 iterations 1
Cbc0038I Pass  19: suminf.    0.42172 (1) obj. 1.91771e+06 iterations 20
Cbc0038I Pass  20: suminf.    0.10149 (2) obj. 1.91771e+06 iterations 4
Cbc0038I Pass  21: suminf.    0.42172 (2) obj. 1.91771e+06 iterations 5
Cbc0038I Pass  22: suminf.    0.45109 (2) obj. 1.91771e+06 iterations 3
Cbc0038I Pass  23: suminf.    0.45109 (2) obj. 1.91771e+06 iterations 0
Cbc0038I Pass  24: suminf.    0.46349 (2) obj. 1.91771e+06 iterations 7
Cbc0038I Pass  25: suminf.    0.17499 (3) obj. 1.91771e+06 iterations 15
Cbc0038I Pass  26: suminf.    0.12886 (1) obj. 1.91771e+06 iterations 9
Cbc0038I Pass  27: suminf.    0.17301 (1) obj. 1.91771e+06 iterations 2
Cbc0038I Pass  28: suminf.    0.47443 (3) obj. 1.91771e+06 iterations 12
Cbc0038I Pass  29: suminf.    0.17301 (1) obj. 1.91771e+06 iterations 6
Cbc0038I Pass  30: suminf.    0.12886 (1) obj. 1.91771e+06 iterations 1
Cbc0038I Pass  31: suminf.    0.40843 (3) obj. 1.91771e+06 iterations 5
Cbc0038I No solution found this major pass
Cbc0038I Before mini branch and bound, 0 integers at bound fixed and 68 continuous
Cbc0038I Full problem 115 rows 158 columns, reduced to 21 rows 27 columns
Cbc0038I Mini branch and bound improved solution from 1.91774e+06 to 1.91766e+06 (0.02 seconds)
Cbc0038I Round again with cutoff of 1.91761e+06
Cbc0038I Pass  31: suminf.    1.58519 (6) obj. 1.91761e+06 iterations 3
Cbc0038I Pass  32: suminf.    0.58300 (2) obj. 1.91761e+06 iterations 11
Cbc0038I Pass  33: suminf.    0.58300 (2) obj. 1.91761e+06 iterations 0
Cbc0038I Pass  34: suminf.    0.54077 (2) obj. 1.91761e+06 iterations 3
Cbc0038I Pass  35: suminf.    0.54077 (2) obj. 1.91761e+06 iterations 0
Cbc0038I Pass  36: suminf.    0.55040 (3) obj. 1.91761e+06 iterations 18
Cbc0038I Pass  37: suminf.    0.55040 (3) obj. 1.91761e+06 iterations 0
Cbc0038I Pass  38: suminf.    0.84876 (3) obj. 1.91761e+06 iterations 3
Cbc0038I Pass  39: suminf.    0.84876 (3) obj. 1.91761e+06 iterations 1
Cbc0038I Pass  40: suminf.    0.82686 (3) obj. 1.91761e+06 iterations 12
Cbc0038I Pass  41: suminf.    0.55040 (3) obj. 1.91761e+06 iterations 1
Cbc0038I Pass  42: suminf.    0.55040 (3) obj. 1.91761e+06 iterations 0
Cbc0038I Pass  43: suminf.    0.84876 (3) obj. 1.91761e+06 iterations 3
Cbc0038I Pass  44: suminf.    0.84876 (3) obj. 1.91761e+06 iterations 1
Cbc0038I Pass  45: suminf.    0.82686 (3) obj. 1.91761e+06 iterations 11
Cbc0038I Pass  46: suminf.    0.55040 (3) obj. 1.91761e+06 iterations 1
Cbc0038I Pass  47: suminf.    0.55040 (3) obj. 1.91761e+06 iterations 0
Cbc0038I Pass  48: suminf.    0.84876 (3) obj. 1.91761e+06 iterations 3
Cbc0038I Pass  49: suminf.    0.84876 (3) obj. 1.91761e+06 iterations 1
Cbc0038I Pass  50: suminf.    0.82686 (3) obj. 1.91761e+06 iterations 11
Cbc0038I Pass  51: suminf.    0.55040 (3) obj. 1.91761e+06 iterations 1
Cbc0038I Pass  52: suminf.    0.55040 (3) obj. 1.91761e+06 iterations 0
Cbc0038I Pass  53: suminf.    0.84876 (3) obj. 1.91761e+06 iterations 3
Cbc0038I Pass  54: suminf.    0.84876 (3) obj. 1.91761e+06 iterations 1
Cbc0038I Pass  55: suminf.    0.82686 (3) obj. 1.91761e+06 iterations 11
Cbc0038I Pass  56: suminf.    0.55040 (3) obj. 1.91761e+06 iterations 1
Cbc0038I Pass  57: suminf.    0.55040 (3) obj. 1.91761e+06 iterations 0
Cbc0038I Pass  58: suminf.    0.84876 (3) obj. 1.91761e+06 iterations 3
Cbc0038I Pass  59: suminf.    0.84876 (3) obj. 1.91761e+06 iterations 1
Cbc0038I Pass  60: suminf.    0.82686 (3) obj. 1.91761e+06 iterations 11
Cbc0038I No solution found this major pass
Cbc0038I Before mini branch and bound, 12 integers at bound fixed and 79 continuous
Cbc0038I Full problem 115 rows 158 columns, reduced to 16 rows 20 columns
Cbc0038I Mini branch and bound did not improve solution (0.03 seconds)
Cbc0038I After 0.03 seconds - Feasibility pump exiting with objective of 1.91766e+06 - took 0.03 seconds
Cbc0012I Integer solution of 1917661.5 found by feasibility pump after 0 iterations and 0 nodes (0.03 seconds)
Cbc0038I Full problem 115 rows 158 columns, reduced to 76 rows 116 columns
Cbc0031I 12 added rows had average density of 18.75
Cbc0013I At root node, 12 cuts changed objective from 1917424.9 to 1917661.4 in 14 passes
Cbc0014I Cut generator 0 (Probing) - 1 row cuts average 2.0 elements, 2 column cuts (2 active)  in 0.002 seconds - new frequency is 1
Cbc0014I Cut generator 1 (Gomory) - 32 row cuts average 22.8 elements, 0 column cuts (0 active)  in 0.001 seconds - new frequency is 1
Cbc0014I Cut generator 2 (Knapsack) - 0 row cuts average 0.0 elements, 0 column cuts (0 active)  in 0.002 seconds - new frequency is -100
Cbc0014I Cut generator 3 (Clique) - 0 row cuts average 0.0 elements, 0 column cuts (0 active)  in 0.000 seconds - new frequency is -100
Cbc0014I Cut generator 4 (MixedIntegerRounding2) - 2 row cuts average 4.5 elements, 0 column cuts (0 active)  in 0.001 seconds - new frequency is -100
Cbc0014I Cut generator 5 (FlowCover) - 0 row cuts average 0.0 elements, 0 column cuts (0 active)  in 0.003 seconds - new frequency is -100
Cbc0014I Cut generator 6 (TwoMirCuts) - 24 row cuts average 13.4 elements, 0 column cuts (0 active)  in 0.002 seconds - new frequency is -100
Cbc0001I Search completed - best objective 1917661.542841989, took 84 iterations and 0 nodes (0.06 seconds)
Cbc0032I Strong branching done 2 times (11 iterations), fathomed 1 nodes and fixed 0 variables
Cbc0035I Maximum depth 0, 0 variables fixed on reduced cost
Cuts at root node changed objective from 1.91742e+06 to 1.91766e+06
Probing was tried 14 times and created 3 cuts of which 0 were active after adding rounds of cuts (0.002 seconds)
Gomory was tried 14 times and created 32 cuts of which 0 were active after adding rounds of cuts (0.001 seconds)
Knapsack was tried 14 times and created 0 cuts of which 0 were active after adding rounds of cuts (0.002 seconds)
Clique was tried 14 times and created 0 cuts of which 0 were active after adding rounds of cuts (0.000 seconds)
MixedIntegerRounding2 was tried 14 times and created 2 cuts of which 0 were active after adding rounds of cuts (0.001 seconds)
FlowCover was tried 14 times and created 0 cuts of which 0 were active after adding rounds of cuts (0.003 seconds)
TwoMirCuts was tried 14 times and created 24 cuts of which 0 were active after adding rounds of cuts (0.002 seconds)
ZeroHalf was tried 1 times and created 0 cuts of which 0 were active after adding rounds of cuts (0.000 seconds)

Result - Optimal solution found

Objective value:                1917661.54284199
Enumerated nodes:               0
Total iterations:               84
Time (CPU seconds):             0.06
Time (Wallclock seconds):       0.06

Option for printingOptions changed from normal to all
Total time (CPU seconds):       0.09   (Wallclock seconds):       0.09

