Welcome to the CBC MILP Solver 
Version: 2.10.3 
Build Date: Dec 15 2019 

command line - E:\dachuang\.venv\Lib\site-packages\pulp\apis\../solverdir/cbc/win/i64/cbc.exe model.mps -primalTolerance 1e-9 -integerTolerance 1e-9 -ratioGap 0 -allowableGap 0 -threads 0 -branch -printingOptions all -solution solution.txt -saveSolution solution.bin -quit (default strategy 1)
At line 2 NAME          MODEL
At line 3 ROWS
At line 317 COLUMNS
At line 1133 RHS
At line 1446 BOUNDS
At line 1521 ENDATA
Problem MODEL has 312 rows, 241 columns and 647 elements
Coin0008I MODEL read with 0 errors
primalTolerance was changed from 1e-07 to 1e-09
integerTolerance was changed from 1e-07 to 1e-09
ratioGap was changed from 0 to 0
allowableGap was changed from 1e-10 to 0
Continuous objective value is 3.43262e+06 - 0.00 seconds
Cgl0003I 0 fixed, 0 tightened bounds, 2 strengthened rows, 0 substitutions
Cgl0004I processed model has 112 rows, 153 columns (24 integer (24 of which binary)) and 321 elements
Cbc0038I Initial state - 9 integers unsatisfied sum - 2.62768
Cbc0038I Pass   1: suminf.    0.00000 (0) obj. 3.45275e+06 iterations 14
Cbc0038I Solution found of 3.45275e+06
Cbc0038I Relaxing continuous gives 3.45158e+06
Cbc0038I Before mini branch and bound, 15 integers at bound fixed and 85 continuous
Cbc0038I Full problem 112 rows 153 columns, reduced to 11 rows 12 columns
Cbc0038I Mini branch and bound improved solution from 3.45158e+06 to 3.43321e+06 (0.01 seconds)
Cbc0038I Round again with cutoff of 3.43315e+06
Cbc0038I Pass   2: suminf.    0.35817 (3) obj. 3.43315e+06 iterations 7
Cbc0038I Pass   3: suminf.    0.12627 (1) obj. 3.43315e+06 iterations 9
Cbc0038I Pass   4: suminf.    0.00000 (0) obj. 3.43315e+06 iterations 2
Cbc0038I Solution found of 3.43315e+06
Cbc0038I Relaxing continuous gives 3.43304e+06
Cbc0038I Before mini branch and bound, 15 integers at bound fixed and 84 continuous
Cbc0038I Full problem 112 rows 153 columns, reduced to 16 rows 20 columns
Cbc0038I Mini branch and bound improved solution from 3.43304e+06 to 3.43295e+06 (0.02 seconds)
Cbc0038I Round again with cutoff of 3.43289e+06
Cbc0038I Pass   5: suminf.    0.80631 (5) obj. 3.43289e+06 iterations 4
Cbc0038I Pass   6: suminf.    0.74312 (5) obj. 3.43289e+06 iterations 5
Cbc0038I Pass   7: suminf.    0.52476 (3) obj. 3.43289e+06 iterations 12
Cbc0038I Pass   8: suminf.    1.24812 (4) obj. 3.43289e+06 iterations 4
Cbc0038I Pass   9: suminf.    0.50737 (3) obj. 3.43289e+06 iterations 7
Cbc0038I Pass  10: suminf.    0.50737 (3) obj. 3.43289e+06 iterations 0
Cbc0038I Pass  11: suminf.    0.43537 (3) obj. 3.43289e+06 iterations 1
Cbc0038I Pass  12: suminf.    0.43537 (3) obj. 3.43289e+06 iterations 0
Cbc0038I Pass  13: suminf.    0.50737 (3) obj. 3.43289e+06 iterations 7
Cbc0038I Pass  14: suminf.    0.43537 (3) obj. 3.43289e+06 iterations 5
Cbc0038I Pass  15: suminf.    0.50737 (3) obj. 3.43289e+06 iterations 7
Cbc0038I Pass  16: suminf.    0.50737 (3) obj. 3.43289e+06 iterations 0
Cbc0038I Pass  17: suminf.    0.43537 (3) obj. 3.43289e+06 iterations 3
Cbc0038I Pass  18: suminf.    0.43537 (3) obj. 3.43289e+06 iterations 0
Cbc0038I Pass  19: suminf.    0.57487 (3) obj. 3.43289e+06 iterations 16
Cbc0038I Pass  20: suminf.    0.64687 (3) obj. 3.43289e+06 iterations 3
Cbc0038I Pass  21: suminf.    0.64687 (3) obj. 3.43289e+06 iterations 0
Cbc0038I Pass  22: suminf.    0.57487 (3) obj. 3.43289e+06 iterations 1
Cbc0038I Pass  23: suminf.    0.57487 (3) obj. 3.43289e+06 iterations 0
Cbc0038I Pass  24: suminf.    0.47251 (1) obj. 3.43289e+06 iterations 8
Cbc0038I Pass  25: suminf.    0.47251 (1) obj. 3.43289e+06 iterations 3
Cbc0038I Pass  26: suminf.    0.50737 (3) obj. 3.43289e+06 iterations 4
Cbc0038I Pass  27: suminf.    0.50737 (3) obj. 3.43289e+06 iterations 9
Cbc0038I Pass  28: suminf.    0.50737 (3) obj. 3.43289e+06 iterations 0
Cbc0038I Pass  29: suminf.    0.43537 (3) obj. 3.43289e+06 iterations 2
Cbc0038I Pass  30: suminf.    0.43537 (3) obj. 3.43289e+06 iterations 0
Cbc0038I Pass  31: suminf.    0.50737 (3) obj. 3.43289e+06 iterations 7
Cbc0038I Pass  32: suminf.    2.23983 (7) obj. 3.43289e+06 iterations 17
Cbc0038I Pass  33: suminf.    1.13576 (4) obj. 3.43289e+06 iterations 3
Cbc0038I Pass  34: suminf.    1.38762 (4) obj. 3.43289e+06 iterations 6
Cbc0038I No solution found this major pass
Cbc0038I Before mini branch and bound, 4 integers at bound fixed and 70 continuous
Cbc0038I Full problem 112 rows 153 columns, reduced to 23 rows 29 columns
Cbc0038I Mini branch and bound improved solution from 3.43295e+06 to 3.43292e+06 (0.03 seconds)
Cbc0038I Round again with cutoff of 3.43281e+06
Cbc0038I Pass  34: suminf.    1.14937 (5) obj. 3.43281e+06 iterations 0
Cbc0038I Pass  35: suminf.    1.12324 (5) obj. 3.43281e+06 iterations 5
Cbc0038I Pass  36: suminf.    0.83288 (5) obj. 3.43281e+06 iterations 13
Cbc0038I Pass  37: suminf.    0.83288 (5) obj. 3.43281e+06 iterations 0
Cbc0038I Pass  38: suminf.    0.95499 (5) obj. 3.43281e+06 iterations 11
Cbc0038I Pass  39: suminf.    0.95499 (5) obj. 3.43281e+06 iterations 0
Cbc0038I Pass  40: suminf.    0.83288 (5) obj. 3.43281e+06 iterations 3
Cbc0038I Pass  41: suminf.    0.96449 (6) obj. 3.43281e+06 iterations 22
Cbc0038I Pass  42: suminf.    0.96449 (6) obj. 3.43281e+06 iterations 0
Cbc0038I Pass  43: suminf.    0.83288 (5) obj. 3.43281e+06 iterations 4
Cbc0038I Pass  44: suminf.    0.83288 (5) obj. 3.43281e+06 iterations 0
Cbc0038I Pass  45: suminf.    0.95499 (5) obj. 3.43281e+06 iterations 11
Cbc0038I Pass  46: suminf.    0.95499 (5) obj. 3.43281e+06 iterations 0
Cbc0038I Pass  47: suminf.    1.19499 (6) obj. 3.43281e+06 iterations 5
Cbc0038I Pass  48: suminf.    0.95499 (5) obj. 3.43281e+06 iterations 1
Cbc0038I Pass  49: suminf.    0.83288 (5) obj. 3.43281e+06 iterations 3
Cbc0038I Pass  50: suminf.    0.83288 (5) obj. 3.43281e+06 iterations 0
Cbc0038I Pass  51: suminf.    0.95499 (5) obj. 3.43281e+06 iterations 11
Cbc0038I Pass  52: suminf.    1.21238 (6) obj. 3.43281e+06 iterations 3
Cbc0038I Pass  53: suminf.    0.97238 (5) obj. 3.43281e+06 iterations 1
Cbc0038I Pass  54: suminf.    0.81549 (5) obj. 3.43281e+06 iterations 5
Cbc0038I Pass  55: suminf.    0.81549 (5) obj. 3.43281e+06 iterations 0
Cbc0038I Pass  56: suminf.    0.97238 (5) obj. 3.43281e+06 iterations 9
Cbc0038I Pass  57: suminf.    0.98188 (6) obj. 3.43281e+06 iterations 7
Cbc0038I Pass  58: suminf.    0.98188 (6) obj. 3.43281e+06 iterations 0
Cbc0038I Pass  59: suminf.    0.81549 (5) obj. 3.43281e+06 iterations 6
Cbc0038I Pass  60: suminf.    0.81549 (5) obj. 3.43281e+06 iterations 0
Cbc0038I Pass  61: suminf.    0.97238 (5) obj. 3.43281e+06 iterations 9
Cbc0038I Pass  62: suminf.    0.97238 (5) obj. 3.43281e+06 iterations 0
Cbc0038I Pass  63: suminf.    0.97238 (5) obj. 3.43281e+06 iterations 3
Cbc0038I No solution found this major pass
Cbc0038I Before mini branch and bound, 5 integers at bound fixed and 72 continuous
Cbc0038I Full problem 112 rows 153 columns, reduced to 24 rows 31 columns
Cbc0038I Mini branch and bound did not improve solution (0.04 seconds)
Cbc0038I After 0.04 seconds - Feasibility pump exiting with objective of 3.43292e+06 - took 0.04 seconds
Cbc0012I Integer solution of 3432916.1 found by feasibility pump after 0 iterations and 0 nodes (0.04 seconds)
Cbc0038I Full problem 112 rows 153 columns, reduced to 72 rows 108 columns
Cbc0031I 8 added rows had average density of 8.875
Cbc0013I At root node, 8 cuts changed objective from 3432622.2 to 3432911.7 in 100 passes
Cbc0014I Cut generator 0 (Probing) - 3 row cuts average 2.0 elements, 2 column cuts (2 active)  in 0.005 seconds - new frequency is -100
Cbc0014I Cut generator 1 (Gomory) - 258 row cuts average 35.1 elements, 0 column cuts (0 active)  in 0.005 seconds - new frequency is 1
Cbc0014I Cut generator 2 (Knapsack) - 0 row cuts average 0.0 elements, 0 column cuts (0 active)  in 0.015 seconds - new frequency is -100
Cbc0014I Cut generator 3 (Clique) - 0 row cuts average 0.0 elements, 0 column cuts (0 active)  in 0.000 seconds - new frequency is -100
Cbc0014I Cut generator 4 (MixedIntegerRounding2) - 5 row cuts average 4.8 elements, 0 column cuts (0 active)  in 0.004 seconds - new frequency is -100
Cbc0014I Cut generator 5 (FlowCover) - 0 row cuts average 0.0 elements, 0 column cuts (0 active)  in 0.022 seconds - new frequency is -100
Cbc0014I Cut generator 6 (TwoMirCuts) - 26 row cuts average 13.3 elements, 0 column cuts (0 active)  in 0.005 seconds - new frequency is -100
Cbc0010I After 0 nodes, 1 on tree, 3432916.1 best solution, best possible 3432911.7 (0.15 seconds)
Cbc0001I Search completed - best objective 3432916.052591991, took 697 iterations and 2 nodes (0.16 seconds)
Cbc0032I Strong branching done 8 times (25 iterations), fathomed 1 nodes and fixed 0 variables
Cbc0035I Maximum depth 0, 0 variables fixed on reduced cost
Cuts at root node changed objective from 3.43262e+06 to 3.43291e+06
Probing was tried 100 times and created 5 cuts of which 0 were active after adding rounds of cuts (0.005 seconds)
Gomory was tried 109 times and created 272 cuts of which 0 were active after adding rounds of cuts (0.006 seconds)
Knapsack was tried 100 times and created 0 cuts of which 0 were active after adding rounds of cuts (0.015 seconds)
Clique was tried 100 times and created 0 cuts of which 0 were active after adding rounds of cuts (0.000 seconds)
MixedIntegerRounding2 was tried 100 times and created 5 cuts of which 0 were active after adding rounds of cuts (0.004 seconds)
FlowCover was tried 100 times and created 0 cuts of which 0 were active after adding rounds of cuts (0.022 seconds)
TwoMirCuts was tried 100 times and created 26 cuts of which 0 were active after adding rounds of cuts (0.005 seconds)
ZeroHalf was tried 1 times and created 0 cuts of which 0 were active after adding rounds of cuts (0.000 seconds)

Result - Optimal solution found

Objective value:                3432916.05259199
Enumerated nodes:               2
Total iterations:               697
Time (CPU seconds):             0.16
Time (Wallclock seconds):       0.16

Option for printingOptions changed from normal to all
Total time (CPU seconds):       0.18   (Wallclock seconds):       0.19

