Welcome to the CBC MILP Solver 
Version: 2.10.3 
Build Date: Dec 15 2019 

command line - E:\dachuang\.venv\Lib\site-packages\pulp\apis\../solverdir/cbc/win/i64/cbc.exe model.mps -primalTolerance 1e-9 -integerTolerance 1e-9 -ratioGap 0 -allowableGap 0 -threads 0 -branch -printingOptions all -solution solution.txt -saveSolution solution.bin -quit (default strategy 1)
At line 2 NAME          MODEL
At line 3 ROWS
At line 317 COLUMNS
At line 1133 RHS
At line 1446 BOUNDS
At line 1521 ENDATA
Problem MODEL has 312 rows, 241 columns and 647 elements
Coin0008I MODEL read with 0 errors
primalTolerance was changed from 1e-07 to 1e-09
integerTolerance was changed from 1e-07 to 1e-09
ratioGap was changed from 0 to 0
allowableGap was changed from 1e-10 to 0
Continuous objective value is 664657 - 0.00 seconds
Cgl0003I 0 fixed, 0 tightened bounds, 3 strengthened rows, 0 substitutions
Cgl0004I processed model has 119 rows, 167 columns (24 integer (24 of which binary)) and 356 elements
Cbc0038I Initial state - 4 integers unsatisfied sum - 0.980472
Cbc0038I Pass   1: suminf.    0.00000 (0) obj. 744444 iterations 9
Cbc0038I Solution found of 744444
Cbc0038I Relaxing continuous gives 669733
Cbc0038I Before mini branch and bound, 20 integers at bound fixed and 90 continuous
Cbc0038I Full problem 119 rows 167 columns, reduced to 6 rows 9 columns
Cbc0038I Mini branch and bound improved solution from 669733 to 664796 (0.01 seconds)
Cbc0038I Round again with cutoff of 664784
Cbc0038I Pass   2: suminf.    0.50691 (3) obj. 664784 iterations 22
Cbc0038I Pass   3: suminf.    0.05769 (1) obj. 664784 iterations 17
Cbc0038I Pass   4: suminf.    0.05206 (1) obj. 664784 iterations 1
Cbc0038I Pass   5: suminf.    0.52106 (2) obj. 664784 iterations 3
Cbc0038I Pass   6: suminf.    0.05206 (1) obj. 664784 iterations 1
Cbc0038I Pass   7: suminf.    0.05769 (1) obj. 664784 iterations 2
Cbc0038I Pass   8: suminf.    0.54119 (2) obj. 664784 iterations 6
Cbc0038I Pass   9: suminf.    0.05206 (1) obj. 664784 iterations 2
Cbc0038I Pass  10: suminf.    0.05769 (1) obj. 664784 iterations 2
Cbc0038I Pass  11: suminf.    0.09695 (1) obj. 664784 iterations 12
Cbc0038I Solution found of 664784
Cbc0038I Relaxing continuous gives 664773
Cbc0038I Before mini branch and bound, 10 integers at bound fixed and 88 continuous
Cbc0038I Full problem 119 rows 167 columns, reduced to 7 rows 11 columns
Cbc0038I Mini branch and bound did not improve solution (0.02 seconds)
Cbc0038I Round again with cutoff of 664753
Cbc0038I Pass  12: suminf.    0.63697 (3) obj. 664753 iterations 0
Cbc0038I Pass  13: suminf.    0.20180 (1) obj. 664753 iterations 17
Cbc0038I Pass  14: suminf.    0.18213 (1) obj. 664753 iterations 1
Cbc0038I Pass  15: suminf.    0.47651 (4) obj. 664753 iterations 27
Cbc0038I Pass  16: suminf.    0.47651 (4) obj. 664753 iterations 1
Cbc0038I Pass  17: suminf.    0.34351 (2) obj. 664753 iterations 8
Cbc0038I Pass  18: suminf.    0.04391 (1) obj. 664753 iterations 2
Cbc0038I Pass  19: suminf.    0.32463 (1) obj. 664753 iterations 4
Cbc0038I Pass  20: suminf.    0.66513 (3) obj. 664753 iterations 23
Cbc0038I Pass  21: suminf.    0.66513 (3) obj. 664753 iterations 0
Cbc0038I Pass  22: suminf.    0.20180 (1) obj. 664753 iterations 4
Cbc0038I Pass  23: suminf.    0.18213 (1) obj. 664753 iterations 1
Cbc0038I Pass  24: suminf.    0.99641 (3) obj. 664753 iterations 12
Cbc0038I Pass  25: suminf.    0.52741 (2) obj. 664753 iterations 1
Cbc0038I Pass  26: suminf.    0.32463 (1) obj. 664753 iterations 5
Cbc0038I Pass  27: suminf.    0.34351 (2) obj. 664753 iterations 3
Cbc0038I Pass  28: suminf.    0.04391 (1) obj. 664753 iterations 2
Cbc0038I Pass  29: suminf.    0.58641 (3) obj. 664753 iterations 5
Cbc0038I Pass  30: suminf.    0.58641 (3) obj. 664753 iterations 0
Cbc0038I Pass  31: suminf.    0.32463 (1) obj. 664753 iterations 6
Cbc0038I Pass  32: suminf.    0.34351 (2) obj. 664753 iterations 3
Cbc0038I Pass  33: suminf.    0.04391 (1) obj. 664753 iterations 2
Cbc0038I Pass  34: suminf.    0.52741 (2) obj. 664753 iterations 2
Cbc0038I Pass  35: suminf.    0.32463 (1) obj. 664753 iterations 5
Cbc0038I Pass  36: suminf.    0.34351 (2) obj. 664753 iterations 3
Cbc0038I Pass  37: suminf.    0.04391 (1) obj. 664753 iterations 2
Cbc0038I Pass  38: suminf.    0.04391 (1) obj. 664753 iterations 1
Cbc0038I Pass  39: suminf.    0.32463 (1) obj. 664753 iterations 4
Cbc0038I Pass  40: suminf.    0.34351 (2) obj. 664753 iterations 3
Cbc0038I Pass  41: suminf.    0.04391 (1) obj. 664753 iterations 2
Cbc0038I No solution found this major pass
Cbc0038I Before mini branch and bound, 4 integers at bound fixed and 85 continuous
Cbc0038I Full problem 119 rows 167 columns, reduced to 13 rows 17 columns
Cbc0038I Mini branch and bound improved solution from 664773 to 664763 (0.03 seconds)
Cbc0038I Round again with cutoff of 664730
Cbc0038I Pass  41: suminf.    0.73852 (3) obj. 664730 iterations 0
Cbc0038I Pass  42: suminf.    0.31432 (1) obj. 664730 iterations 17
Cbc0038I Pass  43: suminf.    0.28368 (1) obj. 664730 iterations 1
Cbc0038I Pass  44: suminf.    1.38283 (5) obj. 664730 iterations 9
Cbc0038I Pass  45: suminf.    0.48532 (4) obj. 664730 iterations 1
Cbc0038I Pass  46: suminf.    0.48532 (4) obj. 664730 iterations 3
Cbc0038I Pass  47: suminf.    0.18618 (1) obj. 664730 iterations 6
Cbc0038I Pass  48: suminf.    0.18618 (1) obj. 664730 iterations 0
Cbc0038I Pass  49: suminf.    0.31432 (1) obj. 664730 iterations 2
Cbc0038I Pass  50: suminf.    0.28368 (1) obj. 664730 iterations 1
Cbc0038I Pass  51: suminf.    0.35768 (2) obj. 664730 iterations 15
Cbc0038I Pass  52: suminf.    0.31432 (1) obj. 664730 iterations 3
Cbc0038I Pass  53: suminf.    0.28368 (1) obj. 664730 iterations 1
Cbc0038I Pass  54: suminf.    0.66968 (2) obj. 664730 iterations 4
Cbc0038I Pass  55: suminf.    0.66968 (2) obj. 664730 iterations 0
Cbc0038I Pass  56: suminf.    0.66968 (2) obj. 664730 iterations 9
Cbc0038I Pass  57: suminf.    0.66968 (2) obj. 664730 iterations 0
Cbc0038I Pass  58: suminf.    0.31432 (1) obj. 664730 iterations 3
Cbc0038I Pass  59: suminf.    0.28368 (1) obj. 664730 iterations 1
Cbc0038I Pass  60: suminf.    0.34268 (2) obj. 664730 iterations 5
Cbc0038I Pass  61: suminf.    0.31432 (1) obj. 664730 iterations 3
Cbc0038I Pass  62: suminf.    0.28368 (1) obj. 664730 iterations 1
Cbc0038I Pass  63: suminf.    0.41668 (3) obj. 664730 iterations 5
Cbc0038I Pass  64: suminf.    0.31432 (1) obj. 664730 iterations 4
Cbc0038I Pass  65: suminf.    0.28368 (1) obj. 664730 iterations 1
Cbc0038I Pass  66: suminf.    0.84968 (3) obj. 664730 iterations 6
Cbc0038I Pass  67: suminf.    0.38068 (2) obj. 664730 iterations 1
Cbc0038I Pass  68: suminf.    0.31432 (1) obj. 664730 iterations 3
Cbc0038I Pass  69: suminf.    0.28368 (1) obj. 664730 iterations 1
Cbc0038I Pass  70: suminf.    0.18618 (1) obj. 664730 iterations 6
Cbc0038I No solution found this major pass
Cbc0038I Before mini branch and bound, 6 integers at bound fixed and 84 continuous
Cbc0038I Full problem 119 rows 167 columns, reduced to 9 rows 12 columns
Cbc0038I Mini branch and bound did not improve solution (0.04 seconds)
Cbc0038I After 0.04 seconds - Feasibility pump exiting with objective of 664763 - took 0.04 seconds
Cbc0012I Integer solution of 664762.53 found by feasibility pump after 0 iterations and 0 nodes (0.04 seconds)
Cbc0038I Full problem 119 rows 167 columns, reduced to 72 rows 120 columns
Cbc0031I 5 added rows had average density of 15
Cbc0013I At root node, 5 cuts changed objective from 664674.76 to 664710.5 in 100 passes
Cbc0014I Cut generator 0 (Probing) - 0 row cuts average 0.0 elements, 3 column cuts (3 active)  in 0.008 seconds - new frequency is 1
Cbc0014I Cut generator 1 (Gomory) - 251 row cuts average 15.7 elements, 0 column cuts (0 active)  in 0.008 seconds - new frequency is 1
Cbc0014I Cut generator 2 (Knapsack) - 0 row cuts average 0.0 elements, 0 column cuts (0 active)  in 0.011 seconds - new frequency is -100
Cbc0014I Cut generator 3 (Clique) - 0 row cuts average 0.0 elements, 0 column cuts (0 active)  in 0.002 seconds - new frequency is -100
Cbc0014I Cut generator 4 (MixedIntegerRounding2) - 0 row cuts average 0.0 elements, 0 column cuts (0 active)  in 0.007 seconds - new frequency is -100
Cbc0014I Cut generator 5 (FlowCover) - 0 row cuts average 0.0 elements, 0 column cuts (0 active)  in 0.016 seconds - new frequency is -100
Cbc0014I Cut generator 6 (TwoMirCuts) - 15 row cuts average 10.0 elements, 0 column cuts (0 active)  in 0.002 seconds - new frequency is -100
Cbc0010I After 0 nodes, 1 on tree, 664762.53 best solution, best possible 664710.5 (0.14 seconds)
Cbc0001I Search completed - best objective 664762.5335180039, took 701 iterations and 2 nodes (0.15 seconds)
Cbc0032I Strong branching done 10 times (26 iterations), fathomed 2 nodes and fixed 0 variables
Cbc0035I Maximum depth 0, 0 variables fixed on reduced cost
Cuts at root node changed objective from 664675 to 664711
Probing was tried 116 times and created 3 cuts of which 0 were active after adding rounds of cuts (0.009 seconds)
Gomory was tried 116 times and created 276 cuts of which 0 were active after adding rounds of cuts (0.010 seconds)
Knapsack was tried 100 times and created 0 cuts of which 0 were active after adding rounds of cuts (0.011 seconds)
Clique was tried 100 times and created 0 cuts of which 0 were active after adding rounds of cuts (0.002 seconds)
MixedIntegerRounding2 was tried 100 times and created 0 cuts of which 0 were active after adding rounds of cuts (0.007 seconds)
FlowCover was tried 100 times and created 0 cuts of which 0 were active after adding rounds of cuts (0.016 seconds)
TwoMirCuts was tried 100 times and created 15 cuts of which 0 were active after adding rounds of cuts (0.002 seconds)
ZeroHalf was tried 1 times and created 0 cuts of which 0 were active after adding rounds of cuts (0.000 seconds)

Result - Optimal solution found

Objective value:                664762.53351800
Enumerated nodes:               2
Total iterations:               701
Time (CPU seconds):             0.16
Time (Wallclock seconds):       0.16

Option for printingOptions changed from normal to all
Total time (CPU seconds):       0.18   (Wallclock seconds):       0.19

