Welcome to the CBC MILP Solver 
Version: 2.10.3 
Build Date: Dec 15 2019 

command line - E:\dachuang\.venv\Lib\site-packages\pulp\apis\../solverdir/cbc/win/i64/cbc.exe model.mps -primalTolerance 1e-9 -integerTolerance 1e-9 -ratioGap 0 -allowableGap 0 -threads 0 -branch -printingOptions all -solution solution.txt -saveSolution solution.bin -quit (default strategy 1)
At line 2 NAME          MODEL
At line 3 ROWS
At line 317 COLUMNS
At line 1133 RHS
At line 1446 BOUNDS
At line 1521 ENDATA
Problem MODEL has 312 rows, 241 columns and 647 elements
Coin0008I MODEL read with 0 errors
primalTolerance was changed from 1e-07 to 1e-09
integerTolerance was changed from 1e-07 to 1e-09
ratioGap was changed from 0 to 0
allowableGap was changed from 1e-10 to 0
Continuous objective value is 678879 - 0.00 seconds
Cgl0003I 0 fixed, 0 tightened bounds, 3 strengthened rows, 0 substitutions
Cgl0004I processed model has 119 rows, 167 columns (24 integer (24 of which binary)) and 356 elements
Cbc0038I Initial state - 10 integers unsatisfied sum - 3.36096
Cbc0038I Pass   1: suminf.    0.00000 (0) obj. 764481 iterations 18
Cbc0038I Solution found of 764481
Cbc0038I Relaxing continuous gives 682863
Cbc0038I Before mini branch and bound, 14 integers at bound fixed and 80 continuous
Cbc0038I Full problem 119 rows 167 columns, reduced to 12 rows 17 columns
Cbc0038I Mini branch and bound improved solution from 682863 to 679281 (0.01 seconds)
Cbc0038I Round again with cutoff of 679244
Cbc0038I Pass   2: suminf.    0.54929 (3) obj. 679244 iterations 13
Cbc0038I Pass   3: suminf.    0.23831 (2) obj. 679244 iterations 2
Cbc0038I Pass   4: suminf.    0.03678 (1) obj. 679244 iterations 6
Cbc0038I Solution found of 679244
Cbc0038I Relaxing continuous gives 679186
Cbc0038I Before mini branch and bound, 12 integers at bound fixed and 78 continuous
Cbc0038I Full problem 119 rows 167 columns, reduced to 14 rows 19 columns
Cbc0038I Mini branch and bound improved solution from 679186 to 679049 (0.02 seconds)
Cbc0038I Round again with cutoff of 679020
Cbc0038I Pass   5: suminf.    1.25989 (4) obj. 679020 iterations 2
Cbc0038I Pass   6: suminf.    0.29976 (3) obj. 679020 iterations 5
Cbc0038I Pass   7: suminf.    0.29894 (3) obj. 679020 iterations 1
Cbc0038I Pass   8: suminf.    0.23176 (3) obj. 679020 iterations 8
Cbc0038I Pass   9: suminf.    0.23176 (3) obj. 679020 iterations 0
Cbc0038I Pass  10: suminf.    0.79215 (2) obj. 679020 iterations 5
Cbc0038I Pass  11: suminf.    0.22458 (2) obj. 679020 iterations 2
Cbc0038I Pass  12: suminf.    0.22377 (2) obj. 679020 iterations 1
Cbc0038I Pass  13: suminf.    0.23176 (3) obj. 679020 iterations 7
Cbc0038I Pass  14: suminf.    0.23176 (3) obj. 679020 iterations 0
Cbc0038I Pass  15: suminf.    0.79215 (2) obj. 679020 iterations 5
Cbc0038I Pass  16: suminf.    0.22458 (2) obj. 679020 iterations 2
Cbc0038I Pass  17: suminf.    0.22377 (2) obj. 679020 iterations 1
Cbc0038I Pass  18: suminf.    0.23176 (3) obj. 679020 iterations 7
Cbc0038I Pass  19: suminf.    0.23176 (3) obj. 679020 iterations 0
Cbc0038I Pass  20: suminf.    0.79215 (2) obj. 679020 iterations 5
Cbc0038I Pass  21: suminf.    0.22458 (2) obj. 679020 iterations 2
Cbc0038I Pass  22: suminf.    0.22377 (2) obj. 679020 iterations 1
Cbc0038I Pass  23: suminf.    0.23176 (3) obj. 679020 iterations 7
Cbc0038I Pass  24: suminf.    0.23176 (3) obj. 679020 iterations 0
Cbc0038I Pass  25: suminf.    0.79215 (2) obj. 679020 iterations 5
Cbc0038I Pass  26: suminf.    0.22458 (2) obj. 679020 iterations 2
Cbc0038I Pass  27: suminf.    0.22377 (2) obj. 679020 iterations 1
Cbc0038I Pass  28: suminf.    0.23176 (3) obj. 679020 iterations 7
Cbc0038I Pass  29: suminf.    0.23176 (3) obj. 679020 iterations 0
Cbc0038I Pass  30: suminf.    0.79215 (2) obj. 679020 iterations 5
Cbc0038I Pass  31: suminf.    0.22458 (2) obj. 679020 iterations 2
Cbc0038I Pass  32: suminf.    0.22377 (2) obj. 679020 iterations 1
Cbc0038I Pass  33: suminf.    0.23176 (3) obj. 679020 iterations 7
Cbc0038I Pass  34: suminf.    0.23176 (3) obj. 679020 iterations 0
Cbc0038I No solution found this major pass
Cbc0038I Before mini branch and bound, 12 integers at bound fixed and 76 continuous
Cbc0038I Full problem 119 rows 167 columns, reduced to 19 rows 26 columns
Cbc0038I Mini branch and bound did not improve solution (0.03 seconds)
Cbc0038I After 0.03 seconds - Feasibility pump exiting with objective of 679049 - took 0.02 seconds
Cbc0012I Integer solution of 679049.34 found by feasibility pump after 0 iterations and 0 nodes (0.03 seconds)
Cbc0038I Full problem 119 rows 167 columns, reduced to 86 rows 133 columns - 3 fixed gives 79, 126 - ok now
Cbc0038I Full problem 119 rows 167 columns, reduced to 79 rows 126 columns
Cbc0012I Integer solution of 679042.64 found by DiveCoefficient after 940 iterations and 0 nodes (0.19 seconds)
Cbc0031I 15 added rows had average density of 27.2
Cbc0013I At root node, 15 cuts changed objective from 678902.78 to 679036.65 in 100 passes
Cbc0014I Cut generator 0 (Probing) - 0 row cuts average 0.0 elements, 3 column cuts (3 active)  in 0.011 seconds - new frequency is 1
Cbc0014I Cut generator 1 (Gomory) - 235 row cuts average 42.2 elements, 0 column cuts (0 active)  in 0.017 seconds - new frequency is 1
Cbc0014I Cut generator 2 (Knapsack) - 0 row cuts average 0.0 elements, 0 column cuts (0 active)  in 0.022 seconds - new frequency is -100
Cbc0014I Cut generator 3 (Clique) - 0 row cuts average 0.0 elements, 0 column cuts (0 active)  in 0.000 seconds - new frequency is -100
Cbc0014I Cut generator 4 (MixedIntegerRounding2) - 9 row cuts average 6.0 elements, 0 column cuts (0 active)  in 0.011 seconds - new frequency is -100
Cbc0014I Cut generator 5 (FlowCover) - 0 row cuts average 0.0 elements, 0 column cuts (0 active)  in 0.021 seconds - new frequency is -100
Cbc0014I Cut generator 6 (TwoMirCuts) - 29 row cuts average 14.7 elements, 0 column cuts (0 active)  in 0.006 seconds - new frequency is -100
Cbc0010I After 0 nodes, 1 on tree, 679042.64 best solution, best possible 679036.65 (0.19 seconds)
Cbc0001I Search completed - best objective 679042.6420221571, took 1041 iterations and 4 nodes (0.20 seconds)
Cbc0032I Strong branching done 24 times (175 iterations), fathomed 2 nodes and fixed 3 variables
Cbc0035I Maximum depth 1, 1 variables fixed on reduced cost
Cuts at root node changed objective from 678903 to 679037
Probing was tried 109 times and created 4 cuts of which 0 were active after adding rounds of cuts (0.011 seconds)
Gomory was tried 109 times and created 245 cuts of which 0 were active after adding rounds of cuts (0.019 seconds)
Knapsack was tried 100 times and created 0 cuts of which 0 were active after adding rounds of cuts (0.022 seconds)
Clique was tried 100 times and created 0 cuts of which 0 were active after adding rounds of cuts (0.000 seconds)
MixedIntegerRounding2 was tried 100 times and created 9 cuts of which 0 were active after adding rounds of cuts (0.011 seconds)
FlowCover was tried 100 times and created 0 cuts of which 0 were active after adding rounds of cuts (0.021 seconds)
TwoMirCuts was tried 100 times and created 29 cuts of which 0 were active after adding rounds of cuts (0.006 seconds)
ZeroHalf was tried 1 times and created 0 cuts of which 0 were active after adding rounds of cuts (0.000 seconds)

Result - Optimal solution found

Objective value:                679042.64202216
Enumerated nodes:               4
Total iterations:               1041
Time (CPU seconds):             0.21
Time (Wallclock seconds):       0.21

Option for printingOptions changed from normal to all
Total time (CPU seconds):       0.23   (Wallclock seconds):       0.23

