Welcome to the CBC MILP Solver 
Version: 2.10.3 
Build Date: Dec 15 2019 

command line - E:\dachuang\.venv\Lib\site-packages\pulp\apis\../solverdir/cbc/win/i64/cbc.exe model.mps -primalTolerance 1e-9 -integerTolerance 1e-9 -ratioGap 0 -allowableGap 0 -threads 0 -branch -printingOptions all -solution solution.txt -saveSolution solution.bin -quit (default strategy 1)
At line 2 NAME          MODEL
At line 3 ROWS
At line 317 COLUMNS
At line 1133 RHS
At line 1446 BOUNDS
At line 1521 ENDATA
Problem MODEL has 312 rows, 241 columns and 647 elements
Coin0008I MODEL read with 0 errors
primalTolerance was changed from 1e-07 to 1e-09
integerTolerance was changed from 1e-07 to 1e-09
ratioGap was changed from 0 to 0
allowableGap was changed from 1e-10 to 0
Continuous objective value is 3.58615e+06 - 0.00 seconds
Cgl0003I 0 fixed, 0 tightened bounds, 2 strengthened rows, 0 substitutions
Cgl0004I processed model has 111 rows, 151 columns (24 integer (24 of which binary)) and 316 elements
Cbc0038I Initial state - 6 integers unsatisfied sum - 2.25318
Cbc0038I Pass   1: suminf.    0.00000 (0) obj. 3.58665e+06 iterations 9
Cbc0038I Solution found of 3.58665e+06
Cbc0038I Relaxing continuous gives 3.58665e+06
Cbc0038I Before mini branch and bound, 18 integers at bound fixed and 90 continuous
Cbc0038I Full problem 111 rows 151 columns, reduced to 4 rows 4 columns
Cbc0038I Mini branch and bound did not improve solution (0.01 seconds)
Cbc0038I Round again with cutoff of 3.5866e+06
Cbc0038I Pass   2: suminf.    0.21869 (1) obj. 3.5866e+06 iterations 1
Cbc0038I Pass   3: suminf.    0.00000 (0) obj. 3.5866e+06 iterations 5
Cbc0038I Solution found of 3.5866e+06
Cbc0038I Relaxing continuous gives 3.58656e+06
Cbc0038I Before mini branch and bound, 18 integers at bound fixed and 87 continuous
Cbc0038I Full problem 111 rows 151 columns, reduced to 13 rows 17 columns
Cbc0038I Mini branch and bound improved solution from 3.58656e+06 to 3.58641e+06 (0.02 seconds)
Cbc0038I Round again with cutoff of 3.58635e+06
Cbc0038I Pass   4: suminf.    0.71101 (2) obj. 3.58635e+06 iterations 3
Cbc0038I Pass   5: suminf.    0.38939 (2) obj. 3.58635e+06 iterations 3
Cbc0038I Pass   6: suminf.    0.38649 (2) obj. 3.58635e+06 iterations 1
Cbc0038I Pass   7: suminf.    0.41206 (3) obj. 3.58635e+06 iterations 8
Cbc0038I Pass   8: suminf.    0.41206 (3) obj. 3.58635e+06 iterations 0
Cbc0038I Pass   9: suminf.    1.26818 (3) obj. 3.58635e+06 iterations 3
Cbc0038I Pass  10: suminf.    0.38939 (2) obj. 3.58635e+06 iterations 8
Cbc0038I Pass  11: suminf.    0.38649 (2) obj. 3.58635e+06 iterations 1
Cbc0038I Pass  12: suminf.    0.41206 (3) obj. 3.58635e+06 iterations 8
Cbc0038I Pass  13: suminf.    0.41206 (3) obj. 3.58635e+06 iterations 0
Cbc0038I Pass  14: suminf.    1.26818 (3) obj. 3.58635e+06 iterations 3
Cbc0038I Pass  15: suminf.    1.26818 (3) obj. 3.58635e+06 iterations 4
Cbc0038I Pass  16: suminf.    0.41206 (3) obj. 3.58635e+06 iterations 4
Cbc0038I Pass  17: suminf.    1.26818 (3) obj. 3.58635e+06 iterations 3
Cbc0038I Pass  18: suminf.    0.96956 (4) obj. 3.58635e+06 iterations 11
Cbc0038I Pass  19: suminf.    0.96956 (4) obj. 3.58635e+06 iterations 0
Cbc0038I Pass  20: suminf.    1.36082 (4) obj. 3.58635e+06 iterations 5
Cbc0038I Pass  21: suminf.    1.36082 (4) obj. 3.58635e+06 iterations 1
Cbc0038I Pass  22: suminf.    1.31966 (4) obj. 3.58635e+06 iterations 3
Cbc0038I Pass  23: suminf.    0.96956 (4) obj. 3.58635e+06 iterations 2
Cbc0038I Pass  24: suminf.    0.96956 (4) obj. 3.58635e+06 iterations 1
Cbc0038I Pass  25: suminf.    1.36082 (4) obj. 3.58635e+06 iterations 5
Cbc0038I Pass  26: suminf.    1.36082 (4) obj. 3.58635e+06 iterations 1
Cbc0038I Pass  27: suminf.    1.31966 (4) obj. 3.58635e+06 iterations 3
Cbc0038I Pass  28: suminf.    0.96956 (4) obj. 3.58635e+06 iterations 2
Cbc0038I Pass  29: suminf.    0.96956 (4) obj. 3.58635e+06 iterations 1
Cbc0038I Pass  30: suminf.    1.36082 (4) obj. 3.58635e+06 iterations 5
Cbc0038I Pass  31: suminf.    1.36082 (4) obj. 3.58635e+06 iterations 1
Cbc0038I Pass  32: suminf.    1.31966 (4) obj. 3.58635e+06 iterations 3
Cbc0038I Pass  33: suminf.    0.96956 (4) obj. 3.58635e+06 iterations 2
Cbc0038I No solution found this major pass
Cbc0038I Before mini branch and bound, 12 integers at bound fixed and 81 continuous
Cbc0038I Full problem 111 rows 151 columns, reduced to 19 rows 25 columns
Cbc0038I Mini branch and bound did not improve solution (0.03 seconds)
Cbc0038I After 0.03 seconds - Feasibility pump exiting with objective of 3.58641e+06 - took 0.02 seconds
Cbc0012I Integer solution of 3586406.1 found by feasibility pump after 0 iterations and 0 nodes (0.03 seconds)
Cbc0038I Full problem 111 rows 151 columns, reduced to 59 rows 92 columns
Cbc0012I Integer solution of 3586284.8 found by DiveCoefficient after 120 iterations and 0 nodes (0.05 seconds)
Cbc0031I 9 added rows had average density of 17.222222
Cbc0013I At root node, 9 cuts changed objective from 3586145.5 to 3586284.6 in 19 passes
Cbc0014I Cut generator 0 (Probing) - 4 row cuts average 2.0 elements, 1 column cuts (1 active)  in 0.000 seconds - new frequency is 1
Cbc0014I Cut generator 1 (Gomory) - 55 row cuts average 22.8 elements, 0 column cuts (0 active)  in 0.001 seconds - new frequency is 1
Cbc0014I Cut generator 2 (Knapsack) - 0 row cuts average 0.0 elements, 0 column cuts (0 active)  in 0.001 seconds - new frequency is -100
Cbc0014I Cut generator 3 (Clique) - 0 row cuts average 0.0 elements, 0 column cuts (0 active)  in 0.000 seconds - new frequency is -100
Cbc0014I Cut generator 4 (MixedIntegerRounding2) - 1 row cuts average 5.0 elements, 0 column cuts (0 active)  in 0.000 seconds - new frequency is -100
Cbc0014I Cut generator 5 (FlowCover) - 0 row cuts average 0.0 elements, 0 column cuts (0 active)  in 0.007 seconds - new frequency is -100
Cbc0014I Cut generator 6 (TwoMirCuts) - 23 row cuts average 11.6 elements, 0 column cuts (0 active)  in 0.003 seconds - new frequency is -100
Cbc0001I Search completed - best objective 3586284.808591999, took 129 iterations and 0 nodes (0.06 seconds)
Cbc0032I Strong branching done 6 times (39 iterations), fathomed 1 nodes and fixed 0 variables
Cbc0035I Maximum depth 0, 0 variables fixed on reduced cost
Cuts at root node changed objective from 3.58615e+06 to 3.58628e+06
Probing was tried 19 times and created 5 cuts of which 0 were active after adding rounds of cuts (0.000 seconds)
Gomory was tried 19 times and created 55 cuts of which 0 were active after adding rounds of cuts (0.001 seconds)
Knapsack was tried 19 times and created 0 cuts of which 0 were active after adding rounds of cuts (0.001 seconds)
Clique was tried 19 times and created 0 cuts of which 0 were active after adding rounds of cuts (0.000 seconds)
MixedIntegerRounding2 was tried 19 times and created 1 cuts of which 0 were active after adding rounds of cuts (0.000 seconds)
FlowCover was tried 19 times and created 0 cuts of which 0 were active after adding rounds of cuts (0.007 seconds)
TwoMirCuts was tried 19 times and created 23 cuts of which 0 were active after adding rounds of cuts (0.003 seconds)
ZeroHalf was tried 1 times and created 0 cuts of which 0 were active after adding rounds of cuts (0.000 seconds)

Result - Optimal solution found

Objective value:                3586284.80859200
Enumerated nodes:               0
Total iterations:               129
Time (CPU seconds):             0.06
Time (Wallclock seconds):       0.06

Option for printingOptions changed from normal to all
Total time (CPU seconds):       0.08   (Wallclock seconds):       0.08

