Welcome to the CBC MILP Solver 
Version: 2.10.3 
Build Date: Dec 15 2019 

command line - E:\dachuang\.venv\Lib\site-packages\pulp\apis\../solverdir/cbc/win/i64/cbc.exe model.mps -primalTolerance 1e-9 -integerTolerance 1e-9 -ratioGap 0 -allowableGap 0 -threads 0 -branch -printingOptions all -solution solution.txt -saveSolution solution.bin -quit (default strategy 1)
At line 2 NAME          MODEL
At line 3 ROWS
At line 317 COLUMNS
At line 1133 RHS
At line 1446 BOUNDS
At line 1521 ENDATA
Problem MODEL has 312 rows, 241 columns and 647 elements
Coin0008I MODEL read with 0 errors
primalTolerance was changed from 1e-07 to 1e-09
integerTolerance was changed from 1e-07 to 1e-09
ratioGap was changed from 0 to 0
allowableGap was changed from 1e-10 to 0
Continuous objective value is 1.99956e+06 - 0.00 seconds
Cgl0003I 0 fixed, 0 tightened bounds, 3 strengthened rows, 0 substitutions
Cgl0004I processed model has 115 rows, 154 columns (24 integer (24 of which binary)) and 331 elements
Cbc0038I Initial state - 11 integers unsatisfied sum - 2.67474
Cbc0038I Pass   1: suminf.    0.00000 (0) obj. 2.10177e+06 iterations 15
Cbc0038I Solution found of 2.10177e+06
Cbc0038I Relaxing continuous gives 2.01637e+06
Cbc0038I Before mini branch and bound, 13 integers at bound fixed and 77 continuous
Cbc0038I Full problem 115 rows 154 columns, reduced to 7 rows 11 columns
Cbc0038I Mini branch and bound improved solution from 2.01637e+06 to 2e+06 (0.01 seconds)
Cbc0038I Freeing continuous variables gives a solution of 2e+06
Cbc0038I Round again with cutoff of 1.99996e+06
Cbc0038I Pass   2: suminf.    0.56546 (4) obj. 1.99996e+06 iterations 9
Cbc0038I Pass   3: suminf.    0.00000 (0) obj. 1.99996e+06 iterations 12
Cbc0038I Solution found of 1.99996e+06
Cbc0038I Relaxing continuous gives 1.99995e+06
Cbc0038I Before mini branch and bound, 13 integers at bound fixed and 75 continuous
Cbc0038I Full problem 115 rows 154 columns, reduced to 14 rows 18 columns
Cbc0038I Mini branch and bound improved solution from 1.99995e+06 to 1.99979e+06 (0.01 seconds)
Cbc0038I Freeing continuous variables gives a solution of 1.99977e+06
Cbc0038I Round again with cutoff of 1.99973e+06
Cbc0038I Pass   4: suminf.    1.39234 (7) obj. 1.99973e+06 iterations 4
Cbc0038I Pass   5: suminf.    1.39234 (7) obj. 1.99973e+06 iterations 1
Cbc0038I Pass   6: suminf.    1.21353 (4) obj. 1.99973e+06 iterations 7
Cbc0038I Pass   7: suminf.    1.00596 (4) obj. 1.99973e+06 iterations 3
Cbc0038I Pass   8: suminf.    1.00596 (4) obj. 1.99973e+06 iterations 1
Cbc0038I Pass   9: suminf.    1.06762 (5) obj. 1.99973e+06 iterations 5
Cbc0038I Pass  10: suminf.    1.06762 (5) obj. 1.99973e+06 iterations 0
Cbc0038I Pass  11: suminf.    1.21353 (4) obj. 1.99973e+06 iterations 6
Cbc0038I Pass  12: suminf.    1.00596 (4) obj. 1.99973e+06 iterations 2
Cbc0038I Pass  13: suminf.    1.00596 (4) obj. 1.99973e+06 iterations 1
Cbc0038I Pass  14: suminf.    1.21353 (4) obj. 1.99973e+06 iterations 4
Cbc0038I Pass  15: suminf.    1.00596 (4) obj. 1.99973e+06 iterations 10
Cbc0038I Pass  16: suminf.    1.00596 (4) obj. 1.99973e+06 iterations 1
Cbc0038I Pass  17: suminf.    1.21353 (4) obj. 1.99973e+06 iterations 4
Cbc0038I Pass  18: suminf.    1.00596 (4) obj. 1.99973e+06 iterations 3
Cbc0038I Pass  19: suminf.    0.80330 (2) obj. 1.99973e+06 iterations 22
Cbc0038I Pass  20: suminf.    0.77371 (3) obj. 1.99973e+06 iterations 2
Cbc0038I Pass  21: suminf.    1.03483 (4) obj. 1.99973e+06 iterations 6
Cbc0038I Pass  22: suminf.    0.91622 (3) obj. 1.99973e+06 iterations 8
Cbc0038I Pass  23: suminf.    0.26708 (3) obj. 1.99973e+06 iterations 1
Cbc0038I Pass  24: suminf.    0.96517 (3) obj. 1.99973e+06 iterations 4
Cbc0038I Pass  25: suminf.    1.27199 (6) obj. 1.99973e+06 iterations 15
Cbc0038I Pass  26: suminf.    1.11098 (6) obj. 1.99973e+06 iterations 2
Cbc0038I Pass  27: suminf.    1.11098 (6) obj. 1.99973e+06 iterations 1
Cbc0038I Pass  28: suminf.    1.21353 (4) obj. 1.99973e+06 iterations 8
Cbc0038I Pass  29: suminf.    1.00596 (4) obj. 1.99973e+06 iterations 3
Cbc0038I Pass  30: suminf.    1.00596 (4) obj. 1.99973e+06 iterations 1
Cbc0038I Pass  31: suminf.    1.51634 (5) obj. 1.99973e+06 iterations 15
Cbc0038I Pass  32: suminf.    0.71983 (4) obj. 1.99973e+06 iterations 1
Cbc0038I Pass  33: suminf.    1.03483 (3) obj. 1.99973e+06 iterations 14
Cbc0038I No solution found this major pass
Cbc0038I Before mini branch and bound, 3 integers at bound fixed and 61 continuous
Cbc0038I Full problem 115 rows 154 columns, reduced to 25 rows 35 columns
Cbc0038I Mini branch and bound improved solution from 1.99977e+06 to 1.99972e+06 (0.03 seconds)
Cbc0038I Freeing continuous variables gives a solution of 1.99972e+06
Cbc0038I Round again with cutoff of 1.99968e+06
Cbc0038I Pass  33: suminf.    1.65362 (8) obj. 1.99968e+06 iterations 2
Cbc0038I Pass  34: suminf.    1.65362 (8) obj. 1.99968e+06 iterations 0
Cbc0038I Pass  35: suminf.    1.14236 (4) obj. 1.99968e+06 iterations 20
Cbc0038I Pass  36: suminf.    1.14236 (4) obj. 1.99968e+06 iterations 3
Cbc0038I Pass  37: suminf.    1.21337 (3) obj. 1.99968e+06 iterations 10
Cbc0038I Pass  38: suminf.    0.93660 (3) obj. 1.99968e+06 iterations 4
Cbc0038I Pass  39: suminf.    0.93249 (3) obj. 1.99968e+06 iterations 1
Cbc0038I Pass  40: suminf.    1.24486 (4) obj. 1.99968e+06 iterations 6
Cbc0038I Pass  41: suminf.    1.08623 (4) obj. 1.99968e+06 iterations 1
Cbc0038I Pass  42: suminf.    1.01688 (3) obj. 1.99968e+06 iterations 2
Cbc0038I Pass  43: suminf.    1.41012 (7) obj. 1.99968e+06 iterations 13
Cbc0038I Pass  44: suminf.    1.41012 (5) obj. 1.99968e+06 iterations 2
Cbc0038I Pass  45: suminf.    0.49144 (2) obj. 1.99968e+06 iterations 11
Cbc0038I Pass  46: suminf.    0.52835 (4) obj. 1.99968e+06 iterations 5
Cbc0038I Pass  47: suminf.    0.52835 (4) obj. 1.99968e+06 iterations 0
Cbc0038I Pass  48: suminf.    0.96763 (4) obj. 1.99968e+06 iterations 4
Cbc0038I Pass  49: suminf.    0.50526 (4) obj. 1.99968e+06 iterations 1
Cbc0038I Pass  50: suminf.    0.49144 (2) obj. 1.99968e+06 iterations 3
Cbc0038I Pass  51: suminf.    0.52835 (4) obj. 1.99968e+06 iterations 5
Cbc0038I Pass  52: suminf.    0.52835 (4) obj. 1.99968e+06 iterations 0
Cbc0038I Pass  53: suminf.    0.96763 (4) obj. 1.99968e+06 iterations 4
Cbc0038I Pass  54: suminf.    0.50526 (4) obj. 1.99968e+06 iterations 1
Cbc0038I Pass  55: suminf.    0.49144 (2) obj. 1.99968e+06 iterations 3
Cbc0038I Pass  56: suminf.    0.52835 (4) obj. 1.99968e+06 iterations 5
Cbc0038I Pass  57: suminf.    0.52835 (4) obj. 1.99968e+06 iterations 0
Cbc0038I Pass  58: suminf.    0.96763 (4) obj. 1.99968e+06 iterations 4
Cbc0038I Pass  59: suminf.    0.50526 (4) obj. 1.99968e+06 iterations 1
Cbc0038I Pass  60: suminf.    0.49144 (2) obj. 1.99968e+06 iterations 3
Cbc0038I Pass  61: suminf.    0.52835 (4) obj. 1.99968e+06 iterations 5
Cbc0038I Pass  62: suminf.    0.52835 (4) obj. 1.99968e+06 iterations 0
Cbc0038I No solution found this major pass
Cbc0038I Before mini branch and bound, 9 integers at bound fixed and 69 continuous
Cbc0038I Full problem 115 rows 154 columns, reduced to 25 rows 34 columns
Cbc0038I Mini branch and bound did not improve solution (0.04 seconds)
Cbc0038I After 0.04 seconds - Feasibility pump exiting with objective of 1.99972e+06 - took 0.04 seconds
Cbc0012I Integer solution of 1999716 found by feasibility pump after 0 iterations and 0 nodes (0.04 seconds)
Cbc0038I Full problem 115 rows 154 columns, reduced to 82 rows 118 columns
Cbc0031I 12 added rows had average density of 23.333333
Cbc0013I At root node, 12 cuts changed objective from 1999584.4 to 1999714.8 in 100 passes
Cbc0014I Cut generator 0 (Probing) - 8 row cuts average 2.0 elements, 1 column cuts (1 active)  in 0.012 seconds - new frequency is -100
Cbc0014I Cut generator 1 (Gomory) - 246 row cuts average 44.0 elements, 0 column cuts (0 active)  in 0.009 seconds - new frequency is 1
Cbc0014I Cut generator 2 (Knapsack) - 0 row cuts average 0.0 elements, 0 column cuts (0 active)  in 0.027 seconds - new frequency is -100
Cbc0014I Cut generator 3 (Clique) - 0 row cuts average 0.0 elements, 0 column cuts (0 active)  in 0.000 seconds - new frequency is -100
Cbc0014I Cut generator 4 (MixedIntegerRounding2) - 12 row cuts average 4.8 elements, 0 column cuts (0 active)  in 0.004 seconds - new frequency is -100
Cbc0014I Cut generator 5 (FlowCover) - 0 row cuts average 0.0 elements, 0 column cuts (0 active)  in 0.018 seconds - new frequency is -100
Cbc0014I Cut generator 6 (TwoMirCuts) - 30 row cuts average 11.5 elements, 0 column cuts (0 active)  in 0.003 seconds - new frequency is -100
Cbc0010I After 0 nodes, 1 on tree, 1999716 best solution, best possible 1999714.8 (0.19 seconds)
Cbc0001I Search completed - best objective 1999716.020163149, took 956 iterations and 2 nodes (0.19 seconds)
Cbc0032I Strong branching done 20 times (135 iterations), fathomed 1 nodes and fixed 2 variables
Cbc0035I Maximum depth 0, 0 variables fixed on reduced cost
Cuts at root node changed objective from 1.99958e+06 to 1.99971e+06
Probing was tried 100 times and created 9 cuts of which 0 were active after adding rounds of cuts (0.012 seconds)
Gomory was tried 102 times and created 247 cuts of which 0 were active after adding rounds of cuts (0.009 seconds)
Knapsack was tried 100 times and created 0 cuts of which 0 were active after adding rounds of cuts (0.027 seconds)
Clique was tried 100 times and created 0 cuts of which 0 were active after adding rounds of cuts (0.000 seconds)
MixedIntegerRounding2 was tried 100 times and created 12 cuts of which 0 were active after adding rounds of cuts (0.004 seconds)
FlowCover was tried 100 times and created 0 cuts of which 0 were active after adding rounds of cuts (0.018 seconds)
TwoMirCuts was tried 100 times and created 30 cuts of which 0 were active after adding rounds of cuts (0.003 seconds)
ZeroHalf was tried 1 times and created 0 cuts of which 0 were active after adding rounds of cuts (0.000 seconds)

Result - Optimal solution found

Objective value:                1999716.02016315
Enumerated nodes:               2
Total iterations:               956
Time (CPU seconds):             0.20
Time (Wallclock seconds):       0.20

Option for printingOptions changed from normal to all
Total time (CPU seconds):       0.23   (Wallclock seconds):       0.23

