Welcome to the CBC MILP Solver 
Version: 2.10.3 
Build Date: Dec 15 2019 

command line - E:\dachuang\.venv\Lib\site-packages\pulp\apis\../solverdir/cbc/win/i64/cbc.exe model.mps -primalTolerance 1e-9 -integerTolerance 1e-9 -ratioGap 0 -allowableGap 0 -threads 0 -branch -printingOptions all -solution solution.txt -saveSolution solution.bin -quit (default strategy 1)
At line 2 NAME          MODEL
At line 3 ROWS
At line 317 COLUMNS
At line 1133 RHS
At line 1446 BOUNDS
At line 1521 ENDATA
Problem MODEL has 312 rows, 241 columns and 647 elements
Coin0008I MODEL read with 0 errors
primalTolerance was changed from 1e-07 to 1e-09
integerTolerance was changed from 1e-07 to 1e-09
ratioGap was changed from 0 to 0
allowableGap was changed from 1e-10 to 0
Continuous objective value is 1.73732e+06 - 0.00 seconds
Cgl0003I 0 fixed, 0 tightened bounds, 2 strengthened rows, 0 substitutions
Cgl0004I processed model has 115 rows, 159 columns (24 integer (24 of which binary)) and 336 elements
Cbc0038I Initial state - 9 integers unsatisfied sum - 3.3795
Cbc0038I Pass   1: suminf.    0.00000 (0) obj. 1.85753e+06 iterations 14
Cbc0038I Solution found of 1.85753e+06
Cbc0038I Relaxing continuous gives 1.7397e+06
Cbc0038I Before mini branch and bound, 15 integers at bound fixed and 84 continuous
Cbc0038I Full problem 115 rows 159 columns, reduced to 11 rows 15 columns
Cbc0038I Mini branch and bound improved solution from 1.7397e+06 to 1.73785e+06 (0.01 seconds)
Cbc0038I Freeing continuous variables gives a solution of 1.73785e+06
Cbc0038I Round again with cutoff of 1.7378e+06
Cbc0038I Pass   2: suminf.    0.43314 (2) obj. 1.7378e+06 iterations 11
Cbc0038I Pass   3: suminf.    0.00000 (0) obj. 1.7378e+06 iterations 10
Cbc0038I Solution found of 1.7378e+06
Cbc0038I Relaxing continuous gives 1.73762e+06
Cbc0038I Before mini branch and bound, 13 integers at bound fixed and 81 continuous
Cbc0038I Full problem 115 rows 159 columns, reduced to 20 rows 25 columns
Cbc0038I Mini branch and bound improved solution from 1.73762e+06 to 1.73755e+06 (0.02 seconds)
Cbc0038I Freeing continuous variables gives a solution of 1.73755e+06
Cbc0038I Round again with cutoff of 1.73751e+06
Cbc0038I Pass   4: suminf.    0.70012 (2) obj. 1.73751e+06 iterations 4
Cbc0038I Pass   5: suminf.    0.70012 (2) obj. 1.73751e+06 iterations 0
Cbc0038I Pass   6: suminf.    0.22060 (1) obj. 1.73751e+06 iterations 10
Cbc0038I Pass   7: suminf.    0.22937 (1) obj. 1.73751e+06 iterations 1
Cbc0038I Pass   8: suminf.    0.22060 (1) obj. 1.73751e+06 iterations 14
Cbc0038I Pass   9: suminf.    0.22937 (1) obj. 1.73751e+06 iterations 1
Cbc0038I Pass  10: suminf.    0.22060 (1) obj. 1.73751e+06 iterations 8
Cbc0038I Pass  11: suminf.    0.40460 (2) obj. 1.73751e+06 iterations 8
Cbc0038I Pass  12: suminf.    0.22937 (1) obj. 1.73751e+06 iterations 2
Cbc0038I Pass  13: suminf.    0.22060 (1) obj. 1.73751e+06 iterations 4
Cbc0038I Pass  14: suminf.    0.94685 (4) obj. 1.73751e+06 iterations 13
Cbc0038I Pass  15: suminf.    0.47233 (2) obj. 1.73751e+06 iterations 4
Cbc0038I Pass  16: suminf.    1.26435 (4) obj. 1.73751e+06 iterations 9
Cbc0038I Pass  17: suminf.    0.61520 (4) obj. 1.73751e+06 iterations 1
Cbc0038I Pass  18: suminf.    1.02460 (3) obj. 1.73751e+06 iterations 8
Cbc0038I Pass  19: suminf.    0.97335 (4) obj. 1.73751e+06 iterations 3
Cbc0038I Pass  20: suminf.    0.49624 (2) obj. 1.73751e+06 iterations 4
Cbc0038I Pass  21: suminf.    1.29085 (4) obj. 1.73751e+06 iterations 11
Cbc0038I Pass  22: suminf.    0.64170 (4) obj. 1.73751e+06 iterations 1
Cbc0038I Pass  23: suminf.    0.99810 (3) obj. 1.73751e+06 iterations 7
Cbc0038I Pass  24: suminf.    0.94685 (4) obj. 1.73751e+06 iterations 4
Cbc0038I Pass  25: suminf.    0.47233 (2) obj. 1.73751e+06 iterations 4
Cbc0038I Pass  26: suminf.    1.26435 (4) obj. 1.73751e+06 iterations 9
Cbc0038I Pass  27: suminf.    0.61520 (4) obj. 1.73751e+06 iterations 1
Cbc0038I Pass  28: suminf.    1.02460 (3) obj. 1.73751e+06 iterations 8
Cbc0038I Pass  29: suminf.    0.97335 (4) obj. 1.73751e+06 iterations 3
Cbc0038I Pass  30: suminf.    0.49624 (2) obj. 1.73751e+06 iterations 4
Cbc0038I Pass  31: suminf.    1.29085 (4) obj. 1.73751e+06 iterations 11
Cbc0038I Pass  32: suminf.    0.64170 (4) obj. 1.73751e+06 iterations 1
Cbc0038I Pass  33: suminf.    0.99810 (3) obj. 1.73751e+06 iterations 7
Cbc0038I No solution found this major pass
Cbc0038I Before mini branch and bound, 6 integers at bound fixed and 72 continuous
Cbc0038I Full problem 115 rows 159 columns, reduced to 22 rows 28 columns
Cbc0038I Mini branch and bound improved solution from 1.73755e+06 to 1.73755e+06 (0.04 seconds)
Cbc0038I Round again with cutoff of 1.73745e+06
Cbc0038I Pass  33: suminf.    0.68919 (3) obj. 1.73745e+06 iterations 1
Cbc0038I Pass  34: suminf.    0.68919 (4) obj. 1.73745e+06 iterations 2
Cbc0038I Pass  35: suminf.    0.45882 (2) obj. 1.73745e+06 iterations 12
Cbc0038I Pass  36: suminf.    0.45882 (3) obj. 1.73745e+06 iterations 1
Cbc0038I Pass  37: suminf.    0.48532 (2) obj. 1.73745e+06 iterations 4
Cbc0038I Pass  38: suminf.    0.48532 (3) obj. 1.73745e+06 iterations 2
Cbc0038I Pass  39: suminf.    1.04922 (6) obj. 1.73745e+06 iterations 28
Cbc0038I Pass  40: suminf.    0.93668 (5) obj. 1.73745e+06 iterations 7
Cbc0038I Pass  41: suminf.    0.87992 (4) obj. 1.73745e+06 iterations 10
Cbc0038I Pass  42: suminf.    0.87992 (4) obj. 1.73745e+06 iterations 0
Cbc0038I Pass  43: suminf.    0.75268 (3) obj. 1.73745e+06 iterations 8
Cbc0038I Pass  44: suminf.    1.52907 (4) obj. 1.73745e+06 iterations 8
Cbc0038I Pass  45: suminf.    0.87992 (4) obj. 1.73745e+06 iterations 1
Cbc0038I Pass  46: suminf.    1.23807 (4) obj. 1.73745e+06 iterations 5
Cbc0038I Pass  47: suminf.    1.02467 (5) obj. 1.73745e+06 iterations 17
Cbc0038I Pass  48: suminf.    0.77632 (4) obj. 1.73745e+06 iterations 1
Cbc0038I Pass  49: suminf.    0.77632 (4) obj. 1.73745e+06 iterations 0
Cbc0038I Pass  50: suminf.    0.48532 (2) obj. 1.73745e+06 iterations 5
Cbc0038I Pass  51: suminf.    0.48532 (3) obj. 1.73745e+06 iterations 2
Cbc0038I Pass  52: suminf.    0.45882 (2) obj. 1.73745e+06 iterations 8
Cbc0038I Pass  53: suminf.    0.45882 (3) obj. 1.73745e+06 iterations 1
Cbc0038I Pass  54: suminf.    1.19642 (6) obj. 1.73745e+06 iterations 12
Cbc0038I Pass  55: suminf.    0.75842 (4) obj. 1.73745e+06 iterations 2
Cbc0038I Pass  56: suminf.    0.48532 (2) obj. 1.73745e+06 iterations 7
Cbc0038I Pass  57: suminf.    0.48532 (3) obj. 1.73745e+06 iterations 2
Cbc0038I Pass  58: suminf.    0.45882 (2) obj. 1.73745e+06 iterations 10
Cbc0038I Pass  59: suminf.    0.45882 (3) obj. 1.73745e+06 iterations 1
Cbc0038I Pass  60: suminf.    0.48532 (2) obj. 1.73745e+06 iterations 4
Cbc0038I Pass  61: suminf.    2.08334 (8) obj. 1.73745e+06 iterations 14
Cbc0038I Pass  62: suminf.    0.98682 (5) obj. 1.73745e+06 iterations 5
Cbc0038I No solution found this major pass
Cbc0038I Before mini branch and bound, 0 integers at bound fixed and 68 continuous
Cbc0038I Full problem 115 rows 159 columns, reduced to 24 rows 31 columns
Cbc0038I Mini branch and bound did not improve solution (0.06 seconds)
Cbc0038I After 0.06 seconds - Feasibility pump exiting with objective of 1.73755e+06 - took 0.04 seconds
Cbc0012I Integer solution of 1737546.2 found by feasibility pump after 0 iterations and 0 nodes (0.06 seconds)
Cbc0038I Full problem 115 rows 159 columns, reduced to 83 rows 124 columns
Cbc0031I 11 added rows had average density of 16
Cbc0013I At root node, 11 cuts changed objective from 1737320.7 to 1737537.3 in 100 passes
Cbc0014I Cut generator 0 (Probing) - 6 row cuts average 2.0 elements, 1 column cuts (1 active)  in 0.013 seconds - new frequency is -100
Cbc0014I Cut generator 1 (Gomory) - 177 row cuts average 28.1 elements, 0 column cuts (0 active)  in 0.009 seconds - new frequency is 1
Cbc0014I Cut generator 2 (Knapsack) - 0 row cuts average 0.0 elements, 0 column cuts (0 active)  in 0.009 seconds - new frequency is -100
Cbc0014I Cut generator 3 (Clique) - 0 row cuts average 0.0 elements, 0 column cuts (0 active)  in 0.001 seconds - new frequency is -100
Cbc0014I Cut generator 4 (MixedIntegerRounding2) - 7 row cuts average 7.7 elements, 0 column cuts (0 active)  in 0.002 seconds - new frequency is -100
Cbc0014I Cut generator 5 (FlowCover) - 0 row cuts average 0.0 elements, 0 column cuts (0 active)  in 0.017 seconds - new frequency is -100
Cbc0014I Cut generator 6 (TwoMirCuts) - 25 row cuts average 9.9 elements, 0 column cuts (0 active)  in 0.010 seconds - new frequency is -100
Cbc0010I After 0 nodes, 1 on tree, 1737546.2 best solution, best possible 1737537.3 (0.17 seconds)
Cbc0001I Search completed - best objective 1737546.177656403, took 627 iterations and 2 nodes (0.17 seconds)
Cbc0032I Strong branching done 10 times (47 iterations), fathomed 1 nodes and fixed 0 variables
Cbc0035I Maximum depth 0, 0 variables fixed on reduced cost
Cuts at root node changed objective from 1.73732e+06 to 1.73754e+06
Probing was tried 100 times and created 7 cuts of which 0 were active after adding rounds of cuts (0.013 seconds)
Gomory was tried 104 times and created 181 cuts of which 0 were active after adding rounds of cuts (0.009 seconds)
Knapsack was tried 100 times and created 0 cuts of which 0 were active after adding rounds of cuts (0.009 seconds)
Clique was tried 100 times and created 0 cuts of which 0 were active after adding rounds of cuts (0.001 seconds)
MixedIntegerRounding2 was tried 100 times and created 7 cuts of which 0 were active after adding rounds of cuts (0.002 seconds)
FlowCover was tried 100 times and created 0 cuts of which 0 were active after adding rounds of cuts (0.017 seconds)
TwoMirCuts was tried 100 times and created 25 cuts of which 0 were active after adding rounds of cuts (0.010 seconds)
ZeroHalf was tried 1 times and created 0 cuts of which 0 were active after adding rounds of cuts (0.000 seconds)

Result - Optimal solution found

Objective value:                1737546.17765640
Enumerated nodes:               2
Total iterations:               627
Time (CPU seconds):             0.17
Time (Wallclock seconds):       0.17

Option for printingOptions changed from normal to all
Total time (CPU seconds):       0.20   (Wallclock seconds):       0.20

