Welcome to the CBC MILP Solver 
Version: 2.10.3 
Build Date: Dec 15 2019 

command line - E:\dachuang\.venv\Lib\site-packages\pulp\apis\../solverdir/cbc/win/i64/cbc.exe model.mps -primalTolerance 1e-9 -integerTolerance 1e-9 -ratioGap 0 -allowableGap 0 -threads 0 -branch -printingOptions all -solution solution.txt -saveSolution solution.bin -quit (default strategy 1)
At line 2 NAME          MODEL
At line 3 ROWS
At line 317 COLUMNS
At line 1133 RHS
At line 1446 BOUNDS
At line 1521 ENDATA
Problem MODEL has 312 rows, 241 columns and 647 elements
Coin0008I MODEL read with 0 errors
primalTolerance was changed from 1e-07 to 1e-09
integerTolerance was changed from 1e-07 to 1e-09
ratioGap was changed from 0 to 0
allowableGap was changed from 1e-10 to 0
Continuous objective value is 2.14265e+06 - 0.00 seconds
Cgl0003I 0 fixed, 0 tightened bounds, 3 strengthened rows, 0 substitutions
Cgl0004I processed model has 114 rows, 157 columns (24 integer (24 of which binary)) and 331 elements
Cbc0038I Initial state - 10 integers unsatisfied sum - 3.51693
Cbc0038I Pass   1: suminf.    0.00000 (0) obj. 2.21277e+06 iterations 16
Cbc0038I Solution found of 2.21277e+06
Cbc0038I Relaxing continuous gives 2.20073e+06
Cbc0038I Before mini branch and bound, 14 integers at bound fixed and 84 continuous
Cbc0038I Full problem 114 rows 157 columns, reduced to 8 rows 11 columns
Cbc0038I Mini branch and bound improved solution from 2.20073e+06 to 2.14318e+06 (0.01 seconds)
Cbc0038I Freeing continuous variables gives a solution of 2.14318e+06
Cbc0038I Round again with cutoff of 2.14313e+06
Cbc0038I Pass   2: suminf.    0.55313 (3) obj. 2.14313e+06 iterations 11
Cbc0038I Pass   3: suminf.    0.00000 (0) obj. 2.14313e+06 iterations 21
Cbc0038I Solution found of 2.14313e+06
Cbc0038I Relaxing continuous gives 2.14297e+06
Cbc0038I Before mini branch and bound, 13 integers at bound fixed and 79 continuous
Cbc0038I Full problem 114 rows 157 columns, reduced to 21 rows 30 columns
Cbc0038I Mini branch and bound improved solution from 2.14297e+06 to 2.14281e+06 (0.01 seconds)
Cbc0038I Round again with cutoff of 2.14278e+06
Cbc0038I Pass   4: suminf.    0.93296 (5) obj. 2.14278e+06 iterations 4
Cbc0038I Pass   5: suminf.    0.93296 (5) obj. 2.14278e+06 iterations 4
Cbc0038I Pass   6: suminf.    0.17215 (2) obj. 2.14278e+06 iterations 20
Cbc0038I Pass   7: suminf.    0.12035 (1) obj. 2.14278e+06 iterations 5
Cbc0038I Pass   8: suminf.    0.60096 (3) obj. 2.14278e+06 iterations 7
Cbc0038I Pass   9: suminf.    0.17735 (2) obj. 2.14278e+06 iterations 21
Cbc0038I Pass  10: suminf.    0.60096 (3) obj. 2.14278e+06 iterations 8
Cbc0038I Pass  11: suminf.    0.17215 (2) obj. 2.14278e+06 iterations 6
Cbc0038I Pass  12: suminf.    0.12035 (1) obj. 2.14278e+06 iterations 5
Cbc0038I Pass  13: suminf.    0.12035 (1) obj. 2.14278e+06 iterations 5
Cbc0038I Pass  14: suminf.    0.60096 (3) obj. 2.14278e+06 iterations 7
Cbc0038I Pass  15: suminf.    0.17215 (2) obj. 2.14278e+06 iterations 9
Cbc0038I Pass  16: suminf.    0.12035 (1) obj. 2.14278e+06 iterations 5
Cbc0038I Pass  17: suminf.    0.39904 (2) obj. 2.14278e+06 iterations 18
Cbc0038I Pass  18: suminf.    0.30785 (2) obj. 2.14278e+06 iterations 2
Cbc0038I Pass  19: suminf.    0.74682 (3) obj. 2.14278e+06 iterations 8
Cbc0038I Pass  20: suminf.    0.74682 (3) obj. 2.14278e+06 iterations 1
Cbc0038I Pass  21: suminf.    0.40568 (3) obj. 2.14278e+06 iterations 14
Cbc0038I Pass  22: suminf.    0.40568 (3) obj. 2.14278e+06 iterations 0
Cbc0038I Pass  23: suminf.    0.74682 (3) obj. 2.14278e+06 iterations 5
Cbc0038I Pass  24: suminf.    1.68447 (5) obj. 2.14278e+06 iterations 19
Cbc0038I Pass  25: suminf.    0.84983 (3) obj. 2.14278e+06 iterations 1
Cbc0038I Pass  26: suminf.    0.60096 (3) obj. 2.14278e+06 iterations 9
Cbc0038I Pass  27: suminf.    0.17215 (2) obj. 2.14278e+06 iterations 7
Cbc0038I Pass  28: suminf.    0.12035 (1) obj. 2.14278e+06 iterations 5
Cbc0038I Pass  29: suminf.    1.00679 (3) obj. 2.14278e+06 iterations 19
Cbc0038I Pass  30: suminf.    0.12035 (1) obj. 2.14278e+06 iterations 5
Cbc0038I Pass  31: suminf.    0.60096 (3) obj. 2.14278e+06 iterations 6
Cbc0038I Pass  32: suminf.    0.17215 (2) obj. 2.14278e+06 iterations 14
Cbc0038I Pass  33: suminf.    0.87868 (3) obj. 2.14278e+06 iterations 18
Cbc0038I No solution found this major pass
Cbc0038I Before mini branch and bound, 1 integers at bound fixed and 65 continuous
Cbc0038I Full problem 114 rows 157 columns, reduced to 26 rows 34 columns
Cbc0038I Mini branch and bound improved solution from 2.14281e+06 to 2.14276e+06 (0.03 seconds)
Cbc0038I Freeing continuous variables gives a solution of 2.14276e+06
Cbc0038I Round again with cutoff of 2.14274e+06
Cbc0038I Pass  33: suminf.    1.15126 (5) obj. 2.14274e+06 iterations 0
Cbc0038I Pass  34: suminf.    1.15126 (5) obj. 2.14274e+06 iterations 4
Cbc0038I Pass  35: suminf.    0.33236 (3) obj. 2.14274e+06 iterations 18
Cbc0038I Pass  36: suminf.    0.32437 (2) obj. 2.14274e+06 iterations 3
Cbc0038I Pass  37: suminf.    0.81926 (3) obj. 2.14274e+06 iterations 4
Cbc0038I Pass  38: suminf.    0.81926 (3) obj. 2.14274e+06 iterations 0
Cbc0038I Pass  39: suminf.    0.99238 (5) obj. 2.14274e+06 iterations 7
Cbc0038I Pass  40: suminf.    0.52576 (3) obj. 2.14274e+06 iterations 4
Cbc0038I Pass  41: suminf.    0.45987 (1) obj. 2.14274e+06 iterations 4
Cbc0038I Pass  42: suminf.    0.19376 (1) obj. 2.14274e+06 iterations 1
Cbc0038I Pass  43: suminf.    0.49337 (2) obj. 2.14274e+06 iterations 7
Cbc0038I Pass  44: suminf.    0.49337 (2) obj. 2.14274e+06 iterations 0
Cbc0038I Pass  45: suminf.    0.49337 (2) obj. 2.14274e+06 iterations 1
Cbc0038I Pass  46: suminf.    0.45987 (1) obj. 2.14274e+06 iterations 7
Cbc0038I Pass  47: suminf.    0.19376 (1) obj. 2.14274e+06 iterations 3
Cbc0038I Pass  48: suminf.    0.45987 (1) obj. 2.14274e+06 iterations 2
Cbc0038I Pass  49: suminf.    0.46986 (2) obj. 2.14274e+06 iterations 12
Cbc0038I Pass  50: suminf.    0.45987 (1) obj. 2.14274e+06 iterations 1
Cbc0038I Pass  51: suminf.    0.49337 (3) obj. 2.14274e+06 iterations 4
Cbc0038I Pass  52: suminf.    0.45987 (1) obj. 2.14274e+06 iterations 19
Cbc0038I Pass  53: suminf.    0.19376 (1) obj. 2.14274e+06 iterations 1
Cbc0038I Pass  54: suminf.    1.10096 (5) obj. 2.14274e+06 iterations 14
Cbc0038I Pass  55: suminf.    0.64787 (4) obj. 2.14274e+06 iterations 1
Cbc0038I Pass  56: suminf.    0.49651 (2) obj. 2.14274e+06 iterations 10
Cbc0038I Pass  57: suminf.    0.49337 (2) obj. 2.14274e+06 iterations 1
Cbc0038I Pass  58: suminf.    1.14251 (3) obj. 2.14274e+06 iterations 4
Cbc0038I Pass  59: suminf.    0.49337 (3) obj. 2.14274e+06 iterations 1
Cbc0038I Pass  60: suminf.    0.12237 (1) obj. 2.14274e+06 iterations 6
Cbc0038I Pass  61: suminf.    0.81926 (2) obj. 2.14274e+06 iterations 4
Cbc0038I Pass  62: suminf.    0.12737 (2) obj. 2.14274e+06 iterations 3
Cbc0038I No solution found this major pass
Cbc0038I Before mini branch and bound, 5 integers at bound fixed and 70 continuous
Cbc0038I Full problem 114 rows 157 columns, reduced to 27 rows 37 columns
Cbc0038I Mini branch and bound did not improve solution (0.05 seconds)
Cbc0038I After 0.05 seconds - Feasibility pump exiting with objective of 2.14276e+06 - took 0.04 seconds
Cbc0012I Integer solution of 2142764.4 found by feasibility pump after 0 iterations and 0 nodes (0.05 seconds)
Cbc0038I Full problem 114 rows 157 columns, reduced to 78 rows 118 columns
Cbc0031I 15 added rows had average density of 21.933333
Cbc0013I At root node, 15 cuts changed objective from 2142670.1 to 2142710.4 in 100 passes
Cbc0014I Cut generator 0 (Probing) - 3 row cuts average 6.3 elements, 0 column cuts (0 active)  in 0.006 seconds - new frequency is -100
Cbc0014I Cut generator 1 (Gomory) - 491 row cuts average 31.1 elements, 0 column cuts (0 active)  in 0.008 seconds - new frequency is 1
Cbc0014I Cut generator 2 (Knapsack) - 0 row cuts average 0.0 elements, 0 column cuts (0 active)  in 0.022 seconds - new frequency is -100
Cbc0014I Cut generator 3 (Clique) - 0 row cuts average 0.0 elements, 0 column cuts (0 active)  in 0.000 seconds - new frequency is -100
Cbc0014I Cut generator 4 (MixedIntegerRounding2) - 8 row cuts average 5.6 elements, 0 column cuts (0 active)  in 0.008 seconds - new frequency is -100
Cbc0014I Cut generator 5 (FlowCover) - 0 row cuts average 0.0 elements, 0 column cuts (0 active)  in 0.018 seconds - new frequency is -100
Cbc0014I Cut generator 6 (TwoMirCuts) - 31 row cuts average 6.9 elements, 0 column cuts (0 active)  in 0.005 seconds - new frequency is -100
Cbc0010I After 0 nodes, 1 on tree, 2142764.4 best solution, best possible 2142710.4 (0.19 seconds)
Cbc0001I Search completed - best objective 2142764.36298672, took 1649 iterations and 10 nodes (0.22 seconds)
Cbc0032I Strong branching done 54 times (268 iterations), fathomed 3 nodes and fixed 5 variables
Cbc0035I Maximum depth 2, 0 variables fixed on reduced cost
Cuts at root node changed objective from 2.14267e+06 to 2.14271e+06
Probing was tried 100 times and created 3 cuts of which 0 were active after adding rounds of cuts (0.006 seconds)
Gomory was tried 127 times and created 545 cuts of which 0 were active after adding rounds of cuts (0.012 seconds)
Knapsack was tried 100 times and created 0 cuts of which 0 were active after adding rounds of cuts (0.022 seconds)
Clique was tried 100 times and created 0 cuts of which 0 were active after adding rounds of cuts (0.000 seconds)
MixedIntegerRounding2 was tried 100 times and created 8 cuts of which 0 were active after adding rounds of cuts (0.008 seconds)
FlowCover was tried 100 times and created 0 cuts of which 0 were active after adding rounds of cuts (0.018 seconds)
TwoMirCuts was tried 100 times and created 31 cuts of which 0 were active after adding rounds of cuts (0.005 seconds)
ZeroHalf was tried 1 times and created 0 cuts of which 0 were active after adding rounds of cuts (0.000 seconds)

Result - Optimal solution found

Objective value:                2142764.36298672
Enumerated nodes:               10
Total iterations:               1649
Time (CPU seconds):             0.23
Time (Wallclock seconds):       0.23

Option for printingOptions changed from normal to all
Total time (CPU seconds):       0.26   (Wallclock seconds):       0.26

