Welcome to the CBC MILP Solver 
Version: 2.10.3 
Build Date: Dec 15 2019 

command line - E:\dachuang\.venv\Lib\site-packages\pulp\apis\../solverdir/cbc/win/i64/cbc.exe model.mps -primalTolerance 1e-9 -integerTolerance 1e-9 -ratioGap 0 -allowableGap 0 -threads 0 -branch -printingOptions all -solution solution.txt -saveSolution solution.bin -quit (default strategy 1)
At line 2 NAME          MODEL
At line 3 ROWS
At line 317 COLUMNS
At line 1133 RHS
At line 1446 BOUNDS
At line 1521 ENDATA
Problem MODEL has 312 rows, 241 columns and 647 elements
Coin0008I MODEL read with 0 errors
primalTolerance was changed from 1e-07 to 1e-09
integerTolerance was changed from 1e-07 to 1e-09
ratioGap was changed from 0 to 0
allowableGap was changed from 1e-10 to 0
Continuous objective value is 2.00913e+06 - 0.00 seconds
Cgl0003I 0 fixed, 0 tightened bounds, 3 strengthened rows, 0 substitutions
Cgl0004I processed model has 115 rows, 157 columns (24 integer (24 of which binary)) and 334 elements
Cbc0038I Initial state - 11 integers unsatisfied sum - 3.6585
Cbc0038I Pass   1: suminf.    0.00000 (0) obj. 2.08751e+06 iterations 22
Cbc0038I Solution found of 2.08751e+06
Cbc0038I Relaxing continuous gives 2.04394e+06
Cbc0038I Before mini branch and bound, 13 integers at bound fixed and 78 continuous
Cbc0038I Full problem 115 rows 157 columns, reduced to 12 rows 15 columns
Cbc0038I Mini branch and bound improved solution from 2.04394e+06 to 2.00979e+06 (0.01 seconds)
Cbc0038I Freeing continuous variables gives a solution of 2.00979e+06
Cbc0038I Round again with cutoff of 2.00973e+06
Cbc0038I Pass   2: suminf.    0.51304 (3) obj. 2.00973e+06 iterations 9
Cbc0038I Pass   3: suminf.    0.00000 (0) obj. 2.00973e+06 iterations 16
Cbc0038I Solution found of 2.00973e+06
Cbc0038I Relaxing continuous gives 2.00957e+06
Cbc0038I Before mini branch and bound, 13 integers at bound fixed and 78 continuous
Cbc0038I Full problem 115 rows 157 columns, reduced to 19 rows 26 columns
Cbc0038I Mini branch and bound improved solution from 2.00957e+06 to 2.00934e+06 (0.02 seconds)
Cbc0038I Round again with cutoff of 2.0093e+06
Cbc0038I Pass   4: suminf.    0.35343 (4) obj. 2.0093e+06 iterations 9
Cbc0038I Pass   5: suminf.    0.35343 (4) obj. 2.0093e+06 iterations 1
Cbc0038I Pass   6: suminf.    1.15931 (3) obj. 2.0093e+06 iterations 18
Cbc0038I Pass   7: suminf.    1.06164 (4) obj. 2.0093e+06 iterations 2
Cbc0038I Pass   8: suminf.    1.06164 (3) obj. 2.0093e+06 iterations 1
Cbc0038I Pass   9: suminf.    0.73393 (3) obj. 2.0093e+06 iterations 12
Cbc0038I Pass  10: suminf.    1.16583 (4) obj. 2.0093e+06 iterations 5
Cbc0038I Pass  11: suminf.    1.16583 (4) obj. 2.0093e+06 iterations 2
Cbc0038I Pass  12: suminf.    1.15931 (3) obj. 2.0093e+06 iterations 5
Cbc0038I Pass  13: suminf.    1.06164 (4) obj. 2.0093e+06 iterations 2
Cbc0038I Pass  14: suminf.    1.06164 (3) obj. 2.0093e+06 iterations 1
Cbc0038I Pass  15: suminf.    0.73393 (3) obj. 2.0093e+06 iterations 13
Cbc0038I Pass  16: suminf.    1.16583 (4) obj. 2.0093e+06 iterations 5
Cbc0038I Pass  17: suminf.    1.16583 (4) obj. 2.0093e+06 iterations 2
Cbc0038I Pass  18: suminf.    1.15931 (3) obj. 2.0093e+06 iterations 5
Cbc0038I Pass  19: suminf.    1.06164 (4) obj. 2.0093e+06 iterations 2
Cbc0038I Pass  20: suminf.    1.06164 (3) obj. 2.0093e+06 iterations 1
Cbc0038I Pass  21: suminf.    0.73393 (3) obj. 2.0093e+06 iterations 12
Cbc0038I Pass  22: suminf.    1.16583 (4) obj. 2.0093e+06 iterations 5
Cbc0038I Pass  23: suminf.    1.16583 (4) obj. 2.0093e+06 iterations 2
Cbc0038I Pass  24: suminf.    1.15931 (3) obj. 2.0093e+06 iterations 5
Cbc0038I Pass  25: suminf.    1.06164 (4) obj. 2.0093e+06 iterations 2
Cbc0038I Pass  26: suminf.    1.06164 (3) obj. 2.0093e+06 iterations 1
Cbc0038I Pass  27: suminf.    0.73393 (3) obj. 2.0093e+06 iterations 10
Cbc0038I Pass  28: suminf.    1.16583 (4) obj. 2.0093e+06 iterations 5
Cbc0038I Pass  29: suminf.    1.16583 (4) obj. 2.0093e+06 iterations 2
Cbc0038I Pass  30: suminf.    1.15931 (3) obj. 2.0093e+06 iterations 5
Cbc0038I Pass  31: suminf.    1.06164 (4) obj. 2.0093e+06 iterations 2
Cbc0038I Pass  32: suminf.    1.06164 (3) obj. 2.0093e+06 iterations 1
Cbc0038I Pass  33: suminf.    0.73393 (3) obj. 2.0093e+06 iterations 12
Cbc0038I No solution found this major pass
Cbc0038I Before mini branch and bound, 12 integers at bound fixed and 78 continuous
Cbc0038I Full problem 115 rows 157 columns, reduced to 22 rows 29 columns
Cbc0038I Mini branch and bound did not improve solution (0.03 seconds)
Cbc0038I After 0.03 seconds - Feasibility pump exiting with objective of 2.00934e+06 - took 0.02 seconds
Cbc0012I Integer solution of 2009335.5 found by feasibility pump after 0 iterations and 0 nodes (0.03 seconds)
Cbc0038I Full problem 115 rows 157 columns, reduced to 80 rows 118 columns
Cbc0012I Integer solution of 2009314.8 found by DiveCoefficient after 194 iterations and 0 nodes (0.08 seconds)
Cbc0031I 10 added rows had average density of 17.2
Cbc0013I At root node, 10 cuts changed objective from 2009153.9 to 2009258.1 in 32 passes
Cbc0014I Cut generator 0 (Probing) - 2 row cuts average 3.5 elements, 1 column cuts (1 active)  in 0.005 seconds - new frequency is -100
Cbc0014I Cut generator 1 (Gomory) - 107 row cuts average 31.1 elements, 0 column cuts (0 active)  in 0.004 seconds - new frequency is 1
Cbc0014I Cut generator 2 (Knapsack) - 0 row cuts average 0.0 elements, 0 column cuts (0 active)  in 0.007 seconds - new frequency is -100
Cbc0014I Cut generator 3 (Clique) - 0 row cuts average 0.0 elements, 0 column cuts (0 active)  in 0.001 seconds - new frequency is -100
Cbc0014I Cut generator 4 (MixedIntegerRounding2) - 5 row cuts average 5.0 elements, 0 column cuts (0 active)  in 0.001 seconds - new frequency is -100
Cbc0014I Cut generator 5 (FlowCover) - 0 row cuts average 0.0 elements, 0 column cuts (0 active)  in 0.006 seconds - new frequency is -100
Cbc0014I Cut generator 6 (TwoMirCuts) - 37 row cuts average 16.9 elements, 0 column cuts (0 active)  in 0.002 seconds - new frequency is -100
Cbc0010I After 0 nodes, 1 on tree, 2009314.8 best solution, best possible 2009258.1 (0.08 seconds)
Cbc0001I Search completed - best objective 2009314.777841992, took 361 iterations and 8 nodes (0.10 seconds)
Cbc0032I Strong branching done 28 times (94 iterations), fathomed 2 nodes and fixed 2 variables
Cbc0035I Maximum depth 2, 0 variables fixed on reduced cost
Cuts at root node changed objective from 2.00915e+06 to 2.00926e+06
Probing was tried 32 times and created 3 cuts of which 0 were active after adding rounds of cuts (0.005 seconds)
Gomory was tried 56 times and created 153 cuts of which 0 were active after adding rounds of cuts (0.008 seconds)
Knapsack was tried 32 times and created 0 cuts of which 0 were active after adding rounds of cuts (0.007 seconds)
Clique was tried 32 times and created 0 cuts of which 0 were active after adding rounds of cuts (0.001 seconds)
MixedIntegerRounding2 was tried 32 times and created 5 cuts of which 0 were active after adding rounds of cuts (0.001 seconds)
FlowCover was tried 32 times and created 0 cuts of which 0 were active after adding rounds of cuts (0.006 seconds)
TwoMirCuts was tried 32 times and created 37 cuts of which 0 were active after adding rounds of cuts (0.002 seconds)
ZeroHalf was tried 1 times and created 0 cuts of which 0 were active after adding rounds of cuts (0.000 seconds)

Result - Optimal solution found

Objective value:                2009314.77784199
Enumerated nodes:               8
Total iterations:               361
Time (CPU seconds):             0.10
Time (Wallclock seconds):       0.10

Option for printingOptions changed from normal to all
Total time (CPU seconds):       0.13   (Wallclock seconds):       0.13

