Welcome to the CBC MILP Solver 
Version: 2.10.3 
Build Date: Dec 15 2019 

command line - E:\dachuang\.venv\Lib\site-packages\pulp\apis\../solverdir/cbc/win/i64/cbc.exe model.mps -primalTolerance 1e-9 -integerTolerance 1e-9 -ratioGap 0 -allowableGap 0 -threads 0 -branch -printingOptions all -solution solution.txt -saveSolution solution.bin -quit (default strategy 1)
At line 2 NAME          MODEL
At line 3 ROWS
At line 317 COLUMNS
At line 1133 RHS
At line 1446 BOUNDS
At line 1521 ENDATA
Problem MODEL has 312 rows, 241 columns and 647 elements
Coin0008I MODEL read with 0 errors
primalTolerance was changed from 1e-07 to 1e-09
integerTolerance was changed from 1e-07 to 1e-09
ratioGap was changed from 0 to 0
allowableGap was changed from 1e-10 to 0
Continuous objective value is 1.53367e+06 - 0.00 seconds
Cgl0003I 0 fixed, 0 tightened bounds, 2 strengthened rows, 0 substitutions
Cgl0004I processed model has 116 rows, 161 columns (24 integer (24 of which binary)) and 341 elements
Cbc0038I Initial state - 10 integers unsatisfied sum - 3.18442
Cbc0038I Pass   1: suminf.    0.00000 (0) obj. 1.55451e+06 iterations 17
Cbc0038I Solution found of 1.55451e+06
Cbc0038I Relaxing continuous gives 1.55279e+06
Cbc0038I Before mini branch and bound, 14 integers at bound fixed and 81 continuous
Cbc0038I Full problem 116 rows 161 columns, reduced to 15 rows 20 columns
Cbc0038I Mini branch and bound improved solution from 1.55279e+06 to 1.53426e+06 (0.01 seconds)
Cbc0038I Round again with cutoff of 1.5342e+06
Cbc0038I Pass   2: suminf.    0.39846 (3) obj. 1.5342e+06 iterations 11
Cbc0038I Pass   3: suminf.    0.00000 (0) obj. 1.5342e+06 iterations 13
Cbc0038I Solution found of 1.5342e+06
Cbc0038I Relaxing continuous gives 1.53411e+06
Cbc0038I Before mini branch and bound, 14 integers at bound fixed and 80 continuous
Cbc0038I Full problem 116 rows 161 columns, reduced to 18 rows 25 columns
Cbc0038I Mini branch and bound improved solution from 1.53411e+06 to 1.53388e+06 (0.02 seconds)
Cbc0038I Round again with cutoff of 1.53384e+06
Cbc0038I Pass   4: suminf.    0.43957 (5) obj. 1.53384e+06 iterations 5
Cbc0038I Pass   5: suminf.    0.41540 (3) obj. 1.53384e+06 iterations 3
Cbc0038I Pass   6: suminf.    0.29036 (2) obj. 1.53384e+06 iterations 8
Cbc0038I Pass   7: suminf.    0.93262 (4) obj. 1.53384e+06 iterations 7
Cbc0038I Pass   8: suminf.    1.04551 (3) obj. 1.53384e+06 iterations 8
Cbc0038I Pass   9: suminf.    0.39636 (3) obj. 1.53384e+06 iterations 1
Cbc0038I Pass  10: suminf.    1.06738 (3) obj. 1.53384e+06 iterations 4
Cbc0038I Pass  11: suminf.    1.05411 (3) obj. 1.53384e+06 iterations 10
Cbc0038I Pass  12: suminf.    0.53904 (2) obj. 1.53384e+06 iterations 2
Cbc0038I Pass  13: suminf.    0.40326 (1) obj. 1.53384e+06 iterations 3
Cbc0038I Pass  14: suminf.    0.37232 (1) obj. 1.53384e+06 iterations 1
Cbc0038I Pass  15: suminf.    1.42440 (6) obj. 1.53384e+06 iterations 13
Cbc0038I Pass  16: suminf.    0.83340 (6) obj. 1.53384e+06 iterations 1
Cbc0038I Pass  17: suminf.    0.83340 (6) obj. 1.53384e+06 iterations 1
Cbc0038I Pass  18: suminf.    1.31574 (4) obj. 1.53384e+06 iterations 8
Cbc0038I Pass  19: suminf.    0.70286 (4) obj. 1.53384e+06 iterations 4
Cbc0038I Pass  20: suminf.    0.70286 (4) obj. 1.53384e+06 iterations 1
Cbc0038I Pass  21: suminf.    0.74387 (3) obj. 1.53384e+06 iterations 10
Cbc0038I Pass  22: suminf.    0.33337 (2) obj. 1.53384e+06 iterations 1
Cbc0038I Pass  23: suminf.    0.40326 (1) obj. 1.53384e+06 iterations 4
Cbc0038I Pass  24: suminf.    0.37232 (1) obj. 1.53384e+06 iterations 1
Cbc0038I Pass  25: suminf.    1.65692 (6) obj. 1.53384e+06 iterations 18
Cbc0038I Pass  26: suminf.    0.50729 (4) obj. 1.53384e+06 iterations 4
Cbc0038I Pass  27: suminf.    1.31574 (4) obj. 1.53384e+06 iterations 9
Cbc0038I Pass  28: suminf.    0.70286 (4) obj. 1.53384e+06 iterations 3
Cbc0038I Pass  29: suminf.    0.70286 (4) obj. 1.53384e+06 iterations 1
Cbc0038I Pass  30: suminf.    1.31574 (4) obj. 1.53384e+06 iterations 5
Cbc0038I Pass  31: suminf.    2.11086 (10) obj. 1.53384e+06 iterations 21
Cbc0038I Pass  32: suminf.    1.09786 (6) obj. 1.53384e+06 iterations 5
Cbc0038I Pass  33: suminf.    0.39636 (2) obj. 1.53384e+06 iterations 12
Cbc0038I No solution found this major pass
Cbc0038I Before mini branch and bound, 3 integers at bound fixed and 72 continuous
Cbc0038I Full problem 116 rows 161 columns, reduced to 23 rows 29 columns
Cbc0038I Mini branch and bound improved solution from 1.53388e+06 to 1.53379e+06 (0.03 seconds)
Cbc0038I Round again with cutoff of 1.53376e+06
Cbc0038I Pass  33: suminf.    0.79103 (5) obj. 1.53376e+06 iterations 1
Cbc0038I Pass  34: suminf.    0.76729 (5) obj. 1.53376e+06 iterations 4
Cbc0038I Pass  35: suminf.    1.02881 (4) obj. 1.53376e+06 iterations 10
Cbc0038I Pass  36: suminf.    0.73455 (4) obj. 1.53376e+06 iterations 5
Cbc0038I Pass  37: suminf.    1.43494 (4) obj. 1.53376e+06 iterations 4
Cbc0038I Pass  38: suminf.    0.78580 (4) obj. 1.53376e+06 iterations 1
Cbc0038I Pass  39: suminf.    0.79269 (4) obj. 1.53376e+06 iterations 3
Cbc0038I Pass  40: suminf.    0.74889 (4) obj. 1.53376e+06 iterations 1
Cbc0038I Pass  41: suminf.    0.73455 (4) obj. 1.53376e+06 iterations 3
Cbc0038I Pass  42: suminf.    1.43494 (4) obj. 1.53376e+06 iterations 4
Cbc0038I Pass  43: suminf.    0.78580 (4) obj. 1.53376e+06 iterations 1
Cbc0038I Pass  44: suminf.    0.79269 (4) obj. 1.53376e+06 iterations 3
Cbc0038I Pass  45: suminf.    0.74889 (4) obj. 1.53376e+06 iterations 1
Cbc0038I Pass  46: suminf.    0.73455 (4) obj. 1.53376e+06 iterations 3
Cbc0038I Pass  47: suminf.    1.43494 (4) obj. 1.53376e+06 iterations 4
Cbc0038I Pass  48: suminf.    0.78580 (4) obj. 1.53376e+06 iterations 1
Cbc0038I Pass  49: suminf.    0.79269 (4) obj. 1.53376e+06 iterations 3
Cbc0038I Pass  50: suminf.    0.74889 (4) obj. 1.53376e+06 iterations 1
Cbc0038I Pass  51: suminf.    0.73455 (4) obj. 1.53376e+06 iterations 3
Cbc0038I Pass  52: suminf.    1.43494 (4) obj. 1.53376e+06 iterations 4
Cbc0038I Pass  53: suminf.    0.78580 (4) obj. 1.53376e+06 iterations 1
Cbc0038I Pass  54: suminf.    0.79269 (4) obj. 1.53376e+06 iterations 3
Cbc0038I Pass  55: suminf.    0.74889 (4) obj. 1.53376e+06 iterations 1
Cbc0038I Pass  56: suminf.    0.73455 (4) obj. 1.53376e+06 iterations 3
Cbc0038I Pass  57: suminf.    1.43494 (4) obj. 1.53376e+06 iterations 4
Cbc0038I Pass  58: suminf.    0.78580 (4) obj. 1.53376e+06 iterations 1
Cbc0038I Pass  59: suminf.    0.79269 (4) obj. 1.53376e+06 iterations 3
Cbc0038I Pass  60: suminf.    0.74889 (4) obj. 1.53376e+06 iterations 1
Cbc0038I Pass  61: suminf.    0.73455 (4) obj. 1.53376e+06 iterations 3
Cbc0038I Pass  62: suminf.    1.43494 (4) obj. 1.53376e+06 iterations 4
Cbc0038I No solution found this major pass
Cbc0038I Before mini branch and bound, 14 integers at bound fixed and 80 continuous
Cbc0038I Full problem 116 rows 161 columns, reduced to 21 rows 27 columns
Cbc0038I Mini branch and bound did not improve solution (0.04 seconds)
Cbc0038I After 0.04 seconds - Feasibility pump exiting with objective of 1.53379e+06 - took 0.04 seconds
Cbc0012I Integer solution of 1533794.6 found by feasibility pump after 0 iterations and 0 nodes (0.05 seconds)
Cbc0038I Full problem 116 rows 161 columns, reduced to 83 rows 126 columns
Cbc0031I 11 added rows had average density of 23.363636
Cbc0013I At root node, 11 cuts changed objective from 1533673.5 to 1533779.9 in 100 passes
Cbc0014I Cut generator 0 (Probing) - 2 row cuts average 2.0 elements, 5 column cuts (5 active)  in 0.014 seconds - new frequency is 1
Cbc0014I Cut generator 1 (Gomory) - 345 row cuts average 40.6 elements, 0 column cuts (0 active)  in 0.007 seconds - new frequency is 1
Cbc0014I Cut generator 2 (Knapsack) - 0 row cuts average 0.0 elements, 0 column cuts (0 active)  in 0.020 seconds - new frequency is -100
Cbc0014I Cut generator 3 (Clique) - 0 row cuts average 0.0 elements, 0 column cuts (0 active)  in 0.001 seconds - new frequency is -100
Cbc0014I Cut generator 4 (MixedIntegerRounding2) - 5 row cuts average 5.2 elements, 0 column cuts (0 active)  in 0.004 seconds - new frequency is -100
Cbc0014I Cut generator 5 (FlowCover) - 1 row cuts average 2.0 elements, 0 column cuts (0 active)  in 0.022 seconds - new frequency is -100
Cbc0014I Cut generator 6 (TwoMirCuts) - 25 row cuts average 16.6 elements, 0 column cuts (0 active)  in 0.005 seconds - new frequency is -100
Cbc0010I After 0 nodes, 1 on tree, 1533794.6 best solution, best possible 1533779.9 (0.18 seconds)
Cbc0001I Search completed - best objective 1533794.602492954, took 785 iterations and 2 nodes (0.19 seconds)
Cbc0032I Strong branching done 12 times (84 iterations), fathomed 1 nodes and fixed 1 variables
Cbc0035I Maximum depth 0, 0 variables fixed on reduced cost
Cuts at root node changed objective from 1.53367e+06 to 1.53378e+06
Probing was tried 106 times and created 7 cuts of which 0 were active after adding rounds of cuts (0.014 seconds)
Gomory was tried 106 times and created 355 cuts of which 0 were active after adding rounds of cuts (0.009 seconds)
Knapsack was tried 100 times and created 0 cuts of which 0 were active after adding rounds of cuts (0.020 seconds)
Clique was tried 100 times and created 0 cuts of which 0 were active after adding rounds of cuts (0.001 seconds)
MixedIntegerRounding2 was tried 100 times and created 5 cuts of which 0 were active after adding rounds of cuts (0.004 seconds)
FlowCover was tried 100 times and created 1 cuts of which 0 were active after adding rounds of cuts (0.022 seconds)
TwoMirCuts was tried 100 times and created 25 cuts of which 0 were active after adding rounds of cuts (0.005 seconds)
ZeroHalf was tried 1 times and created 0 cuts of which 0 were active after adding rounds of cuts (0.000 seconds)

Result - Optimal solution found

Objective value:                1533794.60249295
Enumerated nodes:               2
Total iterations:               785
Time (CPU seconds):             0.19
Time (Wallclock seconds):       0.19

Option for printingOptions changed from normal to all
Total time (CPU seconds):       0.21   (Wallclock seconds):       0.21

