Welcome to the CBC MILP Solver 
Version: 2.10.3 
Build Date: Dec 15 2019 

command line - E:\dachuang\.venv\Lib\site-packages\pulp\apis\../solverdir/cbc/win/i64/cbc.exe model.mps -primalTolerance 1e-9 -integerTolerance 1e-9 -ratioGap 0 -allowableGap 0 -threads 0 -branch -printingOptions all -solution solution.txt -saveSolution solution.bin -quit (default strategy 1)
At line 2 NAME          MODEL
At line 3 ROWS
At line 317 COLUMNS
At line 1133 RHS
At line 1446 BOUNDS
At line 1521 ENDATA
Problem MODEL has 312 rows, 241 columns and 647 elements
Coin0008I MODEL read with 0 errors
primalTolerance was changed from 1e-07 to 1e-09
integerTolerance was changed from 1e-07 to 1e-09
ratioGap was changed from 0 to 0
allowableGap was changed from 1e-10 to 0
Continuous objective value is 816507 - 0.00 seconds
Cgl0003I 0 fixed, 0 tightened bounds, 3 strengthened rows, 0 substitutions
Cgl0004I processed model has 118 rows, 165 columns (24 integer (24 of which binary)) and 351 elements
Cbc0038I Initial state - 11 integers unsatisfied sum - 4.1326
Cbc0038I Pass   1: suminf.    0.00000 (0) obj. 913249 iterations 18
Cbc0038I Solution found of 913249
Cbc0038I Relaxing continuous gives 839520
Cbc0038I Before mini branch and bound, 13 integers at bound fixed and 82 continuous
Cbc0038I Full problem 118 rows 165 columns, reduced to 11 rows 14 columns
Cbc0038I Mini branch and bound improved solution from 839520 to 817229 (0.01 seconds)
Cbc0038I Round again with cutoff of 817160
Cbc0038I Pass   2: suminf.    0.62878 (3) obj. 817160 iterations 9
Cbc0038I Pass   3: suminf.    0.00000 (0) obj. 817160 iterations 10
Cbc0038I Solution found of 817160
Cbc0038I Relaxing continuous gives 816997
Cbc0038I Before mini branch and bound, 11 integers at bound fixed and 78 continuous
Cbc0038I Full problem 118 rows 165 columns, reduced to 21 rows 27 columns
Cbc0038I Mini branch and bound improved solution from 816997 to 816674 (0.02 seconds)
Cbc0038I Round again with cutoff of 816646
Cbc0038I Pass   4: suminf.    0.84238 (5) obj. 816646 iterations 6
Cbc0038I Pass   5: suminf.    0.84238 (5) obj. 816646 iterations 0
Cbc0038I Pass   6: suminf.    0.61574 (3) obj. 816646 iterations 19
Cbc0038I Pass   7: suminf.    0.61574 (3) obj. 816646 iterations 2
Cbc0038I Pass   8: suminf.    1.01784 (4) obj. 816646 iterations 5
Cbc0038I Pass   9: suminf.    1.01784 (4) obj. 816646 iterations 0
Cbc0038I Pass  10: suminf.    0.61574 (3) obj. 816646 iterations 5
Cbc0038I Pass  11: suminf.    1.31562 (5) obj. 816646 iterations 10
Cbc0038I Pass  12: suminf.    0.80906 (3) obj. 816646 iterations 9
Cbc0038I Pass  13: suminf.    0.53012 (2) obj. 816646 iterations 3
Cbc0038I Pass  14: suminf.    0.51406 (2) obj. 816646 iterations 5
Cbc0038I Pass  15: suminf.    1.09531 (6) obj. 816646 iterations 18
Cbc0038I Pass  16: suminf.    0.44131 (4) obj. 816646 iterations 2
Cbc0038I Pass  17: suminf.    0.61574 (3) obj. 816646 iterations 9
Cbc0038I Pass  18: suminf.    0.61574 (3) obj. 816646 iterations 1
Cbc0038I Pass  19: suminf.    0.76948 (3) obj. 816646 iterations 10
Cbc0038I Pass  20: suminf.    0.63262 (3) obj. 816646 iterations 3
Cbc0038I Pass  21: suminf.    0.61574 (3) obj. 816646 iterations 5
Cbc0038I Pass  22: suminf.    1.28177 (3) obj. 816646 iterations 3
Cbc0038I Pass  23: suminf.    1.93012 (5) obj. 816646 iterations 8
Cbc0038I Pass  24: suminf.    1.01656 (4) obj. 816646 iterations 7
Cbc0038I Pass  25: suminf.    1.01574 (4) obj. 816646 iterations 1
Cbc0038I Pass  26: suminf.    1.28177 (3) obj. 816646 iterations 4
Cbc0038I Pass  27: suminf.    0.61574 (3) obj. 816646 iterations 6
Cbc0038I Pass  28: suminf.    2.14038 (7) obj. 816646 iterations 15
Cbc0038I Pass  29: suminf.    1.31074 (5) obj. 816646 iterations 4
Cbc0038I Pass  30: suminf.    1.28177 (3) obj. 816646 iterations 5
Cbc0038I Pass  31: suminf.    0.61574 (3) obj. 816646 iterations 6
Cbc0038I Pass  32: suminf.    1.38612 (6) obj. 816646 iterations 15
Cbc0038I Pass  33: suminf.    0.97106 (4) obj. 816646 iterations 8
Cbc0038I No solution found this major pass
Cbc0038I Before mini branch and bound, 1 integers at bound fixed and 65 continuous
Cbc0038I Full problem 118 rows 165 columns, reduced to 28 rows 39 columns
Cbc0038I Mini branch and bound did not improve solution (0.03 seconds)
Cbc0038I After 0.03 seconds - Feasibility pump exiting with objective of 816674 - took 0.02 seconds
Cbc0012I Integer solution of 816674.13 found by feasibility pump after 0 iterations and 0 nodes (0.03 seconds)
Cbc0038I Full problem 118 rows 165 columns, reduced to 88 rows 135 columns - 3 fixed gives 81, 128 - ok now
Cbc0038I Full problem 118 rows 165 columns, reduced to 81 rows 128 columns
Cbc0031I 11 added rows had average density of 23.090909
Cbc0013I At root node, 11 cuts changed objective from 816531.8 to 816628.19 in 100 passes
Cbc0014I Cut generator 0 (Probing) - 15 row cuts average 2.0 elements, 3 column cuts (3 active)  in 0.010 seconds - new frequency is 1
Cbc0014I Cut generator 1 (Gomory) - 398 row cuts average 36.0 elements, 0 column cuts (0 active)  in 0.015 seconds - new frequency is 1
Cbc0014I Cut generator 2 (Knapsack) - 0 row cuts average 0.0 elements, 0 column cuts (0 active)  in 0.015 seconds - new frequency is -100
Cbc0014I Cut generator 3 (Clique) - 0 row cuts average 0.0 elements, 0 column cuts (0 active)  in 0.000 seconds - new frequency is -100
Cbc0014I Cut generator 4 (MixedIntegerRounding2) - 3 row cuts average 5.0 elements, 0 column cuts (0 active)  in 0.003 seconds - new frequency is -100
Cbc0014I Cut generator 5 (FlowCover) - 0 row cuts average 0.0 elements, 0 column cuts (0 active)  in 0.025 seconds - new frequency is -100
Cbc0014I Cut generator 6 (TwoMirCuts) - 30 row cuts average 12.1 elements, 0 column cuts (0 active)  in 0.004 seconds - new frequency is -100
Cbc0010I After 0 nodes, 1 on tree, 816674.13 best solution, best possible 816628.19 (0.18 seconds)
Cbc0001I Search completed - best objective 816674.1278309199, took 1092 iterations and 4 nodes (0.19 seconds)
Cbc0032I Strong branching done 18 times (97 iterations), fathomed 1 nodes and fixed 2 variables
Cbc0035I Maximum depth 1, 1 variables fixed on reduced cost
Cuts at root node changed objective from 816532 to 816628
Probing was tried 115 times and created 18 cuts of which 0 were active after adding rounds of cuts (0.010 seconds)
Gomory was tried 115 times and created 425 cuts of which 0 were active after adding rounds of cuts (0.017 seconds)
Knapsack was tried 100 times and created 0 cuts of which 0 were active after adding rounds of cuts (0.015 seconds)
Clique was tried 100 times and created 0 cuts of which 0 were active after adding rounds of cuts (0.000 seconds)
MixedIntegerRounding2 was tried 100 times and created 3 cuts of which 0 were active after adding rounds of cuts (0.003 seconds)
FlowCover was tried 100 times and created 0 cuts of which 0 were active after adding rounds of cuts (0.025 seconds)
TwoMirCuts was tried 100 times and created 30 cuts of which 0 were active after adding rounds of cuts (0.004 seconds)
ZeroHalf was tried 1 times and created 0 cuts of which 0 were active after adding rounds of cuts (0.000 seconds)

Result - Optimal solution found

Objective value:                816674.12783092
Enumerated nodes:               4
Total iterations:               1092
Time (CPU seconds):             0.19
Time (Wallclock seconds):       0.19

Option for printingOptions changed from normal to all
Total time (CPU seconds):       0.21   (Wallclock seconds):       0.21

