Welcome to the CBC MILP Solver 
Version: 2.10.3 
Build Date: Dec 15 2019 

command line - E:\dachuang\.venv\Lib\site-packages\pulp\apis\../solverdir/cbc/win/i64/cbc.exe model.mps -primalTolerance 1e-9 -integerTolerance 1e-9 -ratioGap 0 -allowableGap 0 -threads 0 -branch -printingOptions all -solution solution.txt -saveSolution solution.bin -quit (default strategy 1)
At line 2 NAME          MODEL
At line 3 ROWS
At line 317 COLUMNS
At line 1133 RHS
At line 1446 BOUNDS
At line 1521 ENDATA
Problem MODEL has 312 rows, 241 columns and 647 elements
Coin0008I MODEL read with 0 errors
primalTolerance was changed from 1e-07 to 1e-09
integerTolerance was changed from 1e-07 to 1e-09
ratioGap was changed from 0 to 0
allowableGap was changed from 1e-10 to 0
Continuous objective value is 1.43532e+06 - 0.00 seconds
Cgl0003I 0 fixed, 0 tightened bounds, 2 strengthened rows, 0 substitutions
Cgl0004I processed model has 117 rows, 163 columns (24 integer (24 of which binary)) and 346 elements
Cbc0038I Initial state - 4 integers unsatisfied sum - 1.42487
Cbc0038I Pass   1: suminf.    0.00000 (0) obj. 1.4552e+06 iterations 12
Cbc0038I Solution found of 1.4552e+06
Cbc0038I Relaxing continuous gives 1.44755e+06
Cbc0038I Before mini branch and bound, 20 integers at bound fixed and 91 continuous
Cbc0038I Full problem 117 rows 163 columns, reduced to 5 rows 8 columns
Cbc0038I Mini branch and bound improved solution from 1.44755e+06 to 1.43558e+06 (0.01 seconds)
Cbc0038I Round again with cutoff of 1.43555e+06
Cbc0038I Pass   2: suminf.    0.43617 (3) obj. 1.43555e+06 iterations 15
Cbc0038I Pass   3: suminf.    0.00000 (0) obj. 1.43555e+06 iterations 13
Cbc0038I Solution found of 1.43555e+06
Cbc0038I Relaxing continuous gives 1.43554e+06
Cbc0038I Before mini branch and bound, 17 integers at bound fixed and 86 continuous
Cbc0038I Full problem 117 rows 163 columns, reduced to 10 rows 13 columns
Cbc0038I Mini branch and bound improved solution from 1.43554e+06 to 1.43554e+06 (0.02 seconds)
Cbc0038I Freeing continuous variables gives a solution of 1.43554e+06
Cbc0038I Round again with cutoff of 1.4355e+06
Cbc0038I Pass   4: suminf.    0.66284 (3) obj. 1.4355e+06 iterations 1
Cbc0038I Pass   5: suminf.    0.21109 (1) obj. 1.4355e+06 iterations 10
Cbc0038I Pass   6: suminf.    0.33652 (1) obj. 1.4355e+06 iterations 1
Cbc0038I Pass   7: suminf.    0.33652 (1) obj. 1.4355e+06 iterations 8
Cbc0038I Pass   8: suminf.    0.21109 (1) obj. 1.4355e+06 iterations 3
Cbc0038I Pass   9: suminf.    0.33652 (1) obj. 1.4355e+06 iterations 1
Cbc0038I Pass  10: suminf.    1.02664 (3) obj. 1.4355e+06 iterations 14
Cbc0038I Pass  11: suminf.    0.62544 (2) obj. 1.4355e+06 iterations 1
Cbc0038I Pass  12: suminf.    0.21109 (1) obj. 1.4355e+06 iterations 4
Cbc0038I Pass  13: suminf.    0.33652 (1) obj. 1.4355e+06 iterations 1
Cbc0038I Pass  14: suminf.    0.47702 (3) obj. 1.4355e+06 iterations 8
Cbc0038I Pass  15: suminf.    0.35669 (2) obj. 1.4355e+06 iterations 6
Cbc0038I Pass  16: suminf.    0.35669 (2) obj. 1.4355e+06 iterations 0
Cbc0038I Pass  17: suminf.    0.33652 (2) obj. 1.4355e+06 iterations 2
Cbc0038I Pass  18: suminf.    0.33652 (2) obj. 1.4355e+06 iterations 0
Cbc0038I Pass  19: suminf.    0.83909 (3) obj. 1.4355e+06 iterations 13
Cbc0038I Pass  20: suminf.    0.42591 (1) obj. 1.4355e+06 iterations 4
Cbc0038I Pass  21: suminf.    0.21109 (1) obj. 1.4355e+06 iterations 2
Cbc0038I Pass  22: suminf.    0.97959 (4) obj. 1.4355e+06 iterations 20
Cbc0038I Pass  23: suminf.    0.42591 (1) obj. 1.4355e+06 iterations 5
Cbc0038I Pass  24: suminf.    0.21109 (1) obj. 1.4355e+06 iterations 2
Cbc0038I Pass  25: suminf.    0.43502 (3) obj. 1.4355e+06 iterations 27
Cbc0038I Pass  26: suminf.    0.35669 (2) obj. 1.4355e+06 iterations 6
Cbc0038I Pass  27: suminf.    0.35669 (2) obj. 1.4355e+06 iterations 0
Cbc0038I Pass  28: suminf.    0.33652 (2) obj. 1.4355e+06 iterations 2
Cbc0038I Pass  29: suminf.    0.33652 (2) obj. 1.4355e+06 iterations 0
Cbc0038I Pass  30: suminf.    0.43502 (3) obj. 1.4355e+06 iterations 11
Cbc0038I Pass  31: suminf.    0.35669 (2) obj. 1.4355e+06 iterations 6
Cbc0038I Pass  32: suminf.    0.35669 (2) obj. 1.4355e+06 iterations 0
Cbc0038I Pass  33: suminf.    0.33652 (2) obj. 1.4355e+06 iterations 2
Cbc0038I No solution found this major pass
Cbc0038I Before mini branch and bound, 1 integers at bound fixed and 73 continuous
Cbc0038I Full problem 117 rows 163 columns, reduced to 14 rows 18 columns
Cbc0038I Mini branch and bound did not improve solution (0.03 seconds)
Cbc0038I After 0.03 seconds - Feasibility pump exiting with objective of 1.43554e+06 - took 0.02 seconds
Cbc0012I Integer solution of 1435544.6 found by feasibility pump after 0 iterations and 0 nodes (0.03 seconds)
Cbc0038I Full problem 117 rows 163 columns, reduced to 68 rows 113 columns
Cbc0031I 6 added rows had average density of 11.666667
Cbc0013I At root node, 6 cuts changed objective from 1435323.5 to 1435544.6 in 9 passes
Cbc0014I Cut generator 0 (Probing) - 1 row cuts average 2.0 elements, 2 column cuts (2 active)  in 0.002 seconds - new frequency is 1
Cbc0014I Cut generator 1 (Gomory) - 17 row cuts average 16.1 elements, 0 column cuts (0 active)  in 0.001 seconds - new frequency is 1
Cbc0014I Cut generator 2 (Knapsack) - 0 row cuts average 0.0 elements, 0 column cuts (0 active)  in 0.001 seconds - new frequency is -100
Cbc0014I Cut generator 3 (Clique) - 0 row cuts average 0.0 elements, 0 column cuts (0 active)  in 0.000 seconds - new frequency is -100
Cbc0014I Cut generator 4 (MixedIntegerRounding2) - 2 row cuts average 4.5 elements, 0 column cuts (0 active)  in 0.000 seconds - new frequency is -100
Cbc0014I Cut generator 5 (FlowCover) - 0 row cuts average 0.0 elements, 0 column cuts (0 active)  in 0.000 seconds - new frequency is -100
Cbc0014I Cut generator 6 (TwoMirCuts) - 13 row cuts average 10.6 elements, 0 column cuts (0 active)  in 0.000 seconds - new frequency is -100
Cbc0001I Search completed - best objective 1435544.610368313, took 42 iterations and 0 nodes (0.04 seconds)
Cbc0032I Strong branching done 4 times (11 iterations), fathomed 1 nodes and fixed 0 variables
Cbc0035I Maximum depth 0, 0 variables fixed on reduced cost
Cuts at root node changed objective from 1.43532e+06 to 1.43558e+06
Probing was tried 9 times and created 3 cuts of which 0 were active after adding rounds of cuts (0.002 seconds)
Gomory was tried 9 times and created 17 cuts of which 0 were active after adding rounds of cuts (0.001 seconds)
Knapsack was tried 9 times and created 0 cuts of which 0 were active after adding rounds of cuts (0.001 seconds)
Clique was tried 9 times and created 0 cuts of which 0 were active after adding rounds of cuts (0.000 seconds)
MixedIntegerRounding2 was tried 9 times and created 2 cuts of which 0 were active after adding rounds of cuts (0.000 seconds)
FlowCover was tried 9 times and created 0 cuts of which 0 were active after adding rounds of cuts (0.000 seconds)
TwoMirCuts was tried 9 times and created 13 cuts of which 0 were active after adding rounds of cuts (0.000 seconds)
ZeroHalf was tried 1 times and created 0 cuts of which 0 were active after adding rounds of cuts (0.000 seconds)

Result - Optimal solution found

Objective value:                1435544.61036831
Enumerated nodes:               0
Total iterations:               42
Time (CPU seconds):             0.05
Time (Wallclock seconds):       0.05

Option for printingOptions changed from normal to all
Total time (CPU seconds):       0.07   (Wallclock seconds):       0.07

