Welcome to the CBC MILP Solver 
Version: 2.10.3 
Build Date: Dec 15 2019 

command line - E:\dachuang\.venv\Lib\site-packages\pulp\apis\../solverdir/cbc/win/i64/cbc.exe model.mps -primalTolerance 1e-9 -integerTolerance 1e-9 -ratioGap 0 -allowableGap 0 -threads 0 -branch -printingOptions all -solution solution.txt -saveSolution solution.bin -quit (default strategy 1)
At line 2 NAME          MODEL
At line 3 ROWS
At line 317 COLUMNS
At line 1133 RHS
At line 1446 BOUNDS
At line 1521 ENDATA
Problem MODEL has 312 rows, 241 columns and 647 elements
Coin0008I MODEL read with 0 errors
primalTolerance was changed from 1e-07 to 1e-09
integerTolerance was changed from 1e-07 to 1e-09
ratioGap was changed from 0 to 0
allowableGap was changed from 1e-10 to 0
Continuous objective value is 2.76e+06 - 0.00 seconds
Cgl0003I 0 fixed, 0 tightened bounds, 3 strengthened rows, 0 substitutions
Cgl0004I processed model has 114 rows, 157 columns (24 integer (24 of which binary)) and 331 elements
Cbc0038I Initial state - 12 integers unsatisfied sum - 3.68601
Cbc0038I Pass   1: suminf.    0.00000 (0) obj. 2.78179e+06 iterations 17
Cbc0038I Solution found of 2.78179e+06
Cbc0038I Relaxing continuous gives 2.77614e+06
Cbc0038I Before mini branch and bound, 12 integers at bound fixed and 83 continuous
Cbc0038I Full problem 114 rows 157 columns, reduced to 10 rows 10 columns
Cbc0038I Mini branch and bound improved solution from 2.77614e+06 to 2.76071e+06 (0.01 seconds)
Cbc0038I Freeing continuous variables gives a solution of 2.76071e+06
Cbc0038I Round again with cutoff of 2.76064e+06
Cbc0038I Pass   2: suminf.    0.38618 (3) obj. 2.76064e+06 iterations 9
Cbc0038I Pass   3: suminf.    0.00000 (0) obj. 2.76064e+06 iterations 13
Cbc0038I Solution found of 2.76064e+06
Cbc0038I Relaxing continuous gives 2.7605e+06
Cbc0038I Before mini branch and bound, 11 integers at bound fixed and 80 continuous
Cbc0038I Full problem 114 rows 157 columns, reduced to 22 rows 28 columns
Cbc0038I Mini branch and bound improved solution from 2.7605e+06 to 2.76023e+06 (0.02 seconds)
Cbc0038I Freeing continuous variables gives a solution of 2.76023e+06
Cbc0038I Round again with cutoff of 2.76019e+06
Cbc0038I Pass   4: suminf.    0.58401 (6) obj. 2.76019e+06 iterations 8
Cbc0038I Pass   5: suminf.    0.58401 (5) obj. 2.76019e+06 iterations 4
Cbc0038I Pass   6: suminf.    0.46135 (1) obj. 2.76019e+06 iterations 28
Cbc0038I Pass   7: suminf.    0.19541 (1) obj. 2.76019e+06 iterations 2
Cbc0038I Pass   8: suminf.    1.15716 (4) obj. 2.76019e+06 iterations 9
Cbc0038I Pass   9: suminf.    0.50801 (4) obj. 2.76019e+06 iterations 1
Cbc0038I Pass  10: suminf.    0.49800 (2) obj. 2.76019e+06 iterations 11
Cbc0038I Pass  11: suminf.    0.49501 (2) obj. 2.76019e+06 iterations 2
Cbc0038I Pass  12: suminf.    1.14416 (3) obj. 2.76019e+06 iterations 4
Cbc0038I Pass  13: suminf.    0.49501 (3) obj. 2.76019e+06 iterations 1
Cbc0038I Pass  14: suminf.    0.70012 (4) obj. 2.76019e+06 iterations 18
Cbc0038I Pass  15: suminf.    0.44801 (3) obj. 2.76019e+06 iterations 1
Cbc0038I Pass  16: suminf.    0.45341 (2) obj. 2.76019e+06 iterations 8
Cbc0038I Pass  17: suminf.    0.44801 (2) obj. 2.76019e+06 iterations 1
Cbc0038I Pass  18: suminf.    1.14841 (3) obj. 2.76019e+06 iterations 5
Cbc0038I Pass  19: suminf.    1.09716 (3) obj. 2.76019e+06 iterations 3
Cbc0038I Pass  20: suminf.    0.44801 (3) obj. 2.76019e+06 iterations 1
Cbc0038I Pass  21: suminf.    0.45341 (2) obj. 2.76019e+06 iterations 8
Cbc0038I Pass  22: suminf.    0.44801 (2) obj. 2.76019e+06 iterations 1
Cbc0038I Pass  23: suminf.    1.14841 (3) obj. 2.76019e+06 iterations 5
Cbc0038I Pass  24: suminf.    1.09716 (3) obj. 2.76019e+06 iterations 3
Cbc0038I Pass  25: suminf.    0.44801 (3) obj. 2.76019e+06 iterations 1
Cbc0038I Pass  26: suminf.    0.45341 (2) obj. 2.76019e+06 iterations 8
Cbc0038I Pass  27: suminf.    0.44801 (2) obj. 2.76019e+06 iterations 1
Cbc0038I Pass  28: suminf.    1.14841 (3) obj. 2.76019e+06 iterations 5
Cbc0038I Pass  29: suminf.    1.09716 (3) obj. 2.76019e+06 iterations 3
Cbc0038I Pass  30: suminf.    0.44801 (3) obj. 2.76019e+06 iterations 1
Cbc0038I Pass  31: suminf.    0.45341 (2) obj. 2.76019e+06 iterations 8
Cbc0038I Pass  32: suminf.    0.44801 (2) obj. 2.76019e+06 iterations 1
Cbc0038I Pass  33: suminf.    1.14841 (3) obj. 2.76019e+06 iterations 5
Cbc0038I No solution found this major pass
Cbc0038I Before mini branch and bound, 7 integers at bound fixed and 78 continuous
Cbc0038I Full problem 114 rows 157 columns, reduced to 24 rows 32 columns
Cbc0038I Mini branch and bound improved solution from 2.76023e+06 to 2.76022e+06 (0.03 seconds)
Cbc0038I Freeing continuous variables gives a solution of 2.76022e+06
Cbc0038I Round again with cutoff of 2.76014e+06
Cbc0038I Pass  33: suminf.    0.81850 (6) obj. 2.76014e+06 iterations 0
Cbc0038I Pass  34: suminf.    0.81850 (5) obj. 2.76014e+06 iterations 4
Cbc0038I Pass  35: suminf.    0.42989 (3) obj. 2.76014e+06 iterations 15
Cbc0038I Pass  36: suminf.    0.42989 (3) obj. 2.76014e+06 iterations 0
Cbc0038I Pass  37: suminf.    0.68297 (4) obj. 2.76014e+06 iterations 13
Cbc0038I Pass  38: suminf.    0.67825 (3) obj. 2.76014e+06 iterations 3
Cbc0038I Pass  39: suminf.    0.42989 (3) obj. 2.76014e+06 iterations 5
Cbc0038I Pass  40: suminf.    0.43752 (3) obj. 2.76014e+06 iterations 25
Cbc0038I Pass  41: suminf.    0.39589 (3) obj. 2.76014e+06 iterations 2
Cbc0038I Pass  42: suminf.    0.42452 (2) obj. 2.76014e+06 iterations 7
Cbc0038I Pass  43: suminf.    0.38289 (2) obj. 2.76014e+06 iterations 2
Cbc0038I Pass  44: suminf.    2.05741 (8) obj. 2.76014e+06 iterations 14
Cbc0038I Pass  45: suminf.    1.59300 (6) obj. 2.76014e+06 iterations 1
Cbc0038I Pass  46: suminf.    1.34135 (4) obj. 2.76014e+06 iterations 11
Cbc0038I Pass  47: suminf.    0.38289 (2) obj. 2.76014e+06 iterations 11
Cbc0038I Pass  48: suminf.    0.42452 (2) obj. 2.76014e+06 iterations 9
Cbc0038I Pass  49: suminf.    2.38564 (7) obj. 2.76014e+06 iterations 17
Cbc0038I Pass  50: suminf.    1.48814 (6) obj. 2.76014e+06 iterations 1
Cbc0038I Pass  51: suminf.    1.48814 (6) obj. 2.76014e+06 iterations 0
Cbc0038I Pass  52: suminf.    1.33164 (4) obj. 2.76014e+06 iterations 12
Cbc0038I Pass  53: suminf.    0.67501 (3) obj. 2.76014e+06 iterations 3
Cbc0038I Pass  54: suminf.    0.53306 (2) obj. 2.76014e+06 iterations 8
Cbc0038I Pass  55: suminf.    1.32416 (3) obj. 2.76014e+06 iterations 4
Cbc0038I Pass  56: suminf.    1.55783 (5) obj. 2.76014e+06 iterations 13
Cbc0038I Pass  57: suminf.    1.55783 (5) obj. 2.76014e+06 iterations 3
Cbc0038I Pass  58: suminf.    1.32416 (3) obj. 2.76014e+06 iterations 8
Cbc0038I Pass  59: suminf.    0.53306 (2) obj. 2.76014e+06 iterations 10
Cbc0038I Pass  60: suminf.    0.53306 (2) obj. 2.76014e+06 iterations 2
Cbc0038I Pass  61: suminf.    1.32416 (3) obj. 2.76014e+06 iterations 4
Cbc0038I Pass  62: suminf.    0.53306 (2) obj. 2.76014e+06 iterations 10
Cbc0038I No solution found this major pass
Cbc0038I Before mini branch and bound, 1 integers at bound fixed and 65 continuous
Cbc0038I Full problem 114 rows 157 columns, reduced to 24 rows 32 columns
Cbc0038I Mini branch and bound did not improve solution (0.04 seconds)
Cbc0038I After 0.04 seconds - Feasibility pump exiting with objective of 2.76022e+06 - took 0.04 seconds
Cbc0012I Integer solution of 2760218 found by feasibility pump after 0 iterations and 0 nodes (0.05 seconds)
Cbc0038I Full problem 114 rows 157 columns, reduced to 83 rows 122 columns
Cbc0031I 14 added rows had average density of 17.5
Cbc0013I At root node, 14 cuts changed objective from 2760023.1 to 2760156.1 in 100 passes
Cbc0014I Cut generator 0 (Probing) - 0 row cuts average 0.0 elements, 1 column cuts (1 active)  in 0.004 seconds - new frequency is -100
Cbc0014I Cut generator 1 (Gomory) - 410 row cuts average 34.2 elements, 0 column cuts (0 active)  in 0.014 seconds - new frequency is 1
Cbc0014I Cut generator 2 (Knapsack) - 0 row cuts average 0.0 elements, 0 column cuts (0 active)  in 0.019 seconds - new frequency is -100
Cbc0014I Cut generator 3 (Clique) - 0 row cuts average 0.0 elements, 0 column cuts (0 active)  in 0.000 seconds - new frequency is -100
Cbc0014I Cut generator 4 (MixedIntegerRounding2) - 15 row cuts average 4.5 elements, 0 column cuts (0 active)  in 0.007 seconds - new frequency is -100
Cbc0014I Cut generator 5 (FlowCover) - 0 row cuts average 0.0 elements, 0 column cuts (0 active)  in 0.019 seconds - new frequency is -100
Cbc0014I Cut generator 6 (TwoMirCuts) - 39 row cuts average 9.1 elements, 0 column cuts (0 active)  in 0.008 seconds - new frequency is -100
Cbc0010I After 0 nodes, 1 on tree, 2760218 best solution, best possible 2760156.1 (0.19 seconds)
Cbc0001I Search completed - best objective 2760217.954841997, took 1419 iterations and 6 nodes (0.20 seconds)
Cbc0032I Strong branching done 30 times (164 iterations), fathomed 1 nodes and fixed 2 variables
Cbc0035I Maximum depth 1, 0 variables fixed on reduced cost
Cuts at root node changed objective from 2.76002e+06 to 2.76016e+06
Probing was tried 100 times and created 1 cuts of which 0 were active after adding rounds of cuts (0.004 seconds)
Gomory was tried 119 times and created 434 cuts of which 0 were active after adding rounds of cuts (0.015 seconds)
Knapsack was tried 100 times and created 0 cuts of which 0 were active after adding rounds of cuts (0.019 seconds)
Clique was tried 100 times and created 0 cuts of which 0 were active after adding rounds of cuts (0.000 seconds)
MixedIntegerRounding2 was tried 100 times and created 15 cuts of which 0 were active after adding rounds of cuts (0.007 seconds)
FlowCover was tried 100 times and created 0 cuts of which 0 were active after adding rounds of cuts (0.019 seconds)
TwoMirCuts was tried 100 times and created 39 cuts of which 0 were active after adding rounds of cuts (0.008 seconds)
ZeroHalf was tried 1 times and created 0 cuts of which 0 were active after adding rounds of cuts (0.000 seconds)

Result - Optimal solution found

Objective value:                2760217.95484200
Enumerated nodes:               6
Total iterations:               1419
Time (CPU seconds):             0.21
Time (Wallclock seconds):       0.21

Option for printingOptions changed from normal to all
Total time (CPU seconds):       0.23   (Wallclock seconds):       0.23

