Welcome to the CBC MILP Solver 
Version: 2.10.3 
Build Date: Dec 15 2019 

command line - E:\dachuang\.venv\Lib\site-packages\pulp\apis\../solverdir/cbc/win/i64/cbc.exe model.mps -primalTolerance 1e-9 -integerTolerance 1e-9 -ratioGap 0 -allowableGap 0 -threads 0 -branch -printingOptions all -solution solution.txt -saveSolution solution.bin -quit (default strategy 1)
At line 2 NAME          MODEL
At line 3 ROWS
At line 317 COLUMNS
At line 1133 RHS
At line 1446 BOUNDS
At line 1521 ENDATA
Problem MODEL has 312 rows, 241 columns and 647 elements
Coin0008I MODEL read with 0 errors
primalTolerance was changed from 1e-07 to 1e-09
integerTolerance was changed from 1e-07 to 1e-09
ratioGap was changed from 0 to 0
allowableGap was changed from 1e-10 to 0
Continuous objective value is 2.92575e+06 - 0.00 seconds
Cgl0003I 0 fixed, 0 tightened bounds, 3 strengthened rows, 0 substitutions
Cgl0004I processed model has 114 rows, 151 columns (24 integer (24 of which binary)) and 325 elements
Cbc0038I Initial state - 10 integers unsatisfied sum - 2.79069
Cbc0038I Pass   1: suminf.    0.00000 (0) obj. 2.94348e+06 iterations 17
Cbc0038I Solution found of 2.94348e+06
Cbc0038I Relaxing continuous gives 2.92627e+06
Cbc0038I Before mini branch and bound, 14 integers at bound fixed and 79 continuous
Cbc0038I Full problem 114 rows 151 columns, reduced to 10 rows 12 columns
Cbc0038I Mini branch and bound did not improve solution (0.01 seconds)
Cbc0038I Round again with cutoff of 2.92622e+06
Cbc0038I Pass   2: suminf.    0.20994 (1) obj. 2.92622e+06 iterations 5
Cbc0038I Pass   3: suminf.    0.00000 (0) obj. 2.92622e+06 iterations 12
Cbc0038I Solution found of 2.92622e+06
Cbc0038I Relaxing continuous gives 2.92606e+06
Cbc0038I Before mini branch and bound, 14 integers at bound fixed and 74 continuous
Cbc0038I Full problem 114 rows 151 columns, reduced to 19 rows 26 columns
Cbc0038I Mini branch and bound improved solution from 2.92606e+06 to 2.926e+06 (0.01 seconds)
Cbc0038I Round again with cutoff of 2.92595e+06
Cbc0038I Pass   4: suminf.    0.47952 (2) obj. 2.92595e+06 iterations 5
Cbc0038I Pass   5: suminf.    0.47307 (1) obj. 2.92595e+06 iterations 1
Cbc0038I Pass   6: suminf.    0.20839 (1) obj. 2.92595e+06 iterations 11
Cbc0038I Pass   7: suminf.    0.44464 (1) obj. 2.92595e+06 iterations 2
Cbc0038I Pass   8: suminf.    0.80775 (2) obj. 2.92595e+06 iterations 5
Cbc0038I Pass   9: suminf.    0.44464 (1) obj. 2.92595e+06 iterations 2
Cbc0038I Pass  10: suminf.    0.20839 (1) obj. 2.92595e+06 iterations 5
Cbc0038I Pass  11: suminf.    0.99274 (4) obj. 2.92595e+06 iterations 9
Cbc0038I Pass  12: suminf.    0.20839 (1) obj. 2.92595e+06 iterations 4
Cbc0038I Pass  13: suminf.    0.44464 (1) obj. 2.92595e+06 iterations 2
Cbc0038I Pass  14: suminf.    0.36249 (3) obj. 2.92595e+06 iterations 25
Cbc0038I Pass  15: suminf.    0.36249 (3) obj. 2.92595e+06 iterations 1
Cbc0038I Pass  16: suminf.    0.44464 (1) obj. 2.92595e+06 iterations 6
Cbc0038I Pass  17: suminf.    0.20839 (1) obj. 2.92595e+06 iterations 2
Cbc0038I Pass  18: suminf.    0.47307 (1) obj. 2.92595e+06 iterations 16
Cbc0038I Pass  19: suminf.    0.50799 (3) obj. 2.92595e+06 iterations 5
Cbc0038I Pass  20: suminf.    0.44464 (1) obj. 2.92595e+06 iterations 6
Cbc0038I Pass  21: suminf.    0.20839 (1) obj. 2.92595e+06 iterations 5
Cbc0038I Pass  22: suminf.    0.36249 (3) obj. 2.92595e+06 iterations 15
Cbc0038I Pass  23: suminf.    0.36249 (3) obj. 2.92595e+06 iterations 0
Cbc0038I Pass  24: suminf.    0.47307 (1) obj. 2.92595e+06 iterations 5
Cbc0038I Pass  25: suminf.    0.20839 (1) obj. 2.92595e+06 iterations 6
Cbc0038I Pass  26: suminf.    0.44464 (1) obj. 2.92595e+06 iterations 2
Cbc0038I Pass  27: suminf.    2.02682 (7) obj. 2.92595e+06 iterations 29
Cbc0038I Pass  28: suminf.    1.37400 (5) obj. 2.92595e+06 iterations 3
Cbc0038I Pass  29: suminf.    1.37400 (5) obj. 2.92595e+06 iterations 0
Cbc0038I Pass  30: suminf.    0.82275 (4) obj. 2.92595e+06 iterations 9
Cbc0038I Pass  31: suminf.    0.32239 (1) obj. 2.92595e+06 iterations 4
Cbc0038I Pass  32: suminf.    0.44464 (1) obj. 2.92595e+06 iterations 1
Cbc0038I Pass  33: suminf.    0.95528 (4) obj. 2.92595e+06 iterations 21
Cbc0038I No solution found this major pass
Cbc0038I Before mini branch and bound, 1 integers at bound fixed and 61 continuous
Cbc0038I Full problem 114 rows 151 columns, reduced to 26 rows 35 columns
Cbc0038I Mini branch and bound did not improve solution (0.03 seconds)
Cbc0038I After 0.03 seconds - Feasibility pump exiting with objective of 2.926e+06 - took 0.02 seconds
Cbc0012I Integer solution of 2925996.8 found by feasibility pump after 0 iterations and 0 nodes (0.03 seconds)
Cbc0038I Full problem 114 rows 151 columns, reduced to 74 rows 106 columns
Cbc0031I 12 added rows had average density of 32.083333
Cbc0013I At root node, 12 cuts changed objective from 2925778.6 to 2925927 in 100 passes
Cbc0014I Cut generator 0 (Probing) - 0 row cuts average 0.0 elements, 0 column cuts (0 active)  in 0.007 seconds - new frequency is -100
Cbc0014I Cut generator 1 (Gomory) - 456 row cuts average 43.1 elements, 0 column cuts (0 active)  in 0.014 seconds - new frequency is 1
Cbc0014I Cut generator 2 (Knapsack) - 0 row cuts average 0.0 elements, 0 column cuts (0 active)  in 0.024 seconds - new frequency is -100
Cbc0014I Cut generator 3 (Clique) - 0 row cuts average 0.0 elements, 0 column cuts (0 active)  in 0.001 seconds - new frequency is -100
Cbc0014I Cut generator 4 (MixedIntegerRounding2) - 3 row cuts average 6.3 elements, 0 column cuts (0 active)  in 0.005 seconds - new frequency is -100
Cbc0014I Cut generator 5 (FlowCover) - 0 row cuts average 0.0 elements, 0 column cuts (0 active)  in 0.018 seconds - new frequency is -100
Cbc0014I Cut generator 6 (TwoMirCuts) - 31 row cuts average 10.7 elements, 0 column cuts (0 active)  in 0.004 seconds - new frequency is -100
Cbc0010I After 0 nodes, 1 on tree, 2925996.8 best solution, best possible 2925927 (0.19 seconds)
Cbc0001I Search completed - best objective 2925996.836092003, took 1734 iterations and 10 nodes (0.23 seconds)
Cbc0032I Strong branching done 58 times (346 iterations), fathomed 3 nodes and fixed 1 variables
Cbc0035I Maximum depth 3, 4 variables fixed on reduced cost
Cuts at root node changed objective from 2.92578e+06 to 2.92593e+06
Probing was tried 100 times and created 0 cuts of which 0 were active after adding rounds of cuts (0.007 seconds)
Gomory was tried 158 times and created 557 cuts of which 0 were active after adding rounds of cuts (0.021 seconds)
Knapsack was tried 100 times and created 0 cuts of which 0 were active after adding rounds of cuts (0.024 seconds)
Clique was tried 100 times and created 0 cuts of which 0 were active after adding rounds of cuts (0.001 seconds)
MixedIntegerRounding2 was tried 100 times and created 3 cuts of which 0 were active after adding rounds of cuts (0.005 seconds)
FlowCover was tried 100 times and created 0 cuts of which 0 were active after adding rounds of cuts (0.018 seconds)
TwoMirCuts was tried 100 times and created 31 cuts of which 0 were active after adding rounds of cuts (0.004 seconds)
ZeroHalf was tried 1 times and created 0 cuts of which 0 were active after adding rounds of cuts (0.000 seconds)

Result - Optimal solution found

Objective value:                2925996.83609200
Enumerated nodes:               10
Total iterations:               1734
Time (CPU seconds):             0.23
Time (Wallclock seconds):       0.23

Option for printingOptions changed from normal to all
Total time (CPU seconds):       0.26   (Wallclock seconds):       0.26

