Welcome to the CBC MILP Solver 
Version: 2.10.3 
Build Date: Dec 15 2019 

command line - E:\dachuang\.venv\Lib\site-packages\pulp\apis\../solverdir/cbc/win/i64/cbc.exe model.mps -primalTolerance 1e-9 -integerTolerance 1e-9 -ratioGap 0 -allowableGap 0 -threads 0 -branch -printingOptions all -solution solution.txt -saveSolution solution.bin -quit (default strategy 1)
At line 2 NAME          MODEL
At line 3 ROWS
At line 317 COLUMNS
At line 1133 RHS
At line 1446 BOUNDS
At line 1521 ENDATA
Problem MODEL has 312 rows, 241 columns and 647 elements
Coin0008I MODEL read with 0 errors
primalTolerance was changed from 1e-07 to 1e-09
integerTolerance was changed from 1e-07 to 1e-09
ratioGap was changed from 0 to 0
allowableGap was changed from 1e-10 to 0
Continuous objective value is 1.04255e+06 - 0.00 seconds
Cgl0003I 0 fixed, 0 tightened bounds, 3 strengthened rows, 0 substitutions
Cgl0004I processed model has 119 rows, 167 columns (24 integer (24 of which binary)) and 356 elements
Cbc0038I Initial state - 11 integers unsatisfied sum - 3.49476
Cbc0038I Pass   1: suminf.    0.00000 (0) obj. 1.3177e+06 iterations 23
Cbc0038I Solution found of 1.3177e+06
Cbc0038I Relaxing continuous gives 1.16138e+06
Cbc0038I Before mini branch and bound, 13 integers at bound fixed and 81 continuous
Cbc0038I Full problem 119 rows 167 columns, reduced to 13 rows 19 columns
Cbc0038I Mini branch and bound improved solution from 1.16138e+06 to 1.04298e+06 (0.01 seconds)
Cbc0038I Round again with cutoff of 1.04294e+06
Cbc0038I Pass   2: suminf.    1.51289 (6) obj. 1.04294e+06 iterations 27
Cbc0038I Pass   3: suminf.    0.00000 (0) obj. 1.04294e+06 iterations 18
Cbc0038I Solution found of 1.04294e+06
Cbc0038I Relaxing continuous gives 1.04279e+06
Cbc0038I Before mini branch and bound, 12 integers at bound fixed and 83 continuous
Cbc0038I Full problem 119 rows 167 columns, reduced to 20 rows 27 columns
Cbc0038I Mini branch and bound improved solution from 1.04279e+06 to 1.04264e+06 (0.02 seconds)
Cbc0038I Round again with cutoff of 1.04263e+06
Cbc0038I Pass   4: suminf.    1.78886 (8) obj. 1.04263e+06 iterations 3
Cbc0038I Pass   5: suminf.    1.78886 (8) obj. 1.04263e+06 iterations 3
Cbc0038I Pass   6: suminf.    0.45603 (3) obj. 1.04263e+06 iterations 7
Cbc0038I Pass   7: suminf.    0.45603 (3) obj. 1.04263e+06 iterations 2
Cbc0038I Pass   8: suminf.    0.82303 (5) obj. 1.04263e+06 iterations 2
Cbc0038I Pass   9: suminf.    2.25886 (8) obj. 1.04263e+06 iterations 11
Cbc0038I Pass  10: suminf.    1.60971 (8) obj. 1.04263e+06 iterations 2
Cbc0038I Pass  11: suminf.    1.40478 (4) obj. 1.04263e+06 iterations 6
Cbc0038I Pass  12: suminf.    0.70439 (4) obj. 1.04263e+06 iterations 2
Cbc0038I Pass  13: suminf.    0.70439 (4) obj. 1.04263e+06 iterations 0
Cbc0038I Pass  14: suminf.    0.74756 (3) obj. 1.04263e+06 iterations 8
Cbc0038I Pass  15: suminf.    0.73757 (2) obj. 1.04263e+06 iterations 2
Cbc0038I Pass  16: suminf.    0.45603 (3) obj. 1.04263e+06 iterations 7
Cbc0038I Pass  17: suminf.    0.45603 (3) obj. 1.04263e+06 iterations 2
Cbc0038I Pass  18: suminf.    1.95187 (8) obj. 1.04263e+06 iterations 26
Cbc0038I Pass  19: suminf.    1.05772 (7) obj. 1.04263e+06 iterations 2
Cbc0038I Pass  20: suminf.    0.83685 (5) obj. 1.04263e+06 iterations 10
Cbc0038I Pass  21: suminf.    0.59812 (4) obj. 1.04263e+06 iterations 8
Cbc0038I Pass  22: suminf.    0.59812 (5) obj. 1.04263e+06 iterations 9
Cbc0038I Pass  23: suminf.    0.59812 (4) obj. 1.04263e+06 iterations 4
Cbc0038I Pass  24: suminf.    0.59812 (5) obj. 1.04263e+06 iterations 4
Cbc0038I Pass  25: suminf.    2.57964 (12) obj. 1.04263e+06 iterations 20
Cbc0038I Pass  26: suminf.    2.33464 (11) obj. 1.04263e+06 iterations 1
Cbc0038I Pass  27: suminf.    1.40516 (5) obj. 1.04263e+06 iterations 8
Cbc0038I Pass  28: suminf.    0.70476 (5) obj. 1.04263e+06 iterations 2
Cbc0038I Pass  29: suminf.    0.70476 (5) obj. 1.04263e+06 iterations 0
Cbc0038I Pass  30: suminf.    1.57156 (6) obj. 1.04263e+06 iterations 10
Cbc0038I Pass  31: suminf.    1.15844 (5) obj. 1.04263e+06 iterations 2
Cbc0038I Pass  32: suminf.    0.45640 (3) obj. 1.04263e+06 iterations 13
Cbc0038I Pass  33: suminf.    0.22475 (3) obj. 1.04263e+06 iterations 5
Cbc0038I No solution found this major pass
Cbc0038I Before mini branch and bound, 1 integers at bound fixed and 72 continuous
Cbc0038I Full problem 119 rows 167 columns, reduced to 27 rows 35 columns
Cbc0038I Mini branch and bound did not improve solution (0.03 seconds)
Cbc0038I After 0.03 seconds - Feasibility pump exiting with objective of 1.04264e+06 - took 0.03 seconds
Cbc0012I Integer solution of 1042640.8 found by feasibility pump after 0 iterations and 0 nodes (0.03 seconds)
Cbc0038I Full problem 119 rows 167 columns, reduced to 84 rows 131 columns
Cbc0031I 14 added rows had average density of 26
Cbc0013I At root node, 14 cuts changed objective from 1042566.3 to 1042601.1 in 89 passes
Cbc0014I Cut generator 0 (Probing) - 2 row cuts average 3.0 elements, 3 column cuts (3 active)  in 0.009 seconds - new frequency is 1
Cbc0014I Cut generator 1 (Gomory) - 220 row cuts average 44.5 elements, 0 column cuts (0 active)  in 0.008 seconds - new frequency is 1
Cbc0014I Cut generator 2 (Knapsack) - 0 row cuts average 0.0 elements, 0 column cuts (0 active)  in 0.008 seconds - new frequency is -100
Cbc0014I Cut generator 3 (Clique) - 0 row cuts average 0.0 elements, 0 column cuts (0 active)  in 0.001 seconds - new frequency is -100
Cbc0014I Cut generator 4 (MixedIntegerRounding2) - 6 row cuts average 5.3 elements, 0 column cuts (0 active)  in 0.009 seconds - new frequency is -100
Cbc0014I Cut generator 5 (FlowCover) - 1 row cuts average 7.0 elements, 0 column cuts (0 active)  in 0.019 seconds - new frequency is -100
Cbc0014I Cut generator 6 (TwoMirCuts) - 31 row cuts average 12.6 elements, 0 column cuts (0 active)  in 0.004 seconds - new frequency is -100
Cbc0010I After 0 nodes, 1 on tree, 1042640.8 best solution, best possible 1042601.1 (0.16 seconds)
Cbc0001I Search completed - best objective 1042640.776522401, took 997 iterations and 12 nodes (0.18 seconds)
Cbc0032I Strong branching done 44 times (162 iterations), fathomed 2 nodes and fixed 3 variables
Cbc0035I Maximum depth 2, 1 variables fixed on reduced cost
Cuts at root node changed objective from 1.04257e+06 to 1.0426e+06
Probing was tried 112 times and created 7 cuts of which 0 were active after adding rounds of cuts (0.010 seconds)
Gomory was tried 112 times and created 248 cuts of which 0 were active after adding rounds of cuts (0.010 seconds)
Knapsack was tried 89 times and created 0 cuts of which 0 were active after adding rounds of cuts (0.008 seconds)
Clique was tried 89 times and created 0 cuts of which 0 were active after adding rounds of cuts (0.001 seconds)
MixedIntegerRounding2 was tried 89 times and created 6 cuts of which 0 were active after adding rounds of cuts (0.009 seconds)
FlowCover was tried 89 times and created 1 cuts of which 0 were active after adding rounds of cuts (0.019 seconds)
TwoMirCuts was tried 89 times and created 31 cuts of which 0 were active after adding rounds of cuts (0.004 seconds)
ZeroHalf was tried 1 times and created 0 cuts of which 0 were active after adding rounds of cuts (0.000 seconds)

Result - Optimal solution found

Objective value:                1042640.77652240
Enumerated nodes:               12
Total iterations:               997
Time (CPU seconds):             0.19
Time (Wallclock seconds):       0.19

Option for printingOptions changed from normal to all
Total time (CPU seconds):       0.22   (Wallclock seconds):       0.22

