Welcome to the CBC MILP Solver 
Version: 2.10.3 
Build Date: Dec 15 2019 

command line - E:\dachuang\.venv\Lib\site-packages\pulp\apis\../solverdir/cbc/win/i64/cbc.exe model.mps -primalTolerance 1e-9 -integerTolerance 1e-9 -ratioGap 0 -allowableGap 0 -threads 0 -branch -printingOptions all -solution solution.txt -saveSolution solution.bin -quit (default strategy 1)
At line 2 NAME          MODEL
At line 3 ROWS
At line 317 COLUMNS
At line 1133 RHS
At line 1446 BOUNDS
At line 1521 ENDATA
Problem MODEL has 312 rows, 241 columns and 647 elements
Coin0008I MODEL read with 0 errors
primalTolerance was changed from 1e-07 to 1e-09
integerTolerance was changed from 1e-07 to 1e-09
ratioGap was changed from 0 to 0
allowableGap was changed from 1e-10 to 0
Continuous objective value is 1.54374e+06 - 0.00 seconds
Cgl0003I 0 fixed, 0 tightened bounds, 3 strengthened rows, 0 substitutions
Cgl0004I processed model has 116 rows, 161 columns (24 integer (24 of which binary)) and 341 elements
Cbc0038I Initial state - 11 integers unsatisfied sum - 3.46481
Cbc0038I Pass   1: suminf.    0.00000 (0) obj. 1.66194e+06 iterations 20
Cbc0038I Solution found of 1.66194e+06
Cbc0038I Relaxing continuous gives 1.55803e+06
Cbc0038I Before mini branch and bound, 13 integers at bound fixed and 82 continuous
Cbc0038I Full problem 116 rows 161 columns, reduced to 9 rows 13 columns
Cbc0038I Mini branch and bound improved solution from 1.55803e+06 to 1.54417e+06 (0.01 seconds)
Cbc0038I Round again with cutoff of 1.54413e+06
Cbc0038I Pass   2: suminf.    1.06594 (4) obj. 1.54413e+06 iterations 20
Cbc0038I Pass   3: suminf.    0.00000 (0) obj. 1.54413e+06 iterations 11
Cbc0038I Solution found of 1.54413e+06
Cbc0038I Relaxing continuous gives 1.54399e+06
Cbc0038I Before mini branch and bound, 13 integers at bound fixed and 81 continuous
Cbc0038I Full problem 116 rows 161 columns, reduced to 17 rows 22 columns
Cbc0038I Mini branch and bound improved solution from 1.54399e+06 to 1.54383e+06 (0.01 seconds)
Cbc0038I Freeing continuous variables gives a solution of 1.54383e+06
Cbc0038I Round again with cutoff of 1.54382e+06
Cbc0038I Pass   4: suminf.    1.41953 (6) obj. 1.54382e+06 iterations 2
Cbc0038I Pass   5: suminf.    1.41953 (6) obj. 1.54382e+06 iterations 3
Cbc0038I Pass   6: suminf.    0.50302 (3) obj. 1.54382e+06 iterations 8
Cbc0038I Pass   7: suminf.    0.48241 (2) obj. 1.54382e+06 iterations 3
Cbc0038I Pass   8: suminf.    0.53365 (3) obj. 1.54382e+06 iterations 7
Cbc0038I Pass   9: suminf.    0.53365 (3) obj. 1.54382e+06 iterations 5
Cbc0038I Pass  10: suminf.    0.53365 (3) obj. 1.54382e+06 iterations 5
Cbc0038I Pass  11: suminf.    0.50302 (3) obj. 1.54382e+06 iterations 4
Cbc0038I Pass  12: suminf.    0.48241 (2) obj. 1.54382e+06 iterations 3
Cbc0038I Pass  13: suminf.    0.53365 (3) obj. 1.54382e+06 iterations 6
Cbc0038I Pass  14: suminf.    0.53365 (3) obj. 1.54382e+06 iterations 2
Cbc0038I Pass  15: suminf.    2.74286 (10) obj. 1.54382e+06 iterations 15
Cbc0038I Pass  16: suminf.    2.09371 (10) obj. 1.54382e+06 iterations 1
Cbc0038I Pass  17: suminf.    1.59226 (4) obj. 1.54382e+06 iterations 15
Cbc0038I Pass  18: suminf.    1.59226 (4) obj. 1.54382e+06 iterations 1
Cbc0038I Pass  19: suminf.    1.43116 (4) obj. 1.54382e+06 iterations 3
Cbc0038I Pass  20: suminf.    0.78201 (4) obj. 1.54382e+06 iterations 1
Cbc0038I Pass  21: suminf.    0.73701 (3) obj. 1.54382e+06 iterations 7
Cbc0038I Pass  22: suminf.    0.46400 (2) obj. 1.54382e+06 iterations 2
Cbc0038I Pass  23: suminf.    0.53365 (2) obj. 1.54382e+06 iterations 8
Cbc0038I Pass  24: suminf.    0.29803 (2) obj. 1.54382e+06 iterations 5
Cbc0038I Pass  25: suminf.    0.28662 (1) obj. 1.54382e+06 iterations 1
Cbc0038I Pass  26: suminf.    1.47263 (6) obj. 1.54382e+06 iterations 16
Cbc0038I Pass  27: suminf.    0.56462 (3) obj. 1.54382e+06 iterations 4
Cbc0038I Pass  28: suminf.    0.53365 (2) obj. 1.54382e+06 iterations 9
Cbc0038I Pass  29: suminf.    0.29803 (2) obj. 1.54382e+06 iterations 5
Cbc0038I Pass  30: suminf.    0.28662 (1) obj. 1.54382e+06 iterations 1
Cbc0038I Pass  31: suminf.    1.61089 (9) obj. 1.54382e+06 iterations 21
Cbc0038I Pass  32: suminf.    0.84824 (7) obj. 1.54382e+06 iterations 5
Cbc0038I Pass  33: suminf.    0.83647 (4) obj. 1.54382e+06 iterations 13
Cbc0038I No solution found this major pass
Cbc0038I Before mini branch and bound, 0 integers at bound fixed and 67 continuous
Cbc0038I Full problem 116 rows 161 columns, reduced to 26 rows 33 columns
Cbc0038I Mini branch and bound did not improve solution (0.03 seconds)
Cbc0038I After 0.03 seconds - Feasibility pump exiting with objective of 1.54383e+06 - took 0.02 seconds
Cbc0012I Integer solution of 1543830.4 found by feasibility pump after 0 iterations and 0 nodes (0.03 seconds)
Cbc0038I Full problem 116 rows 161 columns, reduced to 80 rows 122 columns
Cbc0031I 12 added rows had average density of 11.583333
Cbc0013I At root node, 12 cuts changed objective from 1543756 to 1543796.5 in 100 passes
Cbc0014I Cut generator 0 (Probing) - 8 row cuts average 3.3 elements, 1 column cuts (1 active)  in 0.010 seconds - new frequency is -100
Cbc0014I Cut generator 1 (Gomory) - 274 row cuts average 29.8 elements, 0 column cuts (0 active)  in 0.017 seconds - new frequency is 1
Cbc0014I Cut generator 2 (Knapsack) - 0 row cuts average 0.0 elements, 0 column cuts (0 active)  in 0.023 seconds - new frequency is -100
Cbc0014I Cut generator 3 (Clique) - 0 row cuts average 0.0 elements, 0 column cuts (0 active)  in 0.001 seconds - new frequency is -100
Cbc0014I Cut generator 4 (MixedIntegerRounding2) - 23 row cuts average 5.0 elements, 0 column cuts (0 active)  in 0.009 seconds - new frequency is 1
Cbc0014I Cut generator 5 (FlowCover) - 0 row cuts average 0.0 elements, 0 column cuts (0 active)  in 0.015 seconds - new frequency is -100
Cbc0014I Cut generator 6 (TwoMirCuts) - 30 row cuts average 8.8 elements, 0 column cuts (0 active)  in 0.004 seconds - new frequency is -100
Cbc0010I After 0 nodes, 1 on tree, 1543830.4 best solution, best possible 1543796.5 (0.19 seconds)
Cbc0001I Search completed - best objective 1543830.424930645, took 1330 iterations and 8 nodes (0.22 seconds)
Cbc0032I Strong branching done 46 times (205 iterations), fathomed 3 nodes and fixed 5 variables
Cbc0035I Maximum depth 2, 0 variables fixed on reduced cost
Cuts at root node changed objective from 1.54376e+06 to 1.5438e+06
Probing was tried 100 times and created 9 cuts of which 0 were active after adding rounds of cuts (0.010 seconds)
Gomory was tried 138 times and created 341 cuts of which 0 were active after adding rounds of cuts (0.018 seconds)
Knapsack was tried 100 times and created 0 cuts of which 0 were active after adding rounds of cuts (0.023 seconds)
Clique was tried 100 times and created 0 cuts of which 0 were active after adding rounds of cuts (0.001 seconds)
MixedIntegerRounding2 was tried 138 times and created 28 cuts of which 0 were active after adding rounds of cuts (0.011 seconds)
FlowCover was tried 100 times and created 0 cuts of which 0 were active after adding rounds of cuts (0.015 seconds)
TwoMirCuts was tried 100 times and created 30 cuts of which 0 were active after adding rounds of cuts (0.004 seconds)
ZeroHalf was tried 1 times and created 0 cuts of which 0 were active after adding rounds of cuts (0.000 seconds)

Result - Optimal solution found

Objective value:                1543830.42493064
Enumerated nodes:               8
Total iterations:               1330
Time (CPU seconds):             0.22
Time (Wallclock seconds):       0.22

Option for printingOptions changed from normal to all
Total time (CPU seconds):       0.25   (Wallclock seconds):       0.25

