Welcome to the CBC MILP Solver 
Version: 2.10.3 
Build Date: Dec 15 2019 

command line - E:\dachuang\.venv\Lib\site-packages\pulp\apis\../solverdir/cbc/win/i64/cbc.exe model.mps -primalTolerance 1e-9 -integerTolerance 1e-9 -ratioGap 0 -allowableGap 0 -threads 0 -branch -printingOptions all -solution solution.txt -saveSolution solution.bin -quit (default strategy 1)
At line 2 NAME          MODEL
At line 3 ROWS
At line 317 COLUMNS
At line 1133 RHS
At line 1446 BOUNDS
At line 1521 ENDATA
Problem MODEL has 312 rows, 241 columns and 647 elements
Coin0008I MODEL read with 0 errors
primalTolerance was changed from 1e-07 to 1e-09
integerTolerance was changed from 1e-07 to 1e-09
ratioGap was changed from 0 to 0
allowableGap was changed from 1e-10 to 0
Continuous objective value is 3.75822e+06 - 0.00 seconds
Cgl0003I 0 fixed, 0 tightened bounds, 3 strengthened rows, 0 substitutions
Cgl0004I processed model has 112 rows, 153 columns (24 integer (24 of which binary)) and 321 elements
Cbc0038I Initial state - 6 integers unsatisfied sum - 1.88868
Cbc0038I Pass   1: suminf.    0.00000 (0) obj. 3.75865e+06 iterations 11
Cbc0038I Solution found of 3.75865e+06
Cbc0038I Relaxing continuous gives 3.75851e+06
Cbc0038I Before mini branch and bound, 18 integers at bound fixed and 92 continuous
Cbc0038I Full problem 112 rows 153 columns, reduced to 4 rows 4 columns
Cbc0038I Mini branch and bound did not improve solution (0.01 seconds)
Cbc0038I Round again with cutoff of 3.75848e+06
Cbc0038I Pass   2: suminf.    0.11441 (1) obj. 3.75848e+06 iterations 4
Cbc0038I Pass   3: suminf.    0.00000 (0) obj. 3.75848e+06 iterations 7
Cbc0038I Solution found of 3.75848e+06
Cbc0038I Relaxing continuous gives 3.75844e+06
Cbc0038I Before mini branch and bound, 18 integers at bound fixed and 89 continuous
Cbc0038I Full problem 112 rows 153 columns, reduced to 9 rows 12 columns
Cbc0038I Mini branch and bound improved solution from 3.75844e+06 to 3.75834e+06 (0.01 seconds)
Cbc0038I Round again with cutoff of 3.75832e+06
Cbc0038I Pass   4: suminf.    0.57292 (3) obj. 3.75832e+06 iterations 3
Cbc0038I Pass   5: suminf.    0.57292 (3) obj. 3.75832e+06 iterations 1
Cbc0038I Pass   6: suminf.    0.29631 (3) obj. 3.75832e+06 iterations 7
Cbc0038I Pass   7: suminf.    0.28051 (1) obj. 3.75832e+06 iterations 3
Cbc0038I Pass   8: suminf.    0.99926 (3) obj. 3.75832e+06 iterations 8
Cbc0038I Pass   9: suminf.    0.99926 (3) obj. 3.75832e+06 iterations 0
Cbc0038I Pass  10: suminf.    0.57292 (3) obj. 3.75832e+06 iterations 6
Cbc0038I Pass  11: suminf.    0.29631 (3) obj. 3.75832e+06 iterations 7
Cbc0038I Pass  12: suminf.    0.28051 (1) obj. 3.75832e+06 iterations 3
Cbc0038I Pass  13: suminf.    0.28051 (1) obj. 3.75832e+06 iterations 3
Cbc0038I Pass  14: suminf.    0.57292 (3) obj. 3.75832e+06 iterations 5
Cbc0038I Pass  15: suminf.    0.29631 (3) obj. 3.75832e+06 iterations 7
Cbc0038I Pass  16: suminf.    0.28051 (1) obj. 3.75832e+06 iterations 3
Cbc0038I Pass  17: suminf.    0.69222 (4) obj. 3.75832e+06 iterations 15
Cbc0038I Pass  18: suminf.    0.43503 (3) obj. 3.75832e+06 iterations 9
Cbc0038I Pass  19: suminf.    0.43503 (3) obj. 3.75832e+06 iterations 3
Cbc0038I Pass  20: suminf.    0.40722 (1) obj. 3.75832e+06 iterations 6
Cbc0038I Pass  21: suminf.    0.15292 (1) obj. 3.75832e+06 iterations 1
Cbc0038I Pass  22: suminf.    0.43503 (3) obj. 3.75832e+06 iterations 14
Cbc0038I Pass  23: suminf.    0.43503 (3) obj. 3.75832e+06 iterations 0
Cbc0038I Pass  24: suminf.    0.42301 (1) obj. 3.75832e+06 iterations 5
Cbc0038I Pass  25: suminf.    0.15292 (1) obj. 3.75832e+06 iterations 4
Cbc0038I Pass  26: suminf.    0.40722 (1) obj. 3.75832e+06 iterations 4
Cbc0038I Pass  27: suminf.    1.46505 (5) obj. 3.75832e+06 iterations 30
Cbc0038I Pass  28: suminf.    1.46505 (5) obj. 3.75832e+06 iterations 0
Cbc0038I Pass  29: suminf.    0.87404 (3) obj. 3.75832e+06 iterations 8
Cbc0038I Pass  30: suminf.    0.08551 (1) obj. 3.75832e+06 iterations 4
Cbc0038I Pass  31: suminf.    0.57292 (2) obj. 3.75832e+06 iterations 4
Cbc0038I Pass  32: suminf.    0.09132 (2) obj. 3.75832e+06 iterations 4
Cbc0038I Pass  33: suminf.    0.43592 (2) obj. 3.75832e+06 iterations 18
Cbc0038I No solution found this major pass
Cbc0038I Before mini branch and bound, 4 integers at bound fixed and 69 continuous
Cbc0038I Full problem 112 rows 153 columns, reduced to 26 rows 34 columns
Cbc0038I Mini branch and bound improved solution from 3.75834e+06 to 3.75832e+06 (0.03 seconds)
Cbc0038I Round again with cutoff of 3.75829e+06
Cbc0038I Pass  33: suminf.    0.70817 (3) obj. 3.75829e+06 iterations 0
Cbc0038I Pass  34: suminf.    0.70817 (3) obj. 3.75829e+06 iterations 1
Cbc0038I Pass  35: suminf.    0.41837 (3) obj. 3.75829e+06 iterations 7
Cbc0038I Pass  36: suminf.    0.40825 (2) obj. 3.75829e+06 iterations 3
Cbc0038I Pass  37: suminf.    0.70817 (4) obj. 3.75829e+06 iterations 5
Cbc0038I Pass  38: suminf.    0.58786 (4) obj. 3.75829e+06 iterations 17
Cbc0038I Pass  39: suminf.    0.99027 (4) obj. 3.75829e+06 iterations 7
Cbc0038I Pass  40: suminf.    0.99027 (4) obj. 3.75829e+06 iterations 0
Cbc0038I Pass  41: suminf.    0.41837 (2) obj. 3.75829e+06 iterations 7
Cbc0038I Pass  42: suminf.    0.40825 (2) obj. 3.75829e+06 iterations 2
Cbc0038I Pass  43: suminf.    0.70817 (4) obj. 3.75829e+06 iterations 5
Cbc0038I Pass  44: suminf.    0.70817 (3) obj. 3.75829e+06 iterations 1
Cbc0038I Pass  45: suminf.    0.41837 (3) obj. 3.75829e+06 iterations 9
Cbc0038I Pass  46: suminf.    0.70817 (4) obj. 3.75829e+06 iterations 6
Cbc0038I Pass  47: suminf.    0.70817 (3) obj. 3.75829e+06 iterations 1
Cbc0038I Pass  48: suminf.    0.41837 (3) obj. 3.75829e+06 iterations 9
Cbc0038I Pass  49: suminf.    0.40825 (2) obj. 3.75829e+06 iterations 3
Cbc0038I Pass  50: suminf.    0.70817 (4) obj. 3.75829e+06 iterations 5
Cbc0038I Pass  51: suminf.    0.70817 (3) obj. 3.75829e+06 iterations 2
Cbc0038I Pass  52: suminf.    0.70785 (5) obj. 3.75829e+06 iterations 13
Cbc0038I Pass  53: suminf.    0.70785 (5) obj. 3.75829e+06 iterations 0
Cbc0038I Pass  54: suminf.    0.99027 (3) obj. 3.75829e+06 iterations 7
Cbc0038I Pass  55: suminf.    0.20757 (1) obj. 3.75829e+06 iterations 7
Cbc0038I Pass  56: suminf.    0.70817 (2) obj. 3.75829e+06 iterations 4
Cbc0038I Pass  57: suminf.    0.21338 (2) obj. 3.75829e+06 iterations 4
Cbc0038I Pass  58: suminf.    1.21537 (4) obj. 3.75829e+06 iterations 14
Cbc0038I Pass  59: suminf.    0.70817 (4) obj. 3.75829e+06 iterations 9
Cbc0038I Pass  60: suminf.    0.70817 (3) obj. 3.75829e+06 iterations 1
Cbc0038I Pass  61: suminf.    0.41837 (3) obj. 3.75829e+06 iterations 11
Cbc0038I Pass  62: suminf.    0.40825 (2) obj. 3.75829e+06 iterations 3
Cbc0038I No solution found this major pass
Cbc0038I Before mini branch and bound, 5 integers at bound fixed and 74 continuous
Cbc0038I Full problem 112 rows 153 columns, reduced to 27 rows 37 columns
Cbc0038I Mini branch and bound did not improve solution (0.04 seconds)
Cbc0038I After 0.04 seconds - Feasibility pump exiting with objective of 3.75832e+06 - took 0.04 seconds
Cbc0012I Integer solution of 3758315.9 found by feasibility pump after 0 iterations and 0 nodes (0.04 seconds)
Cbc0038I Full problem 112 rows 153 columns, reduced to 66 rows 100 columns
Cbc0031I 11 added rows had average density of 27.727273
Cbc0013I At root node, 11 cuts changed objective from 3758243 to 3758287.7 in 100 passes
Cbc0014I Cut generator 0 (Probing) - 2 row cuts average 2.0 elements, 0 column cuts (0 active)  in 0.013 seconds - new frequency is -100
Cbc0014I Cut generator 1 (Gomory) - 410 row cuts average 37.4 elements, 0 column cuts (0 active)  in 0.007 seconds - new frequency is 1
Cbc0014I Cut generator 2 (Knapsack) - 0 row cuts average 0.0 elements, 0 column cuts (0 active)  in 0.021 seconds - new frequency is -100
Cbc0014I Cut generator 3 (Clique) - 0 row cuts average 0.0 elements, 0 column cuts (0 active)  in 0.002 seconds - new frequency is -100
Cbc0014I Cut generator 4 (MixedIntegerRounding2) - 2 row cuts average 5.0 elements, 0 column cuts (0 active)  in 0.005 seconds - new frequency is -100
Cbc0014I Cut generator 5 (FlowCover) - 0 row cuts average 0.0 elements, 0 column cuts (0 active)  in 0.013 seconds - new frequency is -100
Cbc0014I Cut generator 6 (TwoMirCuts) - 26 row cuts average 10.7 elements, 0 column cuts (0 active)  in 0.004 seconds - new frequency is -100
Cbc0010I After 0 nodes, 1 on tree, 3758315.9 best solution, best possible 3758287.7 (0.19 seconds)
Cbc0001I Search completed - best objective 3758315.916897405, took 1270 iterations and 8 nodes (0.20 seconds)
Cbc0032I Strong branching done 34 times (152 iterations), fathomed 1 nodes and fixed 4 variables
Cbc0035I Maximum depth 2, 0 variables fixed on reduced cost
Cuts at root node changed objective from 3.75824e+06 to 3.75829e+06
Probing was tried 100 times and created 2 cuts of which 0 were active after adding rounds of cuts (0.013 seconds)
Gomory was tried 120 times and created 442 cuts of which 0 were active after adding rounds of cuts (0.007 seconds)
Knapsack was tried 100 times and created 0 cuts of which 0 were active after adding rounds of cuts (0.021 seconds)
Clique was tried 100 times and created 0 cuts of which 0 were active after adding rounds of cuts (0.002 seconds)
MixedIntegerRounding2 was tried 100 times and created 2 cuts of which 0 were active after adding rounds of cuts (0.005 seconds)
FlowCover was tried 100 times and created 0 cuts of which 0 were active after adding rounds of cuts (0.013 seconds)
TwoMirCuts was tried 100 times and created 26 cuts of which 0 were active after adding rounds of cuts (0.004 seconds)
ZeroHalf was tried 1 times and created 0 cuts of which 0 were active after adding rounds of cuts (0.000 seconds)

Result - Optimal solution found

Objective value:                3758315.91689740
Enumerated nodes:               8
Total iterations:               1270
Time (CPU seconds):             0.21
Time (Wallclock seconds):       0.21

Option for printingOptions changed from normal to all
Total time (CPU seconds):       0.23   (Wallclock seconds):       0.23

