Welcome to the CBC MILP Solver 
Version: 2.10.3 
Build Date: Dec 15 2019 

command line - E:\dachuang\.venv\Lib\site-packages\pulp\apis\../solverdir/cbc/win/i64/cbc.exe model.mps -primalTolerance 1e-9 -integerTolerance 1e-9 -ratioGap 0 -allowableGap 0 -threads 0 -branch -printingOptions all -solution solution.txt -saveSolution solution.bin -quit (default strategy 1)
At line 2 NAME          MODEL
At line 3 ROWS
At line 317 COLUMNS
At line 1133 RHS
At line 1446 BOUNDS
At line 1521 ENDATA
Problem MODEL has 312 rows, 241 columns and 647 elements
Coin0008I MODEL read with 0 errors
primalTolerance was changed from 1e-07 to 1e-09
integerTolerance was changed from 1e-07 to 1e-09
ratioGap was changed from 0 to 0
allowableGap was changed from 1e-10 to 0
Continuous objective value is 3.62515e+06 - 0.00 seconds
Cgl0003I 0 fixed, 0 tightened bounds, 2 strengthened rows, 0 substitutions
Cgl0004I processed model has 114 rows, 154 columns (24 integer (24 of which binary)) and 328 elements
Cbc0038I Initial state - 7 integers unsatisfied sum - 2.99606
Cbc0038I Pass   1: suminf.    0.00000 (0) obj. 3.62585e+06 iterations 15
Cbc0038I Solution found of 3.62585e+06
Cbc0038I Relaxing continuous gives 3.62585e+06
Cbc0038I Before mini branch and bound, 17 integers at bound fixed and 89 continuous
Cbc0038I Full problem 114 rows 154 columns, reduced to 13 rows 14 columns
Cbc0038I Mini branch and bound did not improve solution (0.02 seconds)
Cbc0038I Round again with cutoff of 3.62578e+06
Cbc0038I Pass   2: suminf.    0.29961 (1) obj. 3.62578e+06 iterations 2
Cbc0038I Pass   3: suminf.    0.00000 (0) obj. 3.62578e+06 iterations 7
Cbc0038I Solution found of 3.62578e+06
Cbc0038I Relaxing continuous gives 3.62562e+06
Cbc0038I Before mini branch and bound, 17 integers at bound fixed and 83 continuous
Cbc0038I Full problem 114 rows 154 columns, reduced to 23 rows 31 columns
Cbc0038I Mini branch and bound improved solution from 3.62562e+06 to 3.62534e+06 (0.03 seconds)
Cbc0038I Round again with cutoff of 3.6253e+06
Cbc0038I Pass   4: suminf.    0.35099 (1) obj. 3.6253e+06 iterations 5
Cbc0038I Pass   5: suminf.    0.35099 (1) obj. 3.6253e+06 iterations 1
Cbc0038I Pass   6: suminf.    0.35099 (3) obj. 3.6253e+06 iterations 9
Cbc0038I Pass   7: suminf.    0.71081 (3) obj. 3.6253e+06 iterations 15
Cbc0038I Pass   8: suminf.    0.70205 (3) obj. 3.6253e+06 iterations 3
Cbc0038I Pass   9: suminf.    1.01349 (5) obj. 3.6253e+06 iterations 6
Cbc0038I Pass  10: suminf.    0.55619 (3) obj. 3.6253e+06 iterations 5
Cbc0038I Pass  11: suminf.    0.56495 (3) obj. 3.6253e+06 iterations 3
Cbc0038I Pass  12: suminf.    0.55619 (3) obj. 3.6253e+06 iterations 6
Cbc0038I Pass  13: suminf.    0.55619 (3) obj. 3.6253e+06 iterations 1
Cbc0038I Pass  14: suminf.    0.56495 (3) obj. 3.6253e+06 iterations 3
Cbc0038I Pass  15: suminf.    1.71081 (5) obj. 3.6253e+06 iterations 11
Cbc0038I Pass  16: suminf.    0.45349 (2) obj. 3.6253e+06 iterations 7
Cbc0038I Pass  17: suminf.    0.44849 (2) obj. 3.6253e+06 iterations 4
Cbc0038I Pass  18: suminf.    1.23794 (3) obj. 3.6253e+06 iterations 4
Cbc0038I Pass  19: suminf.    0.58879 (3) obj. 3.6253e+06 iterations 1
Cbc0038I Pass  20: suminf.    0.58879 (3) obj. 3.6253e+06 iterations 5
Cbc0038I Pass  21: suminf.    0.58879 (3) obj. 3.6253e+06 iterations 0
Cbc0038I Pass  22: suminf.    0.58879 (3) obj. 3.6253e+06 iterations 4
Cbc0038I Pass  23: suminf.    0.21129 (2) obj. 3.6253e+06 iterations 18
Cbc0038I Pass  24: suminf.    0.54599 (2) obj. 3.6253e+06 iterations 4
Cbc0038I Pass  25: suminf.    0.58879 (2) obj. 3.6253e+06 iterations 8
Cbc0038I Pass  26: suminf.    0.58879 (2) obj. 3.6253e+06 iterations 0
Cbc0038I Pass  27: suminf.    0.58879 (2) obj. 3.6253e+06 iterations 8
Cbc0038I Pass  28: suminf.    0.79619 (4) obj. 3.6253e+06 iterations 22
Cbc0038I Pass  29: suminf.    0.55619 (3) obj. 3.6253e+06 iterations 5
Cbc0038I Pass  30: suminf.    0.56495 (3) obj. 3.6253e+06 iterations 3
Cbc0038I Pass  31: suminf.    1.19906 (5) obj. 3.6253e+06 iterations 10
Cbc0038I Pass  32: suminf.    0.70205 (3) obj. 3.6253e+06 iterations 5
Cbc0038I Pass  33: suminf.    0.71081 (3) obj. 3.6253e+06 iterations 2
Cbc0038I No solution found this major pass
Cbc0038I Before mini branch and bound, 2 integers at bound fixed and 68 continuous
Cbc0038I Full problem 114 rows 154 columns, reduced to 25 rows 33 columns
Cbc0038I Mini branch and bound did not improve solution (0.04 seconds)
Cbc0038I After 0.04 seconds - Feasibility pump exiting with objective of 3.62534e+06 - took 0.03 seconds
Cbc0012I Integer solution of 3625341.1 found by feasibility pump after 0 iterations and 0 nodes (0.04 seconds)
Cbc0038I Full problem 114 rows 154 columns, reduced to 65 rows 101 columns
Cbc0031I 10 added rows had average density of 24
Cbc0013I At root node, 10 cuts changed objective from 3625153.9 to 3625285.9 in 100 passes
Cbc0014I Cut generator 0 (Probing) - 1 row cuts average 2.0 elements, 1 column cuts (1 active)  in 0.008 seconds - new frequency is -100
Cbc0014I Cut generator 1 (Gomory) - 418 row cuts average 37.6 elements, 0 column cuts (0 active)  in 0.006 seconds - new frequency is 1
Cbc0014I Cut generator 2 (Knapsack) - 0 row cuts average 0.0 elements, 0 column cuts (0 active)  in 0.016 seconds - new frequency is -100
Cbc0014I Cut generator 3 (Clique) - 0 row cuts average 0.0 elements, 0 column cuts (0 active)  in 0.000 seconds - new frequency is -100
Cbc0014I Cut generator 4 (MixedIntegerRounding2) - 0 row cuts average 0.0 elements, 0 column cuts (0 active)  in 0.007 seconds - new frequency is -100
Cbc0014I Cut generator 5 (FlowCover) - 0 row cuts average 0.0 elements, 0 column cuts (0 active)  in 0.021 seconds - new frequency is -100
Cbc0014I Cut generator 6 (TwoMirCuts) - 25 row cuts average 11.8 elements, 0 column cuts (0 active)  in 0.006 seconds - new frequency is -100
Cbc0010I After 0 nodes, 1 on tree, 3625341.1 best solution, best possible 3625285.9 (0.17 seconds)
Cbc0001I Search completed - best objective 3625341.087091999, took 1047 iterations and 10 nodes (0.19 seconds)
Cbc0032I Strong branching done 50 times (157 iterations), fathomed 2 nodes and fixed 4 variables
Cbc0035I Maximum depth 2, 0 variables fixed on reduced cost
Cuts at root node changed objective from 3.62515e+06 to 3.62529e+06
Probing was tried 100 times and created 2 cuts of which 0 were active after adding rounds of cuts (0.008 seconds)
Gomory was tried 131 times and created 462 cuts of which 0 were active after adding rounds of cuts (0.008 seconds)
Knapsack was tried 100 times and created 0 cuts of which 0 were active after adding rounds of cuts (0.016 seconds)
Clique was tried 100 times and created 0 cuts of which 0 were active after adding rounds of cuts (0.000 seconds)
MixedIntegerRounding2 was tried 100 times and created 0 cuts of which 0 were active after adding rounds of cuts (0.007 seconds)
FlowCover was tried 100 times and created 0 cuts of which 0 were active after adding rounds of cuts (0.021 seconds)
TwoMirCuts was tried 100 times and created 25 cuts of which 0 were active after adding rounds of cuts (0.006 seconds)
ZeroHalf was tried 1 times and created 0 cuts of which 0 were active after adding rounds of cuts (0.000 seconds)

Result - Optimal solution found

Objective value:                3625341.08709200
Enumerated nodes:               10
Total iterations:               1047
Time (CPU seconds):             0.19
Time (Wallclock seconds):       0.19

Option for printingOptions changed from normal to all
Total time (CPU seconds):       0.22   (Wallclock seconds):       0.22

