Welcome to the CBC MILP Solver 
Version: 2.10.3 
Build Date: Dec 15 2019 

command line - E:\dachuang\.venv\Lib\site-packages\pulp\apis\../solverdir/cbc/win/i64/cbc.exe model.mps -primalTolerance 1e-9 -integerTolerance 1e-9 -ratioGap 0 -allowableGap 0 -threads 0 -branch -printingOptions all -solution solution.txt -saveSolution solution.bin -quit (default strategy 1)
At line 2 NAME          MODEL
At line 3 ROWS
At line 317 COLUMNS
At line 1133 RHS
At line 1446 BOUNDS
At line 1521 ENDATA
Problem MODEL has 312 rows, 241 columns and 647 elements
Coin0008I MODEL read with 0 errors
primalTolerance was changed from 1e-07 to 1e-09
integerTolerance was changed from 1e-07 to 1e-09
ratioGap was changed from 0 to 0
allowableGap was changed from 1e-10 to 0
Continuous objective value is 2.87998e+06 - 0.00 seconds
Cgl0003I 0 fixed, 0 tightened bounds, 3 strengthened rows, 0 substitutions
Cgl0004I processed model has 115 rows, 159 columns (24 integer (24 of which binary)) and 336 elements
Cbc0038I Initial state - 11 integers unsatisfied sum - 3.72464
Cbc0038I Pass   1: suminf.    0.00000 (0) obj. 2.88699e+06 iterations 17
Cbc0038I Solution found of 2.88699e+06
Cbc0038I Relaxing continuous gives 2.8807e+06
Cbc0038I Before mini branch and bound, 13 integers at bound fixed and 89 continuous
Cbc0038I Full problem 115 rows 159 columns, reduced to 12 rows 13 columns
Cbc0038I Mini branch and bound did not improve solution (0.01 seconds)
Cbc0038I Round again with cutoff of 2.88063e+06
Cbc0038I Pass   2: suminf.    0.30062 (1) obj. 2.88063e+06 iterations 5
Cbc0038I Pass   3: suminf.    0.00000 (0) obj. 2.88063e+06 iterations 15
Cbc0038I Solution found of 2.88063e+06
Cbc0038I Relaxing continuous gives 2.8805e+06
Cbc0038I Before mini branch and bound, 13 integers at bound fixed and 83 continuous
Cbc0038I Full problem 115 rows 159 columns, reduced to 23 rows 29 columns
Cbc0038I Mini branch and bound improved solution from 2.8805e+06 to 2.88026e+06 (0.02 seconds)
Cbc0038I Freeing continuous variables gives a solution of 2.88026e+06
Cbc0038I Round again with cutoff of 2.88021e+06
Cbc0038I Pass   4: suminf.    0.37613 (5) obj. 2.88021e+06 iterations 13
Cbc0038I Pass   5: suminf.    0.37613 (3) obj. 2.88021e+06 iterations 7
Cbc0038I Pass   6: suminf.    0.47139 (1) obj. 2.88021e+06 iterations 14
Cbc0038I Pass   7: suminf.    0.24403 (1) obj. 2.88021e+06 iterations 3
Cbc0038I Pass   8: suminf.    0.81319 (3) obj. 2.88021e+06 iterations 7
Cbc0038I Pass   9: suminf.    0.24403 (1) obj. 2.88021e+06 iterations 5
Cbc0038I Pass  10: suminf.    0.47139 (1) obj. 2.88021e+06 iterations 4
Cbc0038I Pass  11: suminf.    0.47139 (1) obj. 2.88021e+06 iterations 4
Cbc0038I Pass  12: suminf.    0.24403 (1) obj. 2.88021e+06 iterations 3
Cbc0038I Pass  13: suminf.    0.47139 (1) obj. 2.88021e+06 iterations 4
Cbc0038I Pass  14: suminf.    0.39478 (1) obj. 2.88021e+06 iterations 11
Cbc0038I Pass  15: suminf.    0.37613 (2) obj. 2.88021e+06 iterations 3
Cbc0038I Pass  16: suminf.    1.07653 (4) obj. 2.88021e+06 iterations 7
Cbc0038I Pass  17: suminf.    1.02528 (3) obj. 2.88021e+06 iterations 4
Cbc0038I Pass  18: suminf.    0.37613 (3) obj. 2.88021e+06 iterations 1
Cbc0038I Pass  19: suminf.    0.39478 (1) obj. 2.88021e+06 iterations 11
Cbc0038I Pass  20: suminf.    0.37613 (2) obj. 2.88021e+06 iterations 2
Cbc0038I Pass  21: suminf.    1.07653 (4) obj. 2.88021e+06 iterations 6
Cbc0038I Pass  22: suminf.    1.02528 (3) obj. 2.88021e+06 iterations 4
Cbc0038I Pass  23: suminf.    0.37613 (3) obj. 2.88021e+06 iterations 1
Cbc0038I Pass  24: suminf.    0.39478 (1) obj. 2.88021e+06 iterations 11
Cbc0038I Pass  25: suminf.    0.37613 (2) obj. 2.88021e+06 iterations 2
Cbc0038I Pass  26: suminf.    1.07653 (4) obj. 2.88021e+06 iterations 6
Cbc0038I Pass  27: suminf.    1.02528 (3) obj. 2.88021e+06 iterations 4
Cbc0038I Pass  28: suminf.    0.37613 (3) obj. 2.88021e+06 iterations 1
Cbc0038I Pass  29: suminf.    0.39478 (1) obj. 2.88021e+06 iterations 11
Cbc0038I Pass  30: suminf.    0.37613 (2) obj. 2.88021e+06 iterations 2
Cbc0038I Pass  31: suminf.    1.07653 (4) obj. 2.88021e+06 iterations 6
Cbc0038I Pass  32: suminf.    1.02528 (3) obj. 2.88021e+06 iterations 4
Cbc0038I Pass  33: suminf.    0.37613 (3) obj. 2.88021e+06 iterations 1
Cbc0038I No solution found this major pass
Cbc0038I Before mini branch and bound, 6 integers at bound fixed and 76 continuous
Cbc0038I Full problem 115 rows 159 columns, reduced to 25 rows 33 columns
Cbc0038I Mini branch and bound improved solution from 2.88026e+06 to 2.88024e+06 (0.04 seconds)
Cbc0038I Round again with cutoff of 2.88015e+06
Cbc0038I Pass  33: suminf.    0.66897 (5) obj. 2.88015e+06 iterations 0
Cbc0038I Pass  34: suminf.    0.66897 (3) obj. 2.88015e+06 iterations 8
Cbc0038I Pass  35: suminf.    0.53686 (3) obj. 2.88015e+06 iterations 11
Cbc0038I Pass  36: suminf.    0.53686 (4) obj. 2.88015e+06 iterations 3
Cbc0038I Pass  37: suminf.    1.37911 (4) obj. 2.88015e+06 iterations 4
Cbc0038I Pass  38: suminf.    0.72997 (4) obj. 2.88015e+06 iterations 1
Cbc0038I Pass  39: suminf.    0.53686 (4) obj. 2.88015e+06 iterations 4
Cbc0038I Pass  40: suminf.    1.41978 (4) obj. 2.88015e+06 iterations 11
Cbc0038I Pass  41: suminf.    0.60586 (4) obj. 2.88015e+06 iterations 5
Cbc0038I Pass  42: suminf.    0.60586 (4) obj. 2.88015e+06 iterations 1
Cbc0038I Pass  43: suminf.    1.41978 (4) obj. 2.88015e+06 iterations 4
Cbc0038I Pass  44: suminf.    1.90140 (6) obj. 2.88015e+06 iterations 17
Cbc0038I Pass  45: suminf.    1.25225 (7) obj. 2.88015e+06 iterations 2
Cbc0038I Pass  46: suminf.    1.35747 (4) obj. 2.88015e+06 iterations 9
Cbc0038I Pass  47: suminf.    1.35747 (4) obj. 2.88015e+06 iterations 1
Cbc0038I Pass  48: suminf.    1.31811 (3) obj. 2.88015e+06 iterations 8
Cbc0038I Pass  49: suminf.    0.66897 (3) obj. 2.88015e+06 iterations 1
Cbc0038I Pass  50: suminf.    0.66897 (4) obj. 2.88015e+06 iterations 15
Cbc0038I Pass  51: suminf.    0.66897 (3) obj. 2.88015e+06 iterations 2
Cbc0038I Pass  52: suminf.    0.66897 (4) obj. 2.88015e+06 iterations 6
Cbc0038I Pass  53: suminf.    0.56164 (2) obj. 2.88015e+06 iterations 24
Cbc0038I Pass  54: suminf.    0.38950 (2) obj. 2.88015e+06 iterations 6
Cbc0038I Pass  55: suminf.    0.56164 (2) obj. 2.88015e+06 iterations 2
Cbc0038I Pass  56: suminf.    0.56164 (2) obj. 2.88015e+06 iterations 2
Cbc0038I Pass  57: suminf.    0.38950 (2) obj. 2.88015e+06 iterations 6
Cbc0038I Pass  58: suminf.    0.56164 (2) obj. 2.88015e+06 iterations 2
Cbc0038I Pass  59: suminf.    0.56247 (3) obj. 2.88015e+06 iterations 11
Cbc0038I Pass  60: suminf.    0.56247 (3) obj. 2.88015e+06 iterations 0
Cbc0038I Pass  61: suminf.    0.66897 (4) obj. 2.88015e+06 iterations 8
Cbc0038I Pass  62: suminf.    0.66897 (3) obj. 2.88015e+06 iterations 3
Cbc0038I No solution found this major pass
Cbc0038I Before mini branch and bound, 3 integers at bound fixed and 73 continuous
Cbc0038I Full problem 115 rows 159 columns, reduced to 27 rows 36 columns
Cbc0038I Mini branch and bound did not improve solution (0.05 seconds)
Cbc0038I After 0.05 seconds - Feasibility pump exiting with objective of 2.88024e+06 - took 0.04 seconds
Cbc0012I Integer solution of 2880238.6 found by feasibility pump after 0 iterations and 0 nodes (0.05 seconds)
Cbc0038I Full problem 115 rows 159 columns, reduced to 77 rows 118 columns
Cbc0031I 16 added rows had average density of 23.1875
Cbc0013I At root node, 16 cuts changed objective from 2880005.1 to 2880177.2 in 100 passes
Cbc0014I Cut generator 0 (Probing) - 1 row cuts average 2.0 elements, 0 column cuts (0 active)  in 0.008 seconds - new frequency is -100
Cbc0014I Cut generator 1 (Gomory) - 344 row cuts average 46.0 elements, 0 column cuts (0 active)  in 0.010 seconds - new frequency is 1
Cbc0014I Cut generator 2 (Knapsack) - 0 row cuts average 0.0 elements, 0 column cuts (0 active)  in 0.027 seconds - new frequency is -100
Cbc0014I Cut generator 3 (Clique) - 0 row cuts average 0.0 elements, 0 column cuts (0 active)  in 0.000 seconds - new frequency is -100
Cbc0014I Cut generator 4 (MixedIntegerRounding2) - 5 row cuts average 4.2 elements, 0 column cuts (0 active)  in 0.005 seconds - new frequency is -100
Cbc0014I Cut generator 5 (FlowCover) - 0 row cuts average 0.0 elements, 0 column cuts (0 active)  in 0.023 seconds - new frequency is -100
Cbc0014I Cut generator 6 (TwoMirCuts) - 35 row cuts average 10.4 elements, 0 column cuts (0 active)  in 0.007 seconds - new frequency is -100
Cbc0010I After 0 nodes, 1 on tree, 2880238.6 best solution, best possible 2880177.2 (0.22 seconds)
Cbc0001I Search completed - best objective 2880238.628808762, took 1274 iterations and 8 nodes (0.24 seconds)
Cbc0032I Strong branching done 38 times (224 iterations), fathomed 3 nodes and fixed 3 variables
Cbc0035I Maximum depth 2, 0 variables fixed on reduced cost
Cuts at root node changed objective from 2.88001e+06 to 2.88018e+06
Probing was tried 100 times and created 1 cuts of which 0 were active after adding rounds of cuts (0.008 seconds)
Gomory was tried 119 times and created 369 cuts of which 0 were active after adding rounds of cuts (0.010 seconds)
Knapsack was tried 100 times and created 0 cuts of which 0 were active after adding rounds of cuts (0.027 seconds)
Clique was tried 100 times and created 0 cuts of which 0 were active after adding rounds of cuts (0.000 seconds)
MixedIntegerRounding2 was tried 100 times and created 5 cuts of which 0 were active after adding rounds of cuts (0.005 seconds)
FlowCover was tried 100 times and created 0 cuts of which 0 were active after adding rounds of cuts (0.023 seconds)
TwoMirCuts was tried 100 times and created 35 cuts of which 0 were active after adding rounds of cuts (0.007 seconds)
ZeroHalf was tried 1 times and created 0 cuts of which 0 were active after adding rounds of cuts (0.000 seconds)

Result - Optimal solution found

Objective value:                2880238.62880876
Enumerated nodes:               8
Total iterations:               1274
Time (CPU seconds):             0.25
Time (Wallclock seconds):       0.25

Option for printingOptions changed from normal to all
Total time (CPU seconds):       0.27   (Wallclock seconds):       0.27

