Welcome to the CBC MILP Solver 
Version: 2.10.3 
Build Date: Dec 15 2019 

command line - E:\dachuang\.venv\Lib\site-packages\pulp\apis\../solverdir/cbc/win/i64/cbc.exe model.mps -primalTolerance 1e-9 -integerTolerance 1e-9 -ratioGap 0 -allowableGap 0 -threads 0 -branch -printingOptions all -solution solution.txt -saveSolution solution.bin -quit (default strategy 1)
At line 2 NAME          MODEL
At line 3 ROWS
At line 317 COLUMNS
At line 1133 RHS
At line 1446 BOUNDS
At line 1521 ENDATA
Problem MODEL has 312 rows, 241 columns and 647 elements
Coin0008I MODEL read with 0 errors
primalTolerance was changed from 1e-07 to 1e-09
integerTolerance was changed from 1e-07 to 1e-09
ratioGap was changed from 0 to 0
allowableGap was changed from 1e-10 to 0
Continuous objective value is 3.6982e+06 - 0.00 seconds
Cgl0003I 0 fixed, 0 tightened bounds, 3 strengthened rows, 0 substitutions
Cgl0004I processed model has 114 rows, 157 columns (24 integer (24 of which binary)) and 331 elements
Cbc0038I Initial state - 7 integers unsatisfied sum - 2.28632
Cbc0038I Pass   1: suminf.    0.00000 (0) obj. 3.69871e+06 iterations 14
Cbc0038I Solution found of 3.69871e+06
Cbc0038I Relaxing continuous gives 3.69871e+06
Cbc0038I Before mini branch and bound, 17 integers at bound fixed and 90 continuous
Cbc0038I Full problem 114 rows 157 columns, reduced to 8 rows 8 columns
Cbc0038I Mini branch and bound did not improve solution (0.01 seconds)
Cbc0038I Round again with cutoff of 3.69867e+06
Cbc0038I Pass   2: suminf.    0.20998 (1) obj. 3.69867e+06 iterations 2
Cbc0038I Pass   3: suminf.    0.00000 (0) obj. 3.69867e+06 iterations 5
Cbc0038I Solution found of 3.69867e+06
Cbc0038I Relaxing continuous gives 3.6985e+06
Cbc0038I Before mini branch and bound, 16 integers at bound fixed and 82 continuous
Cbc0038I Full problem 114 rows 157 columns, reduced to 23 rows 31 columns
Cbc0038I Mini branch and bound improved solution from 3.6985e+06 to 3.69843e+06 (0.02 seconds)
Cbc0038I Round again with cutoff of 3.69839e+06
Cbc0038I Pass   4: suminf.    0.46249 (2) obj. 3.69839e+06 iterations 5
Cbc0038I Pass   5: suminf.    0.45953 (1) obj. 3.69839e+06 iterations 1
Cbc0038I Pass   6: suminf.    0.19338 (1) obj. 3.69839e+06 iterations 8
Cbc0038I Pass   7: suminf.    0.49924 (1) obj. 3.69839e+06 iterations 2
Cbc0038I Pass   8: suminf.    1.19338 (4) obj. 3.69839e+06 iterations 12
Cbc0038I Pass   9: suminf.    1.14213 (4) obj. 3.69839e+06 iterations 4
Cbc0038I Pass  10: suminf.    0.49299 (4) obj. 3.69839e+06 iterations 1
Cbc0038I Pass  11: suminf.    0.62859 (4) obj. 3.69839e+06 iterations 7
Cbc0038I Pass  12: suminf.    0.49299 (3) obj. 3.69839e+06 iterations 11
Cbc0038I Pass  13: suminf.    0.49413 (2) obj. 3.69839e+06 iterations 6
Cbc0038I Pass  14: suminf.    0.49299 (2) obj. 3.69839e+06 iterations 1
Cbc0038I Pass  15: suminf.    1.19338 (4) obj. 3.69839e+06 iterations 6
Cbc0038I Pass  16: suminf.    1.14213 (3) obj. 3.69839e+06 iterations 5
Cbc0038I Pass  17: suminf.    0.49299 (3) obj. 3.69839e+06 iterations 1
Cbc0038I Pass  18: suminf.    0.49413 (2) obj. 3.69839e+06 iterations 6
Cbc0038I Pass  19: suminf.    0.49299 (2) obj. 3.69839e+06 iterations 1
Cbc0038I Pass  20: suminf.    1.19338 (4) obj. 3.69839e+06 iterations 6
Cbc0038I Pass  21: suminf.    1.14213 (3) obj. 3.69839e+06 iterations 5
Cbc0038I Pass  22: suminf.    0.49299 (3) obj. 3.69839e+06 iterations 1
Cbc0038I Pass  23: suminf.    0.49413 (2) obj. 3.69839e+06 iterations 6
Cbc0038I Pass  24: suminf.    0.49299 (2) obj. 3.69839e+06 iterations 1
Cbc0038I Pass  25: suminf.    1.19338 (4) obj. 3.69839e+06 iterations 6
Cbc0038I Pass  26: suminf.    1.14213 (3) obj. 3.69839e+06 iterations 5
Cbc0038I Pass  27: suminf.    0.49299 (3) obj. 3.69839e+06 iterations 1
Cbc0038I Pass  28: suminf.    0.49413 (2) obj. 3.69839e+06 iterations 6
Cbc0038I Pass  29: suminf.    0.49299 (2) obj. 3.69839e+06 iterations 1
Cbc0038I Pass  30: suminf.    1.19338 (4) obj. 3.69839e+06 iterations 6
Cbc0038I Pass  31: suminf.    1.14213 (3) obj. 3.69839e+06 iterations 5
Cbc0038I Pass  32: suminf.    0.49299 (3) obj. 3.69839e+06 iterations 1
Cbc0038I Pass  33: suminf.    0.49413 (2) obj. 3.69839e+06 iterations 6
Cbc0038I No solution found this major pass
Cbc0038I Before mini branch and bound, 12 integers at bound fixed and 80 continuous
Cbc0038I Full problem 114 rows 157 columns, reduced to 25 rows 33 columns
Cbc0038I Mini branch and bound did not improve solution (0.03 seconds)
Cbc0038I After 0.03 seconds - Feasibility pump exiting with objective of 3.69843e+06 - took 0.02 seconds
Cbc0012I Integer solution of 3698429 found by feasibility pump after 0 iterations and 0 nodes (0.03 seconds)
Cbc0038I Full problem 114 rows 157 columns, reduced to 68 rows 106 columns
Cbc0031I 11 added rows had average density of 28.181818
Cbc0013I At root node, 11 cuts changed objective from 3698226.5 to 3698362.4 in 100 passes
Cbc0014I Cut generator 0 (Probing) - 1 row cuts average 8.0 elements, 0 column cuts (0 active)  in 0.006 seconds - new frequency is -100
Cbc0014I Cut generator 1 (Gomory) - 494 row cuts average 38.9 elements, 0 column cuts (0 active)  in 0.013 seconds - new frequency is 1
Cbc0014I Cut generator 2 (Knapsack) - 0 row cuts average 0.0 elements, 0 column cuts (0 active)  in 0.022 seconds - new frequency is -100
Cbc0014I Cut generator 3 (Clique) - 0 row cuts average 0.0 elements, 0 column cuts (0 active)  in 0.000 seconds - new frequency is -100
Cbc0014I Cut generator 4 (MixedIntegerRounding2) - 7 row cuts average 6.0 elements, 0 column cuts (0 active)  in 0.010 seconds - new frequency is -100
Cbc0014I Cut generator 5 (FlowCover) - 0 row cuts average 0.0 elements, 0 column cuts (0 active)  in 0.016 seconds - new frequency is -100
Cbc0014I Cut generator 6 (TwoMirCuts) - 28 row cuts average 10.2 elements, 0 column cuts (0 active)  in 0.002 seconds - new frequency is -100
Cbc0010I After 0 nodes, 1 on tree, 3698429 best solution, best possible 3698362.4 (0.19 seconds)
Cbc0001I Search completed - best objective 3698429.018842003, took 1833 iterations and 8 nodes (0.21 seconds)
Cbc0032I Strong branching done 40 times (257 iterations), fathomed 1 nodes and fixed 6 variables
Cbc0035I Maximum depth 2, 1 variables fixed on reduced cost
Cuts at root node changed objective from 3.69823e+06 to 3.69836e+06
Probing was tried 100 times and created 1 cuts of which 0 were active after adding rounds of cuts (0.006 seconds)
Gomory was tried 131 times and created 557 cuts of which 0 were active after adding rounds of cuts (0.016 seconds)
Knapsack was tried 100 times and created 0 cuts of which 0 were active after adding rounds of cuts (0.022 seconds)
Clique was tried 100 times and created 0 cuts of which 0 were active after adding rounds of cuts (0.000 seconds)
MixedIntegerRounding2 was tried 100 times and created 7 cuts of which 0 were active after adding rounds of cuts (0.010 seconds)
FlowCover was tried 100 times and created 0 cuts of which 0 were active after adding rounds of cuts (0.016 seconds)
TwoMirCuts was tried 100 times and created 28 cuts of which 0 were active after adding rounds of cuts (0.002 seconds)
ZeroHalf was tried 1 times and created 0 cuts of which 0 were active after adding rounds of cuts (0.000 seconds)

Result - Optimal solution found

Objective value:                3698429.01884200
Enumerated nodes:               8
Total iterations:               1833
Time (CPU seconds):             0.21
Time (Wallclock seconds):       0.21

Option for printingOptions changed from normal to all
Total time (CPU seconds):       0.24   (Wallclock seconds):       0.24

