Welcome to the CBC MILP Solver 
Version: 2.10.3 
Build Date: Dec 15 2019 

command line - E:\dachuang\.venv\Lib\site-packages\pulp\apis\../solverdir/cbc/win/i64/cbc.exe model.mps -primalTolerance 1e-9 -integerTolerance 1e-9 -ratioGap 0 -allowableGap 0 -threads 0 -branch -printingOptions all -solution solution.txt -saveSolution solution.bin -quit (default strategy 1)
At line 2 NAME          MODEL
At line 3 ROWS
At line 317 COLUMNS
At line 1133 RHS
At line 1446 BOUNDS
At line 1521 ENDATA
Problem MODEL has 312 rows, 241 columns and 647 elements
Coin0008I MODEL read with 0 errors
primalTolerance was changed from 1e-07 to 1e-09
integerTolerance was changed from 1e-07 to 1e-09
ratioGap was changed from 0 to 0
allowableGap was changed from 1e-10 to 0
Continuous objective value is 912649 - 0.00 seconds
Cgl0003I 0 fixed, 0 tightened bounds, 2 strengthened rows, 0 substitutions
Cgl0004I processed model has 119 rows, 167 columns (24 integer (24 of which binary)) and 356 elements
Cbc0038I Initial state - 9 integers unsatisfied sum - 2.32309
Cbc0038I Pass   1: suminf.    0.00000 (0) obj. 1.01499e+06 iterations 13
Cbc0038I Solution found of 1.01499e+06
Cbc0038I Relaxing continuous gives 918964
Cbc0038I Before mini branch and bound, 15 integers at bound fixed and 87 continuous
Cbc0038I Full problem 119 rows 167 columns, reduced to 8 rows 11 columns
Cbc0038I Mini branch and bound improved solution from 918964 to 913014 (0.01 seconds)
Cbc0038I Round again with cutoff of 912977
Cbc0038I Pass   2: suminf.    0.48600 (4) obj. 912977 iterations 14
Cbc0038I Pass   3: suminf.    0.00000 (0) obj. 912977 iterations 12
Cbc0038I Solution found of 912977
Cbc0038I Relaxing continuous gives 912903
Cbc0038I Before mini branch and bound, 14 integers at bound fixed and 85 continuous
Cbc0038I Full problem 119 rows 167 columns, reduced to 16 rows 20 columns
Cbc0038I Mini branch and bound improved solution from 912903 to 912782 (0.02 seconds)
Cbc0038I Round again with cutoff of 912755
Cbc0038I Pass   4: suminf.    0.99360 (5) obj. 912755 iterations 5
Cbc0038I Pass   5: suminf.    0.96828 (6) obj. 912755 iterations 2
Cbc0038I Pass   6: suminf.    1.08079 (3) obj. 912755 iterations 8
Cbc0038I Pass   7: suminf.    0.49818 (2) obj. 912755 iterations 2
Cbc0038I Pass   8: suminf.    0.57321 (3) obj. 912755 iterations 5
Cbc0038I Pass   9: suminf.    0.57321 (3) obj. 912755 iterations 0
Cbc0038I Pass  10: suminf.    0.60879 (2) obj. 912755 iterations 4
Cbc0038I Pass  11: suminf.    0.61564 (3) obj. 912755 iterations 3
Cbc0038I Pass  12: suminf.    0.50503 (3) obj. 912755 iterations 2
Cbc0038I Pass  13: suminf.    0.57321 (3) obj. 912755 iterations 6
Cbc0038I Pass  14: suminf.    0.57321 (3) obj. 912755 iterations 0
Cbc0038I Pass  15: suminf.    0.60879 (2) obj. 912755 iterations 4
Cbc0038I Pass  16: suminf.    0.49818 (2) obj. 912755 iterations 2
Cbc0038I Pass  17: suminf.    1.04883 (4) obj. 912755 iterations 19
Cbc0038I Pass  18: suminf.    0.57683 (3) obj. 912755 iterations 6
Cbc0038I Pass  19: suminf.    0.57683 (3) obj. 912755 iterations 0
Cbc0038I Pass  20: suminf.    0.60517 (2) obj. 912755 iterations 4
Cbc0038I Pass  21: suminf.    0.11786 (1) obj. 912755 iterations 2
Cbc0038I Pass  22: suminf.    0.28817 (1) obj. 912755 iterations 2
Cbc0038I Pass  23: suminf.    0.57683 (3) obj. 912755 iterations 11
Cbc0038I Pass  24: suminf.    0.60517 (2) obj. 912755 iterations 3
Cbc0038I Pass  25: suminf.    0.11786 (1) obj. 912755 iterations 2
Cbc0038I Pass  26: suminf.    0.28817 (1) obj. 912755 iterations 2
Cbc0038I Pass  27: suminf.    0.28817 (1) obj. 912755 iterations 11
Cbc0038I Pass  28: suminf.    0.11786 (1) obj. 912755 iterations 2
Cbc0038I Pass  29: suminf.    0.28817 (1) obj. 912755 iterations 2
Cbc0038I Pass  30: suminf.    1.00130 (5) obj. 912755 iterations 14
Cbc0038I Pass  31: suminf.    1.00130 (5) obj. 912755 iterations 0
Cbc0038I Pass  32: suminf.    0.60517 (2) obj. 912755 iterations 5
Cbc0038I Pass  33: suminf.    0.11786 (1) obj. 912755 iterations 2
Cbc0038I No solution found this major pass
Cbc0038I Before mini branch and bound, 2 integers at bound fixed and 77 continuous
Cbc0038I Full problem 119 rows 167 columns, reduced to 18 rows 23 columns
Cbc0038I Mini branch and bound did not improve solution (0.03 seconds)
Cbc0038I After 0.03 seconds - Feasibility pump exiting with objective of 912782 - took 0.02 seconds
Cbc0012I Integer solution of 912781.85 found by feasibility pump after 0 iterations and 0 nodes (0.04 seconds)
Cbc0038I Full problem 119 rows 167 columns, reduced to 81 rows 129 columns
Cbc0031I 12 added rows had average density of 10
Cbc0013I At root node, 12 cuts changed objective from 912648.85 to 912781.85 in 9 passes
Cbc0014I Cut generator 0 (Probing) - 3 row cuts average 2.0 elements, 2 column cuts (2 active)  in 0.000 seconds - new frequency is 1
Cbc0014I Cut generator 1 (Gomory) - 24 row cuts average 13.5 elements, 0 column cuts (0 active)  in 0.001 seconds - new frequency is 1
Cbc0014I Cut generator 2 (Knapsack) - 0 row cuts average 0.0 elements, 0 column cuts (0 active)  in 0.000 seconds - new frequency is -100
Cbc0014I Cut generator 3 (Clique) - 0 row cuts average 0.0 elements, 0 column cuts (0 active)  in 0.000 seconds - new frequency is -100
Cbc0014I Cut generator 4 (MixedIntegerRounding2) - 5 row cuts average 9.0 elements, 0 column cuts (0 active)  in 0.003 seconds - new frequency is 1
Cbc0014I Cut generator 5 (FlowCover) - 0 row cuts average 0.0 elements, 0 column cuts (0 active)  in 0.003 seconds - new frequency is -100
Cbc0014I Cut generator 6 (TwoMirCuts) - 22 row cuts average 8.5 elements, 0 column cuts (0 active)  in 0.002 seconds - new frequency is -100
Cbc0001I Search completed - best objective 912781.845680056, took 48 iterations and 0 nodes (0.05 seconds)
Cbc0032I Strong branching done 4 times (14 iterations), fathomed 1 nodes and fixed 0 variables
Cbc0035I Maximum depth 0, 0 variables fixed on reduced cost
Cuts at root node changed objective from 912649 to 912782
Probing was tried 9 times and created 5 cuts of which 0 were active after adding rounds of cuts (0.000 seconds)
Gomory was tried 9 times and created 24 cuts of which 0 were active after adding rounds of cuts (0.001 seconds)
Knapsack was tried 9 times and created 0 cuts of which 0 were active after adding rounds of cuts (0.000 seconds)
Clique was tried 9 times and created 0 cuts of which 0 were active after adding rounds of cuts (0.000 seconds)
MixedIntegerRounding2 was tried 9 times and created 5 cuts of which 0 were active after adding rounds of cuts (0.003 seconds)
FlowCover was tried 9 times and created 0 cuts of which 0 were active after adding rounds of cuts (0.003 seconds)
TwoMirCuts was tried 9 times and created 22 cuts of which 0 were active after adding rounds of cuts (0.002 seconds)
ZeroHalf was tried 1 times and created 0 cuts of which 0 were active after adding rounds of cuts (0.000 seconds)

Result - Optimal solution found

Objective value:                912781.84568006
Enumerated nodes:               0
Total iterations:               48
Time (CPU seconds):             0.05
Time (Wallclock seconds):       0.06

Option for printingOptions changed from normal to all
Total time (CPU seconds):       0.07   (Wallclock seconds):       0.07

