Welcome to the CBC MILP Solver 
Version: 2.10.3 
Build Date: Dec 15 2019 

command line - E:\dachuang\.venv\Lib\site-packages\pulp\apis\../solverdir/cbc/win/i64/cbc.exe model.mps -primalTolerance 1e-9 -integerTolerance 1e-9 -ratioGap 0 -allowableGap 0 -threads 0 -branch -printingOptions all -solution solution.txt -saveSolution solution.bin -quit (default strategy 1)
At line 2 NAME          MODEL
At line 3 ROWS
At line 317 COLUMNS
At line 1133 RHS
At line 1446 BOUNDS
At line 1521 ENDATA
Problem MODEL has 312 rows, 241 columns and 647 elements
Coin0008I MODEL read with 0 errors
primalTolerance was changed from 1e-07 to 1e-09
integerTolerance was changed from 1e-07 to 1e-09
ratioGap was changed from 0 to 0
allowableGap was changed from 1e-10 to 0
Continuous objective value is 3.12064e+06 - 0.00 seconds
Cgl0003I 0 fixed, 0 tightened bounds, 3 strengthened rows, 0 substitutions
Cgl0004I processed model has 114 rows, 154 columns (24 integer (24 of which binary)) and 328 elements
Cbc0038I Initial state - 8 integers unsatisfied sum - 2.87147
Cbc0038I Pass   1: suminf.    0.00000 (0) obj. 3.21931e+06 iterations 12
Cbc0038I Solution found of 3.21931e+06
Cbc0038I Relaxing continuous gives 3.12674e+06
Cbc0038I Before mini branch and bound, 16 integers at bound fixed and 85 continuous
Cbc0038I Full problem 114 rows 154 columns, reduced to 9 rows 11 columns
Cbc0038I Mini branch and bound improved solution from 3.12674e+06 to 3.12115e+06 (0.01 seconds)
Cbc0038I Freeing continuous variables gives a solution of 3.12115e+06
Cbc0038I Round again with cutoff of 3.1211e+06
Cbc0038I Pass   2: suminf.    0.50785 (2) obj. 3.1211e+06 iterations 5
Cbc0038I Pass   3: suminf.    0.20587 (1) obj. 3.1211e+06 iterations 10
Cbc0038I Pass   4: suminf.    0.00000 (0) obj. 3.1211e+06 iterations 2
Cbc0038I Solution found of 3.1211e+06
Cbc0038I Relaxing continuous gives 3.12094e+06
Cbc0038I Before mini branch and bound, 16 integers at bound fixed and 83 continuous
Cbc0038I Full problem 114 rows 154 columns, reduced to 15 rows 20 columns
Cbc0038I Mini branch and bound improved solution from 3.12094e+06 to 3.12079e+06 (0.02 seconds)
Cbc0038I Freeing continuous variables gives a solution of 3.12073e+06
Cbc0038I Round again with cutoff of 3.12072e+06
Cbc0038I Pass   5: suminf.    1.29077 (5) obj. 3.12072e+06 iterations 9
Cbc0038I Pass   6: suminf.    1.18827 (4) obj. 3.12072e+06 iterations 1
Cbc0038I Pass   7: suminf.    0.25957 (1) obj. 3.12072e+06 iterations 14
Cbc0038I Pass   8: suminf.    0.05074 (1) obj. 3.12072e+06 iterations 4
Cbc0038I Pass   9: suminf.    0.56156 (2) obj. 3.12072e+06 iterations 6
Cbc0038I Pass  10: suminf.    0.35272 (2) obj. 3.12072e+06 iterations 2
Cbc0038I Pass  11: suminf.    0.25957 (1) obj. 3.12072e+06 iterations 2
Cbc0038I Pass  12: suminf.    0.05074 (1) obj. 3.12072e+06 iterations 4
Cbc0038I Pass  13: suminf.    0.35272 (2) obj. 3.12072e+06 iterations 4
Cbc0038I Pass  14: suminf.    0.25957 (1) obj. 3.12072e+06 iterations 2
Cbc0038I Pass  15: suminf.    0.05074 (1) obj. 3.12072e+06 iterations 4
Cbc0038I Pass  16: suminf.    1.38313 (5) obj. 3.12072e+06 iterations 17
Cbc0038I Pass  17: suminf.    1.28063 (4) obj. 3.12072e+06 iterations 1
Cbc0038I Pass  18: suminf.    0.25957 (1) obj. 3.12072e+06 iterations 5
Cbc0038I Pass  19: suminf.    0.05074 (1) obj. 3.12072e+06 iterations 2
Cbc0038I Pass  20: suminf.    0.05074 (1) obj. 3.12072e+06 iterations 10
Cbc0038I Pass  21: suminf.    0.25957 (1) obj. 3.12072e+06 iterations 1
Cbc0038I Pass  22: suminf.    0.05074 (1) obj. 3.12072e+06 iterations 4
Cbc0038I Pass  23: suminf.    0.74043 (2) obj. 3.12072e+06 iterations 14
Cbc0038I Pass  24: suminf.    0.74043 (2) obj. 3.12072e+06 iterations 1
Cbc0038I Pass  25: suminf.    0.85574 (2) obj. 3.12072e+06 iterations 6
Cbc0038I Pass  26: suminf.    0.33964 (3) obj. 3.12072e+06 iterations 5
Cbc0038I Pass  27: suminf.    0.33964 (3) obj. 3.12072e+06 iterations 0
Cbc0038I Pass  28: suminf.    0.98879 (3) obj. 3.12072e+06 iterations 4
Cbc0038I Pass  29: suminf.    0.98879 (3) obj. 3.12072e+06 iterations 0
Cbc0038I Pass  30: suminf.    1.29077 (4) obj. 3.12072e+06 iterations 7
Cbc0038I Pass  31: suminf.    1.29077 (4) obj. 3.12072e+06 iterations 3
Cbc0038I Pass  32: suminf.    0.33964 (3) obj. 3.12072e+06 iterations 7
Cbc0038I Pass  33: suminf.    0.33964 (3) obj. 3.12072e+06 iterations 0
Cbc0038I Pass  34: suminf.    0.98879 (3) obj. 3.12072e+06 iterations 7
Cbc0038I No solution found this major pass
Cbc0038I Before mini branch and bound, 2 integers at bound fixed and 68 continuous
Cbc0038I Full problem 114 rows 154 columns, reduced to 19 rows 26 columns
Cbc0038I Mini branch and bound did not improve solution (0.03 seconds)
Cbc0038I After 0.03 seconds - Feasibility pump exiting with objective of 3.12073e+06 - took 0.03 seconds
Cbc0012I Integer solution of 3120726.9 found by feasibility pump after 0 iterations and 0 nodes (0.03 seconds)
Cbc0038I Full problem 114 rows 154 columns, reduced to 68 rows 104 columns
Cbc0031I 12 added rows had average density of 15.583333
Cbc0013I At root node, 12 cuts changed objective from 3120668 to 3120704.2 in 100 passes
Cbc0014I Cut generator 0 (Probing) - 19 row cuts average 2.0 elements, 0 column cuts (0 active)  in 0.011 seconds - new frequency is -100
Cbc0014I Cut generator 1 (Gomory) - 340 row cuts average 26.4 elements, 0 column cuts (0 active)  in 0.009 seconds - new frequency is 1
Cbc0014I Cut generator 2 (Knapsack) - 0 row cuts average 0.0 elements, 0 column cuts (0 active)  in 0.015 seconds - new frequency is -100
Cbc0014I Cut generator 3 (Clique) - 0 row cuts average 0.0 elements, 0 column cuts (0 active)  in 0.001 seconds - new frequency is -100
Cbc0014I Cut generator 4 (MixedIntegerRounding2) - 2 row cuts average 4.0 elements, 0 column cuts (0 active)  in 0.005 seconds - new frequency is -100
Cbc0014I Cut generator 5 (FlowCover) - 0 row cuts average 0.0 elements, 0 column cuts (0 active)  in 0.012 seconds - new frequency is -100
Cbc0014I Cut generator 6 (TwoMirCuts) - 27 row cuts average 11.2 elements, 0 column cuts (0 active)  in 0.005 seconds - new frequency is -100
Cbc0010I After 0 nodes, 1 on tree, 3120726.9 best solution, best possible 3120704.2 (0.16 seconds)
Cbc0001I Search completed - best objective 3120726.894736739, took 1191 iterations and 4 nodes (0.16 seconds)
Cbc0032I Strong branching done 20 times (94 iterations), fathomed 2 nodes and fixed 2 variables
Cbc0035I Maximum depth 1, 1 variables fixed on reduced cost
Cuts at root node changed objective from 3.12067e+06 to 3.1207e+06
Probing was tried 100 times and created 19 cuts of which 0 were active after adding rounds of cuts (0.011 seconds)
Gomory was tried 109 times and created 350 cuts of which 0 were active after adding rounds of cuts (0.009 seconds)
Knapsack was tried 100 times and created 0 cuts of which 0 were active after adding rounds of cuts (0.015 seconds)
Clique was tried 100 times and created 0 cuts of which 0 were active after adding rounds of cuts (0.001 seconds)
MixedIntegerRounding2 was tried 100 times and created 2 cuts of which 0 were active after adding rounds of cuts (0.005 seconds)
FlowCover was tried 100 times and created 0 cuts of which 0 were active after adding rounds of cuts (0.012 seconds)
TwoMirCuts was tried 100 times and created 27 cuts of which 0 were active after adding rounds of cuts (0.005 seconds)
ZeroHalf was tried 1 times and created 0 cuts of which 0 were active after adding rounds of cuts (0.000 seconds)

Result - Optimal solution found

Objective value:                3120726.89473674
Enumerated nodes:               4
Total iterations:               1191
Time (CPU seconds):             0.17
Time (Wallclock seconds):       0.17

Option for printingOptions changed from normal to all
Total time (CPU seconds):       0.19   (Wallclock seconds):       0.19

