Welcome to the CBC MILP Solver 
Version: 2.10.3 
Build Date: Dec 15 2019 

command line - E:\dachuang\.venv\Lib\site-packages\pulp\apis\../solverdir/cbc/win/i64/cbc.exe model.mps -primalTolerance 1e-9 -integerTolerance 1e-9 -ratioGap 0 -allowableGap 0 -threads 0 -branch -printingOptions all -solution solution.txt -saveSolution solution.bin -quit (default strategy 1)
At line 2 NAME          MODEL
At line 3 ROWS
At line 317 COLUMNS
At line 1133 RHS
At line 1446 BOUNDS
At line 1521 ENDATA
Problem MODEL has 312 rows, 241 columns and 647 elements
Coin0008I MODEL read with 0 errors
primalTolerance was changed from 1e-07 to 1e-09
integerTolerance was changed from 1e-07 to 1e-09
ratioGap was changed from 0 to 0
allowableGap was changed from 1e-10 to 0
Continuous objective value is 1.83833e+06 - 0.00 seconds
Cgl0003I 0 fixed, 0 tightened bounds, 3 strengthened rows, 0 substitutions
Cgl0004I processed model has 115 rows, 159 columns (24 integer (24 of which binary)) and 336 elements
Cbc0038I Initial state - 11 integers unsatisfied sum - 3.49256
Cbc0038I Pass   1: suminf.    0.00000 (0) obj. 1.93227e+06 iterations 19
Cbc0038I Solution found of 1.93227e+06
Cbc0038I Relaxing continuous gives 1.86377e+06
Cbc0038I Before mini branch and bound, 13 integers at bound fixed and 81 continuous
Cbc0038I Full problem 115 rows 159 columns, reduced to 9 rows 13 columns
Cbc0038I Mini branch and bound improved solution from 1.86377e+06 to 1.83872e+06 (0.01 seconds)
Cbc0038I Round again with cutoff of 1.83868e+06
Cbc0038I Pass   2: suminf.    1.17509 (6) obj. 1.83868e+06 iterations 16
Cbc0038I Pass   3: suminf.    0.00000 (0) obj. 1.83868e+06 iterations 15
Cbc0038I Solution found of 1.83868e+06
Cbc0038I Relaxing continuous gives 1.83851e+06
Cbc0038I Before mini branch and bound, 12 integers at bound fixed and 79 continuous
Cbc0038I Full problem 115 rows 159 columns, reduced to 17 rows 22 columns
Cbc0038I Mini branch and bound improved solution from 1.83851e+06 to 1.8385e+06 (0.02 seconds)
Cbc0038I Round again with cutoff of 1.83847e+06
Cbc0038I Pass   4: suminf.    1.18708 (7) obj. 1.83847e+06 iterations 2
Cbc0038I Pass   5: suminf.    1.18373 (7) obj. 1.83847e+06 iterations 1
Cbc0038I Pass   6: suminf.    0.86709 (2) obj. 1.83847e+06 iterations 11
Cbc0038I Pass   7: suminf.    0.86709 (2) obj. 1.83847e+06 iterations 3
Cbc0038I Pass   8: suminf.    0.41324 (1) obj. 1.83847e+06 iterations 3
Cbc0038I Pass   9: suminf.    0.14209 (1) obj. 1.83847e+06 iterations 4
Cbc0038I Pass  10: suminf.    0.26609 (2) obj. 1.83847e+06 iterations 5
Cbc0038I Pass  11: suminf.    0.41324 (1) obj. 1.83847e+06 iterations 2
Cbc0038I Pass  12: suminf.    0.14209 (1) obj. 1.83847e+06 iterations 4
Cbc0038I Pass  13: suminf.    0.55109 (2) obj. 1.83847e+06 iterations 8
Cbc0038I Pass  14: suminf.    0.14209 (1) obj. 1.83847e+06 iterations 1
Cbc0038I Pass  15: suminf.    0.41324 (1) obj. 1.83847e+06 iterations 1
Cbc0038I Pass  16: suminf.    1.45812 (4) obj. 1.83847e+06 iterations 8
Cbc0038I Pass  17: suminf.    1.04759 (3) obj. 1.83847e+06 iterations 1
Cbc0038I Pass  18: suminf.    0.41324 (1) obj. 1.83847e+06 iterations 4
Cbc0038I Pass  19: suminf.    0.14209 (1) obj. 1.83847e+06 iterations 4
Cbc0038I Pass  20: suminf.    1.61472 (8) obj. 1.83847e+06 iterations 13
Cbc0038I Pass  21: suminf.    1.20572 (7) obj. 1.83847e+06 iterations 1
Cbc0038I Pass  22: suminf.    0.16670 (2) obj. 1.83847e+06 iterations 10
Cbc0038I Pass  23: suminf.    0.16670 (2) obj. 1.83847e+06 iterations 0
Cbc0038I Pass  24: suminf.    0.16670 (2) obj. 1.83847e+06 iterations 8
Cbc0038I Pass  25: suminf.    1.81829 (6) obj. 1.83847e+06 iterations 20
Cbc0038I Pass  26: suminf.    0.78207 (4) obj. 1.83847e+06 iterations 2
Cbc0038I Pass  27: suminf.    0.16670 (2) obj. 1.83847e+06 iterations 7
Cbc0038I Pass  28: suminf.    0.86709 (2) obj. 1.83847e+06 iterations 6
Cbc0038I Pass  29: suminf.    0.86709 (2) obj. 1.83847e+06 iterations 0
Cbc0038I Pass  30: suminf.    0.41324 (1) obj. 1.83847e+06 iterations 3
Cbc0038I Pass  31: suminf.    0.14209 (1) obj. 1.83847e+06 iterations 6
Cbc0038I Pass  32: suminf.    1.28423 (6) obj. 1.83847e+06 iterations 19
Cbc0038I Pass  33: suminf.    0.87370 (5) obj. 1.83847e+06 iterations 1
Cbc0038I No solution found this major pass
Cbc0038I Before mini branch and bound, 1 integers at bound fixed and 69 continuous
Cbc0038I Full problem 115 rows 159 columns, reduced to 17 rows 23 columns
Cbc0038I Mini branch and bound improved solution from 1.8385e+06 to 1.83849e+06 (0.03 seconds)
Cbc0038I Round again with cutoff of 1.83844e+06
Cbc0038I Pass  33: suminf.    1.35425 (8) obj. 1.83844e+06 iterations 2
Cbc0038I Pass  34: suminf.    1.35425 (8) obj. 1.83844e+06 iterations 3
Cbc0038I Pass  35: suminf.    0.43287 (1) obj. 1.83844e+06 iterations 16
Cbc0038I Pass  36: suminf.    0.31261 (1) obj. 1.83844e+06 iterations 1
Cbc0038I Pass  37: suminf.    1.80365 (6) obj. 1.83844e+06 iterations 6
Cbc0038I Pass  38: suminf.    1.39313 (5) obj. 1.83844e+06 iterations 1
Cbc0038I Pass  39: suminf.    1.80213 (6) obj. 1.83844e+06 iterations 2
Cbc0038I Pass  40: suminf.    1.39313 (5) obj. 1.83844e+06 iterations 1
Cbc0038I Pass  41: suminf.    0.43287 (1) obj. 1.83844e+06 iterations 5
Cbc0038I Pass  42: suminf.    0.31261 (1) obj. 1.83844e+06 iterations 1
Cbc0038I Pass  43: suminf.    0.72313 (2) obj. 1.83844e+06 iterations 3
Cbc0038I Pass  44: suminf.    0.31261 (1) obj. 1.83844e+06 iterations 1
Cbc0038I Pass  45: suminf.    0.43287 (1) obj. 1.83844e+06 iterations 3
Cbc0038I Pass  46: suminf.    1.45023 (6) obj. 1.83844e+06 iterations 10
Cbc0038I Pass  47: suminf.    0.33721 (2) obj. 1.83844e+06 iterations 7
Cbc0038I Pass  48: suminf.    0.33721 (2) obj. 1.83844e+06 iterations 0
Cbc0038I Pass  49: suminf.    0.33721 (2) obj. 1.83844e+06 iterations 10
Cbc0038I Pass  50: suminf.    0.46121 (3) obj. 1.83844e+06 iterations 8
Cbc0038I Pass  51: suminf.    0.46121 (3) obj. 1.83844e+06 iterations 0
Cbc0038I Pass  52: suminf.    0.33721 (2) obj. 1.83844e+06 iterations 8
Cbc0038I Pass  53: suminf.    0.33721 (2) obj. 1.83844e+06 iterations 3
Cbc0038I Pass  54: suminf.    0.77973 (5) obj. 1.83844e+06 iterations 3
Cbc0038I Pass  55: suminf.    0.33721 (2) obj. 1.83844e+06 iterations 6
Cbc0038I Pass  56: suminf.    0.33721 (2) obj. 1.83844e+06 iterations 3
Cbc0038I Pass  57: suminf.    0.64521 (3) obj. 1.83844e+06 iterations 4
Cbc0038I Pass  58: suminf.    0.33721 (2) obj. 1.83844e+06 iterations 4
Cbc0038I Pass  59: suminf.    0.33721 (2) obj. 1.83844e+06 iterations 6
Cbc0038I Pass  60: suminf.    0.74621 (3) obj. 1.83844e+06 iterations 7
Cbc0038I Pass  61: suminf.    0.33721 (2) obj. 1.83844e+06 iterations 1
Cbc0038I Pass  62: suminf.    0.33721 (2) obj. 1.83844e+06 iterations 3
Cbc0038I No solution found this major pass
Cbc0038I Before mini branch and bound, 1 integers at bound fixed and 71 continuous
Cbc0038I Full problem 115 rows 159 columns, reduced to 17 rows 23 columns
Cbc0038I Mini branch and bound did not improve solution (0.04 seconds)
Cbc0038I After 0.04 seconds - Feasibility pump exiting with objective of 1.83849e+06 - took 0.04 seconds
Cbc0012I Integer solution of 1838487.1 found by feasibility pump after 0 iterations and 0 nodes (0.05 seconds)
Cbc0038I Full problem 115 rows 159 columns, reduced to 82 rows 123 columns
Cbc0031I 15 added rows had average density of 16.4
Cbc0013I At root node, 15 cuts changed objective from 1838352.3 to 1838433.1 in 100 passes
Cbc0014I Cut generator 0 (Probing) - 17 row cuts average 2.0 elements, 2 column cuts (2 active)  in 0.015 seconds - new frequency is 1
Cbc0014I Cut generator 1 (Gomory) - 276 row cuts average 26.4 elements, 0 column cuts (0 active)  in 0.008 seconds - new frequency is 1
Cbc0014I Cut generator 2 (Knapsack) - 0 row cuts average 0.0 elements, 0 column cuts (0 active)  in 0.018 seconds - new frequency is -100
Cbc0014I Cut generator 3 (Clique) - 0 row cuts average 0.0 elements, 0 column cuts (0 active)  in 0.001 seconds - new frequency is -100
Cbc0014I Cut generator 4 (MixedIntegerRounding2) - 25 row cuts average 4.7 elements, 0 column cuts (0 active)  in 0.014 seconds - new frequency is 1
Cbc0014I Cut generator 5 (FlowCover) - 0 row cuts average 0.0 elements, 0 column cuts (0 active)  in 0.014 seconds - new frequency is -100
Cbc0014I Cut generator 6 (TwoMirCuts) - 30 row cuts average 8.8 elements, 0 column cuts (0 active)  in 0.004 seconds - new frequency is -100
Cbc0010I After 0 nodes, 1 on tree, 1838487.1 best solution, best possible 1838433.1 (0.18 seconds)
Cbc0001I Search completed - best objective 1838487.087811527, took 1281 iterations and 6 nodes (0.20 seconds)
Cbc0032I Strong branching done 26 times (138 iterations), fathomed 1 nodes and fixed 0 variables
Cbc0035I Maximum depth 2, 1 variables fixed on reduced cost
Cuts at root node changed objective from 1.83835e+06 to 1.83843e+06
Probing was tried 123 times and created 20 cuts of which 0 were active after adding rounds of cuts (0.017 seconds)
Gomory was tried 123 times and created 306 cuts of which 0 were active after adding rounds of cuts (0.008 seconds)
Knapsack was tried 100 times and created 0 cuts of which 0 were active after adding rounds of cuts (0.018 seconds)
Clique was tried 100 times and created 0 cuts of which 0 were active after adding rounds of cuts (0.001 seconds)
MixedIntegerRounding2 was tried 123 times and created 26 cuts of which 0 were active after adding rounds of cuts (0.016 seconds)
FlowCover was tried 100 times and created 0 cuts of which 0 were active after adding rounds of cuts (0.014 seconds)
TwoMirCuts was tried 100 times and created 30 cuts of which 0 were active after adding rounds of cuts (0.004 seconds)
ZeroHalf was tried 1 times and created 0 cuts of which 0 were active after adding rounds of cuts (0.000 seconds)

Result - Optimal solution found

Objective value:                1838487.08781153
Enumerated nodes:               6
Total iterations:               1281
Time (CPU seconds):             0.20
Time (Wallclock seconds):       0.20

Option for printingOptions changed from normal to all
Total time (CPU seconds):       0.23   (Wallclock seconds):       0.23

