Welcome to the CBC MILP Solver 
Version: 2.10.3 
Build Date: Dec 15 2019 

command line - E:\dachuang\.venv\Lib\site-packages\pulp\apis\../solverdir/cbc/win/i64/cbc.exe model.mps -primalTolerance 1e-9 -integerTolerance 1e-9 -ratioGap 0 -allowableGap 0 -threads 0 -branch -printingOptions all -solution solution.txt -saveSolution solution.bin -quit (default strategy 1)
At line 2 NAME          MODEL
At line 3 ROWS
At line 317 COLUMNS
At line 1133 RHS
At line 1446 BOUNDS
At line 1521 ENDATA
Problem MODEL has 312 rows, 241 columns and 647 elements
Coin0008I MODEL read with 0 errors
primalTolerance was changed from 1e-07 to 1e-09
integerTolerance was changed from 1e-07 to 1e-09
ratioGap was changed from 0 to 0
allowableGap was changed from 1e-10 to 0
Continuous objective value is 1.15795e+06 - 0.00 seconds
Cgl0003I 0 fixed, 0 tightened bounds, 3 strengthened rows, 0 substitutions
Cgl0004I processed model has 118 rows, 165 columns (24 integer (24 of which binary)) and 351 elements
Cbc0038I Initial state - 9 integers unsatisfied sum - 3.69384
Cbc0038I Pass   1: suminf.    0.00000 (0) obj. 1.30567e+06 iterations 21
Cbc0038I Solution found of 1.30567e+06
Cbc0038I Relaxing continuous gives 1.30446e+06
Cbc0038I Before mini branch and bound, 15 integers at bound fixed and 82 continuous
Cbc0038I Full problem 118 rows 165 columns, reduced to 10 rows 15 columns
Cbc0038I Mini branch and bound improved solution from 1.30446e+06 to 1.15849e+06 (0.01 seconds)
Cbc0038I Round again with cutoff of 1.15844e+06
Cbc0038I Pass   2: suminf.    1.18592 (4) obj. 1.15844e+06 iterations 10
Cbc0038I Pass   3: suminf.    0.02527 (1) obj. 1.15844e+06 iterations 9
Cbc0038I Solution found of 1.15844e+06
Cbc0038I Relaxing continuous gives 1.15823e+06
Cbc0038I Before mini branch and bound, 13 integers at bound fixed and 81 continuous
Cbc0038I Full problem 118 rows 165 columns, reduced to 18 rows 25 columns
Cbc0038I Mini branch and bound improved solution from 1.15823e+06 to 1.15815e+06 (0.02 seconds)
Cbc0038I Round again with cutoff of 1.15811e+06
Cbc0038I Pass   4: suminf.    1.45957 (6) obj. 1.15811e+06 iterations 9
Cbc0038I Pass   5: suminf.    1.43961 (5) obj. 1.15811e+06 iterations 4
Cbc0038I Pass   6: suminf.    0.71724 (4) obj. 1.15811e+06 iterations 11
Cbc0038I Pass   7: suminf.    0.88954 (4) obj. 1.15811e+06 iterations 6
Cbc0038I Pass   8: suminf.    0.68455 (3) obj. 1.15811e+06 iterations 2
Cbc0038I Pass   9: suminf.    0.75343 (3) obj. 1.15811e+06 iterations 6
Cbc0038I Pass  10: suminf.    1.17489 (3) obj. 1.15811e+06 iterations 3
Cbc0038I Pass  11: suminf.    0.75343 (3) obj. 1.15811e+06 iterations 1
Cbc0038I Pass  12: suminf.    0.71724 (4) obj. 1.15811e+06 iterations 1
Cbc0038I Pass  13: suminf.    0.88954 (4) obj. 1.15811e+06 iterations 6
Cbc0038I Pass  14: suminf.    0.68455 (3) obj. 1.15811e+06 iterations 2
Cbc0038I Pass  15: suminf.    1.24107 (5) obj. 1.15811e+06 iterations 10
Cbc0038I Pass  16: suminf.    0.75343 (3) obj. 1.15811e+06 iterations 8
Cbc0038I Pass  17: suminf.    0.71724 (4) obj. 1.15811e+06 iterations 1
Cbc0038I Pass  18: suminf.    0.88954 (4) obj. 1.15811e+06 iterations 6
Cbc0038I Pass  19: suminf.    0.68455 (3) obj. 1.15811e+06 iterations 2
Cbc0038I Pass  20: suminf.    0.68455 (3) obj. 1.15811e+06 iterations 3
Cbc0038I Pass  21: suminf.    0.75343 (3) obj. 1.15811e+06 iterations 6
Cbc0038I Pass  22: suminf.    0.71724 (4) obj. 1.15811e+06 iterations 1
Cbc0038I Pass  23: suminf.    0.88954 (4) obj. 1.15811e+06 iterations 6
Cbc0038I Pass  24: suminf.    0.68455 (3) obj. 1.15811e+06 iterations 2
Cbc0038I Pass  25: suminf.    1.49165 (5) obj. 1.15811e+06 iterations 16
Cbc0038I Pass  26: suminf.    1.49165 (5) obj. 1.15811e+06 iterations 1
Cbc0038I Pass  27: suminf.    1.15707 (4) obj. 1.15811e+06 iterations 4
Cbc0038I Pass  28: suminf.    0.94640 (4) obj. 1.15811e+06 iterations 1
Cbc0038I Pass  29: suminf.    0.94640 (4) obj. 1.15811e+06 iterations 0
Cbc0038I Pass  30: suminf.    1.18915 (4) obj. 1.15811e+06 iterations 5
Cbc0038I Pass  31: suminf.    1.18915 (4) obj. 1.15811e+06 iterations 1
Cbc0038I Pass  32: suminf.    1.15707 (4) obj. 1.15811e+06 iterations 3
Cbc0038I Pass  33: suminf.    0.94640 (4) obj. 1.15811e+06 iterations 1
Cbc0038I No solution found this major pass
Cbc0038I Before mini branch and bound, 3 integers at bound fixed and 74 continuous
Cbc0038I Full problem 118 rows 165 columns, reduced to 25 rows 33 columns
Cbc0038I Mini branch and bound did not improve solution (0.03 seconds)
Cbc0038I After 0.03 seconds - Feasibility pump exiting with objective of 1.15815e+06 - took 0.02 seconds
Cbc0012I Integer solution of 1158149.8 found by feasibility pump after 0 iterations and 0 nodes (0.03 seconds)
Cbc0038I Full problem 118 rows 165 columns, reduced to 80 rows 126 columns
Cbc0012I Integer solution of 1158139.2 found by DiveCoefficient after 1323 iterations and 0 nodes (0.19 seconds)
Cbc0031I 12 added rows had average density of 20.166667
Cbc0013I At root node, 12 cuts changed objective from 1157966.6 to 1158065.9 in 100 passes
Cbc0014I Cut generator 0 (Probing) - 3 row cuts average 5.7 elements, 0 column cuts (0 active)  in 0.007 seconds - new frequency is -100
Cbc0014I Cut generator 1 (Gomory) - 322 row cuts average 32.0 elements, 0 column cuts (0 active)  in 0.014 seconds - new frequency is 1
Cbc0014I Cut generator 2 (Knapsack) - 0 row cuts average 0.0 elements, 0 column cuts (0 active)  in 0.026 seconds - new frequency is -100
Cbc0014I Cut generator 3 (Clique) - 0 row cuts average 0.0 elements, 0 column cuts (0 active)  in 0.002 seconds - new frequency is -100
Cbc0014I Cut generator 4 (MixedIntegerRounding2) - 8 row cuts average 11.6 elements, 0 column cuts (0 active)  in 0.004 seconds - new frequency is -100
Cbc0014I Cut generator 5 (FlowCover) - 0 row cuts average 0.0 elements, 0 column cuts (0 active)  in 0.013 seconds - new frequency is -100
Cbc0014I Cut generator 6 (TwoMirCuts) - 27 row cuts average 12.3 elements, 0 column cuts (0 active)  in 0.006 seconds - new frequency is -100
Cbc0010I After 0 nodes, 1 on tree, 1158139.2 best solution, best possible 1158065.9 (0.19 seconds)
Cbc0012I Integer solution of 1158116.5 found by DiveCoefficient after 1375 iterations and 2 nodes (0.20 seconds)
Cbc0012I Integer solution of 1158093.9 found by DiveCoefficient after 1433 iterations and 5 nodes (0.20 seconds)
Cbc0001I Search completed - best objective 1158093.906925104, took 1459 iterations and 8 nodes (0.20 seconds)
Cbc0032I Strong branching done 32 times (182 iterations), fathomed 2 nodes and fixed 1 variables
Cbc0035I Maximum depth 2, 0 variables fixed on reduced cost
Cuts at root node changed objective from 1.15797e+06 to 1.15807e+06
Probing was tried 100 times and created 3 cuts of which 0 were active after adding rounds of cuts (0.007 seconds)
Gomory was tried 116 times and created 338 cuts of which 0 were active after adding rounds of cuts (0.017 seconds)
Knapsack was tried 100 times and created 0 cuts of which 0 were active after adding rounds of cuts (0.026 seconds)
Clique was tried 100 times and created 0 cuts of which 0 were active after adding rounds of cuts (0.002 seconds)
MixedIntegerRounding2 was tried 100 times and created 8 cuts of which 0 were active after adding rounds of cuts (0.004 seconds)
FlowCover was tried 100 times and created 0 cuts of which 0 were active after adding rounds of cuts (0.013 seconds)
TwoMirCuts was tried 100 times and created 27 cuts of which 0 were active after adding rounds of cuts (0.006 seconds)
ZeroHalf was tried 1 times and created 0 cuts of which 0 were active after adding rounds of cuts (0.000 seconds)

Result - Optimal solution found

Objective value:                1158093.90692510
Enumerated nodes:               8
Total iterations:               1459
Time (CPU seconds):             0.21
Time (Wallclock seconds):       0.21

Option for printingOptions changed from normal to all
Total time (CPU seconds):       0.23   (Wallclock seconds):       0.23

