Welcome to the CBC MILP Solver 
Version: 2.10.3 
Build Date: Dec 15 2019 

command line - E:\dachuang\.venv\Lib\site-packages\pulp\apis\../solverdir/cbc/win/i64/cbc.exe model.mps -primalTolerance 1e-9 -integerTolerance 1e-9 -ratioGap 0 -allowableGap 0 -threads 0 -branch -printingOptions all -solution solution.txt -saveSolution solution.bin -quit (default strategy 1)
At line 2 NAME          MODEL
At line 3 ROWS
At line 317 COLUMNS
At line 1133 RHS
At line 1446 BOUNDS
At line 1521 ENDATA
Problem MODEL has 312 rows, 241 columns and 647 elements
Coin0008I MODEL read with 0 errors
primalTolerance was changed from 1e-07 to 1e-09
integerTolerance was changed from 1e-07 to 1e-09
ratioGap was changed from 0 to 0
allowableGap was changed from 1e-10 to 0
Continuous objective value is 2.07708e+06 - 0.00 seconds
Cgl0003I 0 fixed, 0 tightened bounds, 2 strengthened rows, 0 substitutions
Cgl0004I processed model has 116 rows, 154 columns (24 integer (24 of which binary)) and 334 elements
Cbc0038I Initial state - 8 integers unsatisfied sum - 2.2677
Cbc0038I Pass   1: suminf.    0.00000 (0) obj. 2.08839e+06 iterations 11
Cbc0038I Solution found of 2.08839e+06
Cbc0038I Relaxing continuous gives 2.08839e+06
Cbc0038I Before mini branch and bound, 16 integers at bound fixed and 84 continuous
Cbc0038I Full problem 116 rows 154 columns, reduced to 12 rows 13 columns
Cbc0038I Mini branch and bound improved solution from 2.08839e+06 to 2.07755e+06 (0.01 seconds)
Cbc0038I Round again with cutoff of 2.07751e+06
Cbc0038I Pass   2: suminf.    0.26723 (2) obj. 2.07751e+06 iterations 3
Cbc0038I Pass   3: suminf.    0.00000 (0) obj. 2.07751e+06 iterations 12
Cbc0038I Solution found of 2.07751e+06
Cbc0038I Relaxing continuous gives 2.07747e+06
Cbc0038I Before mini branch and bound, 16 integers at bound fixed and 80 continuous
Cbc0038I Full problem 116 rows 154 columns, reduced to 18 rows 23 columns
Cbc0038I Mini branch and bound improved solution from 2.07747e+06 to 2.07732e+06 (0.02 seconds)
Cbc0038I Freeing continuous variables gives a solution of 2.07732e+06
Cbc0038I Round again with cutoff of 2.07727e+06
Cbc0038I Pass   4: suminf.    0.85304 (3) obj. 2.07727e+06 iterations 5
Cbc0038I Pass   5: suminf.    0.51483 (2) obj. 2.07727e+06 iterations 12
Cbc0038I Pass   6: suminf.    0.20946 (1) obj. 2.07727e+06 iterations 3
Cbc0038I Pass   7: suminf.    0.45233 (1) obj. 2.07727e+06 iterations 2
Cbc0038I Pass   8: suminf.    0.45233 (1) obj. 2.07727e+06 iterations 1
Cbc0038I Pass   9: suminf.    0.20946 (1) obj. 2.07727e+06 iterations 2
Cbc0038I Pass  10: suminf.    0.45233 (1) obj. 2.07727e+06 iterations 2
Cbc0038I Pass  11: suminf.    0.45233 (1) obj. 2.07727e+06 iterations 5
Cbc0038I Pass  12: suminf.    0.20946 (1) obj. 2.07727e+06 iterations 2
Cbc0038I Pass  13: suminf.    0.45233 (1) obj. 2.07727e+06 iterations 2
Cbc0038I Pass  14: suminf.    1.15559 (4) obj. 2.07727e+06 iterations 15
Cbc0038I Pass  15: suminf.    0.51233 (4) obj. 2.07727e+06 iterations 1
Cbc0038I Pass  16: suminf.    0.35367 (2) obj. 2.07727e+06 iterations 7
Cbc0038I Pass  17: suminf.    0.25144 (2) obj. 2.07727e+06 iterations 2
Cbc0038I Pass  18: suminf.    0.35367 (2) obj. 2.07727e+06 iterations 1
Cbc0038I Pass  19: suminf.    0.31394 (3) obj. 2.07727e+06 iterations 14
Cbc0038I Pass  20: suminf.    0.35367 (2) obj. 2.07727e+06 iterations 2
Cbc0038I Pass  21: suminf.    0.25144 (2) obj. 2.07727e+06 iterations 2
Cbc0038I Pass  22: suminf.    0.62944 (4) obj. 2.07727e+06 iterations 10
Cbc0038I Pass  23: suminf.    0.31196 (3) obj. 2.07727e+06 iterations 5
Cbc0038I Pass  24: suminf.    0.30696 (2) obj. 2.07727e+06 iterations 1
Cbc0038I Pass  25: suminf.    0.35367 (2) obj. 2.07727e+06 iterations 6
Cbc0038I Pass  26: suminf.    0.25144 (2) obj. 2.07727e+06 iterations 2
Cbc0038I Pass  27: suminf.    0.79054 (2) obj. 2.07727e+06 iterations 17
Cbc0038I Pass  28: suminf.    0.45233 (1) obj. 2.07727e+06 iterations 2
Cbc0038I Pass  29: suminf.    0.20946 (1) obj. 2.07727e+06 iterations 2
Cbc0038I Pass  30: suminf.    0.54096 (4) obj. 2.07727e+06 iterations 18
Cbc0038I Pass  31: suminf.    0.35367 (2) obj. 2.07727e+06 iterations 8
Cbc0038I Pass  32: suminf.    0.25144 (2) obj. 2.07727e+06 iterations 3
Cbc0038I Pass  33: suminf.    0.42294 (3) obj. 2.07727e+06 iterations 4
Cbc0038I No solution found this major pass
Cbc0038I Before mini branch and bound, 1 integers at bound fixed and 61 continuous
Cbc0038I Full problem 116 rows 154 columns, reduced to 21 rows 27 columns
Cbc0038I Mini branch and bound did not improve solution (0.03 seconds)
Cbc0038I After 0.03 seconds - Feasibility pump exiting with objective of 2.07732e+06 - took 0.02 seconds
Cbc0012I Integer solution of 2077320.8 found by feasibility pump after 0 iterations and 0 nodes (0.03 seconds)
Cbc0038I Full problem 116 rows 154 columns, reduced to 71 rows 107 columns
Cbc0031I 6 added rows had average density of 14
Cbc0013I At root node, 6 cuts changed objective from 2077077.7 to 2077320.8 in 37 passes
Cbc0014I Cut generator 0 (Probing) - 1 row cuts average 2.0 elements, 4 column cuts (4 active)  in 0.006 seconds - new frequency is 1
Cbc0014I Cut generator 1 (Gomory) - 77 row cuts average 28.7 elements, 0 column cuts (0 active)  in 0.003 seconds - new frequency is 1
Cbc0014I Cut generator 2 (Knapsack) - 0 row cuts average 0.0 elements, 0 column cuts (0 active)  in 0.003 seconds - new frequency is -100
Cbc0014I Cut generator 3 (Clique) - 0 row cuts average 0.0 elements, 0 column cuts (0 active)  in 0.000 seconds - new frequency is -100
Cbc0014I Cut generator 4 (MixedIntegerRounding2) - 2 row cuts average 4.5 elements, 0 column cuts (0 active)  in 0.003 seconds - new frequency is -100
Cbc0014I Cut generator 5 (FlowCover) - 0 row cuts average 0.0 elements, 0 column cuts (0 active)  in 0.009 seconds - new frequency is -100
Cbc0014I Cut generator 6 (TwoMirCuts) - 22 row cuts average 12.9 elements, 0 column cuts (0 active)  in 0.000 seconds - new frequency is -100
Cbc0001I Search completed - best objective 2077320.793022742, took 165 iterations and 0 nodes (0.08 seconds)
Cbc0032I Strong branching done 2 times (8 iterations), fathomed 1 nodes and fixed 0 variables
Cbc0035I Maximum depth 0, 0 variables fixed on reduced cost
Cuts at root node changed objective from 2.07708e+06 to 2.07732e+06
Probing was tried 37 times and created 5 cuts of which 0 were active after adding rounds of cuts (0.006 seconds)
Gomory was tried 37 times and created 77 cuts of which 0 were active after adding rounds of cuts (0.003 seconds)
Knapsack was tried 37 times and created 0 cuts of which 0 were active after adding rounds of cuts (0.003 seconds)
Clique was tried 37 times and created 0 cuts of which 0 were active after adding rounds of cuts (0.000 seconds)
MixedIntegerRounding2 was tried 37 times and created 2 cuts of which 0 were active after adding rounds of cuts (0.003 seconds)
FlowCover was tried 37 times and created 0 cuts of which 0 were active after adding rounds of cuts (0.009 seconds)
TwoMirCuts was tried 37 times and created 22 cuts of which 0 were active after adding rounds of cuts (0.000 seconds)
ZeroHalf was tried 1 times and created 0 cuts of which 0 were active after adding rounds of cuts (0.000 seconds)

Result - Optimal solution found

Objective value:                2077320.79302274
Enumerated nodes:               0
Total iterations:               165
Time (CPU seconds):             0.08
Time (Wallclock seconds):       0.08

Option for printingOptions changed from normal to all
Total time (CPU seconds):       0.10   (Wallclock seconds):       0.10

