Welcome to the CBC MILP Solver 
Version: 2.10.3 
Build Date: Dec 15 2019 

command line - E:\dachuang\.venv\Lib\site-packages\pulp\apis\../solverdir/cbc/win/i64/cbc.exe model.mps -primalTolerance 1e-9 -integerTolerance 1e-9 -ratioGap 0 -allowableGap 0 -threads 0 -branch -printingOptions all -solution solution.txt -saveSolution solution.bin -quit (default strategy 1)
At line 2 NAME          MODEL
At line 3 ROWS
At line 317 COLUMNS
At line 1133 RHS
At line 1446 BOUNDS
At line 1521 ENDATA
Problem MODEL has 312 rows, 241 columns and 647 elements
Coin0008I MODEL read with 0 errors
primalTolerance was changed from 1e-07 to 1e-09
integerTolerance was changed from 1e-07 to 1e-09
ratioGap was changed from 0 to 0
allowableGap was changed from 1e-10 to 0
Continuous objective value is 2.17283e+06 - 0.00 seconds
Cgl0003I 0 fixed, 0 tightened bounds, 3 strengthened rows, 0 substitutions
Cgl0004I processed model has 114 rows, 157 columns (24 integer (24 of which binary)) and 331 elements
Cbc0038I Initial state - 8 integers unsatisfied sum - 2.31961
Cbc0038I Pass   1: suminf.    0.00000 (0) obj. 2.17652e+06 iterations 14
Cbc0038I Solution found of 2.17652e+06
Cbc0038I Relaxing continuous gives 2.1763e+06
Cbc0038I Before mini branch and bound, 16 integers at bound fixed and 87 continuous
Cbc0038I Full problem 114 rows 157 columns, reduced to 11 rows 13 columns
Cbc0038I Mini branch and bound improved solution from 2.1763e+06 to 2.17337e+06 (0.01 seconds)
Cbc0038I Round again with cutoff of 2.17332e+06
Cbc0038I Pass   2: suminf.    0.24750 (3) obj. 2.17332e+06 iterations 5
Cbc0038I Pass   3: suminf.    0.00000 (0) obj. 2.17332e+06 iterations 12
Cbc0038I Solution found of 2.17332e+06
Cbc0038I Relaxing continuous gives 2.17314e+06
Cbc0038I Before mini branch and bound, 16 integers at bound fixed and 84 continuous
Cbc0038I Full problem 114 rows 157 columns, reduced to 17 rows 24 columns
Cbc0038I Mini branch and bound improved solution from 2.17314e+06 to 2.17303e+06 (0.02 seconds)
Cbc0038I Round again with cutoff of 2.17299e+06
Cbc0038I Pass   4: suminf.    0.38100 (3) obj. 2.17299e+06 iterations 4
Cbc0038I Pass   5: suminf.    0.25344 (3) obj. 2.17299e+06 iterations 9
Cbc0038I Pass   6: suminf.    0.26350 (1) obj. 2.17299e+06 iterations 3
Cbc0038I Pass   7: suminf.    0.23344 (1) obj. 2.17299e+06 iterations 7
Cbc0038I Pass   8: suminf.    1.18219 (3) obj. 2.17299e+06 iterations 11
Cbc0038I Pass   9: suminf.    0.64614 (3) obj. 2.17299e+06 iterations 3
Cbc0038I Pass  10: suminf.    1.39778 (4) obj. 2.17299e+06 iterations 8
Cbc0038I Pass  11: suminf.    0.74864 (4) obj. 2.17299e+06 iterations 1
Cbc0038I Pass  12: suminf.    0.50028 (2) obj. 2.17299e+06 iterations 7
Cbc0038I Pass  13: suminf.    0.50028 (2) obj. 2.17299e+06 iterations 0
Cbc0038I Pass  14: suminf.    0.26150 (2) obj. 2.17299e+06 iterations 3
Cbc0038I Pass  15: suminf.    0.25650 (1) obj. 2.17299e+06 iterations 1
Cbc0038I Pass  16: suminf.    0.38773 (3) obj. 2.17299e+06 iterations 10
Cbc0038I Pass  17: suminf.    0.38274 (2) obj. 2.17299e+06 iterations 1
Cbc0038I Pass  18: suminf.    0.50028 (2) obj. 2.17299e+06 iterations 6
Cbc0038I Pass  19: suminf.    0.26150 (2) obj. 2.17299e+06 iterations 3
Cbc0038I Pass  20: suminf.    0.25650 (1) obj. 2.17299e+06 iterations 1
Cbc0038I Pass  21: suminf.    0.68725 (3) obj. 2.17299e+06 iterations 4
Cbc0038I Pass  22: suminf.    0.25650 (1) obj. 2.17299e+06 iterations 4
Cbc0038I Pass  23: suminf.    0.50028 (2) obj. 2.17299e+06 iterations 5
Cbc0038I Pass  24: suminf.    0.26150 (2) obj. 2.17299e+06 iterations 3
Cbc0038I Pass  25: suminf.    0.64515 (4) obj. 2.17299e+06 iterations 17
Cbc0038I Pass  26: suminf.    0.64515 (4) obj. 2.17299e+06 iterations 1
Cbc0038I Pass  27: suminf.    0.40600 (1) obj. 2.17299e+06 iterations 10
Cbc0038I Pass  28: suminf.    0.34238 (1) obj. 2.17299e+06 iterations 6
Cbc0038I Pass  29: suminf.    0.91586 (5) obj. 2.17299e+06 iterations 16
Cbc0038I Pass  30: suminf.    0.20178 (2) obj. 2.17299e+06 iterations 5
Cbc0038I Pass  31: suminf.    0.40600 (1) obj. 2.17299e+06 iterations 2
Cbc0038I Pass  32: suminf.    0.07554 (1) obj. 2.17299e+06 iterations 3
Cbc0038I Pass  33: suminf.    0.23660 (2) obj. 2.17299e+06 iterations 10
Cbc0038I No solution found this major pass
Cbc0038I Before mini branch and bound, 3 integers at bound fixed and 68 continuous
Cbc0038I Full problem 114 rows 157 columns, reduced to 25 rows 32 columns
Cbc0038I Mini branch and bound improved solution from 2.17303e+06 to 2.17301e+06 (0.03 seconds)
Cbc0038I Round again with cutoff of 2.17295e+06
Cbc0038I Pass  33: suminf.    0.46485 (4) obj. 2.17295e+06 iterations 1
Cbc0038I Pass  34: suminf.    0.46485 (5) obj. 2.17295e+06 iterations 3
Cbc0038I Pass  35: suminf.    0.40413 (2) obj. 2.17295e+06 iterations 7
Cbc0038I Pass  36: suminf.    0.40148 (1) obj. 2.17295e+06 iterations 1
Cbc0038I Pass  37: suminf.    0.44485 (3) obj. 2.17295e+06 iterations 4
Cbc0038I Pass  38: suminf.    0.85054 (5) obj. 2.17295e+06 iterations 12
Cbc0038I Pass  39: suminf.    0.75112 (5) obj. 2.17295e+06 iterations 2
Cbc0038I Pass  40: suminf.    0.75112 (5) obj. 2.17295e+06 iterations 1
Cbc0038I Pass  41: suminf.    0.92730 (3) obj. 2.17295e+06 iterations 8
Cbc0038I Pass  42: suminf.    0.85755 (4) obj. 2.17295e+06 iterations 8
Cbc0038I Pass  43: suminf.    0.85755 (4) obj. 2.17295e+06 iterations 3
Cbc0038I Pass  44: suminf.    0.94638 (3) obj. 2.17295e+06 iterations 10
Cbc0038I Pass  45: suminf.    1.41454 (5) obj. 2.17295e+06 iterations 8
Cbc0038I Pass  46: suminf.    1.05354 (4) obj. 2.17295e+06 iterations 1
Cbc0038I Pass  47: suminf.    0.96005 (5) obj. 2.17295e+06 iterations 8
Cbc0038I Pass  48: suminf.    0.96005 (5) obj. 2.17295e+06 iterations 0
Cbc0038I Pass  49: suminf.    0.34980 (1) obj. 2.17295e+06 iterations 9
Cbc0038I Pass  50: suminf.    0.44485 (2) obj. 2.17295e+06 iterations 6
Cbc0038I Pass  51: suminf.    0.34980 (1) obj. 2.17295e+06 iterations 4
Cbc0038I Pass  52: suminf.    0.47604 (2) obj. 2.17295e+06 iterations 2
Cbc0038I Pass  53: suminf.    1.47919 (5) obj. 2.17295e+06 iterations 9
Cbc0038I Pass  54: suminf.    0.58169 (4) obj. 2.17295e+06 iterations 1
Cbc0038I Pass  55: suminf.    0.58169 (4) obj. 2.17295e+06 iterations 0
Cbc0038I Pass  56: suminf.    0.44485 (2) obj. 2.17295e+06 iterations 7
Cbc0038I Pass  57: suminf.    0.44485 (2) obj. 2.17295e+06 iterations 3
Cbc0038I Pass  58: suminf.    0.34980 (1) obj. 2.17295e+06 iterations 2
Cbc0038I Pass  59: suminf.    0.34980 (1) obj. 2.17295e+06 iterations 1
Cbc0038I Pass  60: suminf.    1.64196 (5) obj. 2.17295e+06 iterations 12
Cbc0038I Pass  61: suminf.    1.64196 (5) obj. 2.17295e+06 iterations 0
Cbc0038I Pass  62: suminf.    0.44485 (2) obj. 2.17295e+06 iterations 9
Cbc0038I No solution found this major pass
Cbc0038I Before mini branch and bound, 6 integers at bound fixed and 68 continuous
Cbc0038I Full problem 114 rows 157 columns, reduced to 25 rows 33 columns
Cbc0038I Mini branch and bound did not improve solution (0.04 seconds)
Cbc0038I After 0.04 seconds - Feasibility pump exiting with objective of 2.17301e+06 - took 0.04 seconds
Cbc0012I Integer solution of 2173007.1 found by feasibility pump after 0 iterations and 0 nodes (0.04 seconds)
Cbc0038I Full problem 114 rows 157 columns, reduced to 79 rows 118 columns
Cbc0031I 11 added rows had average density of 30.181818
Cbc0013I At root node, 11 cuts changed objective from 2172843.6 to 2172932.5 in 100 passes
Cbc0014I Cut generator 0 (Probing) - 1 row cuts average 4.0 elements, 0 column cuts (0 active)  in 0.010 seconds - new frequency is -100
Cbc0014I Cut generator 1 (Gomory) - 331 row cuts average 41.6 elements, 0 column cuts (0 active)  in 0.012 seconds - new frequency is 1
Cbc0014I Cut generator 2 (Knapsack) - 0 row cuts average 0.0 elements, 0 column cuts (0 active)  in 0.017 seconds - new frequency is -100
Cbc0014I Cut generator 3 (Clique) - 0 row cuts average 0.0 elements, 0 column cuts (0 active)  in 0.000 seconds - new frequency is -100
Cbc0014I Cut generator 4 (MixedIntegerRounding2) - 2 row cuts average 4.0 elements, 0 column cuts (0 active)  in 0.007 seconds - new frequency is -100
Cbc0014I Cut generator 5 (FlowCover) - 0 row cuts average 0.0 elements, 0 column cuts (0 active)  in 0.024 seconds - new frequency is -100
Cbc0014I Cut generator 6 (TwoMirCuts) - 21 row cuts average 12.1 elements, 0 column cuts (0 active)  in 0.003 seconds - new frequency is -100
Cbc0010I After 0 nodes, 1 on tree, 2173007.1 best solution, best possible 2172932.5 (0.18 seconds)
Cbc0001I Search completed - best objective 2173007.089850127, took 1410 iterations and 14 nodes (0.22 seconds)
Cbc0032I Strong branching done 64 times (284 iterations), fathomed 3 nodes and fixed 6 variables
Cbc0035I Maximum depth 3, 1 variables fixed on reduced cost
Cuts at root node changed objective from 2.17284e+06 to 2.17293e+06
Probing was tried 100 times and created 1 cuts of which 0 were active after adding rounds of cuts (0.010 seconds)
Gomory was tried 151 times and created 423 cuts of which 0 were active after adding rounds of cuts (0.014 seconds)
Knapsack was tried 100 times and created 0 cuts of which 0 were active after adding rounds of cuts (0.017 seconds)
Clique was tried 100 times and created 0 cuts of which 0 were active after adding rounds of cuts (0.000 seconds)
MixedIntegerRounding2 was tried 100 times and created 2 cuts of which 0 were active after adding rounds of cuts (0.007 seconds)
FlowCover was tried 100 times and created 0 cuts of which 0 were active after adding rounds of cuts (0.024 seconds)
TwoMirCuts was tried 100 times and created 21 cuts of which 0 were active after adding rounds of cuts (0.003 seconds)
ZeroHalf was tried 1 times and created 0 cuts of which 0 were active after adding rounds of cuts (0.000 seconds)

Result - Optimal solution found

Objective value:                2173007.08985013
Enumerated nodes:               14
Total iterations:               1410
Time (CPU seconds):             0.22
Time (Wallclock seconds):       0.22

Option for printingOptions changed from normal to all
Total time (CPU seconds):       0.25   (Wallclock seconds):       0.25

