Welcome to the CBC MILP Solver 
Version: 2.10.3 
Build Date: Dec 15 2019 

command line - E:\dachuang\.venv\Lib\site-packages\pulp\apis\../solverdir/cbc/win/i64/cbc.exe model.mps -primalTolerance 1e-9 -integerTolerance 1e-9 -ratioGap 0 -allowableGap 0 -threads 0 -branch -printingOptions all -solution solution.txt -saveSolution solution.bin -quit (default strategy 1)
At line 2 NAME          MODEL
At line 3 ROWS
At line 317 COLUMNS
At line 1133 RHS
At line 1446 BOUNDS
At line 1521 ENDATA
Problem MODEL has 312 rows, 241 columns and 647 elements
Coin0008I MODEL read with 0 errors
primalTolerance was changed from 1e-07 to 1e-09
integerTolerance was changed from 1e-07 to 1e-09
ratioGap was changed from 0 to 0
allowableGap was changed from 1e-10 to 0
Continuous objective value is 2.00507e+06 - 0.00 seconds
Cgl0003I 0 fixed, 0 tightened bounds, 3 strengthened rows, 0 substitutions
Cgl0004I processed model has 115 rows, 159 columns (24 integer (24 of which binary)) and 336 elements
Cbc0038I Initial state - 10 integers unsatisfied sum - 3.5689
Cbc0038I Pass   1: suminf.    0.00000 (0) obj. 2.23615e+06 iterations 20
Cbc0038I Solution found of 2.23615e+06
Cbc0038I Relaxing continuous gives 2.04267e+06
Cbc0038I Before mini branch and bound, 14 integers at bound fixed and 81 continuous
Cbc0038I Full problem 115 rows 159 columns, reduced to 8 rows 13 columns
Cbc0038I Mini branch and bound improved solution from 2.04267e+06 to 2.00557e+06 (0.01 seconds)
Cbc0038I Freeing continuous variables gives a solution of 2.00557e+06
Cbc0038I Round again with cutoff of 2.00553e+06
Cbc0038I Pass   2: suminf.    0.92802 (4) obj. 2.00553e+06 iterations 29
Cbc0038I Pass   3: suminf.    0.55110 (2) obj. 2.00553e+06 iterations 3
Cbc0038I Pass   4: suminf.    0.20518 (1) obj. 2.00553e+06 iterations 9
Cbc0038I Pass   5: suminf.    0.00000 (0) obj. 2.00553e+06 iterations 2
Cbc0038I Solution found of 2.00553e+06
Cbc0038I Relaxing continuous gives 2.00536e+06
Cbc0038I Before mini branch and bound, 13 integers at bound fixed and 79 continuous
Cbc0038I Full problem 115 rows 159 columns, reduced to 17 rows 22 columns
Cbc0038I Mini branch and bound improved solution from 2.00536e+06 to 2.00519e+06 (0.02 seconds)
Cbc0038I Round again with cutoff of 2.00517e+06
Cbc0038I Pass   6: suminf.    1.58953 (7) obj. 2.00517e+06 iterations 8
Cbc0038I Pass   7: suminf.    1.11012 (4) obj. 2.00517e+06 iterations 4
Cbc0038I Pass   8: suminf.    0.38167 (1) obj. 2.00517e+06 iterations 16
Cbc0038I Pass   9: suminf.    0.08483 (1) obj. 2.00517e+06 iterations 1
Cbc0038I Pass  10: suminf.    0.08483 (1) obj. 2.00517e+06 iterations 6
Cbc0038I Pass  11: suminf.    0.38167 (1) obj. 2.00517e+06 iterations 1
Cbc0038I Pass  12: suminf.    0.08483 (1) obj. 2.00517e+06 iterations 1
Cbc0038I Pass  13: suminf.    0.30283 (2) obj. 2.00517e+06 iterations 9
Cbc0038I Pass  14: suminf.    0.38167 (1) obj. 2.00517e+06 iterations 2
Cbc0038I Pass  15: suminf.    0.08483 (1) obj. 2.00517e+06 iterations 1
Cbc0038I Pass  16: suminf.    1.68157 (5) obj. 2.00517e+06 iterations 11
Cbc0038I Pass  17: suminf.    0.39033 (2) obj. 2.00517e+06 iterations 10
Cbc0038I Pass  18: suminf.    0.38167 (1) obj. 2.00517e+06 iterations 2
Cbc0038I Pass  19: suminf.    0.08483 (1) obj. 2.00517e+06 iterations 1
Cbc0038I Pass  20: suminf.    1.39019 (5) obj. 2.00517e+06 iterations 10
Cbc0038I Pass  21: suminf.    1.39019 (5) obj. 2.00517e+06 iterations 1
Cbc0038I Pass  22: suminf.    0.38444 (3) obj. 2.00517e+06 iterations 6
Cbc0038I Pass  23: suminf.    0.38444 (3) obj. 2.00517e+06 iterations 0
Cbc0038I Pass  24: suminf.    0.86669 (3) obj. 2.00517e+06 iterations 6
Cbc0038I Pass  25: suminf.    0.86669 (3) obj. 2.00517e+06 iterations 0
Cbc0038I Pass  26: suminf.    1.63295 (6) obj. 2.00517e+06 iterations 16
Cbc0038I Pass  27: suminf.    1.39019 (5) obj. 2.00517e+06 iterations 4
Cbc0038I Pass  28: suminf.    0.38444 (3) obj. 2.00517e+06 iterations 8
Cbc0038I Pass  29: suminf.    0.38444 (3) obj. 2.00517e+06 iterations 0
Cbc0038I Pass  30: suminf.    0.86669 (3) obj. 2.00517e+06 iterations 5
Cbc0038I Pass  31: suminf.    0.86669 (3) obj. 2.00517e+06 iterations 0
Cbc0038I Pass  32: suminf.    0.93816 (7) obj. 2.00517e+06 iterations 18
Cbc0038I Pass  33: suminf.    0.46894 (5) obj. 2.00517e+06 iterations 3
Cbc0038I Pass  34: suminf.    0.86669 (3) obj. 2.00517e+06 iterations 10
Cbc0038I Pass  35: suminf.    0.86669 (3) obj. 2.00517e+06 iterations 0
Cbc0038I No solution found this major pass
Cbc0038I Before mini branch and bound, 2 integers at bound fixed and 65 continuous
Cbc0038I Full problem 115 rows 159 columns, reduced to 21 rows 29 columns
Cbc0038I Mini branch and bound did not improve solution (0.03 seconds)
Cbc0038I After 0.03 seconds - Feasibility pump exiting with objective of 2.00519e+06 - took 0.03 seconds
Cbc0012I Integer solution of 2005185.7 found by feasibility pump after 0 iterations and 0 nodes (0.03 seconds)
Cbc0038I Full problem 115 rows 159 columns, reduced to 80 rows 121 columns
Cbc0031I 12 added rows had average density of 12.666667
Cbc0013I At root node, 12 cuts changed objective from 2005096.8 to 2005174.3 in 16 passes
Cbc0014I Cut generator 0 (Probing) - 4 row cuts average 2.0 elements, 1 column cuts (1 active)  in 0.001 seconds - new frequency is 1
Cbc0014I Cut generator 1 (Gomory) - 48 row cuts average 19.6 elements, 0 column cuts (0 active)  in 0.001 seconds - new frequency is 1
Cbc0014I Cut generator 2 (Knapsack) - 0 row cuts average 0.0 elements, 0 column cuts (0 active)  in 0.002 seconds - new frequency is -100
Cbc0014I Cut generator 3 (Clique) - 0 row cuts average 0.0 elements, 0 column cuts (0 active)  in 0.000 seconds - new frequency is -100
Cbc0014I Cut generator 4 (MixedIntegerRounding2) - 5 row cuts average 5.0 elements, 0 column cuts (0 active)  in 0.001 seconds - new frequency is 1
Cbc0014I Cut generator 5 (FlowCover) - 1 row cuts average 2.0 elements, 0 column cuts (0 active)  in 0.003 seconds - new frequency is -100
Cbc0014I Cut generator 6 (TwoMirCuts) - 28 row cuts average 11.4 elements, 0 column cuts (0 active)  in 0.001 seconds - new frequency is -100
Cbc0010I After 0 nodes, 1 on tree, 2005185.7 best solution, best possible 2005174.3 (0.06 seconds)
Cbc0001I Search completed - best objective 2005185.711528285, took 121 iterations and 2 nodes (0.06 seconds)
Cbc0032I Strong branching done 8 times (47 iterations), fathomed 1 nodes and fixed 1 variables
Cbc0035I Maximum depth 0, 1 variables fixed on reduced cost
Cuts at root node changed objective from 2.0051e+06 to 2.00517e+06
Probing was tried 19 times and created 5 cuts of which 0 were active after adding rounds of cuts (0.001 seconds)
Gomory was tried 19 times and created 50 cuts of which 0 were active after adding rounds of cuts (0.001 seconds)
Knapsack was tried 16 times and created 0 cuts of which 0 were active after adding rounds of cuts (0.002 seconds)
Clique was tried 16 times and created 0 cuts of which 0 were active after adding rounds of cuts (0.000 seconds)
MixedIntegerRounding2 was tried 19 times and created 6 cuts of which 0 were active after adding rounds of cuts (0.001 seconds)
FlowCover was tried 16 times and created 1 cuts of which 0 were active after adding rounds of cuts (0.003 seconds)
TwoMirCuts was tried 16 times and created 28 cuts of which 0 were active after adding rounds of cuts (0.001 seconds)
ZeroHalf was tried 1 times and created 0 cuts of which 0 were active after adding rounds of cuts (0.000 seconds)

Result - Optimal solution found

Objective value:                2005185.71152829
Enumerated nodes:               2
Total iterations:               121
Time (CPU seconds):             0.07
Time (Wallclock seconds):       0.07

Option for printingOptions changed from normal to all
Total time (CPU seconds):       0.10   (Wallclock seconds):       0.10

