Welcome to the CBC MILP Solver 
Version: 2.10.3 
Build Date: Dec 15 2019 

command line - E:\dachuang\.venv\Lib\site-packages\pulp\apis\../solverdir/cbc/win/i64/cbc.exe model.mps -primalTolerance 1e-9 -integerTolerance 1e-9 -ratioGap 0 -allowableGap 0 -threads 0 -branch -printingOptions all -solution solution.txt -saveSolution solution.bin -quit (default strategy 1)
At line 2 NAME          MODEL
At line 3 ROWS
At line 317 COLUMNS
At line 1133 RHS
At line 1446 BOUNDS
At line 1521 ENDATA
Problem MODEL has 312 rows, 241 columns and 647 elements
Coin0008I MODEL read with 0 errors
primalTolerance was changed from 1e-07 to 1e-09
integerTolerance was changed from 1e-07 to 1e-09
ratioGap was changed from 0 to 0
allowableGap was changed from 1e-10 to 0
Continuous objective value is 4.02783e+06 - 0.00 seconds
Cgl0003I 0 fixed, 0 tightened bounds, 2 strengthened rows, 0 substitutions
Cgl0004I processed model has 112 rows, 151 columns (24 integer (24 of which binary)) and 319 elements
Cbc0038I Initial state - 6 integers unsatisfied sum - 2.04731
Cbc0038I Pass   1: suminf.    0.00000 (0) obj. 4.0283e+06 iterations 10
Cbc0038I Solution found of 4.0283e+06
Cbc0038I Relaxing continuous gives 4.0283e+06
Cbc0038I Before mini branch and bound, 18 integers at bound fixed and 91 continuous
Cbc0038I Full problem 112 rows 151 columns, reduced to 11 rows 12 columns
Cbc0038I Mini branch and bound did not improve solution (0.01 seconds)
Cbc0038I Round again with cutoff of 4.02826e+06
Cbc0038I Pass   2: suminf.    0.20473 (1) obj. 4.02826e+06 iterations 1
Cbc0038I Pass   3: suminf.    0.20473 (1) obj. 4.02826e+06 iterations 8
Cbc0038I Pass   4: suminf.    0.00000 (0) obj. 4.02826e+06 iterations 2
Cbc0038I Solution found of 4.02826e+06
Cbc0038I Relaxing continuous gives 4.02819e+06
Cbc0038I Before mini branch and bound, 18 integers at bound fixed and 87 continuous
Cbc0038I Full problem 112 rows 151 columns, reduced to 18 rows 23 columns
Cbc0038I Mini branch and bound improved solution from 4.02819e+06 to 4.02807e+06 (0.01 seconds)
Cbc0038I Round again with cutoff of 4.02802e+06
Cbc0038I Pass   5: suminf.    0.75787 (3) obj. 4.02802e+06 iterations 9
Cbc0038I Pass   6: suminf.    0.33088 (1) obj. 4.02802e+06 iterations 4
Cbc0038I Pass   7: suminf.    0.35044 (2) obj. 4.02802e+06 iterations 6
Cbc0038I Pass   8: suminf.    1.05083 (3) obj. 4.02802e+06 iterations 6
Cbc0038I Pass   9: suminf.    1.05083 (3) obj. 4.02802e+06 iterations 0
Cbc0038I Pass  10: suminf.    0.59396 (2) obj. 4.02802e+06 iterations 6
Cbc0038I Pass  11: suminf.    0.65767 (2) obj. 4.02802e+06 iterations 8
Cbc0038I Pass  12: suminf.    0.19844 (2) obj. 4.02802e+06 iterations 3
Cbc0038I Pass  13: suminf.    0.35163 (3) obj. 4.02802e+06 iterations 4
Cbc0038I Pass  14: suminf.    0.19844 (2) obj. 4.02802e+06 iterations 1
Cbc0038I Pass  15: suminf.    0.65767 (2) obj. 4.02802e+06 iterations 2
Cbc0038I Pass  16: suminf.    0.35163 (3) obj. 4.02802e+06 iterations 7
Cbc0038I Pass  17: suminf.    0.19844 (2) obj. 4.02802e+06 iterations 1
Cbc0038I Pass  18: suminf.    0.65767 (2) obj. 4.02802e+06 iterations 2
Cbc0038I Pass  19: suminf.    0.98269 (4) obj. 4.02802e+06 iterations 13
Cbc0038I Pass  20: suminf.    0.74269 (3) obj. 4.02802e+06 iterations 1
Cbc0038I Pass  21: suminf.    1.05083 (3) obj. 4.02802e+06 iterations 8
Cbc0038I Pass  22: suminf.    0.59396 (2) obj. 4.02802e+06 iterations 6
Cbc0038I Pass  23: suminf.    0.65767 (2) obj. 4.02802e+06 iterations 8
Cbc0038I Pass  24: suminf.    0.19844 (2) obj. 4.02802e+06 iterations 3
Cbc0038I Pass  25: suminf.    0.19844 (2) obj. 4.02802e+06 iterations 8
Cbc0038I Pass  26: suminf.    0.65767 (2) obj. 4.02802e+06 iterations 2
Cbc0038I Pass  27: suminf.    0.19844 (2) obj. 4.02802e+06 iterations 3
Cbc0038I Pass  28: suminf.    1.25785 (5) obj. 4.02802e+06 iterations 22
Cbc0038I Pass  29: suminf.    0.59396 (2) obj. 4.02802e+06 iterations 3
Cbc0038I Pass  30: suminf.    0.89883 (3) obj. 4.02802e+06 iterations 9
Cbc0038I Pass  31: suminf.    0.89883 (3) obj. 4.02802e+06 iterations 0
Cbc0038I Pass  32: suminf.    0.60946 (3) obj. 4.02802e+06 iterations 2
Cbc0038I Pass  33: suminf.    0.77652 (3) obj. 4.02802e+06 iterations 16
Cbc0038I Pass  34: suminf.    0.49433 (1) obj. 4.02802e+06 iterations 1
Cbc0038I No solution found this major pass
Cbc0038I Before mini branch and bound, 4 integers at bound fixed and 70 continuous
Cbc0038I Full problem 112 rows 151 columns, reduced to 20 rows 26 columns
Cbc0038I Mini branch and bound improved solution from 4.02807e+06 to 4.028e+06 (0.03 seconds)
Cbc0038I Freeing continuous variables gives a solution of 4.028e+06
Cbc0038I Round again with cutoff of 4.02795e+06
Cbc0038I Pass  34: suminf.    1.07314 (3) obj. 4.02795e+06 iterations 1
Cbc0038I Pass  35: suminf.    0.64852 (3) obj. 4.02795e+06 iterations 5
Cbc0038I Pass  36: suminf.    0.96165 (3) obj. 4.02795e+06 iterations 7
Cbc0038I Pass  37: suminf.    0.71816 (3) obj. 4.02795e+06 iterations 2
Cbc0038I Pass  38: suminf.    1.57077 (4) obj. 4.02795e+06 iterations 5
Cbc0038I Pass  39: suminf.    1.57077 (4) obj. 4.02795e+06 iterations 0
Cbc0038I Pass  40: suminf.    0.54776 (3) obj. 4.02795e+06 iterations 8
Cbc0038I Pass  41: suminf.    0.54776 (3) obj. 4.02795e+06 iterations 0
Cbc0038I Pass  42: suminf.    0.62634 (3) obj. 4.02795e+06 iterations 2
Cbc0038I Pass  43: suminf.    1.57077 (4) obj. 4.02795e+06 iterations 16
Cbc0038I Pass  44: suminf.    0.62634 (3) obj. 4.02795e+06 iterations 5
Cbc0038I Pass  45: suminf.    0.54776 (3) obj. 4.02795e+06 iterations 2
Cbc0038I Pass  46: suminf.    0.62634 (3) obj. 4.02795e+06 iterations 2
Cbc0038I Pass  47: suminf.    0.54776 (3) obj. 4.02795e+06 iterations 5
Cbc0038I Pass  48: suminf.    0.54776 (3) obj. 4.02795e+06 iterations 0
Cbc0038I Pass  49: suminf.    0.62634 (3) obj. 4.02795e+06 iterations 2
Cbc0038I Pass  50: suminf.    0.86634 (4) obj. 4.02795e+06 iterations 2
Cbc0038I Pass  51: suminf.    0.54776 (3) obj. 4.02795e+06 iterations 3
Cbc0038I Pass  52: suminf.    0.62634 (3) obj. 4.02795e+06 iterations 2
Cbc0038I Pass  53: suminf.    0.82995 (5) obj. 4.02795e+06 iterations 12
Cbc0038I Pass  54: suminf.    0.54776 (3) obj. 4.02795e+06 iterations 1
Cbc0038I Pass  55: suminf.    0.62634 (3) obj. 4.02795e+06 iterations 2
Cbc0038I Pass  56: suminf.    0.94002 (4) obj. 4.02795e+06 iterations 16
Cbc0038I Pass  57: suminf.    0.94002 (4) obj. 4.02795e+06 iterations 1
Cbc0038I Pass  58: suminf.    0.62634 (2) obj. 4.02795e+06 iterations 9
Cbc0038I Pass  59: suminf.    0.24816 (1) obj. 4.02795e+06 iterations 3
Cbc0038I Pass  60: suminf.    0.30834 (1) obj. 4.02795e+06 iterations 1
Cbc0038I Pass  61: suminf.    0.52473 (2) obj. 4.02795e+06 iterations 8
Cbc0038I Pass  62: suminf.    0.71816 (2) obj. 4.02795e+06 iterations 2
Cbc0038I Pass  63: suminf.    0.71816 (2) obj. 4.02795e+06 iterations 0
Cbc0038I No solution found this major pass
Cbc0038I Before mini branch and bound, 4 integers at bound fixed and 70 continuous
Cbc0038I Full problem 112 rows 151 columns, reduced to 20 rows 26 columns
Cbc0038I Mini branch and bound did not improve solution (0.04 seconds)
Cbc0038I After 0.04 seconds - Feasibility pump exiting with objective of 4.028e+06 - took 0.04 seconds
Cbc0012I Integer solution of 4028001.4 found by feasibility pump after 0 iterations and 0 nodes (0.04 seconds)
Cbc0038I Full problem 112 rows 151 columns, reduced to 62 rows 95 columns
Cbc0031I 8 added rows had average density of 26.625
Cbc0013I At root node, 8 cuts changed objective from 4027828.1 to 4027998 in 100 passes
Cbc0014I Cut generator 0 (Probing) - 1 row cuts average 2.0 elements, 2 column cuts (2 active)  in 0.010 seconds - new frequency is -100
Cbc0014I Cut generator 1 (Gomory) - 194 row cuts average 34.9 elements, 0 column cuts (0 active)  in 0.007 seconds - new frequency is 1
Cbc0014I Cut generator 2 (Knapsack) - 0 row cuts average 0.0 elements, 0 column cuts (0 active)  in 0.017 seconds - new frequency is -100
Cbc0014I Cut generator 3 (Clique) - 0 row cuts average 0.0 elements, 0 column cuts (0 active)  in 0.000 seconds - new frequency is -100
Cbc0014I Cut generator 4 (MixedIntegerRounding2) - 0 row cuts average 0.0 elements, 0 column cuts (0 active)  in 0.008 seconds - new frequency is -100
Cbc0014I Cut generator 5 (FlowCover) - 0 row cuts average 0.0 elements, 0 column cuts (0 active)  in 0.020 seconds - new frequency is -100
Cbc0014I Cut generator 6 (TwoMirCuts) - 23 row cuts average 16.2 elements, 0 column cuts (0 active)  in 0.004 seconds - new frequency is -100
Cbc0010I After 0 nodes, 1 on tree, 4028001.4 best solution, best possible 4027998 (0.16 seconds)
Cbc0001I Search completed - best objective 4028001.444592, took 718 iterations and 2 nodes (0.16 seconds)
Cbc0032I Strong branching done 14 times (52 iterations), fathomed 2 nodes and fixed 0 variables
Cbc0035I Maximum depth 0, 0 variables fixed on reduced cost
Cuts at root node changed objective from 4.02783e+06 to 4.028e+06
Probing was tried 100 times and created 3 cuts of which 0 were active after adding rounds of cuts (0.010 seconds)
Gomory was tried 110 times and created 210 cuts of which 0 were active after adding rounds of cuts (0.007 seconds)
Knapsack was tried 100 times and created 0 cuts of which 0 were active after adding rounds of cuts (0.017 seconds)
Clique was tried 100 times and created 0 cuts of which 0 were active after adding rounds of cuts (0.000 seconds)
MixedIntegerRounding2 was tried 100 times and created 0 cuts of which 0 were active after adding rounds of cuts (0.008 seconds)
FlowCover was tried 100 times and created 0 cuts of which 0 were active after adding rounds of cuts (0.020 seconds)
TwoMirCuts was tried 100 times and created 23 cuts of which 0 were active after adding rounds of cuts (0.004 seconds)
ZeroHalf was tried 1 times and created 0 cuts of which 0 were active after adding rounds of cuts (0.000 seconds)

Result - Optimal solution found

Objective value:                4028001.44459200
Enumerated nodes:               2
Total iterations:               718
Time (CPU seconds):             0.17
Time (Wallclock seconds):       0.17

Option for printingOptions changed from normal to all
Total time (CPU seconds):       0.19   (Wallclock seconds):       0.19

