Welcome to the CBC MILP Solver 
Version: 2.10.3 
Build Date: Dec 15 2019 

command line - E:\dachuang\.venv\Lib\site-packages\pulp\apis\../solverdir/cbc/win/i64/cbc.exe model.mps -primalTolerance 1e-9 -integerTolerance 1e-9 -ratioGap 0 -allowableGap 0 -threads 0 -branch -printingOptions all -solution solution.txt -saveSolution solution.bin -quit (default strategy 1)
At line 2 NAME          MODEL
At line 3 ROWS
At line 317 COLUMNS
At line 1133 RHS
At line 1446 BOUNDS
At line 1521 ENDATA
Problem MODEL has 312 rows, 241 columns and 647 elements
Coin0008I MODEL read with 0 errors
primalTolerance was changed from 1e-07 to 1e-09
integerTolerance was changed from 1e-07 to 1e-09
ratioGap was changed from 0 to 0
allowableGap was changed from 1e-10 to 0
Continuous objective value is 1.20948e+06 - 0.00 seconds
Cgl0003I 0 fixed, 0 tightened bounds, 3 strengthened rows, 0 substitutions
Cgl0004I processed model has 118 rows, 165 columns (24 integer (24 of which binary)) and 351 elements
Cbc0038I Initial state - 11 integers unsatisfied sum - 3.97876
Cbc0038I Pass   1: suminf.    0.00000 (0) obj. 1.42995e+06 iterations 27
Cbc0038I Solution found of 1.42995e+06
Cbc0038I Relaxing continuous gives 1.35737e+06
Cbc0038I Before mini branch and bound, 13 integers at bound fixed and 79 continuous
Cbc0038I Full problem 118 rows 165 columns, reduced to 10 rows 15 columns
Cbc0038I Mini branch and bound improved solution from 1.35737e+06 to 1.20995e+06 (0.01 seconds)
Cbc0038I Round again with cutoff of 1.20991e+06
Cbc0038I Pass   2: suminf.    1.46042 (4) obj. 1.20991e+06 iterations 17
Cbc0038I Pass   3: suminf.    0.00000 (0) obj. 1.20991e+06 iterations 11
Cbc0038I Solution found of 1.20991e+06
Cbc0038I Relaxing continuous gives 1.20984e+06
Cbc0038I Before mini branch and bound, 12 integers at bound fixed and 77 continuous
Cbc0038I Full problem 118 rows 165 columns, reduced to 20 rows 27 columns
Cbc0038I Mini branch and bound improved solution from 1.20984e+06 to 1.20972e+06 (0.02 seconds)
Cbc0038I Round again with cutoff of 1.20968e+06
Cbc0038I Pass   4: suminf.    2.00818 (5) obj. 1.20968e+06 iterations 5
Cbc0038I Pass   5: suminf.    1.74279 (5) obj. 1.20968e+06 iterations 1
Cbc0038I Pass   6: suminf.    1.74279 (4) obj. 1.20968e+06 iterations 3
Cbc0038I Pass   7: suminf.    0.28768 (1) obj. 1.20968e+06 iterations 5
Cbc0038I Pass   8: suminf.    0.47747 (1) obj. 1.20968e+06 iterations 1
Cbc0038I Pass   9: suminf.    0.81568 (2) obj. 1.20968e+06 iterations 7
Cbc0038I Pass  10: suminf.    0.81568 (2) obj. 1.20968e+06 iterations 3
Cbc0038I Pass  11: suminf.    0.19018 (1) obj. 1.20968e+06 iterations 5
Cbc0038I Pass  12: suminf.    0.52253 (2) obj. 1.20968e+06 iterations 4
Cbc0038I Pass  13: suminf.    1.19349 (3) obj. 1.20968e+06 iterations 23
Cbc0038I Pass  14: suminf.    0.75049 (2) obj. 1.20968e+06 iterations 1
Cbc0038I Pass  15: suminf.    0.47747 (1) obj. 1.20968e+06 iterations 6
Cbc0038I Pass  16: suminf.    0.19018 (1) obj. 1.20968e+06 iterations 3
Cbc0038I Pass  17: suminf.    0.52253 (2) obj. 1.20968e+06 iterations 4
Cbc0038I Pass  18: suminf.    2.01975 (5) obj. 1.20968e+06 iterations 10
Cbc0038I Pass  19: suminf.    0.47747 (1) obj. 1.20968e+06 iterations 9
Cbc0038I Pass  20: suminf.    0.19018 (1) obj. 1.20968e+06 iterations 3
Cbc0038I Pass  21: suminf.    0.52253 (2) obj. 1.20968e+06 iterations 4
Cbc0038I Pass  22: suminf.    1.12603 (5) obj. 1.20968e+06 iterations 17
Cbc0038I Pass  23: suminf.    0.81599 (3) obj. 1.20968e+06 iterations 3
Cbc0038I Pass  24: suminf.    0.47747 (1) obj. 1.20968e+06 iterations 7
Cbc0038I Pass  25: suminf.    0.19018 (1) obj. 1.20968e+06 iterations 3
Cbc0038I Pass  26: suminf.    0.52253 (2) obj. 1.20968e+06 iterations 4
Cbc0038I Pass  27: suminf.    2.78630 (9) obj. 1.20968e+06 iterations 26
Cbc0038I Pass  28: suminf.    2.28753 (8) obj. 1.20968e+06 iterations 4
Cbc0038I Pass  29: suminf.    0.92233 (3) obj. 1.20968e+06 iterations 16
Cbc0038I Pass  30: suminf.    0.92233 (3) obj. 1.20968e+06 iterations 0
Cbc0038I Pass  31: suminf.    0.32603 (1) obj. 1.20968e+06 iterations 3
Cbc0038I Pass  32: suminf.    0.00000 (0) obj. 1.20968e+06 iterations 1
Cbc0038I Solution found of 1.20968e+06
Cbc0038I Relaxing continuous gives 1.20968e+06
Cbc0038I Before mini branch and bound, 1 integers at bound fixed and 69 continuous
Cbc0038I Full problem 118 rows 165 columns, reduced to 26 rows 34 columns
Cbc0038I Mini branch and bound improved solution from 1.20968e+06 to 1.20958e+06 (0.03 seconds)
Cbc0038I Round again with cutoff of 1.20955e+06
Cbc0038I Pass  33: suminf.    2.34023 (7) obj. 1.20955e+06 iterations 2
Cbc0038I Pass  34: suminf.    2.12970 (7) obj. 1.20955e+06 iterations 2
Cbc0038I Pass  35: suminf.    2.11409 (7) obj. 1.20955e+06 iterations 1
Cbc0038I Pass  36: suminf.    1.33557 (4) obj. 1.20955e+06 iterations 12
Cbc0038I Pass  37: suminf.    1.13058 (3) obj. 1.20955e+06 iterations 2
Cbc0038I Pass  38: suminf.    0.86437 (4) obj. 1.20955e+06 iterations 6
Cbc0038I Pass  39: suminf.    0.84876 (4) obj. 1.20955e+06 iterations 1
Cbc0038I Pass  40: suminf.    1.23371 (5) obj. 1.20955e+06 iterations 14
Cbc0038I Pass  41: suminf.    1.21809 (5) obj. 1.20955e+06 iterations 2
Cbc0038I Pass  42: suminf.    0.90001 (4) obj. 1.20955e+06 iterations 9
Cbc0038I Pass  43: suminf.    0.86132 (4) obj. 1.20955e+06 iterations 5
Cbc0038I Pass  44: suminf.    0.86132 (3) obj. 1.20955e+06 iterations 1
Cbc0038I Pass  45: suminf.    0.76144 (4) obj. 1.20955e+06 iterations 9
Cbc0038I Pass  46: suminf.    0.75644 (3) obj. 1.20955e+06 iterations 1
Cbc0038I Pass  47: suminf.    0.57101 (3) obj. 1.20955e+06 iterations 4
Cbc0038I Pass  48: suminf.    0.57101 (3) obj. 1.20955e+06 iterations 0
Cbc0038I Pass  49: suminf.    0.74590 (3) obj. 1.20955e+06 iterations 4
Cbc0038I Pass  50: suminf.    0.53494 (3) obj. 1.20955e+06 iterations 1
Cbc0038I Pass  51: suminf.    0.52994 (2) obj. 1.20955e+06 iterations 1
Cbc0038I Pass  52: suminf.    0.57101 (3) obj. 1.20955e+06 iterations 3
Cbc0038I Pass  53: suminf.    0.57101 (3) obj. 1.20955e+06 iterations 0
Cbc0038I Pass  54: suminf.    0.74590 (3) obj. 1.20955e+06 iterations 4
Cbc0038I Pass  55: suminf.    0.53494 (3) obj. 1.20955e+06 iterations 1
Cbc0038I Pass  56: suminf.    0.52994 (2) obj. 1.20955e+06 iterations 1
Cbc0038I Pass  57: suminf.    0.57101 (3) obj. 1.20955e+06 iterations 3
Cbc0038I Pass  58: suminf.    0.57101 (3) obj. 1.20955e+06 iterations 0
Cbc0038I Pass  59: suminf.    0.74590 (3) obj. 1.20955e+06 iterations 4
Cbc0038I Pass  60: suminf.    0.53494 (3) obj. 1.20955e+06 iterations 1
Cbc0038I Pass  61: suminf.    0.52994 (2) obj. 1.20955e+06 iterations 1
Cbc0038I Pass  62: suminf.    0.57101 (3) obj. 1.20955e+06 iterations 3
Cbc0038I No solution found this major pass
Cbc0038I Before mini branch and bound, 8 integers at bound fixed and 72 continuous
Cbc0038I Full problem 118 rows 165 columns, reduced to 26 rows 34 columns
Cbc0038I Mini branch and bound did not improve solution (0.04 seconds)
Cbc0038I After 0.04 seconds - Feasibility pump exiting with objective of 1.20958e+06 - took 0.04 seconds
Cbc0012I Integer solution of 1209575.4 found by feasibility pump after 0 iterations and 0 nodes (0.05 seconds)
Cbc0038I Full problem 118 rows 165 columns, reduced to 88 rows 135 columns - 2 fixed gives 83, 130 - ok now
Cbc0038I Full problem 118 rows 165 columns, reduced to 83 rows 130 columns
Cbc0031I 14 added rows had average density of 21.857143
Cbc0013I At root node, 14 cuts changed objective from 1209501.9 to 1209572.3 in 87 passes
Cbc0014I Cut generator 0 (Probing) - 2 row cuts average 15.5 elements, 2 column cuts (2 active)  in 0.007 seconds - new frequency is -100
Cbc0014I Cut generator 1 (Gomory) - 189 row cuts average 41.8 elements, 0 column cuts (0 active)  in 0.009 seconds - new frequency is 1
Cbc0014I Cut generator 2 (Knapsack) - 0 row cuts average 0.0 elements, 0 column cuts (0 active)  in 0.014 seconds - new frequency is -100
Cbc0014I Cut generator 3 (Clique) - 0 row cuts average 0.0 elements, 0 column cuts (0 active)  in 0.000 seconds - new frequency is -100
Cbc0014I Cut generator 4 (MixedIntegerRounding2) - 16 row cuts average 22.9 elements, 0 column cuts (0 active)  in 0.004 seconds - new frequency is 1
Cbc0014I Cut generator 5 (FlowCover) - 0 row cuts average 0.0 elements, 0 column cuts (0 active)  in 0.017 seconds - new frequency is -100
Cbc0014I Cut generator 6 (TwoMirCuts) - 27 row cuts average 12.9 elements, 0 column cuts (0 active)  in 0.004 seconds - new frequency is -100
Cbc0010I After 0 nodes, 1 on tree, 1209575.4 best solution, best possible 1209572.5 (0.16 seconds)
Cbc0001I Search completed - best objective 1209575.390581609, took 522 iterations and 4 nodes (0.17 seconds)
Cbc0032I Strong branching done 22 times (110 iterations), fathomed 2 nodes and fixed 5 variables
Cbc0035I Maximum depth 1, 0 variables fixed on reduced cost
Cuts at root node changed objective from 1.2095e+06 to 1.20957e+06
Probing was tried 87 times and created 4 cuts of which 0 were active after adding rounds of cuts (0.007 seconds)
Gomory was tried 91 times and created 191 cuts of which 0 were active after adding rounds of cuts (0.009 seconds)
Knapsack was tried 87 times and created 0 cuts of which 0 were active after adding rounds of cuts (0.014 seconds)
Clique was tried 87 times and created 0 cuts of which 0 were active after adding rounds of cuts (0.000 seconds)
MixedIntegerRounding2 was tried 91 times and created 17 cuts of which 0 were active after adding rounds of cuts (0.005 seconds)
FlowCover was tried 87 times and created 0 cuts of which 0 were active after adding rounds of cuts (0.017 seconds)
TwoMirCuts was tried 87 times and created 27 cuts of which 0 were active after adding rounds of cuts (0.004 seconds)
ZeroHalf was tried 1 times and created 0 cuts of which 0 were active after adding rounds of cuts (0.000 seconds)

Result - Optimal solution found

Objective value:                1209575.39058161
Enumerated nodes:               4
Total iterations:               522
Time (CPU seconds):             0.18
Time (Wallclock seconds):       0.18

Option for printingOptions changed from normal to all
Total time (CPU seconds):       0.20   (Wallclock seconds):       0.20

