Welcome to the CBC MILP Solver 
Version: 2.10.3 
Build Date: Dec 15 2019 

command line - E:\dachuang\.venv\Lib\site-packages\pulp\apis\../solverdir/cbc/win/i64/cbc.exe model.mps -primalTolerance 1e-9 -integerTolerance 1e-9 -ratioGap 0 -allowableGap 0 -threads 0 -branch -printingOptions all -solution solution.txt -saveSolution solution.bin -quit (default strategy 1)
At line 2 NAME          MODEL
At line 3 ROWS
At line 317 COLUMNS
At line 1133 RHS
At line 1446 BOUNDS
At line 1521 ENDATA
Problem MODEL has 312 rows, 241 columns and 647 elements
Coin0008I MODEL read with 0 errors
primalTolerance was changed from 1e-07 to 1e-09
integerTolerance was changed from 1e-07 to 1e-09
ratioGap was changed from 0 to 0
allowableGap was changed from 1e-10 to 0
Continuous objective value is 1.91766e+06 - 0.00 seconds
Cgl0003I 0 fixed, 0 tightened bounds, 3 strengthened rows, 0 substitutions
Cgl0004I processed model has 115 rows, 159 columns (24 integer (24 of which binary)) and 336 elements
Cbc0038I Initial state - 10 integers unsatisfied sum - 3.09425
Cbc0038I Pass   1: suminf.    0.00000 (0) obj. 1.99505e+06 iterations 22
Cbc0038I Solution found of 1.99505e+06
Cbc0038I Relaxing continuous gives 1.9819e+06
Cbc0038I Before mini branch and bound, 14 integers at bound fixed and 81 continuous
Cbc0038I Full problem 115 rows 159 columns, reduced to 12 rows 15 columns
Cbc0038I Mini branch and bound improved solution from 1.9819e+06 to 1.91827e+06 (0.01 seconds)
Cbc0038I Freeing continuous variables gives a solution of 1.91827e+06
Cbc0038I Round again with cutoff of 1.91821e+06
Cbc0038I Pass   2: suminf.    0.70717 (4) obj. 1.91821e+06 iterations 22
Cbc0038I Pass   3: suminf.    0.00000 (0) obj. 1.91821e+06 iterations 11
Cbc0038I Solution found of 1.91821e+06
Cbc0038I Relaxing continuous gives 1.91818e+06
Cbc0038I Before mini branch and bound, 13 integers at bound fixed and 82 continuous
Cbc0038I Full problem 115 rows 159 columns, reduced to 18 rows 22 columns
Cbc0038I Mini branch and bound improved solution from 1.91818e+06 to 1.91812e+06 (0.02 seconds)
Cbc0038I Freeing continuous variables gives a solution of 1.91812e+06
Cbc0038I Round again with cutoff of 1.91803e+06
Cbc0038I Pass   4: suminf.    1.14966 (5) obj. 1.91803e+06 iterations 3
Cbc0038I Pass   5: suminf.    0.79056 (4) obj. 1.91803e+06 iterations 2
Cbc0038I Pass   6: suminf.    0.43982 (3) obj. 1.91803e+06 iterations 3
Cbc0038I Solution found of 1.91803e+06
Cbc0038I Relaxing continuous gives 1.91798e+06
Cbc0038I Before mini branch and bound, 13 integers at bound fixed and 80 continuous
Cbc0038I Full problem 115 rows 159 columns, reduced to 20 rows 26 columns
Cbc0038I Mini branch and bound improved solution from 1.91798e+06 to 1.91791e+06 (0.02 seconds)
Cbc0038I Freeing continuous variables gives a solution of 1.91791e+06
Cbc0038I Round again with cutoff of 1.91784e+06
Cbc0038I Pass   7: suminf.    1.09795 (6) obj. 1.91784e+06 iterations 2
Cbc0038I Pass   8: suminf.    1.08177 (6) obj. 1.91784e+06 iterations 3
Cbc0038I Pass   9: suminf.    0.03808 (1) obj. 1.91784e+06 iterations 11
Cbc0038I Pass  10: suminf.    0.32847 (1) obj. 1.91784e+06 iterations 3
Cbc0038I Pass  11: suminf.    0.39153 (2) obj. 1.91784e+06 iterations 5
Cbc0038I Pass  12: suminf.    0.03808 (1) obj. 1.91784e+06 iterations 5
Cbc0038I Pass  13: suminf.    0.32847 (1) obj. 1.91784e+06 iterations 3
Cbc0038I Pass  14: suminf.    0.62848 (3) obj. 1.91784e+06 iterations 10
Cbc0038I Pass  15: suminf.    0.62848 (3) obj. 1.91784e+06 iterations 0
Cbc0038I Pass  16: suminf.    0.00000 (0) obj. 1.91784e+06 iterations 5
Cbc0038I Solution found of 1.91784e+06
Cbc0038I Relaxing continuous gives 1.91783e+06
Cbc0038I Before mini branch and bound, 8 integers at bound fixed and 75 continuous
Cbc0038I Full problem 115 rows 159 columns, reduced to 21 rows 29 columns
Cbc0038I Mini branch and bound improved solution from 1.91783e+06 to 1.9178e+06 (0.03 seconds)
Cbc0038I Freeing continuous variables gives a solution of 1.9178e+06
Cbc0038I Round again with cutoff of 1.91777e+06
Cbc0038I Pass  17: suminf.    1.43340 (8) obj. 1.91777e+06 iterations 2
Cbc0038I Pass  18: suminf.    1.43340 (6) obj. 1.91777e+06 iterations 3
Cbc0038I Pass  19: suminf.    0.35544 (2) obj. 1.91777e+06 iterations 10
Cbc0038I Pass  20: suminf.    0.37765 (3) obj. 1.91777e+06 iterations 4
Cbc0038I Pass  21: suminf.    0.37765 (3) obj. 1.91777e+06 iterations 0
Cbc0038I Pass  22: suminf.    0.68010 (2) obj. 1.91777e+06 iterations 5
Cbc0038I Pass  23: suminf.    0.35726 (2) obj. 1.91777e+06 iterations 2
Cbc0038I Pass  24: suminf.    0.35544 (2) obj. 1.91777e+06 iterations 1
Cbc0038I Pass  25: suminf.    0.37765 (3) obj. 1.91777e+06 iterations 3
Cbc0038I Pass  26: suminf.    0.37765 (3) obj. 1.91777e+06 iterations 0
Cbc0038I Pass  27: suminf.    0.68010 (2) obj. 1.91777e+06 iterations 5
Cbc0038I Pass  28: suminf.    0.35726 (2) obj. 1.91777e+06 iterations 2
Cbc0038I Pass  29: suminf.    0.35544 (2) obj. 1.91777e+06 iterations 1
Cbc0038I Pass  30: suminf.    0.37765 (3) obj. 1.91777e+06 iterations 3
Cbc0038I Pass  31: suminf.    0.37765 (3) obj. 1.91777e+06 iterations 0
Cbc0038I Pass  32: suminf.    0.68010 (2) obj. 1.91777e+06 iterations 5
Cbc0038I Pass  33: suminf.    0.35726 (2) obj. 1.91777e+06 iterations 2
Cbc0038I Pass  34: suminf.    0.35544 (2) obj. 1.91777e+06 iterations 1
Cbc0038I Pass  35: suminf.    0.37765 (3) obj. 1.91777e+06 iterations 3
Cbc0038I Pass  36: suminf.    0.37765 (3) obj. 1.91777e+06 iterations 0
Cbc0038I Pass  37: suminf.    0.68010 (2) obj. 1.91777e+06 iterations 5
Cbc0038I Pass  38: suminf.    0.35726 (2) obj. 1.91777e+06 iterations 2
Cbc0038I Pass  39: suminf.    0.35544 (2) obj. 1.91777e+06 iterations 1
Cbc0038I Pass  40: suminf.    0.37765 (3) obj. 1.91777e+06 iterations 3
Cbc0038I Pass  41: suminf.    0.37765 (3) obj. 1.91777e+06 iterations 0
Cbc0038I Pass  42: suminf.    0.68010 (2) obj. 1.91777e+06 iterations 5
Cbc0038I Pass  43: suminf.    0.35726 (2) obj. 1.91777e+06 iterations 2
Cbc0038I Pass  44: suminf.    0.35544 (2) obj. 1.91777e+06 iterations 1
Cbc0038I Pass  45: suminf.    0.37765 (3) obj. 1.91777e+06 iterations 3
Cbc0038I Pass  46: suminf.    0.37765 (3) obj. 1.91777e+06 iterations 0
Cbc0038I No solution found this major pass
Cbc0038I Before mini branch and bound, 13 integers at bound fixed and 79 continuous
Cbc0038I Full problem 115 rows 159 columns, reduced to 22 rows 30 columns
Cbc0038I Mini branch and bound did not improve solution (0.04 seconds)
Cbc0038I After 0.04 seconds - Feasibility pump exiting with objective of 1.9178e+06 - took 0.04 seconds
Cbc0012I Integer solution of 1917803.7 found by feasibility pump after 0 iterations and 0 nodes (0.04 seconds)
Cbc0038I Full problem 115 rows 159 columns, reduced to 76 rows 117 columns
Cbc0031I 12 added rows had average density of 36.5
Cbc0013I At root node, 12 cuts changed objective from 1917679.6 to 1917771 in 100 passes
Cbc0014I Cut generator 0 (Probing) - 0 row cuts average 0.0 elements, 2 column cuts (2 active)  in 0.009 seconds - new frequency is -100
Cbc0014I Cut generator 1 (Gomory) - 360 row cuts average 59.3 elements, 0 column cuts (0 active)  in 0.013 seconds - new frequency is 1
Cbc0014I Cut generator 2 (Knapsack) - 0 row cuts average 0.0 elements, 0 column cuts (0 active)  in 0.015 seconds - new frequency is -100
Cbc0014I Cut generator 3 (Clique) - 0 row cuts average 0.0 elements, 0 column cuts (0 active)  in 0.001 seconds - new frequency is -100
Cbc0014I Cut generator 4 (MixedIntegerRounding2) - 18 row cuts average 4.6 elements, 0 column cuts (0 active)  in 0.008 seconds - new frequency is -100
Cbc0014I Cut generator 5 (FlowCover) - 0 row cuts average 0.0 elements, 0 column cuts (0 active)  in 0.021 seconds - new frequency is -100
Cbc0014I Cut generator 6 (TwoMirCuts) - 30 row cuts average 13.7 elements, 0 column cuts (0 active)  in 0.004 seconds - new frequency is -100
Cbc0010I After 0 nodes, 1 on tree, 1917803.7 best solution, best possible 1917771 (0.19 seconds)
Cbc0001I Search completed - best objective 1917803.691948149, took 1110 iterations and 2 nodes (0.20 seconds)
Cbc0032I Strong branching done 24 times (141 iterations), fathomed 2 nodes and fixed 2 variables
Cbc0035I Maximum depth 0, 0 variables fixed on reduced cost
Cuts at root node changed objective from 1.91768e+06 to 1.91777e+06
Probing was tried 100 times and created 2 cuts of which 0 were active after adding rounds of cuts (0.009 seconds)
Gomory was tried 107 times and created 369 cuts of which 0 were active after adding rounds of cuts (0.015 seconds)
Knapsack was tried 100 times and created 0 cuts of which 0 were active after adding rounds of cuts (0.015 seconds)
Clique was tried 100 times and created 0 cuts of which 0 were active after adding rounds of cuts (0.001 seconds)
MixedIntegerRounding2 was tried 100 times and created 18 cuts of which 0 were active after adding rounds of cuts (0.008 seconds)
FlowCover was tried 100 times and created 0 cuts of which 0 were active after adding rounds of cuts (0.021 seconds)
TwoMirCuts was tried 100 times and created 30 cuts of which 0 were active after adding rounds of cuts (0.004 seconds)
ZeroHalf was tried 1 times and created 0 cuts of which 0 were active after adding rounds of cuts (0.000 seconds)

Result - Optimal solution found

Objective value:                1917803.69194815
Enumerated nodes:               2
Total iterations:               1110
Time (CPU seconds):             0.20
Time (Wallclock seconds):       0.20

Option for printingOptions changed from normal to all
Total time (CPU seconds):       0.23   (Wallclock seconds):       0.23

