Welcome to the CBC MILP Solver 
Version: 2.10.3 
Build Date: Dec 15 2019 

command line - E:\dachuang\.venv\Lib\site-packages\pulp\apis\../solverdir/cbc/win/i64/cbc.exe model.mps -primalTolerance 1e-9 -integerTolerance 1e-9 -ratioGap 0 -allowableGap 0 -threads 0 -branch -printingOptions all -solution solution.txt -saveSolution solution.bin -quit (default strategy 1)
At line 2 NAME          MODEL
At line 3 ROWS
At line 317 COLUMNS
At line 1133 RHS
At line 1446 BOUNDS
At line 1521 ENDATA
Problem MODEL has 312 rows, 241 columns and 647 elements
Coin0008I MODEL read with 0 errors
primalTolerance was changed from 1e-07 to 1e-09
integerTolerance was changed from 1e-07 to 1e-09
ratioGap was changed from 0 to 0
allowableGap was changed from 1e-10 to 0
Continuous objective value is 1.01737e+06 - 0.00 seconds
Cgl0003I 0 fixed, 0 tightened bounds, 2 strengthened rows, 0 substitutions
Cgl0004I processed model has 118 rows, 165 columns (24 integer (24 of which binary)) and 351 elements
Cbc0038I Initial state - 6 integers unsatisfied sum - 1.62014
Cbc0038I Pass   1: suminf.    0.00000 (0) obj. 1.0818e+06 iterations 8
Cbc0038I Solution found of 1.0818e+06
Cbc0038I Relaxing continuous gives 1.02128e+06
Cbc0038I Before mini branch and bound, 18 integers at bound fixed and 101 continuous
Cbc0038I Full problem 118 rows 165 columns, reduced to 4 rows 5 columns
Cbc0038I Mini branch and bound improved solution from 1.02128e+06 to 1.01762e+06 (0.02 seconds)
Cbc0038I Round again with cutoff of 1.0176e+06
Cbc0038I Pass   2: suminf.    0.30729 (2) obj. 1.0176e+06 iterations 3
Cbc0038I Pass   3: suminf.    0.00807 (1) obj. 1.0176e+06 iterations 8
Cbc0038I Pass   4: suminf.    0.10986 (1) obj. 1.0176e+06 iterations 1
Cbc0038I Pass   5: suminf.    0.10986 (1) obj. 1.0176e+06 iterations 6
Cbc0038I Pass   6: suminf.    0.00807 (1) obj. 1.0176e+06 iterations 6
Cbc0038I Pass   7: suminf.    0.10986 (1) obj. 1.0176e+06 iterations 1
Cbc0038I Pass   8: suminf.    0.10986 (1) obj. 1.0176e+06 iterations 7
Cbc0038I Pass   9: suminf.    0.00807 (1) obj. 1.0176e+06 iterations 6
Cbc0038I Pass  10: suminf.    0.10986 (1) obj. 1.0176e+06 iterations 1
Cbc0038I Pass  11: suminf.    0.34986 (2) obj. 1.0176e+06 iterations 7
Cbc0038I Pass  12: suminf.    0.10986 (1) obj. 1.0176e+06 iterations 1
Cbc0038I Pass  13: suminf.    0.00807 (1) obj. 1.0176e+06 iterations 4
Cbc0038I Pass  14: suminf.    0.00807 (1) obj. 1.0176e+06 iterations 5
Cbc0038I Pass  15: suminf.    0.10986 (1) obj. 1.0176e+06 iterations 1
Cbc0038I Pass  16: suminf.    0.00807 (1) obj. 1.0176e+06 iterations 4
Cbc0038I Pass  17: suminf.    0.68994 (4) obj. 1.0176e+06 iterations 13
Cbc0038I Pass  18: suminf.    0.20700 (3) obj. 1.0176e+06 iterations 2
Cbc0038I Pass  19: suminf.    0.00807 (1) obj. 1.0176e+06 iterations 8
Cbc0038I Pass  20: suminf.    0.10986 (1) obj. 1.0176e+06 iterations 1
Cbc0038I Pass  21: suminf.    0.84217 (4) obj. 1.0176e+06 iterations 15
Cbc0038I Pass  22: suminf.    0.12188 (2) obj. 1.0176e+06 iterations 2
Cbc0038I Pass  23: suminf.    0.32168 (1) obj. 1.0176e+06 iterations 4
Cbc0038I Pass  24: suminf.    0.10986 (1) obj. 1.0176e+06 iterations 1
Cbc0038I Pass  25: suminf.    0.10986 (1) obj. 1.0176e+06 iterations 11
Cbc0038I Pass  26: suminf.    0.00807 (1) obj. 1.0176e+06 iterations 5
Cbc0038I Pass  27: suminf.    0.10986 (1) obj. 1.0176e+06 iterations 1
Cbc0038I Pass  28: suminf.    0.10986 (1) obj. 1.0176e+06 iterations 2
Cbc0038I Pass  29: suminf.    0.00807 (1) obj. 1.0176e+06 iterations 4
Cbc0038I Pass  30: suminf.    0.10986 (1) obj. 1.0176e+06 iterations 1
Cbc0038I Pass  31: suminf.    0.10986 (1) obj. 1.0176e+06 iterations 5
Cbc0038I No solution found this major pass
Cbc0038I Before mini branch and bound, 1 integers at bound fixed and 92 continuous
Cbc0038I Full problem 118 rows 165 columns, reduced to 15 rows 19 columns
Cbc0038I Mini branch and bound improved solution from 1.01762e+06 to 1.0176e+06 (0.04 seconds)
Cbc0038I Freeing continuous variables gives a solution of 1.0176e+06
Cbc0038I Round again with cutoff of 1.01755e+06
Cbc0038I Pass  31: suminf.    0.50503 (2) obj. 1.01755e+06 iterations 2
Cbc0038I Pass  32: suminf.    0.22717 (1) obj. 1.01755e+06 iterations 11
Cbc0038I Pass  33: suminf.    0.30760 (1) obj. 1.01755e+06 iterations 1
Cbc0038I Pass  34: suminf.    0.43283 (2) obj. 1.01755e+06 iterations 5
Cbc0038I Pass  35: suminf.    0.22717 (1) obj. 1.01755e+06 iterations 9
Cbc0038I Pass  36: suminf.    0.30760 (1) obj. 1.01755e+06 iterations 1
Cbc0038I Pass  37: suminf.    0.95497 (4) obj. 1.01755e+06 iterations 17
Cbc0038I Pass  38: suminf.    0.37479 (2) obj. 1.01755e+06 iterations 8
Cbc0038I Pass  39: suminf.    0.37479 (2) obj. 1.01755e+06 iterations 0
Cbc0038I Pass  40: suminf.    0.30760 (2) obj. 1.01755e+06 iterations 3
Cbc0038I Pass  41: suminf.    0.30760 (2) obj. 1.01755e+06 iterations 0
Cbc0038I Pass  42: suminf.    1.37761 (6) obj. 1.01755e+06 iterations 11
Cbc0038I Pass  43: suminf.    0.49865 (4) obj. 1.01755e+06 iterations 2
Cbc0038I Pass  44: suminf.    0.45921 (1) obj. 1.01755e+06 iterations 8
Cbc0038I Pass  45: suminf.    0.30760 (1) obj. 1.01755e+06 iterations 2
Cbc0038I Pass  46: suminf.    0.30760 (1) obj. 1.01755e+06 iterations 2
Cbc0038I Pass  47: suminf.    0.45921 (1) obj. 1.01755e+06 iterations 4
Cbc0038I Pass  48: suminf.    0.30760 (1) obj. 1.01755e+06 iterations 1
Cbc0038I Pass  49: suminf.    0.98473 (3) obj. 1.01755e+06 iterations 5
Cbc0038I Pass  50: suminf.    0.45921 (1) obj. 1.01755e+06 iterations 5
Cbc0038I Pass  51: suminf.    0.30760 (1) obj. 1.01755e+06 iterations 1
Cbc0038I Pass  52: suminf.    0.50503 (2) obj. 1.01755e+06 iterations 7
Cbc0038I Pass  53: suminf.    0.22717 (1) obj. 1.01755e+06 iterations 7
Cbc0038I Pass  54: suminf.    0.30760 (1) obj. 1.01755e+06 iterations 1
Cbc0038I Pass  55: suminf.    0.30760 (1) obj. 1.01755e+06 iterations 11
Cbc0038I Pass  56: suminf.    0.45921 (1) obj. 1.01755e+06 iterations 3
Cbc0038I Pass  57: suminf.    0.30760 (1) obj. 1.01755e+06 iterations 1
Cbc0038I Pass  58: suminf.    0.30760 (1) obj. 1.01755e+06 iterations 6
Cbc0038I Pass  59: suminf.    0.22717 (1) obj. 1.01755e+06 iterations 6
Cbc0038I Pass  60: suminf.    0.30760 (1) obj. 1.01755e+06 iterations 1
Cbc0038I No solution found this major pass
Cbc0038I Before mini branch and bound, 2 integers at bound fixed and 92 continuous
Cbc0038I Full problem 118 rows 165 columns, reduced to 15 rows 19 columns
Cbc0038I Mini branch and bound did not improve solution (0.05 seconds)
Cbc0038I After 0.05 seconds - Feasibility pump exiting with objective of 1.0176e+06 - took 0.04 seconds
Cbc0012I Integer solution of 1017598.3 found by feasibility pump after 0 iterations and 0 nodes (0.05 seconds)
Cbc0038I Full problem 118 rows 165 columns, reduced to 69 rows 116 columns
Cbc0031I 8 added rows had average density of 9.75
Cbc0013I At root node, 15 cuts changed objective from 1017367.1 to 1017598.3 in 5 passes
Cbc0014I Cut generator 0 (Probing) - 3 row cuts average 2.0 elements, 0 column cuts (0 active)  in 0.002 seconds - new frequency is 1
Cbc0014I Cut generator 1 (Gomory) - 14 row cuts average 14.5 elements, 0 column cuts (0 active)  in 0.000 seconds - new frequency is 1
Cbc0014I Cut generator 2 (Knapsack) - 0 row cuts average 0.0 elements, 0 column cuts (0 active)  in 0.001 seconds - new frequency is -100
Cbc0014I Cut generator 3 (Clique) - 0 row cuts average 0.0 elements, 0 column cuts (0 active)  in 0.000 seconds - new frequency is -100
Cbc0014I Cut generator 4 (MixedIntegerRounding2) - 3 row cuts average 5.0 elements, 0 column cuts (0 active)  in 0.000 seconds - new frequency is 1
Cbc0014I Cut generator 5 (FlowCover) - 0 row cuts average 0.0 elements, 0 column cuts (0 active)  in 0.000 seconds - new frequency is -100
Cbc0014I Cut generator 6 (TwoMirCuts) - 14 row cuts average 11.1 elements, 0 column cuts (0 active)  in 0.001 seconds - new frequency is -100
Cbc0001I Search completed - best objective 1017598.284648248, took 30 iterations and 0 nodes (0.07 seconds)
Cbc0035I Maximum depth 0, 0 variables fixed on reduced cost
Cuts at root node changed objective from 1.01737e+06 to 1.0176e+06
Probing was tried 5 times and created 3 cuts of which 0 were active after adding rounds of cuts (0.002 seconds)
Gomory was tried 5 times and created 14 cuts of which 0 were active after adding rounds of cuts (0.000 seconds)
Knapsack was tried 5 times and created 0 cuts of which 0 were active after adding rounds of cuts (0.001 seconds)
Clique was tried 5 times and created 0 cuts of which 0 were active after adding rounds of cuts (0.000 seconds)
MixedIntegerRounding2 was tried 5 times and created 3 cuts of which 0 were active after adding rounds of cuts (0.000 seconds)
FlowCover was tried 5 times and created 0 cuts of which 0 were active after adding rounds of cuts (0.000 seconds)
TwoMirCuts was tried 5 times and created 14 cuts of which 0 were active after adding rounds of cuts (0.001 seconds)
ZeroHalf was tried 1 times and created 0 cuts of which 0 were active after adding rounds of cuts (0.000 seconds)

Result - Optimal solution found

Objective value:                1017598.28464825
Enumerated nodes:               0
Total iterations:               30
Time (CPU seconds):             0.07
Time (Wallclock seconds):       0.07

Option for printingOptions changed from normal to all
Total time (CPU seconds):       0.09   (Wallclock seconds):       0.09

