Welcome to the CBC MILP Solver 
Version: 2.10.3 
Build Date: Dec 15 2019 

command line - E:\dachuang\.venv\Lib\site-packages\pulp\apis\../solverdir/cbc/win/i64/cbc.exe model.mps -primalTolerance 1e-9 -integerTolerance 1e-9 -ratioGap 0 -allowableGap 0 -threads 0 -branch -printingOptions all -solution solution.txt -saveSolution solution.bin -quit (default strategy 1)
At line 2 NAME          MODEL
At line 3 ROWS
At line 317 COLUMNS
At line 1133 RHS
At line 1446 BOUNDS
At line 1521 ENDATA
Problem MODEL has 312 rows, 241 columns and 647 elements
Coin0008I MODEL read with 0 errors
primalTolerance was changed from 1e-07 to 1e-09
integerTolerance was changed from 1e-07 to 1e-09
ratioGap was changed from 0 to 0
allowableGap was changed from 1e-10 to 0
Continuous objective value is 1.9531e+06 - 0.00 seconds
Cgl0003I 0 fixed, 0 tightened bounds, 2 strengthened rows, 0 substitutions
Cgl0004I processed model has 115 rows, 159 columns (24 integer (24 of which binary)) and 336 elements
Cbc0038I Initial state - 5 integers unsatisfied sum - 1.37782
Cbc0038I Pass   1: suminf.    0.00000 (0) obj. 1.96384e+06 iterations 9
Cbc0038I Solution found of 1.96384e+06
Cbc0038I Relaxing continuous gives 1.95532e+06
Cbc0038I Before mini branch and bound, 19 integers at bound fixed and 90 continuous
Cbc0038I Full problem 115 rows 159 columns, reduced to 8 rows 10 columns
Cbc0038I Mini branch and bound improved solution from 1.95532e+06 to 1.95335e+06 (0.01 seconds)
Cbc0038I Freeing continuous variables gives a solution of 1.95335e+06
Cbc0038I Round again with cutoff of 1.95333e+06
Cbc0038I Pass   2: suminf.    0.38912 (2) obj. 1.95333e+06 iterations 15
Cbc0038I Pass   3: suminf.    0.00000 (0) obj. 1.95333e+06 iterations 7
Cbc0038I Solution found of 1.95333e+06
Cbc0038I Relaxing continuous gives 1.95319e+06
Cbc0038I Before mini branch and bound, 18 integers at bound fixed and 87 continuous
Cbc0038I Full problem 115 rows 159 columns, reduced to 11 rows 14 columns
Cbc0038I Mini branch and bound improved solution from 1.95319e+06 to 1.95317e+06 (0.01 seconds)
Cbc0038I Freeing continuous variables gives a solution of 1.95317e+06
Cbc0038I Round again with cutoff of 1.95315e+06
Cbc0038I Pass   4: suminf.    0.46033 (3) obj. 1.95315e+06 iterations 3
Cbc0038I Pass   5: suminf.    0.44415 (3) obj. 1.95315e+06 iterations 3
Cbc0038I Pass   6: suminf.    0.86528 (3) obj. 1.95315e+06 iterations 5
Cbc0038I Pass   7: suminf.    0.86528 (3) obj. 1.95315e+06 iterations 0
Cbc0038I Pass   8: suminf.    0.87028 (3) obj. 1.95315e+06 iterations 4
Cbc0038I Pass   9: suminf.    1.55408 (5) obj. 1.95315e+06 iterations 5
Cbc0038I Pass  10: suminf.    1.14955 (4) obj. 1.95315e+06 iterations 1
Cbc0038I Pass  11: suminf.    0.86528 (3) obj. 1.95315e+06 iterations 8
Cbc0038I Pass  12: suminf.    0.87028 (3) obj. 1.95315e+06 iterations 4
Cbc0038I Pass  13: suminf.    0.97139 (4) obj. 1.95315e+06 iterations 9
Cbc0038I Pass  14: suminf.    0.86528 (3) obj. 1.95315e+06 iterations 7
Cbc0038I Pass  15: suminf.    0.87028 (3) obj. 1.95315e+06 iterations 4
Cbc0038I Pass  16: suminf.    1.11028 (4) obj. 1.95315e+06 iterations 8
Cbc0038I Pass  17: suminf.    0.87028 (3) obj. 1.95315e+06 iterations 1
Cbc0038I Pass  18: suminf.    0.86528 (3) obj. 1.95315e+06 iterations 6
Cbc0038I Pass  19: suminf.    1.11731 (5) obj. 1.95315e+06 iterations 8
Cbc0038I Pass  20: suminf.    0.87028 (3) obj. 1.95315e+06 iterations 6
Cbc0038I Pass  21: suminf.    0.86528 (3) obj. 1.95315e+06 iterations 6
Cbc0038I Pass  22: suminf.    0.97371 (5) obj. 1.95315e+06 iterations 16
Cbc0038I Pass  23: suminf.    0.30070 (3) obj. 1.95315e+06 iterations 3
Cbc0038I Pass  24: suminf.    0.24591 (1) obj. 1.95315e+06 iterations 6
Cbc0038I Pass  25: suminf.    0.06307 (2) obj. 1.95315e+06 iterations 2
Cbc0038I Pass  26: suminf.    0.89870 (5) obj. 1.95315e+06 iterations 11
Cbc0038I Pass  27: suminf.    0.30070 (3) obj. 1.95315e+06 iterations 2
Cbc0038I Pass  28: suminf.    0.24591 (1) obj. 1.95315e+06 iterations 6
Cbc0038I Pass  29: suminf.    0.06307 (2) obj. 1.95315e+06 iterations 2
Cbc0038I Pass  30: suminf.    0.21399 (3) obj. 1.95315e+06 iterations 9
Cbc0038I Pass  31: suminf.    0.24591 (1) obj. 1.95315e+06 iterations 6
Cbc0038I Pass  32: suminf.    0.06307 (2) obj. 1.95315e+06 iterations 2
Cbc0038I Pass  33: suminf.    0.06307 (2) obj. 1.95315e+06 iterations 2
Cbc0038I No solution found this major pass
Cbc0038I Before mini branch and bound, 0 integers at bound fixed and 72 continuous
Cbc0038I Full problem 115 rows 159 columns, reduced to 15 rows 19 columns
Cbc0038I Mini branch and bound did not improve solution (0.03 seconds)
Cbc0038I After 0.03 seconds - Feasibility pump exiting with objective of 1.95317e+06 - took 0.02 seconds
Cbc0012I Integer solution of 1953169.4 found by feasibility pump after 0 iterations and 0 nodes (0.03 seconds)
Cbc0038I Full problem 115 rows 159 columns, reduced to 65 rows 106 columns
Cbc0031I 6 added rows had average density of 7.8333333
Cbc0013I At root node, 13 cuts changed objective from 1953096.2 to 1953169.4 in 6 passes
Cbc0014I Cut generator 0 (Probing) - 1 row cuts average 2.0 elements, 2 column cuts (2 active)  in 0.002 seconds - new frequency is 1
Cbc0014I Cut generator 1 (Gomory) - 14 row cuts average 12.6 elements, 0 column cuts (0 active)  in 0.001 seconds - new frequency is 1
Cbc0014I Cut generator 2 (Knapsack) - 0 row cuts average 0.0 elements, 0 column cuts (0 active)  in 0.002 seconds - new frequency is -100
Cbc0014I Cut generator 3 (Clique) - 0 row cuts average 0.0 elements, 0 column cuts (0 active)  in 0.000 seconds - new frequency is -100
Cbc0014I Cut generator 4 (MixedIntegerRounding2) - 2 row cuts average 4.5 elements, 0 column cuts (0 active)  in 0.000 seconds - new frequency is 1
Cbc0014I Cut generator 5 (FlowCover) - 0 row cuts average 0.0 elements, 0 column cuts (0 active)  in 0.000 seconds - new frequency is -100
Cbc0014I Cut generator 6 (TwoMirCuts) - 14 row cuts average 9.1 elements, 0 column cuts (0 active)  in 0.000 seconds - new frequency is -100
Cbc0001I Search completed - best objective 1953169.441558413, took 36 iterations and 0 nodes (0.04 seconds)
Cbc0035I Maximum depth 0, 0 variables fixed on reduced cost
Cuts at root node changed objective from 1.9531e+06 to 1.95317e+06
Probing was tried 6 times and created 3 cuts of which 0 were active after adding rounds of cuts (0.002 seconds)
Gomory was tried 6 times and created 14 cuts of which 0 were active after adding rounds of cuts (0.001 seconds)
Knapsack was tried 6 times and created 0 cuts of which 0 were active after adding rounds of cuts (0.002 seconds)
Clique was tried 6 times and created 0 cuts of which 0 were active after adding rounds of cuts (0.000 seconds)
MixedIntegerRounding2 was tried 6 times and created 2 cuts of which 0 were active after adding rounds of cuts (0.000 seconds)
FlowCover was tried 6 times and created 0 cuts of which 0 were active after adding rounds of cuts (0.000 seconds)
TwoMirCuts was tried 6 times and created 14 cuts of which 0 were active after adding rounds of cuts (0.000 seconds)
ZeroHalf was tried 1 times and created 0 cuts of which 0 were active after adding rounds of cuts (0.000 seconds)

Result - Optimal solution found

Objective value:                1953169.44155841
Enumerated nodes:               0
Total iterations:               36
Time (CPU seconds):             0.04
Time (Wallclock seconds):       0.04

Option for printingOptions changed from normal to all
Total time (CPU seconds):       0.07   (Wallclock seconds):       0.07

