Welcome to the CBC MILP Solver 
Version: 2.10.3 
Build Date: Dec 15 2019 

command line - E:\dachuang\.venv\Lib\site-packages\pulp\apis\../solverdir/cbc/win/i64/cbc.exe model.mps -primalTolerance 1e-9 -integerTolerance 1e-9 -ratioGap 0 -allowableGap 0 -threads 0 -branch -printingOptions all -solution solution.txt -saveSolution solution.bin -quit (default strategy 1)
At line 2 NAME          MODEL
At line 3 ROWS
At line 317 COLUMNS
At line 1133 RHS
At line 1446 BOUNDS
At line 1521 ENDATA
Problem MODEL has 312 rows, 241 columns and 647 elements
Coin0008I MODEL read with 0 errors
primalTolerance was changed from 1e-07 to 1e-09
integerTolerance was changed from 1e-07 to 1e-09
ratioGap was changed from 0 to 0
allowableGap was changed from 1e-10 to 0
Continuous objective value is 1.25533e+06 - 0.00 seconds
Cgl0003I 0 fixed, 0 tightened bounds, 2 strengthened rows, 0 substitutions
Cgl0004I processed model has 117 rows, 163 columns (24 integer (24 of which binary)) and 346 elements
Cbc0038I Initial state - 4 integers unsatisfied sum - 1.09855
Cbc0038I Pass   1: suminf.    0.00000 (0) obj. 1.25559e+06 iterations 6
Cbc0038I Solution found of 1.25559e+06
Cbc0038I Relaxing continuous gives 1.25559e+06
Cbc0038I Before mini branch and bound, 20 integers at bound fixed and 103 continuous
Cbc0038I Full problem 117 rows 163 columns, reduced to 2 rows 2 columns
Cbc0038I Mini branch and bound did not improve solution (0.01 seconds)
Cbc0038I Freeing continuous variables gives a solution of 1.25559e+06
Cbc0038I Round again with cutoff of 1.25556e+06
Cbc0038I Pass   2: suminf.    0.10986 (1) obj. 1.25556e+06 iterations 2
Cbc0038I Pass   3: suminf.    0.01378 (1) obj. 1.25556e+06 iterations 13
Cbc0038I Pass   4: suminf.    0.42742 (1) obj. 1.25556e+06 iterations 5
Cbc0038I Pass   5: suminf.    0.10986 (1) obj. 1.25556e+06 iterations 2
Cbc0038I Pass   6: suminf.    0.42742 (1) obj. 1.25556e+06 iterations 10
Cbc0038I Pass   7: suminf.    0.88652 (2) obj. 1.25556e+06 iterations 8
Cbc0038I Pass   8: suminf.    0.42742 (1) obj. 1.25556e+06 iterations 1
Cbc0038I Pass   9: suminf.    0.10986 (1) obj. 1.25556e+06 iterations 1
Cbc0038I Pass  10: suminf.    1.49359 (7) obj. 1.25556e+06 iterations 16
Cbc0038I Pass  11: suminf.    1.04241 (5) obj. 1.25556e+06 iterations 2
Cbc0038I Pass  12: suminf.    0.59421 (2) obj. 1.25556e+06 iterations 10
Cbc0038I Pass  13: suminf.    0.59421 (2) obj. 1.25556e+06 iterations 0
Cbc0038I Pass  14: suminf.    0.11104 (1) obj. 1.25556e+06 iterations 6
Cbc0038I Pass  15: suminf.    0.09088 (1) obj. 1.25556e+06 iterations 3
Cbc0038I Pass  16: suminf.    0.09088 (1) obj. 1.25556e+06 iterations 6
Cbc0038I Pass  17: suminf.    0.11104 (1) obj. 1.25556e+06 iterations 1
Cbc0038I Pass  18: suminf.    0.09088 (1) obj. 1.25556e+06 iterations 1
Cbc0038I Pass  19: suminf.    0.71718 (3) obj. 1.25556e+06 iterations 18
Cbc0038I Pass  20: suminf.    0.30359 (2) obj. 1.25556e+06 iterations 1
Cbc0038I Pass  21: suminf.    0.42742 (1) obj. 1.25556e+06 iterations 2
Cbc0038I Pass  22: suminf.    0.10986 (1) obj. 1.25556e+06 iterations 1
Cbc0038I Pass  23: suminf.    1.02921 (5) obj. 1.25556e+06 iterations 13
Cbc0038I Pass  24: suminf.    0.61562 (4) obj. 1.25556e+06 iterations 1
Cbc0038I Pass  25: suminf.    0.42742 (1) obj. 1.25556e+06 iterations 8
Cbc0038I Pass  26: suminf.    0.10986 (1) obj. 1.25556e+06 iterations 1
Cbc0038I Pass  27: suminf.    0.13268 (2) obj. 1.25556e+06 iterations 15
Cbc0038I Pass  28: suminf.    0.42742 (1) obj. 1.25556e+06 iterations 6
Cbc0038I Pass  29: suminf.    0.10986 (1) obj. 1.25556e+06 iterations 1
Cbc0038I Pass  30: suminf.    0.10986 (1) obj. 1.25556e+06 iterations 2
Cbc0038I Pass  31: suminf.    0.42742 (1) obj. 1.25556e+06 iterations 4
Cbc0038I No solution found this major pass
Cbc0038I Before mini branch and bound, 1 integers at bound fixed and 89 continuous
Cbc0038I Full problem 117 rows 163 columns, reduced to 15 rows 19 columns
Cbc0038I Mini branch and bound improved solution from 1.25559e+06 to 1.25556e+06 (0.02 seconds)
Cbc0038I Freeing continuous variables gives a solution of 1.25556e+06
Cbc0038I Round again with cutoff of 1.25552e+06
Cbc0038I Pass  31: suminf.    0.30760 (1) obj. 1.25552e+06 iterations 0
Cbc0038I Pass  32: suminf.    0.23289 (1) obj. 1.25552e+06 iterations 13
Cbc0038I Pass  33: suminf.    0.59905 (3) obj. 1.25552e+06 iterations 8
Cbc0038I Pass  34: suminf.    0.59680 (3) obj. 1.25552e+06 iterations 1
Cbc0038I Pass  35: suminf.    0.35178 (2) obj. 1.25552e+06 iterations 5
Cbc0038I Pass  36: suminf.    0.35178 (2) obj. 1.25552e+06 iterations 0
Cbc0038I Pass  37: suminf.    0.35348 (1) obj. 1.25552e+06 iterations 6
Cbc0038I Pass  38: suminf.    0.30760 (1) obj. 1.25552e+06 iterations 2
Cbc0038I Pass  39: suminf.    0.30760 (1) obj. 1.25552e+06 iterations 8
Cbc0038I Pass  40: suminf.    0.35348 (1) obj. 1.25552e+06 iterations 9
Cbc0038I Pass  41: suminf.    0.30760 (1) obj. 1.25552e+06 iterations 1
Cbc0038I Pass  42: suminf.    0.30760 (1) obj. 1.25552e+06 iterations 7
Cbc0038I Pass  43: suminf.    0.35348 (1) obj. 1.25552e+06 iterations 9
Cbc0038I Pass  44: suminf.    0.30760 (1) obj. 1.25552e+06 iterations 1
Cbc0038I Pass  45: suminf.    0.64527 (4) obj. 1.25552e+06 iterations 13
Cbc0038I Pass  46: suminf.    0.30984 (2) obj. 1.25552e+06 iterations 9
Cbc0038I Pass  47: suminf.    0.30760 (2) obj. 1.25552e+06 iterations 1
Cbc0038I Pass  48: suminf.    0.35178 (2) obj. 1.25552e+06 iterations 4
Cbc0038I Pass  49: suminf.    0.35178 (2) obj. 1.25552e+06 iterations 0
Cbc0038I Pass  50: suminf.    0.35348 (1) obj. 1.25552e+06 iterations 6
Cbc0038I Pass  51: suminf.    0.30760 (1) obj. 1.25552e+06 iterations 2
Cbc0038I Pass  52: suminf.    1.34275 (5) obj. 1.25552e+06 iterations 8
Cbc0038I Pass  53: suminf.    0.89157 (3) obj. 1.25552e+06 iterations 2
Cbc0038I Pass  54: suminf.    0.35348 (1) obj. 1.25552e+06 iterations 7
Cbc0038I Pass  55: suminf.    0.30760 (1) obj. 1.25552e+06 iterations 1
Cbc0038I Pass  56: suminf.    0.64289 (2) obj. 1.25552e+06 iterations 6
Cbc0038I Pass  57: suminf.    0.64289 (2) obj. 1.25552e+06 iterations 1
Cbc0038I Pass  58: suminf.    0.23289 (1) obj. 1.25552e+06 iterations 7
Cbc0038I Pass  59: suminf.    0.30760 (1) obj. 1.25552e+06 iterations 1
Cbc0038I Pass  60: suminf.    0.30760 (2) obj. 1.25552e+06 iterations 18
Cbc0038I No solution found this major pass
Cbc0038I Before mini branch and bound, 3 integers at bound fixed and 89 continuous
Cbc0038I Full problem 117 rows 163 columns, reduced to 15 rows 19 columns
Cbc0038I Mini branch and bound did not improve solution (0.03 seconds)
Cbc0038I After 0.03 seconds - Feasibility pump exiting with objective of 1.25556e+06 - took 0.03 seconds
Cbc0012I Integer solution of 1255564.8 found by feasibility pump after 0 iterations and 0 nodes (0.03 seconds)
Cbc0038I Full problem 117 rows 163 columns, reduced to 65 rows 110 columns
Cbc0031I 6 added rows had average density of 11.166667
Cbc0013I At root node, 12 cuts changed objective from 1255332.4 to 1255564.8 in 5 passes
Cbc0014I Cut generator 0 (Probing) - 3 row cuts average 2.0 elements, 0 column cuts (0 active)  in 0.000 seconds - new frequency is 1
Cbc0014I Cut generator 1 (Gomory) - 12 row cuts average 15.1 elements, 0 column cuts (0 active)  in 0.001 seconds - new frequency is 1
Cbc0014I Cut generator 2 (Knapsack) - 0 row cuts average 0.0 elements, 0 column cuts (0 active)  in 0.000 seconds - new frequency is -100
Cbc0014I Cut generator 3 (Clique) - 0 row cuts average 0.0 elements, 0 column cuts (0 active)  in 0.000 seconds - new frequency is -100
Cbc0014I Cut generator 4 (MixedIntegerRounding2) - 3 row cuts average 5.0 elements, 0 column cuts (0 active)  in 0.000 seconds - new frequency is 1
Cbc0014I Cut generator 5 (FlowCover) - 0 row cuts average 0.0 elements, 0 column cuts (0 active)  in 0.000 seconds - new frequency is -100
Cbc0014I Cut generator 6 (TwoMirCuts) - 12 row cuts average 12.2 elements, 0 column cuts (0 active)  in 0.001 seconds - new frequency is -100
Cbc0001I Search completed - best objective 1255564.769544022, took 26 iterations and 0 nodes (0.04 seconds)
Cbc0035I Maximum depth 0, 0 variables fixed on reduced cost
Cuts at root node changed objective from 1.25533e+06 to 1.25556e+06
Probing was tried 5 times and created 3 cuts of which 0 were active after adding rounds of cuts (0.000 seconds)
Gomory was tried 5 times and created 12 cuts of which 0 were active after adding rounds of cuts (0.001 seconds)
Knapsack was tried 5 times and created 0 cuts of which 0 were active after adding rounds of cuts (0.000 seconds)
Clique was tried 5 times and created 0 cuts of which 0 were active after adding rounds of cuts (0.000 seconds)
MixedIntegerRounding2 was tried 5 times and created 3 cuts of which 0 were active after adding rounds of cuts (0.000 seconds)
FlowCover was tried 5 times and created 0 cuts of which 0 were active after adding rounds of cuts (0.000 seconds)
TwoMirCuts was tried 5 times and created 12 cuts of which 0 were active after adding rounds of cuts (0.001 seconds)
ZeroHalf was tried 1 times and created 0 cuts of which 0 were active after adding rounds of cuts (0.000 seconds)

Result - Optimal solution found

Objective value:                1255564.76954402
Enumerated nodes:               0
Total iterations:               26
Time (CPU seconds):             0.05
Time (Wallclock seconds):       0.05

Option for printingOptions changed from normal to all
Total time (CPU seconds):       0.07   (Wallclock seconds):       0.07

