Welcome to the CBC MILP Solver 
Version: 2.10.3 
Build Date: Dec 15 2019 

command line - E:\dachuang\.venv\Lib\site-packages\pulp\apis\../solverdir/cbc/win/i64/cbc.exe model.mps -primalTolerance 1e-9 -integerTolerance 1e-9 -ratioGap 0 -allowableGap 0 -threads 0 -branch -printingOptions all -solution solution.txt -saveSolution solution.bin -quit (default strategy 1)
At line 2 NAME          MODEL
At line 3 ROWS
At line 317 COLUMNS
At line 1133 RHS
At line 1446 BOUNDS
At line 1521 ENDATA
Problem MODEL has 312 rows, 241 columns and 647 elements
Coin0008I MODEL read with 0 errors
primalTolerance was changed from 1e-07 to 1e-09
integerTolerance was changed from 1e-07 to 1e-09
ratioGap was changed from 0 to 0
allowableGap was changed from 1e-10 to 0
Continuous objective value is 2.84197e+06 - 0.00 seconds
Cgl0003I 0 fixed, 0 tightened bounds, 2 strengthened rows, 0 substitutions
Cgl0004I processed model has 114 rows, 157 columns (24 integer (24 of which binary)) and 331 elements
Cbc0038I Initial state - 6 integers unsatisfied sum - 2.04731
Cbc0038I Pass   1: suminf.    0.00000 (0) obj. 2.84245e+06 iterations 11
Cbc0038I Solution found of 2.84245e+06
Cbc0038I Relaxing continuous gives 2.84245e+06
Cbc0038I Before mini branch and bound, 18 integers at bound fixed and 94 continuous
Cbc0038I Full problem 114 rows 157 columns, reduced to 8 rows 9 columns
Cbc0038I Mini branch and bound did not improve solution (0.01 seconds)
Cbc0038I Round again with cutoff of 2.8424e+06
Cbc0038I Pass   2: suminf.    0.20473 (1) obj. 2.8424e+06 iterations 1
Cbc0038I Pass   3: suminf.    0.05577 (1) obj. 2.8424e+06 iterations 10
Cbc0038I Pass   4: suminf.    0.00000 (0) obj. 2.8424e+06 iterations 2
Cbc0038I Solution found of 2.8424e+06
Cbc0038I Relaxing continuous gives 2.84234e+06
Cbc0038I Before mini branch and bound, 18 integers at bound fixed and 91 continuous
Cbc0038I Full problem 114 rows 157 columns, reduced to 15 rows 19 columns
Cbc0038I Mini branch and bound improved solution from 2.84234e+06 to 2.84226e+06 (0.01 seconds)
Cbc0038I Round again with cutoff of 2.8422e+06
Cbc0038I Pass   5: suminf.    0.94617 (2) obj. 2.8422e+06 iterations 7
Cbc0038I Pass   6: suminf.    0.63472 (3) obj. 2.8422e+06 iterations 3
Cbc0038I Pass   7: suminf.    0.36528 (1) obj. 2.8422e+06 iterations 4
Cbc0038I Pass   8: suminf.    0.27584 (1) obj. 2.8422e+06 iterations 1
Cbc0038I Pass   9: suminf.    0.81505 (3) obj. 2.8422e+06 iterations 8
Cbc0038I Pass  10: suminf.    0.62500 (4) obj. 2.8422e+06 iterations 6
Cbc0038I Pass  11: suminf.    0.62500 (4) obj. 2.8422e+06 iterations 0
Cbc0038I Pass  12: suminf.    1.05152 (4) obj. 2.8422e+06 iterations 5
Cbc0038I Pass  13: suminf.    1.05152 (3) obj. 2.8422e+06 iterations 1
Cbc0038I Pass  14: suminf.    1.09768 (3) obj. 2.8422e+06 iterations 10
Cbc0038I Pass  15: suminf.    1.09768 (3) obj. 2.8422e+06 iterations 2
Cbc0038I Pass  16: suminf.    1.05152 (3) obj. 2.8422e+06 iterations 6
Cbc0038I Pass  17: suminf.    1.09768 (3) obj. 2.8422e+06 iterations 12
Cbc0038I Pass  18: suminf.    1.09768 (3) obj. 2.8422e+06 iterations 2
Cbc0038I Pass  19: suminf.    1.05152 (3) obj. 2.8422e+06 iterations 6
Cbc0038I Pass  20: suminf.    1.05152 (3) obj. 2.8422e+06 iterations 2
Cbc0038I Pass  21: suminf.    1.09768 (3) obj. 2.8422e+06 iterations 15
Cbc0038I Pass  22: suminf.    1.51150 (4) obj. 2.8422e+06 iterations 5
Cbc0038I Pass  23: suminf.    1.51150 (4) obj. 2.8422e+06 iterations 2
Cbc0038I Pass  24: suminf.    1.09768 (3) obj. 2.8422e+06 iterations 11
Cbc0038I Pass  25: suminf.    1.09768 (3) obj. 2.8422e+06 iterations 2
Cbc0038I Pass  26: suminf.    1.05152 (3) obj. 2.8422e+06 iterations 4
Cbc0038I Pass  27: suminf.    1.05152 (3) obj. 2.8422e+06 iterations 2
Cbc0038I Pass  28: suminf.    1.87908 (6) obj. 2.8422e+06 iterations 15
Cbc0038I Pass  29: suminf.    1.22307 (5) obj. 2.8422e+06 iterations 4
Cbc0038I Pass  30: suminf.    1.05152 (3) obj. 2.8422e+06 iterations 7
Cbc0038I Pass  31: suminf.    1.05152 (3) obj. 2.8422e+06 iterations 1
Cbc0038I Pass  32: suminf.    1.09768 (3) obj. 2.8422e+06 iterations 13
Cbc0038I Pass  33: suminf.    1.09768 (3) obj. 2.8422e+06 iterations 2
Cbc0038I Pass  34: suminf.    1.05152 (3) obj. 2.8422e+06 iterations 6
Cbc0038I No solution found this major pass
Cbc0038I Before mini branch and bound, 7 integers at bound fixed and 85 continuous
Cbc0038I Full problem 114 rows 157 columns, reduced to 22 rows 28 columns
Cbc0038I Mini branch and bound did not improve solution (0.03 seconds)
Cbc0038I After 0.03 seconds - Feasibility pump exiting with objective of 2.84226e+06 - took 0.02 seconds
Cbc0012I Integer solution of 2842261 found by feasibility pump after 0 iterations and 0 nodes (0.03 seconds)
Cbc0038I Full problem 114 rows 157 columns, reduced to 62 rows 101 columns
Cbc0031I 10 added rows had average density of 15.3
Cbc0013I At root node, 10 cuts changed objective from 2841972.1 to 2842261 in 13 passes
Cbc0014I Cut generator 0 (Probing) - 2 row cuts average 2.0 elements, 1 column cuts (1 active)  in 0.000 seconds - new frequency is 1
Cbc0014I Cut generator 1 (Gomory) - 34 row cuts average 25.6 elements, 0 column cuts (0 active)  in 0.001 seconds - new frequency is 1
Cbc0014I Cut generator 2 (Knapsack) - 0 row cuts average 0.0 elements, 0 column cuts (0 active)  in 0.004 seconds - new frequency is -100
Cbc0014I Cut generator 3 (Clique) - 0 row cuts average 0.0 elements, 0 column cuts (0 active)  in 0.002 seconds - new frequency is -100
Cbc0014I Cut generator 4 (MixedIntegerRounding2) - 2 row cuts average 5.0 elements, 0 column cuts (0 active)  in 0.000 seconds - new frequency is -100
Cbc0014I Cut generator 5 (FlowCover) - 0 row cuts average 0.0 elements, 0 column cuts (0 active)  in 0.001 seconds - new frequency is -100
Cbc0014I Cut generator 6 (TwoMirCuts) - 22 row cuts average 16.1 elements, 0 column cuts (0 active)  in 0.001 seconds - new frequency is -100
Cbc0001I Search completed - best objective 2842261.023237458, took 70 iterations and 0 nodes (0.05 seconds)
Cbc0032I Strong branching done 4 times (16 iterations), fathomed 1 nodes and fixed 0 variables
Cbc0035I Maximum depth 0, 0 variables fixed on reduced cost
Cuts at root node changed objective from 2.84197e+06 to 2.84226e+06
Probing was tried 13 times and created 3 cuts of which 0 were active after adding rounds of cuts (0.000 seconds)
Gomory was tried 13 times and created 34 cuts of which 0 were active after adding rounds of cuts (0.001 seconds)
Knapsack was tried 13 times and created 0 cuts of which 0 were active after adding rounds of cuts (0.004 seconds)
Clique was tried 13 times and created 0 cuts of which 0 were active after adding rounds of cuts (0.002 seconds)
MixedIntegerRounding2 was tried 13 times and created 2 cuts of which 0 were active after adding rounds of cuts (0.000 seconds)
FlowCover was tried 13 times and created 0 cuts of which 0 were active after adding rounds of cuts (0.001 seconds)
TwoMirCuts was tried 13 times and created 22 cuts of which 0 were active after adding rounds of cuts (0.001 seconds)
ZeroHalf was tried 1 times and created 0 cuts of which 0 were active after adding rounds of cuts (0.000 seconds)

Result - Optimal solution found

Objective value:                2842261.02323746
Enumerated nodes:               0
Total iterations:               70
Time (CPU seconds):             0.05
Time (Wallclock seconds):       0.05

Option for printingOptions changed from normal to all
Total time (CPU seconds):       0.08   (Wallclock seconds):       0.08

