Welcome to the CBC MILP Solver 
Version: 2.10.3 
Build Date: Dec 15 2019 

command line - E:\dachuang\.venv\Lib\site-packages\pulp\apis\../solverdir/cbc/win/i64/cbc.exe model.mps -primalTolerance 1e-9 -integerTolerance 1e-9 -ratioGap 0 -allowableGap 0 -threads 0 -branch -printingOptions all -solution solution.txt -saveSolution solution.bin -quit (default strategy 1)
At line 2 NAME          MODEL
At line 3 ROWS
At line 317 COLUMNS
At line 1133 RHS
At line 1446 BOUNDS
At line 1521 ENDATA
Problem MODEL has 312 rows, 241 columns and 647 elements
Coin0008I MODEL read with 0 errors
primalTolerance was changed from 1e-07 to 1e-09
integerTolerance was changed from 1e-07 to 1e-09
ratioGap was changed from 0 to 0
allowableGap was changed from 1e-10 to 0
Continuous objective value is 2.77173e+06 - 0.00 seconds
Cgl0003I 0 fixed, 0 tightened bounds, 2 strengthened rows, 0 substitutions
Cgl0004I processed model has 114 rows, 157 columns (24 integer (24 of which binary)) and 331 elements
Cbc0038I Initial state - 8 integers unsatisfied sum - 3.346
Cbc0038I Pass   1: suminf.    0.00000 (0) obj. 2.88991e+06 iterations 14
Cbc0038I Solution found of 2.88991e+06
Cbc0038I Relaxing continuous gives 2.79017e+06
Cbc0038I Before mini branch and bound, 16 integers at bound fixed and 91 continuous
Cbc0038I Full problem 114 rows 157 columns, reduced to 15 rows 18 columns
Cbc0038I Mini branch and bound improved solution from 2.79017e+06 to 2.77232e+06 (0.01 seconds)
Cbc0038I Round again with cutoff of 2.77226e+06
Cbc0038I Pass   2: suminf.    0.61394 (2) obj. 2.77226e+06 iterations 19
Cbc0038I Pass   3: suminf.    0.00000 (0) obj. 2.77226e+06 iterations 11
Cbc0038I Solution found of 2.77226e+06
Cbc0038I Relaxing continuous gives 2.77222e+06
Cbc0038I Before mini branch and bound, 16 integers at bound fixed and 87 continuous
Cbc0038I Full problem 114 rows 157 columns, reduced to 20 rows 27 columns
Cbc0038I Mini branch and bound improved solution from 2.77222e+06 to 2.77199e+06 (0.02 seconds)
Cbc0038I Round again with cutoff of 2.77194e+06
Cbc0038I Pass   4: suminf.    0.72221 (3) obj. 2.77194e+06 iterations 4
Cbc0038I Pass   5: suminf.    0.67980 (2) obj. 2.77194e+06 iterations 11
Cbc0038I Pass   6: suminf.    0.33620 (2) obj. 2.77194e+06 iterations 7
Cbc0038I Pass   7: suminf.    0.74926 (4) obj. 2.77194e+06 iterations 7
Cbc0038I Pass   8: suminf.    1.26370 (4) obj. 2.77194e+06 iterations 7
Cbc0038I Pass   9: suminf.    0.61455 (4) obj. 2.77194e+06 iterations 1
Cbc0038I Pass  10: suminf.    1.03660 (3) obj. 2.77194e+06 iterations 5
Cbc0038I Pass  11: suminf.    0.77671 (3) obj. 2.77194e+06 iterations 1
Cbc0038I Pass  12: suminf.    0.74926 (4) obj. 2.77194e+06 iterations 2
Cbc0038I Pass  13: suminf.    1.26370 (4) obj. 2.77194e+06 iterations 6
Cbc0038I Pass  14: suminf.    0.61455 (4) obj. 2.77194e+06 iterations 1
Cbc0038I Pass  15: suminf.    1.03660 (3) obj. 2.77194e+06 iterations 5
Cbc0038I Pass  16: suminf.    0.77671 (3) obj. 2.77194e+06 iterations 1
Cbc0038I Pass  17: suminf.    0.74926 (4) obj. 2.77194e+06 iterations 2
Cbc0038I Pass  18: suminf.    1.26370 (4) obj. 2.77194e+06 iterations 6
Cbc0038I Pass  19: suminf.    0.61455 (4) obj. 2.77194e+06 iterations 1
Cbc0038I Pass  20: suminf.    1.03660 (3) obj. 2.77194e+06 iterations 5
Cbc0038I Pass  21: suminf.    0.77671 (3) obj. 2.77194e+06 iterations 1
Cbc0038I Pass  22: suminf.    0.74926 (4) obj. 2.77194e+06 iterations 2
Cbc0038I Pass  23: suminf.    1.26370 (4) obj. 2.77194e+06 iterations 6
Cbc0038I Pass  24: suminf.    0.61455 (4) obj. 2.77194e+06 iterations 1
Cbc0038I Pass  25: suminf.    1.03660 (3) obj. 2.77194e+06 iterations 5
Cbc0038I Pass  26: suminf.    0.77671 (3) obj. 2.77194e+06 iterations 1
Cbc0038I Pass  27: suminf.    0.74926 (4) obj. 2.77194e+06 iterations 2
Cbc0038I Pass  28: suminf.    1.26370 (4) obj. 2.77194e+06 iterations 6
Cbc0038I Pass  29: suminf.    0.61455 (4) obj. 2.77194e+06 iterations 1
Cbc0038I Pass  30: suminf.    1.03660 (3) obj. 2.77194e+06 iterations 5
Cbc0038I Pass  31: suminf.    0.77671 (3) obj. 2.77194e+06 iterations 1
Cbc0038I Pass  32: suminf.    0.74926 (4) obj. 2.77194e+06 iterations 2
Cbc0038I Pass  33: suminf.    1.26370 (4) obj. 2.77194e+06 iterations 6
Cbc0038I No solution found this major pass
Cbc0038I Before mini branch and bound, 16 integers at bound fixed and 88 continuous
Cbc0038I Full problem 114 rows 157 columns, reduced to 20 rows 26 columns
Cbc0038I Mini branch and bound did not improve solution (0.03 seconds)
Cbc0038I After 0.03 seconds - Feasibility pump exiting with objective of 2.77199e+06 - took 0.02 seconds
Cbc0012I Integer solution of 2771987.9 found by feasibility pump after 0 iterations and 0 nodes (0.03 seconds)
Cbc0038I Full problem 114 rows 157 columns, reduced to 68 rows 107 columns
Cbc0031I 9 added rows had average density of 20.777778
Cbc0013I At root node, 9 cuts changed objective from 2771731.9 to 2771945.1 in 100 passes
Cbc0014I Cut generator 0 (Probing) - 1 row cuts average 2.0 elements, 1 column cuts (1 active)  in 0.008 seconds - new frequency is -100
Cbc0014I Cut generator 1 (Gomory) - 342 row cuts average 38.1 elements, 0 column cuts (0 active)  in 0.008 seconds - new frequency is 1
Cbc0014I Cut generator 2 (Knapsack) - 0 row cuts average 0.0 elements, 0 column cuts (0 active)  in 0.025 seconds - new frequency is -100
Cbc0014I Cut generator 3 (Clique) - 0 row cuts average 0.0 elements, 0 column cuts (0 active)  in 0.000 seconds - new frequency is -100
Cbc0014I Cut generator 4 (MixedIntegerRounding2) - 1 row cuts average 4.0 elements, 0 column cuts (0 active)  in 0.006 seconds - new frequency is -100
Cbc0014I Cut generator 5 (FlowCover) - 0 row cuts average 0.0 elements, 0 column cuts (0 active)  in 0.019 seconds - new frequency is -100
Cbc0014I Cut generator 6 (TwoMirCuts) - 24 row cuts average 13.3 elements, 0 column cuts (0 active)  in 0.003 seconds - new frequency is -100
Cbc0010I After 0 nodes, 1 on tree, 2771987.9 best solution, best possible 2771945.1 (0.17 seconds)
Cbc0012I Integer solution of 2771964.2 found by DiveCoefficient after 1175 iterations and 1 nodes (0.18 seconds)
Cbc0001I Search completed - best objective 2771964.157656279, took 1328 iterations and 6 nodes (0.19 seconds)
Cbc0032I Strong branching done 26 times (138 iterations), fathomed 1 nodes and fixed 0 variables
Cbc0035I Maximum depth 2, 0 variables fixed on reduced cost
Cuts at root node changed objective from 2.77173e+06 to 2.77195e+06
Probing was tried 100 times and created 2 cuts of which 0 were active after adding rounds of cuts (0.008 seconds)
Gomory was tried 116 times and created 378 cuts of which 0 were active after adding rounds of cuts (0.009 seconds)
Knapsack was tried 100 times and created 0 cuts of which 0 were active after adding rounds of cuts (0.025 seconds)
Clique was tried 100 times and created 0 cuts of which 0 were active after adding rounds of cuts (0.000 seconds)
MixedIntegerRounding2 was tried 100 times and created 1 cuts of which 0 were active after adding rounds of cuts (0.006 seconds)
FlowCover was tried 100 times and created 0 cuts of which 0 were active after adding rounds of cuts (0.019 seconds)
TwoMirCuts was tried 100 times and created 24 cuts of which 0 were active after adding rounds of cuts (0.003 seconds)
ZeroHalf was tried 1 times and created 0 cuts of which 0 were active after adding rounds of cuts (0.000 seconds)

Result - Optimal solution found

Objective value:                2771964.15765628
Enumerated nodes:               6
Total iterations:               1328
Time (CPU seconds):             0.19
Time (Wallclock seconds):       0.19

Option for printingOptions changed from normal to all
Total time (CPU seconds):       0.22   (Wallclock seconds):       0.22

