Welcome to the CBC MILP Solver 
Version: 2.10.3 
Build Date: Dec 15 2019 

command line - E:\dachuang\.venv\Lib\site-packages\pulp\apis\../solverdir/cbc/win/i64/cbc.exe model.mps -primalTolerance 1e-9 -integerTolerance 1e-9 -ratioGap 0 -allowableGap 0 -threads 0 -branch -printingOptions all -solution solution.txt -saveSolution solution.bin -quit (default strategy 1)
At line 2 NAME          MODEL
At line 3 ROWS
At line 317 COLUMNS
At line 1133 RHS
At line 1446 BOUNDS
At line 1521 ENDATA
Problem MODEL has 312 rows, 241 columns and 647 elements
Coin0008I MODEL read with 0 errors
primalTolerance was changed from 1e-07 to 1e-09
integerTolerance was changed from 1e-07 to 1e-09
ratioGap was changed from 0 to 0
allowableGap was changed from 1e-10 to 0
Continuous objective value is 2.93049e+06 - 0.00 seconds
Cgl0003I 0 fixed, 0 tightened bounds, 2 strengthened rows, 0 substitutions
Cgl0004I processed model has 114 rows, 157 columns (24 integer (24 of which binary)) and 331 elements
Cbc0038I Initial state - 6 integers unsatisfied sum - 2.04731
Cbc0038I Pass   1: suminf.    0.00000 (0) obj. 2.93096e+06 iterations 11
Cbc0038I Solution found of 2.93096e+06
Cbc0038I Relaxing continuous gives 2.93096e+06
Cbc0038I Before mini branch and bound, 18 integers at bound fixed and 94 continuous
Cbc0038I Full problem 114 rows 157 columns, reduced to 9 rows 10 columns
Cbc0038I Mini branch and bound did not improve solution (0.01 seconds)
Cbc0038I Freeing continuous variables gives a solution of 2.93096e+06
Cbc0038I Round again with cutoff of 2.93091e+06
Cbc0038I Pass   2: suminf.    0.20473 (1) obj. 2.93091e+06 iterations 1
Cbc0038I Pass   3: suminf.    0.00195 (1) obj. 2.93091e+06 iterations 6
Cbc0038I Pass   4: suminf.    0.00000 (0) obj. 2.93091e+06 iterations 8
Cbc0038I Solution found of 2.93091e+06
Cbc0038I Relaxing continuous gives 2.93076e+06
Cbc0038I Before mini branch and bound, 18 integers at bound fixed and 89 continuous
Cbc0038I Full problem 114 rows 157 columns, reduced to 15 rows 20 columns
Cbc0038I Mini branch and bound improved solution from 2.93076e+06 to 2.93073e+06 (0.01 seconds)
Cbc0038I Freeing continuous variables gives a solution of 2.93073e+06
Cbc0038I Round again with cutoff of 2.93068e+06
Cbc0038I Pass   5: suminf.    0.79054 (2) obj. 2.93068e+06 iterations 5
Cbc0038I Pass   6: suminf.    0.39061 (1) obj. 2.93068e+06 iterations 12
Cbc0038I Pass   7: suminf.    0.20946 (1) obj. 2.93068e+06 iterations 4
Cbc0038I Pass   8: suminf.    0.62042 (3) obj. 2.93068e+06 iterations 8
Cbc0038I Pass   9: suminf.    0.45850 (3) obj. 2.93068e+06 iterations 1
Cbc0038I Pass  10: suminf.    0.44658 (3) obj. 2.93068e+06 iterations 1
Cbc0038I Pass  11: suminf.    0.65109 (2) obj. 2.93068e+06 iterations 4
Cbc0038I Pass  12: suminf.    0.65109 (2) obj. 2.93068e+06 iterations 0
Cbc0038I Pass  13: suminf.    0.65109 (2) obj. 2.93068e+06 iterations 7
Cbc0038I Pass  14: suminf.    0.44658 (3) obj. 2.93068e+06 iterations 4
Cbc0038I Pass  15: suminf.    0.65109 (2) obj. 2.93068e+06 iterations 4
Cbc0038I Pass  16: suminf.    0.65109 (2) obj. 2.93068e+06 iterations 0
Cbc0038I Pass  17: suminf.    1.22144 (4) obj. 2.93068e+06 iterations 8
Cbc0038I Pass  18: suminf.    1.09925 (5) obj. 2.93068e+06 iterations 2
Cbc0038I Pass  19: suminf.    1.09925 (5) obj. 2.93068e+06 iterations 0
Cbc0038I Pass  20: suminf.    0.62834 (2) obj. 2.93068e+06 iterations 8
Cbc0038I Pass  21: suminf.    0.62042 (3) obj. 2.93068e+06 iterations 3
Cbc0038I Pass  22: suminf.    0.62834 (2) obj. 2.93068e+06 iterations 5
Cbc0038I Pass  23: suminf.    1.22144 (4) obj. 2.93068e+06 iterations 10
Cbc0038I Pass  24: suminf.    1.09925 (5) obj. 2.93068e+06 iterations 3
Cbc0038I Pass  25: suminf.    1.09925 (5) obj. 2.93068e+06 iterations 0
Cbc0038I Pass  26: suminf.    0.62834 (2) obj. 2.93068e+06 iterations 8
Cbc0038I Pass  27: suminf.    0.62042 (3) obj. 2.93068e+06 iterations 3
Cbc0038I Pass  28: suminf.    0.62834 (2) obj. 2.93068e+06 iterations 5
Cbc0038I Pass  29: suminf.    0.94333 (3) obj. 2.93068e+06 iterations 13
Cbc0038I Pass  30: suminf.    0.93542 (4) obj. 2.93068e+06 iterations 3
Cbc0038I Pass  31: suminf.    0.62834 (2) obj. 2.93068e+06 iterations 7
Cbc0038I Pass  32: suminf.    0.62042 (3) obj. 2.93068e+06 iterations 3
Cbc0038I Pass  33: suminf.    0.86042 (4) obj. 2.93068e+06 iterations 11
Cbc0038I Pass  34: suminf.    0.62042 (3) obj. 2.93068e+06 iterations 1
Cbc0038I No solution found this major pass
Cbc0038I Before mini branch and bound, 2 integers at bound fixed and 73 continuous
Cbc0038I Full problem 114 rows 157 columns, reduced to 21 rows 27 columns
Cbc0038I Mini branch and bound did not improve solution (0.03 seconds)
Cbc0038I After 0.03 seconds - Feasibility pump exiting with objective of 2.93073e+06 - took 0.02 seconds
Cbc0012I Integer solution of 2930730 found by feasibility pump after 0 iterations and 0 nodes (0.03 seconds)
Cbc0038I Full problem 114 rows 157 columns, reduced to 62 rows 101 columns
Cbc0031I 9 added rows had average density of 27.222222
Cbc0013I At root node, 9 cuts changed objective from 2930486.9 to 2930718.8 in 100 passes
Cbc0014I Cut generator 0 (Probing) - 5 row cuts average 2.0 elements, 1 column cuts (1 active)  in 0.004 seconds - new frequency is -100
Cbc0014I Cut generator 1 (Gomory) - 293 row cuts average 34.2 elements, 0 column cuts (0 active)  in 0.004 seconds - new frequency is 1
Cbc0014I Cut generator 2 (Knapsack) - 0 row cuts average 0.0 elements, 0 column cuts (0 active)  in 0.009 seconds - new frequency is -100
Cbc0014I Cut generator 3 (Clique) - 0 row cuts average 0.0 elements, 0 column cuts (0 active)  in 0.000 seconds - new frequency is -100
Cbc0014I Cut generator 4 (MixedIntegerRounding2) - 5 row cuts average 5.0 elements, 0 column cuts (0 active)  in 0.008 seconds - new frequency is -100
Cbc0014I Cut generator 5 (FlowCover) - 0 row cuts average 0.0 elements, 0 column cuts (0 active)  in 0.026 seconds - new frequency is -100
Cbc0014I Cut generator 6 (TwoMirCuts) - 21 row cuts average 13.7 elements, 0 column cuts (0 active)  in 0.004 seconds - new frequency is -100
Cbc0010I After 0 nodes, 1 on tree, 2930730 best solution, best possible 2930718.8 (0.15 seconds)
Cbc0001I Search completed - best objective 2930729.985911191, took 885 iterations and 4 nodes (0.16 seconds)
Cbc0032I Strong branching done 18 times (94 iterations), fathomed 2 nodes and fixed 0 variables
Cbc0035I Maximum depth 1, 0 variables fixed on reduced cost
Cuts at root node changed objective from 2.93049e+06 to 2.93072e+06
Probing was tried 100 times and created 6 cuts of which 0 were active after adding rounds of cuts (0.004 seconds)
Gomory was tried 113 times and created 306 cuts of which 0 were active after adding rounds of cuts (0.005 seconds)
Knapsack was tried 100 times and created 0 cuts of which 0 were active after adding rounds of cuts (0.009 seconds)
Clique was tried 100 times and created 0 cuts of which 0 were active after adding rounds of cuts (0.000 seconds)
MixedIntegerRounding2 was tried 100 times and created 5 cuts of which 0 were active after adding rounds of cuts (0.008 seconds)
FlowCover was tried 100 times and created 0 cuts of which 0 were active after adding rounds of cuts (0.026 seconds)
TwoMirCuts was tried 100 times and created 21 cuts of which 0 were active after adding rounds of cuts (0.004 seconds)
ZeroHalf was tried 1 times and created 0 cuts of which 0 were active after adding rounds of cuts (0.000 seconds)

Result - Optimal solution found

Objective value:                2930729.98591119
Enumerated nodes:               4
Total iterations:               885
Time (CPU seconds):             0.16
Time (Wallclock seconds):       0.16

Option for printingOptions changed from normal to all
Total time (CPU seconds):       0.19   (Wallclock seconds):       0.19

