Welcome to the CBC MILP Solver 
Version: 2.10.3 
Build Date: Dec 15 2019 

command line - E:\dachuang\.venv\Lib\site-packages\pulp\apis\../solverdir/cbc/win/i64/cbc.exe model.mps -primalTolerance 1e-9 -integerTolerance 1e-9 -ratioGap 0 -allowableGap 0 -threads 0 -branch -printingOptions all -solution solution.txt -saveSolution solution.bin -quit (default strategy 1)
At line 2 NAME          MODEL
At line 3 ROWS
At line 317 COLUMNS
At line 1133 RHS
At line 1446 BOUNDS
At line 1521 ENDATA
Problem MODEL has 312 rows, 241 columns and 647 elements
Coin0008I MODEL read with 0 errors
primalTolerance was changed from 1e-07 to 1e-09
integerTolerance was changed from 1e-07 to 1e-09
ratioGap was changed from 0 to 0
allowableGap was changed from 1e-10 to 0
Continuous objective value is 1.75131e+06 - 0.00 seconds
Cgl0003I 0 fixed, 0 tightened bounds, 3 strengthened rows, 0 substitutions
Cgl0004I processed model has 115 rows, 159 columns (24 integer (24 of which binary)) and 336 elements
Cbc0038I Initial state - 11 integers unsatisfied sum - 3.64482
Cbc0038I Pass   1: suminf.    0.00000 (0) obj. 1.86962e+06 iterations 20
Cbc0038I Solution found of 1.86962e+06
Cbc0038I Relaxing continuous gives 1.76103e+06
Cbc0038I Before mini branch and bound, 13 integers at bound fixed and 82 continuous
Cbc0038I Full problem 115 rows 159 columns, reduced to 11 rows 15 columns
Cbc0038I Mini branch and bound improved solution from 1.76103e+06 to 1.75179e+06 (0.01 seconds)
Cbc0038I Round again with cutoff of 1.75174e+06
Cbc0038I Pass   2: suminf.    1.34580 (5) obj. 1.75174e+06 iterations 18
Cbc0038I Pass   3: suminf.    0.19458 (1) obj. 1.75174e+06 iterations 11
Cbc0038I Pass   4: suminf.    0.00000 (0) obj. 1.75174e+06 iterations 2
Cbc0038I Solution found of 1.75174e+06
Cbc0038I Relaxing continuous gives 1.75158e+06
Cbc0038I Before mini branch and bound, 11 integers at bound fixed and 78 continuous
Cbc0038I Full problem 115 rows 159 columns, reduced to 18 rows 24 columns
Cbc0038I Mini branch and bound improved solution from 1.75158e+06 to 1.75151e+06 (0.02 seconds)
Cbc0038I Round again with cutoff of 1.75148e+06
Cbc0038I Pass   5: suminf.    1.76083 (6) obj. 1.75148e+06 iterations 2
Cbc0038I Pass   6: suminf.    1.49038 (5) obj. 1.75148e+06 iterations 7
Cbc0038I Pass   7: suminf.    0.46764 (2) obj. 1.75148e+06 iterations 8
Cbc0038I Pass   8: suminf.    0.46764 (3) obj. 1.75148e+06 iterations 7
Cbc0038I Pass   9: suminf.    0.44751 (3) obj. 1.75148e+06 iterations 4
Cbc0038I Pass  10: suminf.    0.44751 (2) obj. 1.75148e+06 iterations 2
Cbc0038I Pass  11: suminf.    0.80496 (3) obj. 1.75148e+06 iterations 6
Cbc0038I Pass  12: suminf.    0.46764 (3) obj. 1.75148e+06 iterations 6
Cbc0038I Pass  13: suminf.    0.44751 (3) obj. 1.75148e+06 iterations 4
Cbc0038I Pass  14: suminf.    0.44751 (2) obj. 1.75148e+06 iterations 2
Cbc0038I Pass  15: suminf.    0.44751 (2) obj. 1.75148e+06 iterations 13
Cbc0038I Pass  16: suminf.    0.44751 (2) obj. 1.75148e+06 iterations 0
Cbc0038I Pass  17: suminf.    0.46764 (2) obj. 1.75148e+06 iterations 2
Cbc0038I Pass  18: suminf.    0.43665 (1) obj. 1.75148e+06 iterations 8
Cbc0038I Pass  19: suminf.    0.46764 (2) obj. 1.75148e+06 iterations 3
Cbc0038I Pass  20: suminf.    0.46764 (2) obj. 1.75148e+06 iterations 6
Cbc0038I Pass  21: suminf.    0.44751 (2) obj. 1.75148e+06 iterations 6
Cbc0038I Pass  22: suminf.    0.91414 (3) obj. 1.75148e+06 iterations 15
Cbc0038I Pass  23: suminf.    0.51225 (2) obj. 1.75148e+06 iterations 1
Cbc0038I Pass  24: suminf.    0.44751 (2) obj. 1.75148e+06 iterations 5
Cbc0038I Pass  25: suminf.    0.46764 (3) obj. 1.75148e+06 iterations 4
Cbc0038I Pass  26: suminf.    0.44751 (3) obj. 1.75148e+06 iterations 4
Cbc0038I Pass  27: suminf.    1.17742 (5) obj. 1.75148e+06 iterations 15
Cbc0038I Pass  28: suminf.    0.44751 (3) obj. 1.75148e+06 iterations 6
Cbc0038I Pass  29: suminf.    0.44751 (2) obj. 1.75148e+06 iterations 2
Cbc0038I Pass  30: suminf.    0.46764 (3) obj. 1.75148e+06 iterations 5
Cbc0038I Pass  31: suminf.    1.21758 (5) obj. 1.75148e+06 iterations 15
Cbc0038I Pass  32: suminf.    0.44000 (1) obj. 1.75148e+06 iterations 6
Cbc0038I Pass  33: suminf.    0.30471 (1) obj. 1.75148e+06 iterations 3
Cbc0038I Pass  34: suminf.    0.00000 (0) obj. 1.75148e+06 iterations 3
Cbc0038I Rounding solution of 1.75148e+06 is better than previous of 1.75151e+06

Cbc0038I Before mini branch and bound, 1 integers at bound fixed and 67 continuous
Cbc0038I Full problem 115 rows 159 columns, reduced to 24 rows 31 columns
Cbc0038I Mini branch and bound improved solution from 1.75148e+06 to 1.7514e+06 (0.03 seconds)
Cbc0038I Round again with cutoff of 1.75138e+06
Cbc0038I Pass  34: suminf.    2.07905 (9) obj. 1.75138e+06 iterations 4
Cbc0038I Pass  35: suminf.    1.97655 (8) obj. 1.75138e+06 iterations 1
Cbc0038I Pass  36: suminf.    0.22800 (1) obj. 1.75138e+06 iterations 14
Cbc0038I Pass  37: suminf.    0.07923 (1) obj. 1.75138e+06 iterations 1
Cbc0038I Pass  38: suminf.    1.44040 (4) obj. 1.75138e+06 iterations 11
Cbc0038I Pass  39: suminf.    1.44040 (4) obj. 1.75138e+06 iterations 1
Cbc0038I Pass  40: suminf.    0.37121 (3) obj. 1.75138e+06 iterations 5
Cbc0038I Pass  41: suminf.    0.37121 (3) obj. 1.75138e+06 iterations 0
Cbc0038I Pass  42: suminf.    1.02036 (3) obj. 1.75138e+06 iterations 6
Cbc0038I Pass  43: suminf.    1.02036 (3) obj. 1.75138e+06 iterations 0
Cbc0038I Pass  44: suminf.    1.71199 (5) obj. 1.75138e+06 iterations 8
Cbc0038I Pass  45: suminf.    1.31010 (4) obj. 1.75138e+06 iterations 4
Cbc0038I Pass  46: suminf.    0.37121 (3) obj. 1.75138e+06 iterations 8
Cbc0038I Pass  47: suminf.    0.37121 (3) obj. 1.75138e+06 iterations 0
Cbc0038I Pass  48: suminf.    1.02036 (3) obj. 1.75138e+06 iterations 4
Cbc0038I Pass  49: suminf.    1.02036 (3) obj. 1.75138e+06 iterations 0
Cbc0038I Pass  50: suminf.    1.31010 (4) obj. 1.75138e+06 iterations 1
Cbc0038I Pass  51: suminf.    1.73014 (5) obj. 1.75138e+06 iterations 5
Cbc0038I Pass  52: suminf.    0.37121 (3) obj. 1.75138e+06 iterations 7
Cbc0038I Pass  53: suminf.    0.37121 (3) obj. 1.75138e+06 iterations 0
Cbc0038I Pass  54: suminf.    1.02036 (3) obj. 1.75138e+06 iterations 4
Cbc0038I Pass  55: suminf.    1.02036 (3) obj. 1.75138e+06 iterations 0
Cbc0038I Pass  56: suminf.    2.04437 (7) obj. 1.75138e+06 iterations 12
Cbc0038I Pass  57: suminf.    0.37121 (3) obj. 1.75138e+06 iterations 9
Cbc0038I Pass  58: suminf.    0.37121 (3) obj. 1.75138e+06 iterations 0
Cbc0038I Pass  59: suminf.    1.02036 (3) obj. 1.75138e+06 iterations 4
Cbc0038I Pass  60: suminf.    1.02036 (3) obj. 1.75138e+06 iterations 0
Cbc0038I Pass  61: suminf.    1.02036 (4) obj. 1.75138e+06 iterations 3
Cbc0038I Pass  62: suminf.    0.91786 (3) obj. 1.75138e+06 iterations 2
Cbc0038I Pass  63: suminf.    0.22800 (1) obj. 1.75138e+06 iterations 4
Cbc0038I No solution found this major pass
Cbc0038I Before mini branch and bound, 3 integers at bound fixed and 71 continuous
Cbc0038I Full problem 115 rows 159 columns, reduced to 21 rows 27 columns
Cbc0038I Mini branch and bound did not improve solution (0.04 seconds)
Cbc0038I After 0.04 seconds - Feasibility pump exiting with objective of 1.7514e+06 - took 0.04 seconds
Cbc0012I Integer solution of 1751395.8 found by feasibility pump after 0 iterations and 0 nodes (0.04 seconds)
Cbc0038I Full problem 115 rows 159 columns, reduced to 85 rows 126 columns
Cbc0031I 13 added rows had average density of 13.769231
Cbc0013I At root node, 13 cuts changed objective from 1751334.5 to 1751367.4 in 100 passes
Cbc0014I Cut generator 0 (Probing) - 4 row cuts average 5.0 elements, 0 column cuts (0 active)  in 0.011 seconds - new frequency is -100
Cbc0014I Cut generator 1 (Gomory) - 439 row cuts average 28.0 elements, 0 column cuts (0 active)  in 0.011 seconds - new frequency is 1
Cbc0014I Cut generator 2 (Knapsack) - 0 row cuts average 0.0 elements, 0 column cuts (0 active)  in 0.017 seconds - new frequency is -100
Cbc0014I Cut generator 3 (Clique) - 0 row cuts average 0.0 elements, 0 column cuts (0 active)  in 0.000 seconds - new frequency is -100
Cbc0014I Cut generator 4 (MixedIntegerRounding2) - 11 row cuts average 5.1 elements, 0 column cuts (0 active)  in 0.008 seconds - new frequency is -100
Cbc0014I Cut generator 5 (FlowCover) - 0 row cuts average 0.0 elements, 0 column cuts (0 active)  in 0.017 seconds - new frequency is -100
Cbc0014I Cut generator 6 (TwoMirCuts) - 35 row cuts average 9.0 elements, 0 column cuts (0 active)  in 0.006 seconds - new frequency is -100
Cbc0010I After 0 nodes, 1 on tree, 1751395.8 best solution, best possible 1751367.4 (0.18 seconds)
Cbc0001I Search completed - best objective 1751395.76364788, took 1315 iterations and 4 nodes (0.19 seconds)
Cbc0032I Strong branching done 30 times (155 iterations), fathomed 3 nodes and fixed 4 variables
Cbc0035I Maximum depth 1, 0 variables fixed on reduced cost
Cuts at root node changed objective from 1.75133e+06 to 1.75137e+06
Probing was tried 100 times and created 4 cuts of which 0 were active after adding rounds of cuts (0.011 seconds)
Gomory was tried 111 times and created 457 cuts of which 0 were active after adding rounds of cuts (0.012 seconds)
Knapsack was tried 100 times and created 0 cuts of which 0 were active after adding rounds of cuts (0.017 seconds)
Clique was tried 100 times and created 0 cuts of which 0 were active after adding rounds of cuts (0.000 seconds)
MixedIntegerRounding2 was tried 100 times and created 11 cuts of which 0 were active after adding rounds of cuts (0.008 seconds)
FlowCover was tried 100 times and created 0 cuts of which 0 were active after adding rounds of cuts (0.017 seconds)
TwoMirCuts was tried 100 times and created 35 cuts of which 0 were active after adding rounds of cuts (0.006 seconds)
ZeroHalf was tried 1 times and created 0 cuts of which 0 were active after adding rounds of cuts (0.000 seconds)

Result - Optimal solution found

Objective value:                1751395.76364788
Enumerated nodes:               4
Total iterations:               1315
Time (CPU seconds):             0.20
Time (Wallclock seconds):       0.20

Option for printingOptions changed from normal to all
Total time (CPU seconds):       0.23   (Wallclock seconds):       0.23

