Welcome to the CBC MILP Solver 
Version: 2.10.3 
Build Date: Dec 15 2019 

command line - E:\dachuang\.venv\Lib\site-packages\pulp\apis\../solverdir/cbc/win/i64/cbc.exe model.mps -primalTolerance 1e-9 -integerTolerance 1e-9 -ratioGap 0 -allowableGap 0 -threads 0 -branch -printingOptions all -solution solution.txt -saveSolution solution.bin -quit (default strategy 1)
At line 2 NAME          MODEL
At line 3 ROWS
At line 317 COLUMNS
At line 1133 RHS
At line 1446 BOUNDS
At line 1521 ENDATA
Problem MODEL has 312 rows, 241 columns and 647 elements
Coin0008I MODEL read with 0 errors
primalTolerance was changed from 1e-07 to 1e-09
integerTolerance was changed from 1e-07 to 1e-09
ratioGap was changed from 0 to 0
allowableGap was changed from 1e-10 to 0
Continuous objective value is 2.19604e+06 - 0.00 seconds
Cgl0003I 0 fixed, 0 tightened bounds, 2 strengthened rows, 0 substitutions
Cgl0004I processed model has 115 rows, 159 columns (24 integer (24 of which binary)) and 336 elements
Cbc0038I Initial state - 10 integers unsatisfied sum - 2.63506
Cbc0038I Pass   1: suminf.    0.00000 (0) obj. 2.31175e+06 iterations 16
Cbc0038I Solution found of 2.31175e+06
Cbc0038I Relaxing continuous gives 2.22907e+06
Cbc0038I Before mini branch and bound, 14 integers at bound fixed and 86 continuous
Cbc0038I Full problem 115 rows 159 columns, reduced to 11 rows 13 columns
Cbc0038I Mini branch and bound improved solution from 2.22907e+06 to 2.19644e+06 (0.01 seconds)
Cbc0038I Round again with cutoff of 2.1964e+06
Cbc0038I Pass   2: suminf.    0.62332 (5) obj. 2.1964e+06 iterations 22
Cbc0038I Pass   3: suminf.    0.17374 (1) obj. 2.1964e+06 iterations 16
Cbc0038I Pass   4: suminf.    0.00000 (0) obj. 2.1964e+06 iterations 1
Cbc0038I Solution found of 2.1964e+06
Cbc0038I Relaxing continuous gives 2.19634e+06
Cbc0038I Before mini branch and bound, 14 integers at bound fixed and 88 continuous
Cbc0038I Full problem 115 rows 159 columns, reduced to 15 rows 18 columns
Cbc0038I Mini branch and bound did not improve solution (0.01 seconds)
Cbc0038I Freeing continuous variables gives a solution of 2.19634e+06
Cbc0038I Round again with cutoff of 2.19628e+06
Cbc0038I Pass   5: suminf.    1.13095 (6) obj. 2.19628e+06 iterations 3
Cbc0038I Pass   6: suminf.    0.29252 (1) obj. 2.19628e+06 iterations 15
Cbc0038I Pass   7: suminf.    0.24067 (1) obj. 2.19628e+06 iterations 3
Cbc0038I Pass   8: suminf.    0.25233 (2) obj. 2.19628e+06 iterations 4
Cbc0038I Pass   9: suminf.    0.29252 (1) obj. 2.19628e+06 iterations 2
Cbc0038I Pass  10: suminf.    0.24067 (1) obj. 2.19628e+06 iterations 1
Cbc0038I Pass  11: suminf.    0.32548 (2) obj. 2.19628e+06 iterations 4
Cbc0038I Pass  12: suminf.    0.29252 (1) obj. 2.19628e+06 iterations 2
Cbc0038I Pass  13: suminf.    0.24067 (1) obj. 2.19628e+06 iterations 1
Cbc0038I Pass  14: suminf.    0.68755 (3) obj. 2.19628e+06 iterations 11
Cbc0038I Pass  15: suminf.    0.68755 (3) obj. 2.19628e+06 iterations 2
Cbc0038I Pass  16: suminf.    0.68137 (3) obj. 2.19628e+06 iterations 11
Cbc0038I Pass  17: suminf.    0.68137 (3) obj. 2.19628e+06 iterations 1
Cbc0038I Pass  18: suminf.    0.68755 (3) obj. 2.19628e+06 iterations 3
Cbc0038I Pass  19: suminf.    0.82470 (6) obj. 2.19628e+06 iterations 15
Cbc0038I Pass  20: suminf.    0.82470 (6) obj. 2.19628e+06 iterations 1
Cbc0038I Pass  21: suminf.    0.68755 (3) obj. 2.19628e+06 iterations 6
Cbc0038I Pass  22: suminf.    0.68755 (3) obj. 2.19628e+06 iterations 2
Cbc0038I Pass  23: suminf.    0.68137 (3) obj. 2.19628e+06 iterations 11
Cbc0038I Pass  24: suminf.    0.68137 (3) obj. 2.19628e+06 iterations 1
Cbc0038I Pass  25: suminf.    1.64513 (6) obj. 2.19628e+06 iterations 15
Cbc0038I Pass  26: suminf.    1.21479 (5) obj. 2.19628e+06 iterations 1
Cbc0038I Pass  27: suminf.    0.44935 (1) obj. 2.19628e+06 iterations 6
Cbc0038I Pass  28: suminf.    0.39750 (1) obj. 2.19628e+06 iterations 2
Cbc0038I Pass  29: suminf.    0.85929 (4) obj. 2.19628e+06 iterations 15
Cbc0038I Pass  30: suminf.    0.62991 (4) obj. 2.19628e+06 iterations 4
Cbc0038I Pass  31: suminf.    0.75317 (2) obj. 2.19628e+06 iterations 4
Cbc0038I Pass  32: suminf.    0.52380 (2) obj. 2.19628e+06 iterations 2
Cbc0038I Pass  33: suminf.    0.79575 (5) obj. 2.19628e+06 iterations 18
Cbc0038I Pass  34: suminf.    0.79575 (5) obj. 2.19628e+06 iterations 3
Cbc0038I No solution found this major pass
Cbc0038I Before mini branch and bound, 2 integers at bound fixed and 71 continuous
Cbc0038I Full problem 115 rows 159 columns, reduced to 21 rows 27 columns
Cbc0038I Mini branch and bound improved solution from 2.19634e+06 to 2.19633e+06 (0.03 seconds)
Cbc0038I Round again with cutoff of 2.19621e+06
Cbc0038I Pass  34: suminf.    1.40016 (6) obj. 2.19621e+06 iterations 1
Cbc0038I Pass  35: suminf.    1.04127 (6) obj. 2.19621e+06 iterations 11
Cbc0038I Pass  36: suminf.    0.64355 (2) obj. 2.19621e+06 iterations 9
Cbc0038I Pass  37: suminf.    0.59169 (2) obj. 2.19621e+06 iterations 4
Cbc0038I Pass  38: suminf.    0.59169 (2) obj. 2.19621e+06 iterations 0
Cbc0038I Pass  39: suminf.    0.57393 (2) obj. 2.19621e+06 iterations 9
Cbc0038I Pass  40: suminf.    0.62578 (2) obj. 2.19621e+06 iterations 5
Cbc0038I Pass  41: suminf.    0.57393 (2) obj. 2.19621e+06 iterations 6
Cbc0038I Pass  42: suminf.    0.57393 (2) obj. 2.19621e+06 iterations 0
Cbc0038I Pass  43: suminf.    0.70727 (3) obj. 2.19621e+06 iterations 2
Cbc0038I Pass  44: suminf.    1.14603 (4) obj. 2.19621e+06 iterations 9
Cbc0038I Pass  45: suminf.    1.10230 (5) obj. 2.19621e+06 iterations 3
Cbc0038I Pass  46: suminf.    1.02081 (4) obj. 2.19621e+06 iterations 9
Cbc0038I Pass  47: suminf.    1.02081 (4) obj. 2.19621e+06 iterations 2
Cbc0038I Pass  48: suminf.    0.86398 (4) obj. 2.19621e+06 iterations 5
Cbc0038I Pass  49: suminf.    0.86398 (4) obj. 2.19621e+06 iterations 1
Cbc0038I Pass  50: suminf.    1.02081 (4) obj. 2.19621e+06 iterations 8
Cbc0038I Pass  51: suminf.    1.56250 (7) obj. 2.19621e+06 iterations 7
Cbc0038I Pass  52: suminf.    1.56250 (7) obj. 2.19621e+06 iterations 2
Cbc0038I Pass  53: suminf.    0.86398 (4) obj. 2.19621e+06 iterations 8
Cbc0038I Pass  54: suminf.    0.86398 (4) obj. 2.19621e+06 iterations 1
Cbc0038I Pass  55: suminf.    1.02081 (4) obj. 2.19621e+06 iterations 8
Cbc0038I Pass  56: suminf.    1.02081 (4) obj. 2.19621e+06 iterations 1
Cbc0038I Pass  57: suminf.    1.05803 (5) obj. 2.19621e+06 iterations 6
Cbc0038I Pass  58: suminf.    0.86398 (4) obj. 2.19621e+06 iterations 6
Cbc0038I Pass  59: suminf.    0.86398 (4) obj. 2.19621e+06 iterations 1
Cbc0038I Pass  60: suminf.    1.02081 (4) obj. 2.19621e+06 iterations 8
Cbc0038I Pass  61: suminf.    1.02081 (4) obj. 2.19621e+06 iterations 1
Cbc0038I Pass  62: suminf.    1.32054 (4) obj. 2.19621e+06 iterations 11
Cbc0038I Pass  63: suminf.    1.10162 (4) obj. 2.19621e+06 iterations 6
Cbc0038I No solution found this major pass
Cbc0038I Before mini branch and bound, 4 integers at bound fixed and 70 continuous
Cbc0038I Full problem 115 rows 159 columns, reduced to 21 rows 27 columns
Cbc0038I Mini branch and bound did not improve solution (0.04 seconds)
Cbc0038I After 0.04 seconds - Feasibility pump exiting with objective of 2.19633e+06 - took 0.03 seconds
Cbc0012I Integer solution of 2196327.8 found by feasibility pump after 0 iterations and 0 nodes (0.04 seconds)
Cbc0038I Full problem 115 rows 159 columns, reduced to 78 rows 119 columns
Cbc0031I 11 added rows had average density of 8.8181818
Cbc0013I At root node, 15 cuts changed objective from 2196036 to 2196327.8 in 6 passes
Cbc0014I Cut generator 0 (Probing) - 2 row cuts average 2.0 elements, 2 column cuts (2 active)  in 0.000 seconds - new frequency is 1
Cbc0014I Cut generator 1 (Gomory) - 24 row cuts average 19.8 elements, 0 column cuts (0 active)  in 0.001 seconds - new frequency is 1
Cbc0014I Cut generator 2 (Knapsack) - 0 row cuts average 0.0 elements, 0 column cuts (0 active)  in 0.000 seconds - new frequency is -100
Cbc0014I Cut generator 3 (Clique) - 0 row cuts average 0.0 elements, 0 column cuts (0 active)  in 0.000 seconds - new frequency is -100
Cbc0014I Cut generator 4 (MixedIntegerRounding2) - 5 row cuts average 4.2 elements, 0 column cuts (0 active)  in 0.000 seconds - new frequency is 1
Cbc0014I Cut generator 5 (FlowCover) - 1 row cuts average 2.0 elements, 0 column cuts (0 active)  in 0.002 seconds - new frequency is -100
Cbc0014I Cut generator 6 (TwoMirCuts) - 24 row cuts average 15.8 elements, 0 column cuts (0 active)  in 0.002 seconds - new frequency is -100
Cbc0001I Search completed - best objective 2196327.816390037, took 56 iterations and 0 nodes (0.05 seconds)
Cbc0035I Maximum depth 0, 0 variables fixed on reduced cost
Cuts at root node changed objective from 2.19604e+06 to 2.19633e+06
Probing was tried 6 times and created 4 cuts of which 0 were active after adding rounds of cuts (0.000 seconds)
Gomory was tried 6 times and created 24 cuts of which 0 were active after adding rounds of cuts (0.001 seconds)
Knapsack was tried 6 times and created 0 cuts of which 0 were active after adding rounds of cuts (0.000 seconds)
Clique was tried 6 times and created 0 cuts of which 0 were active after adding rounds of cuts (0.000 seconds)
MixedIntegerRounding2 was tried 6 times and created 5 cuts of which 0 were active after adding rounds of cuts (0.000 seconds)
FlowCover was tried 6 times and created 1 cuts of which 0 were active after adding rounds of cuts (0.002 seconds)
TwoMirCuts was tried 6 times and created 24 cuts of which 0 were active after adding rounds of cuts (0.002 seconds)
ZeroHalf was tried 1 times and created 0 cuts of which 0 were active after adding rounds of cuts (0.000 seconds)

Result - Optimal solution found

Objective value:                2196327.81639004
Enumerated nodes:               0
Total iterations:               56
Time (CPU seconds):             0.05
Time (Wallclock seconds):       0.06

Option for printingOptions changed from normal to all
Total time (CPU seconds):       0.08   (Wallclock seconds):       0.08

