Welcome to the CBC MILP Solver 
Version: 2.10.3 
Build Date: Dec 15 2019 

command line - E:\dachuang\.venv\Lib\site-packages\pulp\apis\../solverdir/cbc/win/i64/cbc.exe model.mps -primalTolerance 1e-9 -integerTolerance 1e-9 -ratioGap 0 -allowableGap 0 -threads 0 -branch -printingOptions all -solution solution.txt -saveSolution solution.bin -quit (default strategy 1)
At line 2 NAME          MODEL
At line 3 ROWS
At line 317 COLUMNS
At line 1133 RHS
At line 1446 BOUNDS
At line 1521 ENDATA
Problem MODEL has 312 rows, 241 columns and 647 elements
Coin0008I MODEL read with 0 errors
primalTolerance was changed from 1e-07 to 1e-09
integerTolerance was changed from 1e-07 to 1e-09
ratioGap was changed from 0 to 0
allowableGap was changed from 1e-10 to 0
Continuous objective value is 849398 - 0.00 seconds
Cgl0003I 0 fixed, 0 tightened bounds, 3 strengthened rows, 0 substitutions
Cgl0004I processed model has 119 rows, 167 columns (24 integer (24 of which binary)) and 356 elements
Cbc0038I Initial state - 11 integers unsatisfied sum - 3.75306
Cbc0038I Pass   1: suminf.    0.00000 (0) obj. 976045 iterations 18
Cbc0038I Solution found of 976045
Cbc0038I Relaxing continuous gives 858598
Cbc0038I Before mini branch and bound, 13 integers at bound fixed and 86 continuous
Cbc0038I Full problem 119 rows 167 columns, reduced to 11 rows 14 columns
Cbc0038I Mini branch and bound improved solution from 858598 to 849866 (0.01 seconds)
Cbc0038I Round again with cutoff of 849821
Cbc0038I Pass   2: suminf.    0.98480 (3) obj. 849821 iterations 14
Cbc0038I Pass   3: suminf.    0.19241 (1) obj. 849821 iterations 10
Cbc0038I Solution found of 849821
Cbc0038I Relaxing continuous gives 849657
Cbc0038I Before mini branch and bound, 11 integers at bound fixed and 82 continuous
Cbc0038I Full problem 119 rows 167 columns, reduced to 14 rows 18 columns
Cbc0038I Mini branch and bound improved solution from 849657 to 849657 (0.01 seconds)
Cbc0038I Round again with cutoff of 849609
Cbc0038I Pass   4: suminf.    1.63431 (4) obj. 849609 iterations 3
Cbc0038I Pass   5: suminf.    0.89921 (3) obj. 849609 iterations 8
Cbc0038I Pass   6: suminf.    0.21021 (2) obj. 849609 iterations 7
Cbc0038I Pass   7: suminf.    0.21021 (3) obj. 849609 iterations 6
Cbc0038I Pass   8: suminf.    0.21740 (2) obj. 849609 iterations 6
Cbc0038I Pass   9: suminf.    0.21346 (2) obj. 849609 iterations 2
Cbc0038I Pass  10: suminf.    0.65232 (4) obj. 849609 iterations 6
Cbc0038I Pass  11: suminf.    0.65232 (3) obj. 849609 iterations 1
Cbc0038I Pass  12: suminf.    0.21021 (3) obj. 849609 iterations 7
Cbc0038I Pass  13: suminf.    0.21740 (2) obj. 849609 iterations 6
Cbc0038I Pass  14: suminf.    0.21346 (2) obj. 849609 iterations 2
Cbc0038I Pass  15: suminf.    1.07135 (4) obj. 849609 iterations 14
Cbc0038I Pass  16: suminf.    0.66811 (3) obj. 849609 iterations 4
Cbc0038I Pass  17: suminf.    0.21021 (2) obj. 849609 iterations 5
Cbc0038I Pass  18: suminf.    0.21346 (2) obj. 849609 iterations 3
Cbc0038I Pass  19: suminf.    0.78098 (5) obj. 849609 iterations 4
Cbc0038I Pass  20: suminf.    1.69688 (8) obj. 849609 iterations 8
Cbc0038I Pass  21: suminf.    1.26687 (7) obj. 849609 iterations 2
Cbc0038I Pass  22: suminf.    0.21021 (2) obj. 849609 iterations 8
Cbc0038I Pass  23: suminf.    0.21346 (2) obj. 849609 iterations 3
Cbc0038I Pass  24: suminf.    0.65861 (5) obj. 849609 iterations 16
Cbc0038I Pass  25: suminf.    0.37963 (4) obj. 849609 iterations 4
Cbc0038I Pass  26: suminf.    1.08939 (3) obj. 849609 iterations 9
Cbc0038I Pass  27: suminf.    0.49241 (2) obj. 849609 iterations 8
Cbc0038I Pass  28: suminf.    0.51306 (3) obj. 849609 iterations 8
Cbc0038I Pass  29: suminf.    0.51306 (3) obj. 849609 iterations 0
Cbc0038I Pass  30: suminf.    1.08939 (3) obj. 849609 iterations 4
Cbc0038I Pass  31: suminf.    1.34308 (5) obj. 849609 iterations 11
Cbc0038I Pass  32: suminf.    0.69394 (5) obj. 849609 iterations 1
Cbc0038I Pass  33: suminf.    0.21740 (2) obj. 849609 iterations 8
Cbc0038I No solution found this major pass
Cbc0038I Before mini branch and bound, 1 integers at bound fixed and 70 continuous
Cbc0038I Full problem 119 rows 167 columns, reduced to 26 rows 32 columns
Cbc0038I Mini branch and bound improved solution from 849657 to 849481 (0.03 seconds)
Cbc0038I Round again with cutoff of 849462
Cbc0038I Pass  33: suminf.    1.69194 (7) obj. 849462 iterations 3
Cbc0038I Pass  34: suminf.    1.58944 (6) obj. 849462 iterations 1
Cbc0038I Pass  35: suminf.    0.22780 (1) obj. 849462 iterations 14
Cbc0038I Pass  36: suminf.    0.07941 (1) obj. 849462 iterations 1
Cbc0038I Pass  37: suminf.    0.78722 (4) obj. 849462 iterations 10
Cbc0038I Pass  38: suminf.    0.78722 (4) obj. 849462 iterations 1
Cbc0038I Pass  39: suminf.    0.33030 (3) obj. 849462 iterations 7
Cbc0038I Pass  40: suminf.    0.07941 (1) obj. 849462 iterations 6
Cbc0038I Pass  41: suminf.    0.22780 (1) obj. 849462 iterations 1
Cbc0038I Pass  42: suminf.    0.53644 (3) obj. 849462 iterations 11
Cbc0038I Pass  43: suminf.    0.22780 (1) obj. 849462 iterations 3
Cbc0038I Pass  44: suminf.    0.07941 (1) obj. 849462 iterations 1
Cbc0038I Pass  45: suminf.    0.07941 (1) obj. 849462 iterations 2
Cbc0038I Pass  46: suminf.    0.22780 (1) obj. 849462 iterations 1
Cbc0038I Pass  47: suminf.    0.07941 (1) obj. 849462 iterations 1
Cbc0038I Pass  48: suminf.    1.08406 (6) obj. 849462 iterations 12
Cbc0038I Pass  49: suminf.    1.02056 (3) obj. 849462 iterations 6
Cbc0038I Pass  50: suminf.    1.02056 (3) obj. 849462 iterations 0
Cbc0038I Pass  51: suminf.    0.37141 (3) obj. 849462 iterations 5
Cbc0038I Pass  52: suminf.    0.37141 (3) obj. 849462 iterations 0
Cbc0038I Pass  53: suminf.    0.82606 (4) obj. 849462 iterations 6
Cbc0038I Pass  54: suminf.    1.02056 (3) obj. 849462 iterations 5
Cbc0038I Pass  55: suminf.    1.02056 (3) obj. 849462 iterations 0
Cbc0038I Pass  56: suminf.    0.37141 (3) obj. 849462 iterations 4
Cbc0038I Pass  57: suminf.    0.37141 (3) obj. 849462 iterations 0
Cbc0038I Pass  58: suminf.    0.75145 (4) obj. 849462 iterations 3
Cbc0038I Pass  59: suminf.    1.02056 (3) obj. 849462 iterations 6
Cbc0038I Pass  60: suminf.    1.02056 (3) obj. 849462 iterations 0
Cbc0038I Pass  61: suminf.    0.37141 (3) obj. 849462 iterations 4
Cbc0038I Pass  62: suminf.    0.37141 (3) obj. 849462 iterations 0
Cbc0038I No solution found this major pass
Cbc0038I Before mini branch and bound, 3 integers at bound fixed and 71 continuous
Cbc0038I Full problem 119 rows 167 columns, reduced to 26 rows 32 columns
Cbc0038I Mini branch and bound did not improve solution (0.04 seconds)
Cbc0038I After 0.04 seconds - Feasibility pump exiting with objective of 849481 - took 0.04 seconds
Cbc0012I Integer solution of 849480.92 found by feasibility pump after 0 iterations and 0 nodes (0.04 seconds)
Cbc0038I Full problem 119 rows 167 columns, reduced to 98 rows 146 columns - 2 fixed gives 94, 142 - still too large
Cbc0031I 12 added rows had average density of 17.916667
Cbc0013I At root node, 12 cuts changed objective from 849419.48 to 849451.82 in 100 passes
Cbc0014I Cut generator 0 (Probing) - 4 row cuts average 5.0 elements, 0 column cuts (0 active)  in 0.008 seconds - new frequency is -100
Cbc0014I Cut generator 1 (Gomory) - 447 row cuts average 27.9 elements, 0 column cuts (0 active)  in 0.015 seconds - new frequency is 1
Cbc0014I Cut generator 2 (Knapsack) - 0 row cuts average 0.0 elements, 0 column cuts (0 active)  in 0.016 seconds - new frequency is -100
Cbc0014I Cut generator 3 (Clique) - 0 row cuts average 0.0 elements, 0 column cuts (0 active)  in 0.000 seconds - new frequency is -100
Cbc0014I Cut generator 4 (MixedIntegerRounding2) - 19 row cuts average 8.5 elements, 0 column cuts (0 active)  in 0.009 seconds - new frequency is -100
Cbc0014I Cut generator 5 (FlowCover) - 4 row cuts average 5.0 elements, 0 column cuts (0 active)  in 0.018 seconds - new frequency is -100
Cbc0014I Cut generator 6 (TwoMirCuts) - 35 row cuts average 9.1 elements, 0 column cuts (0 active)  in 0.006 seconds - new frequency is -100
Cbc0010I After 0 nodes, 1 on tree, 849480.92 best solution, best possible 849451.82 (0.18 seconds)
Cbc0001I Search completed - best objective 849480.9237718323, took 1378 iterations and 4 nodes (0.19 seconds)
Cbc0032I Strong branching done 20 times (96 iterations), fathomed 2 nodes and fixed 2 variables
Cbc0035I Maximum depth 1, 0 variables fixed on reduced cost
Cuts at root node changed objective from 849419 to 849452
Probing was tried 100 times and created 4 cuts of which 0 were active after adding rounds of cuts (0.008 seconds)
Gomory was tried 113 times and created 468 cuts of which 0 were active after adding rounds of cuts (0.016 seconds)
Knapsack was tried 100 times and created 0 cuts of which 0 were active after adding rounds of cuts (0.016 seconds)
Clique was tried 100 times and created 0 cuts of which 0 were active after adding rounds of cuts (0.000 seconds)
MixedIntegerRounding2 was tried 100 times and created 19 cuts of which 0 were active after adding rounds of cuts (0.009 seconds)
FlowCover was tried 100 times and created 4 cuts of which 0 were active after adding rounds of cuts (0.018 seconds)
TwoMirCuts was tried 100 times and created 35 cuts of which 0 were active after adding rounds of cuts (0.006 seconds)
ZeroHalf was tried 1 times and created 0 cuts of which 0 were active after adding rounds of cuts (0.000 seconds)

Result - Optimal solution found

Objective value:                849480.92377183
Enumerated nodes:               4
Total iterations:               1378
Time (CPU seconds):             0.19
Time (Wallclock seconds):       0.19

Option for printingOptions changed from normal to all
Total time (CPU seconds):       0.22   (Wallclock seconds):       0.22

