Welcome to the CBC MILP Solver 
Version: 2.10.3 
Build Date: Dec 15 2019 

command line - E:\dachuang\.venv\Lib\site-packages\pulp\apis\../solverdir/cbc/win/i64/cbc.exe model.mps -primalTolerance 1e-9 -integerTolerance 1e-9 -ratioGap 0 -allowableGap 0 -threads 0 -branch -printingOptions all -solution solution.txt -saveSolution solution.bin -quit (default strategy 1)
At line 2 NAME          MODEL
At line 3 ROWS
At line 317 COLUMNS
At line 1133 RHS
At line 1446 BOUNDS
At line 1521 ENDATA
Problem MODEL has 312 rows, 241 columns and 647 elements
Coin0008I MODEL read with 0 errors
primalTolerance was changed from 1e-07 to 1e-09
integerTolerance was changed from 1e-07 to 1e-09
ratioGap was changed from 0 to 0
allowableGap was changed from 1e-10 to 0
Continuous objective value is 2.0158e+06 - 0.00 seconds
Cgl0003I 0 fixed, 0 tightened bounds, 2 strengthened rows, 0 substitutions
Cgl0004I processed model has 115 rows, 159 columns (24 integer (24 of which binary)) and 336 elements
Cbc0038I Initial state - 11 integers unsatisfied sum - 4.29906
Cbc0038I Pass   1: suminf.    0.00000 (0) obj. 2.30985e+06 iterations 20
Cbc0038I Solution found of 2.30985e+06
Cbc0038I Relaxing continuous gives 2.19268e+06
Cbc0038I Before mini branch and bound, 13 integers at bound fixed and 79 continuous
Cbc0038I Full problem 115 rows 159 columns, reduced to 16 rows 22 columns
Cbc0038I Mini branch and bound improved solution from 2.19268e+06 to 2.01639e+06 (0.01 seconds)
Cbc0038I Freeing continuous variables gives a solution of 2.01639e+06
Cbc0038I Round again with cutoff of 2.01633e+06
Cbc0038I Pass   2: suminf.    1.57833 (5) obj. 2.01633e+06 iterations 17
Cbc0038I Pass   3: suminf.    0.00000 (0) obj. 2.01633e+06 iterations 14
Cbc0038I Solution found of 2.01633e+06
Cbc0038I Relaxing continuous gives 2.01631e+06
Cbc0038I Before mini branch and bound, 13 integers at bound fixed and 76 continuous
Cbc0038I Full problem 115 rows 159 columns, reduced to 21 rows 30 columns
Cbc0038I Mini branch and bound improved solution from 2.01631e+06 to 2.01608e+06 (0.02 seconds)
Cbc0038I Freeing continuous variables gives a solution of 2.01608e+06
Cbc0038I Round again with cutoff of 2.01602e+06
Cbc0038I Pass   4: suminf.    1.74662 (6) obj. 2.01602e+06 iterations 4
Cbc0038I Pass   5: suminf.    1.65919 (5) obj. 2.01602e+06 iterations 11
Cbc0038I Pass   6: suminf.    0.35283 (2) obj. 2.01602e+06 iterations 10
Cbc0038I Pass   7: suminf.    0.68275 (4) obj. 2.01602e+06 iterations 9
Cbc0038I Pass   8: suminf.    1.26048 (3) obj. 2.01602e+06 iterations 7
Cbc0038I Pass   9: suminf.    0.61133 (3) obj. 2.01602e+06 iterations 1
Cbc0038I Pass  10: suminf.    1.31725 (3) obj. 2.01602e+06 iterations 3
Cbc0038I Pass  11: suminf.    0.66810 (3) obj. 2.01602e+06 iterations 8
Cbc0038I Pass  12: suminf.    0.61133 (3) obj. 2.01602e+06 iterations 1
Cbc0038I Pass  13: suminf.    1.31725 (3) obj. 2.01602e+06 iterations 3
Cbc0038I Pass  14: suminf.    1.97143 (5) obj. 2.01602e+06 iterations 6
Cbc0038I Pass  15: suminf.    1.26551 (5) obj. 2.01602e+06 iterations 2
Cbc0038I Pass  16: suminf.    1.31725 (3) obj. 2.01602e+06 iterations 5
Cbc0038I Pass  17: suminf.    0.61133 (3) obj. 2.01602e+06 iterations 2
Cbc0038I Pass  18: suminf.    0.42046 (1) obj. 2.01602e+06 iterations 9
Cbc0038I Pass  19: suminf.    0.33303 (1) obj. 2.01602e+06 iterations 2
Cbc0038I Pass  20: suminf.    0.35283 (2) obj. 2.01602e+06 iterations 5
Cbc0038I Pass  21: suminf.    0.68275 (4) obj. 2.01602e+06 iterations 8
Cbc0038I Pass  22: suminf.    1.26048 (3) obj. 2.01602e+06 iterations 7
Cbc0038I Pass  23: suminf.    0.61133 (3) obj. 2.01602e+06 iterations 1
Cbc0038I Pass  24: suminf.    1.31725 (3) obj. 2.01602e+06 iterations 3
Cbc0038I Pass  25: suminf.    1.22000 (4) obj. 2.01602e+06 iterations 14
Cbc0038I Pass  26: suminf.    0.70115 (3) obj. 2.01602e+06 iterations 4
Cbc0038I Pass  27: suminf.    0.68275 (4) obj. 2.01602e+06 iterations 10
Cbc0038I Pass  28: suminf.    1.26048 (3) obj. 2.01602e+06 iterations 7
Cbc0038I Pass  29: suminf.    0.61133 (3) obj. 2.01602e+06 iterations 1
Cbc0038I Pass  30: suminf.    1.31725 (3) obj. 2.01602e+06 iterations 3
Cbc0038I Pass  31: suminf.    1.86559 (8) obj. 2.01602e+06 iterations 19
Cbc0038I Pass  32: suminf.    1.76309 (7) obj. 2.01602e+06 iterations 2
Cbc0038I Pass  33: suminf.    0.61133 (3) obj. 2.01602e+06 iterations 12
Cbc0038I No solution found this major pass
Cbc0038I Before mini branch and bound, 4 integers at bound fixed and 73 continuous
Cbc0038I Full problem 115 rows 159 columns, reduced to 20 rows 26 columns
Cbc0038I Mini branch and bound did not improve solution (0.03 seconds)
Cbc0038I After 0.03 seconds - Feasibility pump exiting with objective of 2.01608e+06 - took 0.02 seconds
Cbc0012I Integer solution of 2016076.3 found by feasibility pump after 0 iterations and 0 nodes (0.03 seconds)
Cbc0038I Full problem 115 rows 159 columns, reduced to 79 rows 120 columns
Cbc0012I Integer solution of 2016062.1 found by DiveCoefficient after 950 iterations and 0 nodes (0.17 seconds)
Cbc0031I 14 added rows had average density of 16.642857
Cbc0013I At root node, 14 cuts changed objective from 2015803 to 2016038.5 in 100 passes
Cbc0014I Cut generator 0 (Probing) - 1 row cuts average 2.0 elements, 1 column cuts (1 active)  in 0.016 seconds - new frequency is -100
Cbc0014I Cut generator 1 (Gomory) - 344 row cuts average 38.5 elements, 0 column cuts (0 active)  in 0.007 seconds - new frequency is 1
Cbc0014I Cut generator 2 (Knapsack) - 0 row cuts average 0.0 elements, 0 column cuts (0 active)  in 0.019 seconds - new frequency is -100
Cbc0014I Cut generator 3 (Clique) - 0 row cuts average 0.0 elements, 0 column cuts (0 active)  in 0.001 seconds - new frequency is -100
Cbc0014I Cut generator 4 (MixedIntegerRounding2) - 4 row cuts average 4.0 elements, 0 column cuts (0 active)  in 0.008 seconds - new frequency is -100
Cbc0014I Cut generator 5 (FlowCover) - 0 row cuts average 0.0 elements, 0 column cuts (0 active)  in 0.014 seconds - new frequency is -100
Cbc0014I Cut generator 6 (TwoMirCuts) - 27 row cuts average 12.4 elements, 0 column cuts (0 active)  in 0.004 seconds - new frequency is -100
Cbc0010I After 0 nodes, 1 on tree, 2016062.1 best solution, best possible 2016038.5 (0.17 seconds)
Cbc0001I Search completed - best objective 2016062.080575264, took 1039 iterations and 2 nodes (0.18 seconds)
Cbc0032I Strong branching done 18 times (104 iterations), fathomed 1 nodes and fixed 1 variables
Cbc0035I Maximum depth 0, 0 variables fixed on reduced cost
Cuts at root node changed objective from 2.0158e+06 to 2.01604e+06
Probing was tried 100 times and created 2 cuts of which 0 were active after adding rounds of cuts (0.016 seconds)
Gomory was tried 115 times and created 369 cuts of which 0 were active after adding rounds of cuts (0.007 seconds)
Knapsack was tried 100 times and created 0 cuts of which 0 were active after adding rounds of cuts (0.019 seconds)
Clique was tried 100 times and created 0 cuts of which 0 were active after adding rounds of cuts (0.001 seconds)
MixedIntegerRounding2 was tried 100 times and created 4 cuts of which 0 were active after adding rounds of cuts (0.008 seconds)
FlowCover was tried 100 times and created 0 cuts of which 0 were active after adding rounds of cuts (0.014 seconds)
TwoMirCuts was tried 100 times and created 27 cuts of which 0 were active after adding rounds of cuts (0.004 seconds)
ZeroHalf was tried 1 times and created 0 cuts of which 0 were active after adding rounds of cuts (0.000 seconds)

Result - Optimal solution found

Objective value:                2016062.08057526
Enumerated nodes:               2
Total iterations:               1039
Time (CPU seconds):             0.19
Time (Wallclock seconds):       0.19

Option for printingOptions changed from normal to all
Total time (CPU seconds):       0.21   (Wallclock seconds):       0.21

