Welcome to the CBC MILP Solver 
Version: 2.10.3 
Build Date: Dec 15 2019 

command line - E:\dachuang\.venv\Lib\site-packages\pulp\apis\../solverdir/cbc/win/i64/cbc.exe model.mps -primalTolerance 1e-9 -integerTolerance 1e-9 -ratioGap 0 -allowableGap 0 -threads 0 -branch -printingOptions all -solution solution.txt -saveSolution solution.bin -quit (default strategy 1)
At line 2 NAME          MODEL
At line 3 ROWS
At line 317 COLUMNS
At line 1133 RHS
At line 1446 BOUNDS
At line 1521 ENDATA
Problem MODEL has 312 rows, 241 columns and 647 elements
Coin0008I MODEL read with 0 errors
primalTolerance was changed from 1e-07 to 1e-09
integerTolerance was changed from 1e-07 to 1e-09
ratioGap was changed from 0 to 0
allowableGap was changed from 1e-10 to 0
Continuous objective value is 2.85896e+06 - 0.00 seconds
Cgl0003I 0 fixed, 0 tightened bounds, 2 strengthened rows, 0 substitutions
Cgl0004I processed model has 114 rows, 157 columns (24 integer (24 of which binary)) and 331 elements
Cbc0038I Initial state - 6 integers unsatisfied sum - 2.00787
Cbc0038I Pass   1: suminf.    0.00000 (0) obj. 2.86669e+06 iterations 9
Cbc0038I Solution found of 2.86669e+06
Cbc0038I Relaxing continuous gives 2.85939e+06
Cbc0038I Before mini branch and bound, 18 integers at bound fixed and 95 continuous
Cbc0038I Full problem 114 rows 157 columns, reduced to 4 rows 4 columns
Cbc0038I Mini branch and bound did not improve solution (0.01 seconds)
Cbc0038I Round again with cutoff of 2.85935e+06
Cbc0038I Pass   2: suminf.    0.18514 (1) obj. 2.85935e+06 iterations 2
Cbc0038I Pass   3: suminf.    0.63512 (2) obj. 2.85935e+06 iterations 11
Cbc0038I Pass   4: suminf.    0.30167 (3) obj. 2.85935e+06 iterations 6
Cbc0038I Pass   5: suminf.    0.88171 (4) obj. 2.85935e+06 iterations 10
Cbc0038I Pass   6: suminf.    0.47777 (3) obj. 2.85935e+06 iterations 1
Cbc0038I Pass   7: suminf.    0.26292 (1) obj. 2.85935e+06 iterations 20
Cbc0038I Pass   8: suminf.    0.72130 (2) obj. 2.85935e+06 iterations 4
Cbc0038I Pass   9: suminf.    0.14665 (1) obj. 2.85935e+06 iterations 4
Cbc0038I Pass  10: suminf.    0.59247 (2) obj. 2.85935e+06 iterations 9
Cbc0038I Pass  11: suminf.    0.59247 (2) obj. 2.85935e+06 iterations 4
Cbc0038I Pass  12: suminf.    0.26292 (1) obj. 2.85935e+06 iterations 5
Cbc0038I Pass  13: suminf.    0.72130 (2) obj. 2.85935e+06 iterations 9
Cbc0038I Pass  14: suminf.    0.14665 (1) obj. 2.85935e+06 iterations 4
Cbc0038I Pass  15: suminf.    0.59247 (2) obj. 2.85935e+06 iterations 9
Cbc0038I Pass  16: suminf.    0.63512 (2) obj. 2.85935e+06 iterations 7
Cbc0038I Pass  17: suminf.    0.30167 (3) obj. 2.85935e+06 iterations 6
Cbc0038I Pass  18: suminf.    0.88171 (4) obj. 2.85935e+06 iterations 10
Cbc0038I Pass  19: suminf.    0.47777 (3) obj. 2.85935e+06 iterations 1
Cbc0038I Pass  20: suminf.    0.26292 (1) obj. 2.85935e+06 iterations 20
Cbc0038I Pass  21: suminf.    0.72130 (2) obj. 2.85935e+06 iterations 4
Cbc0038I Pass  22: suminf.    0.14665 (1) obj. 2.85935e+06 iterations 4
Cbc0038I Pass  23: suminf.    0.59247 (2) obj. 2.85935e+06 iterations 9
Cbc0038I Pass  24: suminf.    0.59247 (2) obj. 2.85935e+06 iterations 1
Cbc0038I Pass  25: suminf.    0.26292 (1) obj. 2.85935e+06 iterations 5
Cbc0038I Pass  26: suminf.    0.72130 (2) obj. 2.85935e+06 iterations 9
Cbc0038I Pass  27: suminf.    0.14665 (1) obj. 2.85935e+06 iterations 4
Cbc0038I Pass  28: suminf.    0.59247 (2) obj. 2.85935e+06 iterations 9
Cbc0038I Pass  29: suminf.    2.20019 (6) obj. 2.85935e+06 iterations 11
Cbc0038I Pass  30: suminf.    0.76953 (3) obj. 2.85935e+06 iterations 5
Cbc0038I Pass  31: suminf.    0.59247 (2) obj. 2.85935e+06 iterations 7
Cbc0038I No solution found this major pass
Cbc0038I Before mini branch and bound, 6 integers at bound fixed and 87 continuous
Cbc0038I Full problem 114 rows 157 columns, reduced to 19 rows 25 columns
Cbc0038I Mini branch and bound improved solution from 2.85939e+06 to 2.85938e+06 (0.03 seconds)
Cbc0038I Round again with cutoff of 2.85927e+06
Cbc0038I Pass  31: suminf.    0.51840 (2) obj. 2.85927e+06 iterations 1
Cbc0038I Pass  32: suminf.    0.85776 (4) obj. 2.85927e+06 iterations 9
Cbc0038I Pass  33: suminf.    0.84703 (4) obj. 2.85927e+06 iterations 2
Cbc0038I Pass  34: suminf.    0.90944 (2) obj. 2.85927e+06 iterations 4
Cbc0038I Pass  35: suminf.    0.47991 (2) obj. 2.85927e+06 iterations 3
Cbc0038I Pass  36: suminf.    0.81511 (3) obj. 2.85927e+06 iterations 8
Cbc0038I Pass  37: suminf.    0.80438 (3) obj. 2.85927e+06 iterations 2
Cbc0038I Pass  38: suminf.    0.84703 (4) obj. 2.85927e+06 iterations 10
Cbc0038I Pass  39: suminf.    0.90944 (2) obj. 2.85927e+06 iterations 4
Cbc0038I Pass  40: suminf.    0.47991 (2) obj. 2.85927e+06 iterations 3
Cbc0038I Pass  41: suminf.    0.81511 (3) obj. 2.85927e+06 iterations 8
Cbc0038I Pass  42: suminf.    0.80438 (3) obj. 2.85927e+06 iterations 2
Cbc0038I Pass  43: suminf.    0.84703 (4) obj. 2.85927e+06 iterations 11
Cbc0038I Pass  44: suminf.    0.90944 (2) obj. 2.85927e+06 iterations 4
Cbc0038I Pass  45: suminf.    0.47991 (2) obj. 2.85927e+06 iterations 3
Cbc0038I Pass  46: suminf.    0.81511 (3) obj. 2.85927e+06 iterations 8
Cbc0038I Pass  47: suminf.    0.80438 (3) obj. 2.85927e+06 iterations 2
Cbc0038I Pass  48: suminf.    1.15714 (5) obj. 2.85927e+06 iterations 10
Cbc0038I Pass  49: suminf.    0.90944 (2) obj. 2.85927e+06 iterations 5
Cbc0038I Pass  50: suminf.    0.47991 (2) obj. 2.85927e+06 iterations 3
Cbc0038I Pass  51: suminf.    0.81511 (3) obj. 2.85927e+06 iterations 6
Cbc0038I Pass  52: suminf.    0.80438 (3) obj. 2.85927e+06 iterations 2
Cbc0038I Pass  53: suminf.    1.46441 (5) obj. 2.85927e+06 iterations 8
Cbc0038I Pass  54: suminf.    1.07697 (4) obj. 2.85927e+06 iterations 1
Cbc0038I Pass  55: suminf.    0.90944 (2) obj. 2.85927e+06 iterations 4
Cbc0038I Pass  56: suminf.    0.47991 (2) obj. 2.85927e+06 iterations 3
Cbc0038I Pass  57: suminf.    0.81511 (3) obj. 2.85927e+06 iterations 6
Cbc0038I Pass  58: suminf.    0.80438 (3) obj. 2.85927e+06 iterations 2
Cbc0038I Pass  59: suminf.    1.07697 (4) obj. 2.85927e+06 iterations 3
Cbc0038I Pass  60: suminf.    0.90944 (2) obj. 2.85927e+06 iterations 4
Cbc0038I No solution found this major pass
Cbc0038I Before mini branch and bound, 2 integers at bound fixed and 76 continuous
Cbc0038I Full problem 114 rows 157 columns, reduced to 12 rows 16 columns
Cbc0038I Mini branch and bound did not improve solution (0.04 seconds)
Cbc0038I After 0.04 seconds - Feasibility pump exiting with objective of 2.85938e+06 - took 0.03 seconds
Cbc0012I Integer solution of 2859381.7 found by feasibility pump after 0 iterations and 0 nodes (0.04 seconds)
Cbc0038I Full problem 114 rows 157 columns, reduced to 65 rows 104 columns
Cbc0031I 8 added rows had average density of 18
Cbc0013I At root node, 8 cuts changed objective from 2858960.8 to 2859380.4 in 7 passes
Cbc0014I Cut generator 0 (Probing) - 3 row cuts average 2.0 elements, 0 column cuts (0 active)  in 0.000 seconds - new frequency is 1
Cbc0014I Cut generator 1 (Gomory) - 14 row cuts average 25.6 elements, 0 column cuts (0 active)  in 0.000 seconds - new frequency is 1
Cbc0014I Cut generator 2 (Knapsack) - 0 row cuts average 0.0 elements, 0 column cuts (0 active)  in 0.003 seconds - new frequency is -100
Cbc0014I Cut generator 3 (Clique) - 0 row cuts average 0.0 elements, 0 column cuts (0 active)  in 0.000 seconds - new frequency is -100
Cbc0014I Cut generator 4 (MixedIntegerRounding2) - 4 row cuts average 4.8 elements, 0 column cuts (0 active)  in 0.002 seconds - new frequency is 1
Cbc0014I Cut generator 5 (FlowCover) - 0 row cuts average 0.0 elements, 0 column cuts (0 active)  in 0.002 seconds - new frequency is -100
Cbc0014I Cut generator 6 (TwoMirCuts) - 17 row cuts average 24.6 elements, 0 column cuts (0 active)  in 0.000 seconds - new frequency is -100
Cbc0001I Search completed - best objective 2859381.677528783, took 34 iterations and 0 nodes (0.06 seconds)
Cbc0032I Strong branching done 2 times (11 iterations), fathomed 1 nodes and fixed 0 variables
Cbc0035I Maximum depth 0, 0 variables fixed on reduced cost
Cuts at root node changed objective from 2.85896e+06 to 2.85938e+06
Probing was tried 7 times and created 3 cuts of which 0 were active after adding rounds of cuts (0.000 seconds)
Gomory was tried 7 times and created 14 cuts of which 0 were active after adding rounds of cuts (0.000 seconds)
Knapsack was tried 7 times and created 0 cuts of which 0 were active after adding rounds of cuts (0.003 seconds)
Clique was tried 7 times and created 0 cuts of which 0 were active after adding rounds of cuts (0.000 seconds)
MixedIntegerRounding2 was tried 7 times and created 4 cuts of which 0 were active after adding rounds of cuts (0.002 seconds)
FlowCover was tried 7 times and created 0 cuts of which 0 were active after adding rounds of cuts (0.002 seconds)
TwoMirCuts was tried 7 times and created 17 cuts of which 0 were active after adding rounds of cuts (0.000 seconds)
ZeroHalf was tried 1 times and created 0 cuts of which 0 were active after adding rounds of cuts (0.000 seconds)

Result - Optimal solution found

Objective value:                2859381.67752878
Enumerated nodes:               0
Total iterations:               34
Time (CPU seconds):             0.06
Time (Wallclock seconds):       0.06

Option for printingOptions changed from normal to all
Total time (CPU seconds):       0.08   (Wallclock seconds):       0.08

