Welcome to the CBC MILP Solver 
Version: 2.10.3 
Build Date: Dec 15 2019 

command line - E:\dachuang\.venv\Lib\site-packages\pulp\apis\../solverdir/cbc/win/i64/cbc.exe model.mps -primalTolerance 1e-9 -integerTolerance 1e-9 -ratioGap 0 -allowableGap 0 -threads 0 -branch -printingOptions all -solution solution.txt -saveSolution solution.bin -quit (default strategy 1)
At line 2 NAME          MODEL
At line 3 ROWS
At line 317 COLUMNS
At line 1133 RHS
At line 1446 BOUNDS
At line 1521 ENDATA
Problem MODEL has 312 rows, 241 columns and 647 elements
Coin0008I MODEL read with 0 errors
primalTolerance was changed from 1e-07 to 1e-09
integerTolerance was changed from 1e-07 to 1e-09
ratioGap was changed from 0 to 0
allowableGap was changed from 1e-10 to 0
Continuous objective value is 1.89945e+06 - 0.00 seconds
Cgl0003I 0 fixed, 0 tightened bounds, 2 strengthened rows, 0 substitutions
Cgl0004I processed model has 115 rows, 159 columns (24 integer (24 of which binary)) and 336 elements
Cbc0038I Initial state - 9 integers unsatisfied sum - 2.37865
Cbc0038I Pass   1: suminf.    0.00000 (0) obj. 1.99465e+06 iterations 14
Cbc0038I Solution found of 1.99465e+06
Cbc0038I Relaxing continuous gives 1.91906e+06
Cbc0038I Before mini branch and bound, 15 integers at bound fixed and 84 continuous
Cbc0038I Full problem 115 rows 159 columns, reduced to 12 rows 16 columns
Cbc0038I Mini branch and bound improved solution from 1.91906e+06 to 1.89975e+06 (0.01 seconds)
Cbc0038I Freeing continuous variables gives a solution of 1.89975e+06
Cbc0038I Round again with cutoff of 1.89972e+06
Cbc0038I Pass   2: suminf.    0.82430 (3) obj. 1.89972e+06 iterations 18
Cbc0038I Pass   3: suminf.    0.00000 (0) obj. 1.89972e+06 iterations 11
Cbc0038I Solution found of 1.89972e+06
Cbc0038I Relaxing continuous gives 1.89957e+06
Cbc0038I Before mini branch and bound, 14 integers at bound fixed and 81 continuous
Cbc0038I Full problem 115 rows 159 columns, reduced to 14 rows 18 columns
Cbc0038I Mini branch and bound improved solution from 1.89957e+06 to 1.89954e+06 (0.01 seconds)
Cbc0038I Freeing continuous variables gives a solution of 1.89954e+06
Cbc0038I Round again with cutoff of 1.89952e+06
Cbc0038I Pass   4: suminf.    0.92942 (5) obj. 1.89952e+06 iterations 3
Cbc0038I Pass   5: suminf.    0.91649 (4) obj. 1.89952e+06 iterations 3
Cbc0038I Pass   6: suminf.    0.92105 (4) obj. 1.89952e+06 iterations 9
Cbc0038I Pass   7: suminf.    0.92105 (4) obj. 1.89952e+06 iterations 0
Cbc0038I Pass   8: suminf.    0.99715 (4) obj. 1.89952e+06 iterations 7
Cbc0038I Pass   9: suminf.    1.67149 (6) obj. 1.89952e+06 iterations 4
Cbc0038I Pass  10: suminf.    1.43149 (5) obj. 1.89952e+06 iterations 1
Cbc0038I Pass  11: suminf.    0.92105 (4) obj. 1.89952e+06 iterations 16
Cbc0038I Pass  12: suminf.    0.99715 (4) obj. 1.89952e+06 iterations 7
Cbc0038I Pass  13: suminf.    1.17997 (5) obj. 1.89952e+06 iterations 9
Cbc0038I Pass  14: suminf.    0.92105 (4) obj. 1.89952e+06 iterations 7
Cbc0038I Pass  15: suminf.    0.99715 (4) obj. 1.89952e+06 iterations 7
Cbc0038I Pass  16: suminf.    1.23715 (5) obj. 1.89952e+06 iterations 5
Cbc0038I Pass  17: suminf.    0.99715 (4) obj. 1.89952e+06 iterations 1
Cbc0038I Pass  18: suminf.    0.92105 (4) obj. 1.89952e+06 iterations 6
Cbc0038I Pass  19: suminf.    1.31305 (6) obj. 1.89952e+06 iterations 5
Cbc0038I Pass  20: suminf.    0.99715 (4) obj. 1.89952e+06 iterations 9
Cbc0038I Pass  21: suminf.    0.92105 (4) obj. 1.89952e+06 iterations 6
Cbc0038I Pass  22: suminf.    1.10220 (6) obj. 1.89952e+06 iterations 15
Cbc0038I Pass  23: suminf.    0.53520 (3) obj. 1.89952e+06 iterations 6
Cbc0038I Pass  24: suminf.    0.07895 (1) obj. 1.89952e+06 iterations 3
Cbc0038I Pass  25: suminf.    0.07642 (1) obj. 1.89952e+06 iterations 1
Cbc0038I Pass  26: suminf.    1.50291 (5) obj. 1.89952e+06 iterations 16
Cbc0038I Pass  27: suminf.    0.31977 (2) obj. 1.89952e+06 iterations 7
Cbc0038I Pass  28: suminf.    0.09905 (1) obj. 1.89952e+06 iterations 2
Cbc0038I Pass  29: suminf.    0.05828 (1) obj. 1.89952e+06 iterations 1
Cbc0038I Pass  30: suminf.    0.83250 (3) obj. 1.89952e+06 iterations 14
Cbc0038I Pass  31: suminf.    0.26746 (2) obj. 1.89952e+06 iterations 5
Cbc0038I Pass  32: suminf.    0.09905 (1) obj. 1.89952e+06 iterations 2
Cbc0038I Pass  33: suminf.    0.05828 (1) obj. 1.89952e+06 iterations 1
Cbc0038I No solution found this major pass
Cbc0038I Before mini branch and bound, 0 integers at bound fixed and 71 continuous
Cbc0038I Full problem 115 rows 159 columns, reduced to 17 rows 22 columns
Cbc0038I Mini branch and bound improved solution from 1.89954e+06 to 1.89953e+06 (0.03 seconds)
Cbc0038I Freeing continuous variables gives a solution of 1.89953e+06
Cbc0038I Round again with cutoff of 1.8995e+06
Cbc0038I Pass  33: suminf.    1.02112 (5) obj. 1.8995e+06 iterations 0
Cbc0038I Pass  34: suminf.    1.01811 (5) obj. 1.8995e+06 iterations 3
Cbc0038I Pass  35: suminf.    1.00256 (4) obj. 1.8995e+06 iterations 8
Cbc0038I Pass  36: suminf.    1.00256 (4) obj. 1.8995e+06 iterations 0
Cbc0038I Pass  37: suminf.    1.11886 (4) obj. 1.8995e+06 iterations 9
Cbc0038I Pass  38: suminf.    1.56804 (6) obj. 1.8995e+06 iterations 4
Cbc0038I Pass  39: suminf.    1.32804 (5) obj. 1.8995e+06 iterations 1
Cbc0038I Pass  40: suminf.    1.00256 (4) obj. 1.8995e+06 iterations 8
Cbc0038I Pass  41: suminf.    1.11886 (4) obj. 1.8995e+06 iterations 9
Cbc0038I Pass  42: suminf.    1.54168 (6) obj. 1.8995e+06 iterations 2
Cbc0038I Pass  43: suminf.    1.30168 (5) obj. 1.8995e+06 iterations 1
Cbc0038I Pass  44: suminf.    1.44713 (6) obj. 1.8995e+06 iterations 5
Cbc0038I Pass  45: suminf.    1.00256 (4) obj. 1.8995e+06 iterations 9
Cbc0038I Pass  46: suminf.    1.11886 (4) obj. 1.8995e+06 iterations 9
Cbc0038I Pass  47: suminf.    1.32804 (5) obj. 1.8995e+06 iterations 8
Cbc0038I Pass  48: suminf.    1.00256 (4) obj. 1.8995e+06 iterations 8
Cbc0038I Pass  49: suminf.    1.11886 (4) obj. 1.8995e+06 iterations 9
Cbc0038I Pass  50: suminf.    1.56804 (6) obj. 1.8995e+06 iterations 7
Cbc0038I Pass  51: suminf.    1.32804 (5) obj. 1.8995e+06 iterations 1
Cbc0038I Pass  52: suminf.    1.00256 (4) obj. 1.8995e+06 iterations 8
Cbc0038I Pass  53: suminf.    1.11886 (4) obj. 1.8995e+06 iterations 9
Cbc0038I Pass  54: suminf.    1.11886 (4) obj. 1.8995e+06 iterations 3
Cbc0038I Pass  55: suminf.    1.00256 (4) obj. 1.8995e+06 iterations 7
Cbc0038I Pass  56: suminf.    1.11886 (4) obj. 1.8995e+06 iterations 9
Cbc0038I Pass  57: suminf.    1.75845 (6) obj. 1.8995e+06 iterations 4
Cbc0038I Pass  58: suminf.    1.38035 (5) obj. 1.8995e+06 iterations 1
Cbc0038I Pass  59: suminf.    1.00256 (4) obj. 1.8995e+06 iterations 8
Cbc0038I Pass  60: suminf.    1.11886 (4) obj. 1.8995e+06 iterations 9
Cbc0038I Pass  61: suminf.    2.08544 (8) obj. 1.8995e+06 iterations 13
Cbc0038I Pass  62: suminf.    1.30168 (5) obj. 1.8995e+06 iterations 3
Cbc0038I No solution found this major pass
Cbc0038I Before mini branch and bound, 1 integers at bound fixed and 76 continuous
Cbc0038I Full problem 115 rows 159 columns, reduced to 15 rows 19 columns
Cbc0038I Mini branch and bound did not improve solution (0.04 seconds)
Cbc0038I After 0.04 seconds - Feasibility pump exiting with objective of 1.89953e+06 - took 0.03 seconds
Cbc0012I Integer solution of 1899532.7 found by feasibility pump after 0 iterations and 0 nodes (0.04 seconds)
Cbc0038I Full problem 115 rows 159 columns, reduced to 82 rows 123 columns
Cbc0031I 11 added rows had average density of 5.9090909
Cbc0013I At root node, 22 cuts changed objective from 1899448.2 to 1899532.7 in 5 passes
Cbc0014I Cut generator 0 (Probing) - 4 row cuts average 2.0 elements, 1 column cuts (1 active)  in 0.000 seconds - new frequency is 1
Cbc0014I Cut generator 1 (Gomory) - 21 row cuts average 9.6 elements, 0 column cuts (0 active)  in 0.000 seconds - new frequency is 1
Cbc0014I Cut generator 2 (Knapsack) - 0 row cuts average 0.0 elements, 0 column cuts (0 active)  in 0.002 seconds - new frequency is -100
Cbc0014I Cut generator 3 (Clique) - 0 row cuts average 0.0 elements, 0 column cuts (0 active)  in 0.000 seconds - new frequency is -100
Cbc0014I Cut generator 4 (MixedIntegerRounding2) - 8 row cuts average 4.9 elements, 0 column cuts (0 active)  in 0.000 seconds - new frequency is 1
Cbc0014I Cut generator 5 (FlowCover) - 1 row cuts average 2.0 elements, 0 column cuts (0 active)  in 0.000 seconds - new frequency is -100
Cbc0014I Cut generator 6 (TwoMirCuts) - 21 row cuts average 6.0 elements, 0 column cuts (0 active)  in 0.000 seconds - new frequency is -100
Cbc0001I Search completed - best objective 1899532.707000031, took 38 iterations and 0 nodes (0.05 seconds)
Cbc0035I Maximum depth 0, 0 variables fixed on reduced cost
Cuts at root node changed objective from 1.89945e+06 to 1.89953e+06
Probing was tried 5 times and created 5 cuts of which 0 were active after adding rounds of cuts (0.000 seconds)
Gomory was tried 5 times and created 21 cuts of which 0 were active after adding rounds of cuts (0.000 seconds)
Knapsack was tried 5 times and created 0 cuts of which 0 were active after adding rounds of cuts (0.002 seconds)
Clique was tried 5 times and created 0 cuts of which 0 were active after adding rounds of cuts (0.000 seconds)
MixedIntegerRounding2 was tried 5 times and created 8 cuts of which 0 were active after adding rounds of cuts (0.000 seconds)
FlowCover was tried 5 times and created 1 cuts of which 0 were active after adding rounds of cuts (0.000 seconds)
TwoMirCuts was tried 5 times and created 21 cuts of which 0 were active after adding rounds of cuts (0.000 seconds)
ZeroHalf was tried 1 times and created 0 cuts of which 0 were active after adding rounds of cuts (0.000 seconds)

Result - Optimal solution found

Objective value:                1899532.70700003
Enumerated nodes:               0
Total iterations:               38
Time (CPU seconds):             0.05
Time (Wallclock seconds):       0.05

Option for printingOptions changed from normal to all
Total time (CPU seconds):       0.08   (Wallclock seconds):       0.08

