Welcome to the CBC MILP Solver 
Version: 2.10.3 
Build Date: Dec 15 2019 

command line - E:\dachuang\.venv\Lib\site-packages\pulp\apis\../solverdir/cbc/win/i64/cbc.exe model.mps -primalTolerance 1e-9 -integerTolerance 1e-9 -ratioGap 0 -allowableGap 0 -threads 0 -branch -printingOptions all -solution solution.txt -saveSolution solution.bin -quit (default strategy 1)
At line 2 NAME          MODEL
At line 3 ROWS
At line 317 COLUMNS
At line 1133 RHS
At line 1446 BOUNDS
At line 1521 ENDATA
Problem MODEL has 312 rows, 241 columns and 647 elements
Coin0008I MODEL read with 0 errors
primalTolerance was changed from 1e-07 to 1e-09
integerTolerance was changed from 1e-07 to 1e-09
ratioGap was changed from 0 to 0
allowableGap was changed from 1e-10 to 0
Continuous objective value is 2.9047e+06 - 0.00 seconds
Cgl0003I 0 fixed, 0 tightened bounds, 2 strengthened rows, 0 substitutions
Cgl0004I processed model has 114 rows, 157 columns (24 integer (24 of which binary)) and 331 elements
Cbc0038I Initial state - 8 integers unsatisfied sum - 2.82414
Cbc0038I Pass   1: suminf.    0.00000 (0) obj. 3.01439e+06 iterations 12
Cbc0038I Solution found of 3.01439e+06
Cbc0038I Relaxing continuous gives 2.93432e+06
Cbc0038I Before mini branch and bound, 16 integers at bound fixed and 92 continuous
Cbc0038I Full problem 114 rows 157 columns, reduced to 13 rows 15 columns
Cbc0038I Mini branch and bound improved solution from 2.93432e+06 to 2.90517e+06 (0.02 seconds)
Cbc0038I Round again with cutoff of 2.90513e+06
Cbc0038I Pass   2: suminf.    0.54073 (2) obj. 2.90513e+06 iterations 23
Cbc0038I Pass   3: suminf.    0.00000 (0) obj. 2.90513e+06 iterations 10
Cbc0038I Solution found of 2.90513e+06
Cbc0038I Relaxing continuous gives 2.9051e+06
Cbc0038I Before mini branch and bound, 16 integers at bound fixed and 88 continuous
Cbc0038I Full problem 114 rows 157 columns, reduced to 19 rows 25 columns
Cbc0038I Mini branch and bound improved solution from 2.9051e+06 to 2.90489e+06 (0.02 seconds)
Cbc0038I Round again with cutoff of 2.90485e+06
Cbc0038I Pass   4: suminf.    0.95815 (3) obj. 2.90485e+06 iterations 4
Cbc0038I Pass   5: suminf.    0.50526 (3) obj. 2.90485e+06 iterations 12
Cbc0038I Pass   6: suminf.    0.47534 (2) obj. 2.90485e+06 iterations 10
Cbc0038I Pass   7: suminf.    0.57050 (3) obj. 2.90485e+06 iterations 11
Cbc0038I Pass   8: suminf.    0.57050 (3) obj. 2.90485e+06 iterations 0
Cbc0038I Pass   9: suminf.    0.86966 (3) obj. 2.90485e+06 iterations 3
Cbc0038I Pass  10: suminf.    0.48034 (3) obj. 2.90485e+06 iterations 1
Cbc0038I Pass  11: suminf.    0.47534 (2) obj. 2.90485e+06 iterations 1
Cbc0038I Pass  12: suminf.    0.57050 (3) obj. 2.90485e+06 iterations 10
Cbc0038I Pass  13: suminf.    0.57050 (3) obj. 2.90485e+06 iterations 0
Cbc0038I Pass  14: suminf.    0.86966 (3) obj. 2.90485e+06 iterations 3
Cbc0038I Pass  15: suminf.    0.48034 (3) obj. 2.90485e+06 iterations 1
Cbc0038I Pass  16: suminf.    0.47534 (2) obj. 2.90485e+06 iterations 1
Cbc0038I Pass  17: suminf.    0.57050 (3) obj. 2.90485e+06 iterations 10
Cbc0038I Pass  18: suminf.    0.57050 (3) obj. 2.90485e+06 iterations 0
Cbc0038I Pass  19: suminf.    0.86966 (3) obj. 2.90485e+06 iterations 3
Cbc0038I Pass  20: suminf.    0.48034 (3) obj. 2.90485e+06 iterations 1
Cbc0038I Pass  21: suminf.    0.47534 (2) obj. 2.90485e+06 iterations 1
Cbc0038I Pass  22: suminf.    0.57050 (3) obj. 2.90485e+06 iterations 10
Cbc0038I Pass  23: suminf.    0.57050 (3) obj. 2.90485e+06 iterations 0
Cbc0038I Pass  24: suminf.    0.86966 (3) obj. 2.90485e+06 iterations 3
Cbc0038I Pass  25: suminf.    0.48034 (3) obj. 2.90485e+06 iterations 1
Cbc0038I Pass  26: suminf.    0.47534 (2) obj. 2.90485e+06 iterations 1
Cbc0038I Pass  27: suminf.    0.57050 (3) obj. 2.90485e+06 iterations 10
Cbc0038I Pass  28: suminf.    0.57050 (3) obj. 2.90485e+06 iterations 0
Cbc0038I Pass  29: suminf.    0.86966 (3) obj. 2.90485e+06 iterations 3
Cbc0038I Pass  30: suminf.    0.48034 (3) obj. 2.90485e+06 iterations 1
Cbc0038I Pass  31: suminf.    0.47534 (2) obj. 2.90485e+06 iterations 1
Cbc0038I Pass  32: suminf.    0.57050 (3) obj. 2.90485e+06 iterations 10
Cbc0038I Pass  33: suminf.    0.57050 (3) obj. 2.90485e+06 iterations 0
Cbc0038I No solution found this major pass
Cbc0038I Before mini branch and bound, 16 integers at bound fixed and 88 continuous
Cbc0038I Full problem 114 rows 157 columns, reduced to 20 rows 26 columns
Cbc0038I Mini branch and bound did not improve solution (0.04 seconds)
Cbc0038I After 0.04 seconds - Feasibility pump exiting with objective of 2.90489e+06 - took 0.03 seconds
Cbc0012I Integer solution of 2904893.5 found by feasibility pump after 0 iterations and 0 nodes (0.04 seconds)
Cbc0038I Full problem 114 rows 157 columns, reduced to 68 rows 107 columns
Cbc0031I 11 added rows had average density of 16.727273
Cbc0013I At root node, 11 cuts changed objective from 2904699.3 to 2904878.1 in 95 passes
Cbc0014I Cut generator 0 (Probing) - 1 row cuts average 2.0 elements, 1 column cuts (1 active)  in 0.011 seconds - new frequency is -100
Cbc0014I Cut generator 1 (Gomory) - 204 row cuts average 32.5 elements, 0 column cuts (0 active)  in 0.010 seconds - new frequency is 1
Cbc0014I Cut generator 2 (Knapsack) - 0 row cuts average 0.0 elements, 0 column cuts (0 active)  in 0.019 seconds - new frequency is -100
Cbc0014I Cut generator 3 (Clique) - 0 row cuts average 0.0 elements, 0 column cuts (0 active)  in 0.001 seconds - new frequency is -100
Cbc0014I Cut generator 4 (MixedIntegerRounding2) - 1 row cuts average 4.0 elements, 0 column cuts (0 active)  in 0.009 seconds - new frequency is -100
Cbc0014I Cut generator 5 (FlowCover) - 1 row cuts average 2.0 elements, 0 column cuts (0 active)  in 0.022 seconds - new frequency is -100
Cbc0014I Cut generator 6 (TwoMirCuts) - 28 row cuts average 13.7 elements, 0 column cuts (0 active)  in 0.003 seconds - new frequency is -100
Cbc0010I After 0 nodes, 1 on tree, 2904893.5 best solution, best possible 2904878.1 (0.20 seconds)
Cbc0001I Search completed - best objective 2904893.527861736, took 700 iterations and 4 nodes (0.21 seconds)
Cbc0032I Strong branching done 18 times (70 iterations), fathomed 2 nodes and fixed 0 variables
Cbc0035I Maximum depth 1, 0 variables fixed on reduced cost
Cuts at root node changed objective from 2.9047e+06 to 2.90488e+06
Probing was tried 95 times and created 2 cuts of which 0 were active after adding rounds of cuts (0.011 seconds)
Gomory was tried 102 times and created 208 cuts of which 0 were active after adding rounds of cuts (0.010 seconds)
Knapsack was tried 95 times and created 0 cuts of which 0 were active after adding rounds of cuts (0.019 seconds)
Clique was tried 95 times and created 0 cuts of which 0 were active after adding rounds of cuts (0.001 seconds)
MixedIntegerRounding2 was tried 95 times and created 1 cuts of which 0 were active after adding rounds of cuts (0.009 seconds)
FlowCover was tried 95 times and created 1 cuts of which 0 were active after adding rounds of cuts (0.022 seconds)
TwoMirCuts was tried 95 times and created 28 cuts of which 0 were active after adding rounds of cuts (0.003 seconds)
ZeroHalf was tried 1 times and created 0 cuts of which 0 were active after adding rounds of cuts (0.000 seconds)

Result - Optimal solution found

Objective value:                2904893.52786174
Enumerated nodes:               4
Total iterations:               700
Time (CPU seconds):             0.21
Time (Wallclock seconds):       0.21

Option for printingOptions changed from normal to all
Total time (CPU seconds):       0.24   (Wallclock seconds):       0.24

