Welcome to the CBC MILP Solver 
Version: 2.10.3 
Build Date: Dec 15 2019 

command line - E:\dachuang\.venv\Lib\site-packages\pulp\apis\../solverdir/cbc/win/i64/cbc.exe model.mps -primalTolerance 1e-9 -integerTolerance 1e-9 -ratioGap 0 -allowableGap 0 -threads 0 -branch -printingOptions all -solution solution.txt -saveSolution solution.bin -quit (default strategy 1)
At line 2 NAME          MODEL
At line 3 ROWS
At line 317 COLUMNS
At line 1133 RHS
At line 1446 BOUNDS
At line 1521 ENDATA
Problem MODEL has 312 rows, 241 columns and 647 elements
Coin0008I MODEL read with 0 errors
primalTolerance was changed from 1e-07 to 1e-09
integerTolerance was changed from 1e-07 to 1e-09
ratioGap was changed from 0 to 0
allowableGap was changed from 1e-10 to 0
Continuous objective value is 1.70444e+06 - 0.00 seconds
Cgl0003I 0 fixed, 0 tightened bounds, 3 strengthened rows, 0 substitutions
Cgl0004I processed model has 115 rows, 159 columns (24 integer (24 of which binary)) and 336 elements
Cbc0038I Initial state - 9 integers unsatisfied sum - 2.84185
Cbc0038I Pass   1: suminf.    0.00000 (0) obj. 1.72783e+06 iterations 18
Cbc0038I Solution found of 1.72783e+06
Cbc0038I Relaxing continuous gives 1.70873e+06
Cbc0038I Before mini branch and bound, 15 integers at bound fixed and 85 continuous
Cbc0038I Full problem 115 rows 159 columns, reduced to 9 rows 12 columns
Cbc0038I Mini branch and bound improved solution from 1.70873e+06 to 1.70489e+06 (0.01 seconds)
Cbc0038I Round again with cutoff of 1.70485e+06
Cbc0038I Pass   2: suminf.    1.04099 (4) obj. 1.70485e+06 iterations 15
Cbc0038I Pass   3: suminf.    0.18641 (1) obj. 1.70485e+06 iterations 10
Cbc0038I Pass   4: suminf.    0.00000 (0) obj. 1.70485e+06 iterations 2
Cbc0038I Solution found of 1.70485e+06
Cbc0038I Relaxing continuous gives 1.70468e+06
Cbc0038I Before mini branch and bound, 13 integers at bound fixed and 80 continuous
Cbc0038I Full problem 115 rows 159 columns, reduced to 18 rows 24 columns
Cbc0038I Mini branch and bound improved solution from 1.70468e+06 to 1.70462e+06 (0.02 seconds)
Cbc0038I Round again with cutoff of 1.70458e+06
Cbc0038I Pass   5: suminf.    1.48052 (5) obj. 1.70458e+06 iterations 2
Cbc0038I Pass   6: suminf.    1.17739 (4) obj. 1.70458e+06 iterations 7
Cbc0038I Pass   7: suminf.    0.44954 (2) obj. 1.70458e+06 iterations 7
Cbc0038I Pass   8: suminf.    0.44954 (3) obj. 1.70458e+06 iterations 7
Cbc0038I Pass   9: suminf.    0.51765 (3) obj. 1.70458e+06 iterations 4
Cbc0038I Pass  10: suminf.    0.51765 (2) obj. 1.70458e+06 iterations 2
Cbc0038I Pass  11: suminf.    0.87291 (3) obj. 1.70458e+06 iterations 6
Cbc0038I Pass  12: suminf.    0.44954 (3) obj. 1.70458e+06 iterations 6
Cbc0038I Pass  13: suminf.    0.51765 (3) obj. 1.70458e+06 iterations 4
Cbc0038I Pass  14: suminf.    0.51765 (2) obj. 1.70458e+06 iterations 2
Cbc0038I Pass  15: suminf.    0.51765 (2) obj. 1.70458e+06 iterations 12
Cbc0038I Pass  16: suminf.    0.51765 (2) obj. 1.70458e+06 iterations 0
Cbc0038I Pass  17: suminf.    0.44954 (2) obj. 1.70458e+06 iterations 2
Cbc0038I Pass  18: suminf.    0.42032 (1) obj. 1.70458e+06 iterations 8
Cbc0038I Pass  19: suminf.    0.44954 (2) obj. 1.70458e+06 iterations 3
Cbc0038I Pass  20: suminf.    0.44954 (2) obj. 1.70458e+06 iterations 6
Cbc0038I Pass  21: suminf.    0.51765 (2) obj. 1.70458e+06 iterations 6
Cbc0038I Pass  22: suminf.    0.58748 (2) obj. 1.70458e+06 iterations 15
Cbc0038I Pass  23: suminf.    0.51765 (2) obj. 1.70458e+06 iterations 7
Cbc0038I Pass  24: suminf.    0.44954 (3) obj. 1.70458e+06 iterations 5
Cbc0038I Pass  25: suminf.    0.51765 (3) obj. 1.70458e+06 iterations 4
Cbc0038I Pass  26: suminf.    0.88536 (3) obj. 1.70458e+06 iterations 25
Cbc0038I Pass  27: suminf.    0.62038 (2) obj. 1.70458e+06 iterations 5
Cbc0038I Pass  28: suminf.    0.53011 (2) obj. 1.70458e+06 iterations 1
Cbc0038I Pass  29: suminf.    0.67923 (3) obj. 1.70458e+06 iterations 10
Cbc0038I Pass  30: suminf.    0.67923 (3) obj. 1.70458e+06 iterations 0
Cbc0038I Pass  31: suminf.    0.37962 (2) obj. 1.70458e+06 iterations 3
Cbc0038I Pass  32: suminf.    0.37962 (1) obj. 1.70458e+06 iterations 2
Cbc0038I Solution found of 1.70458e+06
Cbc0038I Relaxing continuous gives 1.70452e+06
Cbc0038I Before mini branch and bound, 3 integers at bound fixed and 67 continuous
Cbc0038I Full problem 115 rows 159 columns, reduced to 24 rows 31 columns
Cbc0038I Mini branch and bound improved solution from 1.70452e+06 to 1.70452e+06 (0.03 seconds)
Cbc0038I Round again with cutoff of 1.7045e+06
Cbc0038I Pass  33: suminf.    1.67568 (8) obj. 1.7045e+06 iterations 4
Cbc0038I Pass  34: suminf.    1.57319 (7) obj. 1.7045e+06 iterations 1
Cbc0038I Pass  35: suminf.    0.22725 (1) obj. 1.7045e+06 iterations 13
Cbc0038I Pass  36: suminf.    0.07991 (1) obj. 1.7045e+06 iterations 1
Cbc0038I Pass  37: suminf.    0.98741 (3) obj. 1.7045e+06 iterations 13
Cbc0038I Pass  38: suminf.    0.88491 (2) obj. 1.7045e+06 iterations 1
Cbc0038I Pass  39: suminf.    0.91861 (3) obj. 1.7045e+06 iterations 2
Cbc0038I Pass  40: suminf.    0.91861 (3) obj. 1.7045e+06 iterations 0
Cbc0038I Pass  41: suminf.    0.22725 (1) obj. 1.7045e+06 iterations 4
Cbc0038I Pass  42: suminf.    0.07991 (1) obj. 1.7045e+06 iterations 1
Cbc0038I Pass  43: suminf.    0.78796 (4) obj. 1.7045e+06 iterations 9
Cbc0038I Pass  44: suminf.    1.02111 (3) obj. 1.7045e+06 iterations 4
Cbc0038I Pass  45: suminf.    1.02111 (3) obj. 1.7045e+06 iterations 0
Cbc0038I Pass  46: suminf.    0.37196 (3) obj. 1.7045e+06 iterations 5
Cbc0038I Pass  47: suminf.    0.37196 (3) obj. 1.7045e+06 iterations 0
Cbc0038I Pass  48: suminf.    0.37196 (3) obj. 1.7045e+06 iterations 7
Cbc0038I Pass  49: suminf.    1.02111 (3) obj. 1.7045e+06 iterations 4
Cbc0038I Pass  50: suminf.    1.02111 (3) obj. 1.7045e+06 iterations 0
Cbc0038I Pass  51: suminf.    0.37196 (3) obj. 1.7045e+06 iterations 6
Cbc0038I Pass  52: suminf.    0.37196 (3) obj. 1.7045e+06 iterations 0
Cbc0038I Pass  53: suminf.    0.37196 (3) obj. 1.7045e+06 iterations 1
Cbc0038I Pass  54: suminf.    1.02111 (3) obj. 1.7045e+06 iterations 4
Cbc0038I Pass  55: suminf.    1.02111 (3) obj. 1.7045e+06 iterations 0
Cbc0038I Pass  56: suminf.    0.37196 (3) obj. 1.7045e+06 iterations 6
Cbc0038I Pass  57: suminf.    0.37196 (3) obj. 1.7045e+06 iterations 0
Cbc0038I Pass  58: suminf.    0.99515 (5) obj. 1.7045e+06 iterations 9
Cbc0038I Pass  59: suminf.    0.94390 (5) obj. 1.7045e+06 iterations 1
Cbc0038I Pass  60: suminf.    0.94390 (5) obj. 1.7045e+06 iterations 1
Cbc0038I Pass  61: suminf.    0.37196 (3) obj. 1.7045e+06 iterations 9
Cbc0038I Pass  62: suminf.    0.37196 (3) obj. 1.7045e+06 iterations 0
Cbc0038I No solution found this major pass
Cbc0038I Before mini branch and bound, 4 integers at bound fixed and 74 continuous
Cbc0038I Full problem 115 rows 159 columns, reduced to 24 rows 31 columns
Cbc0038I Mini branch and bound did not improve solution (0.05 seconds)
Cbc0038I After 0.05 seconds - Feasibility pump exiting with objective of 1.70452e+06 - took 0.04 seconds
Cbc0012I Integer solution of 1704520.6 found by feasibility pump after 0 iterations and 0 nodes (0.05 seconds)
Cbc0038I Full problem 115 rows 159 columns, reduced to 82 rows 123 columns
Cbc0031I 9 added rows had average density of 14
Cbc0013I At root node, 9 cuts changed objective from 1704458.7 to 1704506 in 100 passes
Cbc0014I Cut generator 0 (Probing) - 1 row cuts average 2.0 elements, 0 column cuts (0 active)  in 0.011 seconds - new frequency is -100
Cbc0014I Cut generator 1 (Gomory) - 501 row cuts average 27.7 elements, 0 column cuts (0 active)  in 0.013 seconds - new frequency is 1
Cbc0014I Cut generator 2 (Knapsack) - 0 row cuts average 0.0 elements, 0 column cuts (0 active)  in 0.020 seconds - new frequency is -100
Cbc0014I Cut generator 3 (Clique) - 0 row cuts average 0.0 elements, 0 column cuts (0 active)  in 0.001 seconds - new frequency is -100
Cbc0014I Cut generator 4 (MixedIntegerRounding2) - 9 row cuts average 5.7 elements, 0 column cuts (0 active)  in 0.011 seconds - new frequency is -100
Cbc0014I Cut generator 5 (FlowCover) - 0 row cuts average 0.0 elements, 0 column cuts (0 active)  in 0.013 seconds - new frequency is -100
Cbc0014I Cut generator 6 (TwoMirCuts) - 25 row cuts average 10.4 elements, 0 column cuts (0 active)  in 0.005 seconds - new frequency is -100
Cbc0010I After 0 nodes, 1 on tree, 1704520.6 best solution, best possible 1704506 (0.19 seconds)
Cbc0001I Search completed - best objective 1704520.553169315, took 1050 iterations and 4 nodes (0.21 seconds)
Cbc0032I Strong branching done 22 times (120 iterations), fathomed 1 nodes and fixed 3 variables
Cbc0035I Maximum depth 1, 0 variables fixed on reduced cost
Cuts at root node changed objective from 1.70446e+06 to 1.70451e+06
Probing was tried 100 times and created 1 cuts of which 0 were active after adding rounds of cuts (0.011 seconds)
Gomory was tried 115 times and created 534 cuts of which 0 were active after adding rounds of cuts (0.016 seconds)
Knapsack was tried 100 times and created 0 cuts of which 0 were active after adding rounds of cuts (0.020 seconds)
Clique was tried 100 times and created 0 cuts of which 0 were active after adding rounds of cuts (0.001 seconds)
MixedIntegerRounding2 was tried 100 times and created 9 cuts of which 0 were active after adding rounds of cuts (0.011 seconds)
FlowCover was tried 100 times and created 0 cuts of which 0 were active after adding rounds of cuts (0.013 seconds)
TwoMirCuts was tried 100 times and created 25 cuts of which 0 were active after adding rounds of cuts (0.005 seconds)
ZeroHalf was tried 1 times and created 0 cuts of which 0 were active after adding rounds of cuts (0.000 seconds)

Result - Optimal solution found

Objective value:                1704520.55316932
Enumerated nodes:               4
Total iterations:               1050
Time (CPU seconds):             0.21
Time (Wallclock seconds):       0.21

Option for printingOptions changed from normal to all
Total time (CPU seconds):       0.24   (Wallclock seconds):       0.24

