Welcome to the CBC MILP Solver 
Version: 2.10.3 
Build Date: Dec 15 2019 

command line - E:\dachuang\.venv\Lib\site-packages\pulp\apis\../solverdir/cbc/win/i64/cbc.exe model.mps -primalTolerance 1e-9 -integerTolerance 1e-9 -ratioGap 0 -allowableGap 0 -threads 0 -branch -printingOptions all -solution solution.txt -saveSolution solution.bin -quit (default strategy 1)
At line 2 NAME          MODEL
At line 3 ROWS
At line 317 COLUMNS
At line 1133 RHS
At line 1446 BOUNDS
At line 1521 ENDATA
Problem MODEL has 312 rows, 241 columns and 647 elements
Coin0008I MODEL read with 0 errors
primalTolerance was changed from 1e-07 to 1e-09
integerTolerance was changed from 1e-07 to 1e-09
ratioGap was changed from 0 to 0
allowableGap was changed from 1e-10 to 0
Continuous objective value is 1.64326e+06 - 0.00 seconds
Cgl0003I 0 fixed, 0 tightened bounds, 2 strengthened rows, 0 substitutions
Cgl0004I processed model has 115 rows, 159 columns (24 integer (24 of which binary)) and 336 elements
Cbc0038I Initial state - 4 integers unsatisfied sum - 1.09855
Cbc0038I Pass   1: suminf.    0.00000 (0) obj. 1.64352e+06 iterations 6
Cbc0038I Solution found of 1.64352e+06
Cbc0038I Relaxing continuous gives 1.64352e+06
Cbc0038I Before mini branch and bound, 20 integers at bound fixed and 101 continuous
Cbc0038I Full problem 115 rows 159 columns, reduced to 2 rows 2 columns
Cbc0038I Mini branch and bound did not improve solution (0.01 seconds)
Cbc0038I Freeing continuous variables gives a solution of 1.64352e+06
Cbc0038I Round again with cutoff of 1.64349e+06
Cbc0038I Pass   2: suminf.    0.10986 (1) obj. 1.64349e+06 iterations 2
Cbc0038I Pass   3: suminf.    0.13230 (1) obj. 1.64349e+06 iterations 13
Cbc0038I Pass   4: suminf.    0.13230 (1) obj. 1.64349e+06 iterations 4
Cbc0038I Pass   5: suminf.    0.10986 (1) obj. 1.64349e+06 iterations 1
Cbc0038I Pass   6: suminf.    0.13230 (1) obj. 1.64349e+06 iterations 9
Cbc0038I Pass   7: suminf.    0.37382 (2) obj. 1.64349e+06 iterations 4
Cbc0038I Pass   8: suminf.    0.10986 (1) obj. 1.64349e+06 iterations 2
Cbc0038I Pass   9: suminf.    0.13230 (1) obj. 1.64349e+06 iterations 7
Cbc0038I Pass  10: suminf.    0.39235 (1) obj. 1.64349e+06 iterations 7
Cbc0038I Pass  11: suminf.    0.10986 (1) obj. 1.64349e+06 iterations 2
Cbc0038I Pass  12: suminf.    0.39235 (1) obj. 1.64349e+06 iterations 7
Cbc0038I Pass  13: suminf.    0.51920 (2) obj. 1.64349e+06 iterations 12
Cbc0038I Pass  14: suminf.    0.10986 (1) obj. 1.64349e+06 iterations 2
Cbc0038I Pass  15: suminf.    0.39235 (1) obj. 1.64349e+06 iterations 4
Cbc0038I Pass  16: suminf.    0.39235 (1) obj. 1.64349e+06 iterations 9
Cbc0038I Pass  17: suminf.    0.10986 (1) obj. 1.64349e+06 iterations 1
Cbc0038I Pass  18: suminf.    0.39235 (1) obj. 1.64349e+06 iterations 5
Cbc0038I Pass  19: suminf.    0.33505 (3) obj. 1.64349e+06 iterations 20
Cbc0038I Pass  20: suminf.    0.09505 (2) obj. 1.64349e+06 iterations 1
Cbc0038I Pass  21: suminf.    0.45412 (2) obj. 1.64349e+06 iterations 8
Cbc0038I Pass  22: suminf.    0.80351 (3) obj. 1.64349e+06 iterations 12
Cbc0038I Pass  23: suminf.    0.11863 (2) obj. 1.64349e+06 iterations 2
Cbc0038I Pass  24: suminf.    0.30596 (1) obj. 1.64349e+06 iterations 4
Cbc0038I Pass  25: suminf.    0.10986 (1) obj. 1.64349e+06 iterations 1
Cbc0038I Pass  26: suminf.    0.68457 (3) obj. 1.64349e+06 iterations 12
Cbc0038I Pass  27: suminf.    0.35511 (3) obj. 1.64349e+06 iterations 1
Cbc0038I Pass  28: suminf.    0.45412 (2) obj. 1.64349e+06 iterations 16
Cbc0038I Pass  29: suminf.    0.09505 (2) obj. 1.64349e+06 iterations 2
Cbc0038I Pass  30: suminf.    0.09505 (2) obj. 1.64349e+06 iterations 5
Cbc0038I Pass  31: suminf.    0.45412 (2) obj. 1.64349e+06 iterations 8
Cbc0038I No solution found this major pass
Cbc0038I Before mini branch and bound, 1 integers at bound fixed and 87 continuous
Cbc0038I Full problem 115 rows 159 columns, reduced to 13 rows 16 columns
Cbc0038I Mini branch and bound improved solution from 1.64352e+06 to 1.64351e+06 (0.02 seconds)
Cbc0038I Round again with cutoff of 1.64345e+06
Cbc0038I Pass  31: suminf.    0.30760 (1) obj. 1.64345e+06 iterations 0
Cbc0038I Pass  32: suminf.    0.35140 (1) obj. 1.64345e+06 iterations 13
Cbc0038I Pass  33: suminf.    0.95421 (3) obj. 1.64345e+06 iterations 5
Cbc0038I Pass  34: suminf.    0.59292 (2) obj. 1.64345e+06 iterations 1
Cbc0038I Pass  35: suminf.    0.30760 (1) obj. 1.64345e+06 iterations 2
Cbc0038I Pass  36: suminf.    0.35140 (1) obj. 1.64345e+06 iterations 7
Cbc0038I Pass  37: suminf.    0.35140 (1) obj. 1.64345e+06 iterations 7
Cbc0038I Pass  38: suminf.    0.30760 (1) obj. 1.64345e+06 iterations 1
Cbc0038I Pass  39: suminf.    0.35140 (1) obj. 1.64345e+06 iterations 6
Cbc0038I Pass  40: suminf.    0.38855 (1) obj. 1.64345e+06 iterations 7
Cbc0038I Pass  41: suminf.    0.30760 (1) obj. 1.64345e+06 iterations 2
Cbc0038I Pass  42: suminf.    0.38855 (1) obj. 1.64345e+06 iterations 8
Cbc0038I Pass  43: suminf.    0.54912 (2) obj. 1.64345e+06 iterations 6
Cbc0038I Pass  44: suminf.    0.38855 (1) obj. 1.64345e+06 iterations 6
Cbc0038I Pass  45: suminf.    0.30760 (1) obj. 1.64345e+06 iterations 1
Cbc0038I Pass  46: suminf.    0.30760 (1) obj. 1.64345e+06 iterations 6
Cbc0038I Pass  47: suminf.    0.38855 (1) obj. 1.64345e+06 iterations 7
Cbc0038I Pass  48: suminf.    0.30760 (1) obj. 1.64345e+06 iterations 1
Cbc0038I Pass  49: suminf.    0.32464 (3) obj. 1.64345e+06 iterations 10
Cbc0038I Pass  50: suminf.    0.57421 (4) obj. 1.64345e+06 iterations 9
Cbc0038I Pass  51: suminf.    0.57421 (4) obj. 1.64345e+06 iterations 0
Cbc0038I Pass  52: suminf.    0.31891 (2) obj. 1.64345e+06 iterations 13
Cbc0038I Pass  53: suminf.    0.30760 (2) obj. 1.64345e+06 iterations 1
Cbc0038I Pass  54: suminf.    0.33223 (2) obj. 1.64345e+06 iterations 3
Cbc0038I Pass  55: suminf.    0.32464 (3) obj. 1.64345e+06 iterations 1
Cbc0038I Pass  56: suminf.    0.57421 (4) obj. 1.64345e+06 iterations 9
Cbc0038I Pass  57: suminf.    0.57421 (4) obj. 1.64345e+06 iterations 0
Cbc0038I Pass  58: suminf.    0.31891 (2) obj. 1.64345e+06 iterations 13
Cbc0038I Pass  59: suminf.    0.30760 (2) obj. 1.64345e+06 iterations 1
Cbc0038I Pass  60: suminf.    0.33223 (2) obj. 1.64345e+06 iterations 3
Cbc0038I No solution found this major pass
Cbc0038I Before mini branch and bound, 4 integers at bound fixed and 89 continuous
Cbc0038I Full problem 115 rows 159 columns, reduced to 13 rows 16 columns
Cbc0038I Mini branch and bound did not improve solution (0.03 seconds)
Cbc0038I After 0.03 seconds - Feasibility pump exiting with objective of 1.64351e+06 - took 0.03 seconds
Cbc0012I Integer solution of 1643512.4 found by feasibility pump after 0 iterations and 0 nodes (0.03 seconds)
Cbc0038I Full problem 115 rows 159 columns, reduced to 60 rows 101 columns
Cbc0031I 7 added rows had average density of 9.2857143
Cbc0013I At root node, 9 cuts changed objective from 1643263 to 1643512.4 in 7 passes
Cbc0014I Cut generator 0 (Probing) - 3 row cuts average 2.0 elements, 1 column cuts (1 active)  in 0.001 seconds - new frequency is 1
Cbc0014I Cut generator 1 (Gomory) - 12 row cuts average 14.1 elements, 0 column cuts (0 active)  in 0.002 seconds - new frequency is 1
Cbc0014I Cut generator 2 (Knapsack) - 0 row cuts average 0.0 elements, 0 column cuts (0 active)  in 0.000 seconds - new frequency is -100
Cbc0014I Cut generator 3 (Clique) - 0 row cuts average 0.0 elements, 0 column cuts (0 active)  in 0.000 seconds - new frequency is -100
Cbc0014I Cut generator 4 (MixedIntegerRounding2) - 3 row cuts average 5.0 elements, 0 column cuts (0 active)  in 0.000 seconds - new frequency is 1
Cbc0014I Cut generator 5 (FlowCover) - 0 row cuts average 0.0 elements, 0 column cuts (0 active)  in 0.000 seconds - new frequency is -100
Cbc0014I Cut generator 6 (TwoMirCuts) - 11 row cuts average 10.1 elements, 0 column cuts (0 active)  in 0.000 seconds - new frequency is -100
Cbc0001I Search completed - best objective 1643512.393833665, took 30 iterations and 0 nodes (0.04 seconds)
Cbc0035I Maximum depth 0, 0 variables fixed on reduced cost
Cuts at root node changed objective from 1.64326e+06 to 1.64351e+06
Probing was tried 7 times and created 4 cuts of which 0 were active after adding rounds of cuts (0.001 seconds)
Gomory was tried 7 times and created 12 cuts of which 0 were active after adding rounds of cuts (0.002 seconds)
Knapsack was tried 7 times and created 0 cuts of which 0 were active after adding rounds of cuts (0.000 seconds)
Clique was tried 7 times and created 0 cuts of which 0 were active after adding rounds of cuts (0.000 seconds)
MixedIntegerRounding2 was tried 7 times and created 3 cuts of which 0 were active after adding rounds of cuts (0.000 seconds)
FlowCover was tried 7 times and created 0 cuts of which 0 were active after adding rounds of cuts (0.000 seconds)
TwoMirCuts was tried 7 times and created 11 cuts of which 0 were active after adding rounds of cuts (0.000 seconds)
ZeroHalf was tried 1 times and created 0 cuts of which 0 were active after adding rounds of cuts (0.000 seconds)

Result - Optimal solution found

Objective value:                1643512.39383367
Enumerated nodes:               0
Total iterations:               30
Time (CPU seconds):             0.05
Time (Wallclock seconds):       0.05

Option for printingOptions changed from normal to all
Total time (CPU seconds):       0.08   (Wallclock seconds):       0.08

