Welcome to the CBC MILP Solver 
Version: 2.10.3 
Build Date: Dec 15 2019 

command line - E:\dachuang\.venv\Lib\site-packages\pulp\apis\../solverdir/cbc/win/i64/cbc.exe model.mps -primalTolerance 1e-9 -integerTolerance 1e-9 -ratioGap 0 -allowableGap 0 -threads 0 -branch -printingOptions all -solution solution.txt -saveSolution solution.bin -quit (default strategy 1)
At line 2 NAME          MODEL
At line 3 ROWS
At line 317 COLUMNS
At line 1133 RHS
At line 1446 BOUNDS
At line 1521 ENDATA
Problem MODEL has 312 rows, 241 columns and 647 elements
Coin0008I MODEL read with 0 errors
primalTolerance was changed from 1e-07 to 1e-09
integerTolerance was changed from 1e-07 to 1e-09
ratioGap was changed from 0 to 0
allowableGap was changed from 1e-10 to 0
Continuous objective value is 1.53409e+06 - 0.00 seconds
Cgl0003I 0 fixed, 0 tightened bounds, 3 strengthened rows, 0 substitutions
Cgl0004I processed model has 116 rows, 161 columns (24 integer (24 of which binary)) and 341 elements
Cbc0038I Initial state - 9 integers unsatisfied sum - 3.21505
Cbc0038I Pass   1: suminf.    0.00000 (0) obj. 1.56149e+06 iterations 19
Cbc0038I Solution found of 1.56149e+06
Cbc0038I Relaxing continuous gives 1.5405e+06
Cbc0038I Before mini branch and bound, 15 integers at bound fixed and 83 continuous
Cbc0038I Full problem 116 rows 161 columns, reduced to 11 rows 14 columns
Cbc0038I Mini branch and bound improved solution from 1.5405e+06 to 1.53458e+06 (0.01 seconds)
Cbc0038I Freeing continuous variables gives a solution of 1.53458e+06
Cbc0038I Round again with cutoff of 1.53453e+06
Cbc0038I Pass   2: suminf.    1.23069 (4) obj. 1.53453e+06 iterations 17
Cbc0038I Pass   3: suminf.    0.77475 (3) obj. 1.53453e+06 iterations 1
Cbc0038I Pass   4: suminf.    0.15487 (1) obj. 1.53453e+06 iterations 11
Cbc0038I Pass   5: suminf.    0.00000 (0) obj. 1.53453e+06 iterations 2
Cbc0038I Solution found of 1.53453e+06
Cbc0038I Relaxing continuous gives 1.5345e+06
Cbc0038I Before mini branch and bound, 12 integers at bound fixed and 78 continuous
Cbc0038I Full problem 116 rows 161 columns, reduced to 20 rows 26 columns
Cbc0038I Mini branch and bound improved solution from 1.5345e+06 to 1.53429e+06 (0.02 seconds)
Cbc0038I Freeing continuous variables gives a solution of 1.53429e+06
Cbc0038I Round again with cutoff of 1.53426e+06
Cbc0038I Pass   6: suminf.    2.17090 (6) obj. 1.53426e+06 iterations 2
Cbc0038I Pass   7: suminf.    1.06081 (4) obj. 1.53426e+06 iterations 3
Cbc0038I Pass   8: suminf.    0.52390 (3) obj. 1.53426e+06 iterations 16
Cbc0038I Pass   9: suminf.    0.52390 (3) obj. 1.53426e+06 iterations 0
Cbc0038I Pass  10: suminf.    0.94290 (3) obj. 1.53426e+06 iterations 8
Cbc0038I Pass  11: suminf.    0.77570 (2) obj. 1.53426e+06 iterations 2
Cbc0038I Pass  12: suminf.    0.69099 (2) obj. 1.53426e+06 iterations 2
Cbc0038I Pass  13: suminf.    0.52390 (3) obj. 1.53426e+06 iterations 4
Cbc0038I Pass  14: suminf.    0.52390 (3) obj. 1.53426e+06 iterations 0
Cbc0038I Pass  15: suminf.    0.94290 (3) obj. 1.53426e+06 iterations 7
Cbc0038I Pass  16: suminf.    0.77570 (2) obj. 1.53426e+06 iterations 2
Cbc0038I Pass  17: suminf.    0.69099 (2) obj. 1.53426e+06 iterations 2
Cbc0038I Pass  18: suminf.    0.52390 (3) obj. 1.53426e+06 iterations 4
Cbc0038I Pass  19: suminf.    0.52390 (3) obj. 1.53426e+06 iterations 0
Cbc0038I Pass  20: suminf.    0.94290 (3) obj. 1.53426e+06 iterations 7
Cbc0038I Pass  21: suminf.    0.77570 (2) obj. 1.53426e+06 iterations 2
Cbc0038I Pass  22: suminf.    0.69099 (2) obj. 1.53426e+06 iterations 2
Cbc0038I Pass  23: suminf.    0.52390 (3) obj. 1.53426e+06 iterations 4
Cbc0038I Pass  24: suminf.    0.52390 (3) obj. 1.53426e+06 iterations 0
Cbc0038I Pass  25: suminf.    0.94290 (3) obj. 1.53426e+06 iterations 7
Cbc0038I Pass  26: suminf.    0.77570 (2) obj. 1.53426e+06 iterations 2
Cbc0038I Pass  27: suminf.    0.69099 (2) obj. 1.53426e+06 iterations 2
Cbc0038I Pass  28: suminf.    0.52390 (3) obj. 1.53426e+06 iterations 4
Cbc0038I Pass  29: suminf.    0.52390 (3) obj. 1.53426e+06 iterations 0
Cbc0038I Pass  30: suminf.    0.94290 (3) obj. 1.53426e+06 iterations 7
Cbc0038I Pass  31: suminf.    0.77570 (2) obj. 1.53426e+06 iterations 2
Cbc0038I Pass  32: suminf.    0.69099 (2) obj. 1.53426e+06 iterations 2
Cbc0038I Pass  33: suminf.    0.52390 (3) obj. 1.53426e+06 iterations 4
Cbc0038I Pass  34: suminf.    0.52390 (3) obj. 1.53426e+06 iterations 0
Cbc0038I Pass  35: suminf.    0.94290 (3) obj. 1.53426e+06 iterations 7
Cbc0038I No solution found this major pass
Cbc0038I Before mini branch and bound, 11 integers at bound fixed and 75 continuous
Cbc0038I Full problem 116 rows 161 columns, reduced to 27 rows 35 columns
Cbc0038I Mini branch and bound improved solution from 1.53429e+06 to 1.53428e+06 (0.03 seconds)
Cbc0038I Freeing continuous variables gives a solution of 1.53428e+06
Cbc0038I Round again with cutoff of 1.53421e+06
Cbc0038I Pass  35: suminf.    2.35846 (7) obj. 1.53421e+06 iterations 2
Cbc0038I Pass  36: suminf.    1.25337 (6) obj. 1.53421e+06 iterations 2
Cbc0038I Pass  37: suminf.    1.09898 (4) obj. 1.53421e+06 iterations 15
Cbc0038I Pass  38: suminf.    0.89399 (3) obj. 1.53421e+06 iterations 2
Cbc0038I Pass  39: suminf.    0.71537 (4) obj. 1.53421e+06 iterations 7
Cbc0038I Pass  40: suminf.    0.67999 (4) obj. 1.53421e+06 iterations 1
Cbc0038I Pass  41: suminf.    2.38369 (7) obj. 1.53421e+06 iterations 20
Cbc0038I Pass  42: suminf.    1.17017 (4) obj. 1.53421e+06 iterations 6
Cbc0038I Pass  43: suminf.    0.33076 (3) obj. 1.53421e+06 iterations 7
Cbc0038I Pass  44: suminf.    0.33076 (3) obj. 1.53421e+06 iterations 0
Cbc0038I Pass  45: suminf.    0.96726 (3) obj. 1.53421e+06 iterations 4
Cbc0038I Pass  46: suminf.    0.31312 (2) obj. 1.53421e+06 iterations 2
Cbc0038I Pass  47: suminf.    0.31312 (2) obj. 1.53421e+06 iterations 4
Cbc0038I Pass  48: suminf.    0.33076 (3) obj. 1.53421e+06 iterations 5
Cbc0038I Pass  49: suminf.    0.33076 (3) obj. 1.53421e+06 iterations 0
Cbc0038I Pass  50: suminf.    0.96726 (3) obj. 1.53421e+06 iterations 4
Cbc0038I Pass  51: suminf.    0.31312 (2) obj. 1.53421e+06 iterations 2
Cbc0038I Pass  52: suminf.    1.74826 (6) obj. 1.53421e+06 iterations 17
Cbc0038I Pass  53: suminf.    1.74826 (6) obj. 1.53421e+06 iterations 2
Cbc0038I Pass  54: suminf.    0.63037 (4) obj. 1.53421e+06 iterations 10
Cbc0038I Pass  55: suminf.    0.63037 (4) obj. 1.53421e+06 iterations 0
Cbc0038I Pass  56: suminf.    1.11812 (4) obj. 1.53421e+06 iterations 5
Cbc0038I Pass  57: suminf.    1.11812 (4) obj. 1.53421e+06 iterations 1
Cbc0038I Pass  58: suminf.    1.12577 (4) obj. 1.53421e+06 iterations 4
Cbc0038I Pass  59: suminf.    1.12577 (4) obj. 1.53421e+06 iterations 2
Cbc0038I Pass  60: suminf.    1.11812 (4) obj. 1.53421e+06 iterations 7
Cbc0038I Pass  61: suminf.    0.74301 (4) obj. 1.53421e+06 iterations 20
Cbc0038I Pass  62: suminf.    0.74301 (4) obj. 1.53421e+06 iterations 3
Cbc0038I Pass  63: suminf.    0.33076 (3) obj. 1.53421e+06 iterations 7
Cbc0038I Pass  64: suminf.    0.96726 (3) obj. 1.53421e+06 iterations 4
Cbc0038I No solution found this major pass
Cbc0038I Before mini branch and bound, 2 integers at bound fixed and 67 continuous
Cbc0038I Full problem 116 rows 161 columns, reduced to 27 rows 34 columns
Cbc0038I Mini branch and bound did not improve solution (0.05 seconds)
Cbc0038I After 0.05 seconds - Feasibility pump exiting with objective of 1.53428e+06 - took 0.04 seconds
Cbc0012I Integer solution of 1534275.9 found by feasibility pump after 0 iterations and 0 nodes (0.05 seconds)
Cbc0038I Full problem 116 rows 161 columns, reduced to 83 rows 126 columns
Cbc0031I 14 added rows had average density of 13.214286
Cbc0013I At root node, 14 cuts changed objective from 1534112.7 to 1534247.1 in 100 passes
Cbc0014I Cut generator 0 (Probing) - 6 row cuts average 3.0 elements, 0 column cuts (0 active)  in 0.018 seconds - new frequency is -100
Cbc0014I Cut generator 1 (Gomory) - 403 row cuts average 31.8 elements, 0 column cuts (0 active)  in 0.007 seconds - new frequency is 1
Cbc0014I Cut generator 2 (Knapsack) - 0 row cuts average 0.0 elements, 0 column cuts (0 active)  in 0.016 seconds - new frequency is -100
Cbc0014I Cut generator 3 (Clique) - 0 row cuts average 0.0 elements, 0 column cuts (0 active)  in 0.001 seconds - new frequency is -100
Cbc0014I Cut generator 4 (MixedIntegerRounding2) - 17 row cuts average 5.6 elements, 0 column cuts (0 active)  in 0.011 seconds - new frequency is -100
Cbc0014I Cut generator 5 (FlowCover) - 0 row cuts average 0.0 elements, 0 column cuts (0 active)  in 0.016 seconds - new frequency is -100
Cbc0014I Cut generator 6 (TwoMirCuts) - 30 row cuts average 8.3 elements, 0 column cuts (0 active)  in 0.007 seconds - new frequency is -100
Cbc0010I After 0 nodes, 1 on tree, 1534275.9 best solution, best possible 1534247.1 (0.19 seconds)
Cbc0001I Search completed - best objective 1534275.909620967, took 1406 iterations and 4 nodes (0.21 seconds)
Cbc0032I Strong branching done 34 times (156 iterations), fathomed 3 nodes and fixed 0 variables
Cbc0035I Maximum depth 1, 1 variables fixed on reduced cost
Cuts at root node changed objective from 1.53411e+06 to 1.53425e+06
Probing was tried 100 times and created 6 cuts of which 0 were active after adding rounds of cuts (0.018 seconds)
Gomory was tried 126 times and created 468 cuts of which 0 were active after adding rounds of cuts (0.008 seconds)
Knapsack was tried 100 times and created 0 cuts of which 0 were active after adding rounds of cuts (0.016 seconds)
Clique was tried 100 times and created 0 cuts of which 0 were active after adding rounds of cuts (0.001 seconds)
MixedIntegerRounding2 was tried 100 times and created 17 cuts of which 0 were active after adding rounds of cuts (0.011 seconds)
FlowCover was tried 100 times and created 0 cuts of which 0 were active after adding rounds of cuts (0.016 seconds)
TwoMirCuts was tried 100 times and created 30 cuts of which 0 were active after adding rounds of cuts (0.007 seconds)
ZeroHalf was tried 1 times and created 0 cuts of which 0 were active after adding rounds of cuts (0.000 seconds)

Result - Optimal solution found

Objective value:                1534275.90962097
Enumerated nodes:               4
Total iterations:               1406
Time (CPU seconds):             0.21
Time (Wallclock seconds):       0.21

Option for printingOptions changed from normal to all
Total time (CPU seconds):       0.24   (Wallclock seconds):       0.24

