Welcome to the CBC MILP Solver 
Version: 2.10.3 
Build Date: Dec 15 2019 

command line - E:\dachuang\.venv\Lib\site-packages\pulp\apis\../solverdir/cbc/win/i64/cbc.exe model.mps -primalTolerance 1e-9 -integerTolerance 1e-9 -ratioGap 0 -allowableGap 0 -threads 0 -branch -printingOptions all -solution solution.txt -saveSolution solution.bin -quit (default strategy 1)
At line 2 NAME          MODEL
At line 3 ROWS
At line 317 COLUMNS
At line 1133 RHS
At line 1446 BOUNDS
At line 1521 ENDATA
Problem MODEL has 312 rows, 241 columns and 647 elements
Coin0008I MODEL read with 0 errors
primalTolerance was changed from 1e-07 to 1e-09
integerTolerance was changed from 1e-07 to 1e-09
ratioGap was changed from 0 to 0
allowableGap was changed from 1e-10 to 0
Continuous objective value is 1.52355e+06 - 0.00 seconds
Cgl0003I 0 fixed, 0 tightened bounds, 2 strengthened rows, 0 substitutions
Cgl0004I processed model has 115 rows, 159 columns (24 integer (24 of which binary)) and 336 elements
Cbc0038I Initial state - 4 integers unsatisfied sum - 1.09855
Cbc0038I Pass   1: suminf.    0.00000 (0) obj. 1.52381e+06 iterations 6
Cbc0038I Solution found of 1.52381e+06
Cbc0038I Relaxing continuous gives 1.52381e+06
Cbc0038I Before mini branch and bound, 20 integers at bound fixed and 101 continuous
Cbc0038I Full problem 115 rows 159 columns, reduced to 2 rows 2 columns
Cbc0038I Mini branch and bound did not improve solution (0.01 seconds)
Cbc0038I Round again with cutoff of 1.52378e+06
Cbc0038I Pass   2: suminf.    0.10986 (1) obj. 1.52378e+06 iterations 1
Cbc0038I Pass   3: suminf.    0.44847 (1) obj. 1.52378e+06 iterations 14
Cbc0038I Pass   4: suminf.    0.44847 (1) obj. 1.52378e+06 iterations 4
Cbc0038I Pass   5: suminf.    0.10986 (1) obj. 1.52378e+06 iterations 1
Cbc0038I Pass   6: suminf.    0.44847 (1) obj. 1.52378e+06 iterations 6
Cbc0038I Pass   7: suminf.    0.67164 (2) obj. 1.52378e+06 iterations 4
Cbc0038I Pass   8: suminf.    0.10986 (1) obj. 1.52378e+06 iterations 2
Cbc0038I Pass   9: suminf.    0.44847 (1) obj. 1.52378e+06 iterations 6
Cbc0038I Pass  10: suminf.    0.30634 (1) obj. 1.52378e+06 iterations 7
Cbc0038I Pass  11: suminf.    0.10986 (1) obj. 1.52378e+06 iterations 2
Cbc0038I Pass  12: suminf.    0.30634 (1) obj. 1.52378e+06 iterations 6
Cbc0038I Pass  13: suminf.    0.24615 (2) obj. 1.52378e+06 iterations 13
Cbc0038I Pass  14: suminf.    0.30634 (1) obj. 1.52378e+06 iterations 5
Cbc0038I Pass  15: suminf.    0.10986 (1) obj. 1.52378e+06 iterations 1
Cbc0038I Pass  16: suminf.    0.10986 (1) obj. 1.52378e+06 iterations 8
Cbc0038I Pass  17: suminf.    0.30634 (1) obj. 1.52378e+06 iterations 4
Cbc0038I Pass  18: suminf.    0.10986 (1) obj. 1.52378e+06 iterations 1
Cbc0038I Pass  19: suminf.    0.71200 (3) obj. 1.52378e+06 iterations 21
Cbc0038I Pass  20: suminf.    0.47200 (2) obj. 1.52378e+06 iterations 1
Cbc0038I Pass  21: suminf.    0.44847 (1) obj. 1.52378e+06 iterations 6
Cbc0038I Pass  22: suminf.    0.10986 (1) obj. 1.52378e+06 iterations 1
Cbc0038I Pass  23: suminf.    1.09960 (5) obj. 1.52378e+06 iterations 18
Cbc0038I Pass  24: suminf.    0.44847 (1) obj. 1.52378e+06 iterations 9
Cbc0038I Pass  25: suminf.    0.10986 (1) obj. 1.52378e+06 iterations 1
Cbc0038I Pass  26: suminf.    0.71719 (3) obj. 1.52378e+06 iterations 13
Cbc0038I Pass  27: suminf.    0.44847 (1) obj. 1.52378e+06 iterations 7
Cbc0038I Pass  28: suminf.    0.10986 (1) obj. 1.52378e+06 iterations 1
Cbc0038I Pass  29: suminf.    0.10986 (1) obj. 1.52378e+06 iterations 7
Cbc0038I Pass  30: suminf.    0.44847 (1) obj. 1.52378e+06 iterations 4
Cbc0038I Pass  31: suminf.    0.10986 (1) obj. 1.52378e+06 iterations 1
Cbc0038I No solution found this major pass
Cbc0038I Before mini branch and bound, 2 integers at bound fixed and 87 continuous
Cbc0038I Full problem 115 rows 159 columns, reduced to 7 rows 10 columns
Cbc0038I Mini branch and bound did not improve solution (0.02 seconds)
Cbc0038I After 0.02 seconds - Feasibility pump exiting with objective of 1.52381e+06 - took 0.01 seconds
Cbc0012I Integer solution of 1523809.1 found by feasibility pump after 0 iterations and 0 nodes (0.02 seconds)
Cbc0038I Full problem 115 rows 159 columns, reduced to 57 rows 98 columns
Cbc0031I 6 added rows had average density of 13.166667
Cbc0013I At root node, 6 cuts changed objective from 1523554.1 to 1523807.3 in 7 passes
Cbc0014I Cut generator 0 (Probing) - 3 row cuts average 2.0 elements, 0 column cuts (0 active)  in 0.000 seconds - new frequency is 1
Cbc0014I Cut generator 1 (Gomory) - 13 row cuts average 18.9 elements, 0 column cuts (0 active)  in 0.000 seconds - new frequency is 1
Cbc0014I Cut generator 2 (Knapsack) - 0 row cuts average 0.0 elements, 0 column cuts (0 active)  in 0.000 seconds - new frequency is -100
Cbc0014I Cut generator 3 (Clique) - 0 row cuts average 0.0 elements, 0 column cuts (0 active)  in 0.000 seconds - new frequency is -100
Cbc0014I Cut generator 4 (MixedIntegerRounding2) - 3 row cuts average 5.0 elements, 0 column cuts (0 active)  in 0.000 seconds - new frequency is 1
Cbc0014I Cut generator 5 (FlowCover) - 0 row cuts average 0.0 elements, 0 column cuts (0 active)  in 0.000 seconds - new frequency is -100
Cbc0014I Cut generator 6 (TwoMirCuts) - 13 row cuts average 16.2 elements, 0 column cuts (0 active)  in 0.000 seconds - new frequency is -100
Cbc0001I Search completed - best objective 1523809.104414059, took 31 iterations and 0 nodes (0.03 seconds)
Cbc0032I Strong branching done 6 times (24 iterations), fathomed 1 nodes and fixed 0 variables
Cbc0035I Maximum depth 0, 0 variables fixed on reduced cost
Cuts at root node changed objective from 1.52355e+06 to 1.52381e+06
Probing was tried 7 times and created 3 cuts of which 0 were active after adding rounds of cuts (0.000 seconds)
Gomory was tried 7 times and created 13 cuts of which 0 were active after adding rounds of cuts (0.000 seconds)
Knapsack was tried 7 times and created 0 cuts of which 0 were active after adding rounds of cuts (0.000 seconds)
Clique was tried 7 times and created 0 cuts of which 0 were active after adding rounds of cuts (0.000 seconds)
MixedIntegerRounding2 was tried 7 times and created 3 cuts of which 0 were active after adding rounds of cuts (0.000 seconds)
FlowCover was tried 7 times and created 0 cuts of which 0 were active after adding rounds of cuts (0.000 seconds)
TwoMirCuts was tried 7 times and created 13 cuts of which 0 were active after adding rounds of cuts (0.000 seconds)
ZeroHalf was tried 1 times and created 0 cuts of which 0 were active after adding rounds of cuts (0.000 seconds)

Result - Optimal solution found

Objective value:                1523809.10441406
Enumerated nodes:               0
Total iterations:               31
Time (CPU seconds):             0.04
Time (Wallclock seconds):       0.04

Option for printingOptions changed from normal to all
Total time (CPU seconds):       0.07   (Wallclock seconds):       0.07

