Welcome to the CBC MILP Solver 
Version: 2.10.3 
Build Date: Dec 15 2019 

command line - E:\dachuang\.venv\Lib\site-packages\pulp\apis\../solverdir/cbc/win/i64/cbc.exe model.mps -primalTolerance 1e-9 -integerTolerance 1e-9 -ratioGap 0 -allowableGap 0 -threads 0 -branch -printingOptions all -solution solution.txt -saveSolution solution.bin -quit (default strategy 1)
At line 2 NAME          MODEL
At line 3 ROWS
At line 317 COLUMNS
At line 1133 RHS
At line 1446 BOUNDS
At line 1521 ENDATA
Problem MODEL has 312 rows, 241 columns and 647 elements
Coin0008I MODEL read with 0 errors
primalTolerance was changed from 1e-07 to 1e-09
integerTolerance was changed from 1e-07 to 1e-09
ratioGap was changed from 0 to 0
allowableGap was changed from 1e-10 to 0
Continuous objective value is 1.95974e+06 - 0.00 seconds
Cgl0003I 0 fixed, 0 tightened bounds, 2 strengthened rows, 0 substitutions
Cgl0004I processed model has 115 rows, 159 columns (24 integer (24 of which binary)) and 336 elements
Cbc0038I Initial state - 11 integers unsatisfied sum - 4.41369
Cbc0038I Pass   1: suminf.    0.00000 (0) obj. 2.27501e+06 iterations 20
Cbc0038I Solution found of 2.27501e+06
Cbc0038I Relaxing continuous gives 2.16202e+06
Cbc0038I Before mini branch and bound, 13 integers at bound fixed and 79 continuous
Cbc0038I Full problem 115 rows 159 columns, reduced to 17 rows 24 columns
Cbc0038I Mini branch and bound improved solution from 2.16202e+06 to 1.96033e+06 (0.02 seconds)
Cbc0038I Freeing continuous variables gives a solution of 1.96033e+06
Cbc0038I Round again with cutoff of 1.96027e+06
Cbc0038I Pass   2: suminf.    1.69848 (5) obj. 1.96027e+06 iterations 21
Cbc0038I Pass   3: suminf.    0.00000 (0) obj. 1.96027e+06 iterations 14
Cbc0038I Solution found of 1.96027e+06
Cbc0038I Relaxing continuous gives 1.96024e+06
Cbc0038I Before mini branch and bound, 13 integers at bound fixed and 77 continuous
Cbc0038I Full problem 115 rows 159 columns, reduced to 21 rows 30 columns
Cbc0038I Mini branch and bound improved solution from 1.96024e+06 to 1.96001e+06 (0.03 seconds)
Cbc0038I Freeing continuous variables gives a solution of 1.96001e+06
Cbc0038I Round again with cutoff of 1.95996e+06
Cbc0038I Pass   4: suminf.    1.84344 (6) obj. 1.95996e+06 iterations 4
Cbc0038I Pass   5: suminf.    1.77352 (5) obj. 1.95996e+06 iterations 11
Cbc0038I Pass   6: suminf.    0.34637 (2) obj. 1.95996e+06 iterations 10
Cbc0038I Pass   7: suminf.    0.70861 (4) obj. 1.95996e+06 iterations 9
Cbc0038I Pass   8: suminf.    1.24163 (3) obj. 1.95996e+06 iterations 7
Cbc0038I Pass   9: suminf.    0.59248 (3) obj. 1.95996e+06 iterations 1
Cbc0038I Pass  10: suminf.    1.29139 (3) obj. 1.95996e+06 iterations 3
Cbc0038I Pass  11: suminf.    0.78945 (4) obj. 1.95996e+06 iterations 7
Cbc0038I Pass  12: suminf.    0.73969 (4) obj. 1.95996e+06 iterations 1
Cbc0038I Pass  13: suminf.    1.29139 (3) obj. 1.95996e+06 iterations 4
Cbc0038I Pass  14: suminf.    0.59248 (3) obj. 1.95996e+06 iterations 2
Cbc0038I Pass  15: suminf.    1.62702 (6) obj. 1.95996e+06 iterations 10
Cbc0038I Pass  16: suminf.    1.62702 (6) obj. 1.95996e+06 iterations 0
Cbc0038I Pass  17: suminf.    0.64224 (3) obj. 1.95996e+06 iterations 7
Cbc0038I Pass  18: suminf.    0.59248 (3) obj. 1.95996e+06 iterations 1
Cbc0038I Pass  19: suminf.    1.29139 (3) obj. 1.95996e+06 iterations 3
Cbc0038I Pass  20: suminf.    1.04218 (5) obj. 1.95996e+06 iterations 8
Cbc0038I Pass  21: suminf.    0.80218 (4) obj. 1.95996e+06 iterations 1
Cbc0038I Pass  22: suminf.    0.64224 (3) obj. 1.95996e+06 iterations 5
Cbc0038I Pass  23: suminf.    0.59248 (3) obj. 1.95996e+06 iterations 1
Cbc0038I Pass  24: suminf.    1.29139 (3) obj. 1.95996e+06 iterations 3
Cbc0038I Pass  25: suminf.    0.88609 (4) obj. 1.95996e+06 iterations 15
Cbc0038I Pass  26: suminf.    0.83534 (4) obj. 1.95996e+06 iterations 3
Cbc0038I Pass  27: suminf.    0.70861 (4) obj. 1.95996e+06 iterations 11
Cbc0038I Pass  28: suminf.    1.24163 (3) obj. 1.95996e+06 iterations 7
Cbc0038I Pass  29: suminf.    0.59248 (3) obj. 1.95996e+06 iterations 1
Cbc0038I Pass  30: suminf.    1.29139 (3) obj. 1.95996e+06 iterations 3
Cbc0038I Pass  31: suminf.    1.81316 (7) obj. 1.95996e+06 iterations 17
Cbc0038I Pass  32: suminf.    1.71066 (6) obj. 1.95996e+06 iterations 2
Cbc0038I Pass  33: suminf.    0.59248 (3) obj. 1.95996e+06 iterations 11
Cbc0038I No solution found this major pass
Cbc0038I Before mini branch and bound, 5 integers at bound fixed and 70 continuous
Cbc0038I Full problem 115 rows 159 columns, reduced to 23 rows 30 columns
Cbc0038I Mini branch and bound improved solution from 1.96001e+06 to 1.95998e+06 (0.04 seconds)
Cbc0038I Freeing continuous variables gives a solution of 1.95998e+06
Cbc0038I Round again with cutoff of 1.95989e+06
Cbc0038I Pass  33: suminf.    2.08628 (7) obj. 1.95989e+06 iterations 1
Cbc0038I Pass  34: suminf.    2.04916 (6) obj. 1.95989e+06 iterations 5
Cbc0038I Pass  35: suminf.    0.87055 (4) obj. 1.95989e+06 iterations 13
Cbc0038I Pass  36: suminf.    0.84665 (4) obj. 1.95989e+06 iterations 1
Cbc0038I Pass  37: suminf.    1.54705 (4) obj. 1.95989e+06 iterations 5
Cbc0038I Pass  38: suminf.    0.89790 (4) obj. 1.95989e+06 iterations 1
Cbc0038I Pass  39: suminf.    1.18481 (4) obj. 1.95989e+06 iterations 3
Cbc0038I Pass  40: suminf.    0.87055 (4) obj. 1.95989e+06 iterations 1
Cbc0038I Pass  41: suminf.    0.84665 (4) obj. 1.95989e+06 iterations 1
Cbc0038I Pass  42: suminf.    1.54705 (4) obj. 1.95989e+06 iterations 5
Cbc0038I Pass  43: suminf.    0.89790 (4) obj. 1.95989e+06 iterations 1
Cbc0038I Pass  44: suminf.    1.18481 (4) obj. 1.95989e+06 iterations 3
Cbc0038I Pass  45: suminf.    0.87055 (4) obj. 1.95989e+06 iterations 1
Cbc0038I Pass  46: suminf.    0.84665 (4) obj. 1.95989e+06 iterations 1
Cbc0038I Pass  47: suminf.    1.54705 (4) obj. 1.95989e+06 iterations 5
Cbc0038I Pass  48: suminf.    0.89790 (4) obj. 1.95989e+06 iterations 1
Cbc0038I Pass  49: suminf.    1.18481 (4) obj. 1.95989e+06 iterations 3
Cbc0038I Pass  50: suminf.    0.87055 (4) obj. 1.95989e+06 iterations 1
Cbc0038I Pass  51: suminf.    0.84665 (4) obj. 1.95989e+06 iterations 1
Cbc0038I Pass  52: suminf.    1.54705 (4) obj. 1.95989e+06 iterations 5
Cbc0038I Pass  53: suminf.    0.89790 (4) obj. 1.95989e+06 iterations 1
Cbc0038I Pass  54: suminf.    1.18481 (4) obj. 1.95989e+06 iterations 3
Cbc0038I Pass  55: suminf.    0.87055 (4) obj. 1.95989e+06 iterations 1
Cbc0038I Pass  56: suminf.    0.84665 (4) obj. 1.95989e+06 iterations 1
Cbc0038I Pass  57: suminf.    1.54705 (4) obj. 1.95989e+06 iterations 5
Cbc0038I Pass  58: suminf.    0.89790 (4) obj. 1.95989e+06 iterations 1
Cbc0038I Pass  59: suminf.    1.18481 (4) obj. 1.95989e+06 iterations 3
Cbc0038I Pass  60: suminf.    0.87055 (4) obj. 1.95989e+06 iterations 1
Cbc0038I Pass  61: suminf.    0.84665 (4) obj. 1.95989e+06 iterations 1
Cbc0038I Pass  62: suminf.    1.54705 (4) obj. 1.95989e+06 iterations 5
Cbc0038I No solution found this major pass
Cbc0038I Before mini branch and bound, 13 integers at bound fixed and 78 continuous
Cbc0038I Full problem 115 rows 159 columns, reduced to 21 rows 29 columns
Cbc0038I Mini branch and bound did not improve solution (0.05 seconds)
Cbc0038I After 0.05 seconds - Feasibility pump exiting with objective of 1.95998e+06 - took 0.04 seconds
Cbc0012I Integer solution of 1959975.2 found by feasibility pump after 0 iterations and 0 nodes (0.05 seconds)
Cbc0038I Full problem 115 rows 159 columns, reduced to 81 rows 122 columns
Cbc0031I 13 added rows had average density of 21.538462
Cbc0013I At root node, 13 cuts changed objective from 1959743.2 to 1959965.8 in 100 passes
Cbc0014I Cut generator 0 (Probing) - 1 row cuts average 2.0 elements, 1 column cuts (1 active)  in 0.013 seconds - new frequency is -100
Cbc0014I Cut generator 1 (Gomory) - 368 row cuts average 38.3 elements, 0 column cuts (0 active)  in 0.012 seconds - new frequency is 1
Cbc0014I Cut generator 2 (Knapsack) - 0 row cuts average 0.0 elements, 0 column cuts (0 active)  in 0.026 seconds - new frequency is -100
Cbc0014I Cut generator 3 (Clique) - 0 row cuts average 0.0 elements, 0 column cuts (0 active)  in 0.000 seconds - new frequency is -100
Cbc0014I Cut generator 4 (MixedIntegerRounding2) - 4 row cuts average 4.0 elements, 0 column cuts (0 active)  in 0.007 seconds - new frequency is -100
Cbc0014I Cut generator 5 (FlowCover) - 0 row cuts average 0.0 elements, 0 column cuts (0 active)  in 0.019 seconds - new frequency is -100
Cbc0014I Cut generator 6 (TwoMirCuts) - 27 row cuts average 12.1 elements, 0 column cuts (0 active)  in 0.006 seconds - new frequency is -100
Cbc0010I After 0 nodes, 1 on tree, 1959975.2 best solution, best possible 1959965.8 (0.21 seconds)
Cbc0001I Search completed - best objective 1959975.165367654, took 1137 iterations and 6 nodes (0.23 seconds)
Cbc0032I Strong branching done 30 times (174 iterations), fathomed 1 nodes and fixed 0 variables
Cbc0035I Maximum depth 2, 0 variables fixed on reduced cost
Cuts at root node changed objective from 1.95974e+06 to 1.95997e+06
Probing was tried 100 times and created 2 cuts of which 0 were active after adding rounds of cuts (0.013 seconds)
Gomory was tried 119 times and created 393 cuts of which 0 were active after adding rounds of cuts (0.018 seconds)
Knapsack was tried 100 times and created 0 cuts of which 0 were active after adding rounds of cuts (0.026 seconds)
Clique was tried 100 times and created 0 cuts of which 0 were active after adding rounds of cuts (0.000 seconds)
MixedIntegerRounding2 was tried 100 times and created 4 cuts of which 0 were active after adding rounds of cuts (0.007 seconds)
FlowCover was tried 100 times and created 0 cuts of which 0 were active after adding rounds of cuts (0.019 seconds)
TwoMirCuts was tried 100 times and created 27 cuts of which 0 were active after adding rounds of cuts (0.006 seconds)
ZeroHalf was tried 1 times and created 0 cuts of which 0 were active after adding rounds of cuts (0.000 seconds)

Result - Optimal solution found

Objective value:                1959975.16536765
Enumerated nodes:               6
Total iterations:               1137
Time (CPU seconds):             0.23
Time (Wallclock seconds):       0.23

Option for printingOptions changed from normal to all
Total time (CPU seconds):       0.25   (Wallclock seconds):       0.25

