Welcome to the CBC MILP Solver 
Version: 2.10.3 
Build Date: Dec 15 2019 

command line - E:\dachuang\.venv\Lib\site-packages\pulp\apis\../solverdir/cbc/win/i64/cbc.exe model.mps -primalTolerance 1e-9 -integerTolerance 1e-9 -ratioGap 0 -allowableGap 0 -threads 0 -branch -printingOptions all -solution solution.txt -saveSolution solution.bin -quit (default strategy 1)
At line 2 NAME          MODEL
At line 3 ROWS
At line 317 COLUMNS
At line 1133 RHS
At line 1446 BOUNDS
At line 1521 ENDATA
Problem MODEL has 312 rows, 241 columns and 647 elements
Coin0008I MODEL read with 0 errors
primalTolerance was changed from 1e-07 to 1e-09
integerTolerance was changed from 1e-07 to 1e-09
ratioGap was changed from 0 to 0
allowableGap was changed from 1e-10 to 0
Continuous objective value is 2.71063e+06 - 0.00 seconds
Cgl0003I 0 fixed, 0 tightened bounds, 2 strengthened rows, 0 substitutions
Cgl0004I processed model has 114 rows, 157 columns (24 integer (24 of which binary)) and 331 elements
Cbc0038I Initial state - 6 integers unsatisfied sum - 2.52168
Cbc0038I Pass   1: suminf.    0.00000 (0) obj. 2.71122e+06 iterations 14
Cbc0038I Solution found of 2.71122e+06
Cbc0038I Relaxing continuous gives 2.71122e+06
Cbc0038I Before mini branch and bound, 18 integers at bound fixed and 94 continuous
Cbc0038I Full problem 114 rows 157 columns, reduced to 13 rows 15 columns
Cbc0038I Mini branch and bound did not improve solution (0.01 seconds)
Cbc0038I Freeing continuous variables gives a solution of 2.71122e+06
Cbc0038I Round again with cutoff of 2.71116e+06
Cbc0038I Pass   2: suminf.    0.25217 (1) obj. 2.71116e+06 iterations 2
Cbc0038I Pass   3: suminf.    0.00000 (0) obj. 2.71116e+06 iterations 8
Cbc0038I Solution found of 2.71116e+06
Cbc0038I Relaxing continuous gives 2.7111e+06
Cbc0038I Before mini branch and bound, 18 integers at bound fixed and 89 continuous
Cbc0038I Full problem 114 rows 157 columns, reduced to 19 rows 26 columns
Cbc0038I Mini branch and bound improved solution from 2.7111e+06 to 2.71087e+06 (0.02 seconds)
Cbc0038I Freeing continuous variables gives a solution of 2.71087e+06
Cbc0038I Round again with cutoff of 2.71082e+06
Cbc0038I Pass   4: suminf.    0.33262 (3) obj. 2.71082e+06 iterations 5
Cbc0038I Pass   5: suminf.    0.30196 (1) obj. 2.71082e+06 iterations 2
Cbc0038I Pass   6: suminf.    0.31840 (2) obj. 2.71082e+06 iterations 9
Cbc0038I Pass   7: suminf.    0.82047 (4) obj. 2.71082e+06 iterations 7
Cbc0038I Pass   8: suminf.    1.15763 (3) obj. 2.71082e+06 iterations 7
Cbc0038I Pass   9: suminf.    0.50848 (3) obj. 2.71082e+06 iterations 1
Cbc0038I Pass  10: suminf.    1.17953 (3) obj. 2.71082e+06 iterations 4
Cbc0038I Pass  11: suminf.    1.39763 (4) obj. 2.71082e+06 iterations 5
Cbc0038I Pass  12: suminf.    0.50848 (3) obj. 2.71082e+06 iterations 2
Cbc0038I Pass  13: suminf.    1.17953 (3) obj. 2.71082e+06 iterations 4
Cbc0038I Pass  14: suminf.    1.28774 (5) obj. 2.71082e+06 iterations 9
Cbc0038I Pass  15: suminf.    0.84579 (4) obj. 2.71082e+06 iterations 1
Cbc0038I Pass  16: suminf.    1.17953 (3) obj. 2.71082e+06 iterations 5
Cbc0038I Pass  17: suminf.    0.50848 (3) obj. 2.71082e+06 iterations 2
Cbc0038I Pass  18: suminf.    0.74848 (4) obj. 2.71082e+06 iterations 7
Cbc0038I Pass  19: suminf.    0.50848 (3) obj. 2.71082e+06 iterations 1
Cbc0038I Pass  20: suminf.    1.17953 (3) obj. 2.71082e+06 iterations 4
Cbc0038I Pass  21: suminf.    0.65556 (3) obj. 2.71082e+06 iterations 14
Cbc0038I Pass  22: suminf.    0.48012 (3) obj. 2.71082e+06 iterations 2
Cbc0038I Pass  23: suminf.    0.47351 (2) obj. 2.71082e+06 iterations 2
Cbc0038I Pass  24: suminf.    0.50848 (3) obj. 2.71082e+06 iterations 11
Cbc0038I Pass  25: suminf.    0.50848 (3) obj. 2.71082e+06 iterations 0
Cbc0038I Pass  26: suminf.    1.17953 (3) obj. 2.71082e+06 iterations 4
Cbc0038I Pass  27: suminf.    2.00520 (6) obj. 2.71082e+06 iterations 13
Cbc0038I Pass  28: suminf.    1.29248 (5) obj. 2.71082e+06 iterations 5
Cbc0038I Pass  29: suminf.    1.29248 (5) obj. 2.71082e+06 iterations 1
Cbc0038I Pass  30: suminf.    1.42789 (4) obj. 2.71082e+06 iterations 9
Cbc0038I Pass  31: suminf.    0.95516 (4) obj. 2.71082e+06 iterations 4
Cbc0038I Pass  32: suminf.    0.95516 (4) obj. 2.71082e+06 iterations 1
Cbc0038I Pass  33: suminf.    1.19516 (5) obj. 2.71082e+06 iterations 8
Cbc0038I No solution found this major pass
Cbc0038I Before mini branch and bound, 4 integers at bound fixed and 72 continuous
Cbc0038I Full problem 114 rows 157 columns, reduced to 20 rows 26 columns
Cbc0038I Mini branch and bound did not improve solution (0.05 seconds)
Cbc0038I After 0.05 seconds - Feasibility pump exiting with objective of 2.71087e+06 - took 0.04 seconds
Cbc0012I Integer solution of 2710869 found by feasibility pump after 0 iterations and 0 nodes (0.05 seconds)
Cbc0038I Full problem 114 rows 157 columns, reduced to 62 rows 101 columns
Cbc0012I Integer solution of 2710764.7 found by DiveCoefficient after 53 iterations and 0 nodes (0.07 seconds)
Cbc0031I 7 added rows had average density of 15
Cbc0013I At root node, 7 cuts changed objective from 2710631.7 to 2710759.7 in 11 passes
Cbc0014I Cut generator 0 (Probing) - 1 row cuts average 2.0 elements, 1 column cuts (1 active)  in 0.000 seconds - new frequency is 1
Cbc0014I Cut generator 1 (Gomory) - 22 row cuts average 20.9 elements, 0 column cuts (0 active)  in 0.001 seconds - new frequency is 1
Cbc0014I Cut generator 2 (Knapsack) - 0 row cuts average 0.0 elements, 0 column cuts (0 active)  in 0.003 seconds - new frequency is -100
Cbc0014I Cut generator 3 (Clique) - 0 row cuts average 0.0 elements, 0 column cuts (0 active)  in 0.000 seconds - new frequency is -100
Cbc0014I Cut generator 4 (MixedIntegerRounding2) - 0 row cuts average 0.0 elements, 0 column cuts (0 active)  in 0.000 seconds - new frequency is -100
Cbc0014I Cut generator 5 (FlowCover) - 0 row cuts average 0.0 elements, 0 column cuts (0 active)  in 0.004 seconds - new frequency is -100
Cbc0014I Cut generator 6 (TwoMirCuts) - 20 row cuts average 14.6 elements, 0 column cuts (0 active)  in 0.001 seconds - new frequency is -100
Cbc0001I Search completed - best objective 2710764.709054322, took 57 iterations and 0 nodes (0.07 seconds)
Cbc0032I Strong branching done 4 times (12 iterations), fathomed 1 nodes and fixed 0 variables
Cbc0035I Maximum depth 0, 0 variables fixed on reduced cost
Cuts at root node changed objective from 2.71063e+06 to 2.71081e+06
Probing was tried 11 times and created 2 cuts of which 0 were active after adding rounds of cuts (0.000 seconds)
Gomory was tried 11 times and created 22 cuts of which 0 were active after adding rounds of cuts (0.001 seconds)
Knapsack was tried 11 times and created 0 cuts of which 0 were active after adding rounds of cuts (0.003 seconds)
Clique was tried 11 times and created 0 cuts of which 0 were active after adding rounds of cuts (0.000 seconds)
MixedIntegerRounding2 was tried 11 times and created 0 cuts of which 0 were active after adding rounds of cuts (0.000 seconds)
FlowCover was tried 11 times and created 0 cuts of which 0 were active after adding rounds of cuts (0.004 seconds)
TwoMirCuts was tried 11 times and created 20 cuts of which 0 were active after adding rounds of cuts (0.001 seconds)
ZeroHalf was tried 1 times and created 0 cuts of which 0 were active after adding rounds of cuts (0.000 seconds)

Result - Optimal solution found

Objective value:                2710764.70905432
Enumerated nodes:               0
Total iterations:               57
Time (CPU seconds):             0.08
Time (Wallclock seconds):       0.08

Option for printingOptions changed from normal to all
Total time (CPU seconds):       0.11   (Wallclock seconds):       0.11

