Welcome to the CBC MILP Solver 
Version: 2.10.3 
Build Date: Dec 15 2019 

command line - E:\dachuang\.venv\Lib\site-packages\pulp\apis\../solverdir/cbc/win/i64/cbc.exe model.mps -primalTolerance 1e-9 -integerTolerance 1e-9 -ratioGap 0 -allowableGap 0 -threads 0 -branch -printingOptions all -solution solution.txt -saveSolution solution.bin -quit (default strategy 1)
At line 2 NAME          MODEL
At line 3 ROWS
At line 317 COLUMNS
At line 1133 RHS
At line 1446 BOUNDS
At line 1521 ENDATA
Problem MODEL has 312 rows, 241 columns and 647 elements
Coin0008I MODEL read with 0 errors
primalTolerance was changed from 1e-07 to 1e-09
integerTolerance was changed from 1e-07 to 1e-09
ratioGap was changed from 0 to 0
allowableGap was changed from 1e-10 to 0
Continuous objective value is 823129 - 0.00 seconds
Cgl0003I 0 fixed, 0 tightened bounds, 3 strengthened rows, 0 substitutions
Cgl0004I processed model has 119 rows, 167 columns (24 integer (24 of which binary)) and 356 elements
Cbc0038I Initial state - 9 integers unsatisfied sum - 3.0162
Cbc0038I Pass   1: suminf.    0.00000 (0) obj. 826879 iterations 16
Cbc0038I Solution found of 826879
Cbc0038I Relaxing continuous gives 825641
Cbc0038I Before mini branch and bound, 15 integers at bound fixed and 89 continuous
Cbc0038I Full problem 119 rows 167 columns, reduced to 9 rows 11 columns
Cbc0038I Mini branch and bound improved solution from 825641 to 823605 (0.01 seconds)
Cbc0038I Round again with cutoff of 823559
Cbc0038I Pass   2: suminf.    0.69231 (2) obj. 823559 iterations 11
Cbc0038I Pass   3: suminf.    0.19575 (1) obj. 823559 iterations 12
Cbc0038I Solution found of 823559
Cbc0038I Relaxing continuous gives 823395
Cbc0038I Before mini branch and bound, 13 integers at bound fixed and 84 continuous
Cbc0038I Full problem 119 rows 167 columns, reduced to 14 rows 18 columns
Cbc0038I Mini branch and bound did not improve solution (0.02 seconds)
Cbc0038I Round again with cutoff of 823346
Cbc0038I Pass   4: suminf.    1.33182 (3) obj. 823346 iterations 3
Cbc0038I Pass   5: suminf.    0.61006 (2) obj. 823346 iterations 8
Cbc0038I Pass   6: suminf.    0.21761 (2) obj. 823346 iterations 6
Cbc0038I Pass   7: suminf.    0.21761 (3) obj. 823346 iterations 6
Cbc0038I Pass   8: suminf.    0.18979 (2) obj. 823346 iterations 10
Cbc0038I Pass   9: suminf.    0.18480 (2) obj. 823346 iterations 2
Cbc0038I Pass  10: suminf.    0.70740 (4) obj. 823346 iterations 6
Cbc0038I Pass  11: suminf.    0.21761 (2) obj. 823346 iterations 2
Cbc0038I Pass  12: suminf.    0.21761 (3) obj. 823346 iterations 6
Cbc0038I Pass  13: suminf.    0.18979 (2) obj. 823346 iterations 12
Cbc0038I Pass  14: suminf.    0.18480 (2) obj. 823346 iterations 2
Cbc0038I Pass  15: suminf.    0.95467 (4) obj. 823346 iterations 13
Cbc0038I Pass  16: suminf.    0.65258 (3) obj. 823346 iterations 4
Cbc0038I Pass  17: suminf.    0.21761 (2) obj. 823346 iterations 5
Cbc0038I Pass  18: suminf.    0.18480 (2) obj. 823346 iterations 3
Cbc0038I Pass  19: suminf.    1.04179 (5) obj. 823346 iterations 6
Cbc0038I Pass  20: suminf.    0.55199 (4) obj. 823346 iterations 1
Cbc0038I Pass  21: suminf.    0.21761 (2) obj. 823346 iterations 5
Cbc0038I Pass  22: suminf.    0.18480 (2) obj. 823346 iterations 3
Cbc0038I Pass  23: suminf.    1.01779 (5) obj. 823346 iterations 15
Cbc0038I Pass  24: suminf.    0.73529 (4) obj. 823346 iterations 4
Cbc0038I Pass  25: suminf.    1.08200 (3) obj. 823346 iterations 9
Cbc0038I Pass  26: suminf.    0.46479 (1) obj. 823346 iterations 9
Cbc0038I Pass  27: suminf.    0.48441 (3) obj. 823346 iterations 4
Cbc0038I Pass  28: suminf.    1.08200 (3) obj. 823346 iterations 4
Cbc0038I Pass  29: suminf.    1.12367 (5) obj. 823346 iterations 16
Cbc0038I Pass  30: suminf.    0.84117 (4) obj. 823346 iterations 7
Cbc0038I Pass  31: suminf.    1.08200 (3) obj. 823346 iterations 9
Cbc0038I Pass  32: suminf.    0.46479 (1) obj. 823346 iterations 9
Cbc0038I Pass  33: suminf.    0.48441 (3) obj. 823346 iterations 4
Cbc0038I No solution found this major pass
Cbc0038I Before mini branch and bound, 0 integers at bound fixed and 70 continuous
Cbc0038I Full problem 119 rows 167 columns, reduced to 26 rows 32 columns
Cbc0038I Mini branch and bound improved solution from 823395 to 823212 (0.05 seconds)
Cbc0038I Round again with cutoff of 823193
Cbc0038I Pass  33: suminf.    1.43971 (6) obj. 823193 iterations 3
Cbc0038I Pass  34: suminf.    1.33722 (5) obj. 823193 iterations 1
Cbc0038I Pass  35: suminf.    0.22811 (1) obj. 823193 iterations 16
Cbc0038I Pass  36: suminf.    0.07913 (1) obj. 823193 iterations 1
Cbc0038I Pass  37: suminf.    0.22811 (2) obj. 823193 iterations 15
Cbc0038I Pass  38: suminf.    0.07913 (1) obj. 823193 iterations 4
Cbc0038I Pass  39: suminf.    0.22811 (1) obj. 823193 iterations 1
Cbc0038I Pass  40: suminf.    0.07913 (1) obj. 823193 iterations 9
Cbc0038I Pass  41: suminf.    0.22811 (1) obj. 823193 iterations 1
Cbc0038I Pass  42: suminf.    0.07913 (1) obj. 823193 iterations 1
Cbc0038I Pass  43: suminf.    0.56893 (2) obj. 823193 iterations 5
Cbc0038I Pass  44: suminf.    0.07913 (1) obj. 823193 iterations 1
Cbc0038I Pass  45: suminf.    0.22811 (1) obj. 823193 iterations 1
Cbc0038I Pass  46: suminf.    0.58579 (3) obj. 823193 iterations 3
Cbc0038I Pass  47: suminf.    0.43682 (3) obj. 823193 iterations 1
Cbc0038I Pass  48: suminf.    0.22811 (1) obj. 823193 iterations 3
Cbc0038I Pass  49: suminf.    0.07913 (1) obj. 823193 iterations 1
Cbc0038I Pass  50: suminf.    0.79285 (4) obj. 823193 iterations 12
Cbc0038I Pass  51: suminf.    0.79285 (4) obj. 823193 iterations 1
Cbc0038I Pass  52: suminf.    0.33060 (3) obj. 823193 iterations 7
Cbc0038I Pass  53: suminf.    0.07913 (1) obj. 823193 iterations 6
Cbc0038I Pass  54: suminf.    0.22811 (1) obj. 823193 iterations 1
Cbc0038I Pass  55: suminf.    1.38684 (4) obj. 823193 iterations 10
Cbc0038I Pass  56: suminf.    1.02025 (3) obj. 823193 iterations 1
Cbc0038I Pass  57: suminf.    0.33060 (3) obj. 823193 iterations 5
Cbc0038I Pass  58: suminf.    0.07913 (1) obj. 823193 iterations 3
Cbc0038I Pass  59: suminf.    0.22811 (1) obj. 823193 iterations 1
Cbc0038I Pass  60: suminf.    0.44573 (2) obj. 823193 iterations 5
Cbc0038I Pass  61: suminf.    0.07913 (1) obj. 823193 iterations 1
Cbc0038I Pass  62: suminf.    0.22811 (1) obj. 823193 iterations 1
Cbc0038I No solution found this major pass
Cbc0038I Before mini branch and bound, 4 integers at bound fixed and 72 continuous
Cbc0038I Full problem 119 rows 167 columns, reduced to 26 rows 33 columns
Cbc0038I Mini branch and bound did not improve solution (0.06 seconds)
Cbc0038I After 0.06 seconds - Feasibility pump exiting with objective of 823212 - took 0.05 seconds
Cbc0012I Integer solution of 823211.61 found by feasibility pump after 0 iterations and 0 nodes (0.06 seconds)
Cbc0038I Full problem 119 rows 167 columns, reduced to 95 rows 143 columns - 1 fixed gives 93, 141 - still too large
Cbc0031I 13 added rows had average density of 16.461538
Cbc0013I At root node, 13 cuts changed objective from 823150.38 to 823188.21 in 100 passes
Cbc0014I Cut generator 0 (Probing) - 4 row cuts average 5.0 elements, 0 column cuts (0 active)  in 0.013 seconds - new frequency is -100
Cbc0014I Cut generator 1 (Gomory) - 475 row cuts average 28.4 elements, 0 column cuts (0 active)  in 0.011 seconds - new frequency is 1
Cbc0014I Cut generator 2 (Knapsack) - 0 row cuts average 0.0 elements, 0 column cuts (0 active)  in 0.019 seconds - new frequency is -100
Cbc0014I Cut generator 3 (Clique) - 0 row cuts average 0.0 elements, 0 column cuts (0 active)  in 0.000 seconds - new frequency is -100
Cbc0014I Cut generator 4 (MixedIntegerRounding2) - 20 row cuts average 6.0 elements, 0 column cuts (0 active)  in 0.006 seconds - new frequency is -100
Cbc0014I Cut generator 5 (FlowCover) - 1 row cuts average 5.0 elements, 0 column cuts (0 active)  in 0.024 seconds - new frequency is -100
Cbc0014I Cut generator 6 (TwoMirCuts) - 33 row cuts average 9.3 elements, 0 column cuts (0 active)  in 0.002 seconds - new frequency is -100
Cbc0010I After 0 nodes, 1 on tree, 823211.61 best solution, best possible 823188.22 (0.21 seconds)
Cbc0001I Search completed - best objective 823211.6140266038, took 1288 iterations and 6 nodes (0.22 seconds)
Cbc0032I Strong branching done 30 times (158 iterations), fathomed 3 nodes and fixed 2 variables
Cbc0035I Maximum depth 2, 1 variables fixed on reduced cost
Cuts at root node changed objective from 823150 to 823188
Probing was tried 100 times and created 4 cuts of which 0 were active after adding rounds of cuts (0.013 seconds)
Gomory was tried 116 times and created 497 cuts of which 0 were active after adding rounds of cuts (0.011 seconds)
Knapsack was tried 100 times and created 0 cuts of which 0 were active after adding rounds of cuts (0.019 seconds)
Clique was tried 100 times and created 0 cuts of which 0 were active after adding rounds of cuts (0.000 seconds)
MixedIntegerRounding2 was tried 100 times and created 20 cuts of which 0 were active after adding rounds of cuts (0.006 seconds)
FlowCover was tried 100 times and created 1 cuts of which 0 were active after adding rounds of cuts (0.024 seconds)
TwoMirCuts was tried 100 times and created 33 cuts of which 0 were active after adding rounds of cuts (0.002 seconds)
ZeroHalf was tried 1 times and created 0 cuts of which 0 were active after adding rounds of cuts (0.000 seconds)

Result - Optimal solution found

Objective value:                823211.61402660
Enumerated nodes:               6
Total iterations:               1288
Time (CPU seconds):             0.22
Time (Wallclock seconds):       0.22

Option for printingOptions changed from normal to all
Total time (CPU seconds):       0.24   (Wallclock seconds):       0.24

