Welcome to the CBC MILP Solver 
Version: 2.10.3 
Build Date: Dec 15 2019 

command line - E:\dachuang\.venv\Lib\site-packages\pulp\apis\../solverdir/cbc/win/i64/cbc.exe model.mps -primalTolerance 1e-9 -integerTolerance 1e-9 -ratioGap 0 -allowableGap 0 -threads 0 -branch -printingOptions all -solution solution.txt -saveSolution solution.bin -quit (default strategy 1)
At line 2 NAME          MODEL
At line 3 ROWS
At line 317 COLUMNS
At line 1133 RHS
At line 1446 BOUNDS
At line 1521 ENDATA
Problem MODEL has 312 rows, 241 columns and 647 elements
Coin0008I MODEL read with 0 errors
primalTolerance was changed from 1e-07 to 1e-09
integerTolerance was changed from 1e-07 to 1e-09
ratioGap was changed from 0 to 0
allowableGap was changed from 1e-10 to 0
Continuous objective value is 959506 - 0.00 seconds
Cgl0003I 0 fixed, 0 tightened bounds, 2 strengthened rows, 0 substitutions
Cgl0004I processed model has 119 rows, 167 columns (24 integer (24 of which binary)) and 356 elements
Cbc0038I Initial state - 9 integers unsatisfied sum - 2.4715
Cbc0038I Pass   1: suminf.    0.00000 (0) obj. 1.04766e+06 iterations 15
Cbc0038I Solution found of 1.04766e+06
Cbc0038I Relaxing continuous gives 965785
Cbc0038I Before mini branch and bound, 15 integers at bound fixed and 86 continuous
Cbc0038I Full problem 119 rows 167 columns, reduced to 11 rows 15 columns
Cbc0038I Mini branch and bound improved solution from 965785 to 959871 (0.01 seconds)
Cbc0038I Round again with cutoff of 959835
Cbc0038I Pass   2: suminf.    0.67739 (3) obj. 959835 iterations 15
Cbc0038I Pass   3: suminf.    0.00000 (0) obj. 959835 iterations 9
Cbc0038I Solution found of 959835
Cbc0038I Relaxing continuous gives 959673
Cbc0038I Before mini branch and bound, 14 integers at bound fixed and 83 continuous
Cbc0038I Full problem 119 rows 167 columns, reduced to 14 rows 18 columns
Cbc0038I Mini branch and bound improved solution from 959673 to 959639 (0.01 seconds)
Cbc0038I Round again with cutoff of 959612
Cbc0038I Pass   4: suminf.    0.78955 (4) obj. 959612 iterations 3
Cbc0038I Pass   5: suminf.    0.78200 (3) obj. 959612 iterations 1
Cbc0038I Pass   6: suminf.    0.27401 (3) obj. 959612 iterations 9
Cbc0038I Pass   7: suminf.    0.66821 (3) obj. 959612 iterations 6
Cbc0038I Pass   8: suminf.    0.66821 (2) obj. 959612 iterations 1
Cbc0038I Pass   9: suminf.    0.88763 (3) obj. 959612 iterations 4
Cbc0038I Pass  10: suminf.    0.26945 (2) obj. 959612 iterations 10
Cbc0038I Pass  11: suminf.    0.26190 (1) obj. 959612 iterations 1
Cbc0038I Pass  12: suminf.    0.27401 (3) obj. 959612 iterations 5
Cbc0038I Pass  13: suminf.    0.66821 (3) obj. 959612 iterations 6
Cbc0038I Pass  14: suminf.    0.66821 (2) obj. 959612 iterations 1
Cbc0038I Pass  15: suminf.    0.88763 (3) obj. 959612 iterations 4
Cbc0038I Pass  16: suminf.    1.02931 (4) obj. 959612 iterations 12
Cbc0038I Pass  17: suminf.    0.82960 (2) obj. 959612 iterations 5
Cbc0038I Pass  18: suminf.    0.66821 (2) obj. 959612 iterations 1
Cbc0038I Pass  19: suminf.    0.88763 (3) obj. 959612 iterations 4
Cbc0038I Pass  20: suminf.    2.55759 (9) obj. 959612 iterations 7
Cbc0038I Pass  21: suminf.    1.84847 (7) obj. 959612 iterations 3
Cbc0038I Pass  22: suminf.    0.88763 (3) obj. 959612 iterations 10
Cbc0038I Pass  23: suminf.    0.66821 (2) obj. 959612 iterations 2
Cbc0038I Pass  24: suminf.    0.63249 (3) obj. 959612 iterations 16
Cbc0038I Pass  25: suminf.    0.39249 (2) obj. 959612 iterations 1
Cbc0038I Pass  26: suminf.    0.27401 (3) obj. 959612 iterations 6
Cbc0038I Pass  27: suminf.    0.66821 (3) obj. 959612 iterations 6
Cbc0038I Pass  28: suminf.    0.66821 (2) obj. 959612 iterations 1
Cbc0038I Pass  29: suminf.    0.88763 (3) obj. 959612 iterations 4
Cbc0038I Pass  30: suminf.    1.49429 (6) obj. 959612 iterations 12
Cbc0038I Pass  31: suminf.    1.05294 (5) obj. 959612 iterations 1
Cbc0038I Pass  32: suminf.    0.82960 (2) obj. 959612 iterations 6
Cbc0038I Pass  33: suminf.    0.66821 (2) obj. 959612 iterations 1
Cbc0038I No solution found this major pass
Cbc0038I Before mini branch and bound, 1 integers at bound fixed and 75 continuous
Cbc0038I Full problem 119 rows 167 columns, reduced to 21 rows 26 columns
Cbc0038I Mini branch and bound did not improve solution (0.03 seconds)
Cbc0038I After 0.03 seconds - Feasibility pump exiting with objective of 959639 - took 0.02 seconds
Cbc0012I Integer solution of 959639.03 found by feasibility pump after 0 iterations and 0 nodes (0.03 seconds)
Cbc0038I Full problem 119 rows 167 columns, reduced to 80 rows 128 columns
Cbc0031I 10 added rows had average density of 10.3
Cbc0013I At root node, 10 cuts changed objective from 959506.03 to 959639.03 in 9 passes
Cbc0014I Cut generator 0 (Probing) - 2 row cuts average 2.0 elements, 1 column cuts (1 active)  in 0.000 seconds - new frequency is 1
Cbc0014I Cut generator 1 (Gomory) - 26 row cuts average 14.4 elements, 0 column cuts (0 active)  in 0.001 seconds - new frequency is 1
Cbc0014I Cut generator 2 (Knapsack) - 0 row cuts average 0.0 elements, 0 column cuts (0 active)  in 0.001 seconds - new frequency is -100
Cbc0014I Cut generator 3 (Clique) - 0 row cuts average 0.0 elements, 0 column cuts (0 active)  in 0.000 seconds - new frequency is -100
Cbc0014I Cut generator 4 (MixedIntegerRounding2) - 7 row cuts average 6.9 elements, 0 column cuts (0 active)  in 0.000 seconds - new frequency is 1
Cbc0014I Cut generator 5 (FlowCover) - 0 row cuts average 0.0 elements, 0 column cuts (0 active)  in 0.000 seconds - new frequency is -100
Cbc0014I Cut generator 6 (TwoMirCuts) - 21 row cuts average 9.6 elements, 0 column cuts (0 active)  in 0.001 seconds - new frequency is -100
Cbc0001I Search completed - best objective 959639.0264888124, took 54 iterations and 0 nodes (0.04 seconds)
Cbc0032I Strong branching done 6 times (23 iterations), fathomed 1 nodes and fixed 0 variables
Cbc0035I Maximum depth 0, 1 variables fixed on reduced cost
Cuts at root node changed objective from 959506 to 959639
Probing was tried 9 times and created 3 cuts of which 0 were active after adding rounds of cuts (0.000 seconds)
Gomory was tried 9 times and created 26 cuts of which 0 were active after adding rounds of cuts (0.001 seconds)
Knapsack was tried 9 times and created 0 cuts of which 0 were active after adding rounds of cuts (0.001 seconds)
Clique was tried 9 times and created 0 cuts of which 0 were active after adding rounds of cuts (0.000 seconds)
MixedIntegerRounding2 was tried 9 times and created 7 cuts of which 0 were active after adding rounds of cuts (0.000 seconds)
FlowCover was tried 9 times and created 0 cuts of which 0 were active after adding rounds of cuts (0.000 seconds)
TwoMirCuts was tried 9 times and created 21 cuts of which 0 were active after adding rounds of cuts (0.001 seconds)
ZeroHalf was tried 1 times and created 0 cuts of which 0 were active after adding rounds of cuts (0.000 seconds)

Result - Optimal solution found

Objective value:                959639.02648881
Enumerated nodes:               0
Total iterations:               54
Time (CPU seconds):             0.05
Time (Wallclock seconds):       0.05

Option for printingOptions changed from normal to all
Total time (CPU seconds):       0.07   (Wallclock seconds):       0.07

