Welcome to the CBC MILP Solver 
Version: 2.10.3 
Build Date: Dec 15 2019 

command line - E:\dachuang\.venv\Lib\site-packages\pulp\apis\../solverdir/cbc/win/i64/cbc.exe model.mps -primalTolerance 1e-9 -integerTolerance 1e-9 -ratioGap 0 -allowableGap 0 -threads 0 -branch -printingOptions all -solution solution.txt -saveSolution solution.bin -quit (default strategy 1)
At line 2 NAME          MODEL
At line 3 ROWS
At line 317 COLUMNS
At line 1133 RHS
At line 1446 BOUNDS
At line 1521 ENDATA
Problem MODEL has 312 rows, 241 columns and 647 elements
Coin0008I MODEL read with 0 errors
primalTolerance was changed from 1e-07 to 1e-09
integerTolerance was changed from 1e-07 to 1e-09
ratioGap was changed from 0 to 0
allowableGap was changed from 1e-10 to 0
Continuous objective value is 1.13802e+06 - 0.00 seconds
Cgl0003I 0 fixed, 0 tightened bounds, 2 strengthened rows, 0 substitutions
Cgl0004I processed model has 118 rows, 165 columns (24 integer (24 of which binary)) and 351 elements
Cbc0038I Initial state - 10 integers unsatisfied sum - 3.84345
Cbc0038I Pass   1: suminf.    0.00000 (0) obj. 1.29273e+06 iterations 17
Cbc0038I Solution found of 1.29273e+06
Cbc0038I Relaxing continuous gives 1.28353e+06
Cbc0038I Before mini branch and bound, 14 integers at bound fixed and 87 continuous
Cbc0038I Full problem 118 rows 165 columns, reduced to 14 rows 18 columns
Cbc0038I Mini branch and bound improved solution from 1.28353e+06 to 1.13861e+06 (0.01 seconds)
Cbc0038I Freeing continuous variables gives a solution of 1.13861e+06
Cbc0038I Round again with cutoff of 1.13855e+06
Cbc0038I Pass   2: suminf.    1.08832 (4) obj. 1.13855e+06 iterations 12
Cbc0038I Pass   3: suminf.    0.00000 (0) obj. 1.13855e+06 iterations 11
Cbc0038I Solution found of 1.13855e+06
Cbc0038I Relaxing continuous gives 1.13852e+06
Cbc0038I Before mini branch and bound, 14 integers at bound fixed and 86 continuous
Cbc0038I Full problem 118 rows 165 columns, reduced to 19 rows 26 columns
Cbc0038I Mini branch and bound improved solution from 1.13852e+06 to 1.13829e+06 (0.01 seconds)
Cbc0038I Freeing continuous variables gives a solution of 1.13829e+06
Cbc0038I Round again with cutoff of 1.13824e+06
Cbc0038I Pass   4: suminf.    1.22978 (5) obj. 1.13824e+06 iterations 4
Cbc0038I Pass   5: suminf.    1.16248 (4) obj. 1.13824e+06 iterations 11
Cbc0038I Pass   6: suminf.    0.34540 (2) obj. 1.13824e+06 iterations 10
Cbc0038I Pass   7: suminf.    0.71248 (4) obj. 1.13824e+06 iterations 9
Cbc0038I Pass   8: suminf.    1.14496 (3) obj. 1.13824e+06 iterations 7
Cbc0038I Pass   9: suminf.    0.49581 (3) obj. 1.13824e+06 iterations 1
Cbc0038I Pass  10: suminf.    1.28752 (3) obj. 1.13824e+06 iterations 3
Cbc0038I Pass  11: suminf.    2.27062 (6) obj. 1.13824e+06 iterations 7
Cbc0038I Pass  12: suminf.    2.27062 (6) obj. 1.13824e+06 iterations 1
Cbc0038I Pass  13: suminf.    1.40027 (4) obj. 1.13824e+06 iterations 5
Cbc0038I Pass  14: suminf.    1.07749 (4) obj. 1.13824e+06 iterations 2
Cbc0038I Pass  15: suminf.    1.07749 (4) obj. 1.13824e+06 iterations 1
Cbc0038I Pass  16: suminf.    1.44456 (4) obj. 1.13824e+06 iterations 5
Cbc0038I Pass  17: suminf.    1.44456 (4) obj. 1.13824e+06 iterations 1
Cbc0038I Pass  18: suminf.    1.40027 (4) obj. 1.13824e+06 iterations 3
Cbc0038I Pass  19: suminf.    1.07749 (4) obj. 1.13824e+06 iterations 2
Cbc0038I Pass  20: suminf.    1.07749 (4) obj. 1.13824e+06 iterations 1
Cbc0038I Pass  21: suminf.    1.44456 (4) obj. 1.13824e+06 iterations 5
Cbc0038I Pass  22: suminf.    1.44456 (4) obj. 1.13824e+06 iterations 1
Cbc0038I Pass  23: suminf.    1.40027 (4) obj. 1.13824e+06 iterations 3
Cbc0038I Pass  24: suminf.    1.07749 (4) obj. 1.13824e+06 iterations 2
Cbc0038I Pass  25: suminf.    1.07749 (4) obj. 1.13824e+06 iterations 1
Cbc0038I Pass  26: suminf.    1.44456 (4) obj. 1.13824e+06 iterations 5
Cbc0038I Pass  27: suminf.    1.44456 (4) obj. 1.13824e+06 iterations 1
Cbc0038I Pass  28: suminf.    1.40027 (4) obj. 1.13824e+06 iterations 3
Cbc0038I Pass  29: suminf.    1.07749 (4) obj. 1.13824e+06 iterations 2
Cbc0038I Pass  30: suminf.    1.07749 (4) obj. 1.13824e+06 iterations 1
Cbc0038I Pass  31: suminf.    1.44456 (4) obj. 1.13824e+06 iterations 5
Cbc0038I Pass  32: suminf.    1.44456 (4) obj. 1.13824e+06 iterations 1
Cbc0038I Pass  33: suminf.    1.40027 (4) obj. 1.13824e+06 iterations 3
Cbc0038I No solution found this major pass
Cbc0038I Before mini branch and bound, 12 integers at bound fixed and 86 continuous
Cbc0038I Full problem 118 rows 165 columns, reduced to 21 rows 28 columns
Cbc0038I Mini branch and bound did not improve solution (0.03 seconds)
Cbc0038I After 0.03 seconds - Feasibility pump exiting with objective of 1.13829e+06 - took 0.02 seconds
Cbc0012I Integer solution of 1138289.2 found by feasibility pump after 0 iterations and 0 nodes (0.03 seconds)
Cbc0038I Full problem 118 rows 165 columns, reduced to 79 rows 126 columns
Cbc0012I Integer solution of 1138222.6 found by DiveCoefficient after 916 iterations and 0 nodes (0.17 seconds)
Cbc0031I 13 added rows had average density of 22.076923
Cbc0013I At root node, 13 cuts changed objective from 1138023.6 to 1138221 in 100 passes
Cbc0014I Cut generator 0 (Probing) - 2 row cuts average 2.0 elements, 1 column cuts (1 active)  in 0.012 seconds - new frequency is -100
Cbc0014I Cut generator 1 (Gomory) - 240 row cuts average 36.2 elements, 0 column cuts (0 active)  in 0.011 seconds - new frequency is 1
Cbc0014I Cut generator 2 (Knapsack) - 0 row cuts average 0.0 elements, 0 column cuts (0 active)  in 0.028 seconds - new frequency is -100
Cbc0014I Cut generator 3 (Clique) - 0 row cuts average 0.0 elements, 0 column cuts (0 active)  in 0.001 seconds - new frequency is -100
Cbc0014I Cut generator 4 (MixedIntegerRounding2) - 5 row cuts average 4.2 elements, 0 column cuts (0 active)  in 0.009 seconds - new frequency is -100
Cbc0014I Cut generator 5 (FlowCover) - 0 row cuts average 0.0 elements, 0 column cuts (0 active)  in 0.014 seconds - new frequency is -100
Cbc0014I Cut generator 6 (TwoMirCuts) - 24 row cuts average 12.0 elements, 0 column cuts (0 active)  in 0.004 seconds - new frequency is -100
Cbc0010I After 0 nodes, 1 on tree, 1138222.6 best solution, best possible 1138221 (0.17 seconds)
Cbc0001I Search completed - best objective 1138222.585412747, took 962 iterations and 4 nodes (0.18 seconds)
Cbc0032I Strong branching done 12 times (78 iterations), fathomed 1 nodes and fixed 1 variables
Cbc0035I Maximum depth 1, 0 variables fixed on reduced cost
Cuts at root node changed objective from 1.13802e+06 to 1.13822e+06
Probing was tried 100 times and created 3 cuts of which 0 were active after adding rounds of cuts (0.012 seconds)
Gomory was tried 104 times and created 243 cuts of which 0 were active after adding rounds of cuts (0.011 seconds)
Knapsack was tried 100 times and created 0 cuts of which 0 were active after adding rounds of cuts (0.028 seconds)
Clique was tried 100 times and created 0 cuts of which 0 were active after adding rounds of cuts (0.001 seconds)
MixedIntegerRounding2 was tried 100 times and created 5 cuts of which 0 were active after adding rounds of cuts (0.009 seconds)
FlowCover was tried 100 times and created 0 cuts of which 0 were active after adding rounds of cuts (0.014 seconds)
TwoMirCuts was tried 100 times and created 24 cuts of which 0 were active after adding rounds of cuts (0.004 seconds)
ZeroHalf was tried 1 times and created 0 cuts of which 0 were active after adding rounds of cuts (0.000 seconds)

Result - Optimal solution found

Objective value:                1138222.58541275
Enumerated nodes:               4
Total iterations:               962
Time (CPU seconds):             0.18
Time (Wallclock seconds):       0.18

Option for printingOptions changed from normal to all
Total time (CPU seconds):       0.20   (Wallclock seconds):       0.20

