Welcome to the CBC MILP Solver 
Version: 2.10.3 
Build Date: Dec 15 2019 

command line - E:\dachuang\.venv\Lib\site-packages\pulp\apis\../solverdir/cbc/win/i64/cbc.exe model.mps -primalTolerance 1e-9 -integerTolerance 1e-9 -ratioGap 0 -allowableGap 0 -threads 0 -branch -printingOptions all -solution solution.txt -saveSolution solution.bin -quit (default strategy 1)
At line 2 NAME          MODEL
At line 3 ROWS
At line 317 COLUMNS
At line 1133 RHS
At line 1446 BOUNDS
At line 1521 ENDATA
Problem MODEL has 312 rows, 241 columns and 647 elements
Coin0008I MODEL read with 0 errors
primalTolerance was changed from 1e-07 to 1e-09
integerTolerance was changed from 1e-07 to 1e-09
ratioGap was changed from 0 to 0
allowableGap was changed from 1e-10 to 0
Continuous objective value is 1.29173e+06 - 0.00 seconds
Cgl0003I 0 fixed, 0 tightened bounds, 2 strengthened rows, 0 substitutions
Cgl0004I processed model has 117 rows, 163 columns (24 integer (24 of which binary)) and 346 elements
Cbc0038I Initial state - 10 integers unsatisfied sum - 3.80158
Cbc0038I Pass   1: suminf.    0.00000 (0) obj. 1.43627e+06 iterations 18
Cbc0038I Solution found of 1.43627e+06
Cbc0038I Relaxing continuous gives 1.42768e+06
Cbc0038I Before mini branch and bound, 14 integers at bound fixed and 84 continuous
Cbc0038I Full problem 117 rows 163 columns, reduced to 14 rows 19 columns
Cbc0038I Mini branch and bound improved solution from 1.42768e+06 to 1.29232e+06 (0.01 seconds)
Cbc0038I Round again with cutoff of 1.29226e+06
Cbc0038I Pass   2: suminf.    1.03316 (4) obj. 1.29226e+06 iterations 13
Cbc0038I Pass   3: suminf.    0.00000 (0) obj. 1.29226e+06 iterations 9
Cbc0038I Solution found of 1.29226e+06
Cbc0038I Relaxing continuous gives 1.29223e+06
Cbc0038I Before mini branch and bound, 14 integers at bound fixed and 80 continuous
Cbc0038I Full problem 117 rows 163 columns, reduced to 20 rows 29 columns
Cbc0038I Mini branch and bound improved solution from 1.29223e+06 to 1.292e+06 (0.03 seconds)
Cbc0038I Round again with cutoff of 1.29195e+06
Cbc0038I Pass   4: suminf.    1.19160 (5) obj. 1.29195e+06 iterations 4
Cbc0038I Pass   5: suminf.    1.11156 (4) obj. 1.29195e+06 iterations 9
Cbc0038I Pass   6: suminf.    0.35010 (2) obj. 1.29195e+06 iterations 10
Cbc0038I Pass   7: suminf.    0.69366 (4) obj. 1.29195e+06 iterations 9
Cbc0038I Pass   8: suminf.    1.17618 (3) obj. 1.29195e+06 iterations 7
Cbc0038I Pass   9: suminf.    0.52703 (3) obj. 1.29195e+06 iterations 1
Cbc0038I Pass  10: suminf.    1.30634 (3) obj. 1.29195e+06 iterations 3
Cbc0038I Pass  11: suminf.    1.21237 (6) obj. 1.29195e+06 iterations 6
Cbc0038I Pass  12: suminf.    1.21237 (6) obj. 1.29195e+06 iterations 0
Cbc0038I Pass  13: suminf.    0.65719 (3) obj. 1.29195e+06 iterations 9
Cbc0038I Pass  14: suminf.    2.08451 (6) obj. 1.29195e+06 iterations 21
Cbc0038I Pass  15: suminf.    0.59117 (3) obj. 1.29195e+06 iterations 11
Cbc0038I Pass  16: suminf.    0.59117 (3) obj. 1.29195e+06 iterations 1
Cbc0038I Pass  17: suminf.    0.52703 (3) obj. 1.29195e+06 iterations 8
Cbc0038I Pass  18: suminf.    0.52703 (3) obj. 1.29195e+06 iterations 0
Cbc0038I Pass  19: suminf.    1.30634 (3) obj. 1.29195e+06 iterations 3
Cbc0038I Pass  20: suminf.    1.03098 (5) obj. 1.29195e+06 iterations 3
Cbc0038I Pass  21: suminf.    0.90082 (5) obj. 1.29195e+06 iterations 1
Cbc0038I Pass  22: suminf.    2.39565 (8) obj. 1.29195e+06 iterations 10
Cbc0038I Pass  23: suminf.    2.15565 (7) obj. 1.29195e+06 iterations 2
Cbc0038I Pass  24: suminf.    1.43088 (4) obj. 1.29195e+06 iterations 6
Cbc0038I Pass  25: suminf.    1.13222 (4) obj. 1.29195e+06 iterations 2
Cbc0038I Pass  26: suminf.    1.13222 (4) obj. 1.29195e+06 iterations 1
Cbc0038I Pass  27: suminf.    1.47578 (4) obj. 1.29195e+06 iterations 5
Cbc0038I Pass  28: suminf.    1.47578 (4) obj. 1.29195e+06 iterations 1
Cbc0038I Pass  29: suminf.    1.43088 (4) obj. 1.29195e+06 iterations 3
Cbc0038I Pass  30: suminf.    1.13222 (4) obj. 1.29195e+06 iterations 2
Cbc0038I Pass  31: suminf.    1.13222 (4) obj. 1.29195e+06 iterations 1
Cbc0038I Pass  32: suminf.    1.47578 (4) obj. 1.29195e+06 iterations 5
Cbc0038I Pass  33: suminf.    1.47578 (4) obj. 1.29195e+06 iterations 1
Cbc0038I No solution found this major pass
Cbc0038I Before mini branch and bound, 4 integers at bound fixed and 72 continuous
Cbc0038I Full problem 117 rows 163 columns, reduced to 26 rows 36 columns
Cbc0038I Mini branch and bound improved solution from 1.292e+06 to 1.29196e+06 (0.05 seconds)
Cbc0038I Round again with cutoff of 1.29188e+06
Cbc0038I Pass  33: suminf.    1.42924 (6) obj. 1.29188e+06 iterations 1
Cbc0038I Pass  34: suminf.    1.39125 (5) obj. 1.29188e+06 iterations 5
Cbc0038I Pass  35: suminf.    0.81306 (4) obj. 1.29188e+06 iterations 13
Cbc0038I Pass  36: suminf.    0.78569 (4) obj. 1.29188e+06 iterations 1
Cbc0038I Pass  37: suminf.    1.48608 (4) obj. 1.29188e+06 iterations 5
Cbc0038I Pass  38: suminf.    0.83693 (4) obj. 1.29188e+06 iterations 1
Cbc0038I Pass  39: suminf.    1.14252 (4) obj. 1.29188e+06 iterations 3
Cbc0038I Pass  40: suminf.    0.81306 (4) obj. 1.29188e+06 iterations 1
Cbc0038I Pass  41: suminf.    0.78569 (4) obj. 1.29188e+06 iterations 1
Cbc0038I Pass  42: suminf.    1.48608 (4) obj. 1.29188e+06 iterations 5
Cbc0038I Pass  43: suminf.    0.83693 (4) obj. 1.29188e+06 iterations 1
Cbc0038I Pass  44: suminf.    1.14252 (4) obj. 1.29188e+06 iterations 3
Cbc0038I Pass  45: suminf.    0.81306 (4) obj. 1.29188e+06 iterations 1
Cbc0038I Pass  46: suminf.    0.78569 (4) obj. 1.29188e+06 iterations 1
Cbc0038I Pass  47: suminf.    1.48608 (4) obj. 1.29188e+06 iterations 5
Cbc0038I Pass  48: suminf.    0.83693 (4) obj. 1.29188e+06 iterations 1
Cbc0038I Pass  49: suminf.    1.14252 (4) obj. 1.29188e+06 iterations 3
Cbc0038I Pass  50: suminf.    0.81306 (4) obj. 1.29188e+06 iterations 1
Cbc0038I Pass  51: suminf.    0.78569 (4) obj. 1.29188e+06 iterations 1
Cbc0038I Pass  52: suminf.    1.48608 (4) obj. 1.29188e+06 iterations 5
Cbc0038I Pass  53: suminf.    0.83693 (4) obj. 1.29188e+06 iterations 1
Cbc0038I Pass  54: suminf.    1.14252 (4) obj. 1.29188e+06 iterations 3
Cbc0038I Pass  55: suminf.    0.81306 (4) obj. 1.29188e+06 iterations 1
Cbc0038I Pass  56: suminf.    0.78569 (4) obj. 1.29188e+06 iterations 1
Cbc0038I Pass  57: suminf.    1.48608 (4) obj. 1.29188e+06 iterations 5
Cbc0038I Pass  58: suminf.    0.83693 (4) obj. 1.29188e+06 iterations 1
Cbc0038I Pass  59: suminf.    1.14252 (4) obj. 1.29188e+06 iterations 3
Cbc0038I Pass  60: suminf.    0.81306 (4) obj. 1.29188e+06 iterations 1
Cbc0038I Pass  61: suminf.    0.78569 (4) obj. 1.29188e+06 iterations 1
Cbc0038I Pass  62: suminf.    1.48608 (4) obj. 1.29188e+06 iterations 5
Cbc0038I No solution found this major pass
Cbc0038I Before mini branch and bound, 14 integers at bound fixed and 81 continuous
Cbc0038I Full problem 117 rows 163 columns, reduced to 21 rows 29 columns
Cbc0038I Mini branch and bound did not improve solution (0.06 seconds)
Cbc0038I After 0.06 seconds - Feasibility pump exiting with objective of 1.29196e+06 - took 0.06 seconds
Cbc0012I Integer solution of 1291955.7 found by feasibility pump after 0 iterations and 0 nodes (0.06 seconds)
Cbc0038I Full problem 117 rows 163 columns, reduced to 86 rows 131 columns - 2 fixed gives 82, 127 - ok now
Cbc0038I Full problem 117 rows 163 columns, reduced to 82 rows 127 columns
Cbc0031I 13 added rows had average density of 20.615385
Cbc0013I At root node, 13 cuts changed objective from 1291731 to 1291946.8 in 100 passes
Cbc0014I Cut generator 0 (Probing) - 5 row cuts average 2.0 elements, 1 column cuts (1 active)  in 0.012 seconds - new frequency is -100
Cbc0014I Cut generator 1 (Gomory) - 276 row cuts average 35.9 elements, 0 column cuts (0 active)  in 0.007 seconds - new frequency is 1
Cbc0014I Cut generator 2 (Knapsack) - 0 row cuts average 0.0 elements, 0 column cuts (0 active)  in 0.016 seconds - new frequency is -100
Cbc0014I Cut generator 3 (Clique) - 0 row cuts average 0.0 elements, 0 column cuts (0 active)  in 0.001 seconds - new frequency is -100
Cbc0014I Cut generator 4 (MixedIntegerRounding2) - 8 row cuts average 4.5 elements, 0 column cuts (0 active)  in 0.012 seconds - new frequency is -100
Cbc0014I Cut generator 5 (FlowCover) - 0 row cuts average 0.0 elements, 0 column cuts (0 active)  in 0.022 seconds - new frequency is -100
Cbc0014I Cut generator 6 (TwoMirCuts) - 26 row cuts average 12.4 elements, 0 column cuts (0 active)  in 0.002 seconds - new frequency is -100
Cbc0010I After 0 nodes, 1 on tree, 1291955.7 best solution, best possible 1291946.8 (0.20 seconds)
Cbc0001I Search completed - best objective 1291955.704829439, took 838 iterations and 4 nodes (0.21 seconds)
Cbc0032I Strong branching done 18 times (87 iterations), fathomed 2 nodes and fixed 2 variables
Cbc0035I Maximum depth 1, 0 variables fixed on reduced cost
Cuts at root node changed objective from 1.29173e+06 to 1.29195e+06
Probing was tried 100 times and created 6 cuts of which 0 were active after adding rounds of cuts (0.012 seconds)
Gomory was tried 104 times and created 277 cuts of which 0 were active after adding rounds of cuts (0.007 seconds)
Knapsack was tried 100 times and created 0 cuts of which 0 were active after adding rounds of cuts (0.016 seconds)
Clique was tried 100 times and created 0 cuts of which 0 were active after adding rounds of cuts (0.001 seconds)
MixedIntegerRounding2 was tried 100 times and created 8 cuts of which 0 were active after adding rounds of cuts (0.012 seconds)
FlowCover was tried 100 times and created 0 cuts of which 0 were active after adding rounds of cuts (0.022 seconds)
TwoMirCuts was tried 100 times and created 26 cuts of which 0 were active after adding rounds of cuts (0.002 seconds)
ZeroHalf was tried 1 times and created 0 cuts of which 0 were active after adding rounds of cuts (0.000 seconds)

Result - Optimal solution found

Objective value:                1291955.70482944
Enumerated nodes:               4
Total iterations:               838
Time (CPU seconds):             0.21
Time (Wallclock seconds):       0.21

Option for printingOptions changed from normal to all
Total time (CPU seconds):       0.23   (Wallclock seconds):       0.23

