Welcome to the CBC MILP Solver 
Version: 2.10.3 
Build Date: Dec 15 2019 

command line - E:\dachuang\.venv\Lib\site-packages\pulp\apis\../solverdir/cbc/win/i64/cbc.exe model.mps -primalTolerance 1e-9 -integerTolerance 1e-9 -ratioGap 0 -allowableGap 0 -threads 0 -branch -printingOptions all -solution solution.txt -saveSolution solution.bin -quit (default strategy 1)
At line 2 NAME          MODEL
At line 3 ROWS
At line 317 COLUMNS
At line 1133 RHS
At line 1446 BOUNDS
At line 1521 ENDATA
Problem MODEL has 312 rows, 241 columns and 647 elements
Coin0008I MODEL read with 0 errors
primalTolerance was changed from 1e-07 to 1e-09
integerTolerance was changed from 1e-07 to 1e-09
ratioGap was changed from 0 to 0
allowableGap was changed from 1e-10 to 0
Continuous objective value is 2.03335e+06 - 0.00 seconds
Cgl0003I 0 fixed, 0 tightened bounds, 2 strengthened rows, 0 substitutions
Cgl0004I processed model has 115 rows, 159 columns (24 integer (24 of which binary)) and 336 elements
Cbc0038I Initial state - 11 integers unsatisfied sum - 4.35778
Cbc0038I Pass   1: suminf.    0.00000 (0) obj. 2.25158e+06 iterations 18
Cbc0038I Solution found of 2.25158e+06
Cbc0038I Relaxing continuous gives 2.18078e+06
Cbc0038I Before mini branch and bound, 13 integers at bound fixed and 80 continuous
Cbc0038I Full problem 115 rows 159 columns, reduced to 19 rows 23 columns
Cbc0038I Mini branch and bound improved solution from 2.18078e+06 to 2.03392e+06 (0.01 seconds)
Cbc0038I Round again with cutoff of 2.03387e+06
Cbc0038I Pass   2: suminf.    1.23978 (4) obj. 2.03387e+06 iterations 22
Cbc0038I Pass   3: suminf.    0.00000 (0) obj. 2.03387e+06 iterations 12
Cbc0038I Solution found of 2.03387e+06
Cbc0038I Relaxing continuous gives 2.03386e+06
Cbc0038I Before mini branch and bound, 13 integers at bound fixed and 81 continuous
Cbc0038I Full problem 115 rows 159 columns, reduced to 18 rows 24 columns
Cbc0038I Mini branch and bound improved solution from 2.03386e+06 to 2.03365e+06 (0.02 seconds)
Cbc0038I Freeing continuous variables gives a solution of 2.03365e+06
Cbc0038I Round again with cutoff of 2.03359e+06
Cbc0038I Pass   4: suminf.    1.55564 (5) obj. 2.03359e+06 iterations 3
Cbc0038I Pass   5: suminf.    1.25946 (5) obj. 2.03359e+06 iterations 9
Cbc0038I Pass   6: suminf.    0.53623 (2) obj. 2.03359e+06 iterations 12
Cbc0038I Pass   7: suminf.    0.61416 (3) obj. 2.03359e+06 iterations 8
Cbc0038I Pass   8: suminf.    0.61416 (3) obj. 2.03359e+06 iterations 0
Cbc0038I Pass   9: suminf.    1.18316 (3) obj. 2.03359e+06 iterations 7
Cbc0038I Pass  10: suminf.    0.57021 (3) obj. 2.03359e+06 iterations 1
Cbc0038I Pass  11: suminf.    1.22712 (3) obj. 2.03359e+06 iterations 2
Cbc0038I Pass  12: suminf.    0.60642 (4) obj. 2.03359e+06 iterations 14
Cbc0038I Pass  13: suminf.    0.60642 (4) obj. 2.03359e+06 iterations 0
Cbc0038I Pass  14: suminf.    1.22712 (3) obj. 2.03359e+06 iterations 3
Cbc0038I Pass  15: suminf.    0.61416 (3) obj. 2.03359e+06 iterations 1
Cbc0038I Pass  16: suminf.    1.18316 (3) obj. 2.03359e+06 iterations 7
Cbc0038I Pass  17: suminf.    0.57021 (3) obj. 2.03359e+06 iterations 1
Cbc0038I Pass  18: suminf.    2.08351 (7) obj. 2.03359e+06 iterations 15
Cbc0038I Pass  19: suminf.    0.74940 (4) obj. 2.03359e+06 iterations 3
Cbc0038I Pass  20: suminf.    0.57797 (2) obj. 2.03359e+06 iterations 6
Cbc0038I Pass  21: suminf.    0.61416 (3) obj. 2.03359e+06 iterations 6
Cbc0038I Pass  22: suminf.    1.18316 (3) obj. 2.03359e+06 iterations 7
Cbc0038I Pass  23: suminf.    0.57021 (3) obj. 2.03359e+06 iterations 1
Cbc0038I Pass  24: suminf.    1.22712 (3) obj. 2.03359e+06 iterations 2
Cbc0038I Pass  25: suminf.    1.44561 (5) obj. 2.03359e+06 iterations 10
Cbc0038I Pass  26: suminf.    0.59265 (4) obj. 2.03359e+06 iterations 2
Cbc0038I Pass  27: suminf.    1.22712 (3) obj. 2.03359e+06 iterations 3
Cbc0038I Pass  28: suminf.    0.61416 (3) obj. 2.03359e+06 iterations 1
Cbc0038I Pass  29: suminf.    1.18316 (3) obj. 2.03359e+06 iterations 7
Cbc0038I Pass  30: suminf.    0.57021 (3) obj. 2.03359e+06 iterations 1
Cbc0038I Pass  31: suminf.    1.77052 (5) obj. 2.03359e+06 iterations 14
Cbc0038I Pass  32: suminf.    1.77052 (5) obj. 2.03359e+06 iterations 1
Cbc0038I Pass  33: suminf.    1.48268 (4) obj. 2.03359e+06 iterations 5
Cbc0038I No solution found this major pass
Cbc0038I Before mini branch and bound, 3 integers at bound fixed and 71 continuous
Cbc0038I Full problem 115 rows 159 columns, reduced to 20 rows 25 columns
Cbc0038I Mini branch and bound improved solution from 2.03365e+06 to 2.03364e+06 (0.03 seconds)
Cbc0038I Freeing continuous variables gives a solution of 2.03364e+06
Cbc0038I Round again with cutoff of 2.03352e+06
Cbc0038I Pass  33: suminf.    1.61319 (6) obj. 2.03352e+06 iterations 1
Cbc0038I Pass  34: suminf.    1.59701 (6) obj. 2.03352e+06 iterations 4
Cbc0038I Pass  35: suminf.    0.82031 (4) obj. 2.03352e+06 iterations 14
Cbc0038I Pass  36: suminf.    1.56466 (4) obj. 2.03352e+06 iterations 5
Cbc0038I Pass  37: suminf.    0.95170 (4) obj. 2.03352e+06 iterations 1
Cbc0038I Pass  38: suminf.    1.25909 (4) obj. 2.03352e+06 iterations 4
Cbc0038I Pass  39: suminf.    0.84585 (4) obj. 2.03352e+06 iterations 1
Cbc0038I Pass  40: suminf.    0.82031 (4) obj. 2.03352e+06 iterations 5
Cbc0038I Pass  41: suminf.    1.56466 (4) obj. 2.03352e+06 iterations 5
Cbc0038I Pass  42: suminf.    0.95170 (4) obj. 2.03352e+06 iterations 1
Cbc0038I Pass  43: suminf.    1.25909 (4) obj. 2.03352e+06 iterations 4
Cbc0038I Pass  44: suminf.    0.84585 (4) obj. 2.03352e+06 iterations 1
Cbc0038I Pass  45: suminf.    0.82031 (4) obj. 2.03352e+06 iterations 5
Cbc0038I Pass  46: suminf.    1.56466 (4) obj. 2.03352e+06 iterations 5
Cbc0038I Pass  47: suminf.    0.95170 (4) obj. 2.03352e+06 iterations 1
Cbc0038I Pass  48: suminf.    1.25909 (4) obj. 2.03352e+06 iterations 4
Cbc0038I Pass  49: suminf.    0.84585 (4) obj. 2.03352e+06 iterations 1
Cbc0038I Pass  50: suminf.    0.82031 (4) obj. 2.03352e+06 iterations 5
Cbc0038I Pass  51: suminf.    1.56466 (4) obj. 2.03352e+06 iterations 5
Cbc0038I Pass  52: suminf.    0.95170 (4) obj. 2.03352e+06 iterations 1
Cbc0038I Pass  53: suminf.    1.25909 (4) obj. 2.03352e+06 iterations 4
Cbc0038I Pass  54: suminf.    0.84585 (4) obj. 2.03352e+06 iterations 1
Cbc0038I Pass  55: suminf.    0.82031 (4) obj. 2.03352e+06 iterations 5
Cbc0038I Pass  56: suminf.    1.56466 (4) obj. 2.03352e+06 iterations 5
Cbc0038I Pass  57: suminf.    0.95170 (4) obj. 2.03352e+06 iterations 1
Cbc0038I Pass  58: suminf.    1.25909 (4) obj. 2.03352e+06 iterations 4
Cbc0038I Pass  59: suminf.    0.84585 (4) obj. 2.03352e+06 iterations 1
Cbc0038I Pass  60: suminf.    0.82031 (4) obj. 2.03352e+06 iterations 5
Cbc0038I Pass  61: suminf.    1.56466 (4) obj. 2.03352e+06 iterations 5
Cbc0038I Pass  62: suminf.    0.95170 (4) obj. 2.03352e+06 iterations 1
Cbc0038I No solution found this major pass
Cbc0038I Before mini branch and bound, 13 integers at bound fixed and 81 continuous
Cbc0038I Full problem 115 rows 159 columns, reduced to 20 rows 25 columns
Cbc0038I Mini branch and bound did not improve solution (0.05 seconds)
Cbc0038I After 0.05 seconds - Feasibility pump exiting with objective of 2.03364e+06 - took 0.04 seconds
Cbc0012I Integer solution of 2033640.3 found by feasibility pump after 0 iterations and 0 nodes (0.05 seconds)
Cbc0038I Full problem 115 rows 159 columns, reduced to 79 rows 120 columns
Cbc0031I 14 added rows had average density of 28.142857
Cbc0013I At root node, 14 cuts changed objective from 2033354.9 to 2033598 in 100 passes
Cbc0014I Cut generator 0 (Probing) - 3 row cuts average 2.0 elements, 4 column cuts (4 active)  in 0.012 seconds - new frequency is 1
Cbc0014I Cut generator 1 (Gomory) - 287 row cuts average 54.9 elements, 0 column cuts (0 active)  in 0.009 seconds - new frequency is 1
Cbc0014I Cut generator 2 (Knapsack) - 0 row cuts average 0.0 elements, 0 column cuts (0 active)  in 0.009 seconds - new frequency is -100
Cbc0014I Cut generator 3 (Clique) - 0 row cuts average 0.0 elements, 0 column cuts (0 active)  in 0.001 seconds - new frequency is -100
Cbc0014I Cut generator 4 (MixedIntegerRounding2) - 6 row cuts average 5.0 elements, 0 column cuts (0 active)  in 0.009 seconds - new frequency is -100
Cbc0014I Cut generator 5 (FlowCover) - 1 row cuts average 2.0 elements, 0 column cuts (0 active)  in 0.025 seconds - new frequency is -100
Cbc0014I Cut generator 6 (TwoMirCuts) - 31 row cuts average 19.5 elements, 0 column cuts (0 active)  in 0.003 seconds - new frequency is -100
Cbc0010I After 0 nodes, 1 on tree, 2033640.3 best solution, best possible 2033598 (0.19 seconds)
Cbc0001I Search completed - best objective 2033640.344548451, took 1048 iterations and 6 nodes (0.20 seconds)
Cbc0032I Strong branching done 20 times (109 iterations), fathomed 0 nodes and fixed 3 variables
Cbc0035I Maximum depth 1, 0 variables fixed on reduced cost
Cuts at root node changed objective from 2.03335e+06 to 2.0336e+06
Probing was tried 105 times and created 7 cuts of which 0 were active after adding rounds of cuts (0.012 seconds)
Gomory was tried 105 times and created 289 cuts of which 0 were active after adding rounds of cuts (0.010 seconds)
Knapsack was tried 100 times and created 0 cuts of which 0 were active after adding rounds of cuts (0.009 seconds)
Clique was tried 100 times and created 0 cuts of which 0 were active after adding rounds of cuts (0.001 seconds)
MixedIntegerRounding2 was tried 100 times and created 6 cuts of which 0 were active after adding rounds of cuts (0.009 seconds)
FlowCover was tried 100 times and created 1 cuts of which 0 were active after adding rounds of cuts (0.025 seconds)
TwoMirCuts was tried 100 times and created 31 cuts of which 0 were active after adding rounds of cuts (0.003 seconds)
ZeroHalf was tried 1 times and created 0 cuts of which 0 were active after adding rounds of cuts (0.000 seconds)

Result - Optimal solution found

Objective value:                2033640.34454845
Enumerated nodes:               6
Total iterations:               1048
Time (CPU seconds):             0.20
Time (Wallclock seconds):       0.20

Option for printingOptions changed from normal to all
Total time (CPU seconds):       0.22   (Wallclock seconds):       0.22

