Welcome to the CBC MILP Solver 
Version: 2.10.3 
Build Date: Dec 15 2019 

command line - E:\dachuang\.venv\Lib\site-packages\pulp\apis\../solverdir/cbc/win/i64/cbc.exe model.mps -primalTolerance 1e-9 -integerTolerance 1e-9 -ratioGap 0 -allowableGap 0 -threads 0 -branch -printingOptions all -solution solution.txt -saveSolution solution.bin -quit (default strategy 1)
At line 2 NAME          MODEL
At line 3 ROWS
At line 317 COLUMNS
At line 1133 RHS
At line 1446 BOUNDS
At line 1521 ENDATA
Problem MODEL has 312 rows, 241 columns and 647 elements
Coin0008I MODEL read with 0 errors
primalTolerance was changed from 1e-07 to 1e-09
integerTolerance was changed from 1e-07 to 1e-09
ratioGap was changed from 0 to 0
allowableGap was changed from 1e-10 to 0
Continuous objective value is 2.281e+06 - 0.00 seconds
Cgl0003I 0 fixed, 0 tightened bounds, 2 strengthened rows, 0 substitutions
Cgl0004I processed model has 116 rows, 161 columns (24 integer (24 of which binary)) and 341 elements
Cbc0038I Initial state - 8 integers unsatisfied sum - 2.74242
Cbc0038I Pass   1: suminf.    0.00000 (0) obj. 2.37627e+06 iterations 12
Cbc0038I Solution found of 2.37627e+06
Cbc0038I Relaxing continuous gives 2.28688e+06
Cbc0038I Before mini branch and bound, 16 integers at bound fixed and 94 continuous
Cbc0038I Full problem 116 rows 161 columns, reduced to 14 rows 16 columns
Cbc0038I Mini branch and bound improved solution from 2.28688e+06 to 2.28147e+06 (0.01 seconds)
Cbc0038I Round again with cutoff of 2.28143e+06
Cbc0038I Pass   2: suminf.    0.49636 (2) obj. 2.28143e+06 iterations 5
Cbc0038I Pass   3: suminf.    0.00000 (0) obj. 2.28143e+06 iterations 11
Cbc0038I Solution found of 2.28143e+06
Cbc0038I Relaxing continuous gives 2.28141e+06
Cbc0038I Before mini branch and bound, 16 integers at bound fixed and 90 continuous
Cbc0038I Full problem 116 rows 161 columns, reduced to 18 rows 23 columns
Cbc0038I Mini branch and bound improved solution from 2.28141e+06 to 2.28122e+06 (0.02 seconds)
Cbc0038I Round again with cutoff of 2.28118e+06
Cbc0038I Pass   4: suminf.    1.01099 (3) obj. 2.28118e+06 iterations 5
Cbc0038I Pass   5: suminf.    0.49290 (3) obj. 2.28118e+06 iterations 12
Cbc0038I Pass   6: suminf.    0.37814 (3) obj. 2.28118e+06 iterations 11
Cbc0038I Pass   7: suminf.    0.78039 (4) obj. 2.28118e+06 iterations 13
Cbc0038I Pass   8: suminf.    0.78039 (4) obj. 2.28118e+06 iterations 0
Cbc0038I Pass   9: suminf.    0.38314 (4) obj. 2.28118e+06 iterations 4
Cbc0038I Pass  10: suminf.    0.37814 (3) obj. 2.28118e+06 iterations 4
Cbc0038I Pass  11: suminf.    0.78039 (4) obj. 2.28118e+06 iterations 10
Cbc0038I Pass  12: suminf.    0.78039 (4) obj. 2.28118e+06 iterations 0
Cbc0038I Pass  13: suminf.    0.38314 (4) obj. 2.28118e+06 iterations 4
Cbc0038I Pass  14: suminf.    0.37814 (3) obj. 2.28118e+06 iterations 1
Cbc0038I Pass  15: suminf.    1.59195 (6) obj. 2.28118e+06 iterations 16
Cbc0038I Pass  16: suminf.    1.37849 (6) obj. 2.28118e+06 iterations 1
Cbc0038I Pass  17: suminf.    1.37849 (6) obj. 2.28118e+06 iterations 0
Cbc0038I Pass  18: suminf.    0.59012 (2) obj. 2.28118e+06 iterations 13
Cbc0038I Pass  19: suminf.    0.59012 (2) obj. 2.28118e+06 iterations 0
Cbc0038I Pass  20: suminf.    0.51214 (3) obj. 2.28118e+06 iterations 4
Cbc0038I Pass  21: suminf.    1.30031 (5) obj. 2.28118e+06 iterations 5
Cbc0038I Pass  22: suminf.    1.08686 (5) obj. 2.28118e+06 iterations 1
Cbc0038I Pass  23: suminf.    1.08686 (5) obj. 2.28118e+06 iterations 0
Cbc0038I Pass  24: suminf.    0.59012 (2) obj. 2.28118e+06 iterations 11
Cbc0038I Pass  25: suminf.    0.59012 (2) obj. 2.28118e+06 iterations 0
Cbc0038I Pass  26: suminf.    0.51214 (3) obj. 2.28118e+06 iterations 4
Cbc0038I Pass  27: suminf.    1.10012 (6) obj. 2.28118e+06 iterations 18
Cbc0038I Pass  28: suminf.    0.71894 (3) obj. 2.28118e+06 iterations 4
Cbc0038I Pass  29: suminf.    0.59519 (4) obj. 2.28118e+06 iterations 8
Cbc0038I Pass  30: suminf.    0.46443 (4) obj. 2.28118e+06 iterations 5
Cbc0038I Pass  31: suminf.    0.46443 (4) obj. 2.28118e+06 iterations 0
Cbc0038I Pass  32: suminf.    0.59519 (4) obj. 2.28118e+06 iterations 9
Cbc0038I Pass  33: suminf.    0.84562 (5) obj. 2.28118e+06 iterations 21
Cbc0038I No solution found this major pass
Cbc0038I Before mini branch and bound, 2 integers at bound fixed and 71 continuous
Cbc0038I Full problem 116 rows 161 columns, reduced to 23 rows 30 columns
Cbc0038I Mini branch and bound did not improve solution (0.03 seconds)
Cbc0038I After 0.03 seconds - Feasibility pump exiting with objective of 2.28122e+06 - took 0.02 seconds
Cbc0012I Integer solution of 2281222.1 found by feasibility pump after 0 iterations and 0 nodes (0.03 seconds)
Cbc0038I Full problem 116 rows 161 columns, reduced to 70 rows 113 columns
Cbc0031I 12 added rows had average density of 19.416667
Cbc0013I At root node, 12 cuts changed objective from 2280999.6 to 2281194.2 in 100 passes
Cbc0014I Cut generator 0 (Probing) - 1 row cuts average 2.0 elements, 0 column cuts (0 active)  in 0.007 seconds - new frequency is -100
Cbc0014I Cut generator 1 (Gomory) - 303 row cuts average 34.6 elements, 0 column cuts (0 active)  in 0.008 seconds - new frequency is 1
Cbc0014I Cut generator 2 (Knapsack) - 0 row cuts average 0.0 elements, 0 column cuts (0 active)  in 0.016 seconds - new frequency is -100
Cbc0014I Cut generator 3 (Clique) - 0 row cuts average 0.0 elements, 0 column cuts (0 active)  in 0.003 seconds - new frequency is -100
Cbc0014I Cut generator 4 (MixedIntegerRounding2) - 1 row cuts average 5.0 elements, 0 column cuts (0 active)  in 0.005 seconds - new frequency is -100
Cbc0014I Cut generator 5 (FlowCover) - 0 row cuts average 0.0 elements, 0 column cuts (0 active)  in 0.014 seconds - new frequency is -100
Cbc0014I Cut generator 6 (TwoMirCuts) - 24 row cuts average 10.8 elements, 0 column cuts (0 active)  in 0.007 seconds - new frequency is -100
Cbc0010I After 0 nodes, 1 on tree, 2281222.1 best solution, best possible 2281194.2 (0.16 seconds)
Cbc0001I Search completed - best objective 2281222.074047079, took 891 iterations and 6 nodes (0.17 seconds)
Cbc0032I Strong branching done 16 times (78 iterations), fathomed 0 nodes and fixed 2 variables
Cbc0035I Maximum depth 1, 0 variables fixed on reduced cost
Cuts at root node changed objective from 2.281e+06 to 2.28119e+06
Probing was tried 100 times and created 1 cuts of which 0 were active after adding rounds of cuts (0.007 seconds)
Gomory was tried 120 times and created 338 cuts of which 0 were active after adding rounds of cuts (0.008 seconds)
Knapsack was tried 100 times and created 0 cuts of which 0 were active after adding rounds of cuts (0.016 seconds)
Clique was tried 100 times and created 0 cuts of which 0 were active after adding rounds of cuts (0.003 seconds)
MixedIntegerRounding2 was tried 100 times and created 1 cuts of which 0 were active after adding rounds of cuts (0.005 seconds)
FlowCover was tried 100 times and created 0 cuts of which 0 were active after adding rounds of cuts (0.014 seconds)
TwoMirCuts was tried 100 times and created 24 cuts of which 0 were active after adding rounds of cuts (0.007 seconds)
ZeroHalf was tried 1 times and created 0 cuts of which 0 were active after adding rounds of cuts (0.000 seconds)

Result - Optimal solution found

Objective value:                2281222.07404708
Enumerated nodes:               6
Total iterations:               891
Time (CPU seconds):             0.18
Time (Wallclock seconds):       0.18

Option for printingOptions changed from normal to all
Total time (CPU seconds):       0.20   (Wallclock seconds):       0.20

