Welcome to the CBC MILP Solver 
Version: 2.10.3 
Build Date: Dec 15 2019 

command line - E:\dachuang\.venv\Lib\site-packages\pulp\apis\../solverdir/cbc/win/i64/cbc.exe model.mps -primalTolerance 1e-9 -integerTolerance 1e-9 -ratioGap 0 -allowableGap 0 -threads 0 -branch -printingOptions all -solution solution.txt -saveSolution solution.bin -quit (default strategy 1)
At line 2 NAME          MODEL
At line 3 ROWS
At line 317 COLUMNS
At line 1133 RHS
At line 1446 BOUNDS
At line 1521 ENDATA
Problem MODEL has 312 rows, 241 columns and 647 elements
Coin0008I MODEL read with 0 errors
primalTolerance was changed from 1e-07 to 1e-09
integerTolerance was changed from 1e-07 to 1e-09
ratioGap was changed from 0 to 0
allowableGap was changed from 1e-10 to 0
Continuous objective value is 1.22292e+06 - 0.00 seconds
Cgl0003I 0 fixed, 0 tightened bounds, 2 strengthened rows, 0 substitutions
Cgl0004I processed model has 117 rows, 163 columns (24 integer (24 of which binary)) and 346 elements
Cbc0038I Initial state - 10 integers unsatisfied sum - 3.85629
Cbc0038I Pass   1: suminf.    0.00000 (0) obj. 1.38488e+06 iterations 17
Cbc0038I Solution found of 1.38488e+06
Cbc0038I Relaxing continuous gives 1.37525e+06
Cbc0038I Before mini branch and bound, 14 integers at bound fixed and 84 continuous
Cbc0038I Full problem 117 rows 163 columns, reduced to 14 rows 18 columns
Cbc0038I Mini branch and bound improved solution from 1.37525e+06 to 1.22351e+06 (0.01 seconds)
Cbc0038I Freeing continuous variables gives a solution of 1.22351e+06
Cbc0038I Round again with cutoff of 1.22345e+06
Cbc0038I Pass   2: suminf.    1.12767 (4) obj. 1.22345e+06 iterations 12
Cbc0038I Pass   3: suminf.    0.00000 (0) obj. 1.22345e+06 iterations 11
Cbc0038I Solution found of 1.22345e+06
Cbc0038I Relaxing continuous gives 1.22342e+06
Cbc0038I Before mini branch and bound, 14 integers at bound fixed and 83 continuous
Cbc0038I Full problem 117 rows 163 columns, reduced to 19 rows 26 columns
Cbc0038I Mini branch and bound improved solution from 1.22342e+06 to 1.22319e+06 (0.02 seconds)
Cbc0038I Freeing continuous variables gives a solution of 1.22319e+06
Cbc0038I Round again with cutoff of 1.22314e+06
Cbc0038I Pass   4: suminf.    1.26458 (5) obj. 1.22314e+06 iterations 4
Cbc0038I Pass   5: suminf.    1.20069 (4) obj. 1.22314e+06 iterations 11
Cbc0038I Pass   6: suminf.    0.34414 (2) obj. 1.22314e+06 iterations 10
Cbc0038I Pass   7: suminf.    0.71752 (4) obj. 1.22314e+06 iterations 9
Cbc0038I Pass   8: suminf.    1.15928 (3) obj. 1.22314e+06 iterations 7
Cbc0038I Pass   9: suminf.    0.51013 (3) obj. 1.22314e+06 iterations 1
Cbc0038I Pass  10: suminf.    1.28248 (3) obj. 1.22314e+06 iterations 3
Cbc0038I Pass  11: suminf.    1.18450 (6) obj. 1.22314e+06 iterations 6
Cbc0038I Pass  12: suminf.    1.18450 (6) obj. 1.22314e+06 iterations 0
Cbc0038I Pass  13: suminf.    0.63334 (3) obj. 1.22314e+06 iterations 9
Cbc0038I Pass  14: suminf.    2.15798 (6) obj. 1.22314e+06 iterations 21
Cbc0038I Pass  15: suminf.    1.56627 (5) obj. 1.22314e+06 iterations 2
Cbc0038I Pass  16: suminf.    0.61502 (3) obj. 1.22314e+06 iterations 10
Cbc0038I Pass  17: suminf.    0.61502 (3) obj. 1.22314e+06 iterations 1
Cbc0038I Pass  18: suminf.    0.51013 (3) obj. 1.22314e+06 iterations 8
Cbc0038I Pass  19: suminf.    0.51013 (3) obj. 1.22314e+06 iterations 0
Cbc0038I Pass  20: suminf.    1.28248 (3) obj. 1.22314e+06 iterations 3
Cbc0038I Pass  21: suminf.    1.73890 (5) obj. 1.22314e+06 iterations 5
Cbc0038I Pass  22: suminf.    0.72654 (4) obj. 1.22314e+06 iterations 3
Cbc0038I Pass  23: suminf.    1.28248 (3) obj. 1.22314e+06 iterations 4
Cbc0038I Pass  24: suminf.    0.51013 (3) obj. 1.22314e+06 iterations 2
Cbc0038I Pass  25: suminf.    2.50885 (9) obj. 1.22314e+06 iterations 17
Cbc0038I Pass  26: suminf.    2.26885 (8) obj. 1.22314e+06 iterations 4
Cbc0038I Pass  27: suminf.    1.08550 (4) obj. 1.22314e+06 iterations 9
Cbc0038I Pass  28: suminf.    1.08550 (4) obj. 1.22314e+06 iterations 0
Cbc0038I Pass  29: suminf.    1.45888 (4) obj. 1.22314e+06 iterations 7
Cbc0038I Pass  30: suminf.    1.45888 (4) obj. 1.22314e+06 iterations 1
Cbc0038I Pass  31: suminf.    1.41364 (4) obj. 1.22314e+06 iterations 3
Cbc0038I Pass  32: suminf.    1.08550 (4) obj. 1.22314e+06 iterations 2
Cbc0038I Pass  33: suminf.    1.08550 (4) obj. 1.22314e+06 iterations 1
Cbc0038I No solution found this major pass
Cbc0038I Before mini branch and bound, 2 integers at bound fixed and 71 continuous
Cbc0038I Full problem 117 rows 163 columns, reduced to 26 rows 36 columns
Cbc0038I Mini branch and bound improved solution from 1.22319e+06 to 1.22312e+06 (0.03 seconds)
Cbc0038I Freeing continuous variables gives a solution of 1.22312e+06
Cbc0038I Round again with cutoff of 1.22306e+06
Cbc0038I Pass  33: suminf.    1.55619 (6) obj. 1.22306e+06 iterations 2
Cbc0038I Pass  34: suminf.    1.52173 (6) obj. 1.22306e+06 iterations 5
Cbc0038I Pass  35: suminf.    1.07086 (4) obj. 1.22306e+06 iterations 12
Cbc0038I Pass  36: suminf.    1.51262 (4) obj. 1.22306e+06 iterations 5
Cbc0038I Pass  37: suminf.    0.86347 (4) obj. 1.22306e+06 iterations 1
Cbc0038I Pass  38: suminf.    1.13924 (4) obj. 1.22306e+06 iterations 3
Cbc0038I Pass  39: suminf.    0.83503 (4) obj. 1.22306e+06 iterations 1
Cbc0038I Pass  40: suminf.    0.81222 (4) obj. 1.22306e+06 iterations 1
Cbc0038I Pass  41: suminf.    1.51262 (4) obj. 1.22306e+06 iterations 5
Cbc0038I Pass  42: suminf.    0.86347 (4) obj. 1.22306e+06 iterations 1
Cbc0038I Pass  43: suminf.    1.13924 (4) obj. 1.22306e+06 iterations 3
Cbc0038I Pass  44: suminf.    0.83503 (4) obj. 1.22306e+06 iterations 1
Cbc0038I Pass  45: suminf.    0.81222 (4) obj. 1.22306e+06 iterations 1
Cbc0038I Pass  46: suminf.    1.51262 (4) obj. 1.22306e+06 iterations 5
Cbc0038I Pass  47: suminf.    0.86347 (4) obj. 1.22306e+06 iterations 1
Cbc0038I Pass  48: suminf.    1.13924 (4) obj. 1.22306e+06 iterations 3
Cbc0038I Pass  49: suminf.    0.83503 (4) obj. 1.22306e+06 iterations 1
Cbc0038I Pass  50: suminf.    0.81222 (4) obj. 1.22306e+06 iterations 1
Cbc0038I Pass  51: suminf.    1.51262 (4) obj. 1.22306e+06 iterations 5
Cbc0038I Pass  52: suminf.    0.86347 (4) obj. 1.22306e+06 iterations 1
Cbc0038I Pass  53: suminf.    1.13924 (4) obj. 1.22306e+06 iterations 3
Cbc0038I Pass  54: suminf.    0.83503 (4) obj. 1.22306e+06 iterations 1
Cbc0038I Pass  55: suminf.    0.81222 (4) obj. 1.22306e+06 iterations 1
Cbc0038I Pass  56: suminf.    1.51262 (4) obj. 1.22306e+06 iterations 5
Cbc0038I Pass  57: suminf.    0.86347 (4) obj. 1.22306e+06 iterations 1
Cbc0038I Pass  58: suminf.    1.13924 (4) obj. 1.22306e+06 iterations 3
Cbc0038I Pass  59: suminf.    0.83503 (4) obj. 1.22306e+06 iterations 1
Cbc0038I Pass  60: suminf.    0.81222 (4) obj. 1.22306e+06 iterations 1
Cbc0038I Pass  61: suminf.    1.51262 (4) obj. 1.22306e+06 iterations 5
Cbc0038I Pass  62: suminf.    0.86347 (4) obj. 1.22306e+06 iterations 1
Cbc0038I No solution found this major pass
Cbc0038I Before mini branch and bound, 14 integers at bound fixed and 84 continuous
Cbc0038I Full problem 117 rows 163 columns, reduced to 20 rows 26 columns
Cbc0038I Mini branch and bound did not improve solution (0.04 seconds)
Cbc0038I After 0.04 seconds - Feasibility pump exiting with objective of 1.22312e+06 - took 0.03 seconds
Cbc0012I Integer solution of 1223120.3 found by feasibility pump after 0 iterations and 0 nodes (0.04 seconds)
Cbc0038I Full problem 117 rows 163 columns, reduced to 86 rows 131 columns - 2 fixed gives 82, 127 - ok now
Cbc0038I Full problem 117 rows 163 columns, reduced to 82 rows 127 columns
Cbc0031I 14 added rows had average density of 21.928571
Cbc0013I At root node, 14 cuts changed objective from 1222924 to 1223119.1 in 100 passes
Cbc0014I Cut generator 0 (Probing) - 10 row cuts average 2.0 elements, 1 column cuts (1 active)  in 0.011 seconds - new frequency is -100
Cbc0014I Cut generator 1 (Gomory) - 294 row cuts average 37.7 elements, 0 column cuts (0 active)  in 0.007 seconds - new frequency is 1
Cbc0014I Cut generator 2 (Knapsack) - 0 row cuts average 0.0 elements, 0 column cuts (0 active)  in 0.025 seconds - new frequency is -100
Cbc0014I Cut generator 3 (Clique) - 0 row cuts average 0.0 elements, 0 column cuts (0 active)  in 0.000 seconds - new frequency is -100
Cbc0014I Cut generator 4 (MixedIntegerRounding2) - 14 row cuts average 4.7 elements, 0 column cuts (0 active)  in 0.010 seconds - new frequency is -100
Cbc0014I Cut generator 5 (FlowCover) - 0 row cuts average 0.0 elements, 0 column cuts (0 active)  in 0.019 seconds - new frequency is -100
Cbc0014I Cut generator 6 (TwoMirCuts) - 24 row cuts average 12.0 elements, 0 column cuts (0 active)  in 0.004 seconds - new frequency is -100
Cbc0010I After 0 nodes, 1 on tree, 1223120.3 best solution, best possible 1223119.1 (0.18 seconds)
Cbc0001I Search completed - best objective 1223120.287965941, took 891 iterations and 2 nodes (0.18 seconds)
Cbc0032I Strong branching done 14 times (69 iterations), fathomed 2 nodes and fixed 1 variables
Cbc0035I Maximum depth 0, 0 variables fixed on reduced cost
Cuts at root node changed objective from 1.22292e+06 to 1.22312e+06
Probing was tried 100 times and created 11 cuts of which 0 were active after adding rounds of cuts (0.011 seconds)
Gomory was tried 102 times and created 294 cuts of which 0 were active after adding rounds of cuts (0.007 seconds)
Knapsack was tried 100 times and created 0 cuts of which 0 were active after adding rounds of cuts (0.025 seconds)
Clique was tried 100 times and created 0 cuts of which 0 were active after adding rounds of cuts (0.000 seconds)
MixedIntegerRounding2 was tried 100 times and created 14 cuts of which 0 were active after adding rounds of cuts (0.010 seconds)
FlowCover was tried 100 times and created 0 cuts of which 0 were active after adding rounds of cuts (0.019 seconds)
TwoMirCuts was tried 100 times and created 24 cuts of which 0 were active after adding rounds of cuts (0.004 seconds)
ZeroHalf was tried 1 times and created 0 cuts of which 0 were active after adding rounds of cuts (0.000 seconds)

Result - Optimal solution found

Objective value:                1223120.28796594
Enumerated nodes:               2
Total iterations:               891
Time (CPU seconds):             0.19
Time (Wallclock seconds):       0.19

Option for printingOptions changed from normal to all
Total time (CPU seconds):       0.21   (Wallclock seconds):       0.21

