Welcome to the CBC MILP Solver 
Version: 2.10.3 
Build Date: Dec 15 2019 

command line - E:\dachuang\.venv\Lib\site-packages\pulp\apis\../solverdir/cbc/win/i64/cbc.exe model.mps -primalTolerance 1e-9 -integerTolerance 1e-9 -ratioGap 0 -allowableGap 0 -threads 0 -branch -printingOptions all -solution solution.txt -saveSolution solution.bin -quit (default strategy 1)
At line 2 NAME          MODEL
At line 3 ROWS
At line 317 COLUMNS
At line 1133 RHS
At line 1446 BOUNDS
At line 1521 ENDATA
Problem MODEL has 312 rows, 241 columns and 647 elements
Coin0008I MODEL read with 0 errors
primalTolerance was changed from 1e-07 to 1e-09
integerTolerance was changed from 1e-07 to 1e-09
ratioGap was changed from 0 to 0
allowableGap was changed from 1e-10 to 0
Continuous objective value is 952576 - 0.00 seconds
Cgl0003I 0 fixed, 0 tightened bounds, 2 strengthened rows, 0 substitutions
Cgl0004I processed model has 119 rows, 167 columns (24 integer (24 of which binary)) and 356 elements
Cbc0038I Initial state - 6 integers unsatisfied sum - 1.64181
Cbc0038I Pass   1: suminf.    0.00000 (0) obj. 964879 iterations 10
Cbc0038I Solution found of 964879
Cbc0038I Relaxing continuous gives 953565
Cbc0038I Before mini branch and bound, 18 integers at bound fixed and 92 continuous
Cbc0038I Full problem 119 rows 167 columns, reduced to 7 rows 9 columns
Cbc0038I Mini branch and bound improved solution from 953565 to 952941 (0.01 seconds)
Cbc0038I Round again with cutoff of 952905
Cbc0038I Pass   2: suminf.    0.22617 (2) obj. 952905 iterations 15
Cbc0038I Pass   3: suminf.    0.00000 (0) obj. 952905 iterations 8
Cbc0038I Solution found of 952905
Cbc0038I Relaxing continuous gives 952784
Cbc0038I Before mini branch and bound, 17 integers at bound fixed and 87 continuous
Cbc0038I Full problem 119 rows 167 columns, reduced to 14 rows 18 columns
Cbc0038I Mini branch and bound improved solution from 952784 to 952709 (0.02 seconds)
Cbc0038I Round again with cutoff of 952682
Cbc0038I Pass   4: suminf.    0.52305 (3) obj. 952682 iterations 3
Cbc0038I Pass   5: suminf.    0.50650 (2) obj. 952682 iterations 1
Cbc0038I Pass   6: suminf.    0.46871 (3) obj. 952682 iterations 8
Cbc0038I Pass   7: suminf.    1.03419 (3) obj. 952682 iterations 6
Cbc0038I Pass   8: suminf.    1.08079 (3) obj. 952682 iterations 4
Cbc0038I Pass   9: suminf.    1.08079 (3) obj. 952682 iterations 12
Cbc0038I Pass  10: suminf.    0.11459 (2) obj. 952682 iterations 7
Cbc0038I Pass  11: suminf.    0.23162 (2) obj. 952682 iterations 9
Cbc0038I Pass  12: suminf.    0.21881 (3) obj. 952682 iterations 2
Cbc0038I Pass  13: suminf.    0.78584 (2) obj. 952682 iterations 5
Cbc0038I Pass  14: suminf.    0.78584 (2) obj. 952682 iterations 3
Cbc0038I Pass  15: suminf.    0.84017 (3) obj. 952682 iterations 11
Cbc0038I Pass  16: suminf.    0.21881 (3) obj. 952682 iterations 8
Cbc0038I Pass  17: suminf.    0.78584 (2) obj. 952682 iterations 6
Cbc0038I Pass  18: suminf.    0.78584 (2) obj. 952682 iterations 3
Cbc0038I Pass  19: suminf.    1.26066 (4) obj. 952682 iterations 7
Cbc0038I Pass  20: suminf.    0.21881 (3) obj. 952682 iterations 9
Cbc0038I Pass  21: suminf.    0.78584 (2) obj. 952682 iterations 6
Cbc0038I Pass  22: suminf.    0.78584 (2) obj. 952682 iterations 3
Cbc0038I Pass  23: suminf.    1.66174 (6) obj. 952682 iterations 15
Cbc0038I Pass  24: suminf.    1.43256 (5) obj. 952682 iterations 1
Cbc0038I Pass  25: suminf.    1.03573 (3) obj. 952682 iterations 11
Cbc0038I Pass  26: suminf.    1.03573 (3) obj. 952682 iterations 0
Cbc0038I Pass  27: suminf.    1.08079 (3) obj. 952682 iterations 4
Cbc0038I Pass  28: suminf.    1.03419 (3) obj. 952682 iterations 3
Cbc0038I Pass  29: suminf.    1.08079 (3) obj. 952682 iterations 4
Cbc0038I Pass  30: suminf.    1.88668 (7) obj. 952682 iterations 12
Cbc0038I Pass  31: suminf.    1.61091 (6) obj. 952682 iterations 4
Cbc0038I Pass  32: suminf.    1.08079 (3) obj. 952682 iterations 7
Cbc0038I Pass  33: suminf.    1.03419 (3) obj. 952682 iterations 3
Cbc0038I No solution found this major pass
Cbc0038I Before mini branch and bound, 2 integers at bound fixed and 78 continuous
Cbc0038I Full problem 119 rows 167 columns, reduced to 17 rows 22 columns
Cbc0038I Mini branch and bound did not improve solution (0.03 seconds)
Cbc0038I After 0.03 seconds - Feasibility pump exiting with objective of 952709 - took 0.02 seconds
Cbc0012I Integer solution of 952708.94 found by feasibility pump after 0 iterations and 0 nodes (0.03 seconds)
Cbc0038I Full problem 119 rows 167 columns, reduced to 71 rows 119 columns
Cbc0031I 8 added rows had average density of 8.875
Cbc0013I At root node, 24 cuts changed objective from 952575.94 to 952708.94 in 5 passes
Cbc0014I Cut generator 0 (Probing) - 2 row cuts average 2.0 elements, 2 column cuts (2 active)  in 0.001 seconds - new frequency is 1
Cbc0014I Cut generator 1 (Gomory) - 18 row cuts average 12.9 elements, 0 column cuts (0 active)  in 0.002 seconds - new frequency is 1
Cbc0014I Cut generator 2 (Knapsack) - 0 row cuts average 0.0 elements, 0 column cuts (0 active)  in 0.001 seconds - new frequency is -100
Cbc0014I Cut generator 3 (Clique) - 0 row cuts average 0.0 elements, 0 column cuts (0 active)  in 0.000 seconds - new frequency is -100
Cbc0014I Cut generator 4 (MixedIntegerRounding2) - 4 row cuts average 5.5 elements, 0 column cuts (0 active)  in 0.000 seconds - new frequency is 1
Cbc0014I Cut generator 5 (FlowCover) - 0 row cuts average 0.0 elements, 0 column cuts (0 active)  in 0.000 seconds - new frequency is -100
Cbc0014I Cut generator 6 (TwoMirCuts) - 18 row cuts average 9.1 elements, 0 column cuts (0 active)  in 0.000 seconds - new frequency is -100
Cbc0001I Search completed - best objective 952708.9364230158, took 39 iterations and 0 nodes (0.04 seconds)
Cbc0035I Maximum depth 0, 0 variables fixed on reduced cost
Cuts at root node changed objective from 952576 to 952709
Probing was tried 5 times and created 4 cuts of which 0 were active after adding rounds of cuts (0.001 seconds)
Gomory was tried 5 times and created 18 cuts of which 0 were active after adding rounds of cuts (0.002 seconds)
Knapsack was tried 5 times and created 0 cuts of which 0 were active after adding rounds of cuts (0.001 seconds)
Clique was tried 5 times and created 0 cuts of which 0 were active after adding rounds of cuts (0.000 seconds)
MixedIntegerRounding2 was tried 5 times and created 4 cuts of which 0 were active after adding rounds of cuts (0.000 seconds)
FlowCover was tried 5 times and created 0 cuts of which 0 were active after adding rounds of cuts (0.000 seconds)
TwoMirCuts was tried 5 times and created 18 cuts of which 0 were active after adding rounds of cuts (0.000 seconds)
ZeroHalf was tried 1 times and created 0 cuts of which 0 were active after adding rounds of cuts (0.000 seconds)

Result - Optimal solution found

Objective value:                952708.93642302
Enumerated nodes:               0
Total iterations:               39
Time (CPU seconds):             0.05
Time (Wallclock seconds):       0.05

Option for printingOptions changed from normal to all
Total time (CPU seconds):       0.07   (Wallclock seconds):       0.07

