Welcome to the CBC MILP Solver 
Version: 2.10.3 
Build Date: Dec 15 2019 

command line - E:\dachuang\.venv\Lib\site-packages\pulp\apis\../solverdir/cbc/win/i64/cbc.exe model.mps -primalTolerance 1e-9 -integerTolerance 1e-9 -ratioGap 0 -allowableGap 0 -threads 0 -branch -printingOptions all -solution solution.txt -saveSolution solution.bin -quit (default strategy 1)
At line 2 NAME          MODEL
At line 3 ROWS
At line 317 COLUMNS
At line 1133 RHS
At line 1446 BOUNDS
At line 1521 ENDATA
Problem MODEL has 312 rows, 241 columns and 647 elements
Coin0008I MODEL read with 0 errors
primalTolerance was changed from 1e-07 to 1e-09
integerTolerance was changed from 1e-07 to 1e-09
ratioGap was changed from 0 to 0
allowableGap was changed from 1e-10 to 0
Continuous objective value is 1.02414e+06 - 0.00 seconds
Cgl0003I 0 fixed, 0 tightened bounds, 3 strengthened rows, 0 substitutions
Cgl0004I processed model has 119 rows, 167 columns (24 integer (24 of which binary)) and 356 elements
Cbc0038I Initial state - 8 integers unsatisfied sum - 3.10919
Cbc0038I Pass   1: suminf.    0.00000 (0) obj. 1.04039e+06 iterations 16
Cbc0038I Solution found of 1.04039e+06
Cbc0038I Relaxing continuous gives 1.0292e+06
Cbc0038I Before mini branch and bound, 16 integers at bound fixed and 88 continuous
Cbc0038I Full problem 119 rows 167 columns, reduced to 11 rows 14 columns
Cbc0038I Mini branch and bound improved solution from 1.0292e+06 to 1.02462e+06 (0.01 seconds)
Cbc0038I Round again with cutoff of 1.02457e+06
Cbc0038I Pass   2: suminf.    0.94311 (3) obj. 1.02457e+06 iterations 15
Cbc0038I Pass   3: suminf.    0.55928 (2) obj. 1.02457e+06 iterations 1
Cbc0038I Pass   4: suminf.    0.19729 (1) obj. 1.02457e+06 iterations 9
Cbc0038I Solution found of 1.02457e+06
Cbc0038I Relaxing continuous gives 1.02455e+06
Cbc0038I Before mini branch and bound, 14 integers at bound fixed and 85 continuous
Cbc0038I Full problem 119 rows 167 columns, reduced to 14 rows 18 columns
Cbc0038I Mini branch and bound improved solution from 1.02455e+06 to 1.02441e+06 (0.01 seconds)
Cbc0038I Round again with cutoff of 1.02436e+06
Cbc0038I Pass   5: suminf.    1.61599 (5) obj. 1.02436e+06 iterations 4
Cbc0038I Pass   6: suminf.    0.58302 (4) obj. 1.02436e+06 iterations 2
Cbc0038I Pass   7: suminf.    0.46698 (3) obj. 1.02436e+06 iterations 15
Cbc0038I Pass   8: suminf.    0.46698 (2) obj. 1.02436e+06 iterations 2
Cbc0038I Pass   9: suminf.    0.22102 (3) obj. 1.02436e+06 iterations 4
Cbc0038I Pass  10: suminf.    0.71167 (2) obj. 1.02436e+06 iterations 8
Cbc0038I Pass  11: suminf.    0.36448 (2) obj. 1.02436e+06 iterations 5
Cbc0038I Pass  12: suminf.    0.22102 (3) obj. 1.02436e+06 iterations 6
Cbc0038I Pass  13: suminf.    0.46698 (3) obj. 1.02436e+06 iterations 12
Cbc0038I Pass  14: suminf.    0.46698 (2) obj. 1.02436e+06 iterations 2
Cbc0038I Pass  15: suminf.    1.01691 (4) obj. 1.02436e+06 iterations 14
Cbc0038I Pass  16: suminf.    1.01691 (4) obj. 1.02436e+06 iterations 0
Cbc0038I Pass  17: suminf.    0.22102 (2) obj. 1.02436e+06 iterations 4
Cbc0038I Pass  18: suminf.    0.46698 (2) obj. 1.02436e+06 iterations 8
Cbc0038I Pass  19: suminf.    1.37319 (5) obj. 1.02436e+06 iterations 7
Cbc0038I Pass  20: suminf.    0.22102 (2) obj. 1.02436e+06 iterations 5
Cbc0038I Pass  21: suminf.    0.46698 (2) obj. 1.02436e+06 iterations 6
Cbc0038I Pass  22: suminf.    0.81005 (3) obj. 1.02436e+06 iterations 15
Cbc0038I Pass  23: suminf.    0.81005 (3) obj. 1.02436e+06 iterations 0
Cbc0038I Pass  24: suminf.    0.22102 (2) obj. 1.02436e+06 iterations 5
Cbc0038I Pass  25: suminf.    0.46698 (2) obj. 1.02436e+06 iterations 6
Cbc0038I Pass  26: suminf.    1.58071 (7) obj. 1.02436e+06 iterations 15
Cbc0038I Pass  27: suminf.    0.22102 (2) obj. 1.02436e+06 iterations 7
Cbc0038I Pass  28: suminf.    0.46698 (2) obj. 1.02436e+06 iterations 6
Cbc0038I Pass  29: suminf.    0.78727 (3) obj. 1.02436e+06 iterations 22
Cbc0038I Pass  30: suminf.    0.63816 (2) obj. 1.02436e+06 iterations 4
Cbc0038I Pass  31: suminf.    0.63816 (2) obj. 1.02436e+06 iterations 3
Cbc0038I Pass  32: suminf.    0.85482 (3) obj. 1.02436e+06 iterations 17
Cbc0038I Solution found of 1.02436e+06
Cbc0038I Relaxing continuous gives 1.02435e+06
Cbc0038I Before mini branch and bound, 1 integers at bound fixed and 69 continuous
Cbc0038I Full problem 119 rows 167 columns, reduced to 29 rows 39 columns
Cbc0038I Mini branch and bound improved solution from 1.02435e+06 to 1.02428e+06 (0.03 seconds)
Cbc0038I Round again with cutoff of 1.02424e+06
Cbc0038I Pass  33: suminf.    2.16327 (6) obj. 1.02424e+06 iterations 1
Cbc0038I Pass  34: suminf.    1.13030 (5) obj. 1.02424e+06 iterations 2
Cbc0038I Pass  35: suminf.    0.95196 (4) obj. 1.02424e+06 iterations 13
Cbc0038I Pass  36: suminf.    0.74697 (3) obj. 1.02424e+06 iterations 1
Cbc0038I Pass  37: suminf.    0.76831 (4) obj. 1.02424e+06 iterations 4
Cbc0038I Pass  38: suminf.    0.76831 (4) obj. 1.02424e+06 iterations 0
Cbc0038I Pass  39: suminf.    0.87903 (5) obj. 1.02424e+06 iterations 6
Cbc0038I Pass  40: suminf.    0.76831 (4) obj. 1.02424e+06 iterations 1
Cbc0038I Pass  41: suminf.    0.95196 (4) obj. 1.02424e+06 iterations 9
Cbc0038I Pass  42: suminf.    0.74697 (3) obj. 1.02424e+06 iterations 1
Cbc0038I Pass  43: suminf.    0.76831 (4) obj. 1.02424e+06 iterations 4
Cbc0038I Pass  44: suminf.    0.76831 (4) obj. 1.02424e+06 iterations 1
Cbc0038I Pass  45: suminf.    0.76831 (4) obj. 1.02424e+06 iterations 0
Cbc0038I Pass  46: suminf.    0.95196 (4) obj. 1.02424e+06 iterations 9
Cbc0038I Pass  47: suminf.    0.74697 (3) obj. 1.02424e+06 iterations 1
Cbc0038I Pass  48: suminf.    0.76831 (4) obj. 1.02424e+06 iterations 4
Cbc0038I Pass  49: suminf.    0.94950 (5) obj. 1.02424e+06 iterations 11
Cbc0038I Pass  50: suminf.    0.83879 (4) obj. 1.02424e+06 iterations 1
Cbc0038I Pass  51: suminf.    0.75726 (4) obj. 1.02424e+06 iterations 10
Cbc0038I Pass  52: suminf.    0.73877 (4) obj. 1.02424e+06 iterations 1
Cbc0038I Pass  53: suminf.    0.96302 (4) obj. 1.02424e+06 iterations 5
Cbc0038I Pass  54: suminf.    0.75802 (3) obj. 1.02424e+06 iterations 1
Cbc0038I Pass  55: suminf.    0.75802 (3) obj. 1.02424e+06 iterations 6
Cbc0038I Pass  56: suminf.    0.75802 (3) obj. 1.02424e+06 iterations 0
Cbc0038I Pass  57: suminf.    0.75726 (4) obj. 1.02424e+06 iterations 9
Cbc0038I Pass  58: suminf.    0.73877 (4) obj. 1.02424e+06 iterations 1
Cbc0038I Pass  59: suminf.    0.96302 (4) obj. 1.02424e+06 iterations 5
Cbc0038I Pass  60: suminf.    0.75802 (3) obj. 1.02424e+06 iterations 1
Cbc0038I Pass  61: suminf.    0.75802 (3) obj. 1.02424e+06 iterations 3
Cbc0038I Pass  62: suminf.    0.75726 (4) obj. 1.02424e+06 iterations 7
Cbc0038I No solution found this major pass
Cbc0038I Before mini branch and bound, 5 integers at bound fixed and 72 continuous
Cbc0038I Full problem 119 rows 167 columns, reduced to 25 rows 33 columns
Cbc0038I Mini branch and bound did not improve solution (0.04 seconds)
Cbc0038I After 0.04 seconds - Feasibility pump exiting with objective of 1.02428e+06 - took 0.04 seconds
Cbc0012I Integer solution of 1024280.3 found by feasibility pump after 0 iterations and 0 nodes (0.04 seconds)
Cbc0038I Full problem 119 rows 167 columns, reduced to 90 rows 138 columns - 2 fixed gives 85, 133 - still too large
Cbc0038I Full problem 119 rows 167 columns, reduced to 85 rows 133 columns - too large
Cbc0031I 13 added rows had average density of 23.461538
Cbc0013I At root node, 13 cuts changed objective from 1024160.1 to 1024249.3 in 100 passes
Cbc0014I Cut generator 0 (Probing) - 4 row cuts average 5.0 elements, 0 column cuts (0 active)  in 0.009 seconds - new frequency is -100
Cbc0014I Cut generator 1 (Gomory) - 497 row cuts average 31.8 elements, 0 column cuts (0 active)  in 0.012 seconds - new frequency is 1
Cbc0014I Cut generator 2 (Knapsack) - 0 row cuts average 0.0 elements, 0 column cuts (0 active)  in 0.020 seconds - new frequency is -100
Cbc0014I Cut generator 3 (Clique) - 0 row cuts average 0.0 elements, 0 column cuts (0 active)  in 0.000 seconds - new frequency is -100
Cbc0014I Cut generator 4 (MixedIntegerRounding2) - 13 row cuts average 5.4 elements, 0 column cuts (0 active)  in 0.011 seconds - new frequency is -100
Cbc0014I Cut generator 5 (FlowCover) - 0 row cuts average 0.0 elements, 0 column cuts (0 active)  in 0.015 seconds - new frequency is -100
Cbc0014I Cut generator 6 (TwoMirCuts) - 29 row cuts average 12.4 elements, 0 column cuts (0 active)  in 0.002 seconds - new frequency is -100
Cbc0010I After 0 nodes, 1 on tree, 1024280.3 best solution, best possible 1024249.3 (0.19 seconds)
Cbc0001I Search completed - best objective 1024280.257516642, took 1456 iterations and 6 nodes (0.20 seconds)
Cbc0032I Strong branching done 36 times (197 iterations), fathomed 3 nodes and fixed 3 variables
Cbc0035I Maximum depth 2, 0 variables fixed on reduced cost
Cuts at root node changed objective from 1.02416e+06 to 1.02425e+06
Probing was tried 100 times and created 4 cuts of which 0 were active after adding rounds of cuts (0.009 seconds)
Gomory was tried 118 times and created 525 cuts of which 0 were active after adding rounds of cuts (0.012 seconds)
Knapsack was tried 100 times and created 0 cuts of which 0 were active after adding rounds of cuts (0.020 seconds)
Clique was tried 100 times and created 0 cuts of which 0 were active after adding rounds of cuts (0.000 seconds)
MixedIntegerRounding2 was tried 100 times and created 13 cuts of which 0 were active after adding rounds of cuts (0.011 seconds)
FlowCover was tried 100 times and created 0 cuts of which 0 were active after adding rounds of cuts (0.015 seconds)
TwoMirCuts was tried 100 times and created 29 cuts of which 0 were active after adding rounds of cuts (0.002 seconds)
ZeroHalf was tried 1 times and created 0 cuts of which 0 were active after adding rounds of cuts (0.000 seconds)

Result - Optimal solution found

Objective value:                1024280.25751664
Enumerated nodes:               6
Total iterations:               1456
Time (CPU seconds):             0.20
Time (Wallclock seconds):       0.20

Option for printingOptions changed from normal to all
Total time (CPU seconds):       0.23   (Wallclock seconds):       0.23

