Welcome to the CBC MILP Solver 
Version: 2.10.3 
Build Date: Dec 15 2019 

command line - E:\dachuang\.venv\Lib\site-packages\pulp\apis\../solverdir/cbc/win/i64/cbc.exe model.mps -primalTolerance 1e-9 -integerTolerance 1e-9 -ratioGap 0 -allowableGap 0 -threads 0 -branch -printingOptions all -solution solution.txt -saveSolution solution.bin -quit (default strategy 1)
At line 2 NAME          MODEL
At line 3 ROWS
At line 317 COLUMNS
At line 1133 RHS
At line 1446 BOUNDS
At line 1521 ENDATA
Problem MODEL has 312 rows, 241 columns and 647 elements
Coin0008I MODEL read with 0 errors
primalTolerance was changed from 1e-07 to 1e-09
integerTolerance was changed from 1e-07 to 1e-09
ratioGap was changed from 0 to 0
allowableGap was changed from 1e-10 to 0
Continuous objective value is 2.83871e+06 - 0.00 seconds
Cgl0003I 0 fixed, 0 tightened bounds, 2 strengthened rows, 0 substitutions
Cgl0004I processed model has 114 rows, 157 columns (24 integer (24 of which binary)) and 331 elements
Cbc0038I Initial state - 8 integers unsatisfied sum - 2.7838
Cbc0038I Pass   1: suminf.    0.00000 (0) obj. 2.94128e+06 iterations 11
Cbc0038I Solution found of 2.94128e+06
Cbc0038I Relaxing continuous gives 2.87395e+06
Cbc0038I Before mini branch and bound, 16 integers at bound fixed and 91 continuous
Cbc0038I Full problem 114 rows 157 columns, reduced to 8 rows 10 columns
Cbc0038I Mini branch and bound improved solution from 2.87395e+06 to 2.83918e+06 (0.01 seconds)
Cbc0038I Freeing continuous variables gives a solution of 2.83918e+06
Cbc0038I Round again with cutoff of 2.83914e+06
Cbc0038I Pass   2: suminf.    0.51883 (2) obj. 2.83914e+06 iterations 9
Cbc0038I Pass   3: suminf.    0.04095 (1) obj. 2.83914e+06 iterations 9
Cbc0038I Pass   4: suminf.    0.00000 (0) obj. 2.83914e+06 iterations 2
Cbc0038I Solution found of 2.83914e+06
Cbc0038I Relaxing continuous gives 2.83902e+06
Cbc0038I Before mini branch and bound, 16 integers at bound fixed and 89 continuous
Cbc0038I Full problem 114 rows 157 columns, reduced to 14 rows 18 columns
Cbc0038I Mini branch and bound improved solution from 2.83902e+06 to 2.83895e+06 (0.02 seconds)
Cbc0038I Freeing continuous variables gives a solution of 2.83895e+06
Cbc0038I Round again with cutoff of 2.8389e+06
Cbc0038I Pass   5: suminf.    1.10463 (3) obj. 2.8389e+06 iterations 7
Cbc0038I Pass   6: suminf.    0.81267 (3) obj. 2.8389e+06 iterations 11
Cbc0038I Pass   7: suminf.    0.52356 (2) obj. 2.8389e+06 iterations 3
Cbc0038I Pass   8: suminf.    0.49857 (2) obj. 2.8389e+06 iterations 4
Cbc0038I Pass   9: suminf.    0.20946 (1) obj. 2.8389e+06 iterations 3
Cbc0038I Pass  10: suminf.    0.20946 (1) obj. 2.8389e+06 iterations 7
Cbc0038I Pass  11: suminf.    0.49857 (2) obj. 2.8389e+06 iterations 3
Cbc0038I Pass  12: suminf.    0.20946 (1) obj. 2.8389e+06 iterations 3
Cbc0038I Pass  13: suminf.    0.20946 (1) obj. 2.8389e+06 iterations 6
Cbc0038I Pass  14: suminf.    0.49857 (2) obj. 2.8389e+06 iterations 3
Cbc0038I Pass  15: suminf.    0.20946 (1) obj. 2.8389e+06 iterations 3
Cbc0038I Pass  16: suminf.    1.22144 (5) obj. 2.8389e+06 iterations 10
Cbc0038I Pass  17: suminf.    1.22144 (4) obj. 2.8389e+06 iterations 1
Cbc0038I Pass  18: suminf.    0.66198 (2) obj. 2.8389e+06 iterations 12
Cbc0038I Pass  19: suminf.    0.59007 (2) obj. 2.8389e+06 iterations 3
Cbc0038I Pass  20: suminf.    0.59007 (2) obj. 2.8389e+06 iterations 7
Cbc0038I Pass  21: suminf.    0.66198 (2) obj. 2.8389e+06 iterations 10
Cbc0038I Pass  22: suminf.    0.59007 (2) obj. 2.8389e+06 iterations 3
Cbc0038I Pass  23: suminf.    1.41025 (6) obj. 2.8389e+06 iterations 26
Cbc0038I Pass  24: suminf.    1.17025 (5) obj. 2.8389e+06 iterations 1
Cbc0038I Pass  25: suminf.    0.95351 (4) obj. 2.8389e+06 iterations 10
Cbc0038I Pass  26: suminf.    0.95351 (4) obj. 2.8389e+06 iterations 0
Cbc0038I Pass  27: suminf.    0.85616 (4) obj. 2.8389e+06 iterations 3
Cbc0038I Pass  28: suminf.    0.85616 (4) obj. 2.8389e+06 iterations 0
Cbc0038I Pass  29: suminf.    1.09616 (5) obj. 2.8389e+06 iterations 13
Cbc0038I Pass  30: suminf.    0.85616 (4) obj. 2.8389e+06 iterations 1
Cbc0038I Pass  31: suminf.    0.95351 (4) obj. 2.8389e+06 iterations 9
Cbc0038I Pass  32: suminf.    0.95351 (4) obj. 2.8389e+06 iterations 0
Cbc0038I Pass  33: suminf.    0.85616 (4) obj. 2.8389e+06 iterations 3
Cbc0038I Pass  34: suminf.    1.22144 (5) obj. 2.8389e+06 iterations 9
Cbc0038I No solution found this major pass
Cbc0038I Before mini branch and bound, 0 integers at bound fixed and 71 continuous
Cbc0038I Full problem 114 rows 157 columns, reduced to 21 rows 27 columns
Cbc0038I Mini branch and bound did not improve solution (0.03 seconds)
Cbc0038I After 0.03 seconds - Feasibility pump exiting with objective of 2.83895e+06 - took 0.02 seconds
Cbc0012I Integer solution of 2838952.4 found by feasibility pump after 0 iterations and 0 nodes (0.03 seconds)
Cbc0038I Full problem 114 rows 157 columns, reduced to 68 rows 107 columns
Cbc0031I 9 added rows had average density of 14.666667
Cbc0013I At root node, 9 cuts changed objective from 2838709.3 to 2838952.1 in 16 passes
Cbc0014I Cut generator 0 (Probing) - 2 row cuts average 2.0 elements, 2 column cuts (2 active)  in 0.001 seconds - new frequency is 1
Cbc0014I Cut generator 1 (Gomory) - 38 row cuts average 23.9 elements, 0 column cuts (0 active)  in 0.001 seconds - new frequency is 1
Cbc0014I Cut generator 2 (Knapsack) - 0 row cuts average 0.0 elements, 0 column cuts (0 active)  in 0.001 seconds - new frequency is -100
Cbc0014I Cut generator 3 (Clique) - 0 row cuts average 0.0 elements, 0 column cuts (0 active)  in 0.000 seconds - new frequency is -100
Cbc0014I Cut generator 4 (MixedIntegerRounding2) - 2 row cuts average 4.5 elements, 0 column cuts (0 active)  in 0.002 seconds - new frequency is -100
Cbc0014I Cut generator 5 (FlowCover) - 1 row cuts average 2.0 elements, 0 column cuts (0 active)  in 0.002 seconds - new frequency is -100
Cbc0014I Cut generator 6 (TwoMirCuts) - 23 row cuts average 14.5 elements, 0 column cuts (0 active)  in 0.003 seconds - new frequency is -100
Cbc0001I Search completed - best objective 2838952.379417735, took 78 iterations and 0 nodes (0.06 seconds)
Cbc0032I Strong branching done 4 times (19 iterations), fathomed 1 nodes and fixed 0 variables
Cbc0035I Maximum depth 0, 0 variables fixed on reduced cost
Cuts at root node changed objective from 2.83871e+06 to 2.83895e+06
Probing was tried 16 times and created 4 cuts of which 0 were active after adding rounds of cuts (0.001 seconds)
Gomory was tried 16 times and created 38 cuts of which 0 were active after adding rounds of cuts (0.001 seconds)
Knapsack was tried 16 times and created 0 cuts of which 0 were active after adding rounds of cuts (0.001 seconds)
Clique was tried 16 times and created 0 cuts of which 0 were active after adding rounds of cuts (0.000 seconds)
MixedIntegerRounding2 was tried 16 times and created 2 cuts of which 0 were active after adding rounds of cuts (0.002 seconds)
FlowCover was tried 16 times and created 1 cuts of which 0 were active after adding rounds of cuts (0.002 seconds)
TwoMirCuts was tried 16 times and created 23 cuts of which 0 were active after adding rounds of cuts (0.003 seconds)
ZeroHalf was tried 1 times and created 0 cuts of which 0 were active after adding rounds of cuts (0.000 seconds)

Result - Optimal solution found

Objective value:                2838952.37941773
Enumerated nodes:               0
Total iterations:               78
Time (CPU seconds):             0.06
Time (Wallclock seconds):       0.06

Option for printingOptions changed from normal to all
Total time (CPU seconds):       0.09   (Wallclock seconds):       0.09

